====TEST CR(18, 3, 6)====
Is IST_0 spanning? : True
Is IST_1 spanning? : True
Is IST_2 spanning? : True
Is IST_3 spanning? : True
Is IST_4 spanning? : True
Is IST_5 spanning? : True
Are all ISTs independent? : True

====TEST CR(19, 3, 6)====
Is IST_0 spanning? : True
Is IST_1 spanning? : True
Is IST_2 spanning? : True
Is IST_3 spanning? : True
Is IST_4 spanning? : True
Is IST_5 spanning? : True
Are all ISTs independent? : True

====TEST CR(20, 3, 6)====
Is IST_0 spanning? : True
Is IST_1 spanning? : True
Is IST_2 spanning? : True
Is IST_3 spanning? : True
Is IST_4 spanning? : True
Is IST_5 spanning? : True
Are all ISTs independent? : True

====TEST CR(21, 3, 6)====
Is IST_0 spanning? : True
Is IST_1 spanning? : True
Is IST_2 spanning? : True
Is IST_3 spanning? : True
Is IST_4 spanning? : True
Is IST_5 spanning? : True
Are all ISTs independent? : True

====TEST CR(22, 3, 6)====
Is IST_0 spanning? : True
Is IST_1 spanning? : True
Is IST_2 spanning? : True
Is IST_3 spanning? : True
Is IST_4 spanning? : True
Is IST_5 spanning? : True
Are all ISTs independent? : True

====TEST CR(23, 3, 6)====
Is IST_0 spanning? : True
Is IST_1 spanning? : True
Is IST_2 spanning? : True
Is IST_3 spanning? : True
Is IST_4 spanning? : True
Is IST_5 spanning? : True
Are all ISTs independent? : True

====TEST CR(24, 3, 6)====
Is IST_0 spanning? : True
Is IST_1 spanning? : True
Is IST_2 spanning? : True
Is IST_3 spanning? : True
Is IST_4 spanning? : True
Is IST_5 spanning? : True
Are all ISTs independent? : True

====TEST CR(25, 3, 6)====
Is IST_0 spanning? : True
Is IST_1 spanning? : True
Is IST_2 spanning? : True
Is IST_3 spanning? : True
Is IST_4 spanning? : True
Is IST_5 spanning? : True
Are all ISTs independent? : True

====TEST CR(26, 3, 6)====
Is IST_0 spanning? : True
Is IST_1 spanning? : True
Is IST_2 spanning? : True
Is IST_3 spanning? : True
Is IST_4 spanning? : True
Is IST_5 spanning? : True
Are all ISTs independent? : True

====TEST CR(27, 3, 6)====
Is IST_0 spanning? : True
Is IST_1 spanning? : True
Is IST_2 spanning? : True
Is IST_3 spanning? : True
Is IST_4 spanning? : True
Is IST_5 spanning? : True
Are all ISTs independent? : True

====TEST CR(28, 3, 6)====
Is IST_0 spanning? : True
Is IST_1 spanning? : True
Is IST_2 spanning? : True
Is IST_3 spanning? : True
Is IST_4 spanning? : True
Is IST_5 spanning? : True
Are all ISTs independent? : True

====TEST CR(29, 3, 6)====
Is IST_0 spanning? : True
Is IST_1 spanning? : True
Is IST_2 spanning? : True
Is IST_3 spanning? : True
Is IST_4 spanning? : True
Is IST_5 spanning? : True
Are all ISTs independent? : True

====TEST CR(30, 3, 6)====
Is IST_0 spanning? : True
Is IST_1 spanning? : True
Is IST_2 spanning? : True
Is IST_3 spanning? : True
Is IST_4 spanning? : True
Is IST_5 spanning? : True
Are all ISTs independent? : True

====TEST CR(31, 3, 6)====
Is IST_0 spanning? : True
Is IST_1 spanning? : True
Is IST_2 spanning? : True
Is IST_3 spanning? : True
Is IST_4 spanning? : True
Is IST_5 spanning? : True
Are all ISTs independent? : True

====TEST CR(32, 3, 6)====
Is IST_0 spanning? : True
Is IST_1 spanning? : True
Is IST_2 spanning? : True
Is IST_3 spanning? : True
Is IST_4 spanning? : True
Is IST_5 spanning? : True
Are all ISTs independent? : True

====TEST CR(33, 3, 6)====
Is IST_0 spanning? : True
Is IST_1 spanning? : True
Is IST_2 spanning? : True
Is IST_3 spanning? : True
Is IST_4 spanning? : True
Is IST_5 spanning? : True
Are all ISTs independent? : True

====TEST CR(34, 3, 6)====
Is IST_0 spanning? : True
Is IST_1 spanning? : True
Is IST_2 spanning? : True
Is IST_3 spanning? : True
Is IST_4 spanning? : True
Is IST_5 spanning? : True
Are all ISTs independent? : True

====TEST CR(35, 3, 6)====
Is IST_0 spanning? : True
Is IST_1 spanning? : True
Is IST_2 spanning? : True
Is IST_3 spanning? : True
Is IST_4 spanning? : True
Is IST_5 spanning? : True
Are all ISTs independent? : True

====TEST CR(36, 3, 6)====
Is IST_0 spanning? : True
Is IST_1 spanning? : True
Is IST_2 spanning? : True
Is IST_3 spanning? : True
Is IST_4 spanning? : True
Is IST_5 spanning? : True
Are all ISTs independent? : True

====TEST CR(37, 3, 6)====
Is IST_0 spanning? : True
Is IST_1 spanning? : True
Is IST_2 spanning? : True
Is IST_3 spanning? : True
Is IST_4 spanning? : True
Is IST_5 spanning? : True
Are all ISTs independent? : True

====TEST CR(38, 3, 6)====
Is IST_0 spanning? : True
Is IST_1 spanning? : True
Is IST_2 spanning? : True
Is IST_3 spanning? : True
Is IST_4 spanning? : True
Is IST_5 spanning? : True
Are all ISTs independent? : True

====TEST CR(39, 3, 6)====
Is IST_0 spanning? : True
Is IST_1 spanning? : True
Is IST_2 spanning? : True
Is IST_3 spanning? : True
Is IST_4 spanning? : True
Is IST_5 spanning? : True
Are all ISTs independent? : True

====TEST CR(40, 3, 6)====
Is IST_0 spanning? : True
Is IST_1 spanning? : True
Is IST_2 spanning? : True
Is IST_3 spanning? : True
Is IST_4 spanning? : True
Is IST_5 spanning? : True
Are all ISTs independent? : True

====TEST CR(41, 3, 6)====
Is IST_0 spanning? : True
Is IST_1 spanning? : True
Is IST_2 spanning? : True
Is IST_3 spanning? : True
Is IST_4 spanning? : True
Is IST_5 spanning? : True
Are all ISTs independent? : True

====TEST CR(42, 3, 6)====
Is IST_0 spanning? : True
Is IST_1 spanning? : True
Is IST_2 spanning? : True
Is IST_3 spanning? : True
Is IST_4 spanning? : True
Is IST_5 spanning? : True
Are all ISTs independent? : True

====TEST CR(43, 3, 6)====
Is IST_0 spanning? : True
Is IST_1 spanning? : True
Is IST_2 spanning? : True
Is IST_3 spanning? : True
Is IST_4 spanning? : True
Is IST_5 spanning? : True
Are all ISTs independent? : True

====TEST CR(44, 3, 6)====
Is IST_0 spanning? : True
Is IST_1 spanning? : True
Is IST_2 spanning? : True
Is IST_3 spanning? : True
Is IST_4 spanning? : True
Is IST_5 spanning? : True
Are all ISTs independent? : True

====TEST CR(45, 3, 6)====
Is IST_0 spanning? : True
Is IST_1 spanning? : True
Is IST_2 spanning? : True
Is IST_3 spanning? : True
Is IST_4 spanning? : True
Is IST_5 spanning? : True
Are all ISTs independent? : True

====TEST CR(46, 3, 6)====
Is IST_0 spanning? : True
Is IST_1 spanning? : True
Is IST_2 spanning? : True
Is IST_3 spanning? : True
Is IST_4 spanning? : True
Is IST_5 spanning? : True
Are all ISTs independent? : True

====TEST CR(47, 3, 6)====
Is IST_0 spanning? : True
Is IST_1 spanning? : True
Is IST_2 spanning? : True
Is IST_3 spanning? : True
Is IST_4 spanning? : True
Is IST_5 spanning? : True
Are all ISTs independent? : True

====TEST CR(48, 3, 6)====
Is IST_0 spanning? : True
Is IST_1 spanning? : True
Is IST_2 spanning? : True
Is IST_3 spanning? : True
Is IST_4 spanning? : True
Is IST_5 spanning? : True
Are all ISTs independent? : True

====TEST CR(49, 3, 6)====
Is IST_0 spanning? : True
Is IST_1 spanning? : True
Is IST_2 spanning? : True
Is IST_3 spanning? : True
Is IST_4 spanning? : True
Is IST_5 spanning? : True
Are all ISTs independent? : True

====TEST CR(50, 3, 6)====
Is IST_0 spanning? : True
Is IST_1 spanning? : True
Is IST_2 spanning? : True
Is IST_3 spanning? : True
Is IST_4 spanning? : True
Is IST_5 spanning? : True
Are all ISTs independent? : True

====TEST CR(51, 3, 6)====
Is IST_0 spanning? : True
Is IST_1 spanning? : True
Is IST_2 spanning? : True
Is IST_3 spanning? : True
Is IST_4 spanning? : True
Is IST_5 spanning? : True
Are all ISTs independent? : True

====TEST CR(52, 3, 6)====
Is IST_0 spanning? : True
Is IST_1 spanning? : True
Is IST_2 spanning? : True
Is IST_3 spanning? : True
Is IST_4 spanning? : True
Is IST_5 spanning? : True
Are all ISTs independent? : True

====TEST CR(53, 3, 6)====
Is IST_0 spanning? : True
Is IST_1 spanning? : True
Is IST_2 spanning? : True
Is IST_3 spanning? : True
Is IST_4 spanning? : True
Is IST_5 spanning? : True
Are all ISTs independent? : True

====TEST CR(54, 3, 6)====
Is IST_0 spanning? : True
Is IST_1 spanning? : True
Is IST_2 spanning? : True
Is IST_3 spanning? : True
Is IST_4 spanning? : True
Is IST_5 spanning? : True
Are all ISTs independent? : True

====TEST CR(55, 3, 6)====
Is IST_0 spanning? : True
Is IST_1 spanning? : True
Is IST_2 spanning? : True
Is IST_3 spanning? : True
Is IST_4 spanning? : True
Is IST_5 spanning? : True
Are all ISTs independent? : True

====TEST CR(56, 3, 6)====
Is IST_0 spanning? : True
Is IST_1 spanning? : True
Is IST_2 spanning? : True
Is IST_3 spanning? : True
Is IST_4 spanning? : True
Is IST_5 spanning? : True
Are all ISTs independent? : True

====TEST CR(57, 3, 6)====
Is IST_0 spanning? : True
Is IST_1 spanning? : True
Is IST_2 spanning? : True
Is IST_3 spanning? : True
Is IST_4 spanning? : True
Is IST_5 spanning? : True
Are all ISTs independent? : True

====TEST CR(58, 3, 6)====
Is IST_0 spanning? : True
Is IST_1 spanning? : True
Is IST_2 spanning? : True
Is IST_3 spanning? : True
Is IST_4 spanning? : True
Is IST_5 spanning? : True
Are all ISTs independent? : True

====TEST CR(59, 3, 6)====
Is IST_0 spanning? : True
Is IST_1 spanning? : True
Is IST_2 spanning? : True
Is IST_3 spanning? : True
Is IST_4 spanning? : True
Is IST_5 spanning? : True
Are all ISTs independent? : True

====TEST CR(60, 3, 6)====
Is IST_0 spanning? : True
Is IST_1 spanning? : True
Is IST_2 spanning? : True
Is IST_3 spanning? : True
Is IST_4 spanning? : True
Is IST_5 spanning? : True
Are all ISTs independent? : True

====TEST CR(61, 3, 6)====
Is IST_0 spanning? : True
Is IST_1 spanning? : True
Is IST_2 spanning? : True
Is IST_3 spanning? : True
Is IST_4 spanning? : True
Is IST_5 spanning? : True
Are all ISTs independent? : True

====TEST CR(62, 3, 6)====
Is IST_0 spanning? : True
Is IST_1 spanning? : True
Is IST_2 spanning? : True
Is IST_3 spanning? : True
Is IST_4 spanning? : True
Is IST_5 spanning? : True
Are all ISTs independent? : True

====TEST CR(63, 3, 6)====
Is IST_0 spanning? : True
Is IST_1 spanning? : True
Is IST_2 spanning? : True
Is IST_3 spanning? : True
Is IST_4 spanning? : True
Is IST_5 spanning? : True
Are all ISTs independent? : True

====TEST CR(64, 3, 6)====
Is IST_0 spanning? : True
Is IST_1 spanning? : True
Is IST_2 spanning? : True
Is IST_3 spanning? : True
Is IST_4 spanning? : True
Is IST_5 spanning? : True
Are all ISTs independent? : True

====TEST CR(65, 3, 6)====
Is IST_0 spanning? : True
Is IST_1 spanning? : True
Is IST_2 spanning? : True
Is IST_3 spanning? : True
Is IST_4 spanning? : True
Is IST_5 spanning? : True
Are all ISTs independent? : True

====TEST CR(66, 3, 6)====
Is IST_0 spanning? : True
Is IST_1 spanning? : True
Is IST_2 spanning? : True
Is IST_3 spanning? : True
Is IST_4 spanning? : True
Is IST_5 spanning? : True
Are all ISTs independent? : True

====TEST CR(67, 3, 6)====
Is IST_0 spanning? : True
Is IST_1 spanning? : True
Is IST_2 spanning? : True
Is IST_3 spanning? : True
Is IST_4 spanning? : True
Is IST_5 spanning? : True
Are all ISTs independent? : True

====TEST CR(68, 3, 6)====
Is IST_0 spanning? : True
Is IST_1 spanning? : True
Is IST_2 spanning? : True
Is IST_3 spanning? : True
Is IST_4 spanning? : True
Is IST_5 spanning? : True
Are all ISTs independent? : True

====TEST CR(69, 3, 6)====
Is IST_0 spanning? : True
Is IST_1 spanning? : True
Is IST_2 spanning? : True
Is IST_3 spanning? : True
Is IST_4 spanning? : True
Is IST_5 spanning? : True
Are all ISTs independent? : True

====TEST CR(70, 3, 6)====
Is IST_0 spanning? : True
Is IST_1 spanning? : True
Is IST_2 spanning? : True
Is IST_3 spanning? : True
Is IST_4 spanning? : True
Is IST_5 spanning? : True
Are all ISTs independent? : True

====TEST CR(71, 3, 6)====
Is IST_0 spanning? : True
Is IST_1 spanning? : True
Is IST_2 spanning? : True
Is IST_3 spanning? : True
Is IST_4 spanning? : True
Is IST_5 spanning? : True
Are all ISTs independent? : True

====TEST CR(72, 3, 6)====
Is IST_0 spanning? : True
Is IST_1 spanning? : True
Is IST_2 spanning? : True
Is IST_3 spanning? : True
Is IST_4 spanning? : True
Is IST_5 spanning? : True
Are all ISTs independent? : True

====TEST CR(73, 3, 6)====
Is IST_0 spanning? : True
Is IST_1 spanning? : True
Is IST_2 spanning? : True
Is IST_3 spanning? : True
Is IST_4 spanning? : True
Is IST_5 spanning? : True
Are all ISTs independent? : True

====TEST CR(74, 3, 6)====
Is IST_0 spanning? : True
Is IST_1 spanning? : True
Is IST_2 spanning? : True
Is IST_3 spanning? : True
Is IST_4 spanning? : True
Is IST_5 spanning? : True
Are all ISTs independent? : True

====TEST CR(75, 3, 6)====
Is IST_0 spanning? : True
Is IST_1 spanning? : True
Is IST_2 spanning? : True
Is IST_3 spanning? : True
Is IST_4 spanning? : True
Is IST_5 spanning? : True
Are all ISTs independent? : True

====TEST CR(76, 3, 6)====
Is IST_0 spanning? : True
Is IST_1 spanning? : True
Is IST_2 spanning? : True
Is IST_3 spanning? : True
Is IST_4 spanning? : True
Is IST_5 spanning? : True
Are all ISTs independent? : True

====TEST CR(77, 3, 6)====
Is IST_0 spanning? : True
Is IST_1 spanning? : True
Is IST_2 spanning? : True
Is IST_3 spanning? : True
Is IST_4 spanning? : True
Is IST_5 spanning? : True
Are all ISTs independent? : True

====TEST CR(78, 3, 6)====
Is IST_0 spanning? : True
Is IST_1 spanning? : True
Is IST_2 spanning? : True
Is IST_3 spanning? : True
Is IST_4 spanning? : True
Is IST_5 spanning? : True
Are all ISTs independent? : True

====TEST CR(79, 3, 6)====
Is IST_0 spanning? : True
Is IST_1 spanning? : True
Is IST_2 spanning? : True
Is IST_3 spanning? : True
Is IST_4 spanning? : True
Is IST_5 spanning? : True
Are all ISTs independent? : True

====TEST CR(80, 3, 6)====
Is IST_0 spanning? : True
Is IST_1 spanning? : True
Is IST_2 spanning? : True
Is IST_3 spanning? : True
Is IST_4 spanning? : True
Is IST_5 spanning? : True
Are all ISTs independent? : True

====TEST CR(81, 3, 6)====
Is IST_0 spanning? : True
Is IST_1 spanning? : True
Is IST_2 spanning? : True
Is IST_3 spanning? : True
Is IST_4 spanning? : True
Is IST_5 spanning? : True
Are all ISTs independent? : True

====TEST CR(82, 3, 6)====
Is IST_0 spanning? : True
Is IST_1 spanning? : True
Is IST_2 spanning? : True
Is IST_3 spanning? : True
Is IST_4 spanning? : True
Is IST_5 spanning? : True
Are all ISTs independent? : True

====TEST CR(83, 3, 6)====
Is IST_0 spanning? : True
Is IST_1 spanning? : True
Is IST_2 spanning? : True
Is IST_3 spanning? : True
Is IST_4 spanning? : True
Is IST_5 spanning? : True
Are all ISTs independent? : True

====TEST CR(84, 3, 6)====
Is IST_0 spanning? : True
Is IST_1 spanning? : True
Is IST_2 spanning? : True
Is IST_3 spanning? : True
Is IST_4 spanning? : True
Is IST_5 spanning? : True
Are all ISTs independent? : True

====TEST CR(85, 3, 6)====
Is IST_0 spanning? : True
Is IST_1 spanning? : True
Is IST_2 spanning? : True
Is IST_3 spanning? : True
Is IST_4 spanning? : True
Is IST_5 spanning? : True
Are all ISTs independent? : True

====TEST CR(86, 3, 6)====
Is IST_0 spanning? : True
Is IST_1 spanning? : True
Is IST_2 spanning? : True
Is IST_3 spanning? : True
Is IST_4 spanning? : True
Is IST_5 spanning? : True
Are all ISTs independent? : True

====TEST CR(87, 3, 6)====
Is IST_0 spanning? : True
Is IST_1 spanning? : True
Is IST_2 spanning? : True
Is IST_3 spanning? : True
Is IST_4 spanning? : True
Is IST_5 spanning? : True
Are all ISTs independent? : True

====TEST CR(88, 3, 6)====
Is IST_0 spanning? : True
Is IST_1 spanning? : True
Is IST_2 spanning? : True
Is IST_3 spanning? : True
Is IST_4 spanning? : True
Is IST_5 spanning? : True
Are all ISTs independent? : True

====TEST CR(89, 3, 6)====
Is IST_0 spanning? : True
Is IST_1 spanning? : True
Is IST_2 spanning? : True
Is IST_3 spanning? : True
Is IST_4 spanning? : True
Is IST_5 spanning? : True
Are all ISTs independent? : True

====TEST CR(90, 3, 6)====
Is IST_0 spanning? : True
Is IST_1 spanning? : True
Is IST_2 spanning? : True
Is IST_3 spanning? : True
Is IST_4 spanning? : True
Is IST_5 spanning? : True
Are all ISTs independent? : True

====TEST CR(91, 3, 6)====
Is IST_0 spanning? : True
Is IST_1 spanning? : True
Is IST_2 spanning? : True
Is IST_3 spanning? : True
Is IST_4 spanning? : True
Is IST_5 spanning? : True
Are all ISTs independent? : True

====TEST CR(92, 3, 6)====
Is IST_0 spanning? : True
Is IST_1 spanning? : True
Is IST_2 spanning? : True
Is IST_3 spanning? : True
Is IST_4 spanning? : True
Is IST_5 spanning? : True
Are all ISTs independent? : True

====TEST CR(93, 3, 6)====
Is IST_0 spanning? : True
Is IST_1 spanning? : True
Is IST_2 spanning? : True
Is IST_3 spanning? : True
Is IST_4 spanning? : True
Is IST_5 spanning? : True
Are all ISTs independent? : True

====TEST CR(94, 3, 6)====
Is IST_0 spanning? : True
Is IST_1 spanning? : True
Is IST_2 spanning? : True
Is IST_3 spanning? : True
Is IST_4 spanning? : True
Is IST_5 spanning? : True
Are all ISTs independent? : True

====TEST CR(95, 3, 6)====
Is IST_0 spanning? : True
Is IST_1 spanning? : True
Is IST_2 spanning? : True
Is IST_3 spanning? : True
Is IST_4 spanning? : True
Is IST_5 spanning? : True
Are all ISTs independent? : True

====TEST CR(96, 3, 6)====
Is IST_0 spanning? : True
Is IST_1 spanning? : True
Is IST_2 spanning? : True
Is IST_3 spanning? : True
Is IST_4 spanning? : True
Is IST_5 spanning? : True
Are all ISTs independent? : True

====TEST CR(97, 3, 6)====
Is IST_0 spanning? : True
Is IST_1 spanning? : True
Is IST_2 spanning? : True
Is IST_3 spanning? : True
Is IST_4 spanning? : True
Is IST_5 spanning? : True
Are all ISTs independent? : True

====TEST CR(98, 3, 6)====
Is IST_0 spanning? : True
Is IST_1 spanning? : True
Is IST_2 spanning? : True
Is IST_3 spanning? : True
Is IST_4 spanning? : True
Is IST_5 spanning? : True
Are all ISTs independent? : True

====TEST CR(99, 3, 6)====
Is IST_0 spanning? : True
Is IST_1 spanning? : True
Is IST_2 spanning? : True
Is IST_3 spanning? : True
Is IST_4 spanning? : True
Is IST_5 spanning? : True
Are all ISTs independent? : True

====TEST CR(100, 3, 6)====
Is IST_0 spanning? : True
Is IST_1 spanning? : True
Is IST_2 spanning? : True
Is IST_3 spanning? : True
Is IST_4 spanning? : True
Is IST_5 spanning? : True
Are all ISTs independent? : True

====TEST CR(101, 3, 6)====
Is IST_0 spanning? : True
Is IST_1 spanning? : True
Is IST_2 spanning? : True
Is IST_3 spanning? : True
Is IST_4 spanning? : True
Is IST_5 spanning? : True
Are all ISTs independent? : True

====TEST CR(102, 3, 6)====
Is IST_0 spanning? : True
Is IST_1 spanning? : True
Is IST_2 spanning? : True
Is IST_3 spanning? : True
Is IST_4 spanning? : True
Is IST_5 spanning? : True
Are all ISTs independent? : True

====TEST CR(103, 3, 6)====
Is IST_0 spanning? : True
Is IST_1 spanning? : True
Is IST_2 spanning? : True
Is IST_3 spanning? : True
Is IST_4 spanning? : True
Is IST_5 spanning? : True
Are all ISTs independent? : True

====TEST CR(104, 3, 6)====
Is IST_0 spanning? : True
Is IST_1 spanning? : True
Is IST_2 spanning? : True
Is IST_3 spanning? : True
Is IST_4 spanning? : True
Is IST_5 spanning? : True
Are all ISTs independent? : True

====TEST CR(105, 3, 6)====
Is IST_0 spanning? : True
Is IST_1 spanning? : True
Is IST_2 spanning? : True
Is IST_3 spanning? : True
Is IST_4 spanning? : True
Is IST_5 spanning? : True
Are all ISTs independent? : True

====TEST CR(106, 3, 6)====
Is IST_0 spanning? : True
Is IST_1 spanning? : True
Is IST_2 spanning? : True
Is IST_3 spanning? : True
Is IST_4 spanning? : True
Is IST_5 spanning? : True
Are all ISTs independent? : True

====TEST CR(107, 3, 6)====
Is IST_0 spanning? : True
Is IST_1 spanning? : True
Is IST_2 spanning? : True
Is IST_3 spanning? : True
Is IST_4 spanning? : True
Is IST_5 spanning? : True
Are all ISTs independent? : True

====TEST CR(108, 3, 6)====
Is IST_0 spanning? : True
Is IST_1 spanning? : True
Is IST_2 spanning? : True
Is IST_3 spanning? : True
Is IST_4 spanning? : True
Is IST_5 spanning? : True
Are all ISTs independent? : True

====TEST CR(109, 3, 6)====
Is IST_0 spanning? : True
Is IST_1 spanning? : True
Is IST_2 spanning? : True
Is IST_3 spanning? : True
Is IST_4 spanning? : True
Is IST_5 spanning? : True
Are all ISTs independent? : True

====TEST CR(110, 3, 6)====
Is IST_0 spanning? : True
Is IST_1 spanning? : True
Is IST_2 spanning? : True
Is IST_3 spanning? : True
Is IST_4 spanning? : True
Is IST_5 spanning? : True
Are all ISTs independent? : True

====TEST CR(111, 3, 6)====
Is IST_0 spanning? : True
Is IST_1 spanning? : True
Is IST_2 spanning? : True
Is IST_3 spanning? : True
Is IST_4 spanning? : True
Is IST_5 spanning? : True
Are all ISTs independent? : True

====TEST CR(112, 3, 6)====
Is IST_0 spanning? : True
Is IST_1 spanning? : True
Is IST_2 spanning? : True
Is IST_3 spanning? : True
Is IST_4 spanning? : True
Is IST_5 spanning? : True
Are all ISTs independent? : True

====TEST CR(113, 3, 6)====
Is IST_0 spanning? : True
Is IST_1 spanning? : True
Is IST_2 spanning? : True
Is IST_3 spanning? : True
Is IST_4 spanning? : True
Is IST_5 spanning? : True
Are all ISTs independent? : True

====TEST CR(114, 3, 6)====
Is IST_0 spanning? : True
Is IST_1 spanning? : True
Is IST_2 spanning? : True
Is IST_3 spanning? : True
Is IST_4 spanning? : True
Is IST_5 spanning? : True
Are all ISTs independent? : True

====TEST CR(115, 3, 6)====
Is IST_0 spanning? : True
Is IST_1 spanning? : True
Is IST_2 spanning? : True
Is IST_3 spanning? : True
Is IST_4 spanning? : True
Is IST_5 spanning? : True
Are all ISTs independent? : True

====TEST CR(116, 3, 6)====
Is IST_0 spanning? : True
Is IST_1 spanning? : True
Is IST_2 spanning? : True
Is IST_3 spanning? : True
Is IST_4 spanning? : True
Is IST_5 spanning? : True
Are all ISTs independent? : True

====TEST CR(117, 3, 6)====
Is IST_0 spanning? : True
Is IST_1 spanning? : True
Is IST_2 spanning? : True
Is IST_3 spanning? : True
Is IST_4 spanning? : True
Is IST_5 spanning? : True
Are all ISTs independent? : True

====TEST CR(118, 3, 6)====
Is IST_0 spanning? : True
Is IST_1 spanning? : True
Is IST_2 spanning? : True
Is IST_3 spanning? : True
Is IST_4 spanning? : True
Is IST_5 spanning? : True
Are all ISTs independent? : True

====TEST CR(119, 3, 6)====
Is IST_0 spanning? : True
Is IST_1 spanning? : True
Is IST_2 spanning? : True
Is IST_3 spanning? : True
Is IST_4 spanning? : True
Is IST_5 spanning? : True
Are all ISTs independent? : True

====TEST CR(120, 3, 6)====
Is IST_0 spanning? : True
Is IST_1 spanning? : True
Is IST_2 spanning? : True
Is IST_3 spanning? : True
Is IST_4 spanning? : True
Is IST_5 spanning? : True
Are all ISTs independent? : True

====TEST CR(121, 3, 6)====
Is IST_0 spanning? : True
Is IST_1 spanning? : True
Is IST_2 spanning? : True
Is IST_3 spanning? : True
Is IST_4 spanning? : True
Is IST_5 spanning? : True
Are all ISTs independent? : True

====TEST CR(122, 3, 6)====
Is IST_0 spanning? : True
Is IST_1 spanning? : True
Is IST_2 spanning? : True
Is IST_3 spanning? : True
Is IST_4 spanning? : True
Is IST_5 spanning? : True
Are all ISTs independent? : True

====TEST CR(123, 3, 6)====
Is IST_0 spanning? : True
Is IST_1 spanning? : True
Is IST_2 spanning? : True
Is IST_3 spanning? : True
Is IST_4 spanning? : True
Is IST_5 spanning? : True
Are all ISTs independent? : True

====TEST CR(124, 3, 6)====
Is IST_0 spanning? : True
Is IST_1 spanning? : True
Is IST_2 spanning? : True
Is IST_3 spanning? : True
Is IST_4 spanning? : True
Is IST_5 spanning? : True
Are all ISTs independent? : True

====TEST CR(125, 3, 6)====
Is IST_0 spanning? : True
Is IST_1 spanning? : True
Is IST_2 spanning? : True
Is IST_3 spanning? : True
Is IST_4 spanning? : True
Is IST_5 spanning? : True
Are all ISTs independent? : True

====TEST CR(126, 3, 6)====
Is IST_0 spanning? : True
Is IST_1 spanning? : True
Is IST_2 spanning? : True
Is IST_3 spanning? : True
Is IST_4 spanning? : True
Is IST_5 spanning? : True
Are all ISTs independent? : True

====TEST CR(127, 3, 6)====
Is IST_0 spanning? : True
Is IST_1 spanning? : True
Is IST_2 spanning? : True
Is IST_3 spanning? : True
Is IST_4 spanning? : True
Is IST_5 spanning? : True
Are all ISTs independent? : True

====TEST CR(128, 3, 6)====
Is IST_0 spanning? : True
Is IST_1 spanning? : True
Is IST_2 spanning? : True
Is IST_3 spanning? : True
Is IST_4 spanning? : True
Is IST_5 spanning? : True
Are all ISTs independent? : True

====TEST CR(129, 3, 6)====
Is IST_0 spanning? : True
Is IST_1 spanning? : True
Is IST_2 spanning? : True
Is IST_3 spanning? : True
Is IST_4 spanning? : True
Is IST_5 spanning? : True
Are all ISTs independent? : True

====TEST CR(130, 3, 6)====
Is IST_0 spanning? : True
Is IST_1 spanning? : True
Is IST_2 spanning? : True
Is IST_3 spanning? : True
Is IST_4 spanning? : True
Is IST_5 spanning? : True
Are all ISTs independent? : True

====TEST CR(131, 3, 6)====
Is IST_0 spanning? : True
Is IST_1 spanning? : True
Is IST_2 spanning? : True
Is IST_3 spanning? : True
Is IST_4 spanning? : True
Is IST_5 spanning? : True
Are all ISTs independent? : True

====TEST CR(132, 3, 6)====
Is IST_0 spanning? : True
Is IST_1 spanning? : True
Is IST_2 spanning? : True
Is IST_3 spanning? : True
Is IST_4 spanning? : True
Is IST_5 spanning? : True
Are all ISTs independent? : True

====TEST CR(133, 3, 6)====
Is IST_0 spanning? : True
Is IST_1 spanning? : True
Is IST_2 spanning? : True
Is IST_3 spanning? : True
Is IST_4 spanning? : True
Is IST_5 spanning? : True
Are all ISTs independent? : True

====TEST CR(134, 3, 6)====
Is IST_0 spanning? : True
Is IST_1 spanning? : True
Is IST_2 spanning? : True
Is IST_3 spanning? : True
Is IST_4 spanning? : True
Is IST_5 spanning? : True
Are all ISTs independent? : True

====TEST CR(135, 3, 6)====
Is IST_0 spanning? : True
Is IST_1 spanning? : True
Is IST_2 spanning? : True
Is IST_3 spanning? : True
Is IST_4 spanning? : True
Is IST_5 spanning? : True
Are all ISTs independent? : True

====TEST CR(136, 3, 6)====
Is IST_0 spanning? : True
Is IST_1 spanning? : True
Is IST_2 spanning? : True
Is IST_3 spanning? : True
Is IST_4 spanning? : True
Is IST_5 spanning? : True
Are all ISTs independent? : True

====TEST CR(137, 3, 6)====
Is IST_0 spanning? : True
Is IST_1 spanning? : True
Is IST_2 spanning? : True
Is IST_3 spanning? : True
Is IST_4 spanning? : True
Is IST_5 spanning? : True
Are all ISTs independent? : True

====TEST CR(138, 3, 6)====
Is IST_0 spanning? : True
Is IST_1 spanning? : True
Is IST_2 spanning? : True
Is IST_3 spanning? : True
Is IST_4 spanning? : True
Is IST_5 spanning? : True
Are all ISTs independent? : True

====TEST CR(139, 3, 6)====
Is IST_0 spanning? : True
Is IST_1 spanning? : True
Is IST_2 spanning? : True
Is IST_3 spanning? : True
Is IST_4 spanning? : True
Is IST_5 spanning? : True
Are all ISTs independent? : True

====TEST CR(140, 3, 6)====
Is IST_0 spanning? : True
Is IST_1 spanning? : True
Is IST_2 spanning? : True
Is IST_3 spanning? : True
Is IST_4 spanning? : True
Is IST_5 spanning? : True
Are all ISTs independent? : True

====TEST CR(141, 3, 6)====
Is IST_0 spanning? : True
Is IST_1 spanning? : True
Is IST_2 spanning? : True
Is IST_3 spanning? : True
Is IST_4 spanning? : True
Is IST_5 spanning? : True
Are all ISTs independent? : True

====TEST CR(142, 3, 6)====
Is IST_0 spanning? : True
Is IST_1 spanning? : True
Is IST_2 spanning? : True
Is IST_3 spanning? : True
Is IST_4 spanning? : True
Is IST_5 spanning? : True
Are all ISTs independent? : True

====TEST CR(143, 3, 6)====
Is IST_0 spanning? : True
Is IST_1 spanning? : True
Is IST_2 spanning? : True
Is IST_3 spanning? : True
Is IST_4 spanning? : True
Is IST_5 spanning? : True
Are all ISTs independent? : True

====TEST CR(144, 3, 6)====
Is IST_0 spanning? : True
Is IST_1 spanning? : True
Is IST_2 spanning? : True
Is IST_3 spanning? : True
Is IST_4 spanning? : True
Is IST_5 spanning? : True
Are all ISTs independent? : True

====TEST CR(145, 3, 6)====
Is IST_0 spanning? : True
Is IST_1 spanning? : True
Is IST_2 spanning? : True
Is IST_3 spanning? : True
Is IST_4 spanning? : True
Is IST_5 spanning? : True
Are all ISTs independent? : True

====TEST CR(146, 3, 6)====
Is IST_0 spanning? : True
Is IST_1 spanning? : True
Is IST_2 spanning? : True
Is IST_3 spanning? : True
Is IST_4 spanning? : True
Is IST_5 spanning? : True
Are all ISTs independent? : True

====TEST CR(24, 4, 8)====
Is IST_0 spanning? : True
Is IST_1 spanning? : True
Is IST_2 spanning? : True
Is IST_3 spanning? : True
Is IST_4 spanning? : True
Is IST_5 spanning? : True
Are all ISTs independent? : True

====TEST CR(25, 4, 8)====
Is IST_0 spanning? : True
Is IST_1 spanning? : True
Is IST_2 spanning? : True
Is IST_3 spanning? : True
Is IST_4 spanning? : True
Is IST_5 spanning? : True
Are all ISTs independent? : True

====TEST CR(26, 4, 8)====
Is IST_0 spanning? : True
Is IST_1 spanning? : True
Is IST_2 spanning? : True
Is IST_3 spanning? : True
Is IST_4 spanning? : True
Is IST_5 spanning? : True
Are all ISTs independent? : True

====TEST CR(27, 4, 8)====
Is IST_0 spanning? : True
Is IST_1 spanning? : True
Is IST_2 spanning? : True
Is IST_3 spanning? : True
Is IST_4 spanning? : True
Is IST_5 spanning? : True
Are all ISTs independent? : True

====TEST CR(28, 4, 8)====
Is IST_0 spanning? : True
Is IST_1 spanning? : True
Is IST_2 spanning? : True
Is IST_3 spanning? : True
Is IST_4 spanning? : True
Is IST_5 spanning? : True
Are all ISTs independent? : True

====TEST CR(29, 4, 8)====
Is IST_0 spanning? : True
Is IST_1 spanning? : True
Is IST_2 spanning? : True
Is IST_3 spanning? : True
Is IST_4 spanning? : True
Is IST_5 spanning? : True
Are all ISTs independent? : True

====TEST CR(30, 4, 8)====
Is IST_0 spanning? : True
Is IST_1 spanning? : True
Is IST_2 spanning? : True
Is IST_3 spanning? : True
Is IST_4 spanning? : True
Is IST_5 spanning? : True
Are all ISTs independent? : True

====TEST CR(31, 4, 8)====
Is IST_0 spanning? : True
Is IST_1 spanning? : True
Is IST_2 spanning? : True
Is IST_3 spanning? : True
Is IST_4 spanning? : True
Is IST_5 spanning? : True
Are all ISTs independent? : True

====TEST CR(32, 4, 8)====
Is IST_0 spanning? : True
Is IST_1 spanning? : True
Is IST_2 spanning? : True
Is IST_3 spanning? : True
Is IST_4 spanning? : True
Is IST_5 spanning? : True
Are all ISTs independent? : True

====TEST CR(33, 4, 8)====
Is IST_0 spanning? : True
Is IST_1 spanning? : True
Is IST_2 spanning? : True
Is IST_3 spanning? : True
Is IST_4 spanning? : True
Is IST_5 spanning? : True
Are all ISTs independent? : True

====TEST CR(34, 4, 8)====
Is IST_0 spanning? : True
Is IST_1 spanning? : True
Is IST_2 spanning? : True
Is IST_3 spanning? : True
Is IST_4 spanning? : True
Is IST_5 spanning? : True
Are all ISTs independent? : True

====TEST CR(35, 4, 8)====
Is IST_0 spanning? : True
Is IST_1 spanning? : True
Is IST_2 spanning? : True
Is IST_3 spanning? : True
Is IST_4 spanning? : True
Is IST_5 spanning? : True
Are all ISTs independent? : True

====TEST CR(36, 4, 8)====
Is IST_0 spanning? : True
Is IST_1 spanning? : True
Is IST_2 spanning? : True
Is IST_3 spanning? : True
Is IST_4 spanning? : True
Is IST_5 spanning? : True
Are all ISTs independent? : True

====TEST CR(37, 4, 8)====
Is IST_0 spanning? : True
Is IST_1 spanning? : True
Is IST_2 spanning? : True
Is IST_3 spanning? : True
Is IST_4 spanning? : True
Is IST_5 spanning? : True
Are all ISTs independent? : True

====TEST CR(38, 4, 8)====
Is IST_0 spanning? : True
Is IST_1 spanning? : True
Is IST_2 spanning? : True
Is IST_3 spanning? : True
Is IST_4 spanning? : True
Is IST_5 spanning? : True
Are all ISTs independent? : True

====TEST CR(39, 4, 8)====
Is IST_0 spanning? : True
Is IST_1 spanning? : True
Is IST_2 spanning? : True
Is IST_3 spanning? : True
Is IST_4 spanning? : True
Is IST_5 spanning? : True
Are all ISTs independent? : True

====TEST CR(40, 4, 8)====
Is IST_0 spanning? : True
Is IST_1 spanning? : True
Is IST_2 spanning? : True
Is IST_3 spanning? : True
Is IST_4 spanning? : True
Is IST_5 spanning? : True
Are all ISTs independent? : True

====TEST CR(41, 4, 8)====
Is IST_0 spanning? : True
Is IST_1 spanning? : True
Is IST_2 spanning? : True
Is IST_3 spanning? : True
Is IST_4 spanning? : True
Is IST_5 spanning? : True
Are all ISTs independent? : True

====TEST CR(42, 4, 8)====
Is IST_0 spanning? : True
Is IST_1 spanning? : True
Is IST_2 spanning? : True
Is IST_3 spanning? : True
Is IST_4 spanning? : True
Is IST_5 spanning? : True
Are all ISTs independent? : True

====TEST CR(43, 4, 8)====
Is IST_0 spanning? : True
Is IST_1 spanning? : True
Is IST_2 spanning? : True
Is IST_3 spanning? : True
Is IST_4 spanning? : True
Is IST_5 spanning? : True
Are all ISTs independent? : True

====TEST CR(44, 4, 8)====
Is IST_0 spanning? : True
Is IST_1 spanning? : True
Is IST_2 spanning? : True
Is IST_3 spanning? : True
Is IST_4 spanning? : True
Is IST_5 spanning? : True
Are all ISTs independent? : True

====TEST CR(45, 4, 8)====
Is IST_0 spanning? : True
Is IST_1 spanning? : True
Is IST_2 spanning? : True
Is IST_3 spanning? : True
Is IST_4 spanning? : True
Is IST_5 spanning? : True
Are all ISTs independent? : True

====TEST CR(46, 4, 8)====
Is IST_0 spanning? : True
Is IST_1 spanning? : True
Is IST_2 spanning? : True
Is IST_3 spanning? : True
Is IST_4 spanning? : True
Is IST_5 spanning? : True
Are all ISTs independent? : True

====TEST CR(47, 4, 8)====
Is IST_0 spanning? : True
Is IST_1 spanning? : True
Is IST_2 spanning? : True
Is IST_3 spanning? : True
Is IST_4 spanning? : True
Is IST_5 spanning? : True
Are all ISTs independent? : True

====TEST CR(48, 4, 8)====
Is IST_0 spanning? : True
Is IST_1 spanning? : True
Is IST_2 spanning? : True
Is IST_3 spanning? : True
Is IST_4 spanning? : True
Is IST_5 spanning? : True
Are all ISTs independent? : True

====TEST CR(49, 4, 8)====
Is IST_0 spanning? : True
Is IST_1 spanning? : True
Is IST_2 spanning? : True
Is IST_3 spanning? : True
Is IST_4 spanning? : True
Is IST_5 spanning? : True
Are all ISTs independent? : True

====TEST CR(50, 4, 8)====
Is IST_0 spanning? : True
Is IST_1 spanning? : True
Is IST_2 spanning? : True
Is IST_3 spanning? : True
Is IST_4 spanning? : True
Is IST_5 spanning? : True
Are all ISTs independent? : True

====TEST CR(51, 4, 8)====
Is IST_0 spanning? : True
Is IST_1 spanning? : True
Is IST_2 spanning? : True
Is IST_3 spanning? : True
Is IST_4 spanning? : True
Is IST_5 spanning? : True
Are all ISTs independent? : True

====TEST CR(52, 4, 8)====
Is IST_0 spanning? : True
Is IST_1 spanning? : True
Is IST_2 spanning? : True
Is IST_3 spanning? : True
Is IST_4 spanning? : True
Is IST_5 spanning? : True
Are all ISTs independent? : True

====TEST CR(53, 4, 8)====
Is IST_0 spanning? : True
Is IST_1 spanning? : True
Is IST_2 spanning? : True
Is IST_3 spanning? : True
Is IST_4 spanning? : True
Is IST_5 spanning? : True
Are all ISTs independent? : True

====TEST CR(54, 4, 8)====
Is IST_0 spanning? : True
Is IST_1 spanning? : True
Is IST_2 spanning? : True
Is IST_3 spanning? : True
Is IST_4 spanning? : True
Is IST_5 spanning? : True
Are all ISTs independent? : True

====TEST CR(55, 4, 8)====
Is IST_0 spanning? : True
Is IST_1 spanning? : True
Is IST_2 spanning? : True
Is IST_3 spanning? : True
Is IST_4 spanning? : True
Is IST_5 spanning? : True
Are all ISTs independent? : True

====TEST CR(56, 4, 8)====
Is IST_0 spanning? : True
Is IST_1 spanning? : True
Is IST_2 spanning? : True
Is IST_3 spanning? : True
Is IST_4 spanning? : True
Is IST_5 spanning? : True
Are all ISTs independent? : True

====TEST CR(57, 4, 8)====
Is IST_0 spanning? : True
Is IST_1 spanning? : True
Is IST_2 spanning? : True
Is IST_3 spanning? : True
Is IST_4 spanning? : True
Is IST_5 spanning? : True
Are all ISTs independent? : True

====TEST CR(58, 4, 8)====
Is IST_0 spanning? : True
Is IST_1 spanning? : True
Is IST_2 spanning? : True
Is IST_3 spanning? : True
Is IST_4 spanning? : True
Is IST_5 spanning? : True
Are all ISTs independent? : True

====TEST CR(59, 4, 8)====
Is IST_0 spanning? : True
Is IST_1 spanning? : True
Is IST_2 spanning? : True
Is IST_3 spanning? : True
Is IST_4 spanning? : True
Is IST_5 spanning? : True
Are all ISTs independent? : True

====TEST CR(60, 4, 8)====
Is IST_0 spanning? : True
Is IST_1 spanning? : True
Is IST_2 spanning? : True
Is IST_3 spanning? : True
Is IST_4 spanning? : True
Is IST_5 spanning? : True
Are all ISTs independent? : True

====TEST CR(61, 4, 8)====
Is IST_0 spanning? : True
Is IST_1 spanning? : True
Is IST_2 spanning? : True
Is IST_3 spanning? : True
Is IST_4 spanning? : True
Is IST_5 spanning? : True
Are all ISTs independent? : True

====TEST CR(62, 4, 8)====
Is IST_0 spanning? : True
Is IST_1 spanning? : True
Is IST_2 spanning? : True
Is IST_3 spanning? : True
Is IST_4 spanning? : True
Is IST_5 spanning? : True
Are all ISTs independent? : True

====TEST CR(63, 4, 8)====
Is IST_0 spanning? : True
Is IST_1 spanning? : True
Is IST_2 spanning? : True
Is IST_3 spanning? : True
Is IST_4 spanning? : True
Is IST_5 spanning? : True
Are all ISTs independent? : True

====TEST CR(64, 4, 8)====
Is IST_0 spanning? : True
Is IST_1 spanning? : True
Is IST_2 spanning? : True
Is IST_3 spanning? : True
Is IST_4 spanning? : True
Is IST_5 spanning? : True
Are all ISTs independent? : True

====TEST CR(65, 4, 8)====
Is IST_0 spanning? : True
Is IST_1 spanning? : True
Is IST_2 spanning? : True
Is IST_3 spanning? : True
Is IST_4 spanning? : True
Is IST_5 spanning? : True
Are all ISTs independent? : True

====TEST CR(66, 4, 8)====
Is IST_0 spanning? : True
Is IST_1 spanning? : True
Is IST_2 spanning? : True
Is IST_3 spanning? : True
Is IST_4 spanning? : True
Is IST_5 spanning? : True
Are all ISTs independent? : True

====TEST CR(67, 4, 8)====
Is IST_0 spanning? : True
Is IST_1 spanning? : True
Is IST_2 spanning? : True
Is IST_3 spanning? : True
Is IST_4 spanning? : True
Is IST_5 spanning? : True
Are all ISTs independent? : True

====TEST CR(68, 4, 8)====
Is IST_0 spanning? : True
Is IST_1 spanning? : True
Is IST_2 spanning? : True
Is IST_3 spanning? : True
Is IST_4 spanning? : True
Is IST_5 spanning? : True
Are all ISTs independent? : True

====TEST CR(69, 4, 8)====
Is IST_0 spanning? : True
Is IST_1 spanning? : True
Is IST_2 spanning? : True
Is IST_3 spanning? : True
Is IST_4 spanning? : True
Is IST_5 spanning? : True
Are all ISTs independent? : True

====TEST CR(70, 4, 8)====
Is IST_0 spanning? : True
Is IST_1 spanning? : True
Is IST_2 spanning? : True
Is IST_3 spanning? : True
Is IST_4 spanning? : True
Is IST_5 spanning? : True
Are all ISTs independent? : True

====TEST CR(71, 4, 8)====
Is IST_0 spanning? : True
Is IST_1 spanning? : True
Is IST_2 spanning? : True
Is IST_3 spanning? : True
Is IST_4 spanning? : True
Is IST_5 spanning? : True
Are all ISTs independent? : True

====TEST CR(72, 4, 8)====
Is IST_0 spanning? : True
Is IST_1 spanning? : True
Is IST_2 spanning? : True
Is IST_3 spanning? : True
Is IST_4 spanning? : True
Is IST_5 spanning? : True
Are all ISTs independent? : True

====TEST CR(73, 4, 8)====
Is IST_0 spanning? : True
Is IST_1 spanning? : True
Is IST_2 spanning? : True
Is IST_3 spanning? : True
Is IST_4 spanning? : True
Is IST_5 spanning? : True
Are all ISTs independent? : True

====TEST CR(74, 4, 8)====
Is IST_0 spanning? : True
Is IST_1 spanning? : True
Is IST_2 spanning? : True
Is IST_3 spanning? : True
Is IST_4 spanning? : True
Is IST_5 spanning? : True
Are all ISTs independent? : True

====TEST CR(75, 4, 8)====
Is IST_0 spanning? : True
Is IST_1 spanning? : True
Is IST_2 spanning? : True
Is IST_3 spanning? : True
Is IST_4 spanning? : True
Is IST_5 spanning? : True
Are all ISTs independent? : True

====TEST CR(76, 4, 8)====
Is IST_0 spanning? : True
Is IST_1 spanning? : True
Is IST_2 spanning? : True
Is IST_3 spanning? : True
Is IST_4 spanning? : True
Is IST_5 spanning? : True
Are all ISTs independent? : True

====TEST CR(77, 4, 8)====
Is IST_0 spanning? : True
Is IST_1 spanning? : True
Is IST_2 spanning? : True
Is IST_3 spanning? : True
Is IST_4 spanning? : True
Is IST_5 spanning? : True
Are all ISTs independent? : True

====TEST CR(78, 4, 8)====
Is IST_0 spanning? : True
Is IST_1 spanning? : True
Is IST_2 spanning? : True
Is IST_3 spanning? : True
Is IST_4 spanning? : True
Is IST_5 spanning? : True
Are all ISTs independent? : True

====TEST CR(79, 4, 8)====
Is IST_0 spanning? : True
Is IST_1 spanning? : True
Is IST_2 spanning? : True
Is IST_3 spanning? : True
Is IST_4 spanning? : True
Is IST_5 spanning? : True
Are all ISTs independent? : True

====TEST CR(80, 4, 8)====
Is IST_0 spanning? : True
Is IST_1 spanning? : True
Is IST_2 spanning? : True
Is IST_3 spanning? : True
Is IST_4 spanning? : True
Is IST_5 spanning? : True
Are all ISTs independent? : True

====TEST CR(81, 4, 8)====
Is IST_0 spanning? : True
Is IST_1 spanning? : True
Is IST_2 spanning? : True
Is IST_3 spanning? : True
Is IST_4 spanning? : True
Is IST_5 spanning? : True
Are all ISTs independent? : True

====TEST CR(82, 4, 8)====
Is IST_0 spanning? : True
Is IST_1 spanning? : True
Is IST_2 spanning? : True
Is IST_3 spanning? : True
Is IST_4 spanning? : True
Is IST_5 spanning? : True
Are all ISTs independent? : True

====TEST CR(83, 4, 8)====
Is IST_0 spanning? : True
Is IST_1 spanning? : True
Is IST_2 spanning? : True
Is IST_3 spanning? : True
Is IST_4 spanning? : True
Is IST_5 spanning? : True
Are all ISTs independent? : True

====TEST CR(84, 4, 8)====
Is IST_0 spanning? : True
Is IST_1 spanning? : True
Is IST_2 spanning? : True
Is IST_3 spanning? : True
Is IST_4 spanning? : True
Is IST_5 spanning? : True
Are all ISTs independent? : True

====TEST CR(85, 4, 8)====
Is IST_0 spanning? : True
Is IST_1 spanning? : True
Is IST_2 spanning? : True
Is IST_3 spanning? : True
Is IST_4 spanning? : True
Is IST_5 spanning? : True
Are all ISTs independent? : True

====TEST CR(86, 4, 8)====
Is IST_0 spanning? : True
Is IST_1 spanning? : True
Is IST_2 spanning? : True
Is IST_3 spanning? : True
Is IST_4 spanning? : True
Is IST_5 spanning? : True
Are all ISTs independent? : True

====TEST CR(87, 4, 8)====
Is IST_0 spanning? : True
Is IST_1 spanning? : True
Is IST_2 spanning? : True
Is IST_3 spanning? : True
Is IST_4 spanning? : True
Is IST_5 spanning? : True
Are all ISTs independent? : True

====TEST CR(88, 4, 8)====
Is IST_0 spanning? : True
Is IST_1 spanning? : True
Is IST_2 spanning? : True
Is IST_3 spanning? : True
Is IST_4 spanning? : True
Is IST_5 spanning? : True
Are all ISTs independent? : True

====TEST CR(89, 4, 8)====
Is IST_0 spanning? : True
Is IST_1 spanning? : True
Is IST_2 spanning? : True
Is IST_3 spanning? : True
Is IST_4 spanning? : True
Is IST_5 spanning? : True
Are all ISTs independent? : True

====TEST CR(90, 4, 8)====
Is IST_0 spanning? : True
Is IST_1 spanning? : True
Is IST_2 spanning? : True
Is IST_3 spanning? : True
Is IST_4 spanning? : True
Is IST_5 spanning? : True
Are all ISTs independent? : True

====TEST CR(91, 4, 8)====
Is IST_0 spanning? : True
Is IST_1 spanning? : True
Is IST_2 spanning? : True
Is IST_3 spanning? : True
Is IST_4 spanning? : True
Is IST_5 spanning? : True
Are all ISTs independent? : True

====TEST CR(92, 4, 8)====
Is IST_0 spanning? : True
Is IST_1 spanning? : True
Is IST_2 spanning? : True
Is IST_3 spanning? : True
Is IST_4 spanning? : True
Is IST_5 spanning? : True
Are all ISTs independent? : True

====TEST CR(93, 4, 8)====
Is IST_0 spanning? : True
Is IST_1 spanning? : True
Is IST_2 spanning? : True
Is IST_3 spanning? : True
Is IST_4 spanning? : True
Is IST_5 spanning? : True
Are all ISTs independent? : True

====TEST CR(94, 4, 8)====
Is IST_0 spanning? : True
Is IST_1 spanning? : True
Is IST_2 spanning? : True
Is IST_3 spanning? : True
Is IST_4 spanning? : True
Is IST_5 spanning? : True
Are all ISTs independent? : True

====TEST CR(95, 4, 8)====
Is IST_0 spanning? : True
Is IST_1 spanning? : True
Is IST_2 spanning? : True
Is IST_3 spanning? : True
Is IST_4 spanning? : True
Is IST_5 spanning? : True
Are all ISTs independent? : True

====TEST CR(96, 4, 8)====
Is IST_0 spanning? : True
Is IST_1 spanning? : True
Is IST_2 spanning? : True
Is IST_3 spanning? : True
Is IST_4 spanning? : True
Is IST_5 spanning? : True
Are all ISTs independent? : True

====TEST CR(97, 4, 8)====
Is IST_0 spanning? : True
Is IST_1 spanning? : True
Is IST_2 spanning? : True
Is IST_3 spanning? : True
Is IST_4 spanning? : True
Is IST_5 spanning? : True
Are all ISTs independent? : True

====TEST CR(98, 4, 8)====
Is IST_0 spanning? : True
Is IST_1 spanning? : True
Is IST_2 spanning? : True
Is IST_3 spanning? : True
Is IST_4 spanning? : True
Is IST_5 spanning? : True
Are all ISTs independent? : True

====TEST CR(99, 4, 8)====
Is IST_0 spanning? : True
Is IST_1 spanning? : True
Is IST_2 spanning? : True
Is IST_3 spanning? : True
Is IST_4 spanning? : True
Is IST_5 spanning? : True
Are all ISTs independent? : True

====TEST CR(100, 4, 8)====
Is IST_0 spanning? : True
Is IST_1 spanning? : True
Is IST_2 spanning? : True
Is IST_3 spanning? : True
Is IST_4 spanning? : True
Is IST_5 spanning? : True
Are all ISTs independent? : True

====TEST CR(101, 4, 8)====
Is IST_0 spanning? : True
Is IST_1 spanning? : True
Is IST_2 spanning? : True
Is IST_3 spanning? : True
Is IST_4 spanning? : True
Is IST_5 spanning? : True
Are all ISTs independent? : True

====TEST CR(102, 4, 8)====
Is IST_0 spanning? : True
Is IST_1 spanning? : True
Is IST_2 spanning? : True
Is IST_3 spanning? : True
Is IST_4 spanning? : True
Is IST_5 spanning? : True
Are all ISTs independent? : True

====TEST CR(103, 4, 8)====
Is IST_0 spanning? : True
Is IST_1 spanning? : True
Is IST_2 spanning? : True
Is IST_3 spanning? : True
Is IST_4 spanning? : True
Is IST_5 spanning? : True
Are all ISTs independent? : True

====TEST CR(104, 4, 8)====
Is IST_0 spanning? : True
Is IST_1 spanning? : True
Is IST_2 spanning? : True
Is IST_3 spanning? : True
Is IST_4 spanning? : True
Is IST_5 spanning? : True
Are all ISTs independent? : True

====TEST CR(105, 4, 8)====
Is IST_0 spanning? : True
Is IST_1 spanning? : True
Is IST_2 spanning? : True
Is IST_3 spanning? : True
Is IST_4 spanning? : True
Is IST_5 spanning? : True
Are all ISTs independent? : True

====TEST CR(106, 4, 8)====
Is IST_0 spanning? : True
Is IST_1 spanning? : True
Is IST_2 spanning? : True
Is IST_3 spanning? : True
Is IST_4 spanning? : True
Is IST_5 spanning? : True
Are all ISTs independent? : True

====TEST CR(107, 4, 8)====
Is IST_0 spanning? : True
Is IST_1 spanning? : True
Is IST_2 spanning? : True
Is IST_3 spanning? : True
Is IST_4 spanning? : True
Is IST_5 spanning? : True
Are all ISTs independent? : True

====TEST CR(108, 4, 8)====
Is IST_0 spanning? : True
Is IST_1 spanning? : True
Is IST_2 spanning? : True
Is IST_3 spanning? : True
Is IST_4 spanning? : True
Is IST_5 spanning? : True
Are all ISTs independent? : True

====TEST CR(109, 4, 8)====
Is IST_0 spanning? : True
Is IST_1 spanning? : True
Is IST_2 spanning? : True
Is IST_3 spanning? : True
Is IST_4 spanning? : True
Is IST_5 spanning? : True
Are all ISTs independent? : True

====TEST CR(110, 4, 8)====
Is IST_0 spanning? : True
Is IST_1 spanning? : True
Is IST_2 spanning? : True
Is IST_3 spanning? : True
Is IST_4 spanning? : True
Is IST_5 spanning? : True
Are all ISTs independent? : True

====TEST CR(111, 4, 8)====
Is IST_0 spanning? : True
Is IST_1 spanning? : True
Is IST_2 spanning? : True
Is IST_3 spanning? : True
Is IST_4 spanning? : True
Is IST_5 spanning? : True
Are all ISTs independent? : True

====TEST CR(112, 4, 8)====
Is IST_0 spanning? : True
Is IST_1 spanning? : True
Is IST_2 spanning? : True
Is IST_3 spanning? : True
Is IST_4 spanning? : True
Is IST_5 spanning? : True
Are all ISTs independent? : True

====TEST CR(113, 4, 8)====
Is IST_0 spanning? : True
Is IST_1 spanning? : True
Is IST_2 spanning? : True
Is IST_3 spanning? : True
Is IST_4 spanning? : True
Is IST_5 spanning? : True
Are all ISTs independent? : True

====TEST CR(114, 4, 8)====
Is IST_0 spanning? : True
Is IST_1 spanning? : True
Is IST_2 spanning? : True
Is IST_3 spanning? : True
Is IST_4 spanning? : True
Is IST_5 spanning? : True
Are all ISTs independent? : True

====TEST CR(115, 4, 8)====
Is IST_0 spanning? : True
Is IST_1 spanning? : True
Is IST_2 spanning? : True
Is IST_3 spanning? : True
Is IST_4 spanning? : True
Is IST_5 spanning? : True
Are all ISTs independent? : True

====TEST CR(116, 4, 8)====
Is IST_0 spanning? : True
Is IST_1 spanning? : True
Is IST_2 spanning? : True
Is IST_3 spanning? : True
Is IST_4 spanning? : True
Is IST_5 spanning? : True
Are all ISTs independent? : True

====TEST CR(117, 4, 8)====
Is IST_0 spanning? : True
Is IST_1 spanning? : True
Is IST_2 spanning? : True
Is IST_3 spanning? : True
Is IST_4 spanning? : True
Is IST_5 spanning? : True
Are all ISTs independent? : True

====TEST CR(118, 4, 8)====
Is IST_0 spanning? : True
Is IST_1 spanning? : True
Is IST_2 spanning? : True
Is IST_3 spanning? : True
Is IST_4 spanning? : True
Is IST_5 spanning? : True
Are all ISTs independent? : True

====TEST CR(119, 4, 8)====
Is IST_0 spanning? : True
Is IST_1 spanning? : True
Is IST_2 spanning? : True
Is IST_3 spanning? : True
Is IST_4 spanning? : True
Is IST_5 spanning? : True
Are all ISTs independent? : True

====TEST CR(120, 4, 8)====
Is IST_0 spanning? : True
Is IST_1 spanning? : True
Is IST_2 spanning? : True
Is IST_3 spanning? : True
Is IST_4 spanning? : True
Is IST_5 spanning? : True
Are all ISTs independent? : True

====TEST CR(121, 4, 8)====
Is IST_0 spanning? : True
Is IST_1 spanning? : True
Is IST_2 spanning? : True
Is IST_3 spanning? : True
Is IST_4 spanning? : True
Is IST_5 spanning? : True
Are all ISTs independent? : True

====TEST CR(122, 4, 8)====
Is IST_0 spanning? : True
Is IST_1 spanning? : True
Is IST_2 spanning? : True
Is IST_3 spanning? : True
Is IST_4 spanning? : True
Is IST_5 spanning? : True
Are all ISTs independent? : True

====TEST CR(123, 4, 8)====
Is IST_0 spanning? : True
Is IST_1 spanning? : True
Is IST_2 spanning? : True
Is IST_3 spanning? : True
Is IST_4 spanning? : True
Is IST_5 spanning? : True
Are all ISTs independent? : True

====TEST CR(124, 4, 8)====
Is IST_0 spanning? : True
Is IST_1 spanning? : True
Is IST_2 spanning? : True
Is IST_3 spanning? : True
Is IST_4 spanning? : True
Is IST_5 spanning? : True
Are all ISTs independent? : True

====TEST CR(125, 4, 8)====
Is IST_0 spanning? : True
Is IST_1 spanning? : True
Is IST_2 spanning? : True
Is IST_3 spanning? : True
Is IST_4 spanning? : True
Is IST_5 spanning? : True
Are all ISTs independent? : True

====TEST CR(126, 4, 8)====
Is IST_0 spanning? : True
Is IST_1 spanning? : True
Is IST_2 spanning? : True
Is IST_3 spanning? : True
Is IST_4 spanning? : True
Is IST_5 spanning? : True
Are all ISTs independent? : True

====TEST CR(127, 4, 8)====
Is IST_0 spanning? : True
Is IST_1 spanning? : True
Is IST_2 spanning? : True
Is IST_3 spanning? : True
Is IST_4 spanning? : True
Is IST_5 spanning? : True
Are all ISTs independent? : True

====TEST CR(128, 4, 8)====
Is IST_0 spanning? : True
Is IST_1 spanning? : True
Is IST_2 spanning? : True
Is IST_3 spanning? : True
Is IST_4 spanning? : True
Is IST_5 spanning? : True
Are all ISTs independent? : True

====TEST CR(129, 4, 8)====
Is IST_0 spanning? : True
Is IST_1 spanning? : True
Is IST_2 spanning? : True
Is IST_3 spanning? : True
Is IST_4 spanning? : True
Is IST_5 spanning? : True
Are all ISTs independent? : True

====TEST CR(130, 4, 8)====
Is IST_0 spanning? : True
Is IST_1 spanning? : True
Is IST_2 spanning? : True
Is IST_3 spanning? : True
Is IST_4 spanning? : True
Is IST_5 spanning? : True
Are all ISTs independent? : True

====TEST CR(131, 4, 8)====
Is IST_0 spanning? : True
Is IST_1 spanning? : True
Is IST_2 spanning? : True
Is IST_3 spanning? : True
Is IST_4 spanning? : True
Is IST_5 spanning? : True
Are all ISTs independent? : True

====TEST CR(132, 4, 8)====
Is IST_0 spanning? : True
Is IST_1 spanning? : True
Is IST_2 spanning? : True
Is IST_3 spanning? : True
Is IST_4 spanning? : True
Is IST_5 spanning? : True
Are all ISTs independent? : True

====TEST CR(133, 4, 8)====
Is IST_0 spanning? : True
Is IST_1 spanning? : True
Is IST_2 spanning? : True
Is IST_3 spanning? : True
Is IST_4 spanning? : True
Is IST_5 spanning? : True
Are all ISTs independent? : True

====TEST CR(134, 4, 8)====
Is IST_0 spanning? : True
Is IST_1 spanning? : True
Is IST_2 spanning? : True
Is IST_3 spanning? : True
Is IST_4 spanning? : True
Is IST_5 spanning? : True
Are all ISTs independent? : True

====TEST CR(135, 4, 8)====
Is IST_0 spanning? : True
Is IST_1 spanning? : True
Is IST_2 spanning? : True
Is IST_3 spanning? : True
Is IST_4 spanning? : True
Is IST_5 spanning? : True
Are all ISTs independent? : True

====TEST CR(136, 4, 8)====
Is IST_0 spanning? : True
Is IST_1 spanning? : True
Is IST_2 spanning? : True
Is IST_3 spanning? : True
Is IST_4 spanning? : True
Is IST_5 spanning? : True
Are all ISTs independent? : True

====TEST CR(137, 4, 8)====
Is IST_0 spanning? : True
Is IST_1 spanning? : True
Is IST_2 spanning? : True
Is IST_3 spanning? : True
Is IST_4 spanning? : True
Is IST_5 spanning? : True
Are all ISTs independent? : True

====TEST CR(138, 4, 8)====
Is IST_0 spanning? : True
Is IST_1 spanning? : True
Is IST_2 spanning? : True
Is IST_3 spanning? : True
Is IST_4 spanning? : True
Is IST_5 spanning? : True
Are all ISTs independent? : True

====TEST CR(139, 4, 8)====
Is IST_0 spanning? : True
Is IST_1 spanning? : True
Is IST_2 spanning? : True
Is IST_3 spanning? : True
Is IST_4 spanning? : True
Is IST_5 spanning? : True
Are all ISTs independent? : True

====TEST CR(140, 4, 8)====
Is IST_0 spanning? : True
Is IST_1 spanning? : True
Is IST_2 spanning? : True
Is IST_3 spanning? : True
Is IST_4 spanning? : True
Is IST_5 spanning? : True
Are all ISTs independent? : True

====TEST CR(141, 4, 8)====
Is IST_0 spanning? : True
Is IST_1 spanning? : True
Is IST_2 spanning? : True
Is IST_3 spanning? : True
Is IST_4 spanning? : True
Is IST_5 spanning? : True
Are all ISTs independent? : True

====TEST CR(142, 4, 8)====
Is IST_0 spanning? : True
Is IST_1 spanning? : True
Is IST_2 spanning? : True
Is IST_3 spanning? : True
Is IST_4 spanning? : True
Is IST_5 spanning? : True
Are all ISTs independent? : True

====TEST CR(143, 4, 8)====
Is IST_0 spanning? : True
Is IST_1 spanning? : True
Is IST_2 spanning? : True
Is IST_3 spanning? : True
Is IST_4 spanning? : True
Is IST_5 spanning? : True
Are all ISTs independent? : True

====TEST CR(144, 4, 8)====
Is IST_0 spanning? : True
Is IST_1 spanning? : True
Is IST_2 spanning? : True
Is IST_3 spanning? : True
Is IST_4 spanning? : True
Is IST_5 spanning? : True
Are all ISTs independent? : True

====TEST CR(145, 4, 8)====
Is IST_0 spanning? : True
Is IST_1 spanning? : True
Is IST_2 spanning? : True
Is IST_3 spanning? : True
Is IST_4 spanning? : True
Is IST_5 spanning? : True
Are all ISTs independent? : True

====TEST CR(146, 4, 8)====
Is IST_0 spanning? : True
Is IST_1 spanning? : True
Is IST_2 spanning? : True
Is IST_3 spanning? : True
Is IST_4 spanning? : True
Is IST_5 spanning? : True
Are all ISTs independent? : True

====TEST CR(147, 4, 8)====
Is IST_0 spanning? : True
Is IST_1 spanning? : True
Is IST_2 spanning? : True
Is IST_3 spanning? : True
Is IST_4 spanning? : True
Is IST_5 spanning? : True
Are all ISTs independent? : True

====TEST CR(148, 4, 8)====
Is IST_0 spanning? : True
Is IST_1 spanning? : True
Is IST_2 spanning? : True
Is IST_3 spanning? : True
Is IST_4 spanning? : True
Is IST_5 spanning? : True
Are all ISTs independent? : True

====TEST CR(149, 4, 8)====
Is IST_0 spanning? : True
Is IST_1 spanning? : True
Is IST_2 spanning? : True
Is IST_3 spanning? : True
Is IST_4 spanning? : True
Is IST_5 spanning? : True
Are all ISTs independent? : True

====TEST CR(150, 4, 8)====
Is IST_0 spanning? : True
Is IST_1 spanning? : True
Is IST_2 spanning? : True
Is IST_3 spanning? : True
Is IST_4 spanning? : True
Is IST_5 spanning? : True
Are all ISTs independent? : True

====TEST CR(151, 4, 8)====
Is IST_0 spanning? : True
Is IST_1 spanning? : True
Is IST_2 spanning? : True
Is IST_3 spanning? : True
Is IST_4 spanning? : True
Is IST_5 spanning? : True
Are all ISTs independent? : True

====TEST CR(152, 4, 8)====
Is IST_0 spanning? : True
Is IST_1 spanning? : True
Is IST_2 spanning? : True
Is IST_3 spanning? : True
Is IST_4 spanning? : True
Is IST_5 spanning? : True
Are all ISTs independent? : True

====TEST CR(30, 5, 10)====
Is IST_0 spanning? : True
Is IST_1 spanning? : True
Is IST_2 spanning? : True
Is IST_3 spanning? : True
Is IST_4 spanning? : True
Is IST_5 spanning? : True
Are all ISTs independent? : True

====TEST CR(31, 5, 10)====
Is IST_0 spanning? : True
Is IST_1 spanning? : True
Is IST_2 spanning? : True
Is IST_3 spanning? : True
Is IST_4 spanning? : True
Is IST_5 spanning? : True
Are all ISTs independent? : True

====TEST CR(32, 5, 10)====
Is IST_0 spanning? : True
Is IST_1 spanning? : True
Is IST_2 spanning? : True
Is IST_3 spanning? : True
Is IST_4 spanning? : True
Is IST_5 spanning? : True
Are all ISTs independent? : True

====TEST CR(33, 5, 10)====
Is IST_0 spanning? : True
Is IST_1 spanning? : True
Is IST_2 spanning? : True
Is IST_3 spanning? : True
Is IST_4 spanning? : True
Is IST_5 spanning? : True
Are all ISTs independent? : True

====TEST CR(34, 5, 10)====
Is IST_0 spanning? : True
Is IST_1 spanning? : True
Is IST_2 spanning? : True
Is IST_3 spanning? : True
Is IST_4 spanning? : True
Is IST_5 spanning? : True
Are all ISTs independent? : True

====TEST CR(35, 5, 10)====
Is IST_0 spanning? : True
Is IST_1 spanning? : True
Is IST_2 spanning? : True
Is IST_3 spanning? : True
Is IST_4 spanning? : True
Is IST_5 spanning? : True
Are all ISTs independent? : True

====TEST CR(36, 5, 10)====
Is IST_0 spanning? : True
Is IST_1 spanning? : True
Is IST_2 spanning? : True
Is IST_3 spanning? : True
Is IST_4 spanning? : True
Is IST_5 spanning? : True
Are all ISTs independent? : True

====TEST CR(37, 5, 10)====
Is IST_0 spanning? : True
Is IST_1 spanning? : True
Is IST_2 spanning? : True
Is IST_3 spanning? : True
Is IST_4 spanning? : True
Is IST_5 spanning? : True
Are all ISTs independent? : True

====TEST CR(38, 5, 10)====
Is IST_0 spanning? : True
Is IST_1 spanning? : True
Is IST_2 spanning? : True
Is IST_3 spanning? : True
Is IST_4 spanning? : True
Is IST_5 spanning? : True
Are all ISTs independent? : True

====TEST CR(39, 5, 10)====
Is IST_0 spanning? : True
Is IST_1 spanning? : True
Is IST_2 spanning? : True
Is IST_3 spanning? : True
Is IST_4 spanning? : True
Is IST_5 spanning? : True
Are all ISTs independent? : True

====TEST CR(40, 5, 10)====
Is IST_0 spanning? : True
Is IST_1 spanning? : True
Is IST_2 spanning? : True
Is IST_3 spanning? : True
Is IST_4 spanning? : True
Is IST_5 spanning? : True
Are all ISTs independent? : True

====TEST CR(41, 5, 10)====
Is IST_0 spanning? : True
Is IST_1 spanning? : True
Is IST_2 spanning? : True
Is IST_3 spanning? : True
Is IST_4 spanning? : True
Is IST_5 spanning? : True
Are all ISTs independent? : True

====TEST CR(42, 5, 10)====
Is IST_0 spanning? : True
Is IST_1 spanning? : True
Is IST_2 spanning? : True
Is IST_3 spanning? : True
Is IST_4 spanning? : True
Is IST_5 spanning? : True
Are all ISTs independent? : True

====TEST CR(43, 5, 10)====
Is IST_0 spanning? : True
Is IST_1 spanning? : True
Is IST_2 spanning? : True
Is IST_3 spanning? : True
Is IST_4 spanning? : True
Is IST_5 spanning? : True
Are all ISTs independent? : True

====TEST CR(44, 5, 10)====
Is IST_0 spanning? : True
Is IST_1 spanning? : True
Is IST_2 spanning? : True
Is IST_3 spanning? : True
Is IST_4 spanning? : True
Is IST_5 spanning? : True
Are all ISTs independent? : True

====TEST CR(45, 5, 10)====
Is IST_0 spanning? : True
Is IST_1 spanning? : True
Is IST_2 spanning? : True
Is IST_3 spanning? : True
Is IST_4 spanning? : True
Is IST_5 spanning? : True
Are all ISTs independent? : True

====TEST CR(46, 5, 10)====
Is IST_0 spanning? : True
Is IST_1 spanning? : True
Is IST_2 spanning? : True
Is IST_3 spanning? : True
Is IST_4 spanning? : True
Is IST_5 spanning? : True
Are all ISTs independent? : True

====TEST CR(47, 5, 10)====
Is IST_0 spanning? : True
Is IST_1 spanning? : True
Is IST_2 spanning? : True
Is IST_3 spanning? : True
Is IST_4 spanning? : True
Is IST_5 spanning? : True
Are all ISTs independent? : True

====TEST CR(48, 5, 10)====
Is IST_0 spanning? : True
Is IST_1 spanning? : True
Is IST_2 spanning? : True
Is IST_3 spanning? : True
Is IST_4 spanning? : True
Is IST_5 spanning? : True
Are all ISTs independent? : True

====TEST CR(49, 5, 10)====
Is IST_0 spanning? : True
Is IST_1 spanning? : True
Is IST_2 spanning? : True
Is IST_3 spanning? : True
Is IST_4 spanning? : True
Is IST_5 spanning? : True
Are all ISTs independent? : True

====TEST CR(50, 5, 10)====
Is IST_0 spanning? : True
Is IST_1 spanning? : True
Is IST_2 spanning? : True
Is IST_3 spanning? : True
Is IST_4 spanning? : True
Is IST_5 spanning? : True
Are all ISTs independent? : True

====TEST CR(51, 5, 10)====
Is IST_0 spanning? : True
Is IST_1 spanning? : True
Is IST_2 spanning? : True
Is IST_3 spanning? : True
Is IST_4 spanning? : True
Is IST_5 spanning? : True
Are all ISTs independent? : True

====TEST CR(52, 5, 10)====
Is IST_0 spanning? : True
Is IST_1 spanning? : True
Is IST_2 spanning? : True
Is IST_3 spanning? : True
Is IST_4 spanning? : True
Is IST_5 spanning? : True
Are all ISTs independent? : True

====TEST CR(53, 5, 10)====
Is IST_0 spanning? : True
Is IST_1 spanning? : True
Is IST_2 spanning? : True
Is IST_3 spanning? : True
Is IST_4 spanning? : True
Is IST_5 spanning? : True
Are all ISTs independent? : True

====TEST CR(54, 5, 10)====
Is IST_0 spanning? : True
Is IST_1 spanning? : True
Is IST_2 spanning? : True
Is IST_3 spanning? : True
Is IST_4 spanning? : True
Is IST_5 spanning? : True
Are all ISTs independent? : True

====TEST CR(55, 5, 10)====
Is IST_0 spanning? : True
Is IST_1 spanning? : True
Is IST_2 spanning? : True
Is IST_3 spanning? : True
Is IST_4 spanning? : True
Is IST_5 spanning? : True
Are all ISTs independent? : True

====TEST CR(56, 5, 10)====
Is IST_0 spanning? : True
Is IST_1 spanning? : True
Is IST_2 spanning? : True
Is IST_3 spanning? : True
Is IST_4 spanning? : True
Is IST_5 spanning? : True
Are all ISTs independent? : True

====TEST CR(57, 5, 10)====
Is IST_0 spanning? : True
Is IST_1 spanning? : True
Is IST_2 spanning? : True
Is IST_3 spanning? : True
Is IST_4 spanning? : True
Is IST_5 spanning? : True
Are all ISTs independent? : True

====TEST CR(58, 5, 10)====
Is IST_0 spanning? : True
Is IST_1 spanning? : True
Is IST_2 spanning? : True
Is IST_3 spanning? : True
Is IST_4 spanning? : True
Is IST_5 spanning? : True
Are all ISTs independent? : True

====TEST CR(59, 5, 10)====
Is IST_0 spanning? : True
Is IST_1 spanning? : True
Is IST_2 spanning? : True
Is IST_3 spanning? : True
Is IST_4 spanning? : True
Is IST_5 spanning? : True
Are all ISTs independent? : True

====TEST CR(60, 5, 10)====
Is IST_0 spanning? : True
Is IST_1 spanning? : True
Is IST_2 spanning? : True
Is IST_3 spanning? : True
Is IST_4 spanning? : True
Is IST_5 spanning? : True
Are all ISTs independent? : True

====TEST CR(61, 5, 10)====
Is IST_0 spanning? : True
Is IST_1 spanning? : True
Is IST_2 spanning? : True
Is IST_3 spanning? : True
Is IST_4 spanning? : True
Is IST_5 spanning? : True
Are all ISTs independent? : True

====TEST CR(62, 5, 10)====
Is IST_0 spanning? : True
Is IST_1 spanning? : True
Is IST_2 spanning? : True
Is IST_3 spanning? : True
Is IST_4 spanning? : True
Is IST_5 spanning? : True
Are all ISTs independent? : True

====TEST CR(63, 5, 10)====
Is IST_0 spanning? : True
Is IST_1 spanning? : True
Is IST_2 spanning? : True
Is IST_3 spanning? : True
Is IST_4 spanning? : True
Is IST_5 spanning? : True
Are all ISTs independent? : True

====TEST CR(64, 5, 10)====
Is IST_0 spanning? : True
Is IST_1 spanning? : True
Is IST_2 spanning? : True
Is IST_3 spanning? : True
Is IST_4 spanning? : True
Is IST_5 spanning? : True
Are all ISTs independent? : True

====TEST CR(65, 5, 10)====
Is IST_0 spanning? : True
Is IST_1 spanning? : True
Is IST_2 spanning? : True
Is IST_3 spanning? : True
Is IST_4 spanning? : True
Is IST_5 spanning? : True
Are all ISTs independent? : True

====TEST CR(66, 5, 10)====
Is IST_0 spanning? : True
Is IST_1 spanning? : True
Is IST_2 spanning? : True
Is IST_3 spanning? : True
Is IST_4 spanning? : True
Is IST_5 spanning? : True
Are all ISTs independent? : True

====TEST CR(67, 5, 10)====
Is IST_0 spanning? : True
Is IST_1 spanning? : True
Is IST_2 spanning? : True
Is IST_3 spanning? : True
Is IST_4 spanning? : True
Is IST_5 spanning? : True
Are all ISTs independent? : True

====TEST CR(68, 5, 10)====
Is IST_0 spanning? : True
Is IST_1 spanning? : True
Is IST_2 spanning? : True
Is IST_3 spanning? : True
Is IST_4 spanning? : True
Is IST_5 spanning? : True
Are all ISTs independent? : True

====TEST CR(69, 5, 10)====
Is IST_0 spanning? : True
Is IST_1 spanning? : True
Is IST_2 spanning? : True
Is IST_3 spanning? : True
Is IST_4 spanning? : True
Is IST_5 spanning? : True
Are all ISTs independent? : True

====TEST CR(70, 5, 10)====
Is IST_0 spanning? : True
Is IST_1 spanning? : True
Is IST_2 spanning? : True
Is IST_3 spanning? : True
Is IST_4 spanning? : True
Is IST_5 spanning? : True
Are all ISTs independent? : True

====TEST CR(71, 5, 10)====
Is IST_0 spanning? : True
Is IST_1 spanning? : True
Is IST_2 spanning? : True
Is IST_3 spanning? : True
Is IST_4 spanning? : True
Is IST_5 spanning? : True
Are all ISTs independent? : True

====TEST CR(72, 5, 10)====
Is IST_0 spanning? : True
Is IST_1 spanning? : True
Is IST_2 spanning? : True
Is IST_3 spanning? : True
Is IST_4 spanning? : True
Is IST_5 spanning? : True
Are all ISTs independent? : True

====TEST CR(73, 5, 10)====
Is IST_0 spanning? : True
Is IST_1 spanning? : True
Is IST_2 spanning? : True
Is IST_3 spanning? : True
Is IST_4 spanning? : True
Is IST_5 spanning? : True
Are all ISTs independent? : True

====TEST CR(74, 5, 10)====
Is IST_0 spanning? : True
Is IST_1 spanning? : True
Is IST_2 spanning? : True
Is IST_3 spanning? : True
Is IST_4 spanning? : True
Is IST_5 spanning? : True
Are all ISTs independent? : True

====TEST CR(75, 5, 10)====
Is IST_0 spanning? : True
Is IST_1 spanning? : True
Is IST_2 spanning? : True
Is IST_3 spanning? : True
Is IST_4 spanning? : True
Is IST_5 spanning? : True
Are all ISTs independent? : True

====TEST CR(76, 5, 10)====
Is IST_0 spanning? : True
Is IST_1 spanning? : True
Is IST_2 spanning? : True
Is IST_3 spanning? : True
Is IST_4 spanning? : True
Is IST_5 spanning? : True
Are all ISTs independent? : True

====TEST CR(77, 5, 10)====
Is IST_0 spanning? : True
Is IST_1 spanning? : True
Is IST_2 spanning? : True
Is IST_3 spanning? : True
Is IST_4 spanning? : True
Is IST_5 spanning? : True
Are all ISTs independent? : True

====TEST CR(78, 5, 10)====
Is IST_0 spanning? : True
Is IST_1 spanning? : True
Is IST_2 spanning? : True
Is IST_3 spanning? : True
Is IST_4 spanning? : True
Is IST_5 spanning? : True
Are all ISTs independent? : True

====TEST CR(79, 5, 10)====
Is IST_0 spanning? : True
Is IST_1 spanning? : True
Is IST_2 spanning? : True
Is IST_3 spanning? : True
Is IST_4 spanning? : True
Is IST_5 spanning? : True
Are all ISTs independent? : True

====TEST CR(80, 5, 10)====
Is IST_0 spanning? : True
Is IST_1 spanning? : True
Is IST_2 spanning? : True
Is IST_3 spanning? : True
Is IST_4 spanning? : True
Is IST_5 spanning? : True
Are all ISTs independent? : True

====TEST CR(81, 5, 10)====
Is IST_0 spanning? : True
Is IST_1 spanning? : True
Is IST_2 spanning? : True
Is IST_3 spanning? : True
Is IST_4 spanning? : True
Is IST_5 spanning? : True
Are all ISTs independent? : True

====TEST CR(82, 5, 10)====
Is IST_0 spanning? : True
Is IST_1 spanning? : True
Is IST_2 spanning? : True
Is IST_3 spanning? : True
Is IST_4 spanning? : True
Is IST_5 spanning? : True
Are all ISTs independent? : True

====TEST CR(83, 5, 10)====
Is IST_0 spanning? : True
Is IST_1 spanning? : True
Is IST_2 spanning? : True
Is IST_3 spanning? : True
Is IST_4 spanning? : True
Is IST_5 spanning? : True
Are all ISTs independent? : True

====TEST CR(84, 5, 10)====
Is IST_0 spanning? : True
Is IST_1 spanning? : True
Is IST_2 spanning? : True
Is IST_3 spanning? : True
Is IST_4 spanning? : True
Is IST_5 spanning? : True
Are all ISTs independent? : True

====TEST CR(85, 5, 10)====
Is IST_0 spanning? : True
Is IST_1 spanning? : True
Is IST_2 spanning? : True
Is IST_3 spanning? : True
Is IST_4 spanning? : True
Is IST_5 spanning? : True
Are all ISTs independent? : True

====TEST CR(86, 5, 10)====
Is IST_0 spanning? : True
Is IST_1 spanning? : True
Is IST_2 spanning? : True
Is IST_3 spanning? : True
Is IST_4 spanning? : True
Is IST_5 spanning? : True
Are all ISTs independent? : True

====TEST CR(87, 5, 10)====
Is IST_0 spanning? : True
Is IST_1 spanning? : True
Is IST_2 spanning? : True
Is IST_3 spanning? : True
Is IST_4 spanning? : True
Is IST_5 spanning? : True
Are all ISTs independent? : True

====TEST CR(88, 5, 10)====
Is IST_0 spanning? : True
Is IST_1 spanning? : True
Is IST_2 spanning? : True
Is IST_3 spanning? : True
Is IST_4 spanning? : True
Is IST_5 spanning? : True
Are all ISTs independent? : True

====TEST CR(89, 5, 10)====
Is IST_0 spanning? : True
Is IST_1 spanning? : True
Is IST_2 spanning? : True
Is IST_3 spanning? : True
Is IST_4 spanning? : True
Is IST_5 spanning? : True
Are all ISTs independent? : True

====TEST CR(90, 5, 10)====
Is IST_0 spanning? : True
Is IST_1 spanning? : True
Is IST_2 spanning? : True
Is IST_3 spanning? : True
Is IST_4 spanning? : True
Is IST_5 spanning? : True
Are all ISTs independent? : True

====TEST CR(91, 5, 10)====
Is IST_0 spanning? : True
Is IST_1 spanning? : True
Is IST_2 spanning? : True
Is IST_3 spanning? : True
Is IST_4 spanning? : True
Is IST_5 spanning? : True
Are all ISTs independent? : True

====TEST CR(92, 5, 10)====
Is IST_0 spanning? : True
Is IST_1 spanning? : True
Is IST_2 spanning? : True
Is IST_3 spanning? : True
Is IST_4 spanning? : True
Is IST_5 spanning? : True
Are all ISTs independent? : True

====TEST CR(93, 5, 10)====
Is IST_0 spanning? : True
Is IST_1 spanning? : True
Is IST_2 spanning? : True
Is IST_3 spanning? : True
Is IST_4 spanning? : True
Is IST_5 spanning? : True
Are all ISTs independent? : True

====TEST CR(94, 5, 10)====
Is IST_0 spanning? : True
Is IST_1 spanning? : True
Is IST_2 spanning? : True
Is IST_3 spanning? : True
Is IST_4 spanning? : True
Is IST_5 spanning? : True
Are all ISTs independent? : True

====TEST CR(95, 5, 10)====
Is IST_0 spanning? : True
Is IST_1 spanning? : True
Is IST_2 spanning? : True
Is IST_3 spanning? : True
Is IST_4 spanning? : True
Is IST_5 spanning? : True
Are all ISTs independent? : True

====TEST CR(96, 5, 10)====
Is IST_0 spanning? : True
Is IST_1 spanning? : True
Is IST_2 spanning? : True
Is IST_3 spanning? : True
Is IST_4 spanning? : True
Is IST_5 spanning? : True
Are all ISTs independent? : True

====TEST CR(97, 5, 10)====
Is IST_0 spanning? : True
Is IST_1 spanning? : True
Is IST_2 spanning? : True
Is IST_3 spanning? : True
Is IST_4 spanning? : True
Is IST_5 spanning? : True
Are all ISTs independent? : True

====TEST CR(98, 5, 10)====
Is IST_0 spanning? : True
Is IST_1 spanning? : True
Is IST_2 spanning? : True
Is IST_3 spanning? : True
Is IST_4 spanning? : True
Is IST_5 spanning? : True
Are all ISTs independent? : True

====TEST CR(99, 5, 10)====
Is IST_0 spanning? : True
Is IST_1 spanning? : True
Is IST_2 spanning? : True
Is IST_3 spanning? : True
Is IST_4 spanning? : True
Is IST_5 spanning? : True
Are all ISTs independent? : True

====TEST CR(100, 5, 10)====
Is IST_0 spanning? : True
Is IST_1 spanning? : True
Is IST_2 spanning? : True
Is IST_3 spanning? : True
Is IST_4 spanning? : True
Is IST_5 spanning? : True
Are all ISTs independent? : True

====TEST CR(101, 5, 10)====
Is IST_0 spanning? : True
Is IST_1 spanning? : True
Is IST_2 spanning? : True
Is IST_3 spanning? : True
Is IST_4 spanning? : True
Is IST_5 spanning? : True
Are all ISTs independent? : True

====TEST CR(102, 5, 10)====
Is IST_0 spanning? : True
Is IST_1 spanning? : True
Is IST_2 spanning? : True
Is IST_3 spanning? : True
Is IST_4 spanning? : True
Is IST_5 spanning? : True
Are all ISTs independent? : True

====TEST CR(103, 5, 10)====
Is IST_0 spanning? : True
Is IST_1 spanning? : True
Is IST_2 spanning? : True
Is IST_3 spanning? : True
Is IST_4 spanning? : True
Is IST_5 spanning? : True
Are all ISTs independent? : True

====TEST CR(104, 5, 10)====
Is IST_0 spanning? : True
Is IST_1 spanning? : True
Is IST_2 spanning? : True
Is IST_3 spanning? : True
Is IST_4 spanning? : True
Is IST_5 spanning? : True
Are all ISTs independent? : True

====TEST CR(105, 5, 10)====
Is IST_0 spanning? : True
Is IST_1 spanning? : True
Is IST_2 spanning? : True
Is IST_3 spanning? : True
Is IST_4 spanning? : True
Is IST_5 spanning? : True
Are all ISTs independent? : True

====TEST CR(106, 5, 10)====
Is IST_0 spanning? : True
Is IST_1 spanning? : True
Is IST_2 spanning? : True
Is IST_3 spanning? : True
Is IST_4 spanning? : True
Is IST_5 spanning? : True
Are all ISTs independent? : True

====TEST CR(107, 5, 10)====
Is IST_0 spanning? : True
Is IST_1 spanning? : True
Is IST_2 spanning? : True
Is IST_3 spanning? : True
Is IST_4 spanning? : True
Is IST_5 spanning? : True
Are all ISTs independent? : True

====TEST CR(108, 5, 10)====
Is IST_0 spanning? : True
Is IST_1 spanning? : True
Is IST_2 spanning? : True
Is IST_3 spanning? : True
Is IST_4 spanning? : True
Is IST_5 spanning? : True
Are all ISTs independent? : True

====TEST CR(109, 5, 10)====
Is IST_0 spanning? : True
Is IST_1 spanning? : True
Is IST_2 spanning? : True
Is IST_3 spanning? : True
Is IST_4 spanning? : True
Is IST_5 spanning? : True
Are all ISTs independent? : True

====TEST CR(110, 5, 10)====
Is IST_0 spanning? : True
Is IST_1 spanning? : True
Is IST_2 spanning? : True
Is IST_3 spanning? : True
Is IST_4 spanning? : True
Is IST_5 spanning? : True
Are all ISTs independent? : True

====TEST CR(111, 5, 10)====
Is IST_0 spanning? : True
Is IST_1 spanning? : True
Is IST_2 spanning? : True
Is IST_3 spanning? : True
Is IST_4 spanning? : True
Is IST_5 spanning? : True
Are all ISTs independent? : True

====TEST CR(112, 5, 10)====
Is IST_0 spanning? : True
Is IST_1 spanning? : True
Is IST_2 spanning? : True
Is IST_3 spanning? : True
Is IST_4 spanning? : True
Is IST_5 spanning? : True
Are all ISTs independent? : True

====TEST CR(113, 5, 10)====
Is IST_0 spanning? : True
Is IST_1 spanning? : True
Is IST_2 spanning? : True
Is IST_3 spanning? : True
Is IST_4 spanning? : True
Is IST_5 spanning? : True
Are all ISTs independent? : True

====TEST CR(114, 5, 10)====
Is IST_0 spanning? : True
Is IST_1 spanning? : True
Is IST_2 spanning? : True
Is IST_3 spanning? : True
Is IST_4 spanning? : True
Is IST_5 spanning? : True
Are all ISTs independent? : True

====TEST CR(115, 5, 10)====
Is IST_0 spanning? : True
Is IST_1 spanning? : True
Is IST_2 spanning? : True
Is IST_3 spanning? : True
Is IST_4 spanning? : True
Is IST_5 spanning? : True
Are all ISTs independent? : True

====TEST CR(116, 5, 10)====
Is IST_0 spanning? : True
Is IST_1 spanning? : True
Is IST_2 spanning? : True
Is IST_3 spanning? : True
Is IST_4 spanning? : True
Is IST_5 spanning? : True
Are all ISTs independent? : True

====TEST CR(117, 5, 10)====
Is IST_0 spanning? : True
Is IST_1 spanning? : True
Is IST_2 spanning? : True
Is IST_3 spanning? : True
Is IST_4 spanning? : True
Is IST_5 spanning? : True
Are all ISTs independent? : True

====TEST CR(118, 5, 10)====
Is IST_0 spanning? : True
Is IST_1 spanning? : True
Is IST_2 spanning? : True
Is IST_3 spanning? : True
Is IST_4 spanning? : True
Is IST_5 spanning? : True
Are all ISTs independent? : True

====TEST CR(119, 5, 10)====
Is IST_0 spanning? : True
Is IST_1 spanning? : True
Is IST_2 spanning? : True
Is IST_3 spanning? : True
Is IST_4 spanning? : True
Is IST_5 spanning? : True
Are all ISTs independent? : True

====TEST CR(120, 5, 10)====
Is IST_0 spanning? : True
Is IST_1 spanning? : True
Is IST_2 spanning? : True
Is IST_3 spanning? : True
Is IST_4 spanning? : True
Is IST_5 spanning? : True
Are all ISTs independent? : True

====TEST CR(121, 5, 10)====
Is IST_0 spanning? : True
Is IST_1 spanning? : True
Is IST_2 spanning? : True
Is IST_3 spanning? : True
Is IST_4 spanning? : True
Is IST_5 spanning? : True
Are all ISTs independent? : True

====TEST CR(122, 5, 10)====
Is IST_0 spanning? : True
Is IST_1 spanning? : True
Is IST_2 spanning? : True
Is IST_3 spanning? : True
Is IST_4 spanning? : True
Is IST_5 spanning? : True
Are all ISTs independent? : True

====TEST CR(123, 5, 10)====
Is IST_0 spanning? : True
Is IST_1 spanning? : True
Is IST_2 spanning? : True
Is IST_3 spanning? : True
Is IST_4 spanning? : True
Is IST_5 spanning? : True
Are all ISTs independent? : True

====TEST CR(124, 5, 10)====
Is IST_0 spanning? : True
Is IST_1 spanning? : True
Is IST_2 spanning? : True
Is IST_3 spanning? : True
Is IST_4 spanning? : True
Is IST_5 spanning? : True
Are all ISTs independent? : True

====TEST CR(125, 5, 10)====
Is IST_0 spanning? : True
Is IST_1 spanning? : True
Is IST_2 spanning? : True
Is IST_3 spanning? : True
Is IST_4 spanning? : True
Is IST_5 spanning? : True
Are all ISTs independent? : True

====TEST CR(126, 5, 10)====
Is IST_0 spanning? : True
Is IST_1 spanning? : True
Is IST_2 spanning? : True
Is IST_3 spanning? : True
Is IST_4 spanning? : True
Is IST_5 spanning? : True
Are all ISTs independent? : True

====TEST CR(127, 5, 10)====
Is IST_0 spanning? : True
Is IST_1 spanning? : True
Is IST_2 spanning? : True
Is IST_3 spanning? : True
Is IST_4 spanning? : True
Is IST_5 spanning? : True
Are all ISTs independent? : True

====TEST CR(128, 5, 10)====
Is IST_0 spanning? : True
Is IST_1 spanning? : True
Is IST_2 spanning? : True
Is IST_3 spanning? : True
Is IST_4 spanning? : True
Is IST_5 spanning? : True
Are all ISTs independent? : True

====TEST CR(129, 5, 10)====
Is IST_0 spanning? : True
Is IST_1 spanning? : True
Is IST_2 spanning? : True
Is IST_3 spanning? : True
Is IST_4 spanning? : True
Is IST_5 spanning? : True
Are all ISTs independent? : True

====TEST CR(130, 5, 10)====
Is IST_0 spanning? : True
Is IST_1 spanning? : True
Is IST_2 spanning? : True
Is IST_3 spanning? : True
Is IST_4 spanning? : True
Is IST_5 spanning? : True
Are all ISTs independent? : True

====TEST CR(131, 5, 10)====
Is IST_0 spanning? : True
Is IST_1 spanning? : True
Is IST_2 spanning? : True
Is IST_3 spanning? : True
Is IST_4 spanning? : True
Is IST_5 spanning? : True
Are all ISTs independent? : True

====TEST CR(132, 5, 10)====
Is IST_0 spanning? : True
Is IST_1 spanning? : True
Is IST_2 spanning? : True
Is IST_3 spanning? : True
Is IST_4 spanning? : True
Is IST_5 spanning? : True
Are all ISTs independent? : True

====TEST CR(133, 5, 10)====
Is IST_0 spanning? : True
Is IST_1 spanning? : True
Is IST_2 spanning? : True
Is IST_3 spanning? : True
Is IST_4 spanning? : True
Is IST_5 spanning? : True
Are all ISTs independent? : True

====TEST CR(134, 5, 10)====
Is IST_0 spanning? : True
Is IST_1 spanning? : True
Is IST_2 spanning? : True
Is IST_3 spanning? : True
Is IST_4 spanning? : True
Is IST_5 spanning? : True
Are all ISTs independent? : True

====TEST CR(135, 5, 10)====
Is IST_0 spanning? : True
Is IST_1 spanning? : True
Is IST_2 spanning? : True
Is IST_3 spanning? : True
Is IST_4 spanning? : True
Is IST_5 spanning? : True
Are all ISTs independent? : True

====TEST CR(136, 5, 10)====
Is IST_0 spanning? : True
Is IST_1 spanning? : True
Is IST_2 spanning? : True
Is IST_3 spanning? : True
Is IST_4 spanning? : True
Is IST_5 spanning? : True
Are all ISTs independent? : True

====TEST CR(137, 5, 10)====
Is IST_0 spanning? : True
Is IST_1 spanning? : True
Is IST_2 spanning? : True
Is IST_3 spanning? : True
Is IST_4 spanning? : True
Is IST_5 spanning? : True
Are all ISTs independent? : True

====TEST CR(138, 5, 10)====
Is IST_0 spanning? : True
Is IST_1 spanning? : True
Is IST_2 spanning? : True
Is IST_3 spanning? : True
Is IST_4 spanning? : True
Is IST_5 spanning? : True
Are all ISTs independent? : True

====TEST CR(139, 5, 10)====
Is IST_0 spanning? : True
Is IST_1 spanning? : True
Is IST_2 spanning? : True
Is IST_3 spanning? : True
Is IST_4 spanning? : True
Is IST_5 spanning? : True
Are all ISTs independent? : True

====TEST CR(140, 5, 10)====
Is IST_0 spanning? : True
Is IST_1 spanning? : True
Is IST_2 spanning? : True
Is IST_3 spanning? : True
Is IST_4 spanning? : True
Is IST_5 spanning? : True
Are all ISTs independent? : True

====TEST CR(141, 5, 10)====
Is IST_0 spanning? : True
Is IST_1 spanning? : True
Is IST_2 spanning? : True
Is IST_3 spanning? : True
Is IST_4 spanning? : True
Is IST_5 spanning? : True
Are all ISTs independent? : True

====TEST CR(142, 5, 10)====
Is IST_0 spanning? : True
Is IST_1 spanning? : True
Is IST_2 spanning? : True
Is IST_3 spanning? : True
Is IST_4 spanning? : True
Is IST_5 spanning? : True
Are all ISTs independent? : True

====TEST CR(143, 5, 10)====
Is IST_0 spanning? : True
Is IST_1 spanning? : True
Is IST_2 spanning? : True
Is IST_3 spanning? : True
Is IST_4 spanning? : True
Is IST_5 spanning? : True
Are all ISTs independent? : True

====TEST CR(144, 5, 10)====
Is IST_0 spanning? : True
Is IST_1 spanning? : True
Is IST_2 spanning? : True
Is IST_3 spanning? : True
Is IST_4 spanning? : True
Is IST_5 spanning? : True
Are all ISTs independent? : True

====TEST CR(145, 5, 10)====
Is IST_0 spanning? : True
Is IST_1 spanning? : True
Is IST_2 spanning? : True
Is IST_3 spanning? : True
Is IST_4 spanning? : True
Is IST_5 spanning? : True
Are all ISTs independent? : True

====TEST CR(146, 5, 10)====
Is IST_0 spanning? : True
Is IST_1 spanning? : True
Is IST_2 spanning? : True
Is IST_3 spanning? : True
Is IST_4 spanning? : True
Is IST_5 spanning? : True
Are all ISTs independent? : True

====TEST CR(147, 5, 10)====
Is IST_0 spanning? : True
Is IST_1 spanning? : True
Is IST_2 spanning? : True
Is IST_3 spanning? : True
Is IST_4 spanning? : True
Is IST_5 spanning? : True
Are all ISTs independent? : True

====TEST CR(148, 5, 10)====
Is IST_0 spanning? : True
Is IST_1 spanning? : True
Is IST_2 spanning? : True
Is IST_3 spanning? : True
Is IST_4 spanning? : True
Is IST_5 spanning? : True
Are all ISTs independent? : True

====TEST CR(149, 5, 10)====
Is IST_0 spanning? : True
Is IST_1 spanning? : True
Is IST_2 spanning? : True
Is IST_3 spanning? : True
Is IST_4 spanning? : True
Is IST_5 spanning? : True
Are all ISTs independent? : True

====TEST CR(150, 5, 10)====
Is IST_0 spanning? : True
Is IST_1 spanning? : True
Is IST_2 spanning? : True
Is IST_3 spanning? : True
Is IST_4 spanning? : True
Is IST_5 spanning? : True
Are all ISTs independent? : True

====TEST CR(151, 5, 10)====
Is IST_0 spanning? : True
Is IST_1 spanning? : True
Is IST_2 spanning? : True
Is IST_3 spanning? : True
Is IST_4 spanning? : True
Is IST_5 spanning? : True
Are all ISTs independent? : True

====TEST CR(152, 5, 10)====
Is IST_0 spanning? : True
Is IST_1 spanning? : True
Is IST_2 spanning? : True
Is IST_3 spanning? : True
Is IST_4 spanning? : True
Is IST_5 spanning? : True
Are all ISTs independent? : True

====TEST CR(153, 5, 10)====
Is IST_0 spanning? : True
Is IST_1 spanning? : True
Is IST_2 spanning? : True
Is IST_3 spanning? : True
Is IST_4 spanning? : True
Is IST_5 spanning? : True
Are all ISTs independent? : True

====TEST CR(154, 5, 10)====
Is IST_0 spanning? : True
Is IST_1 spanning? : True
Is IST_2 spanning? : True
Is IST_3 spanning? : True
Is IST_4 spanning? : True
Is IST_5 spanning? : True
Are all ISTs independent? : True

====TEST CR(155, 5, 10)====
Is IST_0 spanning? : True
Is IST_1 spanning? : True
Is IST_2 spanning? : True
Is IST_3 spanning? : True
Is IST_4 spanning? : True
Is IST_5 spanning? : True
Are all ISTs independent? : True

====TEST CR(156, 5, 10)====
Is IST_0 spanning? : True
Is IST_1 spanning? : True
Is IST_2 spanning? : True
Is IST_3 spanning? : True
Is IST_4 spanning? : True
Is IST_5 spanning? : True
Are all ISTs independent? : True

====TEST CR(157, 5, 10)====
Is IST_0 spanning? : True
Is IST_1 spanning? : True
Is IST_2 spanning? : True
Is IST_3 spanning? : True
Is IST_4 spanning? : True
Is IST_5 spanning? : True
Are all ISTs independent? : True

====TEST CR(158, 5, 10)====
Is IST_0 spanning? : True
Is IST_1 spanning? : True
Is IST_2 spanning? : True
Is IST_3 spanning? : True
Is IST_4 spanning? : True
Is IST_5 spanning? : True
Are all ISTs independent? : True

====TEST CR(36, 6, 12)====
Is IST_0 spanning? : True
Is IST_1 spanning? : True
Is IST_2 spanning? : True
Is IST_3 spanning? : True
Is IST_4 spanning? : True
Is IST_5 spanning? : True
Are all ISTs independent? : True

====TEST CR(37, 6, 12)====
Is IST_0 spanning? : True
Is IST_1 spanning? : True
Is IST_2 spanning? : True
Is IST_3 spanning? : True
Is IST_4 spanning? : True
Is IST_5 spanning? : True
Are all ISTs independent? : True

====TEST CR(38, 6, 12)====
Is IST_0 spanning? : True
Is IST_1 spanning? : True
Is IST_2 spanning? : True
Is IST_3 spanning? : True
Is IST_4 spanning? : True
Is IST_5 spanning? : True
Are all ISTs independent? : True

====TEST CR(39, 6, 12)====
Is IST_0 spanning? : True
Is IST_1 spanning? : True
Is IST_2 spanning? : True
Is IST_3 spanning? : True
Is IST_4 spanning? : True
Is IST_5 spanning? : True
Are all ISTs independent? : True

====TEST CR(40, 6, 12)====
Is IST_0 spanning? : True
Is IST_1 spanning? : True
Is IST_2 spanning? : True
Is IST_3 spanning? : True
Is IST_4 spanning? : True
Is IST_5 spanning? : True
Are all ISTs independent? : True

====TEST CR(41, 6, 12)====
Is IST_0 spanning? : True
Is IST_1 spanning? : True
Is IST_2 spanning? : True
Is IST_3 spanning? : True
Is IST_4 spanning? : True
Is IST_5 spanning? : True
Are all ISTs independent? : True

====TEST CR(42, 6, 12)====
Is IST_0 spanning? : True
Is IST_1 spanning? : True
Is IST_2 spanning? : True
Is IST_3 spanning? : True
Is IST_4 spanning? : True
Is IST_5 spanning? : True
Are all ISTs independent? : True

====TEST CR(43, 6, 12)====
Is IST_0 spanning? : True
Is IST_1 spanning? : True
Is IST_2 spanning? : True
Is IST_3 spanning? : True
Is IST_4 spanning? : True
Is IST_5 spanning? : True
Are all ISTs independent? : True

====TEST CR(44, 6, 12)====
Is IST_0 spanning? : True
Is IST_1 spanning? : True
Is IST_2 spanning? : True
Is IST_3 spanning? : True
Is IST_4 spanning? : True
Is IST_5 spanning? : True
Are all ISTs independent? : True

====TEST CR(45, 6, 12)====
Is IST_0 spanning? : True
Is IST_1 spanning? : True
Is IST_2 spanning? : True
Is IST_3 spanning? : True
Is IST_4 spanning? : True
Is IST_5 spanning? : True
Are all ISTs independent? : True

====TEST CR(46, 6, 12)====
Is IST_0 spanning? : True
Is IST_1 spanning? : True
Is IST_2 spanning? : True
Is IST_3 spanning? : True
Is IST_4 spanning? : True
Is IST_5 spanning? : True
Are all ISTs independent? : True

====TEST CR(47, 6, 12)====
Is IST_0 spanning? : True
Is IST_1 spanning? : True
Is IST_2 spanning? : True
Is IST_3 spanning? : True
Is IST_4 spanning? : True
Is IST_5 spanning? : True
Are all ISTs independent? : True

====TEST CR(48, 6, 12)====
Is IST_0 spanning? : True
Is IST_1 spanning? : True
Is IST_2 spanning? : True
Is IST_3 spanning? : True
Is IST_4 spanning? : True
Is IST_5 spanning? : True
Are all ISTs independent? : True

====TEST CR(49, 6, 12)====
Is IST_0 spanning? : True
Is IST_1 spanning? : True
Is IST_2 spanning? : True
Is IST_3 spanning? : True
Is IST_4 spanning? : True
Is IST_5 spanning? : True
Are all ISTs independent? : True

====TEST CR(50, 6, 12)====
Is IST_0 spanning? : True
Is IST_1 spanning? : True
Is IST_2 spanning? : True
Is IST_3 spanning? : True
Is IST_4 spanning? : True
Is IST_5 spanning? : True
Are all ISTs independent? : True

====TEST CR(51, 6, 12)====
Is IST_0 spanning? : True
Is IST_1 spanning? : True
Is IST_2 spanning? : True
Is IST_3 spanning? : True
Is IST_4 spanning? : True
Is IST_5 spanning? : True
Are all ISTs independent? : True

====TEST CR(52, 6, 12)====
Is IST_0 spanning? : True
Is IST_1 spanning? : True
Is IST_2 spanning? : True
Is IST_3 spanning? : True
Is IST_4 spanning? : True
Is IST_5 spanning? : True
Are all ISTs independent? : True

====TEST CR(53, 6, 12)====
Is IST_0 spanning? : True
Is IST_1 spanning? : True
Is IST_2 spanning? : True
Is IST_3 spanning? : True
Is IST_4 spanning? : True
Is IST_5 spanning? : True
Are all ISTs independent? : True

====TEST CR(54, 6, 12)====
Is IST_0 spanning? : True
Is IST_1 spanning? : True
Is IST_2 spanning? : True
Is IST_3 spanning? : True
Is IST_4 spanning? : True
Is IST_5 spanning? : True
Are all ISTs independent? : True

====TEST CR(55, 6, 12)====
Is IST_0 spanning? : True
Is IST_1 spanning? : True
Is IST_2 spanning? : True
Is IST_3 spanning? : True
Is IST_4 spanning? : True
Is IST_5 spanning? : True
Are all ISTs independent? : True

====TEST CR(56, 6, 12)====
Is IST_0 spanning? : True
Is IST_1 spanning? : True
Is IST_2 spanning? : True
Is IST_3 spanning? : True
Is IST_4 spanning? : True
Is IST_5 spanning? : True
Are all ISTs independent? : True

====TEST CR(57, 6, 12)====
Is IST_0 spanning? : True
Is IST_1 spanning? : True
Is IST_2 spanning? : True
Is IST_3 spanning? : True
Is IST_4 spanning? : True
Is IST_5 spanning? : True
Are all ISTs independent? : True

====TEST CR(58, 6, 12)====
Is IST_0 spanning? : True
Is IST_1 spanning? : True
Is IST_2 spanning? : True
Is IST_3 spanning? : True
Is IST_4 spanning? : True
Is IST_5 spanning? : True
Are all ISTs independent? : True

====TEST CR(59, 6, 12)====
Is IST_0 spanning? : True
Is IST_1 spanning? : True
Is IST_2 spanning? : True
Is IST_3 spanning? : True
Is IST_4 spanning? : True
Is IST_5 spanning? : True
Are all ISTs independent? : True

====TEST CR(60, 6, 12)====
Is IST_0 spanning? : True
Is IST_1 spanning? : True
Is IST_2 spanning? : True
Is IST_3 spanning? : True
Is IST_4 spanning? : True
Is IST_5 spanning? : True
Are all ISTs independent? : True

====TEST CR(61, 6, 12)====
Is IST_0 spanning? : True
Is IST_1 spanning? : True
Is IST_2 spanning? : True
Is IST_3 spanning? : True
Is IST_4 spanning? : True
Is IST_5 spanning? : True
Are all ISTs independent? : True

====TEST CR(62, 6, 12)====
Is IST_0 spanning? : True
Is IST_1 spanning? : True
Is IST_2 spanning? : True
Is IST_3 spanning? : True
Is IST_4 spanning? : True
Is IST_5 spanning? : True
Are all ISTs independent? : True

====TEST CR(63, 6, 12)====
Is IST_0 spanning? : True
Is IST_1 spanning? : True
Is IST_2 spanning? : True
Is IST_3 spanning? : True
Is IST_4 spanning? : True
Is IST_5 spanning? : True
Are all ISTs independent? : True

====TEST CR(64, 6, 12)====
Is IST_0 spanning? : True
Is IST_1 spanning? : True
Is IST_2 spanning? : True
Is IST_3 spanning? : True
Is IST_4 spanning? : True
Is IST_5 spanning? : True
Are all ISTs independent? : True

====TEST CR(65, 6, 12)====
Is IST_0 spanning? : True
Is IST_1 spanning? : True
Is IST_2 spanning? : True
Is IST_3 spanning? : True
Is IST_4 spanning? : True
Is IST_5 spanning? : True
Are all ISTs independent? : True

====TEST CR(66, 6, 12)====
Is IST_0 spanning? : True
Is IST_1 spanning? : True
Is IST_2 spanning? : True
Is IST_3 spanning? : True
Is IST_4 spanning? : True
Is IST_5 spanning? : True
Are all ISTs independent? : True

====TEST CR(67, 6, 12)====
Is IST_0 spanning? : True
Is IST_1 spanning? : True
Is IST_2 spanning? : True
Is IST_3 spanning? : True
Is IST_4 spanning? : True
Is IST_5 spanning? : True
Are all ISTs independent? : True

====TEST CR(68, 6, 12)====
Is IST_0 spanning? : True
Is IST_1 spanning? : True
Is IST_2 spanning? : True
Is IST_3 spanning? : True
Is IST_4 spanning? : True
Is IST_5 spanning? : True
Are all ISTs independent? : True

====TEST CR(69, 6, 12)====
Is IST_0 spanning? : True
Is IST_1 spanning? : True
Is IST_2 spanning? : True
Is IST_3 spanning? : True
Is IST_4 spanning? : True
Is IST_5 spanning? : True
Are all ISTs independent? : True

====TEST CR(70, 6, 12)====
Is IST_0 spanning? : True
Is IST_1 spanning? : True
Is IST_2 spanning? : True
Is IST_3 spanning? : True
Is IST_4 spanning? : True
Is IST_5 spanning? : True
Are all ISTs independent? : True

====TEST CR(71, 6, 12)====
Is IST_0 spanning? : True
Is IST_1 spanning? : True
Is IST_2 spanning? : True
Is IST_3 spanning? : True
Is IST_4 spanning? : True
Is IST_5 spanning? : True
Are all ISTs independent? : True

====TEST CR(72, 6, 12)====
Is IST_0 spanning? : True
Is IST_1 spanning? : True
Is IST_2 spanning? : True
Is IST_3 spanning? : True
Is IST_4 spanning? : True
Is IST_5 spanning? : True
Are all ISTs independent? : True

====TEST CR(73, 6, 12)====
Is IST_0 spanning? : True
Is IST_1 spanning? : True
Is IST_2 spanning? : True
Is IST_3 spanning? : True
Is IST_4 spanning? : True
Is IST_5 spanning? : True
Are all ISTs independent? : True

====TEST CR(74, 6, 12)====
Is IST_0 spanning? : True
Is IST_1 spanning? : True
Is IST_2 spanning? : True
Is IST_3 spanning? : True
Is IST_4 spanning? : True
Is IST_5 spanning? : True
Are all ISTs independent? : True

====TEST CR(75, 6, 12)====
Is IST_0 spanning? : True
Is IST_1 spanning? : True
Is IST_2 spanning? : True
Is IST_3 spanning? : True
Is IST_4 spanning? : True
Is IST_5 spanning? : True
Are all ISTs independent? : True

====TEST CR(76, 6, 12)====
Is IST_0 spanning? : True
Is IST_1 spanning? : True
Is IST_2 spanning? : True
Is IST_3 spanning? : True
Is IST_4 spanning? : True
Is IST_5 spanning? : True
Are all ISTs independent? : True

====TEST CR(77, 6, 12)====
Is IST_0 spanning? : True
Is IST_1 spanning? : True
Is IST_2 spanning? : True
Is IST_3 spanning? : True
Is IST_4 spanning? : True
Is IST_5 spanning? : True
Are all ISTs independent? : True

====TEST CR(78, 6, 12)====
Is IST_0 spanning? : True
Is IST_1 spanning? : True
Is IST_2 spanning? : True
Is IST_3 spanning? : True
Is IST_4 spanning? : True
Is IST_5 spanning? : True
Are all ISTs independent? : True

====TEST CR(79, 6, 12)====
Is IST_0 spanning? : True
Is IST_1 spanning? : True
Is IST_2 spanning? : True
Is IST_3 spanning? : True
Is IST_4 spanning? : True
Is IST_5 spanning? : True
Are all ISTs independent? : True

====TEST CR(80, 6, 12)====
Is IST_0 spanning? : True
Is IST_1 spanning? : True
Is IST_2 spanning? : True
Is IST_3 spanning? : True
Is IST_4 spanning? : True
Is IST_5 spanning? : True
Are all ISTs independent? : True

====TEST CR(81, 6, 12)====
Is IST_0 spanning? : True
Is IST_1 spanning? : True
Is IST_2 spanning? : True
Is IST_3 spanning? : True
Is IST_4 spanning? : True
Is IST_5 spanning? : True
Are all ISTs independent? : True

====TEST CR(82, 6, 12)====
Is IST_0 spanning? : True
Is IST_1 spanning? : True
Is IST_2 spanning? : True
Is IST_3 spanning? : True
Is IST_4 spanning? : True
Is IST_5 spanning? : True
Are all ISTs independent? : True

====TEST CR(83, 6, 12)====
Is IST_0 spanning? : True
Is IST_1 spanning? : True
Is IST_2 spanning? : True
Is IST_3 spanning? : True
Is IST_4 spanning? : True
Is IST_5 spanning? : True
Are all ISTs independent? : True

====TEST CR(84, 6, 12)====
Is IST_0 spanning? : True
Is IST_1 spanning? : True
Is IST_2 spanning? : True
Is IST_3 spanning? : True
Is IST_4 spanning? : True
Is IST_5 spanning? : True
Are all ISTs independent? : True

====TEST CR(85, 6, 12)====
Is IST_0 spanning? : True
Is IST_1 spanning? : True
Is IST_2 spanning? : True
Is IST_3 spanning? : True
Is IST_4 spanning? : True
Is IST_5 spanning? : True
Are all ISTs independent? : True

====TEST CR(86, 6, 12)====
Is IST_0 spanning? : True
Is IST_1 spanning? : True
Is IST_2 spanning? : True
Is IST_3 spanning? : True
Is IST_4 spanning? : True
Is IST_5 spanning? : True
Are all ISTs independent? : True

====TEST CR(87, 6, 12)====
Is IST_0 spanning? : True
Is IST_1 spanning? : True
Is IST_2 spanning? : True
Is IST_3 spanning? : True
Is IST_4 spanning? : True
Is IST_5 spanning? : True
Are all ISTs independent? : True

====TEST CR(88, 6, 12)====
Is IST_0 spanning? : True
Is IST_1 spanning? : True
Is IST_2 spanning? : True
Is IST_3 spanning? : True
Is IST_4 spanning? : True
Is IST_5 spanning? : True
Are all ISTs independent? : True

====TEST CR(89, 6, 12)====
Is IST_0 spanning? : True
Is IST_1 spanning? : True
Is IST_2 spanning? : True
Is IST_3 spanning? : True
Is IST_4 spanning? : True
Is IST_5 spanning? : True
Are all ISTs independent? : True

====TEST CR(90, 6, 12)====
Is IST_0 spanning? : True
Is IST_1 spanning? : True
Is IST_2 spanning? : True
Is IST_3 spanning? : True
Is IST_4 spanning? : True
Is IST_5 spanning? : True
Are all ISTs independent? : True

====TEST CR(91, 6, 12)====
Is IST_0 spanning? : True
Is IST_1 spanning? : True
Is IST_2 spanning? : True
Is IST_3 spanning? : True
Is IST_4 spanning? : True
Is IST_5 spanning? : True
Are all ISTs independent? : True

====TEST CR(92, 6, 12)====
Is IST_0 spanning? : True
Is IST_1 spanning? : True
Is IST_2 spanning? : True
Is IST_3 spanning? : True
Is IST_4 spanning? : True
Is IST_5 spanning? : True
Are all ISTs independent? : True

====TEST CR(93, 6, 12)====
Is IST_0 spanning? : True
Is IST_1 spanning? : True
Is IST_2 spanning? : True
Is IST_3 spanning? : True
Is IST_4 spanning? : True
Is IST_5 spanning? : True
Are all ISTs independent? : True

====TEST CR(94, 6, 12)====
Is IST_0 spanning? : True
Is IST_1 spanning? : True
Is IST_2 spanning? : True
Is IST_3 spanning? : True
Is IST_4 spanning? : True
Is IST_5 spanning? : True
Are all ISTs independent? : True

====TEST CR(95, 6, 12)====
Is IST_0 spanning? : True
Is IST_1 spanning? : True
Is IST_2 spanning? : True
Is IST_3 spanning? : True
Is IST_4 spanning? : True
Is IST_5 spanning? : True
Are all ISTs independent? : True

====TEST CR(96, 6, 12)====
Is IST_0 spanning? : True
Is IST_1 spanning? : True
Is IST_2 spanning? : True
Is IST_3 spanning? : True
Is IST_4 spanning? : True
Is IST_5 spanning? : True
Are all ISTs independent? : True

====TEST CR(97, 6, 12)====
Is IST_0 spanning? : True
Is IST_1 spanning? : True
Is IST_2 spanning? : True
Is IST_3 spanning? : True
Is IST_4 spanning? : True
Is IST_5 spanning? : True
Are all ISTs independent? : True

====TEST CR(98, 6, 12)====
Is IST_0 spanning? : True
Is IST_1 spanning? : True
Is IST_2 spanning? : True
Is IST_3 spanning? : True
Is IST_4 spanning? : True
Is IST_5 spanning? : True
Are all ISTs independent? : True

====TEST CR(99, 6, 12)====
Is IST_0 spanning? : True
Is IST_1 spanning? : True
Is IST_2 spanning? : True
Is IST_3 spanning? : True
Is IST_4 spanning? : True
Is IST_5 spanning? : True
Are all ISTs independent? : True

====TEST CR(100, 6, 12)====
Is IST_0 spanning? : True
Is IST_1 spanning? : True
Is IST_2 spanning? : True
Is IST_3 spanning? : True
Is IST_4 spanning? : True
Is IST_5 spanning? : True
Are all ISTs independent? : True

====TEST CR(101, 6, 12)====
Is IST_0 spanning? : True
Is IST_1 spanning? : True
Is IST_2 spanning? : True
Is IST_3 spanning? : True
Is IST_4 spanning? : True
Is IST_5 spanning? : True
Are all ISTs independent? : True

====TEST CR(102, 6, 12)====
Is IST_0 spanning? : True
Is IST_1 spanning? : True
Is IST_2 spanning? : True
Is IST_3 spanning? : True
Is IST_4 spanning? : True
Is IST_5 spanning? : True
Are all ISTs independent? : True

====TEST CR(103, 6, 12)====
Is IST_0 spanning? : True
Is IST_1 spanning? : True
Is IST_2 spanning? : True
Is IST_3 spanning? : True
Is IST_4 spanning? : True
Is IST_5 spanning? : True
Are all ISTs independent? : True

====TEST CR(104, 6, 12)====
Is IST_0 spanning? : True
Is IST_1 spanning? : True
Is IST_2 spanning? : True
Is IST_3 spanning? : True
Is IST_4 spanning? : True
Is IST_5 spanning? : True
Are all ISTs independent? : True

====TEST CR(105, 6, 12)====
Is IST_0 spanning? : True
Is IST_1 spanning? : True
Is IST_2 spanning? : True
Is IST_3 spanning? : True
Is IST_4 spanning? : True
Is IST_5 spanning? : True
Are all ISTs independent? : True

====TEST CR(106, 6, 12)====
Is IST_0 spanning? : True
Is IST_1 spanning? : True
Is IST_2 spanning? : True
Is IST_3 spanning? : True
Is IST_4 spanning? : True
Is IST_5 spanning? : True
Are all ISTs independent? : True

====TEST CR(107, 6, 12)====
Is IST_0 spanning? : True
Is IST_1 spanning? : True
Is IST_2 spanning? : True
Is IST_3 spanning? : True
Is IST_4 spanning? : True
Is IST_5 spanning? : True
Are all ISTs independent? : True

====TEST CR(108, 6, 12)====
Is IST_0 spanning? : True
Is IST_1 spanning? : True
Is IST_2 spanning? : True
Is IST_3 spanning? : True
Is IST_4 spanning? : True
Is IST_5 spanning? : True
Are all ISTs independent? : True

====TEST CR(109, 6, 12)====
Is IST_0 spanning? : True
Is IST_1 spanning? : True
Is IST_2 spanning? : True
Is IST_3 spanning? : True
Is IST_4 spanning? : True
Is IST_5 spanning? : True
Are all ISTs independent? : True

====TEST CR(110, 6, 12)====
Is IST_0 spanning? : True
Is IST_1 spanning? : True
Is IST_2 spanning? : True
Is IST_3 spanning? : True
Is IST_4 spanning? : True
Is IST_5 spanning? : True
Are all ISTs independent? : True

====TEST CR(111, 6, 12)====
Is IST_0 spanning? : True
Is IST_1 spanning? : True
Is IST_2 spanning? : True
Is IST_3 spanning? : True
Is IST_4 spanning? : True
Is IST_5 spanning? : True
Are all ISTs independent? : True

====TEST CR(112, 6, 12)====
Is IST_0 spanning? : True
Is IST_1 spanning? : True
Is IST_2 spanning? : True
Is IST_3 spanning? : True
Is IST_4 spanning? : True
Is IST_5 spanning? : True
Are all ISTs independent? : True

====TEST CR(113, 6, 12)====
Is IST_0 spanning? : True
Is IST_1 spanning? : True
Is IST_2 spanning? : True
Is IST_3 spanning? : True
Is IST_4 spanning? : True
Is IST_5 spanning? : True
Are all ISTs independent? : True

====TEST CR(114, 6, 12)====
Is IST_0 spanning? : True
Is IST_1 spanning? : True
Is IST_2 spanning? : True
Is IST_3 spanning? : True
Is IST_4 spanning? : True
Is IST_5 spanning? : True
Are all ISTs independent? : True

====TEST CR(115, 6, 12)====
Is IST_0 spanning? : True
Is IST_1 spanning? : True
Is IST_2 spanning? : True
Is IST_3 spanning? : True
Is IST_4 spanning? : True
Is IST_5 spanning? : True
Are all ISTs independent? : True

====TEST CR(116, 6, 12)====
Is IST_0 spanning? : True
Is IST_1 spanning? : True
Is IST_2 spanning? : True
Is IST_3 spanning? : True
Is IST_4 spanning? : True
Is IST_5 spanning? : True
Are all ISTs independent? : True

====TEST CR(117, 6, 12)====
Is IST_0 spanning? : True
Is IST_1 spanning? : True
Is IST_2 spanning? : True
Is IST_3 spanning? : True
Is IST_4 spanning? : True
Is IST_5 spanning? : True
Are all ISTs independent? : True

====TEST CR(118, 6, 12)====
Is IST_0 spanning? : True
Is IST_1 spanning? : True
Is IST_2 spanning? : True
Is IST_3 spanning? : True
Is IST_4 spanning? : True
Is IST_5 spanning? : True
Are all ISTs independent? : True

====TEST CR(119, 6, 12)====
Is IST_0 spanning? : True
Is IST_1 spanning? : True
Is IST_2 spanning? : True
Is IST_3 spanning? : True
Is IST_4 spanning? : True
Is IST_5 spanning? : True
Are all ISTs independent? : True

====TEST CR(120, 6, 12)====
Is IST_0 spanning? : True
Is IST_1 spanning? : True
Is IST_2 spanning? : True
Is IST_3 spanning? : True
Is IST_4 spanning? : True
Is IST_5 spanning? : True
Are all ISTs independent? : True

====TEST CR(121, 6, 12)====
Is IST_0 spanning? : True
Is IST_1 spanning? : True
Is IST_2 spanning? : True
Is IST_3 spanning? : True
Is IST_4 spanning? : True
Is IST_5 spanning? : True
Are all ISTs independent? : True

====TEST CR(122, 6, 12)====
Is IST_0 spanning? : True
Is IST_1 spanning? : True
Is IST_2 spanning? : True
Is IST_3 spanning? : True
Is IST_4 spanning? : True
Is IST_5 spanning? : True
Are all ISTs independent? : True

====TEST CR(123, 6, 12)====
Is IST_0 spanning? : True
Is IST_1 spanning? : True
Is IST_2 spanning? : True
Is IST_3 spanning? : True
Is IST_4 spanning? : True
Is IST_5 spanning? : True
Are all ISTs independent? : True

====TEST CR(124, 6, 12)====
Is IST_0 spanning? : True
Is IST_1 spanning? : True
Is IST_2 spanning? : True
Is IST_3 spanning? : True
Is IST_4 spanning? : True
Is IST_5 spanning? : True
Are all ISTs independent? : True

====TEST CR(125, 6, 12)====
Is IST_0 spanning? : True
Is IST_1 spanning? : True
Is IST_2 spanning? : True
Is IST_3 spanning? : True
Is IST_4 spanning? : True
Is IST_5 spanning? : True
Are all ISTs independent? : True

====TEST CR(126, 6, 12)====
Is IST_0 spanning? : True
Is IST_1 spanning? : True
Is IST_2 spanning? : True
Is IST_3 spanning? : True
Is IST_4 spanning? : True
Is IST_5 spanning? : True
Are all ISTs independent? : True

====TEST CR(127, 6, 12)====
Is IST_0 spanning? : True
Is IST_1 spanning? : True
Is IST_2 spanning? : True
Is IST_3 spanning? : True
Is IST_4 spanning? : True
Is IST_5 spanning? : True
Are all ISTs independent? : True

====TEST CR(128, 6, 12)====
Is IST_0 spanning? : True
Is IST_1 spanning? : True
Is IST_2 spanning? : True
Is IST_3 spanning? : True
Is IST_4 spanning? : True
Is IST_5 spanning? : True
Are all ISTs independent? : True

====TEST CR(129, 6, 12)====
Is IST_0 spanning? : True
Is IST_1 spanning? : True
Is IST_2 spanning? : True
Is IST_3 spanning? : True
Is IST_4 spanning? : True
Is IST_5 spanning? : True
Are all ISTs independent? : True

====TEST CR(130, 6, 12)====
Is IST_0 spanning? : True
Is IST_1 spanning? : True
Is IST_2 spanning? : True
Is IST_3 spanning? : True
Is IST_4 spanning? : True
Is IST_5 spanning? : True
Are all ISTs independent? : True

====TEST CR(131, 6, 12)====
Is IST_0 spanning? : True
Is IST_1 spanning? : True
Is IST_2 spanning? : True
Is IST_3 spanning? : True
Is IST_4 spanning? : True
Is IST_5 spanning? : True
Are all ISTs independent? : True

====TEST CR(132, 6, 12)====
Is IST_0 spanning? : True
Is IST_1 spanning? : True
Is IST_2 spanning? : True
Is IST_3 spanning? : True
Is IST_4 spanning? : True
Is IST_5 spanning? : True
Are all ISTs independent? : True

====TEST CR(133, 6, 12)====
Is IST_0 spanning? : True
Is IST_1 spanning? : True
Is IST_2 spanning? : True
Is IST_3 spanning? : True
Is IST_4 spanning? : True
Is IST_5 spanning? : True
Are all ISTs independent? : True

====TEST CR(134, 6, 12)====
Is IST_0 spanning? : True
Is IST_1 spanning? : True
Is IST_2 spanning? : True
Is IST_3 spanning? : True
Is IST_4 spanning? : True
Is IST_5 spanning? : True
Are all ISTs independent? : True

====TEST CR(135, 6, 12)====
Is IST_0 spanning? : True
Is IST_1 spanning? : True
Is IST_2 spanning? : True
Is IST_3 spanning? : True
Is IST_4 spanning? : True
Is IST_5 spanning? : True
Are all ISTs independent? : True

====TEST CR(136, 6, 12)====
Is IST_0 spanning? : True
Is IST_1 spanning? : True
Is IST_2 spanning? : True
Is IST_3 spanning? : True
Is IST_4 spanning? : True
Is IST_5 spanning? : True
Are all ISTs independent? : True

====TEST CR(137, 6, 12)====
Is IST_0 spanning? : True
Is IST_1 spanning? : True
Is IST_2 spanning? : True
Is IST_3 spanning? : True
Is IST_4 spanning? : True
Is IST_5 spanning? : True
Are all ISTs independent? : True

====TEST CR(138, 6, 12)====
Is IST_0 spanning? : True
Is IST_1 spanning? : True
Is IST_2 spanning? : True
Is IST_3 spanning? : True
Is IST_4 spanning? : True
Is IST_5 spanning? : True
Are all ISTs independent? : True

====TEST CR(139, 6, 12)====
Is IST_0 spanning? : True
Is IST_1 spanning? : True
Is IST_2 spanning? : True
Is IST_3 spanning? : True
Is IST_4 spanning? : True
Is IST_5 spanning? : True
Are all ISTs independent? : True

====TEST CR(140, 6, 12)====
Is IST_0 spanning? : True
Is IST_1 spanning? : True
Is IST_2 spanning? : True
Is IST_3 spanning? : True
Is IST_4 spanning? : True
Is IST_5 spanning? : True
Are all ISTs independent? : True

====TEST CR(141, 6, 12)====
Is IST_0 spanning? : True
Is IST_1 spanning? : True
Is IST_2 spanning? : True
Is IST_3 spanning? : True
Is IST_4 spanning? : True
Is IST_5 spanning? : True
Are all ISTs independent? : True

====TEST CR(142, 6, 12)====
Is IST_0 spanning? : True
Is IST_1 spanning? : True
Is IST_2 spanning? : True
Is IST_3 spanning? : True
Is IST_4 spanning? : True
Is IST_5 spanning? : True
Are all ISTs independent? : True

====TEST CR(143, 6, 12)====
Is IST_0 spanning? : True
Is IST_1 spanning? : True
Is IST_2 spanning? : True
Is IST_3 spanning? : True
Is IST_4 spanning? : True
Is IST_5 spanning? : True
Are all ISTs independent? : True

====TEST CR(144, 6, 12)====
Is IST_0 spanning? : True
Is IST_1 spanning? : True
Is IST_2 spanning? : True
Is IST_3 spanning? : True
Is IST_4 spanning? : True
Is IST_5 spanning? : True
Are all ISTs independent? : True

====TEST CR(145, 6, 12)====
Is IST_0 spanning? : True
Is IST_1 spanning? : True
Is IST_2 spanning? : True
Is IST_3 spanning? : True
Is IST_4 spanning? : True
Is IST_5 spanning? : True
Are all ISTs independent? : True

====TEST CR(146, 6, 12)====
Is IST_0 spanning? : True
Is IST_1 spanning? : True
Is IST_2 spanning? : True
Is IST_3 spanning? : True
Is IST_4 spanning? : True
Is IST_5 spanning? : True
Are all ISTs independent? : True

====TEST CR(147, 6, 12)====
Is IST_0 spanning? : True
Is IST_1 spanning? : True
Is IST_2 spanning? : True
Is IST_3 spanning? : True
Is IST_4 spanning? : True
Is IST_5 spanning? : True
Are all ISTs independent? : True

====TEST CR(148, 6, 12)====
Is IST_0 spanning? : True
Is IST_1 spanning? : True
Is IST_2 spanning? : True
Is IST_3 spanning? : True
Is IST_4 spanning? : True
Is IST_5 spanning? : True
Are all ISTs independent? : True

====TEST CR(149, 6, 12)====
Is IST_0 spanning? : True
Is IST_1 spanning? : True
Is IST_2 spanning? : True
Is IST_3 spanning? : True
Is IST_4 spanning? : True
Is IST_5 spanning? : True
Are all ISTs independent? : True

====TEST CR(150, 6, 12)====
Is IST_0 spanning? : True
Is IST_1 spanning? : True
Is IST_2 spanning? : True
Is IST_3 spanning? : True
Is IST_4 spanning? : True
Is IST_5 spanning? : True
Are all ISTs independent? : True

====TEST CR(151, 6, 12)====
Is IST_0 spanning? : True
Is IST_1 spanning? : True
Is IST_2 spanning? : True
Is IST_3 spanning? : True
Is IST_4 spanning? : True
Is IST_5 spanning? : True
Are all ISTs independent? : True

====TEST CR(152, 6, 12)====
Is IST_0 spanning? : True
Is IST_1 spanning? : True
Is IST_2 spanning? : True
Is IST_3 spanning? : True
Is IST_4 spanning? : True
Is IST_5 spanning? : True
Are all ISTs independent? : True

====TEST CR(153, 6, 12)====
Is IST_0 spanning? : True
Is IST_1 spanning? : True
Is IST_2 spanning? : True
Is IST_3 spanning? : True
Is IST_4 spanning? : True
Is IST_5 spanning? : True
Are all ISTs independent? : True

====TEST CR(154, 6, 12)====
Is IST_0 spanning? : True
Is IST_1 spanning? : True
Is IST_2 spanning? : True
Is IST_3 spanning? : True
Is IST_4 spanning? : True
Is IST_5 spanning? : True
Are all ISTs independent? : True

====TEST CR(155, 6, 12)====
Is IST_0 spanning? : True
Is IST_1 spanning? : True
Is IST_2 spanning? : True
Is IST_3 spanning? : True
Is IST_4 spanning? : True
Is IST_5 spanning? : True
Are all ISTs independent? : True

====TEST CR(156, 6, 12)====
Is IST_0 spanning? : True
Is IST_1 spanning? : True
Is IST_2 spanning? : True
Is IST_3 spanning? : True
Is IST_4 spanning? : True
Is IST_5 spanning? : True
Are all ISTs independent? : True

====TEST CR(157, 6, 12)====
Is IST_0 spanning? : True
Is IST_1 spanning? : True
Is IST_2 spanning? : True
Is IST_3 spanning? : True
Is IST_4 spanning? : True
Is IST_5 spanning? : True
Are all ISTs independent? : True

====TEST CR(158, 6, 12)====
Is IST_0 spanning? : True
Is IST_1 spanning? : True
Is IST_2 spanning? : True
Is IST_3 spanning? : True
Is IST_4 spanning? : True
Is IST_5 spanning? : True
Are all ISTs independent? : True

====TEST CR(159, 6, 12)====
Is IST_0 spanning? : True
Is IST_1 spanning? : True
Is IST_2 spanning? : True
Is IST_3 spanning? : True
Is IST_4 spanning? : True
Is IST_5 spanning? : True
Are all ISTs independent? : True

====TEST CR(160, 6, 12)====
Is IST_0 spanning? : True
Is IST_1 spanning? : True
Is IST_2 spanning? : True
Is IST_3 spanning? : True
Is IST_4 spanning? : True
Is IST_5 spanning? : True
Are all ISTs independent? : True

====TEST CR(161, 6, 12)====
Is IST_0 spanning? : True
Is IST_1 spanning? : True
Is IST_2 spanning? : True
Is IST_3 spanning? : True
Is IST_4 spanning? : True
Is IST_5 spanning? : True
Are all ISTs independent? : True

====TEST CR(162, 6, 12)====
Is IST_0 spanning? : True
Is IST_1 spanning? : True
Is IST_2 spanning? : True
Is IST_3 spanning? : True
Is IST_4 spanning? : True
Is IST_5 spanning? : True
Are all ISTs independent? : True

====TEST CR(163, 6, 12)====
Is IST_0 spanning? : True
Is IST_1 spanning? : True
Is IST_2 spanning? : True
Is IST_3 spanning? : True
Is IST_4 spanning? : True
Is IST_5 spanning? : True
Are all ISTs independent? : True

====TEST CR(164, 6, 12)====
Is IST_0 spanning? : True
Is IST_1 spanning? : True
Is IST_2 spanning? : True
Is IST_3 spanning? : True
Is IST_4 spanning? : True
Is IST_5 spanning? : True
Are all ISTs independent? : True

====TEST CR(42, 7, 14)====
Is IST_0 spanning? : True
Is IST_1 spanning? : True
Is IST_2 spanning? : True
Is IST_3 spanning? : True
Is IST_4 spanning? : True
Is IST_5 spanning? : True
Are all ISTs independent? : True

====TEST CR(43, 7, 14)====
Is IST_0 spanning? : True
Is IST_1 spanning? : True
Is IST_2 spanning? : True
Is IST_3 spanning? : True
Is IST_4 spanning? : True
Is IST_5 spanning? : True
Are all ISTs independent? : True

====TEST CR(44, 7, 14)====
Is IST_0 spanning? : True
Is IST_1 spanning? : True
Is IST_2 spanning? : True
Is IST_3 spanning? : True
Is IST_4 spanning? : True
Is IST_5 spanning? : True
Are all ISTs independent? : True

====TEST CR(45, 7, 14)====
Is IST_0 spanning? : True
Is IST_1 spanning? : True
Is IST_2 spanning? : True
Is IST_3 spanning? : True
Is IST_4 spanning? : True
Is IST_5 spanning? : True
Are all ISTs independent? : True

====TEST CR(46, 7, 14)====
Is IST_0 spanning? : True
Is IST_1 spanning? : True
Is IST_2 spanning? : True
Is IST_3 spanning? : True
Is IST_4 spanning? : True
Is IST_5 spanning? : True
Are all ISTs independent? : True

====TEST CR(47, 7, 14)====
Is IST_0 spanning? : True
Is IST_1 spanning? : True
Is IST_2 spanning? : True
Is IST_3 spanning? : True
Is IST_4 spanning? : True
Is IST_5 spanning? : True
Are all ISTs independent? : True

====TEST CR(48, 7, 14)====
Is IST_0 spanning? : True
Is IST_1 spanning? : True
Is IST_2 spanning? : True
Is IST_3 spanning? : True
Is IST_4 spanning? : True
Is IST_5 spanning? : True
Are all ISTs independent? : True

====TEST CR(49, 7, 14)====
Is IST_0 spanning? : True
Is IST_1 spanning? : True
Is IST_2 spanning? : True
Is IST_3 spanning? : True
Is IST_4 spanning? : True
Is IST_5 spanning? : True
Are all ISTs independent? : True

====TEST CR(50, 7, 14)====
Is IST_0 spanning? : True
Is IST_1 spanning? : True
Is IST_2 spanning? : True
Is IST_3 spanning? : True
Is IST_4 spanning? : True
Is IST_5 spanning? : True
Are all ISTs independent? : True

====TEST CR(51, 7, 14)====
Is IST_0 spanning? : True
Is IST_1 spanning? : True
Is IST_2 spanning? : True
Is IST_3 spanning? : True
Is IST_4 spanning? : True
Is IST_5 spanning? : True
Are all ISTs independent? : True

====TEST CR(52, 7, 14)====
Is IST_0 spanning? : True
Is IST_1 spanning? : True
Is IST_2 spanning? : True
Is IST_3 spanning? : True
Is IST_4 spanning? : True
Is IST_5 spanning? : True
Are all ISTs independent? : True

====TEST CR(53, 7, 14)====
Is IST_0 spanning? : True
Is IST_1 spanning? : True
Is IST_2 spanning? : True
Is IST_3 spanning? : True
Is IST_4 spanning? : True
Is IST_5 spanning? : True
Are all ISTs independent? : True

====TEST CR(54, 7, 14)====
Is IST_0 spanning? : True
Is IST_1 spanning? : True
Is IST_2 spanning? : True
Is IST_3 spanning? : True
Is IST_4 spanning? : True
Is IST_5 spanning? : True
Are all ISTs independent? : True

====TEST CR(55, 7, 14)====
Is IST_0 spanning? : True
Is IST_1 spanning? : True
Is IST_2 spanning? : True
Is IST_3 spanning? : True
Is IST_4 spanning? : True
Is IST_5 spanning? : True
Are all ISTs independent? : True

====TEST CR(56, 7, 14)====
Is IST_0 spanning? : True
Is IST_1 spanning? : True
Is IST_2 spanning? : True
Is IST_3 spanning? : True
Is IST_4 spanning? : True
Is IST_5 spanning? : True
Are all ISTs independent? : True

====TEST CR(57, 7, 14)====
Is IST_0 spanning? : True
Is IST_1 spanning? : True
Is IST_2 spanning? : True
Is IST_3 spanning? : True
Is IST_4 spanning? : True
Is IST_5 spanning? : True
Are all ISTs independent? : True

====TEST CR(58, 7, 14)====
Is IST_0 spanning? : True
Is IST_1 spanning? : True
Is IST_2 spanning? : True
Is IST_3 spanning? : True
Is IST_4 spanning? : True
Is IST_5 spanning? : True
Are all ISTs independent? : True

====TEST CR(59, 7, 14)====
Is IST_0 spanning? : True
Is IST_1 spanning? : True
Is IST_2 spanning? : True
Is IST_3 spanning? : True
Is IST_4 spanning? : True
Is IST_5 spanning? : True
Are all ISTs independent? : True

====TEST CR(60, 7, 14)====
Is IST_0 spanning? : True
Is IST_1 spanning? : True
Is IST_2 spanning? : True
Is IST_3 spanning? : True
Is IST_4 spanning? : True
Is IST_5 spanning? : True
Are all ISTs independent? : True

====TEST CR(61, 7, 14)====
Is IST_0 spanning? : True
Is IST_1 spanning? : True
Is IST_2 spanning? : True
Is IST_3 spanning? : True
Is IST_4 spanning? : True
Is IST_5 spanning? : True
Are all ISTs independent? : True

====TEST CR(62, 7, 14)====
Is IST_0 spanning? : True
Is IST_1 spanning? : True
Is IST_2 spanning? : True
Is IST_3 spanning? : True
Is IST_4 spanning? : True
Is IST_5 spanning? : True
Are all ISTs independent? : True

====TEST CR(63, 7, 14)====
Is IST_0 spanning? : True
Is IST_1 spanning? : True
Is IST_2 spanning? : True
Is IST_3 spanning? : True
Is IST_4 spanning? : True
Is IST_5 spanning? : True
Are all ISTs independent? : True

====TEST CR(64, 7, 14)====
Is IST_0 spanning? : True
Is IST_1 spanning? : True
Is IST_2 spanning? : True
Is IST_3 spanning? : True
Is IST_4 spanning? : True
Is IST_5 spanning? : True
Are all ISTs independent? : True

====TEST CR(65, 7, 14)====
Is IST_0 spanning? : True
Is IST_1 spanning? : True
Is IST_2 spanning? : True
Is IST_3 spanning? : True
Is IST_4 spanning? : True
Is IST_5 spanning? : True
Are all ISTs independent? : True

====TEST CR(66, 7, 14)====
Is IST_0 spanning? : True
Is IST_1 spanning? : True
Is IST_2 spanning? : True
Is IST_3 spanning? : True
Is IST_4 spanning? : True
Is IST_5 spanning? : True
Are all ISTs independent? : True

====TEST CR(67, 7, 14)====
Is IST_0 spanning? : True
Is IST_1 spanning? : True
Is IST_2 spanning? : True
Is IST_3 spanning? : True
Is IST_4 spanning? : True
Is IST_5 spanning? : True
Are all ISTs independent? : True

====TEST CR(68, 7, 14)====
Is IST_0 spanning? : True
Is IST_1 spanning? : True
Is IST_2 spanning? : True
Is IST_3 spanning? : True
Is IST_4 spanning? : True
Is IST_5 spanning? : True
Are all ISTs independent? : True

====TEST CR(69, 7, 14)====
Is IST_0 spanning? : True
Is IST_1 spanning? : True
Is IST_2 spanning? : True
Is IST_3 spanning? : True
Is IST_4 spanning? : True
Is IST_5 spanning? : True
Are all ISTs independent? : True

====TEST CR(70, 7, 14)====
Is IST_0 spanning? : True
Is IST_1 spanning? : True
Is IST_2 spanning? : True
Is IST_3 spanning? : True
Is IST_4 spanning? : True
Is IST_5 spanning? : True
Are all ISTs independent? : True

====TEST CR(71, 7, 14)====
Is IST_0 spanning? : True
Is IST_1 spanning? : True
Is IST_2 spanning? : True
Is IST_3 spanning? : True
Is IST_4 spanning? : True
Is IST_5 spanning? : True
Are all ISTs independent? : True

====TEST CR(72, 7, 14)====
Is IST_0 spanning? : True
Is IST_1 spanning? : True
Is IST_2 spanning? : True
Is IST_3 spanning? : True
Is IST_4 spanning? : True
Is IST_5 spanning? : True
Are all ISTs independent? : True

====TEST CR(73, 7, 14)====
Is IST_0 spanning? : True
Is IST_1 spanning? : True
Is IST_2 spanning? : True
Is IST_3 spanning? : True
Is IST_4 spanning? : True
Is IST_5 spanning? : True
Are all ISTs independent? : True

====TEST CR(74, 7, 14)====
Is IST_0 spanning? : True
Is IST_1 spanning? : True
Is IST_2 spanning? : True
Is IST_3 spanning? : True
Is IST_4 spanning? : True
Is IST_5 spanning? : True
Are all ISTs independent? : True

====TEST CR(75, 7, 14)====
Is IST_0 spanning? : True
Is IST_1 spanning? : True
Is IST_2 spanning? : True
Is IST_3 spanning? : True
Is IST_4 spanning? : True
Is IST_5 spanning? : True
Are all ISTs independent? : True

====TEST CR(76, 7, 14)====
Is IST_0 spanning? : True
Is IST_1 spanning? : True
Is IST_2 spanning? : True
Is IST_3 spanning? : True
Is IST_4 spanning? : True
Is IST_5 spanning? : True
Are all ISTs independent? : True

====TEST CR(77, 7, 14)====
Is IST_0 spanning? : True
Is IST_1 spanning? : True
Is IST_2 spanning? : True
Is IST_3 spanning? : True
Is IST_4 spanning? : True
Is IST_5 spanning? : True
Are all ISTs independent? : True

====TEST CR(78, 7, 14)====
Is IST_0 spanning? : True
Is IST_1 spanning? : True
Is IST_2 spanning? : True
Is IST_3 spanning? : True
Is IST_4 spanning? : True
Is IST_5 spanning? : True
Are all ISTs independent? : True

====TEST CR(79, 7, 14)====
Is IST_0 spanning? : True
Is IST_1 spanning? : True
Is IST_2 spanning? : True
Is IST_3 spanning? : True
Is IST_4 spanning? : True
Is IST_5 spanning? : True
Are all ISTs independent? : True

====TEST CR(80, 7, 14)====
Is IST_0 spanning? : True
Is IST_1 spanning? : True
Is IST_2 spanning? : True
Is IST_3 spanning? : True
Is IST_4 spanning? : True
Is IST_5 spanning? : True
Are all ISTs independent? : True

====TEST CR(81, 7, 14)====
Is IST_0 spanning? : True
Is IST_1 spanning? : True
Is IST_2 spanning? : True
Is IST_3 spanning? : True
Is IST_4 spanning? : True
Is IST_5 spanning? : True
Are all ISTs independent? : True

====TEST CR(82, 7, 14)====
Is IST_0 spanning? : True
Is IST_1 spanning? : True
Is IST_2 spanning? : True
Is IST_3 spanning? : True
Is IST_4 spanning? : True
Is IST_5 spanning? : True
Are all ISTs independent? : True

====TEST CR(83, 7, 14)====
Is IST_0 spanning? : True
Is IST_1 spanning? : True
Is IST_2 spanning? : True
Is IST_3 spanning? : True
Is IST_4 spanning? : True
Is IST_5 spanning? : True
Are all ISTs independent? : True

====TEST CR(84, 7, 14)====
Is IST_0 spanning? : True
Is IST_1 spanning? : True
Is IST_2 spanning? : True
Is IST_3 spanning? : True
Is IST_4 spanning? : True
Is IST_5 spanning? : True
Are all ISTs independent? : True

====TEST CR(85, 7, 14)====
Is IST_0 spanning? : True
Is IST_1 spanning? : True
Is IST_2 spanning? : True
Is IST_3 spanning? : True
Is IST_4 spanning? : True
Is IST_5 spanning? : True
Are all ISTs independent? : True

====TEST CR(86, 7, 14)====
Is IST_0 spanning? : True
Is IST_1 spanning? : True
Is IST_2 spanning? : True
Is IST_3 spanning? : True
Is IST_4 spanning? : True
Is IST_5 spanning? : True
Are all ISTs independent? : True

====TEST CR(87, 7, 14)====
Is IST_0 spanning? : True
Is IST_1 spanning? : True
Is IST_2 spanning? : True
Is IST_3 spanning? : True
Is IST_4 spanning? : True
Is IST_5 spanning? : True
Are all ISTs independent? : True

====TEST CR(88, 7, 14)====
Is IST_0 spanning? : True
Is IST_1 spanning? : True
Is IST_2 spanning? : True
Is IST_3 spanning? : True
Is IST_4 spanning? : True
Is IST_5 spanning? : True
Are all ISTs independent? : True

====TEST CR(89, 7, 14)====
Is IST_0 spanning? : True
Is IST_1 spanning? : True
Is IST_2 spanning? : True
Is IST_3 spanning? : True
Is IST_4 spanning? : True
Is IST_5 spanning? : True
Are all ISTs independent? : True

====TEST CR(90, 7, 14)====
Is IST_0 spanning? : True
Is IST_1 spanning? : True
Is IST_2 spanning? : True
Is IST_3 spanning? : True
Is IST_4 spanning? : True
Is IST_5 spanning? : True
Are all ISTs independent? : True

====TEST CR(91, 7, 14)====
Is IST_0 spanning? : True
Is IST_1 spanning? : True
Is IST_2 spanning? : True
Is IST_3 spanning? : True
Is IST_4 spanning? : True
Is IST_5 spanning? : True
Are all ISTs independent? : True

====TEST CR(92, 7, 14)====
Is IST_0 spanning? : True
Is IST_1 spanning? : True
Is IST_2 spanning? : True
Is IST_3 spanning? : True
Is IST_4 spanning? : True
Is IST_5 spanning? : True
Are all ISTs independent? : True

====TEST CR(93, 7, 14)====
Is IST_0 spanning? : True
Is IST_1 spanning? : True
Is IST_2 spanning? : True
Is IST_3 spanning? : True
Is IST_4 spanning? : True
Is IST_5 spanning? : True
Are all ISTs independent? : True

====TEST CR(94, 7, 14)====
Is IST_0 spanning? : True
Is IST_1 spanning? : True
Is IST_2 spanning? : True
Is IST_3 spanning? : True
Is IST_4 spanning? : True
Is IST_5 spanning? : True
Are all ISTs independent? : True

====TEST CR(95, 7, 14)====
Is IST_0 spanning? : True
Is IST_1 spanning? : True
Is IST_2 spanning? : True
Is IST_3 spanning? : True
Is IST_4 spanning? : True
Is IST_5 spanning? : True
Are all ISTs independent? : True

====TEST CR(96, 7, 14)====
Is IST_0 spanning? : True
Is IST_1 spanning? : True
Is IST_2 spanning? : True
Is IST_3 spanning? : True
Is IST_4 spanning? : True
Is IST_5 spanning? : True
Are all ISTs independent? : True

====TEST CR(97, 7, 14)====
Is IST_0 spanning? : True
Is IST_1 spanning? : True
Is IST_2 spanning? : True
Is IST_3 spanning? : True
Is IST_4 spanning? : True
Is IST_5 spanning? : True
Are all ISTs independent? : True

====TEST CR(98, 7, 14)====
Is IST_0 spanning? : True
Is IST_1 spanning? : True
Is IST_2 spanning? : True
Is IST_3 spanning? : True
Is IST_4 spanning? : True
Is IST_5 spanning? : True
Are all ISTs independent? : True

====TEST CR(99, 7, 14)====
Is IST_0 spanning? : True
Is IST_1 spanning? : True
Is IST_2 spanning? : True
Is IST_3 spanning? : True
Is IST_4 spanning? : True
Is IST_5 spanning? : True
Are all ISTs independent? : True

====TEST CR(100, 7, 14)====
Is IST_0 spanning? : True
Is IST_1 spanning? : True
Is IST_2 spanning? : True
Is IST_3 spanning? : True
Is IST_4 spanning? : True
Is IST_5 spanning? : True
Are all ISTs independent? : True

====TEST CR(101, 7, 14)====
Is IST_0 spanning? : True
Is IST_1 spanning? : True
Is IST_2 spanning? : True
Is IST_3 spanning? : True
Is IST_4 spanning? : True
Is IST_5 spanning? : True
Are all ISTs independent? : True

====TEST CR(102, 7, 14)====
Is IST_0 spanning? : True
Is IST_1 spanning? : True
Is IST_2 spanning? : True
Is IST_3 spanning? : True
Is IST_4 spanning? : True
Is IST_5 spanning? : True
Are all ISTs independent? : True

====TEST CR(103, 7, 14)====
Is IST_0 spanning? : True
Is IST_1 spanning? : True
Is IST_2 spanning? : True
Is IST_3 spanning? : True
Is IST_4 spanning? : True
Is IST_5 spanning? : True
Are all ISTs independent? : True

====TEST CR(104, 7, 14)====
Is IST_0 spanning? : True
Is IST_1 spanning? : True
Is IST_2 spanning? : True
Is IST_3 spanning? : True
Is IST_4 spanning? : True
Is IST_5 spanning? : True
Are all ISTs independent? : True

====TEST CR(105, 7, 14)====
Is IST_0 spanning? : True
Is IST_1 spanning? : True
Is IST_2 spanning? : True
Is IST_3 spanning? : True
Is IST_4 spanning? : True
Is IST_5 spanning? : True
Are all ISTs independent? : True

====TEST CR(106, 7, 14)====
Is IST_0 spanning? : True
Is IST_1 spanning? : True
Is IST_2 spanning? : True
Is IST_3 spanning? : True
Is IST_4 spanning? : True
Is IST_5 spanning? : True
Are all ISTs independent? : True

====TEST CR(107, 7, 14)====
Is IST_0 spanning? : True
Is IST_1 spanning? : True
Is IST_2 spanning? : True
Is IST_3 spanning? : True
Is IST_4 spanning? : True
Is IST_5 spanning? : True
Are all ISTs independent? : True

====TEST CR(108, 7, 14)====
Is IST_0 spanning? : True
Is IST_1 spanning? : True
Is IST_2 spanning? : True
Is IST_3 spanning? : True
Is IST_4 spanning? : True
Is IST_5 spanning? : True
Are all ISTs independent? : True

====TEST CR(109, 7, 14)====
Is IST_0 spanning? : True
Is IST_1 spanning? : True
Is IST_2 spanning? : True
Is IST_3 spanning? : True
Is IST_4 spanning? : True
Is IST_5 spanning? : True
Are all ISTs independent? : True

====TEST CR(110, 7, 14)====
Is IST_0 spanning? : True
Is IST_1 spanning? : True
Is IST_2 spanning? : True
Is IST_3 spanning? : True
Is IST_4 spanning? : True
Is IST_5 spanning? : True
Are all ISTs independent? : True

====TEST CR(111, 7, 14)====
Is IST_0 spanning? : True
Is IST_1 spanning? : True
Is IST_2 spanning? : True
Is IST_3 spanning? : True
Is IST_4 spanning? : True
Is IST_5 spanning? : True
Are all ISTs independent? : True

====TEST CR(112, 7, 14)====
Is IST_0 spanning? : True
Is IST_1 spanning? : True
Is IST_2 spanning? : True
Is IST_3 spanning? : True
Is IST_4 spanning? : True
Is IST_5 spanning? : True
Are all ISTs independent? : True

====TEST CR(113, 7, 14)====
Is IST_0 spanning? : True
Is IST_1 spanning? : True
Is IST_2 spanning? : True
Is IST_3 spanning? : True
Is IST_4 spanning? : True
Is IST_5 spanning? : True
Are all ISTs independent? : True

====TEST CR(114, 7, 14)====
Is IST_0 spanning? : True
Is IST_1 spanning? : True
Is IST_2 spanning? : True
Is IST_3 spanning? : True
Is IST_4 spanning? : True
Is IST_5 spanning? : True
Are all ISTs independent? : True

====TEST CR(115, 7, 14)====
Is IST_0 spanning? : True
Is IST_1 spanning? : True
Is IST_2 spanning? : True
Is IST_3 spanning? : True
Is IST_4 spanning? : True
Is IST_5 spanning? : True
Are all ISTs independent? : True

====TEST CR(116, 7, 14)====
Is IST_0 spanning? : True
Is IST_1 spanning? : True
Is IST_2 spanning? : True
Is IST_3 spanning? : True
Is IST_4 spanning? : True
Is IST_5 spanning? : True
Are all ISTs independent? : True

====TEST CR(117, 7, 14)====
Is IST_0 spanning? : True
Is IST_1 spanning? : True
Is IST_2 spanning? : True
Is IST_3 spanning? : True
Is IST_4 spanning? : True
Is IST_5 spanning? : True
Are all ISTs independent? : True

====TEST CR(118, 7, 14)====
Is IST_0 spanning? : True
Is IST_1 spanning? : True
Is IST_2 spanning? : True
Is IST_3 spanning? : True
Is IST_4 spanning? : True
Is IST_5 spanning? : True
Are all ISTs independent? : True

====TEST CR(119, 7, 14)====
Is IST_0 spanning? : True
Is IST_1 spanning? : True
Is IST_2 spanning? : True
Is IST_3 spanning? : True
Is IST_4 spanning? : True
Is IST_5 spanning? : True
Are all ISTs independent? : True

====TEST CR(120, 7, 14)====
Is IST_0 spanning? : True
Is IST_1 spanning? : True
Is IST_2 spanning? : True
Is IST_3 spanning? : True
Is IST_4 spanning? : True
Is IST_5 spanning? : True
Are all ISTs independent? : True

====TEST CR(121, 7, 14)====
Is IST_0 spanning? : True
Is IST_1 spanning? : True
Is IST_2 spanning? : True
Is IST_3 spanning? : True
Is IST_4 spanning? : True
Is IST_5 spanning? : True
Are all ISTs independent? : True

====TEST CR(122, 7, 14)====
Is IST_0 spanning? : True
Is IST_1 spanning? : True
Is IST_2 spanning? : True
Is IST_3 spanning? : True
Is IST_4 spanning? : True
Is IST_5 spanning? : True
Are all ISTs independent? : True

====TEST CR(123, 7, 14)====
Is IST_0 spanning? : True
Is IST_1 spanning? : True
Is IST_2 spanning? : True
Is IST_3 spanning? : True
Is IST_4 spanning? : True
Is IST_5 spanning? : True
Are all ISTs independent? : True

====TEST CR(124, 7, 14)====
Is IST_0 spanning? : True
Is IST_1 spanning? : True
Is IST_2 spanning? : True
Is IST_3 spanning? : True
Is IST_4 spanning? : True
Is IST_5 spanning? : True
Are all ISTs independent? : True

====TEST CR(125, 7, 14)====
Is IST_0 spanning? : True
Is IST_1 spanning? : True
Is IST_2 spanning? : True
Is IST_3 spanning? : True
Is IST_4 spanning? : True
Is IST_5 spanning? : True
Are all ISTs independent? : True

====TEST CR(126, 7, 14)====
Is IST_0 spanning? : True
Is IST_1 spanning? : True
Is IST_2 spanning? : True
Is IST_3 spanning? : True
Is IST_4 spanning? : True
Is IST_5 spanning? : True
Are all ISTs independent? : True

====TEST CR(127, 7, 14)====
Is IST_0 spanning? : True
Is IST_1 spanning? : True
Is IST_2 spanning? : True
Is IST_3 spanning? : True
Is IST_4 spanning? : True
Is IST_5 spanning? : True
Are all ISTs independent? : True

====TEST CR(128, 7, 14)====
Is IST_0 spanning? : True
Is IST_1 spanning? : True
Is IST_2 spanning? : True
Is IST_3 spanning? : True
Is IST_4 spanning? : True
Is IST_5 spanning? : True
Are all ISTs independent? : True

====TEST CR(129, 7, 14)====
Is IST_0 spanning? : True
Is IST_1 spanning? : True
Is IST_2 spanning? : True
Is IST_3 spanning? : True
Is IST_4 spanning? : True
Is IST_5 spanning? : True
Are all ISTs independent? : True

====TEST CR(130, 7, 14)====
Is IST_0 spanning? : True
Is IST_1 spanning? : True
Is IST_2 spanning? : True
Is IST_3 spanning? : True
Is IST_4 spanning? : True
Is IST_5 spanning? : True
Are all ISTs independent? : True

====TEST CR(131, 7, 14)====
Is IST_0 spanning? : True
Is IST_1 spanning? : True
Is IST_2 spanning? : True
Is IST_3 spanning? : True
Is IST_4 spanning? : True
Is IST_5 spanning? : True
Are all ISTs independent? : True

====TEST CR(132, 7, 14)====
Is IST_0 spanning? : True
Is IST_1 spanning? : True
Is IST_2 spanning? : True
Is IST_3 spanning? : True
Is IST_4 spanning? : True
Is IST_5 spanning? : True
Are all ISTs independent? : True

====TEST CR(133, 7, 14)====
Is IST_0 spanning? : True
Is IST_1 spanning? : True
Is IST_2 spanning? : True
Is IST_3 spanning? : True
Is IST_4 spanning? : True
Is IST_5 spanning? : True
Are all ISTs independent? : True

====TEST CR(134, 7, 14)====
Is IST_0 spanning? : True
Is IST_1 spanning? : True
Is IST_2 spanning? : True
Is IST_3 spanning? : True
Is IST_4 spanning? : True
Is IST_5 spanning? : True
Are all ISTs independent? : True

====TEST CR(135, 7, 14)====
Is IST_0 spanning? : True
Is IST_1 spanning? : True
Is IST_2 spanning? : True
Is IST_3 spanning? : True
Is IST_4 spanning? : True
Is IST_5 spanning? : True
Are all ISTs independent? : True

====TEST CR(136, 7, 14)====
Is IST_0 spanning? : True
Is IST_1 spanning? : True
Is IST_2 spanning? : True
Is IST_3 spanning? : True
Is IST_4 spanning? : True
Is IST_5 spanning? : True
Are all ISTs independent? : True

====TEST CR(137, 7, 14)====
Is IST_0 spanning? : True
Is IST_1 spanning? : True
Is IST_2 spanning? : True
Is IST_3 spanning? : True
Is IST_4 spanning? : True
Is IST_5 spanning? : True
Are all ISTs independent? : True

====TEST CR(138, 7, 14)====
Is IST_0 spanning? : True
Is IST_1 spanning? : True
Is IST_2 spanning? : True
Is IST_3 spanning? : True
Is IST_4 spanning? : True
Is IST_5 spanning? : True
Are all ISTs independent? : True

====TEST CR(139, 7, 14)====
Is IST_0 spanning? : True
Is IST_1 spanning? : True
Is IST_2 spanning? : True
Is IST_3 spanning? : True
Is IST_4 spanning? : True
Is IST_5 spanning? : True
Are all ISTs independent? : True

====TEST CR(140, 7, 14)====
Is IST_0 spanning? : True
Is IST_1 spanning? : True
Is IST_2 spanning? : True
Is IST_3 spanning? : True
Is IST_4 spanning? : True
Is IST_5 spanning? : True
Are all ISTs independent? : True

====TEST CR(141, 7, 14)====
Is IST_0 spanning? : True
Is IST_1 spanning? : True
Is IST_2 spanning? : True
Is IST_3 spanning? : True
Is IST_4 spanning? : True
Is IST_5 spanning? : True
Are all ISTs independent? : True

====TEST CR(142, 7, 14)====
Is IST_0 spanning? : True
Is IST_1 spanning? : True
Is IST_2 spanning? : True
Is IST_3 spanning? : True
Is IST_4 spanning? : True
Is IST_5 spanning? : True
Are all ISTs independent? : True

====TEST CR(143, 7, 14)====
Is IST_0 spanning? : True
Is IST_1 spanning? : True
Is IST_2 spanning? : True
Is IST_3 spanning? : True
Is IST_4 spanning? : True
Is IST_5 spanning? : True
Are all ISTs independent? : True

====TEST CR(144, 7, 14)====
Is IST_0 spanning? : True
Is IST_1 spanning? : True
Is IST_2 spanning? : True
Is IST_3 spanning? : True
Is IST_4 spanning? : True
Is IST_5 spanning? : True
Are all ISTs independent? : True

====TEST CR(145, 7, 14)====
Is IST_0 spanning? : True
Is IST_1 spanning? : True
Is IST_2 spanning? : True
Is IST_3 spanning? : True
Is IST_4 spanning? : True
Is IST_5 spanning? : True
Are all ISTs independent? : True

====TEST CR(146, 7, 14)====
Is IST_0 spanning? : True
Is IST_1 spanning? : True
Is IST_2 spanning? : True
Is IST_3 spanning? : True
Is IST_4 spanning? : True
Is IST_5 spanning? : True
Are all ISTs independent? : True

====TEST CR(147, 7, 14)====
Is IST_0 spanning? : True
Is IST_1 spanning? : True
Is IST_2 spanning? : True
Is IST_3 spanning? : True
Is IST_4 spanning? : True
Is IST_5 spanning? : True
Are all ISTs independent? : True

====TEST CR(148, 7, 14)====
Is IST_0 spanning? : True
Is IST_1 spanning? : True
Is IST_2 spanning? : True
Is IST_3 spanning? : True
Is IST_4 spanning? : True
Is IST_5 spanning? : True
Are all ISTs independent? : True

====TEST CR(149, 7, 14)====
Is IST_0 spanning? : True
Is IST_1 spanning? : True
Is IST_2 spanning? : True
Is IST_3 spanning? : True
Is IST_4 spanning? : True
Is IST_5 spanning? : True
Are all ISTs independent? : True

====TEST CR(150, 7, 14)====
Is IST_0 spanning? : True
Is IST_1 spanning? : True
Is IST_2 spanning? : True
Is IST_3 spanning? : True
Is IST_4 spanning? : True
Is IST_5 spanning? : True
Are all ISTs independent? : True

====TEST CR(151, 7, 14)====
Is IST_0 spanning? : True
Is IST_1 spanning? : True
Is IST_2 spanning? : True
Is IST_3 spanning? : True
Is IST_4 spanning? : True
Is IST_5 spanning? : True
Are all ISTs independent? : True

====TEST CR(152, 7, 14)====
Is IST_0 spanning? : True
Is IST_1 spanning? : True
Is IST_2 spanning? : True
Is IST_3 spanning? : True
Is IST_4 spanning? : True
Is IST_5 spanning? : True
Are all ISTs independent? : True

====TEST CR(153, 7, 14)====
Is IST_0 spanning? : True
Is IST_1 spanning? : True
Is IST_2 spanning? : True
Is IST_3 spanning? : True
Is IST_4 spanning? : True
Is IST_5 spanning? : True
Are all ISTs independent? : True

====TEST CR(154, 7, 14)====
Is IST_0 spanning? : True
Is IST_1 spanning? : True
Is IST_2 spanning? : True
Is IST_3 spanning? : True
Is IST_4 spanning? : True
Is IST_5 spanning? : True
Are all ISTs independent? : True

====TEST CR(155, 7, 14)====
Is IST_0 spanning? : True
Is IST_1 spanning? : True
Is IST_2 spanning? : True
Is IST_3 spanning? : True
Is IST_4 spanning? : True
Is IST_5 spanning? : True
Are all ISTs independent? : True

====TEST CR(156, 7, 14)====
Is IST_0 spanning? : True
Is IST_1 spanning? : True
Is IST_2 spanning? : True
Is IST_3 spanning? : True
Is IST_4 spanning? : True
Is IST_5 spanning? : True
Are all ISTs independent? : True

====TEST CR(157, 7, 14)====
Is IST_0 spanning? : True
Is IST_1 spanning? : True
Is IST_2 spanning? : True
Is IST_3 spanning? : True
Is IST_4 spanning? : True
Is IST_5 spanning? : True
Are all ISTs independent? : True

====TEST CR(158, 7, 14)====
Is IST_0 spanning? : True
Is IST_1 spanning? : True
Is IST_2 spanning? : True
Is IST_3 spanning? : True
Is IST_4 spanning? : True
Is IST_5 spanning? : True
Are all ISTs independent? : True

====TEST CR(159, 7, 14)====
Is IST_0 spanning? : True
Is IST_1 spanning? : True
Is IST_2 spanning? : True
Is IST_3 spanning? : True
Is IST_4 spanning? : True
Is IST_5 spanning? : True
Are all ISTs independent? : True

====TEST CR(160, 7, 14)====
Is IST_0 spanning? : True
Is IST_1 spanning? : True
Is IST_2 spanning? : True
Is IST_3 spanning? : True
Is IST_4 spanning? : True
Is IST_5 spanning? : True
Are all ISTs independent? : True

====TEST CR(161, 7, 14)====
Is IST_0 spanning? : True
Is IST_1 spanning? : True
Is IST_2 spanning? : True
Is IST_3 spanning? : True
Is IST_4 spanning? : True
Is IST_5 spanning? : True
Are all ISTs independent? : True

====TEST CR(162, 7, 14)====
Is IST_0 spanning? : True
Is IST_1 spanning? : True
Is IST_2 spanning? : True
Is IST_3 spanning? : True
Is IST_4 spanning? : True
Is IST_5 spanning? : True
Are all ISTs independent? : True

====TEST CR(163, 7, 14)====
Is IST_0 spanning? : True
Is IST_1 spanning? : True
Is IST_2 spanning? : True
Is IST_3 spanning? : True
Is IST_4 spanning? : True
Is IST_5 spanning? : True
Are all ISTs independent? : True

====TEST CR(164, 7, 14)====
Is IST_0 spanning? : True
Is IST_1 spanning? : True
Is IST_2 spanning? : True
Is IST_3 spanning? : True
Is IST_4 spanning? : True
Is IST_5 spanning? : True
Are all ISTs independent? : True

====TEST CR(165, 7, 14)====
Is IST_0 spanning? : True
Is IST_1 spanning? : True
Is IST_2 spanning? : True
Is IST_3 spanning? : True
Is IST_4 spanning? : True
Is IST_5 spanning? : True
Are all ISTs independent? : True

====TEST CR(166, 7, 14)====
Is IST_0 spanning? : True
Is IST_1 spanning? : True
Is IST_2 spanning? : True
Is IST_3 spanning? : True
Is IST_4 spanning? : True
Is IST_5 spanning? : True
Are all ISTs independent? : True

====TEST CR(167, 7, 14)====
Is IST_0 spanning? : True
Is IST_1 spanning? : True
Is IST_2 spanning? : True
Is IST_3 spanning? : True
Is IST_4 spanning? : True
Is IST_5 spanning? : True
Are all ISTs independent? : True

====TEST CR(168, 7, 14)====
Is IST_0 spanning? : True
Is IST_1 spanning? : True
Is IST_2 spanning? : True
Is IST_3 spanning? : True
Is IST_4 spanning? : True
Is IST_5 spanning? : True
Are all ISTs independent? : True

====TEST CR(169, 7, 14)====
Is IST_0 spanning? : True
Is IST_1 spanning? : True
Is IST_2 spanning? : True
Is IST_3 spanning? : True
Is IST_4 spanning? : True
Is IST_5 spanning? : True
Are all ISTs independent? : True

====TEST CR(170, 7, 14)====
Is IST_0 spanning? : True
Is IST_1 spanning? : True
Is IST_2 spanning? : True
Is IST_3 spanning? : True
Is IST_4 spanning? : True
Is IST_5 spanning? : True
Are all ISTs independent? : True

====TEST CR(48, 8, 16)====
Is IST_0 spanning? : True
Is IST_1 spanning? : True
Is IST_2 spanning? : True
Is IST_3 spanning? : True
Is IST_4 spanning? : True
Is IST_5 spanning? : True
Are all ISTs independent? : True

====TEST CR(49, 8, 16)====
Is IST_0 spanning? : True
Is IST_1 spanning? : True
Is IST_2 spanning? : True
Is IST_3 spanning? : True
Is IST_4 spanning? : True
Is IST_5 spanning? : True
Are all ISTs independent? : True

====TEST CR(50, 8, 16)====
Is IST_0 spanning? : True
Is IST_1 spanning? : True
Is IST_2 spanning? : True
Is IST_3 spanning? : True
Is IST_4 spanning? : True
Is IST_5 spanning? : True
Are all ISTs independent? : True

====TEST CR(51, 8, 16)====
Is IST_0 spanning? : True
Is IST_1 spanning? : True
Is IST_2 spanning? : True
Is IST_3 spanning? : True
Is IST_4 spanning? : True
Is IST_5 spanning? : True
Are all ISTs independent? : True

====TEST CR(52, 8, 16)====
Is IST_0 spanning? : True
Is IST_1 spanning? : True
Is IST_2 spanning? : True
Is IST_3 spanning? : True
Is IST_4 spanning? : True
Is IST_5 spanning? : True
Are all ISTs independent? : True

====TEST CR(53, 8, 16)====
Is IST_0 spanning? : True
Is IST_1 spanning? : True
Is IST_2 spanning? : True
Is IST_3 spanning? : True
Is IST_4 spanning? : True
Is IST_5 spanning? : True
Are all ISTs independent? : True

====TEST CR(54, 8, 16)====
Is IST_0 spanning? : True
Is IST_1 spanning? : True
Is IST_2 spanning? : True
Is IST_3 spanning? : True
Is IST_4 spanning? : True
Is IST_5 spanning? : True
Are all ISTs independent? : True

====TEST CR(55, 8, 16)====
Is IST_0 spanning? : True
Is IST_1 spanning? : True
Is IST_2 spanning? : True
Is IST_3 spanning? : True
Is IST_4 spanning? : True
Is IST_5 spanning? : True
Are all ISTs independent? : True

====TEST CR(56, 8, 16)====
Is IST_0 spanning? : True
Is IST_1 spanning? : True
Is IST_2 spanning? : True
Is IST_3 spanning? : True
Is IST_4 spanning? : True
Is IST_5 spanning? : True
Are all ISTs independent? : True

====TEST CR(57, 8, 16)====
Is IST_0 spanning? : True
Is IST_1 spanning? : True
Is IST_2 spanning? : True
Is IST_3 spanning? : True
Is IST_4 spanning? : True
Is IST_5 spanning? : True
Are all ISTs independent? : True

====TEST CR(58, 8, 16)====
Is IST_0 spanning? : True
Is IST_1 spanning? : True
Is IST_2 spanning? : True
Is IST_3 spanning? : True
Is IST_4 spanning? : True
Is IST_5 spanning? : True
Are all ISTs independent? : True

====TEST CR(59, 8, 16)====
Is IST_0 spanning? : True
Is IST_1 spanning? : True
Is IST_2 spanning? : True
Is IST_3 spanning? : True
Is IST_4 spanning? : True
Is IST_5 spanning? : True
Are all ISTs independent? : True

====TEST CR(60, 8, 16)====
Is IST_0 spanning? : True
Is IST_1 spanning? : True
Is IST_2 spanning? : True
Is IST_3 spanning? : True
Is IST_4 spanning? : True
Is IST_5 spanning? : True
Are all ISTs independent? : True

====TEST CR(61, 8, 16)====
Is IST_0 spanning? : True
Is IST_1 spanning? : True
Is IST_2 spanning? : True
Is IST_3 spanning? : True
Is IST_4 spanning? : True
Is IST_5 spanning? : True
Are all ISTs independent? : True

====TEST CR(62, 8, 16)====
Is IST_0 spanning? : True
Is IST_1 spanning? : True
Is IST_2 spanning? : True
Is IST_3 spanning? : True
Is IST_4 spanning? : True
Is IST_5 spanning? : True
Are all ISTs independent? : True

====TEST CR(63, 8, 16)====
Is IST_0 spanning? : True
Is IST_1 spanning? : True
Is IST_2 spanning? : True
Is IST_3 spanning? : True
Is IST_4 spanning? : True
Is IST_5 spanning? : True
Are all ISTs independent? : True

====TEST CR(64, 8, 16)====
Is IST_0 spanning? : True
Is IST_1 spanning? : True
Is IST_2 spanning? : True
Is IST_3 spanning? : True
Is IST_4 spanning? : True
Is IST_5 spanning? : True
Are all ISTs independent? : True

====TEST CR(65, 8, 16)====
Is IST_0 spanning? : True
Is IST_1 spanning? : True
Is IST_2 spanning? : True
Is IST_3 spanning? : True
Is IST_4 spanning? : True
Is IST_5 spanning? : True
Are all ISTs independent? : True

====TEST CR(66, 8, 16)====
Is IST_0 spanning? : True
Is IST_1 spanning? : True
Is IST_2 spanning? : True
Is IST_3 spanning? : True
Is IST_4 spanning? : True
Is IST_5 spanning? : True
Are all ISTs independent? : True

====TEST CR(67, 8, 16)====
Is IST_0 spanning? : True
Is IST_1 spanning? : True
Is IST_2 spanning? : True
Is IST_3 spanning? : True
Is IST_4 spanning? : True
Is IST_5 spanning? : True
Are all ISTs independent? : True

====TEST CR(68, 8, 16)====
Is IST_0 spanning? : True
Is IST_1 spanning? : True
Is IST_2 spanning? : True
Is IST_3 spanning? : True
Is IST_4 spanning? : True
Is IST_5 spanning? : True
Are all ISTs independent? : True

====TEST CR(69, 8, 16)====
Is IST_0 spanning? : True
Is IST_1 spanning? : True
Is IST_2 spanning? : True
Is IST_3 spanning? : True
Is IST_4 spanning? : True
Is IST_5 spanning? : True
Are all ISTs independent? : True

====TEST CR(70, 8, 16)====
Is IST_0 spanning? : True
Is IST_1 spanning? : True
Is IST_2 spanning? : True
Is IST_3 spanning? : True
Is IST_4 spanning? : True
Is IST_5 spanning? : True
Are all ISTs independent? : True

====TEST CR(71, 8, 16)====
Is IST_0 spanning? : True
Is IST_1 spanning? : True
Is IST_2 spanning? : True
Is IST_3 spanning? : True
Is IST_4 spanning? : True
Is IST_5 spanning? : True
Are all ISTs independent? : True

====TEST CR(72, 8, 16)====
Is IST_0 spanning? : True
Is IST_1 spanning? : True
Is IST_2 spanning? : True
Is IST_3 spanning? : True
Is IST_4 spanning? : True
Is IST_5 spanning? : True
Are all ISTs independent? : True

====TEST CR(73, 8, 16)====
Is IST_0 spanning? : True
Is IST_1 spanning? : True
Is IST_2 spanning? : True
Is IST_3 spanning? : True
Is IST_4 spanning? : True
Is IST_5 spanning? : True
Are all ISTs independent? : True

====TEST CR(74, 8, 16)====
Is IST_0 spanning? : True
Is IST_1 spanning? : True
Is IST_2 spanning? : True
Is IST_3 spanning? : True
Is IST_4 spanning? : True
Is IST_5 spanning? : True
Are all ISTs independent? : True

====TEST CR(75, 8, 16)====
Is IST_0 spanning? : True
Is IST_1 spanning? : True
Is IST_2 spanning? : True
Is IST_3 spanning? : True
Is IST_4 spanning? : True
Is IST_5 spanning? : True
Are all ISTs independent? : True

====TEST CR(76, 8, 16)====
Is IST_0 spanning? : True
Is IST_1 spanning? : True
Is IST_2 spanning? : True
Is IST_3 spanning? : True
Is IST_4 spanning? : True
Is IST_5 spanning? : True
Are all ISTs independent? : True

====TEST CR(77, 8, 16)====
Is IST_0 spanning? : True
Is IST_1 spanning? : True
Is IST_2 spanning? : True
Is IST_3 spanning? : True
Is IST_4 spanning? : True
Is IST_5 spanning? : True
Are all ISTs independent? : True

====TEST CR(78, 8, 16)====
Is IST_0 spanning? : True
Is IST_1 spanning? : True
Is IST_2 spanning? : True
Is IST_3 spanning? : True
Is IST_4 spanning? : True
Is IST_5 spanning? : True
Are all ISTs independent? : True

====TEST CR(79, 8, 16)====
Is IST_0 spanning? : True
Is IST_1 spanning? : True
Is IST_2 spanning? : True
Is IST_3 spanning? : True
Is IST_4 spanning? : True
Is IST_5 spanning? : True
Are all ISTs independent? : True

====TEST CR(80, 8, 16)====
Is IST_0 spanning? : True
Is IST_1 spanning? : True
Is IST_2 spanning? : True
Is IST_3 spanning? : True
Is IST_4 spanning? : True
Is IST_5 spanning? : True
Are all ISTs independent? : True

====TEST CR(81, 8, 16)====
Is IST_0 spanning? : True
Is IST_1 spanning? : True
Is IST_2 spanning? : True
Is IST_3 spanning? : True
Is IST_4 spanning? : True
Is IST_5 spanning? : True
Are all ISTs independent? : True

====TEST CR(82, 8, 16)====
Is IST_0 spanning? : True
Is IST_1 spanning? : True
Is IST_2 spanning? : True
Is IST_3 spanning? : True
Is IST_4 spanning? : True
Is IST_5 spanning? : True
Are all ISTs independent? : True

====TEST CR(83, 8, 16)====
Is IST_0 spanning? : True
Is IST_1 spanning? : True
Is IST_2 spanning? : True
Is IST_3 spanning? : True
Is IST_4 spanning? : True
Is IST_5 spanning? : True
Are all ISTs independent? : True

====TEST CR(84, 8, 16)====
Is IST_0 spanning? : True
Is IST_1 spanning? : True
Is IST_2 spanning? : True
Is IST_3 spanning? : True
Is IST_4 spanning? : True
Is IST_5 spanning? : True
Are all ISTs independent? : True

====TEST CR(85, 8, 16)====
Is IST_0 spanning? : True
Is IST_1 spanning? : True
Is IST_2 spanning? : True
Is IST_3 spanning? : True
Is IST_4 spanning? : True
Is IST_5 spanning? : True
Are all ISTs independent? : True

====TEST CR(86, 8, 16)====
Is IST_0 spanning? : True
Is IST_1 spanning? : True
Is IST_2 spanning? : True
Is IST_3 spanning? : True
Is IST_4 spanning? : True
Is IST_5 spanning? : True
Are all ISTs independent? : True

====TEST CR(87, 8, 16)====
Is IST_0 spanning? : True
Is IST_1 spanning? : True
Is IST_2 spanning? : True
Is IST_3 spanning? : True
Is IST_4 spanning? : True
Is IST_5 spanning? : True
Are all ISTs independent? : True

====TEST CR(88, 8, 16)====
Is IST_0 spanning? : True
Is IST_1 spanning? : True
Is IST_2 spanning? : True
Is IST_3 spanning? : True
Is IST_4 spanning? : True
Is IST_5 spanning? : True
Are all ISTs independent? : True

====TEST CR(89, 8, 16)====
Is IST_0 spanning? : True
Is IST_1 spanning? : True
Is IST_2 spanning? : True
Is IST_3 spanning? : True
Is IST_4 spanning? : True
Is IST_5 spanning? : True
Are all ISTs independent? : True

====TEST CR(90, 8, 16)====
Is IST_0 spanning? : True
Is IST_1 spanning? : True
Is IST_2 spanning? : True
Is IST_3 spanning? : True
Is IST_4 spanning? : True
Is IST_5 spanning? : True
Are all ISTs independent? : True

====TEST CR(91, 8, 16)====
Is IST_0 spanning? : True
Is IST_1 spanning? : True
Is IST_2 spanning? : True
Is IST_3 spanning? : True
Is IST_4 spanning? : True
Is IST_5 spanning? : True
Are all ISTs independent? : True

====TEST CR(92, 8, 16)====
Is IST_0 spanning? : True
Is IST_1 spanning? : True
Is IST_2 spanning? : True
Is IST_3 spanning? : True
Is IST_4 spanning? : True
Is IST_5 spanning? : True
Are all ISTs independent? : True

====TEST CR(93, 8, 16)====
Is IST_0 spanning? : True
Is IST_1 spanning? : True
Is IST_2 spanning? : True
Is IST_3 spanning? : True
Is IST_4 spanning? : True
Is IST_5 spanning? : True
Are all ISTs independent? : True

====TEST CR(94, 8, 16)====
Is IST_0 spanning? : True
Is IST_1 spanning? : True
Is IST_2 spanning? : True
Is IST_3 spanning? : True
Is IST_4 spanning? : True
Is IST_5 spanning? : True
Are all ISTs independent? : True

====TEST CR(95, 8, 16)====
Is IST_0 spanning? : True
Is IST_1 spanning? : True
Is IST_2 spanning? : True
Is IST_3 spanning? : True
Is IST_4 spanning? : True
Is IST_5 spanning? : True
Are all ISTs independent? : True

====TEST CR(96, 8, 16)====
Is IST_0 spanning? : True
Is IST_1 spanning? : True
Is IST_2 spanning? : True
Is IST_3 spanning? : True
Is IST_4 spanning? : True
Is IST_5 spanning? : True
Are all ISTs independent? : True

====TEST CR(97, 8, 16)====
Is IST_0 spanning? : True
Is IST_1 spanning? : True
Is IST_2 spanning? : True
Is IST_3 spanning? : True
Is IST_4 spanning? : True
Is IST_5 spanning? : True
Are all ISTs independent? : True

====TEST CR(98, 8, 16)====
Is IST_0 spanning? : True
Is IST_1 spanning? : True
Is IST_2 spanning? : True
Is IST_3 spanning? : True
Is IST_4 spanning? : True
Is IST_5 spanning? : True
Are all ISTs independent? : True

====TEST CR(99, 8, 16)====
Is IST_0 spanning? : True
Is IST_1 spanning? : True
Is IST_2 spanning? : True
Is IST_3 spanning? : True
Is IST_4 spanning? : True
Is IST_5 spanning? : True
Are all ISTs independent? : True

====TEST CR(100, 8, 16)====
Is IST_0 spanning? : True
Is IST_1 spanning? : True
Is IST_2 spanning? : True
Is IST_3 spanning? : True
Is IST_4 spanning? : True
Is IST_5 spanning? : True
Are all ISTs independent? : True

====TEST CR(101, 8, 16)====
Is IST_0 spanning? : True
Is IST_1 spanning? : True
Is IST_2 spanning? : True
Is IST_3 spanning? : True
Is IST_4 spanning? : True
Is IST_5 spanning? : True
Are all ISTs independent? : True

====TEST CR(102, 8, 16)====
Is IST_0 spanning? : True
Is IST_1 spanning? : True
Is IST_2 spanning? : True
Is IST_3 spanning? : True
Is IST_4 spanning? : True
Is IST_5 spanning? : True
Are all ISTs independent? : True

====TEST CR(103, 8, 16)====
Is IST_0 spanning? : True
Is IST_1 spanning? : True
Is IST_2 spanning? : True
Is IST_3 spanning? : True
Is IST_4 spanning? : True
Is IST_5 spanning? : True
Are all ISTs independent? : True

====TEST CR(104, 8, 16)====
Is IST_0 spanning? : True
Is IST_1 spanning? : True
Is IST_2 spanning? : True
Is IST_3 spanning? : True
Is IST_4 spanning? : True
Is IST_5 spanning? : True
Are all ISTs independent? : True

====TEST CR(105, 8, 16)====
Is IST_0 spanning? : True
Is IST_1 spanning? : True
Is IST_2 spanning? : True
Is IST_3 spanning? : True
Is IST_4 spanning? : True
Is IST_5 spanning? : True
Are all ISTs independent? : True

====TEST CR(106, 8, 16)====
Is IST_0 spanning? : True
Is IST_1 spanning? : True
Is IST_2 spanning? : True
Is IST_3 spanning? : True
Is IST_4 spanning? : True
Is IST_5 spanning? : True
Are all ISTs independent? : True

====TEST CR(107, 8, 16)====
Is IST_0 spanning? : True
Is IST_1 spanning? : True
Is IST_2 spanning? : True
Is IST_3 spanning? : True
Is IST_4 spanning? : True
Is IST_5 spanning? : True
Are all ISTs independent? : True

====TEST CR(108, 8, 16)====
Is IST_0 spanning? : True
Is IST_1 spanning? : True
Is IST_2 spanning? : True
Is IST_3 spanning? : True
Is IST_4 spanning? : True
Is IST_5 spanning? : True
Are all ISTs independent? : True

====TEST CR(109, 8, 16)====
Is IST_0 spanning? : True
Is IST_1 spanning? : True
Is IST_2 spanning? : True
Is IST_3 spanning? : True
Is IST_4 spanning? : True
Is IST_5 spanning? : True
Are all ISTs independent? : True

====TEST CR(110, 8, 16)====
Is IST_0 spanning? : True
Is IST_1 spanning? : True
Is IST_2 spanning? : True
Is IST_3 spanning? : True
Is IST_4 spanning? : True
Is IST_5 spanning? : True
Are all ISTs independent? : True

====TEST CR(111, 8, 16)====
Is IST_0 spanning? : True
Is IST_1 spanning? : True
Is IST_2 spanning? : True
Is IST_3 spanning? : True
Is IST_4 spanning? : True
Is IST_5 spanning? : True
Are all ISTs independent? : True

====TEST CR(112, 8, 16)====
Is IST_0 spanning? : True
Is IST_1 spanning? : True
Is IST_2 spanning? : True
Is IST_3 spanning? : True
Is IST_4 spanning? : True
Is IST_5 spanning? : True
Are all ISTs independent? : True

====TEST CR(113, 8, 16)====
Is IST_0 spanning? : True
Is IST_1 spanning? : True
Is IST_2 spanning? : True
Is IST_3 spanning? : True
Is IST_4 spanning? : True
Is IST_5 spanning? : True
Are all ISTs independent? : True

====TEST CR(114, 8, 16)====
Is IST_0 spanning? : True
Is IST_1 spanning? : True
Is IST_2 spanning? : True
Is IST_3 spanning? : True
Is IST_4 spanning? : True
Is IST_5 spanning? : True
Are all ISTs independent? : True

====TEST CR(115, 8, 16)====
Is IST_0 spanning? : True
Is IST_1 spanning? : True
Is IST_2 spanning? : True
Is IST_3 spanning? : True
Is IST_4 spanning? : True
Is IST_5 spanning? : True
Are all ISTs independent? : True

====TEST CR(116, 8, 16)====
Is IST_0 spanning? : True
Is IST_1 spanning? : True
Is IST_2 spanning? : True
Is IST_3 spanning? : True
Is IST_4 spanning? : True
Is IST_5 spanning? : True
Are all ISTs independent? : True

====TEST CR(117, 8, 16)====
Is IST_0 spanning? : True
Is IST_1 spanning? : True
Is IST_2 spanning? : True
Is IST_3 spanning? : True
Is IST_4 spanning? : True
Is IST_5 spanning? : True
Are all ISTs independent? : True

====TEST CR(118, 8, 16)====
Is IST_0 spanning? : True
Is IST_1 spanning? : True
Is IST_2 spanning? : True
Is IST_3 spanning? : True
Is IST_4 spanning? : True
Is IST_5 spanning? : True
Are all ISTs independent? : True

====TEST CR(119, 8, 16)====
Is IST_0 spanning? : True
Is IST_1 spanning? : True
Is IST_2 spanning? : True
Is IST_3 spanning? : True
Is IST_4 spanning? : True
Is IST_5 spanning? : True
Are all ISTs independent? : True

====TEST CR(120, 8, 16)====
Is IST_0 spanning? : True
Is IST_1 spanning? : True
Is IST_2 spanning? : True
Is IST_3 spanning? : True
Is IST_4 spanning? : True
Is IST_5 spanning? : True
Are all ISTs independent? : True

====TEST CR(121, 8, 16)====
Is IST_0 spanning? : True
Is IST_1 spanning? : True
Is IST_2 spanning? : True
Is IST_3 spanning? : True
Is IST_4 spanning? : True
Is IST_5 spanning? : True
Are all ISTs independent? : True

====TEST CR(122, 8, 16)====
Is IST_0 spanning? : True
Is IST_1 spanning? : True
Is IST_2 spanning? : True
Is IST_3 spanning? : True
Is IST_4 spanning? : True
Is IST_5 spanning? : True
Are all ISTs independent? : True

====TEST CR(123, 8, 16)====
Is IST_0 spanning? : True
Is IST_1 spanning? : True
Is IST_2 spanning? : True
Is IST_3 spanning? : True
Is IST_4 spanning? : True
Is IST_5 spanning? : True
Are all ISTs independent? : True

====TEST CR(124, 8, 16)====
Is IST_0 spanning? : True
Is IST_1 spanning? : True
Is IST_2 spanning? : True
Is IST_3 spanning? : True
Is IST_4 spanning? : True
Is IST_5 spanning? : True
Are all ISTs independent? : True

====TEST CR(125, 8, 16)====
Is IST_0 spanning? : True
Is IST_1 spanning? : True
Is IST_2 spanning? : True
Is IST_3 spanning? : True
Is IST_4 spanning? : True
Is IST_5 spanning? : True
Are all ISTs independent? : True

====TEST CR(126, 8, 16)====
Is IST_0 spanning? : True
Is IST_1 spanning? : True
Is IST_2 spanning? : True
Is IST_3 spanning? : True
Is IST_4 spanning? : True
Is IST_5 spanning? : True
Are all ISTs independent? : True

====TEST CR(127, 8, 16)====
Is IST_0 spanning? : True
Is IST_1 spanning? : True
Is IST_2 spanning? : True
Is IST_3 spanning? : True
Is IST_4 spanning? : True
Is IST_5 spanning? : True
Are all ISTs independent? : True

====TEST CR(128, 8, 16)====
Is IST_0 spanning? : True
Is IST_1 spanning? : True
Is IST_2 spanning? : True
Is IST_3 spanning? : True
Is IST_4 spanning? : True
Is IST_5 spanning? : True
Are all ISTs independent? : True

====TEST CR(129, 8, 16)====
Is IST_0 spanning? : True
Is IST_1 spanning? : True
Is IST_2 spanning? : True
Is IST_3 spanning? : True
Is IST_4 spanning? : True
Is IST_5 spanning? : True
Are all ISTs independent? : True

====TEST CR(130, 8, 16)====
Is IST_0 spanning? : True
Is IST_1 spanning? : True
Is IST_2 spanning? : True
Is IST_3 spanning? : True
Is IST_4 spanning? : True
Is IST_5 spanning? : True
Are all ISTs independent? : True

====TEST CR(131, 8, 16)====
Is IST_0 spanning? : True
Is IST_1 spanning? : True
Is IST_2 spanning? : True
Is IST_3 spanning? : True
Is IST_4 spanning? : True
Is IST_5 spanning? : True
Are all ISTs independent? : True

====TEST CR(132, 8, 16)====
Is IST_0 spanning? : True
Is IST_1 spanning? : True
Is IST_2 spanning? : True
Is IST_3 spanning? : True
Is IST_4 spanning? : True
Is IST_5 spanning? : True
Are all ISTs independent? : True

====TEST CR(133, 8, 16)====
Is IST_0 spanning? : True
Is IST_1 spanning? : True
Is IST_2 spanning? : True
Is IST_3 spanning? : True
Is IST_4 spanning? : True
Is IST_5 spanning? : True
Are all ISTs independent? : True

====TEST CR(134, 8, 16)====
Is IST_0 spanning? : True
Is IST_1 spanning? : True
Is IST_2 spanning? : True
Is IST_3 spanning? : True
Is IST_4 spanning? : True
Is IST_5 spanning? : True
Are all ISTs independent? : True

====TEST CR(135, 8, 16)====
Is IST_0 spanning? : True
Is IST_1 spanning? : True
Is IST_2 spanning? : True
Is IST_3 spanning? : True
Is IST_4 spanning? : True
Is IST_5 spanning? : True
Are all ISTs independent? : True

====TEST CR(136, 8, 16)====
Is IST_0 spanning? : True
Is IST_1 spanning? : True
Is IST_2 spanning? : True
Is IST_3 spanning? : True
Is IST_4 spanning? : True
Is IST_5 spanning? : True
Are all ISTs independent? : True

====TEST CR(137, 8, 16)====
Is IST_0 spanning? : True
Is IST_1 spanning? : True
Is IST_2 spanning? : True
Is IST_3 spanning? : True
Is IST_4 spanning? : True
Is IST_5 spanning? : True
Are all ISTs independent? : True

====TEST CR(138, 8, 16)====
Is IST_0 spanning? : True
Is IST_1 spanning? : True
Is IST_2 spanning? : True
Is IST_3 spanning? : True
Is IST_4 spanning? : True
Is IST_5 spanning? : True
Are all ISTs independent? : True

====TEST CR(139, 8, 16)====
Is IST_0 spanning? : True
Is IST_1 spanning? : True
Is IST_2 spanning? : True
Is IST_3 spanning? : True
Is IST_4 spanning? : True
Is IST_5 spanning? : True
Are all ISTs independent? : True

====TEST CR(140, 8, 16)====
Is IST_0 spanning? : True
Is IST_1 spanning? : True
Is IST_2 spanning? : True
Is IST_3 spanning? : True
Is IST_4 spanning? : True
Is IST_5 spanning? : True
Are all ISTs independent? : True

====TEST CR(141, 8, 16)====
Is IST_0 spanning? : True
Is IST_1 spanning? : True
Is IST_2 spanning? : True
Is IST_3 spanning? : True
Is IST_4 spanning? : True
Is IST_5 spanning? : True
Are all ISTs independent? : True

====TEST CR(142, 8, 16)====
Is IST_0 spanning? : True
Is IST_1 spanning? : True
Is IST_2 spanning? : True
Is IST_3 spanning? : True
Is IST_4 spanning? : True
Is IST_5 spanning? : True
Are all ISTs independent? : True

====TEST CR(143, 8, 16)====
Is IST_0 spanning? : True
Is IST_1 spanning? : True
Is IST_2 spanning? : True
Is IST_3 spanning? : True
Is IST_4 spanning? : True
Is IST_5 spanning? : True
Are all ISTs independent? : True

====TEST CR(144, 8, 16)====
Is IST_0 spanning? : True
Is IST_1 spanning? : True
Is IST_2 spanning? : True
Is IST_3 spanning? : True
Is IST_4 spanning? : True
Is IST_5 spanning? : True
Are all ISTs independent? : True

====TEST CR(145, 8, 16)====
Is IST_0 spanning? : True
Is IST_1 spanning? : True
Is IST_2 spanning? : True
Is IST_3 spanning? : True
Is IST_4 spanning? : True
Is IST_5 spanning? : True
Are all ISTs independent? : True

====TEST CR(146, 8, 16)====
Is IST_0 spanning? : True
Is IST_1 spanning? : True
Is IST_2 spanning? : True
Is IST_3 spanning? : True
Is IST_4 spanning? : True
Is IST_5 spanning? : True
Are all ISTs independent? : True

====TEST CR(147, 8, 16)====
Is IST_0 spanning? : True
Is IST_1 spanning? : True
Is IST_2 spanning? : True
Is IST_3 spanning? : True
Is IST_4 spanning? : True
Is IST_5 spanning? : True
Are all ISTs independent? : True

====TEST CR(148, 8, 16)====
Is IST_0 spanning? : True
Is IST_1 spanning? : True
Is IST_2 spanning? : True
Is IST_3 spanning? : True
Is IST_4 spanning? : True
Is IST_5 spanning? : True
Are all ISTs independent? : True

====TEST CR(149, 8, 16)====
Is IST_0 spanning? : True
Is IST_1 spanning? : True
Is IST_2 spanning? : True
Is IST_3 spanning? : True
Is IST_4 spanning? : True
Is IST_5 spanning? : True
Are all ISTs independent? : True

====TEST CR(150, 8, 16)====
Is IST_0 spanning? : True
Is IST_1 spanning? : True
Is IST_2 spanning? : True
Is IST_3 spanning? : True
Is IST_4 spanning? : True
Is IST_5 spanning? : True
Are all ISTs independent? : True

====TEST CR(151, 8, 16)====
Is IST_0 spanning? : True
Is IST_1 spanning? : True
Is IST_2 spanning? : True
Is IST_3 spanning? : True
Is IST_4 spanning? : True
Is IST_5 spanning? : True
Are all ISTs independent? : True

====TEST CR(152, 8, 16)====
Is IST_0 spanning? : True
Is IST_1 spanning? : True
Is IST_2 spanning? : True
Is IST_3 spanning? : True
Is IST_4 spanning? : True
Is IST_5 spanning? : True
Are all ISTs independent? : True

====TEST CR(153, 8, 16)====
Is IST_0 spanning? : True
Is IST_1 spanning? : True
Is IST_2 spanning? : True
Is IST_3 spanning? : True
Is IST_4 spanning? : True
Is IST_5 spanning? : True
Are all ISTs independent? : True

====TEST CR(154, 8, 16)====
Is IST_0 spanning? : True
Is IST_1 spanning? : True
Is IST_2 spanning? : True
Is IST_3 spanning? : True
Is IST_4 spanning? : True
Is IST_5 spanning? : True
Are all ISTs independent? : True

====TEST CR(155, 8, 16)====
Is IST_0 spanning? : True
Is IST_1 spanning? : True
Is IST_2 spanning? : True
Is IST_3 spanning? : True
Is IST_4 spanning? : True
Is IST_5 spanning? : True
Are all ISTs independent? : True

====TEST CR(156, 8, 16)====
Is IST_0 spanning? : True
Is IST_1 spanning? : True
Is IST_2 spanning? : True
Is IST_3 spanning? : True
Is IST_4 spanning? : True
Is IST_5 spanning? : True
Are all ISTs independent? : True

====TEST CR(157, 8, 16)====
Is IST_0 spanning? : True
Is IST_1 spanning? : True
Is IST_2 spanning? : True
Is IST_3 spanning? : True
Is IST_4 spanning? : True
Is IST_5 spanning? : True
Are all ISTs independent? : True

====TEST CR(158, 8, 16)====
Is IST_0 spanning? : True
Is IST_1 spanning? : True
Is IST_2 spanning? : True
Is IST_3 spanning? : True
Is IST_4 spanning? : True
Is IST_5 spanning? : True
Are all ISTs independent? : True

====TEST CR(159, 8, 16)====
Is IST_0 spanning? : True
Is IST_1 spanning? : True
Is IST_2 spanning? : True
Is IST_3 spanning? : True
Is IST_4 spanning? : True
Is IST_5 spanning? : True
Are all ISTs independent? : True

====TEST CR(160, 8, 16)====
Is IST_0 spanning? : True
Is IST_1 spanning? : True
Is IST_2 spanning? : True
Is IST_3 spanning? : True
Is IST_4 spanning? : True
Is IST_5 spanning? : True
Are all ISTs independent? : True

====TEST CR(161, 8, 16)====
Is IST_0 spanning? : True
Is IST_1 spanning? : True
Is IST_2 spanning? : True
Is IST_3 spanning? : True
Is IST_4 spanning? : True
Is IST_5 spanning? : True
Are all ISTs independent? : True

====TEST CR(162, 8, 16)====
Is IST_0 spanning? : True
Is IST_1 spanning? : True
Is IST_2 spanning? : True
Is IST_3 spanning? : True
Is IST_4 spanning? : True
Is IST_5 spanning? : True
Are all ISTs independent? : True

====TEST CR(163, 8, 16)====
Is IST_0 spanning? : True
Is IST_1 spanning? : True
Is IST_2 spanning? : True
Is IST_3 spanning? : True
Is IST_4 spanning? : True
Is IST_5 spanning? : True
Are all ISTs independent? : True

====TEST CR(164, 8, 16)====
Is IST_0 spanning? : True
Is IST_1 spanning? : True
Is IST_2 spanning? : True
Is IST_3 spanning? : True
Is IST_4 spanning? : True
Is IST_5 spanning? : True
Are all ISTs independent? : True

====TEST CR(165, 8, 16)====
Is IST_0 spanning? : True
Is IST_1 spanning? : True
Is IST_2 spanning? : True
Is IST_3 spanning? : True
Is IST_4 spanning? : True
Is IST_5 spanning? : True
Are all ISTs independent? : True

====TEST CR(166, 8, 16)====
Is IST_0 spanning? : True
Is IST_1 spanning? : True
Is IST_2 spanning? : True
Is IST_3 spanning? : True
Is IST_4 spanning? : True
Is IST_5 spanning? : True
Are all ISTs independent? : True

====TEST CR(167, 8, 16)====
Is IST_0 spanning? : True
Is IST_1 spanning? : True
Is IST_2 spanning? : True
Is IST_3 spanning? : True
Is IST_4 spanning? : True
Is IST_5 spanning? : True
Are all ISTs independent? : True

====TEST CR(168, 8, 16)====
Is IST_0 spanning? : True
Is IST_1 spanning? : True
Is IST_2 spanning? : True
Is IST_3 spanning? : True
Is IST_4 spanning? : True
Is IST_5 spanning? : True
Are all ISTs independent? : True

====TEST CR(169, 8, 16)====
Is IST_0 spanning? : True
Is IST_1 spanning? : True
Is IST_2 spanning? : True
Is IST_3 spanning? : True
Is IST_4 spanning? : True
Is IST_5 spanning? : True
Are all ISTs independent? : True

====TEST CR(170, 8, 16)====
Is IST_0 spanning? : True
Is IST_1 spanning? : True
Is IST_2 spanning? : True
Is IST_3 spanning? : True
Is IST_4 spanning? : True
Is IST_5 spanning? : True
Are all ISTs independent? : True

====TEST CR(171, 8, 16)====
Is IST_0 spanning? : True
Is IST_1 spanning? : True
Is IST_2 spanning? : True
Is IST_3 spanning? : True
Is IST_4 spanning? : True
Is IST_5 spanning? : True
Are all ISTs independent? : True

====TEST CR(172, 8, 16)====
Is IST_0 spanning? : True
Is IST_1 spanning? : True
Is IST_2 spanning? : True
Is IST_3 spanning? : True
Is IST_4 spanning? : True
Is IST_5 spanning? : True
Are all ISTs independent? : True

====TEST CR(173, 8, 16)====
Is IST_0 spanning? : True
Is IST_1 spanning? : True
Is IST_2 spanning? : True
Is IST_3 spanning? : True
Is IST_4 spanning? : True
Is IST_5 spanning? : True
Are all ISTs independent? : True

====TEST CR(174, 8, 16)====
Is IST_0 spanning? : True
Is IST_1 spanning? : True
Is IST_2 spanning? : True
Is IST_3 spanning? : True
Is IST_4 spanning? : True
Is IST_5 spanning? : True
Are all ISTs independent? : True

====TEST CR(175, 8, 16)====
Is IST_0 spanning? : True
Is IST_1 spanning? : True
Is IST_2 spanning? : True
Is IST_3 spanning? : True
Is IST_4 spanning? : True
Is IST_5 spanning? : True
Are all ISTs independent? : True

====TEST CR(176, 8, 16)====
Is IST_0 spanning? : True
Is IST_1 spanning? : True
Is IST_2 spanning? : True
Is IST_3 spanning? : True
Is IST_4 spanning? : True
Is IST_5 spanning? : True
Are all ISTs independent? : True

====TEST CR(54, 9, 18)====
Is IST_0 spanning? : True
Is IST_1 spanning? : True
Is IST_2 spanning? : True
Is IST_3 spanning? : True
Is IST_4 spanning? : True
Is IST_5 spanning? : True
Are all ISTs independent? : True

====TEST CR(55, 9, 18)====
Is IST_0 spanning? : True
Is IST_1 spanning? : True
Is IST_2 spanning? : True
Is IST_3 spanning? : True
Is IST_4 spanning? : True
Is IST_5 spanning? : True
Are all ISTs independent? : True

====TEST CR(56, 9, 18)====
Is IST_0 spanning? : True
Is IST_1 spanning? : True
Is IST_2 spanning? : True
Is IST_3 spanning? : True
Is IST_4 spanning? : True
Is IST_5 spanning? : True
Are all ISTs independent? : True

====TEST CR(57, 9, 18)====
Is IST_0 spanning? : True
Is IST_1 spanning? : True
Is IST_2 spanning? : True
Is IST_3 spanning? : True
Is IST_4 spanning? : True
Is IST_5 spanning? : True
Are all ISTs independent? : True

====TEST CR(58, 9, 18)====
Is IST_0 spanning? : True
Is IST_1 spanning? : True
Is IST_2 spanning? : True
Is IST_3 spanning? : True
Is IST_4 spanning? : True
Is IST_5 spanning? : True
Are all ISTs independent? : True

====TEST CR(59, 9, 18)====
Is IST_0 spanning? : True
Is IST_1 spanning? : True
Is IST_2 spanning? : True
Is IST_3 spanning? : True
Is IST_4 spanning? : True
Is IST_5 spanning? : True
Are all ISTs independent? : True

====TEST CR(60, 9, 18)====
Is IST_0 spanning? : True
Is IST_1 spanning? : True
Is IST_2 spanning? : True
Is IST_3 spanning? : True
Is IST_4 spanning? : True
Is IST_5 spanning? : True
Are all ISTs independent? : True

====TEST CR(61, 9, 18)====
Is IST_0 spanning? : True
Is IST_1 spanning? : True
Is IST_2 spanning? : True
Is IST_3 spanning? : True
Is IST_4 spanning? : True
Is IST_5 spanning? : True
Are all ISTs independent? : True

====TEST CR(62, 9, 18)====
Is IST_0 spanning? : True
Is IST_1 spanning? : True
Is IST_2 spanning? : True
Is IST_3 spanning? : True
Is IST_4 spanning? : True
Is IST_5 spanning? : True
Are all ISTs independent? : True

====TEST CR(63, 9, 18)====
Is IST_0 spanning? : True
Is IST_1 spanning? : True
Is IST_2 spanning? : True
Is IST_3 spanning? : True
Is IST_4 spanning? : True
Is IST_5 spanning? : True
Are all ISTs independent? : True

====TEST CR(64, 9, 18)====
Is IST_0 spanning? : True
Is IST_1 spanning? : True
Is IST_2 spanning? : True
Is IST_3 spanning? : True
Is IST_4 spanning? : True
Is IST_5 spanning? : True
Are all ISTs independent? : True

====TEST CR(65, 9, 18)====
Is IST_0 spanning? : True
Is IST_1 spanning? : True
Is IST_2 spanning? : True
Is IST_3 spanning? : True
Is IST_4 spanning? : True
Is IST_5 spanning? : True
Are all ISTs independent? : True

====TEST CR(66, 9, 18)====
Is IST_0 spanning? : True
Is IST_1 spanning? : True
Is IST_2 spanning? : True
Is IST_3 spanning? : True
Is IST_4 spanning? : True
Is IST_5 spanning? : True
Are all ISTs independent? : True

====TEST CR(67, 9, 18)====
Is IST_0 spanning? : True
Is IST_1 spanning? : True
Is IST_2 spanning? : True
Is IST_3 spanning? : True
Is IST_4 spanning? : True
Is IST_5 spanning? : True
Are all ISTs independent? : True

====TEST CR(68, 9, 18)====
Is IST_0 spanning? : True
Is IST_1 spanning? : True
Is IST_2 spanning? : True
Is IST_3 spanning? : True
Is IST_4 spanning? : True
Is IST_5 spanning? : True
Are all ISTs independent? : True

====TEST CR(69, 9, 18)====
Is IST_0 spanning? : True
Is IST_1 spanning? : True
Is IST_2 spanning? : True
Is IST_3 spanning? : True
Is IST_4 spanning? : True
Is IST_5 spanning? : True
Are all ISTs independent? : True

====TEST CR(70, 9, 18)====
Is IST_0 spanning? : True
Is IST_1 spanning? : True
Is IST_2 spanning? : True
Is IST_3 spanning? : True
Is IST_4 spanning? : True
Is IST_5 spanning? : True
Are all ISTs independent? : True

====TEST CR(71, 9, 18)====
Is IST_0 spanning? : True
Is IST_1 spanning? : True
Is IST_2 spanning? : True
Is IST_3 spanning? : True
Is IST_4 spanning? : True
Is IST_5 spanning? : True
Are all ISTs independent? : True

====TEST CR(72, 9, 18)====
Is IST_0 spanning? : True
Is IST_1 spanning? : True
Is IST_2 spanning? : True
Is IST_3 spanning? : True
Is IST_4 spanning? : True
Is IST_5 spanning? : True
Are all ISTs independent? : True

====TEST CR(73, 9, 18)====
Is IST_0 spanning? : True
Is IST_1 spanning? : True
Is IST_2 spanning? : True
Is IST_3 spanning? : True
Is IST_4 spanning? : True
Is IST_5 spanning? : True
Are all ISTs independent? : True

====TEST CR(74, 9, 18)====
Is IST_0 spanning? : True
Is IST_1 spanning? : True
Is IST_2 spanning? : True
Is IST_3 spanning? : True
Is IST_4 spanning? : True
Is IST_5 spanning? : True
Are all ISTs independent? : True

====TEST CR(75, 9, 18)====
Is IST_0 spanning? : True
Is IST_1 spanning? : True
Is IST_2 spanning? : True
Is IST_3 spanning? : True
Is IST_4 spanning? : True
Is IST_5 spanning? : True
Are all ISTs independent? : True

====TEST CR(76, 9, 18)====
Is IST_0 spanning? : True
Is IST_1 spanning? : True
Is IST_2 spanning? : True
Is IST_3 spanning? : True
Is IST_4 spanning? : True
Is IST_5 spanning? : True
Are all ISTs independent? : True

====TEST CR(77, 9, 18)====
Is IST_0 spanning? : True
Is IST_1 spanning? : True
Is IST_2 spanning? : True
Is IST_3 spanning? : True
Is IST_4 spanning? : True
Is IST_5 spanning? : True
Are all ISTs independent? : True

====TEST CR(78, 9, 18)====
Is IST_0 spanning? : True
Is IST_1 spanning? : True
Is IST_2 spanning? : True
Is IST_3 spanning? : True
Is IST_4 spanning? : True
Is IST_5 spanning? : True
Are all ISTs independent? : True

====TEST CR(79, 9, 18)====
Is IST_0 spanning? : True
Is IST_1 spanning? : True
Is IST_2 spanning? : True
Is IST_3 spanning? : True
Is IST_4 spanning? : True
Is IST_5 spanning? : True
Are all ISTs independent? : True

====TEST CR(80, 9, 18)====
Is IST_0 spanning? : True
Is IST_1 spanning? : True
Is IST_2 spanning? : True
Is IST_3 spanning? : True
Is IST_4 spanning? : True
Is IST_5 spanning? : True
Are all ISTs independent? : True

====TEST CR(81, 9, 18)====
Is IST_0 spanning? : True
Is IST_1 spanning? : True
Is IST_2 spanning? : True
Is IST_3 spanning? : True
Is IST_4 spanning? : True
Is IST_5 spanning? : True
Are all ISTs independent? : True

====TEST CR(82, 9, 18)====
Is IST_0 spanning? : True
Is IST_1 spanning? : True
Is IST_2 spanning? : True
Is IST_3 spanning? : True
Is IST_4 spanning? : True
Is IST_5 spanning? : True
Are all ISTs independent? : True

====TEST CR(83, 9, 18)====
Is IST_0 spanning? : True
Is IST_1 spanning? : True
Is IST_2 spanning? : True
Is IST_3 spanning? : True
Is IST_4 spanning? : True
Is IST_5 spanning? : True
Are all ISTs independent? : True

====TEST CR(84, 9, 18)====
Is IST_0 spanning? : True
Is IST_1 spanning? : True
Is IST_2 spanning? : True
Is IST_3 spanning? : True
Is IST_4 spanning? : True
Is IST_5 spanning? : True
Are all ISTs independent? : True

====TEST CR(85, 9, 18)====
Is IST_0 spanning? : True
Is IST_1 spanning? : True
Is IST_2 spanning? : True
Is IST_3 spanning? : True
Is IST_4 spanning? : True
Is IST_5 spanning? : True
Are all ISTs independent? : True

====TEST CR(86, 9, 18)====
Is IST_0 spanning? : True
Is IST_1 spanning? : True
Is IST_2 spanning? : True
Is IST_3 spanning? : True
Is IST_4 spanning? : True
Is IST_5 spanning? : True
Are all ISTs independent? : True

====TEST CR(87, 9, 18)====
Is IST_0 spanning? : True
Is IST_1 spanning? : True
Is IST_2 spanning? : True
Is IST_3 spanning? : True
Is IST_4 spanning? : True
Is IST_5 spanning? : True
Are all ISTs independent? : True

====TEST CR(88, 9, 18)====
Is IST_0 spanning? : True
Is IST_1 spanning? : True
Is IST_2 spanning? : True
Is IST_3 spanning? : True
Is IST_4 spanning? : True
Is IST_5 spanning? : True
Are all ISTs independent? : True

====TEST CR(89, 9, 18)====
Is IST_0 spanning? : True
Is IST_1 spanning? : True
Is IST_2 spanning? : True
Is IST_3 spanning? : True
Is IST_4 spanning? : True
Is IST_5 spanning? : True
Are all ISTs independent? : True

====TEST CR(90, 9, 18)====
Is IST_0 spanning? : True
Is IST_1 spanning? : True
Is IST_2 spanning? : True
Is IST_3 spanning? : True
Is IST_4 spanning? : True
Is IST_5 spanning? : True
Are all ISTs independent? : True

====TEST CR(91, 9, 18)====
Is IST_0 spanning? : True
Is IST_1 spanning? : True
Is IST_2 spanning? : True
Is IST_3 spanning? : True
Is IST_4 spanning? : True
Is IST_5 spanning? : True
Are all ISTs independent? : True

====TEST CR(92, 9, 18)====
Is IST_0 spanning? : True
Is IST_1 spanning? : True
Is IST_2 spanning? : True
Is IST_3 spanning? : True
Is IST_4 spanning? : True
Is IST_5 spanning? : True
Are all ISTs independent? : True

====TEST CR(93, 9, 18)====
Is IST_0 spanning? : True
Is IST_1 spanning? : True
Is IST_2 spanning? : True
Is IST_3 spanning? : True
Is IST_4 spanning? : True
Is IST_5 spanning? : True
Are all ISTs independent? : True

====TEST CR(94, 9, 18)====
Is IST_0 spanning? : True
Is IST_1 spanning? : True
Is IST_2 spanning? : True
Is IST_3 spanning? : True
Is IST_4 spanning? : True
Is IST_5 spanning? : True
Are all ISTs independent? : True

====TEST CR(95, 9, 18)====
Is IST_0 spanning? : True
Is IST_1 spanning? : True
Is IST_2 spanning? : True
Is IST_3 spanning? : True
Is IST_4 spanning? : True
Is IST_5 spanning? : True
Are all ISTs independent? : True

====TEST CR(96, 9, 18)====
Is IST_0 spanning? : True
Is IST_1 spanning? : True
Is IST_2 spanning? : True
Is IST_3 spanning? : True
Is IST_4 spanning? : True
Is IST_5 spanning? : True
Are all ISTs independent? : True

====TEST CR(97, 9, 18)====
Is IST_0 spanning? : True
Is IST_1 spanning? : True
Is IST_2 spanning? : True
Is IST_3 spanning? : True
Is IST_4 spanning? : True
Is IST_5 spanning? : True
Are all ISTs independent? : True

====TEST CR(98, 9, 18)====
Is IST_0 spanning? : True
Is IST_1 spanning? : True
Is IST_2 spanning? : True
Is IST_3 spanning? : True
Is IST_4 spanning? : True
Is IST_5 spanning? : True
Are all ISTs independent? : True

====TEST CR(99, 9, 18)====
Is IST_0 spanning? : True
Is IST_1 spanning? : True
Is IST_2 spanning? : True
Is IST_3 spanning? : True
Is IST_4 spanning? : True
Is IST_5 spanning? : True
Are all ISTs independent? : True

====TEST CR(100, 9, 18)====
Is IST_0 spanning? : True
Is IST_1 spanning? : True
Is IST_2 spanning? : True
Is IST_3 spanning? : True
Is IST_4 spanning? : True
Is IST_5 spanning? : True
Are all ISTs independent? : True

====TEST CR(101, 9, 18)====
Is IST_0 spanning? : True
Is IST_1 spanning? : True
Is IST_2 spanning? : True
Is IST_3 spanning? : True
Is IST_4 spanning? : True
Is IST_5 spanning? : True
Are all ISTs independent? : True

====TEST CR(102, 9, 18)====
Is IST_0 spanning? : True
Is IST_1 spanning? : True
Is IST_2 spanning? : True
Is IST_3 spanning? : True
Is IST_4 spanning? : True
Is IST_5 spanning? : True
Are all ISTs independent? : True

====TEST CR(103, 9, 18)====
Is IST_0 spanning? : True
Is IST_1 spanning? : True
Is IST_2 spanning? : True
Is IST_3 spanning? : True
Is IST_4 spanning? : True
Is IST_5 spanning? : True
Are all ISTs independent? : True

====TEST CR(104, 9, 18)====
Is IST_0 spanning? : True
Is IST_1 spanning? : True
Is IST_2 spanning? : True
Is IST_3 spanning? : True
Is IST_4 spanning? : True
Is IST_5 spanning? : True
Are all ISTs independent? : True

====TEST CR(105, 9, 18)====
Is IST_0 spanning? : True
Is IST_1 spanning? : True
Is IST_2 spanning? : True
Is IST_3 spanning? : True
Is IST_4 spanning? : True
Is IST_5 spanning? : True
Are all ISTs independent? : True

====TEST CR(106, 9, 18)====
Is IST_0 spanning? : True
Is IST_1 spanning? : True
Is IST_2 spanning? : True
Is IST_3 spanning? : True
Is IST_4 spanning? : True
Is IST_5 spanning? : True
Are all ISTs independent? : True

====TEST CR(107, 9, 18)====
Is IST_0 spanning? : True
Is IST_1 spanning? : True
Is IST_2 spanning? : True
Is IST_3 spanning? : True
Is IST_4 spanning? : True
Is IST_5 spanning? : True
Are all ISTs independent? : True

====TEST CR(108, 9, 18)====
Is IST_0 spanning? : True
Is IST_1 spanning? : True
Is IST_2 spanning? : True
Is IST_3 spanning? : True
Is IST_4 spanning? : True
Is IST_5 spanning? : True
Are all ISTs independent? : True

====TEST CR(109, 9, 18)====
Is IST_0 spanning? : True
Is IST_1 spanning? : True
Is IST_2 spanning? : True
Is IST_3 spanning? : True
Is IST_4 spanning? : True
Is IST_5 spanning? : True
Are all ISTs independent? : True

====TEST CR(110, 9, 18)====
Is IST_0 spanning? : True
Is IST_1 spanning? : True
Is IST_2 spanning? : True
Is IST_3 spanning? : True
Is IST_4 spanning? : True
Is IST_5 spanning? : True
Are all ISTs independent? : True

====TEST CR(111, 9, 18)====
Is IST_0 spanning? : True
Is IST_1 spanning? : True
Is IST_2 spanning? : True
Is IST_3 spanning? : True
Is IST_4 spanning? : True
Is IST_5 spanning? : True
Are all ISTs independent? : True

====TEST CR(112, 9, 18)====
Is IST_0 spanning? : True
Is IST_1 spanning? : True
Is IST_2 spanning? : True
Is IST_3 spanning? : True
Is IST_4 spanning? : True
Is IST_5 spanning? : True
Are all ISTs independent? : True

====TEST CR(113, 9, 18)====
Is IST_0 spanning? : True
Is IST_1 spanning? : True
Is IST_2 spanning? : True
Is IST_3 spanning? : True
Is IST_4 spanning? : True
Is IST_5 spanning? : True
Are all ISTs independent? : True

====TEST CR(114, 9, 18)====
Is IST_0 spanning? : True
Is IST_1 spanning? : True
Is IST_2 spanning? : True
Is IST_3 spanning? : True
Is IST_4 spanning? : True
Is IST_5 spanning? : True
Are all ISTs independent? : True

====TEST CR(115, 9, 18)====
Is IST_0 spanning? : True
Is IST_1 spanning? : True
Is IST_2 spanning? : True
Is IST_3 spanning? : True
Is IST_4 spanning? : True
Is IST_5 spanning? : True
Are all ISTs independent? : True

====TEST CR(116, 9, 18)====
Is IST_0 spanning? : True
Is IST_1 spanning? : True
Is IST_2 spanning? : True
Is IST_3 spanning? : True
Is IST_4 spanning? : True
Is IST_5 spanning? : True
Are all ISTs independent? : True

====TEST CR(117, 9, 18)====
Is IST_0 spanning? : True
Is IST_1 spanning? : True
Is IST_2 spanning? : True
Is IST_3 spanning? : True
Is IST_4 spanning? : True
Is IST_5 spanning? : True
Are all ISTs independent? : True

====TEST CR(118, 9, 18)====
Is IST_0 spanning? : True
Is IST_1 spanning? : True
Is IST_2 spanning? : True
Is IST_3 spanning? : True
Is IST_4 spanning? : True
Is IST_5 spanning? : True
Are all ISTs independent? : True

====TEST CR(119, 9, 18)====
Is IST_0 spanning? : True
Is IST_1 spanning? : True
Is IST_2 spanning? : True
Is IST_3 spanning? : True
Is IST_4 spanning? : True
Is IST_5 spanning? : True
Are all ISTs independent? : True

====TEST CR(120, 9, 18)====
Is IST_0 spanning? : True
Is IST_1 spanning? : True
Is IST_2 spanning? : True
Is IST_3 spanning? : True
Is IST_4 spanning? : True
Is IST_5 spanning? : True
Are all ISTs independent? : True

====TEST CR(121, 9, 18)====
Is IST_0 spanning? : True
Is IST_1 spanning? : True
Is IST_2 spanning? : True
Is IST_3 spanning? : True
Is IST_4 spanning? : True
Is IST_5 spanning? : True
Are all ISTs independent? : True

====TEST CR(122, 9, 18)====
Is IST_0 spanning? : True
Is IST_1 spanning? : True
Is IST_2 spanning? : True
Is IST_3 spanning? : True
Is IST_4 spanning? : True
Is IST_5 spanning? : True
Are all ISTs independent? : True

====TEST CR(123, 9, 18)====
Is IST_0 spanning? : True
Is IST_1 spanning? : True
Is IST_2 spanning? : True
Is IST_3 spanning? : True
Is IST_4 spanning? : True
Is IST_5 spanning? : True
Are all ISTs independent? : True

====TEST CR(124, 9, 18)====
Is IST_0 spanning? : True
Is IST_1 spanning? : True
Is IST_2 spanning? : True
Is IST_3 spanning? : True
Is IST_4 spanning? : True
Is IST_5 spanning? : True
Are all ISTs independent? : True

====TEST CR(125, 9, 18)====
Is IST_0 spanning? : True
Is IST_1 spanning? : True
Is IST_2 spanning? : True
Is IST_3 spanning? : True
Is IST_4 spanning? : True
Is IST_5 spanning? : True
Are all ISTs independent? : True

====TEST CR(126, 9, 18)====
Is IST_0 spanning? : True
Is IST_1 spanning? : True
Is IST_2 spanning? : True
Is IST_3 spanning? : True
Is IST_4 spanning? : True
Is IST_5 spanning? : True
Are all ISTs independent? : True

====TEST CR(127, 9, 18)====
Is IST_0 spanning? : True
Is IST_1 spanning? : True
Is IST_2 spanning? : True
Is IST_3 spanning? : True
Is IST_4 spanning? : True
Is IST_5 spanning? : True
Are all ISTs independent? : True

====TEST CR(128, 9, 18)====
Is IST_0 spanning? : True
Is IST_1 spanning? : True
Is IST_2 spanning? : True
Is IST_3 spanning? : True
Is IST_4 spanning? : True
Is IST_5 spanning? : True
Are all ISTs independent? : True

====TEST CR(129, 9, 18)====
Is IST_0 spanning? : True
Is IST_1 spanning? : True
Is IST_2 spanning? : True
Is IST_3 spanning? : True
Is IST_4 spanning? : True
Is IST_5 spanning? : True
Are all ISTs independent? : True

====TEST CR(130, 9, 18)====
Is IST_0 spanning? : True
Is IST_1 spanning? : True
Is IST_2 spanning? : True
Is IST_3 spanning? : True
Is IST_4 spanning? : True
Is IST_5 spanning? : True
Are all ISTs independent? : True

====TEST CR(131, 9, 18)====
Is IST_0 spanning? : True
Is IST_1 spanning? : True
Is IST_2 spanning? : True
Is IST_3 spanning? : True
Is IST_4 spanning? : True
Is IST_5 spanning? : True
Are all ISTs independent? : True

====TEST CR(132, 9, 18)====
Is IST_0 spanning? : True
Is IST_1 spanning? : True
Is IST_2 spanning? : True
Is IST_3 spanning? : True
Is IST_4 spanning? : True
Is IST_5 spanning? : True
Are all ISTs independent? : True

====TEST CR(133, 9, 18)====
Is IST_0 spanning? : True
Is IST_1 spanning? : True
Is IST_2 spanning? : True
Is IST_3 spanning? : True
Is IST_4 spanning? : True
Is IST_5 spanning? : True
Are all ISTs independent? : True

====TEST CR(134, 9, 18)====
Is IST_0 spanning? : True
Is IST_1 spanning? : True
Is IST_2 spanning? : True
Is IST_3 spanning? : True
Is IST_4 spanning? : True
Is IST_5 spanning? : True
Are all ISTs independent? : True

====TEST CR(135, 9, 18)====
Is IST_0 spanning? : True
Is IST_1 spanning? : True
Is IST_2 spanning? : True
Is IST_3 spanning? : True
Is IST_4 spanning? : True
Is IST_5 spanning? : True
Are all ISTs independent? : True

====TEST CR(136, 9, 18)====
Is IST_0 spanning? : True
Is IST_1 spanning? : True
Is IST_2 spanning? : True
Is IST_3 spanning? : True
Is IST_4 spanning? : True
Is IST_5 spanning? : True
Are all ISTs independent? : True

====TEST CR(137, 9, 18)====
Is IST_0 spanning? : True
Is IST_1 spanning? : True
Is IST_2 spanning? : True
Is IST_3 spanning? : True
Is IST_4 spanning? : True
Is IST_5 spanning? : True
Are all ISTs independent? : True

====TEST CR(138, 9, 18)====
Is IST_0 spanning? : True
Is IST_1 spanning? : True
Is IST_2 spanning? : True
Is IST_3 spanning? : True
Is IST_4 spanning? : True
Is IST_5 spanning? : True
Are all ISTs independent? : True

====TEST CR(139, 9, 18)====
Is IST_0 spanning? : True
Is IST_1 spanning? : True
Is IST_2 spanning? : True
Is IST_3 spanning? : True
Is IST_4 spanning? : True
Is IST_5 spanning? : True
Are all ISTs independent? : True

====TEST CR(140, 9, 18)====
Is IST_0 spanning? : True
Is IST_1 spanning? : True
Is IST_2 spanning? : True
Is IST_3 spanning? : True
Is IST_4 spanning? : True
Is IST_5 spanning? : True
Are all ISTs independent? : True

====TEST CR(141, 9, 18)====
Is IST_0 spanning? : True
Is IST_1 spanning? : True
Is IST_2 spanning? : True
Is IST_3 spanning? : True
Is IST_4 spanning? : True
Is IST_5 spanning? : True
Are all ISTs independent? : True

====TEST CR(142, 9, 18)====
Is IST_0 spanning? : True
Is IST_1 spanning? : True
Is IST_2 spanning? : True
Is IST_3 spanning? : True
Is IST_4 spanning? : True
Is IST_5 spanning? : True
Are all ISTs independent? : True

====TEST CR(143, 9, 18)====
Is IST_0 spanning? : True
Is IST_1 spanning? : True
Is IST_2 spanning? : True
Is IST_3 spanning? : True
Is IST_4 spanning? : True
Is IST_5 spanning? : True
Are all ISTs independent? : True

====TEST CR(144, 9, 18)====
Is IST_0 spanning? : True
Is IST_1 spanning? : True
Is IST_2 spanning? : True
Is IST_3 spanning? : True
Is IST_4 spanning? : True
Is IST_5 spanning? : True
Are all ISTs independent? : True

====TEST CR(145, 9, 18)====
Is IST_0 spanning? : True
Is IST_1 spanning? : True
Is IST_2 spanning? : True
Is IST_3 spanning? : True
Is IST_4 spanning? : True
Is IST_5 spanning? : True
Are all ISTs independent? : True

====TEST CR(146, 9, 18)====
Is IST_0 spanning? : True
Is IST_1 spanning? : True
Is IST_2 spanning? : True
Is IST_3 spanning? : True
Is IST_4 spanning? : True
Is IST_5 spanning? : True
Are all ISTs independent? : True

====TEST CR(147, 9, 18)====
Is IST_0 spanning? : True
Is IST_1 spanning? : True
Is IST_2 spanning? : True
Is IST_3 spanning? : True
Is IST_4 spanning? : True
Is IST_5 spanning? : True
Are all ISTs independent? : True

====TEST CR(148, 9, 18)====
Is IST_0 spanning? : True
Is IST_1 spanning? : True
Is IST_2 spanning? : True
Is IST_3 spanning? : True
Is IST_4 spanning? : True
Is IST_5 spanning? : True
Are all ISTs independent? : True

====TEST CR(149, 9, 18)====
Is IST_0 spanning? : True
Is IST_1 spanning? : True
Is IST_2 spanning? : True
Is IST_3 spanning? : True
Is IST_4 spanning? : True
Is IST_5 spanning? : True
Are all ISTs independent? : True

====TEST CR(150, 9, 18)====
Is IST_0 spanning? : True
Is IST_1 spanning? : True
Is IST_2 spanning? : True
Is IST_3 spanning? : True
Is IST_4 spanning? : True
Is IST_5 spanning? : True
Are all ISTs independent? : True

====TEST CR(151, 9, 18)====
Is IST_0 spanning? : True
Is IST_1 spanning? : True
Is IST_2 spanning? : True
Is IST_3 spanning? : True
Is IST_4 spanning? : True
Is IST_5 spanning? : True
Are all ISTs independent? : True

====TEST CR(152, 9, 18)====
Is IST_0 spanning? : True
Is IST_1 spanning? : True
Is IST_2 spanning? : True
Is IST_3 spanning? : True
Is IST_4 spanning? : True
Is IST_5 spanning? : True
Are all ISTs independent? : True

====TEST CR(153, 9, 18)====
Is IST_0 spanning? : True
Is IST_1 spanning? : True
Is IST_2 spanning? : True
Is IST_3 spanning? : True
Is IST_4 spanning? : True
Is IST_5 spanning? : True
Are all ISTs independent? : True

====TEST CR(154, 9, 18)====
Is IST_0 spanning? : True
Is IST_1 spanning? : True
Is IST_2 spanning? : True
Is IST_3 spanning? : True
Is IST_4 spanning? : True
Is IST_5 spanning? : True
Are all ISTs independent? : True

====TEST CR(155, 9, 18)====
Is IST_0 spanning? : True
Is IST_1 spanning? : True
Is IST_2 spanning? : True
Is IST_3 spanning? : True
Is IST_4 spanning? : True
Is IST_5 spanning? : True
Are all ISTs independent? : True

====TEST CR(156, 9, 18)====
Is IST_0 spanning? : True
Is IST_1 spanning? : True
Is IST_2 spanning? : True
Is IST_3 spanning? : True
Is IST_4 spanning? : True
Is IST_5 spanning? : True
Are all ISTs independent? : True

====TEST CR(157, 9, 18)====
Is IST_0 spanning? : True
Is IST_1 spanning? : True
Is IST_2 spanning? : True
Is IST_3 spanning? : True
Is IST_4 spanning? : True
Is IST_5 spanning? : True
Are all ISTs independent? : True

====TEST CR(158, 9, 18)====
Is IST_0 spanning? : True
Is IST_1 spanning? : True
Is IST_2 spanning? : True
Is IST_3 spanning? : True
Is IST_4 spanning? : True
Is IST_5 spanning? : True
Are all ISTs independent? : True

====TEST CR(159, 9, 18)====
Is IST_0 spanning? : True
Is IST_1 spanning? : True
Is IST_2 spanning? : True
Is IST_3 spanning? : True
Is IST_4 spanning? : True
Is IST_5 spanning? : True
Are all ISTs independent? : True

====TEST CR(160, 9, 18)====
Is IST_0 spanning? : True
Is IST_1 spanning? : True
Is IST_2 spanning? : True
Is IST_3 spanning? : True
Is IST_4 spanning? : True
Is IST_5 spanning? : True
Are all ISTs independent? : True

====TEST CR(161, 9, 18)====
Is IST_0 spanning? : True
Is IST_1 spanning? : True
Is IST_2 spanning? : True
Is IST_3 spanning? : True
Is IST_4 spanning? : True
Is IST_5 spanning? : True
Are all ISTs independent? : True

====TEST CR(162, 9, 18)====
Is IST_0 spanning? : True
Is IST_1 spanning? : True
Is IST_2 spanning? : True
Is IST_3 spanning? : True
Is IST_4 spanning? : True
Is IST_5 spanning? : True
Are all ISTs independent? : True

====TEST CR(163, 9, 18)====
Is IST_0 spanning? : True
Is IST_1 spanning? : True
Is IST_2 spanning? : True
Is IST_3 spanning? : True
Is IST_4 spanning? : True
Is IST_5 spanning? : True
Are all ISTs independent? : True

====TEST CR(164, 9, 18)====
Is IST_0 spanning? : True
Is IST_1 spanning? : True
Is IST_2 spanning? : True
Is IST_3 spanning? : True
Is IST_4 spanning? : True
Is IST_5 spanning? : True
Are all ISTs independent? : True

====TEST CR(165, 9, 18)====
Is IST_0 spanning? : True
Is IST_1 spanning? : True
Is IST_2 spanning? : True
Is IST_3 spanning? : True
Is IST_4 spanning? : True
Is IST_5 spanning? : True
Are all ISTs independent? : True

====TEST CR(166, 9, 18)====
Is IST_0 spanning? : True
Is IST_1 spanning? : True
Is IST_2 spanning? : True
Is IST_3 spanning? : True
Is IST_4 spanning? : True
Is IST_5 spanning? : True
Are all ISTs independent? : True

====TEST CR(167, 9, 18)====
Is IST_0 spanning? : True
Is IST_1 spanning? : True
Is IST_2 spanning? : True
Is IST_3 spanning? : True
Is IST_4 spanning? : True
Is IST_5 spanning? : True
Are all ISTs independent? : True

====TEST CR(168, 9, 18)====
Is IST_0 spanning? : True
Is IST_1 spanning? : True
Is IST_2 spanning? : True
Is IST_3 spanning? : True
Is IST_4 spanning? : True
Is IST_5 spanning? : True
Are all ISTs independent? : True

====TEST CR(169, 9, 18)====
Is IST_0 spanning? : True
Is IST_1 spanning? : True
Is IST_2 spanning? : True
Is IST_3 spanning? : True
Is IST_4 spanning? : True
Is IST_5 spanning? : True
Are all ISTs independent? : True

====TEST CR(170, 9, 18)====
Is IST_0 spanning? : True
Is IST_1 spanning? : True
Is IST_2 spanning? : True
Is IST_3 spanning? : True
Is IST_4 spanning? : True
Is IST_5 spanning? : True
Are all ISTs independent? : True

====TEST CR(171, 9, 18)====
Is IST_0 spanning? : True
Is IST_1 spanning? : True
Is IST_2 spanning? : True
Is IST_3 spanning? : True
Is IST_4 spanning? : True
Is IST_5 spanning? : True
Are all ISTs independent? : True

====TEST CR(172, 9, 18)====
Is IST_0 spanning? : True
Is IST_1 spanning? : True
Is IST_2 spanning? : True
Is IST_3 spanning? : True
Is IST_4 spanning? : True
Is IST_5 spanning? : True
Are all ISTs independent? : True

====TEST CR(173, 9, 18)====
Is IST_0 spanning? : True
Is IST_1 spanning? : True
Is IST_2 spanning? : True
Is IST_3 spanning? : True
Is IST_4 spanning? : True
Is IST_5 spanning? : True
Are all ISTs independent? : True

====TEST CR(174, 9, 18)====
Is IST_0 spanning? : True
Is IST_1 spanning? : True
Is IST_2 spanning? : True
Is IST_3 spanning? : True
Is IST_4 spanning? : True
Is IST_5 spanning? : True
Are all ISTs independent? : True

====TEST CR(175, 9, 18)====
Is IST_0 spanning? : True
Is IST_1 spanning? : True
Is IST_2 spanning? : True
Is IST_3 spanning? : True
Is IST_4 spanning? : True
Is IST_5 spanning? : True
Are all ISTs independent? : True

====TEST CR(176, 9, 18)====
Is IST_0 spanning? : True
Is IST_1 spanning? : True
Is IST_2 spanning? : True
Is IST_3 spanning? : True
Is IST_4 spanning? : True
Is IST_5 spanning? : True
Are all ISTs independent? : True

====TEST CR(177, 9, 18)====
Is IST_0 spanning? : True
Is IST_1 spanning? : True
Is IST_2 spanning? : True
Is IST_3 spanning? : True
Is IST_4 spanning? : True
Is IST_5 spanning? : True
Are all ISTs independent? : True

====TEST CR(178, 9, 18)====
Is IST_0 spanning? : True
Is IST_1 spanning? : True
Is IST_2 spanning? : True
Is IST_3 spanning? : True
Is IST_4 spanning? : True
Is IST_5 spanning? : True
Are all ISTs independent? : True

====TEST CR(179, 9, 18)====
Is IST_0 spanning? : True
Is IST_1 spanning? : True
Is IST_2 spanning? : True
Is IST_3 spanning? : True
Is IST_4 spanning? : True
Is IST_5 spanning? : True
Are all ISTs independent? : True

====TEST CR(180, 9, 18)====
Is IST_0 spanning? : True
Is IST_1 spanning? : True
Is IST_2 spanning? : True
Is IST_3 spanning? : True
Is IST_4 spanning? : True
Is IST_5 spanning? : True
Are all ISTs independent? : True

====TEST CR(181, 9, 18)====
Is IST_0 spanning? : True
Is IST_1 spanning? : True
Is IST_2 spanning? : True
Is IST_3 spanning? : True
Is IST_4 spanning? : True
Is IST_5 spanning? : True
Are all ISTs independent? : True

====TEST CR(182, 9, 18)====
Is IST_0 spanning? : True
Is IST_1 spanning? : True
Is IST_2 spanning? : True
Is IST_3 spanning? : True
Is IST_4 spanning? : True
Is IST_5 spanning? : True
Are all ISTs independent? : True

====TEST CR(60, 10, 20)====
Is IST_0 spanning? : True
Is IST_1 spanning? : True
Is IST_2 spanning? : True
Is IST_3 spanning? : True
Is IST_4 spanning? : True
Is IST_5 spanning? : True
Are all ISTs independent? : True

====TEST CR(61, 10, 20)====
Is IST_0 spanning? : True
Is IST_1 spanning? : True
Is IST_2 spanning? : True
Is IST_3 spanning? : True
Is IST_4 spanning? : True
Is IST_5 spanning? : True
Are all ISTs independent? : True

====TEST CR(62, 10, 20)====
Is IST_0 spanning? : True
Is IST_1 spanning? : True
Is IST_2 spanning? : True
Is IST_3 spanning? : True
Is IST_4 spanning? : True
Is IST_5 spanning? : True
Are all ISTs independent? : True

====TEST CR(63, 10, 20)====
Is IST_0 spanning? : True
Is IST_1 spanning? : True
Is IST_2 spanning? : True
Is IST_3 spanning? : True
Is IST_4 spanning? : True
Is IST_5 spanning? : True
Are all ISTs independent? : True

====TEST CR(64, 10, 20)====
Is IST_0 spanning? : True
Is IST_1 spanning? : True
Is IST_2 spanning? : True
Is IST_3 spanning? : True
Is IST_4 spanning? : True
Is IST_5 spanning? : True
Are all ISTs independent? : True

====TEST CR(65, 10, 20)====
Is IST_0 spanning? : True
Is IST_1 spanning? : True
Is IST_2 spanning? : True
Is IST_3 spanning? : True
Is IST_4 spanning? : True
Is IST_5 spanning? : True
Are all ISTs independent? : True

====TEST CR(66, 10, 20)====
Is IST_0 spanning? : True
Is IST_1 spanning? : True
Is IST_2 spanning? : True
Is IST_3 spanning? : True
Is IST_4 spanning? : True
Is IST_5 spanning? : True
Are all ISTs independent? : True

====TEST CR(67, 10, 20)====
Is IST_0 spanning? : True
Is IST_1 spanning? : True
Is IST_2 spanning? : True
Is IST_3 spanning? : True
Is IST_4 spanning? : True
Is IST_5 spanning? : True
Are all ISTs independent? : True

====TEST CR(68, 10, 20)====
Is IST_0 spanning? : True
Is IST_1 spanning? : True
Is IST_2 spanning? : True
Is IST_3 spanning? : True
Is IST_4 spanning? : True
Is IST_5 spanning? : True
Are all ISTs independent? : True

====TEST CR(69, 10, 20)====
Is IST_0 spanning? : True
Is IST_1 spanning? : True
Is IST_2 spanning? : True
Is IST_3 spanning? : True
Is IST_4 spanning? : True
Is IST_5 spanning? : True
Are all ISTs independent? : True

====TEST CR(70, 10, 20)====
Is IST_0 spanning? : True
Is IST_1 spanning? : True
Is IST_2 spanning? : True
Is IST_3 spanning? : True
Is IST_4 spanning? : True
Is IST_5 spanning? : True
Are all ISTs independent? : True

====TEST CR(71, 10, 20)====
Is IST_0 spanning? : True
Is IST_1 spanning? : True
Is IST_2 spanning? : True
Is IST_3 spanning? : True
Is IST_4 spanning? : True
Is IST_5 spanning? : True
Are all ISTs independent? : True

====TEST CR(72, 10, 20)====
Is IST_0 spanning? : True
Is IST_1 spanning? : True
Is IST_2 spanning? : True
Is IST_3 spanning? : True
Is IST_4 spanning? : True
Is IST_5 spanning? : True
Are all ISTs independent? : True

====TEST CR(73, 10, 20)====
Is IST_0 spanning? : True
Is IST_1 spanning? : True
Is IST_2 spanning? : True
Is IST_3 spanning? : True
Is IST_4 spanning? : True
Is IST_5 spanning? : True
Are all ISTs independent? : True

====TEST CR(74, 10, 20)====
Is IST_0 spanning? : True
Is IST_1 spanning? : True
Is IST_2 spanning? : True
Is IST_3 spanning? : True
Is IST_4 spanning? : True
Is IST_5 spanning? : True
Are all ISTs independent? : True

====TEST CR(75, 10, 20)====
Is IST_0 spanning? : True
Is IST_1 spanning? : True
Is IST_2 spanning? : True
Is IST_3 spanning? : True
Is IST_4 spanning? : True
Is IST_5 spanning? : True
Are all ISTs independent? : True

====TEST CR(76, 10, 20)====
Is IST_0 spanning? : True
Is IST_1 spanning? : True
Is IST_2 spanning? : True
Is IST_3 spanning? : True
Is IST_4 spanning? : True
Is IST_5 spanning? : True
Are all ISTs independent? : True

====TEST CR(77, 10, 20)====
Is IST_0 spanning? : True
Is IST_1 spanning? : True
Is IST_2 spanning? : True
Is IST_3 spanning? : True
Is IST_4 spanning? : True
Is IST_5 spanning? : True
Are all ISTs independent? : True

====TEST CR(78, 10, 20)====
Is IST_0 spanning? : True
Is IST_1 spanning? : True
Is IST_2 spanning? : True
Is IST_3 spanning? : True
Is IST_4 spanning? : True
Is IST_5 spanning? : True
Are all ISTs independent? : True

====TEST CR(79, 10, 20)====
Is IST_0 spanning? : True
Is IST_1 spanning? : True
Is IST_2 spanning? : True
Is IST_3 spanning? : True
Is IST_4 spanning? : True
Is IST_5 spanning? : True
Are all ISTs independent? : True

====TEST CR(80, 10, 20)====
Is IST_0 spanning? : True
Is IST_1 spanning? : True
Is IST_2 spanning? : True
Is IST_3 spanning? : True
Is IST_4 spanning? : True
Is IST_5 spanning? : True
Are all ISTs independent? : True

====TEST CR(81, 10, 20)====
Is IST_0 spanning? : True
Is IST_1 spanning? : True
Is IST_2 spanning? : True
Is IST_3 spanning? : True
Is IST_4 spanning? : True
Is IST_5 spanning? : True
Are all ISTs independent? : True

====TEST CR(82, 10, 20)====
Is IST_0 spanning? : True
Is IST_1 spanning? : True
Is IST_2 spanning? : True
Is IST_3 spanning? : True
Is IST_4 spanning? : True
Is IST_5 spanning? : True
Are all ISTs independent? : True

====TEST CR(83, 10, 20)====
Is IST_0 spanning? : True
Is IST_1 spanning? : True
Is IST_2 spanning? : True
Is IST_3 spanning? : True
Is IST_4 spanning? : True
Is IST_5 spanning? : True
Are all ISTs independent? : True

====TEST CR(84, 10, 20)====
Is IST_0 spanning? : True
Is IST_1 spanning? : True
Is IST_2 spanning? : True
Is IST_3 spanning? : True
Is IST_4 spanning? : True
Is IST_5 spanning? : True
Are all ISTs independent? : True

====TEST CR(85, 10, 20)====
Is IST_0 spanning? : True
Is IST_1 spanning? : True
Is IST_2 spanning? : True
Is IST_3 spanning? : True
Is IST_4 spanning? : True
Is IST_5 spanning? : True
Are all ISTs independent? : True

====TEST CR(86, 10, 20)====
Is IST_0 spanning? : True
Is IST_1 spanning? : True
Is IST_2 spanning? : True
Is IST_3 spanning? : True
Is IST_4 spanning? : True
Is IST_5 spanning? : True
Are all ISTs independent? : True

====TEST CR(87, 10, 20)====
Is IST_0 spanning? : True
Is IST_1 spanning? : True
Is IST_2 spanning? : True
Is IST_3 spanning? : True
Is IST_4 spanning? : True
Is IST_5 spanning? : True
Are all ISTs independent? : True

====TEST CR(88, 10, 20)====
Is IST_0 spanning? : True
Is IST_1 spanning? : True
Is IST_2 spanning? : True
Is IST_3 spanning? : True
Is IST_4 spanning? : True
Is IST_5 spanning? : True
Are all ISTs independent? : True

====TEST CR(89, 10, 20)====
Is IST_0 spanning? : True
Is IST_1 spanning? : True
Is IST_2 spanning? : True
Is IST_3 spanning? : True
Is IST_4 spanning? : True
Is IST_5 spanning? : True
Are all ISTs independent? : True

====TEST CR(90, 10, 20)====
Is IST_0 spanning? : True
Is IST_1 spanning? : True
Is IST_2 spanning? : True
Is IST_3 spanning? : True
Is IST_4 spanning? : True
Is IST_5 spanning? : True
Are all ISTs independent? : True

====TEST CR(91, 10, 20)====
Is IST_0 spanning? : True
Is IST_1 spanning? : True
Is IST_2 spanning? : True
Is IST_3 spanning? : True
Is IST_4 spanning? : True
Is IST_5 spanning? : True
Are all ISTs independent? : True

====TEST CR(92, 10, 20)====
Is IST_0 spanning? : True
Is IST_1 spanning? : True
Is IST_2 spanning? : True
Is IST_3 spanning? : True
Is IST_4 spanning? : True
Is IST_5 spanning? : True
Are all ISTs independent? : True

====TEST CR(93, 10, 20)====
Is IST_0 spanning? : True
Is IST_1 spanning? : True
Is IST_2 spanning? : True
Is IST_3 spanning? : True
Is IST_4 spanning? : True
Is IST_5 spanning? : True
Are all ISTs independent? : True

====TEST CR(94, 10, 20)====
Is IST_0 spanning? : True
Is IST_1 spanning? : True
Is IST_2 spanning? : True
Is IST_3 spanning? : True
Is IST_4 spanning? : True
Is IST_5 spanning? : True
Are all ISTs independent? : True

====TEST CR(95, 10, 20)====
Is IST_0 spanning? : True
Is IST_1 spanning? : True
Is IST_2 spanning? : True
Is IST_3 spanning? : True
Is IST_4 spanning? : True
Is IST_5 spanning? : True
Are all ISTs independent? : True

====TEST CR(96, 10, 20)====
Is IST_0 spanning? : True
Is IST_1 spanning? : True
Is IST_2 spanning? : True
Is IST_3 spanning? : True
Is IST_4 spanning? : True
Is IST_5 spanning? : True
Are all ISTs independent? : True

====TEST CR(97, 10, 20)====
Is IST_0 spanning? : True
Is IST_1 spanning? : True
Is IST_2 spanning? : True
Is IST_3 spanning? : True
Is IST_4 spanning? : True
Is IST_5 spanning? : True
Are all ISTs independent? : True

====TEST CR(98, 10, 20)====
Is IST_0 spanning? : True
Is IST_1 spanning? : True
Is IST_2 spanning? : True
Is IST_3 spanning? : True
Is IST_4 spanning? : True
Is IST_5 spanning? : True
Are all ISTs independent? : True

====TEST CR(99, 10, 20)====
Is IST_0 spanning? : True
Is IST_1 spanning? : True
Is IST_2 spanning? : True
Is IST_3 spanning? : True
Is IST_4 spanning? : True
Is IST_5 spanning? : True
Are all ISTs independent? : True

====TEST CR(100, 10, 20)====
Is IST_0 spanning? : True
Is IST_1 spanning? : True
Is IST_2 spanning? : True
Is IST_3 spanning? : True
Is IST_4 spanning? : True
Is IST_5 spanning? : True
Are all ISTs independent? : True

====TEST CR(101, 10, 20)====
Is IST_0 spanning? : True
Is IST_1 spanning? : True
Is IST_2 spanning? : True
Is IST_3 spanning? : True
Is IST_4 spanning? : True
Is IST_5 spanning? : True
Are all ISTs independent? : True

====TEST CR(102, 10, 20)====
Is IST_0 spanning? : True
Is IST_1 spanning? : True
Is IST_2 spanning? : True
Is IST_3 spanning? : True
Is IST_4 spanning? : True
Is IST_5 spanning? : True
Are all ISTs independent? : True

====TEST CR(103, 10, 20)====
Is IST_0 spanning? : True
Is IST_1 spanning? : True
Is IST_2 spanning? : True
Is IST_3 spanning? : True
Is IST_4 spanning? : True
Is IST_5 spanning? : True
Are all ISTs independent? : True

====TEST CR(104, 10, 20)====
Is IST_0 spanning? : True
Is IST_1 spanning? : True
Is IST_2 spanning? : True
Is IST_3 spanning? : True
Is IST_4 spanning? : True
Is IST_5 spanning? : True
Are all ISTs independent? : True

====TEST CR(105, 10, 20)====
Is IST_0 spanning? : True
Is IST_1 spanning? : True
Is IST_2 spanning? : True
Is IST_3 spanning? : True
Is IST_4 spanning? : True
Is IST_5 spanning? : True
Are all ISTs independent? : True

====TEST CR(106, 10, 20)====
Is IST_0 spanning? : True
Is IST_1 spanning? : True
Is IST_2 spanning? : True
Is IST_3 spanning? : True
Is IST_4 spanning? : True
Is IST_5 spanning? : True
Are all ISTs independent? : True

====TEST CR(107, 10, 20)====
Is IST_0 spanning? : True
Is IST_1 spanning? : True
Is IST_2 spanning? : True
Is IST_3 spanning? : True
Is IST_4 spanning? : True
Is IST_5 spanning? : True
Are all ISTs independent? : True

====TEST CR(108, 10, 20)====
Is IST_0 spanning? : True
Is IST_1 spanning? : True
Is IST_2 spanning? : True
Is IST_3 spanning? : True
Is IST_4 spanning? : True
Is IST_5 spanning? : True
Are all ISTs independent? : True

====TEST CR(109, 10, 20)====
Is IST_0 spanning? : True
Is IST_1 spanning? : True
Is IST_2 spanning? : True
Is IST_3 spanning? : True
Is IST_4 spanning? : True
Is IST_5 spanning? : True
Are all ISTs independent? : True

====TEST CR(110, 10, 20)====
Is IST_0 spanning? : True
Is IST_1 spanning? : True
Is IST_2 spanning? : True
Is IST_3 spanning? : True
Is IST_4 spanning? : True
Is IST_5 spanning? : True
Are all ISTs independent? : True

====TEST CR(111, 10, 20)====
Is IST_0 spanning? : True
Is IST_1 spanning? : True
Is IST_2 spanning? : True
Is IST_3 spanning? : True
Is IST_4 spanning? : True
Is IST_5 spanning? : True
Are all ISTs independent? : True

====TEST CR(112, 10, 20)====
Is IST_0 spanning? : True
Is IST_1 spanning? : True
Is IST_2 spanning? : True
Is IST_3 spanning? : True
Is IST_4 spanning? : True
Is IST_5 spanning? : True
Are all ISTs independent? : True

====TEST CR(113, 10, 20)====
Is IST_0 spanning? : True
Is IST_1 spanning? : True
Is IST_2 spanning? : True
Is IST_3 spanning? : True
Is IST_4 spanning? : True
Is IST_5 spanning? : True
Are all ISTs independent? : True

====TEST CR(114, 10, 20)====
Is IST_0 spanning? : True
Is IST_1 spanning? : True
Is IST_2 spanning? : True
Is IST_3 spanning? : True
Is IST_4 spanning? : True
Is IST_5 spanning? : True
Are all ISTs independent? : True

====TEST CR(115, 10, 20)====
Is IST_0 spanning? : True
Is IST_1 spanning? : True
Is IST_2 spanning? : True
Is IST_3 spanning? : True
Is IST_4 spanning? : True
Is IST_5 spanning? : True
Are all ISTs independent? : True

====TEST CR(116, 10, 20)====
Is IST_0 spanning? : True
Is IST_1 spanning? : True
Is IST_2 spanning? : True
Is IST_3 spanning? : True
Is IST_4 spanning? : True
Is IST_5 spanning? : True
Are all ISTs independent? : True

====TEST CR(117, 10, 20)====
Is IST_0 spanning? : True
Is IST_1 spanning? : True
Is IST_2 spanning? : True
Is IST_3 spanning? : True
Is IST_4 spanning? : True
Is IST_5 spanning? : True
Are all ISTs independent? : True

====TEST CR(118, 10, 20)====
Is IST_0 spanning? : True
Is IST_1 spanning? : True
Is IST_2 spanning? : True
Is IST_3 spanning? : True
Is IST_4 spanning? : True
Is IST_5 spanning? : True
Are all ISTs independent? : True

====TEST CR(119, 10, 20)====
Is IST_0 spanning? : True
Is IST_1 spanning? : True
Is IST_2 spanning? : True
Is IST_3 spanning? : True
Is IST_4 spanning? : True
Is IST_5 spanning? : True
Are all ISTs independent? : True

====TEST CR(120, 10, 20)====
Is IST_0 spanning? : True
Is IST_1 spanning? : True
Is IST_2 spanning? : True
Is IST_3 spanning? : True
Is IST_4 spanning? : True
Is IST_5 spanning? : True
Are all ISTs independent? : True

====TEST CR(121, 10, 20)====
Is IST_0 spanning? : True
Is IST_1 spanning? : True
Is IST_2 spanning? : True
Is IST_3 spanning? : True
Is IST_4 spanning? : True
Is IST_5 spanning? : True
Are all ISTs independent? : True

====TEST CR(122, 10, 20)====
Is IST_0 spanning? : True
Is IST_1 spanning? : True
Is IST_2 spanning? : True
Is IST_3 spanning? : True
Is IST_4 spanning? : True
Is IST_5 spanning? : True
Are all ISTs independent? : True

====TEST CR(123, 10, 20)====
Is IST_0 spanning? : True
Is IST_1 spanning? : True
Is IST_2 spanning? : True
Is IST_3 spanning? : True
Is IST_4 spanning? : True
Is IST_5 spanning? : True
Are all ISTs independent? : True

====TEST CR(124, 10, 20)====
Is IST_0 spanning? : True
Is IST_1 spanning? : True
Is IST_2 spanning? : True
Is IST_3 spanning? : True
Is IST_4 spanning? : True
Is IST_5 spanning? : True
Are all ISTs independent? : True

====TEST CR(125, 10, 20)====
Is IST_0 spanning? : True
Is IST_1 spanning? : True
Is IST_2 spanning? : True
Is IST_3 spanning? : True
Is IST_4 spanning? : True
Is IST_5 spanning? : True
Are all ISTs independent? : True

====TEST CR(126, 10, 20)====
Is IST_0 spanning? : True
Is IST_1 spanning? : True
Is IST_2 spanning? : True
Is IST_3 spanning? : True
Is IST_4 spanning? : True
Is IST_5 spanning? : True
Are all ISTs independent? : True

====TEST CR(127, 10, 20)====
Is IST_0 spanning? : True
Is IST_1 spanning? : True
Is IST_2 spanning? : True
Is IST_3 spanning? : True
Is IST_4 spanning? : True
Is IST_5 spanning? : True
Are all ISTs independent? : True

====TEST CR(128, 10, 20)====
Is IST_0 spanning? : True
Is IST_1 spanning? : True
Is IST_2 spanning? : True
Is IST_3 spanning? : True
Is IST_4 spanning? : True
Is IST_5 spanning? : True
Are all ISTs independent? : True

====TEST CR(129, 10, 20)====
Is IST_0 spanning? : True
Is IST_1 spanning? : True
Is IST_2 spanning? : True
Is IST_3 spanning? : True
Is IST_4 spanning? : True
Is IST_5 spanning? : True
Are all ISTs independent? : True

====TEST CR(130, 10, 20)====
Is IST_0 spanning? : True
Is IST_1 spanning? : True
Is IST_2 spanning? : True
Is IST_3 spanning? : True
Is IST_4 spanning? : True
Is IST_5 spanning? : True
Are all ISTs independent? : True

====TEST CR(131, 10, 20)====
Is IST_0 spanning? : True
Is IST_1 spanning? : True
Is IST_2 spanning? : True
Is IST_3 spanning? : True
Is IST_4 spanning? : True
Is IST_5 spanning? : True
Are all ISTs independent? : True

====TEST CR(132, 10, 20)====
Is IST_0 spanning? : True
Is IST_1 spanning? : True
Is IST_2 spanning? : True
Is IST_3 spanning? : True
Is IST_4 spanning? : True
Is IST_5 spanning? : True
Are all ISTs independent? : True

====TEST CR(133, 10, 20)====
Is IST_0 spanning? : True
Is IST_1 spanning? : True
Is IST_2 spanning? : True
Is IST_3 spanning? : True
Is IST_4 spanning? : True
Is IST_5 spanning? : True
Are all ISTs independent? : True

====TEST CR(134, 10, 20)====
Is IST_0 spanning? : True
Is IST_1 spanning? : True
Is IST_2 spanning? : True
Is IST_3 spanning? : True
Is IST_4 spanning? : True
Is IST_5 spanning? : True
Are all ISTs independent? : True

====TEST CR(135, 10, 20)====
Is IST_0 spanning? : True
Is IST_1 spanning? : True
Is IST_2 spanning? : True
Is IST_3 spanning? : True
Is IST_4 spanning? : True
Is IST_5 spanning? : True
Are all ISTs independent? : True

====TEST CR(136, 10, 20)====
Is IST_0 spanning? : True
Is IST_1 spanning? : True
Is IST_2 spanning? : True
Is IST_3 spanning? : True
Is IST_4 spanning? : True
Is IST_5 spanning? : True
Are all ISTs independent? : True

====TEST CR(137, 10, 20)====
Is IST_0 spanning? : True
Is IST_1 spanning? : True
Is IST_2 spanning? : True
Is IST_3 spanning? : True
Is IST_4 spanning? : True
Is IST_5 spanning? : True
Are all ISTs independent? : True

====TEST CR(138, 10, 20)====
Is IST_0 spanning? : True
Is IST_1 spanning? : True
Is IST_2 spanning? : True
Is IST_3 spanning? : True
Is IST_4 spanning? : True
Is IST_5 spanning? : True
Are all ISTs independent? : True

====TEST CR(139, 10, 20)====
Is IST_0 spanning? : True
Is IST_1 spanning? : True
Is IST_2 spanning? : True
Is IST_3 spanning? : True
Is IST_4 spanning? : True
Is IST_5 spanning? : True
Are all ISTs independent? : True

====TEST CR(140, 10, 20)====
Is IST_0 spanning? : True
Is IST_1 spanning? : True
Is IST_2 spanning? : True
Is IST_3 spanning? : True
Is IST_4 spanning? : True
Is IST_5 spanning? : True
Are all ISTs independent? : True

====TEST CR(141, 10, 20)====
Is IST_0 spanning? : True
Is IST_1 spanning? : True
Is IST_2 spanning? : True
Is IST_3 spanning? : True
Is IST_4 spanning? : True
Is IST_5 spanning? : True
Are all ISTs independent? : True

====TEST CR(142, 10, 20)====
Is IST_0 spanning? : True
Is IST_1 spanning? : True
Is IST_2 spanning? : True
Is IST_3 spanning? : True
Is IST_4 spanning? : True
Is IST_5 spanning? : True
Are all ISTs independent? : True

====TEST CR(143, 10, 20)====
Is IST_0 spanning? : True
Is IST_1 spanning? : True
Is IST_2 spanning? : True
Is IST_3 spanning? : True
Is IST_4 spanning? : True
Is IST_5 spanning? : True
Are all ISTs independent? : True

====TEST CR(144, 10, 20)====
Is IST_0 spanning? : True
Is IST_1 spanning? : True
Is IST_2 spanning? : True
Is IST_3 spanning? : True
Is IST_4 spanning? : True
Is IST_5 spanning? : True
Are all ISTs independent? : True

====TEST CR(145, 10, 20)====
Is IST_0 spanning? : True
Is IST_1 spanning? : True
Is IST_2 spanning? : True
Is IST_3 spanning? : True
Is IST_4 spanning? : True
Is IST_5 spanning? : True
Are all ISTs independent? : True

====TEST CR(146, 10, 20)====
Is IST_0 spanning? : True
Is IST_1 spanning? : True
Is IST_2 spanning? : True
Is IST_3 spanning? : True
Is IST_4 spanning? : True
Is IST_5 spanning? : True
Are all ISTs independent? : True

====TEST CR(147, 10, 20)====
Is IST_0 spanning? : True
Is IST_1 spanning? : True
Is IST_2 spanning? : True
Is IST_3 spanning? : True
Is IST_4 spanning? : True
Is IST_5 spanning? : True
Are all ISTs independent? : True

====TEST CR(148, 10, 20)====
Is IST_0 spanning? : True
Is IST_1 spanning? : True
Is IST_2 spanning? : True
Is IST_3 spanning? : True
Is IST_4 spanning? : True
Is IST_5 spanning? : True
Are all ISTs independent? : True

====TEST CR(149, 10, 20)====
Is IST_0 spanning? : True
Is IST_1 spanning? : True
Is IST_2 spanning? : True
Is IST_3 spanning? : True
Is IST_4 spanning? : True
Is IST_5 spanning? : True
Are all ISTs independent? : True

====TEST CR(150, 10, 20)====
Is IST_0 spanning? : True
Is IST_1 spanning? : True
Is IST_2 spanning? : True
Is IST_3 spanning? : True
Is IST_4 spanning? : True
Is IST_5 spanning? : True
Are all ISTs independent? : True

====TEST CR(151, 10, 20)====
Is IST_0 spanning? : True
Is IST_1 spanning? : True
Is IST_2 spanning? : True
Is IST_3 spanning? : True
Is IST_4 spanning? : True
Is IST_5 spanning? : True
Are all ISTs independent? : True

====TEST CR(152, 10, 20)====
Is IST_0 spanning? : True
Is IST_1 spanning? : True
Is IST_2 spanning? : True
Is IST_3 spanning? : True
Is IST_4 spanning? : True
Is IST_5 spanning? : True
Are all ISTs independent? : True

====TEST CR(153, 10, 20)====
Is IST_0 spanning? : True
Is IST_1 spanning? : True
Is IST_2 spanning? : True
Is IST_3 spanning? : True
Is IST_4 spanning? : True
Is IST_5 spanning? : True
Are all ISTs independent? : True

====TEST CR(154, 10, 20)====
Is IST_0 spanning? : True
Is IST_1 spanning? : True
Is IST_2 spanning? : True
Is IST_3 spanning? : True
Is IST_4 spanning? : True
Is IST_5 spanning? : True
Are all ISTs independent? : True

====TEST CR(155, 10, 20)====
Is IST_0 spanning? : True
Is IST_1 spanning? : True
Is IST_2 spanning? : True
Is IST_3 spanning? : True
Is IST_4 spanning? : True
Is IST_5 spanning? : True
Are all ISTs independent? : True

====TEST CR(156, 10, 20)====
Is IST_0 spanning? : True
Is IST_1 spanning? : True
Is IST_2 spanning? : True
Is IST_3 spanning? : True
Is IST_4 spanning? : True
Is IST_5 spanning? : True
Are all ISTs independent? : True

====TEST CR(157, 10, 20)====
Is IST_0 spanning? : True
Is IST_1 spanning? : True
Is IST_2 spanning? : True
Is IST_3 spanning? : True
Is IST_4 spanning? : True
Is IST_5 spanning? : True
Are all ISTs independent? : True

====TEST CR(158, 10, 20)====
Is IST_0 spanning? : True
Is IST_1 spanning? : True
Is IST_2 spanning? : True
Is IST_3 spanning? : True
Is IST_4 spanning? : True
Is IST_5 spanning? : True
Are all ISTs independent? : True

====TEST CR(159, 10, 20)====
Is IST_0 spanning? : True
Is IST_1 spanning? : True
Is IST_2 spanning? : True
Is IST_3 spanning? : True
Is IST_4 spanning? : True
Is IST_5 spanning? : True
Are all ISTs independent? : True

====TEST CR(160, 10, 20)====
Is IST_0 spanning? : True
Is IST_1 spanning? : True
Is IST_2 spanning? : True
Is IST_3 spanning? : True
Is IST_4 spanning? : True
Is IST_5 spanning? : True
Are all ISTs independent? : True

====TEST CR(161, 10, 20)====
Is IST_0 spanning? : True
Is IST_1 spanning? : True
Is IST_2 spanning? : True
Is IST_3 spanning? : True
Is IST_4 spanning? : True
Is IST_5 spanning? : True
Are all ISTs independent? : True

====TEST CR(162, 10, 20)====
Is IST_0 spanning? : True
Is IST_1 spanning? : True
Is IST_2 spanning? : True
Is IST_3 spanning? : True
Is IST_4 spanning? : True
Is IST_5 spanning? : True
Are all ISTs independent? : True

====TEST CR(163, 10, 20)====
Is IST_0 spanning? : True
Is IST_1 spanning? : True
Is IST_2 spanning? : True
Is IST_3 spanning? : True
Is IST_4 spanning? : True
Is IST_5 spanning? : True
Are all ISTs independent? : True

====TEST CR(164, 10, 20)====
Is IST_0 spanning? : True
Is IST_1 spanning? : True
Is IST_2 spanning? : True
Is IST_3 spanning? : True
Is IST_4 spanning? : True
Is IST_5 spanning? : True
Are all ISTs independent? : True

====TEST CR(165, 10, 20)====
Is IST_0 spanning? : True
Is IST_1 spanning? : True
Is IST_2 spanning? : True
Is IST_3 spanning? : True
Is IST_4 spanning? : True
Is IST_5 spanning? : True
Are all ISTs independent? : True

====TEST CR(166, 10, 20)====
Is IST_0 spanning? : True
Is IST_1 spanning? : True
Is IST_2 spanning? : True
Is IST_3 spanning? : True
Is IST_4 spanning? : True
Is IST_5 spanning? : True
Are all ISTs independent? : True

====TEST CR(167, 10, 20)====
Is IST_0 spanning? : True
Is IST_1 spanning? : True
Is IST_2 spanning? : True
Is IST_3 spanning? : True
Is IST_4 spanning? : True
Is IST_5 spanning? : True
Are all ISTs independent? : True

====TEST CR(168, 10, 20)====
Is IST_0 spanning? : True
Is IST_1 spanning? : True
Is IST_2 spanning? : True
Is IST_3 spanning? : True
Is IST_4 spanning? : True
Is IST_5 spanning? : True
Are all ISTs independent? : True

====TEST CR(169, 10, 20)====
Is IST_0 spanning? : True
Is IST_1 spanning? : True
Is IST_2 spanning? : True
Is IST_3 spanning? : True
Is IST_4 spanning? : True
Is IST_5 spanning? : True
Are all ISTs independent? : True

====TEST CR(170, 10, 20)====
Is IST_0 spanning? : True
Is IST_1 spanning? : True
Is IST_2 spanning? : True
Is IST_3 spanning? : True
Is IST_4 spanning? : True
Is IST_5 spanning? : True
Are all ISTs independent? : True

====TEST CR(171, 10, 20)====
Is IST_0 spanning? : True
Is IST_1 spanning? : True
Is IST_2 spanning? : True
Is IST_3 spanning? : True
Is IST_4 spanning? : True
Is IST_5 spanning? : True
Are all ISTs independent? : True

====TEST CR(172, 10, 20)====
Is IST_0 spanning? : True
Is IST_1 spanning? : True
Is IST_2 spanning? : True
Is IST_3 spanning? : True
Is IST_4 spanning? : True
Is IST_5 spanning? : True
Are all ISTs independent? : True

====TEST CR(173, 10, 20)====
Is IST_0 spanning? : True
Is IST_1 spanning? : True
Is IST_2 spanning? : True
Is IST_3 spanning? : True
Is IST_4 spanning? : True
Is IST_5 spanning? : True
Are all ISTs independent? : True

====TEST CR(174, 10, 20)====
Is IST_0 spanning? : True
Is IST_1 spanning? : True
Is IST_2 spanning? : True
Is IST_3 spanning? : True
Is IST_4 spanning? : True
Is IST_5 spanning? : True
Are all ISTs independent? : True

====TEST CR(175, 10, 20)====
Is IST_0 spanning? : True
Is IST_1 spanning? : True
Is IST_2 spanning? : True
Is IST_3 spanning? : True
Is IST_4 spanning? : True
Is IST_5 spanning? : True
Are all ISTs independent? : True

====TEST CR(176, 10, 20)====
Is IST_0 spanning? : True
Is IST_1 spanning? : True
Is IST_2 spanning? : True
Is IST_3 spanning? : True
Is IST_4 spanning? : True
Is IST_5 spanning? : True
Are all ISTs independent? : True

====TEST CR(177, 10, 20)====
Is IST_0 spanning? : True
Is IST_1 spanning? : True
Is IST_2 spanning? : True
Is IST_3 spanning? : True
Is IST_4 spanning? : True
Is IST_5 spanning? : True
Are all ISTs independent? : True

====TEST CR(178, 10, 20)====
Is IST_0 spanning? : True
Is IST_1 spanning? : True
Is IST_2 spanning? : True
Is IST_3 spanning? : True
Is IST_4 spanning? : True
Is IST_5 spanning? : True
Are all ISTs independent? : True

====TEST CR(179, 10, 20)====
Is IST_0 spanning? : True
Is IST_1 spanning? : True
Is IST_2 spanning? : True
Is IST_3 spanning? : True
Is IST_4 spanning? : True
Is IST_5 spanning? : True
Are all ISTs independent? : True

====TEST CR(180, 10, 20)====
Is IST_0 spanning? : True
Is IST_1 spanning? : True
Is IST_2 spanning? : True
Is IST_3 spanning? : True
Is IST_4 spanning? : True
Is IST_5 spanning? : True
Are all ISTs independent? : True

====TEST CR(181, 10, 20)====
Is IST_0 spanning? : True
Is IST_1 spanning? : True
Is IST_2 spanning? : True
Is IST_3 spanning? : True
Is IST_4 spanning? : True
Is IST_5 spanning? : True
Are all ISTs independent? : True

====TEST CR(182, 10, 20)====
Is IST_0 spanning? : True
Is IST_1 spanning? : True
Is IST_2 spanning? : True
Is IST_3 spanning? : True
Is IST_4 spanning? : True
Is IST_5 spanning? : True
Are all ISTs independent? : True

====TEST CR(183, 10, 20)====
Is IST_0 spanning? : True
Is IST_1 spanning? : True
Is IST_2 spanning? : True
Is IST_3 spanning? : True
Is IST_4 spanning? : True
Is IST_5 spanning? : True
Are all ISTs independent? : True

====TEST CR(184, 10, 20)====
Is IST_0 spanning? : True
Is IST_1 spanning? : True
Is IST_2 spanning? : True
Is IST_3 spanning? : True
Is IST_4 spanning? : True
Is IST_5 spanning? : True
Are all ISTs independent? : True

====TEST CR(185, 10, 20)====
Is IST_0 spanning? : True
Is IST_1 spanning? : True
Is IST_2 spanning? : True
Is IST_3 spanning? : True
Is IST_4 spanning? : True
Is IST_5 spanning? : True
Are all ISTs independent? : True

====TEST CR(186, 10, 20)====
Is IST_0 spanning? : True
Is IST_1 spanning? : True
Is IST_2 spanning? : True
Is IST_3 spanning? : True
Is IST_4 spanning? : True
Is IST_5 spanning? : True
Are all ISTs independent? : True

====TEST CR(187, 10, 20)====
Is IST_0 spanning? : True
Is IST_1 spanning? : True
Is IST_2 spanning? : True
Is IST_3 spanning? : True
Is IST_4 spanning? : True
Is IST_5 spanning? : True
Are all ISTs independent? : True

====TEST CR(188, 10, 20)====
Is IST_0 spanning? : True
Is IST_1 spanning? : True
Is IST_2 spanning? : True
Is IST_3 spanning? : True
Is IST_4 spanning? : True
Is IST_5 spanning? : True
Are all ISTs independent? : True

====TEST CR(66, 11, 22)====
Is IST_0 spanning? : True
Is IST_1 spanning? : True
Is IST_2 spanning? : True
Is IST_3 spanning? : True
Is IST_4 spanning? : True
Is IST_5 spanning? : True
Are all ISTs independent? : True

====TEST CR(67, 11, 22)====
Is IST_0 spanning? : True
Is IST_1 spanning? : True
Is IST_2 spanning? : True
Is IST_3 spanning? : True
Is IST_4 spanning? : True
Is IST_5 spanning? : True
Are all ISTs independent? : True

====TEST CR(68, 11, 22)====
Is IST_0 spanning? : True
Is IST_1 spanning? : True
Is IST_2 spanning? : True
Is IST_3 spanning? : True
Is IST_4 spanning? : True
Is IST_5 spanning? : True
Are all ISTs independent? : True

====TEST CR(69, 11, 22)====
Is IST_0 spanning? : True
Is IST_1 spanning? : True
Is IST_2 spanning? : True
Is IST_3 spanning? : True
Is IST_4 spanning? : True
Is IST_5 spanning? : True
Are all ISTs independent? : True

====TEST CR(70, 11, 22)====
Is IST_0 spanning? : True
Is IST_1 spanning? : True
Is IST_2 spanning? : True
Is IST_3 spanning? : True
Is IST_4 spanning? : True
Is IST_5 spanning? : True
Are all ISTs independent? : True

====TEST CR(71, 11, 22)====
Is IST_0 spanning? : True
Is IST_1 spanning? : True
Is IST_2 spanning? : True
Is IST_3 spanning? : True
Is IST_4 spanning? : True
Is IST_5 spanning? : True
Are all ISTs independent? : True

====TEST CR(72, 11, 22)====
Is IST_0 spanning? : True
Is IST_1 spanning? : True
Is IST_2 spanning? : True
Is IST_3 spanning? : True
Is IST_4 spanning? : True
Is IST_5 spanning? : True
Are all ISTs independent? : True

====TEST CR(73, 11, 22)====
Is IST_0 spanning? : True
Is IST_1 spanning? : True
Is IST_2 spanning? : True
Is IST_3 spanning? : True
Is IST_4 spanning? : True
Is IST_5 spanning? : True
Are all ISTs independent? : True

====TEST CR(74, 11, 22)====
Is IST_0 spanning? : True
Is IST_1 spanning? : True
Is IST_2 spanning? : True
Is IST_3 spanning? : True
Is IST_4 spanning? : True
Is IST_5 spanning? : True
Are all ISTs independent? : True

====TEST CR(75, 11, 22)====
Is IST_0 spanning? : True
Is IST_1 spanning? : True
Is IST_2 spanning? : True
Is IST_3 spanning? : True
Is IST_4 spanning? : True
Is IST_5 spanning? : True
Are all ISTs independent? : True

====TEST CR(76, 11, 22)====
Is IST_0 spanning? : True
Is IST_1 spanning? : True
Is IST_2 spanning? : True
Is IST_3 spanning? : True
Is IST_4 spanning? : True
Is IST_5 spanning? : True
Are all ISTs independent? : True

====TEST CR(77, 11, 22)====
Is IST_0 spanning? : True
Is IST_1 spanning? : True
Is IST_2 spanning? : True
Is IST_3 spanning? : True
Is IST_4 spanning? : True
Is IST_5 spanning? : True
Are all ISTs independent? : True

====TEST CR(78, 11, 22)====
Is IST_0 spanning? : True
Is IST_1 spanning? : True
Is IST_2 spanning? : True
Is IST_3 spanning? : True
Is IST_4 spanning? : True
Is IST_5 spanning? : True
Are all ISTs independent? : True

====TEST CR(79, 11, 22)====
Is IST_0 spanning? : True
Is IST_1 spanning? : True
Is IST_2 spanning? : True
Is IST_3 spanning? : True
Is IST_4 spanning? : True
Is IST_5 spanning? : True
Are all ISTs independent? : True

====TEST CR(80, 11, 22)====
Is IST_0 spanning? : True
Is IST_1 spanning? : True
Is IST_2 spanning? : True
Is IST_3 spanning? : True
Is IST_4 spanning? : True
Is IST_5 spanning? : True
Are all ISTs independent? : True

====TEST CR(81, 11, 22)====
Is IST_0 spanning? : True
Is IST_1 spanning? : True
Is IST_2 spanning? : True
Is IST_3 spanning? : True
Is IST_4 spanning? : True
Is IST_5 spanning? : True
Are all ISTs independent? : True

====TEST CR(82, 11, 22)====
Is IST_0 spanning? : True
Is IST_1 spanning? : True
Is IST_2 spanning? : True
Is IST_3 spanning? : True
Is IST_4 spanning? : True
Is IST_5 spanning? : True
Are all ISTs independent? : True

====TEST CR(83, 11, 22)====
Is IST_0 spanning? : True
Is IST_1 spanning? : True
Is IST_2 spanning? : True
Is IST_3 spanning? : True
Is IST_4 spanning? : True
Is IST_5 spanning? : True
Are all ISTs independent? : True

====TEST CR(84, 11, 22)====
Is IST_0 spanning? : True
Is IST_1 spanning? : True
Is IST_2 spanning? : True
Is IST_3 spanning? : True
Is IST_4 spanning? : True
Is IST_5 spanning? : True
Are all ISTs independent? : True

====TEST CR(85, 11, 22)====
Is IST_0 spanning? : True
Is IST_1 spanning? : True
Is IST_2 spanning? : True
Is IST_3 spanning? : True
Is IST_4 spanning? : True
Is IST_5 spanning? : True
Are all ISTs independent? : True

====TEST CR(86, 11, 22)====
Is IST_0 spanning? : True
Is IST_1 spanning? : True
Is IST_2 spanning? : True
Is IST_3 spanning? : True
Is IST_4 spanning? : True
Is IST_5 spanning? : True
Are all ISTs independent? : True

====TEST CR(87, 11, 22)====
Is IST_0 spanning? : True
Is IST_1 spanning? : True
Is IST_2 spanning? : True
Is IST_3 spanning? : True
Is IST_4 spanning? : True
Is IST_5 spanning? : True
Are all ISTs independent? : True

====TEST CR(88, 11, 22)====
Is IST_0 spanning? : True
Is IST_1 spanning? : True
Is IST_2 spanning? : True
Is IST_3 spanning? : True
Is IST_4 spanning? : True
Is IST_5 spanning? : True
Are all ISTs independent? : True

====TEST CR(89, 11, 22)====
Is IST_0 spanning? : True
Is IST_1 spanning? : True
Is IST_2 spanning? : True
Is IST_3 spanning? : True
Is IST_4 spanning? : True
Is IST_5 spanning? : True
Are all ISTs independent? : True

====TEST CR(90, 11, 22)====
Is IST_0 spanning? : True
Is IST_1 spanning? : True
Is IST_2 spanning? : True
Is IST_3 spanning? : True
Is IST_4 spanning? : True
Is IST_5 spanning? : True
Are all ISTs independent? : True

====TEST CR(91, 11, 22)====
Is IST_0 spanning? : True
Is IST_1 spanning? : True
Is IST_2 spanning? : True
Is IST_3 spanning? : True
Is IST_4 spanning? : True
Is IST_5 spanning? : True
Are all ISTs independent? : True

====TEST CR(92, 11, 22)====
Is IST_0 spanning? : True
Is IST_1 spanning? : True
Is IST_2 spanning? : True
Is IST_3 spanning? : True
Is IST_4 spanning? : True
Is IST_5 spanning? : True
Are all ISTs independent? : True

====TEST CR(93, 11, 22)====
Is IST_0 spanning? : True
Is IST_1 spanning? : True
Is IST_2 spanning? : True
Is IST_3 spanning? : True
Is IST_4 spanning? : True
Is IST_5 spanning? : True
Are all ISTs independent? : True

====TEST CR(94, 11, 22)====
Is IST_0 spanning? : True
Is IST_1 spanning? : True
Is IST_2 spanning? : True
Is IST_3 spanning? : True
Is IST_4 spanning? : True
Is IST_5 spanning? : True
Are all ISTs independent? : True

====TEST CR(95, 11, 22)====
Is IST_0 spanning? : True
Is IST_1 spanning? : True
Is IST_2 spanning? : True
Is IST_3 spanning? : True
Is IST_4 spanning? : True
Is IST_5 spanning? : True
Are all ISTs independent? : True

====TEST CR(96, 11, 22)====
Is IST_0 spanning? : True
Is IST_1 spanning? : True
Is IST_2 spanning? : True
Is IST_3 spanning? : True
Is IST_4 spanning? : True
Is IST_5 spanning? : True
Are all ISTs independent? : True

====TEST CR(97, 11, 22)====
Is IST_0 spanning? : True
Is IST_1 spanning? : True
Is IST_2 spanning? : True
Is IST_3 spanning? : True
Is IST_4 spanning? : True
Is IST_5 spanning? : True
Are all ISTs independent? : True

====TEST CR(98, 11, 22)====
Is IST_0 spanning? : True
Is IST_1 spanning? : True
Is IST_2 spanning? : True
Is IST_3 spanning? : True
Is IST_4 spanning? : True
Is IST_5 spanning? : True
Are all ISTs independent? : True

====TEST CR(99, 11, 22)====
Is IST_0 spanning? : True
Is IST_1 spanning? : True
Is IST_2 spanning? : True
Is IST_3 spanning? : True
Is IST_4 spanning? : True
Is IST_5 spanning? : True
Are all ISTs independent? : True

====TEST CR(100, 11, 22)====
Is IST_0 spanning? : True
Is IST_1 spanning? : True
Is IST_2 spanning? : True
Is IST_3 spanning? : True
Is IST_4 spanning? : True
Is IST_5 spanning? : True
Are all ISTs independent? : True

====TEST CR(101, 11, 22)====
Is IST_0 spanning? : True
Is IST_1 spanning? : True
Is IST_2 spanning? : True
Is IST_3 spanning? : True
Is IST_4 spanning? : True
Is IST_5 spanning? : True
Are all ISTs independent? : True

====TEST CR(102, 11, 22)====
Is IST_0 spanning? : True
Is IST_1 spanning? : True
Is IST_2 spanning? : True
Is IST_3 spanning? : True
Is IST_4 spanning? : True
Is IST_5 spanning? : True
Are all ISTs independent? : True

====TEST CR(103, 11, 22)====
Is IST_0 spanning? : True
Is IST_1 spanning? : True
Is IST_2 spanning? : True
Is IST_3 spanning? : True
Is IST_4 spanning? : True
Is IST_5 spanning? : True
Are all ISTs independent? : True

====TEST CR(104, 11, 22)====
Is IST_0 spanning? : True
Is IST_1 spanning? : True
Is IST_2 spanning? : True
Is IST_3 spanning? : True
Is IST_4 spanning? : True
Is IST_5 spanning? : True
Are all ISTs independent? : True

====TEST CR(105, 11, 22)====
Is IST_0 spanning? : True
Is IST_1 spanning? : True
Is IST_2 spanning? : True
Is IST_3 spanning? : True
Is IST_4 spanning? : True
Is IST_5 spanning? : True
Are all ISTs independent? : True

====TEST CR(106, 11, 22)====
Is IST_0 spanning? : True
Is IST_1 spanning? : True
Is IST_2 spanning? : True
Is IST_3 spanning? : True
Is IST_4 spanning? : True
Is IST_5 spanning? : True
Are all ISTs independent? : True

====TEST CR(107, 11, 22)====
Is IST_0 spanning? : True
Is IST_1 spanning? : True
Is IST_2 spanning? : True
Is IST_3 spanning? : True
Is IST_4 spanning? : True
Is IST_5 spanning? : True
Are all ISTs independent? : True

====TEST CR(108, 11, 22)====
Is IST_0 spanning? : True
Is IST_1 spanning? : True
Is IST_2 spanning? : True
Is IST_3 spanning? : True
Is IST_4 spanning? : True
Is IST_5 spanning? : True
Are all ISTs independent? : True

====TEST CR(109, 11, 22)====
Is IST_0 spanning? : True
Is IST_1 spanning? : True
Is IST_2 spanning? : True
Is IST_3 spanning? : True
Is IST_4 spanning? : True
Is IST_5 spanning? : True
Are all ISTs independent? : True

====TEST CR(110, 11, 22)====
Is IST_0 spanning? : True
Is IST_1 spanning? : True
Is IST_2 spanning? : True
Is IST_3 spanning? : True
Is IST_4 spanning? : True
Is IST_5 spanning? : True
Are all ISTs independent? : True

====TEST CR(111, 11, 22)====
Is IST_0 spanning? : True
Is IST_1 spanning? : True
Is IST_2 spanning? : True
Is IST_3 spanning? : True
Is IST_4 spanning? : True
Is IST_5 spanning? : True
Are all ISTs independent? : True

====TEST CR(112, 11, 22)====
Is IST_0 spanning? : True
Is IST_1 spanning? : True
Is IST_2 spanning? : True
Is IST_3 spanning? : True
Is IST_4 spanning? : True
Is IST_5 spanning? : True
Are all ISTs independent? : True

====TEST CR(113, 11, 22)====
Is IST_0 spanning? : True
Is IST_1 spanning? : True
Is IST_2 spanning? : True
Is IST_3 spanning? : True
Is IST_4 spanning? : True
Is IST_5 spanning? : True
Are all ISTs independent? : True

====TEST CR(114, 11, 22)====
Is IST_0 spanning? : True
Is IST_1 spanning? : True
Is IST_2 spanning? : True
Is IST_3 spanning? : True
Is IST_4 spanning? : True
Is IST_5 spanning? : True
Are all ISTs independent? : True

====TEST CR(115, 11, 22)====
Is IST_0 spanning? : True
Is IST_1 spanning? : True
Is IST_2 spanning? : True
Is IST_3 spanning? : True
Is IST_4 spanning? : True
Is IST_5 spanning? : True
Are all ISTs independent? : True

====TEST CR(116, 11, 22)====
Is IST_0 spanning? : True
Is IST_1 spanning? : True
Is IST_2 spanning? : True
Is IST_3 spanning? : True
Is IST_4 spanning? : True
Is IST_5 spanning? : True
Are all ISTs independent? : True

====TEST CR(117, 11, 22)====
Is IST_0 spanning? : True
Is IST_1 spanning? : True
Is IST_2 spanning? : True
Is IST_3 spanning? : True
Is IST_4 spanning? : True
Is IST_5 spanning? : True
Are all ISTs independent? : True

====TEST CR(118, 11, 22)====
Is IST_0 spanning? : True
Is IST_1 spanning? : True
Is IST_2 spanning? : True
Is IST_3 spanning? : True
Is IST_4 spanning? : True
Is IST_5 spanning? : True
Are all ISTs independent? : True

====TEST CR(119, 11, 22)====
Is IST_0 spanning? : True
Is IST_1 spanning? : True
Is IST_2 spanning? : True
Is IST_3 spanning? : True
Is IST_4 spanning? : True
Is IST_5 spanning? : True
Are all ISTs independent? : True

====TEST CR(120, 11, 22)====
Is IST_0 spanning? : True
Is IST_1 spanning? : True
Is IST_2 spanning? : True
Is IST_3 spanning? : True
Is IST_4 spanning? : True
Is IST_5 spanning? : True
Are all ISTs independent? : True

====TEST CR(121, 11, 22)====
Is IST_0 spanning? : True
Is IST_1 spanning? : True
Is IST_2 spanning? : True
Is IST_3 spanning? : True
Is IST_4 spanning? : True
Is IST_5 spanning? : True
Are all ISTs independent? : True

====TEST CR(122, 11, 22)====
Is IST_0 spanning? : True
Is IST_1 spanning? : True
Is IST_2 spanning? : True
Is IST_3 spanning? : True
Is IST_4 spanning? : True
Is IST_5 spanning? : True
Are all ISTs independent? : True

====TEST CR(123, 11, 22)====
Is IST_0 spanning? : True
Is IST_1 spanning? : True
Is IST_2 spanning? : True
Is IST_3 spanning? : True
Is IST_4 spanning? : True
Is IST_5 spanning? : True
Are all ISTs independent? : True

====TEST CR(124, 11, 22)====
Is IST_0 spanning? : True
Is IST_1 spanning? : True
Is IST_2 spanning? : True
Is IST_3 spanning? : True
Is IST_4 spanning? : True
Is IST_5 spanning? : True
Are all ISTs independent? : True

====TEST CR(125, 11, 22)====
Is IST_0 spanning? : True
Is IST_1 spanning? : True
Is IST_2 spanning? : True
Is IST_3 spanning? : True
Is IST_4 spanning? : True
Is IST_5 spanning? : True
Are all ISTs independent? : True

====TEST CR(126, 11, 22)====
Is IST_0 spanning? : True
Is IST_1 spanning? : True
Is IST_2 spanning? : True
Is IST_3 spanning? : True
Is IST_4 spanning? : True
Is IST_5 spanning? : True
Are all ISTs independent? : True

====TEST CR(127, 11, 22)====
Is IST_0 spanning? : True
Is IST_1 spanning? : True
Is IST_2 spanning? : True
Is IST_3 spanning? : True
Is IST_4 spanning? : True
Is IST_5 spanning? : True
Are all ISTs independent? : True

====TEST CR(128, 11, 22)====
Is IST_0 spanning? : True
Is IST_1 spanning? : True
Is IST_2 spanning? : True
Is IST_3 spanning? : True
Is IST_4 spanning? : True
Is IST_5 spanning? : True
Are all ISTs independent? : True

====TEST CR(129, 11, 22)====
Is IST_0 spanning? : True
Is IST_1 spanning? : True
Is IST_2 spanning? : True
Is IST_3 spanning? : True
Is IST_4 spanning? : True
Is IST_5 spanning? : True
Are all ISTs independent? : True

====TEST CR(130, 11, 22)====
Is IST_0 spanning? : True
Is IST_1 spanning? : True
Is IST_2 spanning? : True
Is IST_3 spanning? : True
Is IST_4 spanning? : True
Is IST_5 spanning? : True
Are all ISTs independent? : True

====TEST CR(131, 11, 22)====
Is IST_0 spanning? : True
Is IST_1 spanning? : True
Is IST_2 spanning? : True
Is IST_3 spanning? : True
Is IST_4 spanning? : True
Is IST_5 spanning? : True
Are all ISTs independent? : True

====TEST CR(132, 11, 22)====
Is IST_0 spanning? : True
Is IST_1 spanning? : True
Is IST_2 spanning? : True
Is IST_3 spanning? : True
Is IST_4 spanning? : True
Is IST_5 spanning? : True
Are all ISTs independent? : True

====TEST CR(133, 11, 22)====
Is IST_0 spanning? : True
Is IST_1 spanning? : True
Is IST_2 spanning? : True
Is IST_3 spanning? : True
Is IST_4 spanning? : True
Is IST_5 spanning? : True
Are all ISTs independent? : True

====TEST CR(134, 11, 22)====
Is IST_0 spanning? : True
Is IST_1 spanning? : True
Is IST_2 spanning? : True
Is IST_3 spanning? : True
Is IST_4 spanning? : True
Is IST_5 spanning? : True
Are all ISTs independent? : True

====TEST CR(135, 11, 22)====
Is IST_0 spanning? : True
Is IST_1 spanning? : True
Is IST_2 spanning? : True
Is IST_3 spanning? : True
Is IST_4 spanning? : True
Is IST_5 spanning? : True
Are all ISTs independent? : True

====TEST CR(136, 11, 22)====
Is IST_0 spanning? : True
Is IST_1 spanning? : True
Is IST_2 spanning? : True
Is IST_3 spanning? : True
Is IST_4 spanning? : True
Is IST_5 spanning? : True
Are all ISTs independent? : True

====TEST CR(137, 11, 22)====
Is IST_0 spanning? : True
Is IST_1 spanning? : True
Is IST_2 spanning? : True
Is IST_3 spanning? : True
Is IST_4 spanning? : True
Is IST_5 spanning? : True
Are all ISTs independent? : True

====TEST CR(138, 11, 22)====
Is IST_0 spanning? : True
Is IST_1 spanning? : True
Is IST_2 spanning? : True
Is IST_3 spanning? : True
Is IST_4 spanning? : True
Is IST_5 spanning? : True
Are all ISTs independent? : True

====TEST CR(139, 11, 22)====
Is IST_0 spanning? : True
Is IST_1 spanning? : True
Is IST_2 spanning? : True
Is IST_3 spanning? : True
Is IST_4 spanning? : True
Is IST_5 spanning? : True
Are all ISTs independent? : True

====TEST CR(140, 11, 22)====
Is IST_0 spanning? : True
Is IST_1 spanning? : True
Is IST_2 spanning? : True
Is IST_3 spanning? : True
Is IST_4 spanning? : True
Is IST_5 spanning? : True
Are all ISTs independent? : True

====TEST CR(141, 11, 22)====
Is IST_0 spanning? : True
Is IST_1 spanning? : True
Is IST_2 spanning? : True
Is IST_3 spanning? : True
Is IST_4 spanning? : True
Is IST_5 spanning? : True
Are all ISTs independent? : True

====TEST CR(142, 11, 22)====
Is IST_0 spanning? : True
Is IST_1 spanning? : True
Is IST_2 spanning? : True
Is IST_3 spanning? : True
Is IST_4 spanning? : True
Is IST_5 spanning? : True
Are all ISTs independent? : True

====TEST CR(143, 11, 22)====
Is IST_0 spanning? : True
Is IST_1 spanning? : True
Is IST_2 spanning? : True
Is IST_3 spanning? : True
Is IST_4 spanning? : True
Is IST_5 spanning? : True
Are all ISTs independent? : True

====TEST CR(144, 11, 22)====
Is IST_0 spanning? : True
Is IST_1 spanning? : True
Is IST_2 spanning? : True
Is IST_3 spanning? : True
Is IST_4 spanning? : True
Is IST_5 spanning? : True
Are all ISTs independent? : True

====TEST CR(145, 11, 22)====
Is IST_0 spanning? : True
Is IST_1 spanning? : True
Is IST_2 spanning? : True
Is IST_3 spanning? : True
Is IST_4 spanning? : True
Is IST_5 spanning? : True
Are all ISTs independent? : True

====TEST CR(146, 11, 22)====
Is IST_0 spanning? : True
Is IST_1 spanning? : True
Is IST_2 spanning? : True
Is IST_3 spanning? : True
Is IST_4 spanning? : True
Is IST_5 spanning? : True
Are all ISTs independent? : True

====TEST CR(147, 11, 22)====
Is IST_0 spanning? : True
Is IST_1 spanning? : True
Is IST_2 spanning? : True
Is IST_3 spanning? : True
Is IST_4 spanning? : True
Is IST_5 spanning? : True
Are all ISTs independent? : True

====TEST CR(148, 11, 22)====
Is IST_0 spanning? : True
Is IST_1 spanning? : True
Is IST_2 spanning? : True
Is IST_3 spanning? : True
Is IST_4 spanning? : True
Is IST_5 spanning? : True
Are all ISTs independent? : True

====TEST CR(149, 11, 22)====
Is IST_0 spanning? : True
Is IST_1 spanning? : True
Is IST_2 spanning? : True
Is IST_3 spanning? : True
Is IST_4 spanning? : True
Is IST_5 spanning? : True
Are all ISTs independent? : True

====TEST CR(150, 11, 22)====
Is IST_0 spanning? : True
Is IST_1 spanning? : True
Is IST_2 spanning? : True
Is IST_3 spanning? : True
Is IST_4 spanning? : True
Is IST_5 spanning? : True
Are all ISTs independent? : True

====TEST CR(151, 11, 22)====
Is IST_0 spanning? : True
Is IST_1 spanning? : True
Is IST_2 spanning? : True
Is IST_3 spanning? : True
Is IST_4 spanning? : True
Is IST_5 spanning? : True
Are all ISTs independent? : True

====TEST CR(152, 11, 22)====
Is IST_0 spanning? : True
Is IST_1 spanning? : True
Is IST_2 spanning? : True
Is IST_3 spanning? : True
Is IST_4 spanning? : True
Is IST_5 spanning? : True
Are all ISTs independent? : True

====TEST CR(153, 11, 22)====
Is IST_0 spanning? : True
Is IST_1 spanning? : True
Is IST_2 spanning? : True
Is IST_3 spanning? : True
Is IST_4 spanning? : True
Is IST_5 spanning? : True
Are all ISTs independent? : True

====TEST CR(154, 11, 22)====
Is IST_0 spanning? : True
Is IST_1 spanning? : True
Is IST_2 spanning? : True
Is IST_3 spanning? : True
Is IST_4 spanning? : True
Is IST_5 spanning? : True
Are all ISTs independent? : True

====TEST CR(155, 11, 22)====
Is IST_0 spanning? : True
Is IST_1 spanning? : True
Is IST_2 spanning? : True
Is IST_3 spanning? : True
Is IST_4 spanning? : True
Is IST_5 spanning? : True
Are all ISTs independent? : True

====TEST CR(156, 11, 22)====
Is IST_0 spanning? : True
Is IST_1 spanning? : True
Is IST_2 spanning? : True
Is IST_3 spanning? : True
Is IST_4 spanning? : True
Is IST_5 spanning? : True
Are all ISTs independent? : True

====TEST CR(157, 11, 22)====
Is IST_0 spanning? : True
Is IST_1 spanning? : True
Is IST_2 spanning? : True
Is IST_3 spanning? : True
Is IST_4 spanning? : True
Is IST_5 spanning? : True
Are all ISTs independent? : True

====TEST CR(158, 11, 22)====
Is IST_0 spanning? : True
Is IST_1 spanning? : True
Is IST_2 spanning? : True
Is IST_3 spanning? : True
Is IST_4 spanning? : True
Is IST_5 spanning? : True
Are all ISTs independent? : True

====TEST CR(159, 11, 22)====
Is IST_0 spanning? : True
Is IST_1 spanning? : True
Is IST_2 spanning? : True
Is IST_3 spanning? : True
Is IST_4 spanning? : True
Is IST_5 spanning? : True
Are all ISTs independent? : True

====TEST CR(160, 11, 22)====
Is IST_0 spanning? : True
Is IST_1 spanning? : True
Is IST_2 spanning? : True
Is IST_3 spanning? : True
Is IST_4 spanning? : True
Is IST_5 spanning? : True
Are all ISTs independent? : True

====TEST CR(161, 11, 22)====
Is IST_0 spanning? : True
Is IST_1 spanning? : True
Is IST_2 spanning? : True
Is IST_3 spanning? : True
Is IST_4 spanning? : True
Is IST_5 spanning? : True
Are all ISTs independent? : True

====TEST CR(162, 11, 22)====
Is IST_0 spanning? : True
Is IST_1 spanning? : True
Is IST_2 spanning? : True
Is IST_3 spanning? : True
Is IST_4 spanning? : True
Is IST_5 spanning? : True
Are all ISTs independent? : True

====TEST CR(163, 11, 22)====
Is IST_0 spanning? : True
Is IST_1 spanning? : True
Is IST_2 spanning? : True
Is IST_3 spanning? : True
Is IST_4 spanning? : True
Is IST_5 spanning? : True
Are all ISTs independent? : True

====TEST CR(164, 11, 22)====
Is IST_0 spanning? : True
Is IST_1 spanning? : True
Is IST_2 spanning? : True
Is IST_3 spanning? : True
Is IST_4 spanning? : True
Is IST_5 spanning? : True
Are all ISTs independent? : True

====TEST CR(165, 11, 22)====
Is IST_0 spanning? : True
Is IST_1 spanning? : True
Is IST_2 spanning? : True
Is IST_3 spanning? : True
Is IST_4 spanning? : True
Is IST_5 spanning? : True
Are all ISTs independent? : True

====TEST CR(166, 11, 22)====
Is IST_0 spanning? : True
Is IST_1 spanning? : True
Is IST_2 spanning? : True
Is IST_3 spanning? : True
Is IST_4 spanning? : True
Is IST_5 spanning? : True
Are all ISTs independent? : True

====TEST CR(167, 11, 22)====
Is IST_0 spanning? : True
Is IST_1 spanning? : True
Is IST_2 spanning? : True
Is IST_3 spanning? : True
Is IST_4 spanning? : True
Is IST_5 spanning? : True
Are all ISTs independent? : True

====TEST CR(168, 11, 22)====
Is IST_0 spanning? : True
Is IST_1 spanning? : True
Is IST_2 spanning? : True
Is IST_3 spanning? : True
Is IST_4 spanning? : True
Is IST_5 spanning? : True
Are all ISTs independent? : True

====TEST CR(169, 11, 22)====
Is IST_0 spanning? : True
Is IST_1 spanning? : True
Is IST_2 spanning? : True
Is IST_3 spanning? : True
Is IST_4 spanning? : True
Is IST_5 spanning? : True
Are all ISTs independent? : True

====TEST CR(170, 11, 22)====
Is IST_0 spanning? : True
Is IST_1 spanning? : True
Is IST_2 spanning? : True
Is IST_3 spanning? : True
Is IST_4 spanning? : True
Is IST_5 spanning? : True
Are all ISTs independent? : True

====TEST CR(171, 11, 22)====
Is IST_0 spanning? : True
Is IST_1 spanning? : True
Is IST_2 spanning? : True
Is IST_3 spanning? : True
Is IST_4 spanning? : True
Is IST_5 spanning? : True
Are all ISTs independent? : True

====TEST CR(172, 11, 22)====
Is IST_0 spanning? : True
Is IST_1 spanning? : True
Is IST_2 spanning? : True
Is IST_3 spanning? : True
Is IST_4 spanning? : True
Is IST_5 spanning? : True
Are all ISTs independent? : True

====TEST CR(173, 11, 22)====
Is IST_0 spanning? : True
Is IST_1 spanning? : True
Is IST_2 spanning? : True
Is IST_3 spanning? : True
Is IST_4 spanning? : True
Is IST_5 spanning? : True
Are all ISTs independent? : True

====TEST CR(174, 11, 22)====
Is IST_0 spanning? : True
Is IST_1 spanning? : True
Is IST_2 spanning? : True
Is IST_3 spanning? : True
Is IST_4 spanning? : True
Is IST_5 spanning? : True
Are all ISTs independent? : True

====TEST CR(175, 11, 22)====
Is IST_0 spanning? : True
Is IST_1 spanning? : True
Is IST_2 spanning? : True
Is IST_3 spanning? : True
Is IST_4 spanning? : True
Is IST_5 spanning? : True
Are all ISTs independent? : True

====TEST CR(176, 11, 22)====
Is IST_0 spanning? : True
Is IST_1 spanning? : True
Is IST_2 spanning? : True
Is IST_3 spanning? : True
Is IST_4 spanning? : True
Is IST_5 spanning? : True
Are all ISTs independent? : True

====TEST CR(177, 11, 22)====
Is IST_0 spanning? : True
Is IST_1 spanning? : True
Is IST_2 spanning? : True
Is IST_3 spanning? : True
Is IST_4 spanning? : True
Is IST_5 spanning? : True
Are all ISTs independent? : True

====TEST CR(178, 11, 22)====
Is IST_0 spanning? : True
Is IST_1 spanning? : True
Is IST_2 spanning? : True
Is IST_3 spanning? : True
Is IST_4 spanning? : True
Is IST_5 spanning? : True
Are all ISTs independent? : True

====TEST CR(179, 11, 22)====
Is IST_0 spanning? : True
Is IST_1 spanning? : True
Is IST_2 spanning? : True
Is IST_3 spanning? : True
Is IST_4 spanning? : True
Is IST_5 spanning? : True
Are all ISTs independent? : True

====TEST CR(180, 11, 22)====
Is IST_0 spanning? : True
Is IST_1 spanning? : True
Is IST_2 spanning? : True
Is IST_3 spanning? : True
Is IST_4 spanning? : True
Is IST_5 spanning? : True
Are all ISTs independent? : True

====TEST CR(181, 11, 22)====
Is IST_0 spanning? : True
Is IST_1 spanning? : True
Is IST_2 spanning? : True
Is IST_3 spanning? : True
Is IST_4 spanning? : True
Is IST_5 spanning? : True
Are all ISTs independent? : True

====TEST CR(182, 11, 22)====
Is IST_0 spanning? : True
Is IST_1 spanning? : True
Is IST_2 spanning? : True
Is IST_3 spanning? : True
Is IST_4 spanning? : True
Is IST_5 spanning? : True
Are all ISTs independent? : True

====TEST CR(183, 11, 22)====
Is IST_0 spanning? : True
Is IST_1 spanning? : True
Is IST_2 spanning? : True
Is IST_3 spanning? : True
Is IST_4 spanning? : True
Is IST_5 spanning? : True
Are all ISTs independent? : True

====TEST CR(184, 11, 22)====
Is IST_0 spanning? : True
Is IST_1 spanning? : True
Is IST_2 spanning? : True
Is IST_3 spanning? : True
Is IST_4 spanning? : True
Is IST_5 spanning? : True
Are all ISTs independent? : True

====TEST CR(185, 11, 22)====
Is IST_0 spanning? : True
Is IST_1 spanning? : True
Is IST_2 spanning? : True
Is IST_3 spanning? : True
Is IST_4 spanning? : True
Is IST_5 spanning? : True
Are all ISTs independent? : True

====TEST CR(186, 11, 22)====
Is IST_0 spanning? : True
Is IST_1 spanning? : True
Is IST_2 spanning? : True
Is IST_3 spanning? : True
Is IST_4 spanning? : True
Is IST_5 spanning? : True
Are all ISTs independent? : True

====TEST CR(187, 11, 22)====
Is IST_0 spanning? : True
Is IST_1 spanning? : True
Is IST_2 spanning? : True
Is IST_3 spanning? : True
Is IST_4 spanning? : True
Is IST_5 spanning? : True
Are all ISTs independent? : True

====TEST CR(188, 11, 22)====
Is IST_0 spanning? : True
Is IST_1 spanning? : True
Is IST_2 spanning? : True
Is IST_3 spanning? : True
Is IST_4 spanning? : True
Is IST_5 spanning? : True
Are all ISTs independent? : True

====TEST CR(189, 11, 22)====
Is IST_0 spanning? : True
Is IST_1 spanning? : True
Is IST_2 spanning? : True
Is IST_3 spanning? : True
Is IST_4 spanning? : True
Is IST_5 spanning? : True
Are all ISTs independent? : True

====TEST CR(190, 11, 22)====
Is IST_0 spanning? : True
Is IST_1 spanning? : True
Is IST_2 spanning? : True
Is IST_3 spanning? : True
Is IST_4 spanning? : True
Is IST_5 spanning? : True
Are all ISTs independent? : True

====TEST CR(191, 11, 22)====
Is IST_0 spanning? : True
Is IST_1 spanning? : True
Is IST_2 spanning? : True
Is IST_3 spanning? : True
Is IST_4 spanning? : True
Is IST_5 spanning? : True
Are all ISTs independent? : True

====TEST CR(192, 11, 22)====
Is IST_0 spanning? : True
Is IST_1 spanning? : True
Is IST_2 spanning? : True
Is IST_3 spanning? : True
Is IST_4 spanning? : True
Is IST_5 spanning? : True
Are all ISTs independent? : True

====TEST CR(193, 11, 22)====
Is IST_0 spanning? : True
Is IST_1 spanning? : True
Is IST_2 spanning? : True
Is IST_3 spanning? : True
Is IST_4 spanning? : True
Is IST_5 spanning? : True
Are all ISTs independent? : True

====TEST CR(194, 11, 22)====
Is IST_0 spanning? : True
Is IST_1 spanning? : True
Is IST_2 spanning? : True
Is IST_3 spanning? : True
Is IST_4 spanning? : True
Is IST_5 spanning? : True
Are all ISTs independent? : True

====TEST CR(72, 12, 24)====
Is IST_0 spanning? : True
Is IST_1 spanning? : True
Is IST_2 spanning? : True
Is IST_3 spanning? : True
Is IST_4 spanning? : True
Is IST_5 spanning? : True
Are all ISTs independent? : True

====TEST CR(73, 12, 24)====
Is IST_0 spanning? : True
Is IST_1 spanning? : True
Is IST_2 spanning? : True
Is IST_3 spanning? : True
Is IST_4 spanning? : True
Is IST_5 spanning? : True
Are all ISTs independent? : True

====TEST CR(74, 12, 24)====
Is IST_0 spanning? : True
Is IST_1 spanning? : True
Is IST_2 spanning? : True
Is IST_3 spanning? : True
Is IST_4 spanning? : True
Is IST_5 spanning? : True
Are all ISTs independent? : True

====TEST CR(75, 12, 24)====
Is IST_0 spanning? : True
Is IST_1 spanning? : True
Is IST_2 spanning? : True
Is IST_3 spanning? : True
Is IST_4 spanning? : True
Is IST_5 spanning? : True
Are all ISTs independent? : True

====TEST CR(76, 12, 24)====
Is IST_0 spanning? : True
Is IST_1 spanning? : True
Is IST_2 spanning? : True
Is IST_3 spanning? : True
Is IST_4 spanning? : True
Is IST_5 spanning? : True
Are all ISTs independent? : True

====TEST CR(77, 12, 24)====
Is IST_0 spanning? : True
Is IST_1 spanning? : True
Is IST_2 spanning? : True
Is IST_3 spanning? : True
Is IST_4 spanning? : True
Is IST_5 spanning? : True
Are all ISTs independent? : True

====TEST CR(78, 12, 24)====
Is IST_0 spanning? : True
Is IST_1 spanning? : True
Is IST_2 spanning? : True
Is IST_3 spanning? : True
Is IST_4 spanning? : True
Is IST_5 spanning? : True
Are all ISTs independent? : True

====TEST CR(79, 12, 24)====
Is IST_0 spanning? : True
Is IST_1 spanning? : True
Is IST_2 spanning? : True
Is IST_3 spanning? : True
Is IST_4 spanning? : True
Is IST_5 spanning? : True
Are all ISTs independent? : True

====TEST CR(80, 12, 24)====
Is IST_0 spanning? : True
Is IST_1 spanning? : True
Is IST_2 spanning? : True
Is IST_3 spanning? : True
Is IST_4 spanning? : True
Is IST_5 spanning? : True
Are all ISTs independent? : True

====TEST CR(81, 12, 24)====
Is IST_0 spanning? : True
Is IST_1 spanning? : True
Is IST_2 spanning? : True
Is IST_3 spanning? : True
Is IST_4 spanning? : True
Is IST_5 spanning? : True
Are all ISTs independent? : True

====TEST CR(82, 12, 24)====
Is IST_0 spanning? : True
Is IST_1 spanning? : True
Is IST_2 spanning? : True
Is IST_3 spanning? : True
Is IST_4 spanning? : True
Is IST_5 spanning? : True
Are all ISTs independent? : True

====TEST CR(83, 12, 24)====
Is IST_0 spanning? : True
Is IST_1 spanning? : True
Is IST_2 spanning? : True
Is IST_3 spanning? : True
Is IST_4 spanning? : True
Is IST_5 spanning? : True
Are all ISTs independent? : True

====TEST CR(84, 12, 24)====
Is IST_0 spanning? : True
Is IST_1 spanning? : True
Is IST_2 spanning? : True
Is IST_3 spanning? : True
Is IST_4 spanning? : True
Is IST_5 spanning? : True
Are all ISTs independent? : True

====TEST CR(85, 12, 24)====
Is IST_0 spanning? : True
Is IST_1 spanning? : True
Is IST_2 spanning? : True
Is IST_3 spanning? : True
Is IST_4 spanning? : True
Is IST_5 spanning? : True
Are all ISTs independent? : True

====TEST CR(86, 12, 24)====
Is IST_0 spanning? : True
Is IST_1 spanning? : True
Is IST_2 spanning? : True
Is IST_3 spanning? : True
Is IST_4 spanning? : True
Is IST_5 spanning? : True
Are all ISTs independent? : True

====TEST CR(87, 12, 24)====
Is IST_0 spanning? : True
Is IST_1 spanning? : True
Is IST_2 spanning? : True
Is IST_3 spanning? : True
Is IST_4 spanning? : True
Is IST_5 spanning? : True
Are all ISTs independent? : True

====TEST CR(88, 12, 24)====
Is IST_0 spanning? : True
Is IST_1 spanning? : True
Is IST_2 spanning? : True
Is IST_3 spanning? : True
Is IST_4 spanning? : True
Is IST_5 spanning? : True
Are all ISTs independent? : True

====TEST CR(89, 12, 24)====
Is IST_0 spanning? : True
Is IST_1 spanning? : True
Is IST_2 spanning? : True
Is IST_3 spanning? : True
Is IST_4 spanning? : True
Is IST_5 spanning? : True
Are all ISTs independent? : True

====TEST CR(90, 12, 24)====
Is IST_0 spanning? : True
Is IST_1 spanning? : True
Is IST_2 spanning? : True
Is IST_3 spanning? : True
Is IST_4 spanning? : True
Is IST_5 spanning? : True
Are all ISTs independent? : True

====TEST CR(91, 12, 24)====
Is IST_0 spanning? : True
Is IST_1 spanning? : True
Is IST_2 spanning? : True
Is IST_3 spanning? : True
Is IST_4 spanning? : True
Is IST_5 spanning? : True
Are all ISTs independent? : True

====TEST CR(92, 12, 24)====
Is IST_0 spanning? : True
Is IST_1 spanning? : True
Is IST_2 spanning? : True
Is IST_3 spanning? : True
Is IST_4 spanning? : True
Is IST_5 spanning? : True
Are all ISTs independent? : True

====TEST CR(93, 12, 24)====
Is IST_0 spanning? : True
Is IST_1 spanning? : True
Is IST_2 spanning? : True
Is IST_3 spanning? : True
Is IST_4 spanning? : True
Is IST_5 spanning? : True
Are all ISTs independent? : True

====TEST CR(94, 12, 24)====
Is IST_0 spanning? : True
Is IST_1 spanning? : True
Is IST_2 spanning? : True
Is IST_3 spanning? : True
Is IST_4 spanning? : True
Is IST_5 spanning? : True
Are all ISTs independent? : True

====TEST CR(95, 12, 24)====
Is IST_0 spanning? : True
Is IST_1 spanning? : True
Is IST_2 spanning? : True
Is IST_3 spanning? : True
Is IST_4 spanning? : True
Is IST_5 spanning? : True
Are all ISTs independent? : True

====TEST CR(96, 12, 24)====
Is IST_0 spanning? : True
Is IST_1 spanning? : True
Is IST_2 spanning? : True
Is IST_3 spanning? : True
Is IST_4 spanning? : True
Is IST_5 spanning? : True
Are all ISTs independent? : True

====TEST CR(97, 12, 24)====
Is IST_0 spanning? : True
Is IST_1 spanning? : True
Is IST_2 spanning? : True
Is IST_3 spanning? : True
Is IST_4 spanning? : True
Is IST_5 spanning? : True
Are all ISTs independent? : True

====TEST CR(98, 12, 24)====
Is IST_0 spanning? : True
Is IST_1 spanning? : True
Is IST_2 spanning? : True
Is IST_3 spanning? : True
Is IST_4 spanning? : True
Is IST_5 spanning? : True
Are all ISTs independent? : True

====TEST CR(99, 12, 24)====
Is IST_0 spanning? : True
Is IST_1 spanning? : True
Is IST_2 spanning? : True
Is IST_3 spanning? : True
Is IST_4 spanning? : True
Is IST_5 spanning? : True
Are all ISTs independent? : True

====TEST CR(100, 12, 24)====
Is IST_0 spanning? : True
Is IST_1 spanning? : True
Is IST_2 spanning? : True
Is IST_3 spanning? : True
Is IST_4 spanning? : True
Is IST_5 spanning? : True
Are all ISTs independent? : True

====TEST CR(101, 12, 24)====
Is IST_0 spanning? : True
Is IST_1 spanning? : True
Is IST_2 spanning? : True
Is IST_3 spanning? : True
Is IST_4 spanning? : True
Is IST_5 spanning? : True
Are all ISTs independent? : True

====TEST CR(102, 12, 24)====
Is IST_0 spanning? : True
Is IST_1 spanning? : True
Is IST_2 spanning? : True
Is IST_3 spanning? : True
Is IST_4 spanning? : True
Is IST_5 spanning? : True
Are all ISTs independent? : True

====TEST CR(103, 12, 24)====
Is IST_0 spanning? : True
Is IST_1 spanning? : True
Is IST_2 spanning? : True
Is IST_3 spanning? : True
Is IST_4 spanning? : True
Is IST_5 spanning? : True
Are all ISTs independent? : True

====TEST CR(104, 12, 24)====
Is IST_0 spanning? : True
Is IST_1 spanning? : True
Is IST_2 spanning? : True
Is IST_3 spanning? : True
Is IST_4 spanning? : True
Is IST_5 spanning? : True
Are all ISTs independent? : True

====TEST CR(105, 12, 24)====
Is IST_0 spanning? : True
Is IST_1 spanning? : True
Is IST_2 spanning? : True
Is IST_3 spanning? : True
Is IST_4 spanning? : True
Is IST_5 spanning? : True
Are all ISTs independent? : True

====TEST CR(106, 12, 24)====
Is IST_0 spanning? : True
Is IST_1 spanning? : True
Is IST_2 spanning? : True
Is IST_3 spanning? : True
Is IST_4 spanning? : True
Is IST_5 spanning? : True
Are all ISTs independent? : True

====TEST CR(107, 12, 24)====
Is IST_0 spanning? : True
Is IST_1 spanning? : True
Is IST_2 spanning? : True
Is IST_3 spanning? : True
Is IST_4 spanning? : True
Is IST_5 spanning? : True
Are all ISTs independent? : True

====TEST CR(108, 12, 24)====
Is IST_0 spanning? : True
Is IST_1 spanning? : True
Is IST_2 spanning? : True
Is IST_3 spanning? : True
Is IST_4 spanning? : True
Is IST_5 spanning? : True
Are all ISTs independent? : True

====TEST CR(109, 12, 24)====
Is IST_0 spanning? : True
Is IST_1 spanning? : True
Is IST_2 spanning? : True
Is IST_3 spanning? : True
Is IST_4 spanning? : True
Is IST_5 spanning? : True
Are all ISTs independent? : True

====TEST CR(110, 12, 24)====
Is IST_0 spanning? : True
Is IST_1 spanning? : True
Is IST_2 spanning? : True
Is IST_3 spanning? : True
Is IST_4 spanning? : True
Is IST_5 spanning? : True
Are all ISTs independent? : True

====TEST CR(111, 12, 24)====
Is IST_0 spanning? : True
Is IST_1 spanning? : True
Is IST_2 spanning? : True
Is IST_3 spanning? : True
Is IST_4 spanning? : True
Is IST_5 spanning? : True
Are all ISTs independent? : True

====TEST CR(112, 12, 24)====
Is IST_0 spanning? : True
Is IST_1 spanning? : True
Is IST_2 spanning? : True
Is IST_3 spanning? : True
Is IST_4 spanning? : True
Is IST_5 spanning? : True
Are all ISTs independent? : True

====TEST CR(113, 12, 24)====
Is IST_0 spanning? : True
Is IST_1 spanning? : True
Is IST_2 spanning? : True
Is IST_3 spanning? : True
Is IST_4 spanning? : True
Is IST_5 spanning? : True
Are all ISTs independent? : True

====TEST CR(114, 12, 24)====
Is IST_0 spanning? : True
Is IST_1 spanning? : True
Is IST_2 spanning? : True
Is IST_3 spanning? : True
Is IST_4 spanning? : True
Is IST_5 spanning? : True
Are all ISTs independent? : True

====TEST CR(115, 12, 24)====
Is IST_0 spanning? : True
Is IST_1 spanning? : True
Is IST_2 spanning? : True
Is IST_3 spanning? : True
Is IST_4 spanning? : True
Is IST_5 spanning? : True
Are all ISTs independent? : True

====TEST CR(116, 12, 24)====
Is IST_0 spanning? : True
Is IST_1 spanning? : True
Is IST_2 spanning? : True
Is IST_3 spanning? : True
Is IST_4 spanning? : True
Is IST_5 spanning? : True
Are all ISTs independent? : True

====TEST CR(117, 12, 24)====
Is IST_0 spanning? : True
Is IST_1 spanning? : True
Is IST_2 spanning? : True
Is IST_3 spanning? : True
Is IST_4 spanning? : True
Is IST_5 spanning? : True
Are all ISTs independent? : True

====TEST CR(118, 12, 24)====
Is IST_0 spanning? : True
Is IST_1 spanning? : True
Is IST_2 spanning? : True
Is IST_3 spanning? : True
Is IST_4 spanning? : True
Is IST_5 spanning? : True
Are all ISTs independent? : True

====TEST CR(119, 12, 24)====
Is IST_0 spanning? : True
Is IST_1 spanning? : True
Is IST_2 spanning? : True
Is IST_3 spanning? : True
Is IST_4 spanning? : True
Is IST_5 spanning? : True
Are all ISTs independent? : True

====TEST CR(120, 12, 24)====
Is IST_0 spanning? : True
Is IST_1 spanning? : True
Is IST_2 spanning? : True
Is IST_3 spanning? : True
Is IST_4 spanning? : True
Is IST_5 spanning? : True
Are all ISTs independent? : True

====TEST CR(121, 12, 24)====
Is IST_0 spanning? : True
Is IST_1 spanning? : True
Is IST_2 spanning? : True
Is IST_3 spanning? : True
Is IST_4 spanning? : True
Is IST_5 spanning? : True
Are all ISTs independent? : True

====TEST CR(122, 12, 24)====
Is IST_0 spanning? : True
Is IST_1 spanning? : True
Is IST_2 spanning? : True
Is IST_3 spanning? : True
Is IST_4 spanning? : True
Is IST_5 spanning? : True
Are all ISTs independent? : True

====TEST CR(123, 12, 24)====
Is IST_0 spanning? : True
Is IST_1 spanning? : True
Is IST_2 spanning? : True
Is IST_3 spanning? : True
Is IST_4 spanning? : True
Is IST_5 spanning? : True
Are all ISTs independent? : True

====TEST CR(124, 12, 24)====
Is IST_0 spanning? : True
Is IST_1 spanning? : True
Is IST_2 spanning? : True
Is IST_3 spanning? : True
Is IST_4 spanning? : True
Is IST_5 spanning? : True
Are all ISTs independent? : True

====TEST CR(125, 12, 24)====
Is IST_0 spanning? : True
Is IST_1 spanning? : True
Is IST_2 spanning? : True
Is IST_3 spanning? : True
Is IST_4 spanning? : True
Is IST_5 spanning? : True
Are all ISTs independent? : True

====TEST CR(126, 12, 24)====
Is IST_0 spanning? : True
Is IST_1 spanning? : True
Is IST_2 spanning? : True
Is IST_3 spanning? : True
Is IST_4 spanning? : True
Is IST_5 spanning? : True
Are all ISTs independent? : True

====TEST CR(127, 12, 24)====
Is IST_0 spanning? : True
Is IST_1 spanning? : True
Is IST_2 spanning? : True
Is IST_3 spanning? : True
Is IST_4 spanning? : True
Is IST_5 spanning? : True
Are all ISTs independent? : True

====TEST CR(128, 12, 24)====
Is IST_0 spanning? : True
Is IST_1 spanning? : True
Is IST_2 spanning? : True
Is IST_3 spanning? : True
Is IST_4 spanning? : True
Is IST_5 spanning? : True
Are all ISTs independent? : True

====TEST CR(129, 12, 24)====
Is IST_0 spanning? : True
Is IST_1 spanning? : True
Is IST_2 spanning? : True
Is IST_3 spanning? : True
Is IST_4 spanning? : True
Is IST_5 spanning? : True
Are all ISTs independent? : True

====TEST CR(130, 12, 24)====
Is IST_0 spanning? : True
Is IST_1 spanning? : True
Is IST_2 spanning? : True
Is IST_3 spanning? : True
Is IST_4 spanning? : True
Is IST_5 spanning? : True
Are all ISTs independent? : True

====TEST CR(131, 12, 24)====
Is IST_0 spanning? : True
Is IST_1 spanning? : True
Is IST_2 spanning? : True
Is IST_3 spanning? : True
Is IST_4 spanning? : True
Is IST_5 spanning? : True
Are all ISTs independent? : True

====TEST CR(132, 12, 24)====
Is IST_0 spanning? : True
Is IST_1 spanning? : True
Is IST_2 spanning? : True
Is IST_3 spanning? : True
Is IST_4 spanning? : True
Is IST_5 spanning? : True
Are all ISTs independent? : True

====TEST CR(133, 12, 24)====
Is IST_0 spanning? : True
Is IST_1 spanning? : True
Is IST_2 spanning? : True
Is IST_3 spanning? : True
Is IST_4 spanning? : True
Is IST_5 spanning? : True
Are all ISTs independent? : True

====TEST CR(134, 12, 24)====
Is IST_0 spanning? : True
Is IST_1 spanning? : True
Is IST_2 spanning? : True
Is IST_3 spanning? : True
Is IST_4 spanning? : True
Is IST_5 spanning? : True
Are all ISTs independent? : True

====TEST CR(135, 12, 24)====
Is IST_0 spanning? : True
Is IST_1 spanning? : True
Is IST_2 spanning? : True
Is IST_3 spanning? : True
Is IST_4 spanning? : True
Is IST_5 spanning? : True
Are all ISTs independent? : True

====TEST CR(136, 12, 24)====
Is IST_0 spanning? : True
Is IST_1 spanning? : True
Is IST_2 spanning? : True
Is IST_3 spanning? : True
Is IST_4 spanning? : True
Is IST_5 spanning? : True
Are all ISTs independent? : True

====TEST CR(137, 12, 24)====
Is IST_0 spanning? : True
Is IST_1 spanning? : True
Is IST_2 spanning? : True
Is IST_3 spanning? : True
Is IST_4 spanning? : True
Is IST_5 spanning? : True
Are all ISTs independent? : True

====TEST CR(138, 12, 24)====
Is IST_0 spanning? : True
Is IST_1 spanning? : True
Is IST_2 spanning? : True
Is IST_3 spanning? : True
Is IST_4 spanning? : True
Is IST_5 spanning? : True
Are all ISTs independent? : True

====TEST CR(139, 12, 24)====
Is IST_0 spanning? : True
Is IST_1 spanning? : True
Is IST_2 spanning? : True
Is IST_3 spanning? : True
Is IST_4 spanning? : True
Is IST_5 spanning? : True
Are all ISTs independent? : True

====TEST CR(140, 12, 24)====
Is IST_0 spanning? : True
Is IST_1 spanning? : True
Is IST_2 spanning? : True
Is IST_3 spanning? : True
Is IST_4 spanning? : True
Is IST_5 spanning? : True
Are all ISTs independent? : True

====TEST CR(141, 12, 24)====
Is IST_0 spanning? : True
Is IST_1 spanning? : True
Is IST_2 spanning? : True
Is IST_3 spanning? : True
Is IST_4 spanning? : True
Is IST_5 spanning? : True
Are all ISTs independent? : True

====TEST CR(142, 12, 24)====
Is IST_0 spanning? : True
Is IST_1 spanning? : True
Is IST_2 spanning? : True
Is IST_3 spanning? : True
Is IST_4 spanning? : True
Is IST_5 spanning? : True
Are all ISTs independent? : True

====TEST CR(143, 12, 24)====
Is IST_0 spanning? : True
Is IST_1 spanning? : True
Is IST_2 spanning? : True
Is IST_3 spanning? : True
Is IST_4 spanning? : True
Is IST_5 spanning? : True
Are all ISTs independent? : True

====TEST CR(144, 12, 24)====
Is IST_0 spanning? : True
Is IST_1 spanning? : True
Is IST_2 spanning? : True
Is IST_3 spanning? : True
Is IST_4 spanning? : True
Is IST_5 spanning? : True
Are all ISTs independent? : True

====TEST CR(145, 12, 24)====
Is IST_0 spanning? : True
Is IST_1 spanning? : True
Is IST_2 spanning? : True
Is IST_3 spanning? : True
Is IST_4 spanning? : True
Is IST_5 spanning? : True
Are all ISTs independent? : True

====TEST CR(146, 12, 24)====
Is IST_0 spanning? : True
Is IST_1 spanning? : True
Is IST_2 spanning? : True
Is IST_3 spanning? : True
Is IST_4 spanning? : True
Is IST_5 spanning? : True
Are all ISTs independent? : True

====TEST CR(147, 12, 24)====
Is IST_0 spanning? : True
Is IST_1 spanning? : True
Is IST_2 spanning? : True
Is IST_3 spanning? : True
Is IST_4 spanning? : True
Is IST_5 spanning? : True
Are all ISTs independent? : True

====TEST CR(148, 12, 24)====
Is IST_0 spanning? : True
Is IST_1 spanning? : True
Is IST_2 spanning? : True
Is IST_3 spanning? : True
Is IST_4 spanning? : True
Is IST_5 spanning? : True
Are all ISTs independent? : True

====TEST CR(149, 12, 24)====
Is IST_0 spanning? : True
Is IST_1 spanning? : True
Is IST_2 spanning? : True
Is IST_3 spanning? : True
Is IST_4 spanning? : True
Is IST_5 spanning? : True
Are all ISTs independent? : True

====TEST CR(150, 12, 24)====
Is IST_0 spanning? : True
Is IST_1 spanning? : True
Is IST_2 spanning? : True
Is IST_3 spanning? : True
Is IST_4 spanning? : True
Is IST_5 spanning? : True
Are all ISTs independent? : True

====TEST CR(151, 12, 24)====
Is IST_0 spanning? : True
Is IST_1 spanning? : True
Is IST_2 spanning? : True
Is IST_3 spanning? : True
Is IST_4 spanning? : True
Is IST_5 spanning? : True
Are all ISTs independent? : True

====TEST CR(152, 12, 24)====
Is IST_0 spanning? : True
Is IST_1 spanning? : True
Is IST_2 spanning? : True
Is IST_3 spanning? : True
Is IST_4 spanning? : True
Is IST_5 spanning? : True
Are all ISTs independent? : True

====TEST CR(153, 12, 24)====
Is IST_0 spanning? : True
Is IST_1 spanning? : True
Is IST_2 spanning? : True
Is IST_3 spanning? : True
Is IST_4 spanning? : True
Is IST_5 spanning? : True
Are all ISTs independent? : True

====TEST CR(154, 12, 24)====
Is IST_0 spanning? : True
Is IST_1 spanning? : True
Is IST_2 spanning? : True
Is IST_3 spanning? : True
Is IST_4 spanning? : True
Is IST_5 spanning? : True
Are all ISTs independent? : True

====TEST CR(155, 12, 24)====
Is IST_0 spanning? : True
Is IST_1 spanning? : True
Is IST_2 spanning? : True
Is IST_3 spanning? : True
Is IST_4 spanning? : True
Is IST_5 spanning? : True
Are all ISTs independent? : True

====TEST CR(156, 12, 24)====
Is IST_0 spanning? : True
Is IST_1 spanning? : True
Is IST_2 spanning? : True
Is IST_3 spanning? : True
Is IST_4 spanning? : True
Is IST_5 spanning? : True
Are all ISTs independent? : True

====TEST CR(157, 12, 24)====
Is IST_0 spanning? : True
Is IST_1 spanning? : True
Is IST_2 spanning? : True
Is IST_3 spanning? : True
Is IST_4 spanning? : True
Is IST_5 spanning? : True
Are all ISTs independent? : True

====TEST CR(158, 12, 24)====
Is IST_0 spanning? : True
Is IST_1 spanning? : True
Is IST_2 spanning? : True
Is IST_3 spanning? : True
Is IST_4 spanning? : True
Is IST_5 spanning? : True
Are all ISTs independent? : True

====TEST CR(159, 12, 24)====
Is IST_0 spanning? : True
Is IST_1 spanning? : True
Is IST_2 spanning? : True
Is IST_3 spanning? : True
Is IST_4 spanning? : True
Is IST_5 spanning? : True
Are all ISTs independent? : True

====TEST CR(160, 12, 24)====
Is IST_0 spanning? : True
Is IST_1 spanning? : True
Is IST_2 spanning? : True
Is IST_3 spanning? : True
Is IST_4 spanning? : True
Is IST_5 spanning? : True
Are all ISTs independent? : True

====TEST CR(161, 12, 24)====
Is IST_0 spanning? : True
Is IST_1 spanning? : True
Is IST_2 spanning? : True
Is IST_3 spanning? : True
Is IST_4 spanning? : True
Is IST_5 spanning? : True
Are all ISTs independent? : True

====TEST CR(162, 12, 24)====
Is IST_0 spanning? : True
Is IST_1 spanning? : True
Is IST_2 spanning? : True
Is IST_3 spanning? : True
Is IST_4 spanning? : True
Is IST_5 spanning? : True
Are all ISTs independent? : True

====TEST CR(163, 12, 24)====
Is IST_0 spanning? : True
Is IST_1 spanning? : True
Is IST_2 spanning? : True
Is IST_3 spanning? : True
Is IST_4 spanning? : True
Is IST_5 spanning? : True
Are all ISTs independent? : True

====TEST CR(164, 12, 24)====
Is IST_0 spanning? : True
Is IST_1 spanning? : True
Is IST_2 spanning? : True
Is IST_3 spanning? : True
Is IST_4 spanning? : True
Is IST_5 spanning? : True
Are all ISTs independent? : True

====TEST CR(165, 12, 24)====
Is IST_0 spanning? : True
Is IST_1 spanning? : True
Is IST_2 spanning? : True
Is IST_3 spanning? : True
Is IST_4 spanning? : True
Is IST_5 spanning? : True
Are all ISTs independent? : True

====TEST CR(166, 12, 24)====
Is IST_0 spanning? : True
Is IST_1 spanning? : True
Is IST_2 spanning? : True
Is IST_3 spanning? : True
Is IST_4 spanning? : True
Is IST_5 spanning? : True
Are all ISTs independent? : True

====TEST CR(167, 12, 24)====
Is IST_0 spanning? : True
Is IST_1 spanning? : True
Is IST_2 spanning? : True
Is IST_3 spanning? : True
Is IST_4 spanning? : True
Is IST_5 spanning? : True
Are all ISTs independent? : True

====TEST CR(168, 12, 24)====
Is IST_0 spanning? : True
Is IST_1 spanning? : True
Is IST_2 spanning? : True
Is IST_3 spanning? : True
Is IST_4 spanning? : True
Is IST_5 spanning? : True
Are all ISTs independent? : True

====TEST CR(169, 12, 24)====
Is IST_0 spanning? : True
Is IST_1 spanning? : True
Is IST_2 spanning? : True
Is IST_3 spanning? : True
Is IST_4 spanning? : True
Is IST_5 spanning? : True
Are all ISTs independent? : True

====TEST CR(170, 12, 24)====
Is IST_0 spanning? : True
Is IST_1 spanning? : True
Is IST_2 spanning? : True
Is IST_3 spanning? : True
Is IST_4 spanning? : True
Is IST_5 spanning? : True
Are all ISTs independent? : True

====TEST CR(171, 12, 24)====
Is IST_0 spanning? : True
Is IST_1 spanning? : True
Is IST_2 spanning? : True
Is IST_3 spanning? : True
Is IST_4 spanning? : True
Is IST_5 spanning? : True
Are all ISTs independent? : True

====TEST CR(172, 12, 24)====
Is IST_0 spanning? : True
Is IST_1 spanning? : True
Is IST_2 spanning? : True
Is IST_3 spanning? : True
Is IST_4 spanning? : True
Is IST_5 spanning? : True
Are all ISTs independent? : True

====TEST CR(173, 12, 24)====
Is IST_0 spanning? : True
Is IST_1 spanning? : True
Is IST_2 spanning? : True
Is IST_3 spanning? : True
Is IST_4 spanning? : True
Is IST_5 spanning? : True
Are all ISTs independent? : True

====TEST CR(174, 12, 24)====
Is IST_0 spanning? : True
Is IST_1 spanning? : True
Is IST_2 spanning? : True
Is IST_3 spanning? : True
Is IST_4 spanning? : True
Is IST_5 spanning? : True
Are all ISTs independent? : True

====TEST CR(175, 12, 24)====
Is IST_0 spanning? : True
Is IST_1 spanning? : True
Is IST_2 spanning? : True
Is IST_3 spanning? : True
Is IST_4 spanning? : True
Is IST_5 spanning? : True
Are all ISTs independent? : True

====TEST CR(176, 12, 24)====
Is IST_0 spanning? : True
Is IST_1 spanning? : True
Is IST_2 spanning? : True
Is IST_3 spanning? : True
Is IST_4 spanning? : True
Is IST_5 spanning? : True
Are all ISTs independent? : True

====TEST CR(177, 12, 24)====
Is IST_0 spanning? : True
Is IST_1 spanning? : True
Is IST_2 spanning? : True
Is IST_3 spanning? : True
Is IST_4 spanning? : True
Is IST_5 spanning? : True
Are all ISTs independent? : True

====TEST CR(178, 12, 24)====
Is IST_0 spanning? : True
Is IST_1 spanning? : True
Is IST_2 spanning? : True
Is IST_3 spanning? : True
Is IST_4 spanning? : True
Is IST_5 spanning? : True
Are all ISTs independent? : True

====TEST CR(179, 12, 24)====
Is IST_0 spanning? : True
Is IST_1 spanning? : True
Is IST_2 spanning? : True
Is IST_3 spanning? : True
Is IST_4 spanning? : True
Is IST_5 spanning? : True
Are all ISTs independent? : True

====TEST CR(180, 12, 24)====
Is IST_0 spanning? : True
Is IST_1 spanning? : True
Is IST_2 spanning? : True
Is IST_3 spanning? : True
Is IST_4 spanning? : True
Is IST_5 spanning? : True
Are all ISTs independent? : True

====TEST CR(181, 12, 24)====
Is IST_0 spanning? : True
Is IST_1 spanning? : True
Is IST_2 spanning? : True
Is IST_3 spanning? : True
Is IST_4 spanning? : True
Is IST_5 spanning? : True
Are all ISTs independent? : True

====TEST CR(182, 12, 24)====
Is IST_0 spanning? : True
Is IST_1 spanning? : True
Is IST_2 spanning? : True
Is IST_3 spanning? : True
Is IST_4 spanning? : True
Is IST_5 spanning? : True
Are all ISTs independent? : True

====TEST CR(183, 12, 24)====
Is IST_0 spanning? : True
Is IST_1 spanning? : True
Is IST_2 spanning? : True
Is IST_3 spanning? : True
Is IST_4 spanning? : True
Is IST_5 spanning? : True
Are all ISTs independent? : True

====TEST CR(184, 12, 24)====
Is IST_0 spanning? : True
Is IST_1 spanning? : True
Is IST_2 spanning? : True
Is IST_3 spanning? : True
Is IST_4 spanning? : True
Is IST_5 spanning? : True
Are all ISTs independent? : True

====TEST CR(185, 12, 24)====
Is IST_0 spanning? : True
Is IST_1 spanning? : True
Is IST_2 spanning? : True
Is IST_3 spanning? : True
Is IST_4 spanning? : True
Is IST_5 spanning? : True
Are all ISTs independent? : True

====TEST CR(186, 12, 24)====
Is IST_0 spanning? : True
Is IST_1 spanning? : True
Is IST_2 spanning? : True
Is IST_3 spanning? : True
Is IST_4 spanning? : True
Is IST_5 spanning? : True
Are all ISTs independent? : True

====TEST CR(187, 12, 24)====
Is IST_0 spanning? : True
Is IST_1 spanning? : True
Is IST_2 spanning? : True
Is IST_3 spanning? : True
Is IST_4 spanning? : True
Is IST_5 spanning? : True
Are all ISTs independent? : True

====TEST CR(188, 12, 24)====
Is IST_0 spanning? : True
Is IST_1 spanning? : True
Is IST_2 spanning? : True
Is IST_3 spanning? : True
Is IST_4 spanning? : True
Is IST_5 spanning? : True
Are all ISTs independent? : True

====TEST CR(189, 12, 24)====
Is IST_0 spanning? : True
Is IST_1 spanning? : True
Is IST_2 spanning? : True
Is IST_3 spanning? : True
Is IST_4 spanning? : True
Is IST_5 spanning? : True
Are all ISTs independent? : True

====TEST CR(190, 12, 24)====
Is IST_0 spanning? : True
Is IST_1 spanning? : True
Is IST_2 spanning? : True
Is IST_3 spanning? : True
Is IST_4 spanning? : True
Is IST_5 spanning? : True
Are all ISTs independent? : True

====TEST CR(191, 12, 24)====
Is IST_0 spanning? : True
Is IST_1 spanning? : True
Is IST_2 spanning? : True
Is IST_3 spanning? : True
Is IST_4 spanning? : True
Is IST_5 spanning? : True
Are all ISTs independent? : True

====TEST CR(192, 12, 24)====
Is IST_0 spanning? : True
Is IST_1 spanning? : True
Is IST_2 spanning? : True
Is IST_3 spanning? : True
Is IST_4 spanning? : True
Is IST_5 spanning? : True
Are all ISTs independent? : True

====TEST CR(193, 12, 24)====
Is IST_0 spanning? : True
Is IST_1 spanning? : True
Is IST_2 spanning? : True
Is IST_3 spanning? : True
Is IST_4 spanning? : True
Is IST_5 spanning? : True
Are all ISTs independent? : True

====TEST CR(194, 12, 24)====
Is IST_0 spanning? : True
Is IST_1 spanning? : True
Is IST_2 spanning? : True
Is IST_3 spanning? : True
Is IST_4 spanning? : True
Is IST_5 spanning? : True
Are all ISTs independent? : True

====TEST CR(195, 12, 24)====
Is IST_0 spanning? : True
Is IST_1 spanning? : True
Is IST_2 spanning? : True
Is IST_3 spanning? : True
Is IST_4 spanning? : True
Is IST_5 spanning? : True
Are all ISTs independent? : True

====TEST CR(196, 12, 24)====
Is IST_0 spanning? : True
Is IST_1 spanning? : True
Is IST_2 spanning? : True
Is IST_3 spanning? : True
Is IST_4 spanning? : True
Is IST_5 spanning? : True
Are all ISTs independent? : True

====TEST CR(197, 12, 24)====
Is IST_0 spanning? : True
Is IST_1 spanning? : True
Is IST_2 spanning? : True
Is IST_3 spanning? : True
Is IST_4 spanning? : True
Is IST_5 spanning? : True
Are all ISTs independent? : True

====TEST CR(198, 12, 24)====
Is IST_0 spanning? : True
Is IST_1 spanning? : True
Is IST_2 spanning? : True
Is IST_3 spanning? : True
Is IST_4 spanning? : True
Is IST_5 spanning? : True
Are all ISTs independent? : True

====TEST CR(199, 12, 24)====
Is IST_0 spanning? : True
Is IST_1 spanning? : True
Is IST_2 spanning? : True
Is IST_3 spanning? : True
Is IST_4 spanning? : True
Is IST_5 spanning? : True
Are all ISTs independent? : True

====TEST CR(200, 12, 24)====
Is IST_0 spanning? : True
Is IST_1 spanning? : True
Is IST_2 spanning? : True
Is IST_3 spanning? : True
Is IST_4 spanning? : True
Is IST_5 spanning? : True
Are all ISTs independent? : True

====TEST CR(78, 13, 26)====
Is IST_0 spanning? : True
Is IST_1 spanning? : True
Is IST_2 spanning? : True
Is IST_3 spanning? : True
Is IST_4 spanning? : True
Is IST_5 spanning? : True
Are all ISTs independent? : True

====TEST CR(79, 13, 26)====
Is IST_0 spanning? : True
Is IST_1 spanning? : True
Is IST_2 spanning? : True
Is IST_3 spanning? : True
Is IST_4 spanning? : True
Is IST_5 spanning? : True
Are all ISTs independent? : True

====TEST CR(80, 13, 26)====
Is IST_0 spanning? : True
Is IST_1 spanning? : True
Is IST_2 spanning? : True
Is IST_3 spanning? : True
Is IST_4 spanning? : True
Is IST_5 spanning? : True
Are all ISTs independent? : True

====TEST CR(81, 13, 26)====
Is IST_0 spanning? : True
Is IST_1 spanning? : True
Is IST_2 spanning? : True
Is IST_3 spanning? : True
Is IST_4 spanning? : True
Is IST_5 spanning? : True
Are all ISTs independent? : True

====TEST CR(82, 13, 26)====
Is IST_0 spanning? : True
Is IST_1 spanning? : True
Is IST_2 spanning? : True
Is IST_3 spanning? : True
Is IST_4 spanning? : True
Is IST_5 spanning? : True
Are all ISTs independent? : True

====TEST CR(83, 13, 26)====
Is IST_0 spanning? : True
Is IST_1 spanning? : True
Is IST_2 spanning? : True
Is IST_3 spanning? : True
Is IST_4 spanning? : True
Is IST_5 spanning? : True
Are all ISTs independent? : True

====TEST CR(84, 13, 26)====
Is IST_0 spanning? : True
Is IST_1 spanning? : True
Is IST_2 spanning? : True
Is IST_3 spanning? : True
Is IST_4 spanning? : True
Is IST_5 spanning? : True
Are all ISTs independent? : True

====TEST CR(85, 13, 26)====
Is IST_0 spanning? : True
Is IST_1 spanning? : True
Is IST_2 spanning? : True
Is IST_3 spanning? : True
Is IST_4 spanning? : True
Is IST_5 spanning? : True
Are all ISTs independent? : True

====TEST CR(86, 13, 26)====
Is IST_0 spanning? : True
Is IST_1 spanning? : True
Is IST_2 spanning? : True
Is IST_3 spanning? : True
Is IST_4 spanning? : True
Is IST_5 spanning? : True
Are all ISTs independent? : True

====TEST CR(87, 13, 26)====
Is IST_0 spanning? : True
Is IST_1 spanning? : True
Is IST_2 spanning? : True
Is IST_3 spanning? : True
Is IST_4 spanning? : True
Is IST_5 spanning? : True
Are all ISTs independent? : True

====TEST CR(88, 13, 26)====
Is IST_0 spanning? : True
Is IST_1 spanning? : True
Is IST_2 spanning? : True
Is IST_3 spanning? : True
Is IST_4 spanning? : True
Is IST_5 spanning? : True
Are all ISTs independent? : True

====TEST CR(89, 13, 26)====
Is IST_0 spanning? : True
Is IST_1 spanning? : True
Is IST_2 spanning? : True
Is IST_3 spanning? : True
Is IST_4 spanning? : True
Is IST_5 spanning? : True
Are all ISTs independent? : True

====TEST CR(90, 13, 26)====
Is IST_0 spanning? : True
Is IST_1 spanning? : True
Is IST_2 spanning? : True
Is IST_3 spanning? : True
Is IST_4 spanning? : True
Is IST_5 spanning? : True
Are all ISTs independent? : True

====TEST CR(91, 13, 26)====
Is IST_0 spanning? : True
Is IST_1 spanning? : True
Is IST_2 spanning? : True
Is IST_3 spanning? : True
Is IST_4 spanning? : True
Is IST_5 spanning? : True
Are all ISTs independent? : True

====TEST CR(92, 13, 26)====
Is IST_0 spanning? : True
Is IST_1 spanning? : True
Is IST_2 spanning? : True
Is IST_3 spanning? : True
Is IST_4 spanning? : True
Is IST_5 spanning? : True
Are all ISTs independent? : True

====TEST CR(93, 13, 26)====
Is IST_0 spanning? : True
Is IST_1 spanning? : True
Is IST_2 spanning? : True
Is IST_3 spanning? : True
Is IST_4 spanning? : True
Is IST_5 spanning? : True
Are all ISTs independent? : True

====TEST CR(94, 13, 26)====
Is IST_0 spanning? : True
Is IST_1 spanning? : True
Is IST_2 spanning? : True
Is IST_3 spanning? : True
Is IST_4 spanning? : True
Is IST_5 spanning? : True
Are all ISTs independent? : True

====TEST CR(95, 13, 26)====
Is IST_0 spanning? : True
Is IST_1 spanning? : True
Is IST_2 spanning? : True
Is IST_3 spanning? : True
Is IST_4 spanning? : True
Is IST_5 spanning? : True
Are all ISTs independent? : True

====TEST CR(96, 13, 26)====
Is IST_0 spanning? : True
Is IST_1 spanning? : True
Is IST_2 spanning? : True
Is IST_3 spanning? : True
Is IST_4 spanning? : True
Is IST_5 spanning? : True
Are all ISTs independent? : True

====TEST CR(97, 13, 26)====
Is IST_0 spanning? : True
Is IST_1 spanning? : True
Is IST_2 spanning? : True
Is IST_3 spanning? : True
Is IST_4 spanning? : True
Is IST_5 spanning? : True
Are all ISTs independent? : True

====TEST CR(98, 13, 26)====
Is IST_0 spanning? : True
Is IST_1 spanning? : True
Is IST_2 spanning? : True
Is IST_3 spanning? : True
Is IST_4 spanning? : True
Is IST_5 spanning? : True
Are all ISTs independent? : True

====TEST CR(99, 13, 26)====
Is IST_0 spanning? : True
Is IST_1 spanning? : True
Is IST_2 spanning? : True
Is IST_3 spanning? : True
Is IST_4 spanning? : True
Is IST_5 spanning? : True
Are all ISTs independent? : True

====TEST CR(100, 13, 26)====
Is IST_0 spanning? : True
Is IST_1 spanning? : True
Is IST_2 spanning? : True
Is IST_3 spanning? : True
Is IST_4 spanning? : True
Is IST_5 spanning? : True
Are all ISTs independent? : True

====TEST CR(101, 13, 26)====
Is IST_0 spanning? : True
Is IST_1 spanning? : True
Is IST_2 spanning? : True
Is IST_3 spanning? : True
Is IST_4 spanning? : True
Is IST_5 spanning? : True
Are all ISTs independent? : True

====TEST CR(102, 13, 26)====
Is IST_0 spanning? : True
Is IST_1 spanning? : True
Is IST_2 spanning? : True
Is IST_3 spanning? : True
Is IST_4 spanning? : True
Is IST_5 spanning? : True
Are all ISTs independent? : True

====TEST CR(103, 13, 26)====
Is IST_0 spanning? : True
Is IST_1 spanning? : True
Is IST_2 spanning? : True
Is IST_3 spanning? : True
Is IST_4 spanning? : True
Is IST_5 spanning? : True
Are all ISTs independent? : True

====TEST CR(104, 13, 26)====
Is IST_0 spanning? : True
Is IST_1 spanning? : True
Is IST_2 spanning? : True
Is IST_3 spanning? : True
Is IST_4 spanning? : True
Is IST_5 spanning? : True
Are all ISTs independent? : True

====TEST CR(105, 13, 26)====
Is IST_0 spanning? : True
Is IST_1 spanning? : True
Is IST_2 spanning? : True
Is IST_3 spanning? : True
Is IST_4 spanning? : True
Is IST_5 spanning? : True
Are all ISTs independent? : True

====TEST CR(106, 13, 26)====
Is IST_0 spanning? : True
Is IST_1 spanning? : True
Is IST_2 spanning? : True
Is IST_3 spanning? : True
Is IST_4 spanning? : True
Is IST_5 spanning? : True
Are all ISTs independent? : True

====TEST CR(107, 13, 26)====
Is IST_0 spanning? : True
Is IST_1 spanning? : True
Is IST_2 spanning? : True
Is IST_3 spanning? : True
Is IST_4 spanning? : True
Is IST_5 spanning? : True
Are all ISTs independent? : True

====TEST CR(108, 13, 26)====
Is IST_0 spanning? : True
Is IST_1 spanning? : True
Is IST_2 spanning? : True
Is IST_3 spanning? : True
Is IST_4 spanning? : True
Is IST_5 spanning? : True
Are all ISTs independent? : True

====TEST CR(109, 13, 26)====
Is IST_0 spanning? : True
Is IST_1 spanning? : True
Is IST_2 spanning? : True
Is IST_3 spanning? : True
Is IST_4 spanning? : True
Is IST_5 spanning? : True
Are all ISTs independent? : True

====TEST CR(110, 13, 26)====
Is IST_0 spanning? : True
Is IST_1 spanning? : True
Is IST_2 spanning? : True
Is IST_3 spanning? : True
Is IST_4 spanning? : True
Is IST_5 spanning? : True
Are all ISTs independent? : True

====TEST CR(111, 13, 26)====
Is IST_0 spanning? : True
Is IST_1 spanning? : True
Is IST_2 spanning? : True
Is IST_3 spanning? : True
Is IST_4 spanning? : True
Is IST_5 spanning? : True
Are all ISTs independent? : True

====TEST CR(112, 13, 26)====
Is IST_0 spanning? : True
Is IST_1 spanning? : True
Is IST_2 spanning? : True
Is IST_3 spanning? : True
Is IST_4 spanning? : True
Is IST_5 spanning? : True
Are all ISTs independent? : True

====TEST CR(113, 13, 26)====
Is IST_0 spanning? : True
Is IST_1 spanning? : True
Is IST_2 spanning? : True
Is IST_3 spanning? : True
Is IST_4 spanning? : True
Is IST_5 spanning? : True
Are all ISTs independent? : True

====TEST CR(114, 13, 26)====
Is IST_0 spanning? : True
Is IST_1 spanning? : True
Is IST_2 spanning? : True
Is IST_3 spanning? : True
Is IST_4 spanning? : True
Is IST_5 spanning? : True
Are all ISTs independent? : True

====TEST CR(115, 13, 26)====
Is IST_0 spanning? : True
Is IST_1 spanning? : True
Is IST_2 spanning? : True
Is IST_3 spanning? : True
Is IST_4 spanning? : True
Is IST_5 spanning? : True
Are all ISTs independent? : True

====TEST CR(116, 13, 26)====
Is IST_0 spanning? : True
Is IST_1 spanning? : True
Is IST_2 spanning? : True
Is IST_3 spanning? : True
Is IST_4 spanning? : True
Is IST_5 spanning? : True
Are all ISTs independent? : True

====TEST CR(117, 13, 26)====
Is IST_0 spanning? : True
Is IST_1 spanning? : True
Is IST_2 spanning? : True
Is IST_3 spanning? : True
Is IST_4 spanning? : True
Is IST_5 spanning? : True
Are all ISTs independent? : True

====TEST CR(118, 13, 26)====
Is IST_0 spanning? : True
Is IST_1 spanning? : True
Is IST_2 spanning? : True
Is IST_3 spanning? : True
Is IST_4 spanning? : True
Is IST_5 spanning? : True
Are all ISTs independent? : True

====TEST CR(119, 13, 26)====
Is IST_0 spanning? : True
Is IST_1 spanning? : True
Is IST_2 spanning? : True
Is IST_3 spanning? : True
Is IST_4 spanning? : True
Is IST_5 spanning? : True
Are all ISTs independent? : True

====TEST CR(120, 13, 26)====
Is IST_0 spanning? : True
Is IST_1 spanning? : True
Is IST_2 spanning? : True
Is IST_3 spanning? : True
Is IST_4 spanning? : True
Is IST_5 spanning? : True
Are all ISTs independent? : True

====TEST CR(121, 13, 26)====
Is IST_0 spanning? : True
Is IST_1 spanning? : True
Is IST_2 spanning? : True
Is IST_3 spanning? : True
Is IST_4 spanning? : True
Is IST_5 spanning? : True
Are all ISTs independent? : True

====TEST CR(122, 13, 26)====
Is IST_0 spanning? : True
Is IST_1 spanning? : True
Is IST_2 spanning? : True
Is IST_3 spanning? : True
Is IST_4 spanning? : True
Is IST_5 spanning? : True
Are all ISTs independent? : True

====TEST CR(123, 13, 26)====
Is IST_0 spanning? : True
Is IST_1 spanning? : True
Is IST_2 spanning? : True
Is IST_3 spanning? : True
Is IST_4 spanning? : True
Is IST_5 spanning? : True
Are all ISTs independent? : True

====TEST CR(124, 13, 26)====
Is IST_0 spanning? : True
Is IST_1 spanning? : True
Is IST_2 spanning? : True
Is IST_3 spanning? : True
Is IST_4 spanning? : True
Is IST_5 spanning? : True
Are all ISTs independent? : True

====TEST CR(125, 13, 26)====
Is IST_0 spanning? : True
Is IST_1 spanning? : True
Is IST_2 spanning? : True
Is IST_3 spanning? : True
Is IST_4 spanning? : True
Is IST_5 spanning? : True
Are all ISTs independent? : True

====TEST CR(126, 13, 26)====
Is IST_0 spanning? : True
Is IST_1 spanning? : True
Is IST_2 spanning? : True
Is IST_3 spanning? : True
Is IST_4 spanning? : True
Is IST_5 spanning? : True
Are all ISTs independent? : True

====TEST CR(127, 13, 26)====
Is IST_0 spanning? : True
Is IST_1 spanning? : True
Is IST_2 spanning? : True
Is IST_3 spanning? : True
Is IST_4 spanning? : True
Is IST_5 spanning? : True
Are all ISTs independent? : True

====TEST CR(128, 13, 26)====
Is IST_0 spanning? : True
Is IST_1 spanning? : True
Is IST_2 spanning? : True
Is IST_3 spanning? : True
Is IST_4 spanning? : True
Is IST_5 spanning? : True
Are all ISTs independent? : True

====TEST CR(129, 13, 26)====
Is IST_0 spanning? : True
Is IST_1 spanning? : True
Is IST_2 spanning? : True
Is IST_3 spanning? : True
Is IST_4 spanning? : True
Is IST_5 spanning? : True
Are all ISTs independent? : True

====TEST CR(130, 13, 26)====
Is IST_0 spanning? : True
Is IST_1 spanning? : True
Is IST_2 spanning? : True
Is IST_3 spanning? : True
Is IST_4 spanning? : True
Is IST_5 spanning? : True
Are all ISTs independent? : True

====TEST CR(131, 13, 26)====
Is IST_0 spanning? : True
Is IST_1 spanning? : True
Is IST_2 spanning? : True
Is IST_3 spanning? : True
Is IST_4 spanning? : True
Is IST_5 spanning? : True
Are all ISTs independent? : True

====TEST CR(132, 13, 26)====
Is IST_0 spanning? : True
Is IST_1 spanning? : True
Is IST_2 spanning? : True
Is IST_3 spanning? : True
Is IST_4 spanning? : True
Is IST_5 spanning? : True
Are all ISTs independent? : True

====TEST CR(133, 13, 26)====
Is IST_0 spanning? : True
Is IST_1 spanning? : True
Is IST_2 spanning? : True
Is IST_3 spanning? : True
Is IST_4 spanning? : True
Is IST_5 spanning? : True
Are all ISTs independent? : True

====TEST CR(134, 13, 26)====
Is IST_0 spanning? : True
Is IST_1 spanning? : True
Is IST_2 spanning? : True
Is IST_3 spanning? : True
Is IST_4 spanning? : True
Is IST_5 spanning? : True
Are all ISTs independent? : True

====TEST CR(135, 13, 26)====
Is IST_0 spanning? : True
Is IST_1 spanning? : True
Is IST_2 spanning? : True
Is IST_3 spanning? : True
Is IST_4 spanning? : True
Is IST_5 spanning? : True
Are all ISTs independent? : True

====TEST CR(136, 13, 26)====
Is IST_0 spanning? : True
Is IST_1 spanning? : True
Is IST_2 spanning? : True
Is IST_3 spanning? : True
Is IST_4 spanning? : True
Is IST_5 spanning? : True
Are all ISTs independent? : True

====TEST CR(137, 13, 26)====
Is IST_0 spanning? : True
Is IST_1 spanning? : True
Is IST_2 spanning? : True
Is IST_3 spanning? : True
Is IST_4 spanning? : True
Is IST_5 spanning? : True
Are all ISTs independent? : True

====TEST CR(138, 13, 26)====
Is IST_0 spanning? : True
Is IST_1 spanning? : True
Is IST_2 spanning? : True
Is IST_3 spanning? : True
Is IST_4 spanning? : True
Is IST_5 spanning? : True
Are all ISTs independent? : True

====TEST CR(139, 13, 26)====
Is IST_0 spanning? : True
Is IST_1 spanning? : True
Is IST_2 spanning? : True
Is IST_3 spanning? : True
Is IST_4 spanning? : True
Is IST_5 spanning? : True
Are all ISTs independent? : True

====TEST CR(140, 13, 26)====
Is IST_0 spanning? : True
Is IST_1 spanning? : True
Is IST_2 spanning? : True
Is IST_3 spanning? : True
Is IST_4 spanning? : True
Is IST_5 spanning? : True
Are all ISTs independent? : True

====TEST CR(141, 13, 26)====
Is IST_0 spanning? : True
Is IST_1 spanning? : True
Is IST_2 spanning? : True
Is IST_3 spanning? : True
Is IST_4 spanning? : True
Is IST_5 spanning? : True
Are all ISTs independent? : True

====TEST CR(142, 13, 26)====
Is IST_0 spanning? : True
Is IST_1 spanning? : True
Is IST_2 spanning? : True
Is IST_3 spanning? : True
Is IST_4 spanning? : True
Is IST_5 spanning? : True
Are all ISTs independent? : True

====TEST CR(143, 13, 26)====
Is IST_0 spanning? : True
Is IST_1 spanning? : True
Is IST_2 spanning? : True
Is IST_3 spanning? : True
Is IST_4 spanning? : True
Is IST_5 spanning? : True
Are all ISTs independent? : True

====TEST CR(144, 13, 26)====
Is IST_0 spanning? : True
Is IST_1 spanning? : True
Is IST_2 spanning? : True
Is IST_3 spanning? : True
Is IST_4 spanning? : True
Is IST_5 spanning? : True
Are all ISTs independent? : True

====TEST CR(145, 13, 26)====
Is IST_0 spanning? : True
Is IST_1 spanning? : True
Is IST_2 spanning? : True
Is IST_3 spanning? : True
Is IST_4 spanning? : True
Is IST_5 spanning? : True
Are all ISTs independent? : True

====TEST CR(146, 13, 26)====
Is IST_0 spanning? : True
Is IST_1 spanning? : True
Is IST_2 spanning? : True
Is IST_3 spanning? : True
Is IST_4 spanning? : True
Is IST_5 spanning? : True
Are all ISTs independent? : True

====TEST CR(147, 13, 26)====
Is IST_0 spanning? : True
Is IST_1 spanning? : True
Is IST_2 spanning? : True
Is IST_3 spanning? : True
Is IST_4 spanning? : True
Is IST_5 spanning? : True
Are all ISTs independent? : True

====TEST CR(148, 13, 26)====
Is IST_0 spanning? : True
Is IST_1 spanning? : True
Is IST_2 spanning? : True
Is IST_3 spanning? : True
Is IST_4 spanning? : True
Is IST_5 spanning? : True
Are all ISTs independent? : True

====TEST CR(149, 13, 26)====
Is IST_0 spanning? : True
Is IST_1 spanning? : True
Is IST_2 spanning? : True
Is IST_3 spanning? : True
Is IST_4 spanning? : True
Is IST_5 spanning? : True
Are all ISTs independent? : True

====TEST CR(150, 13, 26)====
Is IST_0 spanning? : True
Is IST_1 spanning? : True
Is IST_2 spanning? : True
Is IST_3 spanning? : True
Is IST_4 spanning? : True
Is IST_5 spanning? : True
Are all ISTs independent? : True

====TEST CR(151, 13, 26)====
Is IST_0 spanning? : True
Is IST_1 spanning? : True
Is IST_2 spanning? : True
Is IST_3 spanning? : True
Is IST_4 spanning? : True
Is IST_5 spanning? : True
Are all ISTs independent? : True

====TEST CR(152, 13, 26)====
Is IST_0 spanning? : True
Is IST_1 spanning? : True
Is IST_2 spanning? : True
Is IST_3 spanning? : True
Is IST_4 spanning? : True
Is IST_5 spanning? : True
Are all ISTs independent? : True

====TEST CR(153, 13, 26)====
Is IST_0 spanning? : True
Is IST_1 spanning? : True
Is IST_2 spanning? : True
Is IST_3 spanning? : True
Is IST_4 spanning? : True
Is IST_5 spanning? : True
Are all ISTs independent? : True

====TEST CR(154, 13, 26)====
Is IST_0 spanning? : True
Is IST_1 spanning? : True
Is IST_2 spanning? : True
Is IST_3 spanning? : True
Is IST_4 spanning? : True
Is IST_5 spanning? : True
Are all ISTs independent? : True

====TEST CR(155, 13, 26)====
Is IST_0 spanning? : True
Is IST_1 spanning? : True
Is IST_2 spanning? : True
Is IST_3 spanning? : True
Is IST_4 spanning? : True
Is IST_5 spanning? : True
Are all ISTs independent? : True

====TEST CR(156, 13, 26)====
Is IST_0 spanning? : True
Is IST_1 spanning? : True
Is IST_2 spanning? : True
Is IST_3 spanning? : True
Is IST_4 spanning? : True
Is IST_5 spanning? : True
Are all ISTs independent? : True

====TEST CR(157, 13, 26)====
Is IST_0 spanning? : True
Is IST_1 spanning? : True
Is IST_2 spanning? : True
Is IST_3 spanning? : True
Is IST_4 spanning? : True
Is IST_5 spanning? : True
Are all ISTs independent? : True

====TEST CR(158, 13, 26)====
Is IST_0 spanning? : True
Is IST_1 spanning? : True
Is IST_2 spanning? : True
Is IST_3 spanning? : True
Is IST_4 spanning? : True
Is IST_5 spanning? : True
Are all ISTs independent? : True

====TEST CR(159, 13, 26)====
Is IST_0 spanning? : True
Is IST_1 spanning? : True
Is IST_2 spanning? : True
Is IST_3 spanning? : True
Is IST_4 spanning? : True
Is IST_5 spanning? : True
Are all ISTs independent? : True

====TEST CR(160, 13, 26)====
Is IST_0 spanning? : True
Is IST_1 spanning? : True
Is IST_2 spanning? : True
Is IST_3 spanning? : True
Is IST_4 spanning? : True
Is IST_5 spanning? : True
Are all ISTs independent? : True

====TEST CR(161, 13, 26)====
Is IST_0 spanning? : True
Is IST_1 spanning? : True
Is IST_2 spanning? : True
Is IST_3 spanning? : True
Is IST_4 spanning? : True
Is IST_5 spanning? : True
Are all ISTs independent? : True

====TEST CR(162, 13, 26)====
Is IST_0 spanning? : True
Is IST_1 spanning? : True
Is IST_2 spanning? : True
Is IST_3 spanning? : True
Is IST_4 spanning? : True
Is IST_5 spanning? : True
Are all ISTs independent? : True

====TEST CR(163, 13, 26)====
Is IST_0 spanning? : True
Is IST_1 spanning? : True
Is IST_2 spanning? : True
Is IST_3 spanning? : True
Is IST_4 spanning? : True
Is IST_5 spanning? : True
Are all ISTs independent? : True

====TEST CR(164, 13, 26)====
Is IST_0 spanning? : True
Is IST_1 spanning? : True
Is IST_2 spanning? : True
Is IST_3 spanning? : True
Is IST_4 spanning? : True
Is IST_5 spanning? : True
Are all ISTs independent? : True

====TEST CR(165, 13, 26)====
Is IST_0 spanning? : True
Is IST_1 spanning? : True
Is IST_2 spanning? : True
Is IST_3 spanning? : True
Is IST_4 spanning? : True
Is IST_5 spanning? : True
Are all ISTs independent? : True

====TEST CR(166, 13, 26)====
Is IST_0 spanning? : True
Is IST_1 spanning? : True
Is IST_2 spanning? : True
Is IST_3 spanning? : True
Is IST_4 spanning? : True
Is IST_5 spanning? : True
Are all ISTs independent? : True

====TEST CR(167, 13, 26)====
Is IST_0 spanning? : True
Is IST_1 spanning? : True
Is IST_2 spanning? : True
Is IST_3 spanning? : True
Is IST_4 spanning? : True
Is IST_5 spanning? : True
Are all ISTs independent? : True

====TEST CR(168, 13, 26)====
Is IST_0 spanning? : True
Is IST_1 spanning? : True
Is IST_2 spanning? : True
Is IST_3 spanning? : True
Is IST_4 spanning? : True
Is IST_5 spanning? : True
Are all ISTs independent? : True

====TEST CR(169, 13, 26)====
Is IST_0 spanning? : True
Is IST_1 spanning? : True
Is IST_2 spanning? : True
Is IST_3 spanning? : True
Is IST_4 spanning? : True
Is IST_5 spanning? : True
Are all ISTs independent? : True

====TEST CR(170, 13, 26)====
Is IST_0 spanning? : True
Is IST_1 spanning? : True
Is IST_2 spanning? : True
Is IST_3 spanning? : True
Is IST_4 spanning? : True
Is IST_5 spanning? : True
Are all ISTs independent? : True

====TEST CR(171, 13, 26)====
Is IST_0 spanning? : True
Is IST_1 spanning? : True
Is IST_2 spanning? : True
Is IST_3 spanning? : True
Is IST_4 spanning? : True
Is IST_5 spanning? : True
Are all ISTs independent? : True

====TEST CR(172, 13, 26)====
Is IST_0 spanning? : True
Is IST_1 spanning? : True
Is IST_2 spanning? : True
Is IST_3 spanning? : True
Is IST_4 spanning? : True
Is IST_5 spanning? : True
Are all ISTs independent? : True

====TEST CR(173, 13, 26)====
Is IST_0 spanning? : True
Is IST_1 spanning? : True
Is IST_2 spanning? : True
Is IST_3 spanning? : True
Is IST_4 spanning? : True
Is IST_5 spanning? : True
Are all ISTs independent? : True

====TEST CR(174, 13, 26)====
Is IST_0 spanning? : True
Is IST_1 spanning? : True
Is IST_2 spanning? : True
Is IST_3 spanning? : True
Is IST_4 spanning? : True
Is IST_5 spanning? : True
Are all ISTs independent? : True

====TEST CR(175, 13, 26)====
Is IST_0 spanning? : True
Is IST_1 spanning? : True
Is IST_2 spanning? : True
Is IST_3 spanning? : True
Is IST_4 spanning? : True
Is IST_5 spanning? : True
Are all ISTs independent? : True

====TEST CR(176, 13, 26)====
Is IST_0 spanning? : True
Is IST_1 spanning? : True
Is IST_2 spanning? : True
Is IST_3 spanning? : True
Is IST_4 spanning? : True
Is IST_5 spanning? : True
Are all ISTs independent? : True

====TEST CR(177, 13, 26)====
Is IST_0 spanning? : True
Is IST_1 spanning? : True
Is IST_2 spanning? : True
Is IST_3 spanning? : True
Is IST_4 spanning? : True
Is IST_5 spanning? : True
Are all ISTs independent? : True

====TEST CR(178, 13, 26)====
Is IST_0 spanning? : True
Is IST_1 spanning? : True
Is IST_2 spanning? : True
Is IST_3 spanning? : True
Is IST_4 spanning? : True
Is IST_5 spanning? : True
Are all ISTs independent? : True

====TEST CR(179, 13, 26)====
Is IST_0 spanning? : True
Is IST_1 spanning? : True
Is IST_2 spanning? : True
Is IST_3 spanning? : True
Is IST_4 spanning? : True
Is IST_5 spanning? : True
Are all ISTs independent? : True

====TEST CR(180, 13, 26)====
Is IST_0 spanning? : True
Is IST_1 spanning? : True
Is IST_2 spanning? : True
Is IST_3 spanning? : True
Is IST_4 spanning? : True
Is IST_5 spanning? : True
Are all ISTs independent? : True

====TEST CR(181, 13, 26)====
Is IST_0 spanning? : True
Is IST_1 spanning? : True
Is IST_2 spanning? : True
Is IST_3 spanning? : True
Is IST_4 spanning? : True
Is IST_5 spanning? : True
Are all ISTs independent? : True

====TEST CR(182, 13, 26)====
Is IST_0 spanning? : True
Is IST_1 spanning? : True
Is IST_2 spanning? : True
Is IST_3 spanning? : True
Is IST_4 spanning? : True
Is IST_5 spanning? : True
Are all ISTs independent? : True

====TEST CR(183, 13, 26)====
Is IST_0 spanning? : True
Is IST_1 spanning? : True
Is IST_2 spanning? : True
Is IST_3 spanning? : True
Is IST_4 spanning? : True
Is IST_5 spanning? : True
Are all ISTs independent? : True

====TEST CR(184, 13, 26)====
Is IST_0 spanning? : True
Is IST_1 spanning? : True
Is IST_2 spanning? : True
Is IST_3 spanning? : True
Is IST_4 spanning? : True
Is IST_5 spanning? : True
Are all ISTs independent? : True

====TEST CR(185, 13, 26)====
Is IST_0 spanning? : True
Is IST_1 spanning? : True
Is IST_2 spanning? : True
Is IST_3 spanning? : True
Is IST_4 spanning? : True
Is IST_5 spanning? : True
Are all ISTs independent? : True

====TEST CR(186, 13, 26)====
Is IST_0 spanning? : True
Is IST_1 spanning? : True
Is IST_2 spanning? : True
Is IST_3 spanning? : True
Is IST_4 spanning? : True
Is IST_5 spanning? : True
Are all ISTs independent? : True

====TEST CR(187, 13, 26)====
Is IST_0 spanning? : True
Is IST_1 spanning? : True
Is IST_2 spanning? : True
Is IST_3 spanning? : True
Is IST_4 spanning? : True
Is IST_5 spanning? : True
Are all ISTs independent? : True

====TEST CR(188, 13, 26)====
Is IST_0 spanning? : True
Is IST_1 spanning? : True
Is IST_2 spanning? : True
Is IST_3 spanning? : True
Is IST_4 spanning? : True
Is IST_5 spanning? : True
Are all ISTs independent? : True

====TEST CR(189, 13, 26)====
Is IST_0 spanning? : True
Is IST_1 spanning? : True
Is IST_2 spanning? : True
Is IST_3 spanning? : True
Is IST_4 spanning? : True
Is IST_5 spanning? : True
Are all ISTs independent? : True

====TEST CR(190, 13, 26)====
Is IST_0 spanning? : True
Is IST_1 spanning? : True
Is IST_2 spanning? : True
Is IST_3 spanning? : True
Is IST_4 spanning? : True
Is IST_5 spanning? : True
Are all ISTs independent? : True

====TEST CR(191, 13, 26)====
Is IST_0 spanning? : True
Is IST_1 spanning? : True
Is IST_2 spanning? : True
Is IST_3 spanning? : True
Is IST_4 spanning? : True
Is IST_5 spanning? : True
Are all ISTs independent? : True

====TEST CR(192, 13, 26)====
Is IST_0 spanning? : True
Is IST_1 spanning? : True
Is IST_2 spanning? : True
Is IST_3 spanning? : True
Is IST_4 spanning? : True
Is IST_5 spanning? : True
Are all ISTs independent? : True

====TEST CR(193, 13, 26)====
Is IST_0 spanning? : True
Is IST_1 spanning? : True
Is IST_2 spanning? : True
Is IST_3 spanning? : True
Is IST_4 spanning? : True
Is IST_5 spanning? : True
Are all ISTs independent? : True

====TEST CR(194, 13, 26)====
Is IST_0 spanning? : True
Is IST_1 spanning? : True
Is IST_2 spanning? : True
Is IST_3 spanning? : True
Is IST_4 spanning? : True
Is IST_5 spanning? : True
Are all ISTs independent? : True

====TEST CR(195, 13, 26)====
Is IST_0 spanning? : True
Is IST_1 spanning? : True
Is IST_2 spanning? : True
Is IST_3 spanning? : True
Is IST_4 spanning? : True
Is IST_5 spanning? : True
Are all ISTs independent? : True

====TEST CR(196, 13, 26)====
Is IST_0 spanning? : True
Is IST_1 spanning? : True
Is IST_2 spanning? : True
Is IST_3 spanning? : True
Is IST_4 spanning? : True
Is IST_5 spanning? : True
Are all ISTs independent? : True

====TEST CR(197, 13, 26)====
Is IST_0 spanning? : True
Is IST_1 spanning? : True
Is IST_2 spanning? : True
Is IST_3 spanning? : True
Is IST_4 spanning? : True
Is IST_5 spanning? : True
Are all ISTs independent? : True

====TEST CR(198, 13, 26)====
Is IST_0 spanning? : True
Is IST_1 spanning? : True
Is IST_2 spanning? : True
Is IST_3 spanning? : True
Is IST_4 spanning? : True
Is IST_5 spanning? : True
Are all ISTs independent? : True

====TEST CR(199, 13, 26)====
Is IST_0 spanning? : True
Is IST_1 spanning? : True
Is IST_2 spanning? : True
Is IST_3 spanning? : True
Is IST_4 spanning? : True
Is IST_5 spanning? : True
Are all ISTs independent? : True

====TEST CR(200, 13, 26)====
Is IST_0 spanning? : True
Is IST_1 spanning? : True
Is IST_2 spanning? : True
Is IST_3 spanning? : True
Is IST_4 spanning? : True
Is IST_5 spanning? : True
Are all ISTs independent? : True

====TEST CR(201, 13, 26)====
Is IST_0 spanning? : True
Is IST_1 spanning? : True
Is IST_2 spanning? : True
Is IST_3 spanning? : True
Is IST_4 spanning? : True
Is IST_5 spanning? : True
Are all ISTs independent? : True

====TEST CR(202, 13, 26)====
Is IST_0 spanning? : True
Is IST_1 spanning? : True
Is IST_2 spanning? : True
Is IST_3 spanning? : True
Is IST_4 spanning? : True
Is IST_5 spanning? : True
Are all ISTs independent? : True

====TEST CR(203, 13, 26)====
Is IST_0 spanning? : True
Is IST_1 spanning? : True
Is IST_2 spanning? : True
Is IST_3 spanning? : True
Is IST_4 spanning? : True
Is IST_5 spanning? : True
Are all ISTs independent? : True

====TEST CR(204, 13, 26)====
Is IST_0 spanning? : True
Is IST_1 spanning? : True
Is IST_2 spanning? : True
Is IST_3 spanning? : True
Is IST_4 spanning? : True
Is IST_5 spanning? : True
Are all ISTs independent? : True

====TEST CR(205, 13, 26)====
Is IST_0 spanning? : True
Is IST_1 spanning? : True
Is IST_2 spanning? : True
Is IST_3 spanning? : True
Is IST_4 spanning? : True
Is IST_5 spanning? : True
Are all ISTs independent? : True

====TEST CR(206, 13, 26)====
Is IST_0 spanning? : True
Is IST_1 spanning? : True
Is IST_2 spanning? : True
Is IST_3 spanning? : True
Is IST_4 spanning? : True
Is IST_5 spanning? : True
Are all ISTs independent? : True

====TEST CR(84, 14, 28)====
Is IST_0 spanning? : True
Is IST_1 spanning? : True
Is IST_2 spanning? : True
Is IST_3 spanning? : True
Is IST_4 spanning? : True
Is IST_5 spanning? : True
Are all ISTs independent? : True

====TEST CR(85, 14, 28)====
Is IST_0 spanning? : True
Is IST_1 spanning? : True
Is IST_2 spanning? : True
Is IST_3 spanning? : True
Is IST_4 spanning? : True
Is IST_5 spanning? : True
Are all ISTs independent? : True

====TEST CR(86, 14, 28)====
Is IST_0 spanning? : True
Is IST_1 spanning? : True
Is IST_2 spanning? : True
Is IST_3 spanning? : True
Is IST_4 spanning? : True
Is IST_5 spanning? : True
Are all ISTs independent? : True

====TEST CR(87, 14, 28)====
Is IST_0 spanning? : True
Is IST_1 spanning? : True
Is IST_2 spanning? : True
Is IST_3 spanning? : True
Is IST_4 spanning? : True
Is IST_5 spanning? : True
Are all ISTs independent? : True

====TEST CR(88, 14, 28)====
Is IST_0 spanning? : True
Is IST_1 spanning? : True
Is IST_2 spanning? : True
Is IST_3 spanning? : True
Is IST_4 spanning? : True
Is IST_5 spanning? : True
Are all ISTs independent? : True

====TEST CR(89, 14, 28)====
Is IST_0 spanning? : True
Is IST_1 spanning? : True
Is IST_2 spanning? : True
Is IST_3 spanning? : True
Is IST_4 spanning? : True
Is IST_5 spanning? : True
Are all ISTs independent? : True

====TEST CR(90, 14, 28)====
Is IST_0 spanning? : True
Is IST_1 spanning? : True
Is IST_2 spanning? : True
Is IST_3 spanning? : True
Is IST_4 spanning? : True
Is IST_5 spanning? : True
Are all ISTs independent? : True

====TEST CR(91, 14, 28)====
Is IST_0 spanning? : True
Is IST_1 spanning? : True
Is IST_2 spanning? : True
Is IST_3 spanning? : True
Is IST_4 spanning? : True
Is IST_5 spanning? : True
Are all ISTs independent? : True

====TEST CR(92, 14, 28)====
Is IST_0 spanning? : True
Is IST_1 spanning? : True
Is IST_2 spanning? : True
Is IST_3 spanning? : True
Is IST_4 spanning? : True
Is IST_5 spanning? : True
Are all ISTs independent? : True

====TEST CR(93, 14, 28)====
Is IST_0 spanning? : True
Is IST_1 spanning? : True
Is IST_2 spanning? : True
Is IST_3 spanning? : True
Is IST_4 spanning? : True
Is IST_5 spanning? : True
Are all ISTs independent? : True

====TEST CR(94, 14, 28)====
Is IST_0 spanning? : True
Is IST_1 spanning? : True
Is IST_2 spanning? : True
Is IST_3 spanning? : True
Is IST_4 spanning? : True
Is IST_5 spanning? : True
Are all ISTs independent? : True

====TEST CR(95, 14, 28)====
Is IST_0 spanning? : True
Is IST_1 spanning? : True
Is IST_2 spanning? : True
Is IST_3 spanning? : True
Is IST_4 spanning? : True
Is IST_5 spanning? : True
Are all ISTs independent? : True

====TEST CR(96, 14, 28)====
Is IST_0 spanning? : True
Is IST_1 spanning? : True
Is IST_2 spanning? : True
Is IST_3 spanning? : True
Is IST_4 spanning? : True
Is IST_5 spanning? : True
Are all ISTs independent? : True

====TEST CR(97, 14, 28)====
Is IST_0 spanning? : True
Is IST_1 spanning? : True
Is IST_2 spanning? : True
Is IST_3 spanning? : True
Is IST_4 spanning? : True
Is IST_5 spanning? : True
Are all ISTs independent? : True

====TEST CR(98, 14, 28)====
Is IST_0 spanning? : True
Is IST_1 spanning? : True
Is IST_2 spanning? : True
Is IST_3 spanning? : True
Is IST_4 spanning? : True
Is IST_5 spanning? : True
Are all ISTs independent? : True

====TEST CR(99, 14, 28)====
Is IST_0 spanning? : True
Is IST_1 spanning? : True
Is IST_2 spanning? : True
Is IST_3 spanning? : True
Is IST_4 spanning? : True
Is IST_5 spanning? : True
Are all ISTs independent? : True

====TEST CR(100, 14, 28)====
Is IST_0 spanning? : True
Is IST_1 spanning? : True
Is IST_2 spanning? : True
Is IST_3 spanning? : True
Is IST_4 spanning? : True
Is IST_5 spanning? : True
Are all ISTs independent? : True

====TEST CR(101, 14, 28)====
Is IST_0 spanning? : True
Is IST_1 spanning? : True
Is IST_2 spanning? : True
Is IST_3 spanning? : True
Is IST_4 spanning? : True
Is IST_5 spanning? : True
Are all ISTs independent? : True

====TEST CR(102, 14, 28)====
Is IST_0 spanning? : True
Is IST_1 spanning? : True
Is IST_2 spanning? : True
Is IST_3 spanning? : True
Is IST_4 spanning? : True
Is IST_5 spanning? : True
Are all ISTs independent? : True

====TEST CR(103, 14, 28)====
Is IST_0 spanning? : True
Is IST_1 spanning? : True
Is IST_2 spanning? : True
Is IST_3 spanning? : True
Is IST_4 spanning? : True
Is IST_5 spanning? : True
Are all ISTs independent? : True

====TEST CR(104, 14, 28)====
Is IST_0 spanning? : True
Is IST_1 spanning? : True
Is IST_2 spanning? : True
Is IST_3 spanning? : True
Is IST_4 spanning? : True
Is IST_5 spanning? : True
Are all ISTs independent? : True

====TEST CR(105, 14, 28)====
Is IST_0 spanning? : True
Is IST_1 spanning? : True
Is IST_2 spanning? : True
Is IST_3 spanning? : True
Is IST_4 spanning? : True
Is IST_5 spanning? : True
Are all ISTs independent? : True

====TEST CR(106, 14, 28)====
Is IST_0 spanning? : True
Is IST_1 spanning? : True
Is IST_2 spanning? : True
Is IST_3 spanning? : True
Is IST_4 spanning? : True
Is IST_5 spanning? : True
Are all ISTs independent? : True

====TEST CR(107, 14, 28)====
Is IST_0 spanning? : True
Is IST_1 spanning? : True
Is IST_2 spanning? : True
Is IST_3 spanning? : True
Is IST_4 spanning? : True
Is IST_5 spanning? : True
Are all ISTs independent? : True

====TEST CR(108, 14, 28)====
Is IST_0 spanning? : True
Is IST_1 spanning? : True
Is IST_2 spanning? : True
Is IST_3 spanning? : True
Is IST_4 spanning? : True
Is IST_5 spanning? : True
Are all ISTs independent? : True

====TEST CR(109, 14, 28)====
Is IST_0 spanning? : True
Is IST_1 spanning? : True
Is IST_2 spanning? : True
Is IST_3 spanning? : True
Is IST_4 spanning? : True
Is IST_5 spanning? : True
Are all ISTs independent? : True

====TEST CR(110, 14, 28)====
Is IST_0 spanning? : True
Is IST_1 spanning? : True
Is IST_2 spanning? : True
Is IST_3 spanning? : True
Is IST_4 spanning? : True
Is IST_5 spanning? : True
Are all ISTs independent? : True

====TEST CR(111, 14, 28)====
Is IST_0 spanning? : True
Is IST_1 spanning? : True
Is IST_2 spanning? : True
Is IST_3 spanning? : True
Is IST_4 spanning? : True
Is IST_5 spanning? : True
Are all ISTs independent? : True

====TEST CR(112, 14, 28)====
Is IST_0 spanning? : True
Is IST_1 spanning? : True
Is IST_2 spanning? : True
Is IST_3 spanning? : True
Is IST_4 spanning? : True
Is IST_5 spanning? : True
Are all ISTs independent? : True

====TEST CR(113, 14, 28)====
Is IST_0 spanning? : True
Is IST_1 spanning? : True
Is IST_2 spanning? : True
Is IST_3 spanning? : True
Is IST_4 spanning? : True
Is IST_5 spanning? : True
Are all ISTs independent? : True

====TEST CR(114, 14, 28)====
Is IST_0 spanning? : True
Is IST_1 spanning? : True
Is IST_2 spanning? : True
Is IST_3 spanning? : True
Is IST_4 spanning? : True
Is IST_5 spanning? : True
Are all ISTs independent? : True

====TEST CR(115, 14, 28)====
Is IST_0 spanning? : True
Is IST_1 spanning? : True
Is IST_2 spanning? : True
Is IST_3 spanning? : True
Is IST_4 spanning? : True
Is IST_5 spanning? : True
Are all ISTs independent? : True

====TEST CR(116, 14, 28)====
Is IST_0 spanning? : True
Is IST_1 spanning? : True
Is IST_2 spanning? : True
Is IST_3 spanning? : True
Is IST_4 spanning? : True
Is IST_5 spanning? : True
Are all ISTs independent? : True

====TEST CR(117, 14, 28)====
Is IST_0 spanning? : True
Is IST_1 spanning? : True
Is IST_2 spanning? : True
Is IST_3 spanning? : True
Is IST_4 spanning? : True
Is IST_5 spanning? : True
Are all ISTs independent? : True

====TEST CR(118, 14, 28)====
Is IST_0 spanning? : True
Is IST_1 spanning? : True
Is IST_2 spanning? : True
Is IST_3 spanning? : True
Is IST_4 spanning? : True
Is IST_5 spanning? : True
Are all ISTs independent? : True

====TEST CR(119, 14, 28)====
Is IST_0 spanning? : True
Is IST_1 spanning? : True
Is IST_2 spanning? : True
Is IST_3 spanning? : True
Is IST_4 spanning? : True
Is IST_5 spanning? : True
Are all ISTs independent? : True

====TEST CR(120, 14, 28)====
Is IST_0 spanning? : True
Is IST_1 spanning? : True
Is IST_2 spanning? : True
Is IST_3 spanning? : True
Is IST_4 spanning? : True
Is IST_5 spanning? : True
Are all ISTs independent? : True

====TEST CR(121, 14, 28)====
Is IST_0 spanning? : True
Is IST_1 spanning? : True
Is IST_2 spanning? : True
Is IST_3 spanning? : True
Is IST_4 spanning? : True
Is IST_5 spanning? : True
Are all ISTs independent? : True

====TEST CR(122, 14, 28)====
Is IST_0 spanning? : True
Is IST_1 spanning? : True
Is IST_2 spanning? : True
Is IST_3 spanning? : True
Is IST_4 spanning? : True
Is IST_5 spanning? : True
Are all ISTs independent? : True

====TEST CR(123, 14, 28)====
Is IST_0 spanning? : True
Is IST_1 spanning? : True
Is IST_2 spanning? : True
Is IST_3 spanning? : True
Is IST_4 spanning? : True
Is IST_5 spanning? : True
Are all ISTs independent? : True

====TEST CR(124, 14, 28)====
Is IST_0 spanning? : True
Is IST_1 spanning? : True
Is IST_2 spanning? : True
Is IST_3 spanning? : True
Is IST_4 spanning? : True
Is IST_5 spanning? : True
Are all ISTs independent? : True

====TEST CR(125, 14, 28)====
Is IST_0 spanning? : True
Is IST_1 spanning? : True
Is IST_2 spanning? : True
Is IST_3 spanning? : True
Is IST_4 spanning? : True
Is IST_5 spanning? : True
Are all ISTs independent? : True

====TEST CR(126, 14, 28)====
Is IST_0 spanning? : True
Is IST_1 spanning? : True
Is IST_2 spanning? : True
Is IST_3 spanning? : True
Is IST_4 spanning? : True
Is IST_5 spanning? : True
Are all ISTs independent? : True

====TEST CR(127, 14, 28)====
Is IST_0 spanning? : True
Is IST_1 spanning? : True
Is IST_2 spanning? : True
Is IST_3 spanning? : True
Is IST_4 spanning? : True
Is IST_5 spanning? : True
Are all ISTs independent? : True

====TEST CR(128, 14, 28)====
Is IST_0 spanning? : True
Is IST_1 spanning? : True
Is IST_2 spanning? : True
Is IST_3 spanning? : True
Is IST_4 spanning? : True
Is IST_5 spanning? : True
Are all ISTs independent? : True

====TEST CR(129, 14, 28)====
Is IST_0 spanning? : True
Is IST_1 spanning? : True
Is IST_2 spanning? : True
Is IST_3 spanning? : True
Is IST_4 spanning? : True
Is IST_5 spanning? : True
Are all ISTs independent? : True

====TEST CR(130, 14, 28)====
Is IST_0 spanning? : True
Is IST_1 spanning? : True
Is IST_2 spanning? : True
Is IST_3 spanning? : True
Is IST_4 spanning? : True
Is IST_5 spanning? : True
Are all ISTs independent? : True

====TEST CR(131, 14, 28)====
Is IST_0 spanning? : True
Is IST_1 spanning? : True
Is IST_2 spanning? : True
Is IST_3 spanning? : True
Is IST_4 spanning? : True
Is IST_5 spanning? : True
Are all ISTs independent? : True

====TEST CR(132, 14, 28)====
Is IST_0 spanning? : True
Is IST_1 spanning? : True
Is IST_2 spanning? : True
Is IST_3 spanning? : True
Is IST_4 spanning? : True
Is IST_5 spanning? : True
Are all ISTs independent? : True

====TEST CR(133, 14, 28)====
Is IST_0 spanning? : True
Is IST_1 spanning? : True
Is IST_2 spanning? : True
Is IST_3 spanning? : True
Is IST_4 spanning? : True
Is IST_5 spanning? : True
Are all ISTs independent? : True

====TEST CR(134, 14, 28)====
Is IST_0 spanning? : True
Is IST_1 spanning? : True
Is IST_2 spanning? : True
Is IST_3 spanning? : True
Is IST_4 spanning? : True
Is IST_5 spanning? : True
Are all ISTs independent? : True

====TEST CR(135, 14, 28)====
Is IST_0 spanning? : True
Is IST_1 spanning? : True
Is IST_2 spanning? : True
Is IST_3 spanning? : True
Is IST_4 spanning? : True
Is IST_5 spanning? : True
Are all ISTs independent? : True

====TEST CR(136, 14, 28)====
Is IST_0 spanning? : True
Is IST_1 spanning? : True
Is IST_2 spanning? : True
Is IST_3 spanning? : True
Is IST_4 spanning? : True
Is IST_5 spanning? : True
Are all ISTs independent? : True

====TEST CR(137, 14, 28)====
Is IST_0 spanning? : True
Is IST_1 spanning? : True
Is IST_2 spanning? : True
Is IST_3 spanning? : True
Is IST_4 spanning? : True
Is IST_5 spanning? : True
Are all ISTs independent? : True

====TEST CR(138, 14, 28)====
Is IST_0 spanning? : True
Is IST_1 spanning? : True
Is IST_2 spanning? : True
Is IST_3 spanning? : True
Is IST_4 spanning? : True
Is IST_5 spanning? : True
Are all ISTs independent? : True

====TEST CR(139, 14, 28)====
Is IST_0 spanning? : True
Is IST_1 spanning? : True
Is IST_2 spanning? : True
Is IST_3 spanning? : True
Is IST_4 spanning? : True
Is IST_5 spanning? : True
Are all ISTs independent? : True

====TEST CR(140, 14, 28)====
Is IST_0 spanning? : True
Is IST_1 spanning? : True
Is IST_2 spanning? : True
Is IST_3 spanning? : True
Is IST_4 spanning? : True
Is IST_5 spanning? : True
Are all ISTs independent? : True

====TEST CR(141, 14, 28)====
Is IST_0 spanning? : True
Is IST_1 spanning? : True
Is IST_2 spanning? : True
Is IST_3 spanning? : True
Is IST_4 spanning? : True
Is IST_5 spanning? : True
Are all ISTs independent? : True

====TEST CR(142, 14, 28)====
Is IST_0 spanning? : True
Is IST_1 spanning? : True
Is IST_2 spanning? : True
Is IST_3 spanning? : True
Is IST_4 spanning? : True
Is IST_5 spanning? : True
Are all ISTs independent? : True

====TEST CR(143, 14, 28)====
Is IST_0 spanning? : True
Is IST_1 spanning? : True
Is IST_2 spanning? : True
Is IST_3 spanning? : True
Is IST_4 spanning? : True
Is IST_5 spanning? : True
Are all ISTs independent? : True

====TEST CR(144, 14, 28)====
Is IST_0 spanning? : True
Is IST_1 spanning? : True
Is IST_2 spanning? : True
Is IST_3 spanning? : True
Is IST_4 spanning? : True
Is IST_5 spanning? : True
Are all ISTs independent? : True

====TEST CR(145, 14, 28)====
Is IST_0 spanning? : True
Is IST_1 spanning? : True
Is IST_2 spanning? : True
Is IST_3 spanning? : True
Is IST_4 spanning? : True
Is IST_5 spanning? : True
Are all ISTs independent? : True

====TEST CR(146, 14, 28)====
Is IST_0 spanning? : True
Is IST_1 spanning? : True
Is IST_2 spanning? : True
Is IST_3 spanning? : True
Is IST_4 spanning? : True
Is IST_5 spanning? : True
Are all ISTs independent? : True

====TEST CR(147, 14, 28)====
Is IST_0 spanning? : True
Is IST_1 spanning? : True
Is IST_2 spanning? : True
Is IST_3 spanning? : True
Is IST_4 spanning? : True
Is IST_5 spanning? : True
Are all ISTs independent? : True

====TEST CR(148, 14, 28)====
Is IST_0 spanning? : True
Is IST_1 spanning? : True
Is IST_2 spanning? : True
Is IST_3 spanning? : True
Is IST_4 spanning? : True
Is IST_5 spanning? : True
Are all ISTs independent? : True

====TEST CR(149, 14, 28)====
Is IST_0 spanning? : True
Is IST_1 spanning? : True
Is IST_2 spanning? : True
Is IST_3 spanning? : True
Is IST_4 spanning? : True
Is IST_5 spanning? : True
Are all ISTs independent? : True

====TEST CR(150, 14, 28)====
Is IST_0 spanning? : True
Is IST_1 spanning? : True
Is IST_2 spanning? : True
Is IST_3 spanning? : True
Is IST_4 spanning? : True
Is IST_5 spanning? : True
Are all ISTs independent? : True

====TEST CR(151, 14, 28)====
Is IST_0 spanning? : True
Is IST_1 spanning? : True
Is IST_2 spanning? : True
Is IST_3 spanning? : True
Is IST_4 spanning? : True
Is IST_5 spanning? : True
Are all ISTs independent? : True

====TEST CR(152, 14, 28)====
Is IST_0 spanning? : True
Is IST_1 spanning? : True
Is IST_2 spanning? : True
Is IST_3 spanning? : True
Is IST_4 spanning? : True
Is IST_5 spanning? : True
Are all ISTs independent? : True

====TEST CR(153, 14, 28)====
Is IST_0 spanning? : True
Is IST_1 spanning? : True
Is IST_2 spanning? : True
Is IST_3 spanning? : True
Is IST_4 spanning? : True
Is IST_5 spanning? : True
Are all ISTs independent? : True

====TEST CR(154, 14, 28)====
Is IST_0 spanning? : True
Is IST_1 spanning? : True
Is IST_2 spanning? : True
Is IST_3 spanning? : True
Is IST_4 spanning? : True
Is IST_5 spanning? : True
Are all ISTs independent? : True

====TEST CR(155, 14, 28)====
Is IST_0 spanning? : True
Is IST_1 spanning? : True
Is IST_2 spanning? : True
Is IST_3 spanning? : True
Is IST_4 spanning? : True
Is IST_5 spanning? : True
Are all ISTs independent? : True

====TEST CR(156, 14, 28)====
Is IST_0 spanning? : True
Is IST_1 spanning? : True
Is IST_2 spanning? : True
Is IST_3 spanning? : True
Is IST_4 spanning? : True
Is IST_5 spanning? : True
Are all ISTs independent? : True

====TEST CR(157, 14, 28)====
Is IST_0 spanning? : True
Is IST_1 spanning? : True
Is IST_2 spanning? : True
Is IST_3 spanning? : True
Is IST_4 spanning? : True
Is IST_5 spanning? : True
Are all ISTs independent? : True

====TEST CR(158, 14, 28)====
Is IST_0 spanning? : True
Is IST_1 spanning? : True
Is IST_2 spanning? : True
Is IST_3 spanning? : True
Is IST_4 spanning? : True
Is IST_5 spanning? : True
Are all ISTs independent? : True

====TEST CR(159, 14, 28)====
Is IST_0 spanning? : True
Is IST_1 spanning? : True
Is IST_2 spanning? : True
Is IST_3 spanning? : True
Is IST_4 spanning? : True
Is IST_5 spanning? : True
Are all ISTs independent? : True

====TEST CR(160, 14, 28)====
Is IST_0 spanning? : True
Is IST_1 spanning? : True
Is IST_2 spanning? : True
Is IST_3 spanning? : True
Is IST_4 spanning? : True
Is IST_5 spanning? : True
Are all ISTs independent? : True

====TEST CR(161, 14, 28)====
Is IST_0 spanning? : True
Is IST_1 spanning? : True
Is IST_2 spanning? : True
Is IST_3 spanning? : True
Is IST_4 spanning? : True
Is IST_5 spanning? : True
Are all ISTs independent? : True

====TEST CR(162, 14, 28)====
Is IST_0 spanning? : True
Is IST_1 spanning? : True
Is IST_2 spanning? : True
Is IST_3 spanning? : True
Is IST_4 spanning? : True
Is IST_5 spanning? : True
Are all ISTs independent? : True

====TEST CR(163, 14, 28)====
Is IST_0 spanning? : True
Is IST_1 spanning? : True
Is IST_2 spanning? : True
Is IST_3 spanning? : True
Is IST_4 spanning? : True
Is IST_5 spanning? : True
Are all ISTs independent? : True

====TEST CR(164, 14, 28)====
Is IST_0 spanning? : True
Is IST_1 spanning? : True
Is IST_2 spanning? : True
Is IST_3 spanning? : True
Is IST_4 spanning? : True
Is IST_5 spanning? : True
Are all ISTs independent? : True

====TEST CR(165, 14, 28)====
Is IST_0 spanning? : True
Is IST_1 spanning? : True
Is IST_2 spanning? : True
Is IST_3 spanning? : True
Is IST_4 spanning? : True
Is IST_5 spanning? : True
Are all ISTs independent? : True

====TEST CR(166, 14, 28)====
Is IST_0 spanning? : True
Is IST_1 spanning? : True
Is IST_2 spanning? : True
Is IST_3 spanning? : True
Is IST_4 spanning? : True
Is IST_5 spanning? : True
Are all ISTs independent? : True

====TEST CR(167, 14, 28)====
Is IST_0 spanning? : True
Is IST_1 spanning? : True
Is IST_2 spanning? : True
Is IST_3 spanning? : True
Is IST_4 spanning? : True
Is IST_5 spanning? : True
Are all ISTs independent? : True

====TEST CR(168, 14, 28)====
Is IST_0 spanning? : True
Is IST_1 spanning? : True
Is IST_2 spanning? : True
Is IST_3 spanning? : True
Is IST_4 spanning? : True
Is IST_5 spanning? : True
Are all ISTs independent? : True

====TEST CR(169, 14, 28)====
Is IST_0 spanning? : True
Is IST_1 spanning? : True
Is IST_2 spanning? : True
Is IST_3 spanning? : True
Is IST_4 spanning? : True
Is IST_5 spanning? : True
Are all ISTs independent? : True

====TEST CR(170, 14, 28)====
Is IST_0 spanning? : True
Is IST_1 spanning? : True
Is IST_2 spanning? : True
Is IST_3 spanning? : True
Is IST_4 spanning? : True
Is IST_5 spanning? : True
Are all ISTs independent? : True

====TEST CR(171, 14, 28)====
Is IST_0 spanning? : True
Is IST_1 spanning? : True
Is IST_2 spanning? : True
Is IST_3 spanning? : True
Is IST_4 spanning? : True
Is IST_5 spanning? : True
Are all ISTs independent? : True

====TEST CR(172, 14, 28)====
Is IST_0 spanning? : True
Is IST_1 spanning? : True
Is IST_2 spanning? : True
Is IST_3 spanning? : True
Is IST_4 spanning? : True
Is IST_5 spanning? : True
Are all ISTs independent? : True

====TEST CR(173, 14, 28)====
Is IST_0 spanning? : True
Is IST_1 spanning? : True
Is IST_2 spanning? : True
Is IST_3 spanning? : True
Is IST_4 spanning? : True
Is IST_5 spanning? : True
Are all ISTs independent? : True

====TEST CR(174, 14, 28)====
Is IST_0 spanning? : True
Is IST_1 spanning? : True
Is IST_2 spanning? : True
Is IST_3 spanning? : True
Is IST_4 spanning? : True
Is IST_5 spanning? : True
Are all ISTs independent? : True

====TEST CR(175, 14, 28)====
Is IST_0 spanning? : True
Is IST_1 spanning? : True
Is IST_2 spanning? : True
Is IST_3 spanning? : True
Is IST_4 spanning? : True
Is IST_5 spanning? : True
Are all ISTs independent? : True

====TEST CR(176, 14, 28)====
Is IST_0 spanning? : True
Is IST_1 spanning? : True
Is IST_2 spanning? : True
Is IST_3 spanning? : True
Is IST_4 spanning? : True
Is IST_5 spanning? : True
Are all ISTs independent? : True

====TEST CR(177, 14, 28)====
Is IST_0 spanning? : True
Is IST_1 spanning? : True
Is IST_2 spanning? : True
Is IST_3 spanning? : True
Is IST_4 spanning? : True
Is IST_5 spanning? : True
Are all ISTs independent? : True

====TEST CR(178, 14, 28)====
Is IST_0 spanning? : True
Is IST_1 spanning? : True
Is IST_2 spanning? : True
Is IST_3 spanning? : True
Is IST_4 spanning? : True
Is IST_5 spanning? : True
Are all ISTs independent? : True

====TEST CR(179, 14, 28)====
Is IST_0 spanning? : True
Is IST_1 spanning? : True
Is IST_2 spanning? : True
Is IST_3 spanning? : True
Is IST_4 spanning? : True
Is IST_5 spanning? : True
Are all ISTs independent? : True

====TEST CR(180, 14, 28)====
Is IST_0 spanning? : True
Is IST_1 spanning? : True
Is IST_2 spanning? : True
Is IST_3 spanning? : True
Is IST_4 spanning? : True
Is IST_5 spanning? : True
Are all ISTs independent? : True

====TEST CR(181, 14, 28)====
Is IST_0 spanning? : True
Is IST_1 spanning? : True
Is IST_2 spanning? : True
Is IST_3 spanning? : True
Is IST_4 spanning? : True
Is IST_5 spanning? : True
Are all ISTs independent? : True

====TEST CR(182, 14, 28)====
Is IST_0 spanning? : True
Is IST_1 spanning? : True
Is IST_2 spanning? : True
Is IST_3 spanning? : True
Is IST_4 spanning? : True
Is IST_5 spanning? : True
Are all ISTs independent? : True

====TEST CR(183, 14, 28)====
Is IST_0 spanning? : True
Is IST_1 spanning? : True
Is IST_2 spanning? : True
Is IST_3 spanning? : True
Is IST_4 spanning? : True
Is IST_5 spanning? : True
Are all ISTs independent? : True

====TEST CR(184, 14, 28)====
Is IST_0 spanning? : True
Is IST_1 spanning? : True
Is IST_2 spanning? : True
Is IST_3 spanning? : True
Is IST_4 spanning? : True
Is IST_5 spanning? : True
Are all ISTs independent? : True

====TEST CR(185, 14, 28)====
Is IST_0 spanning? : True
Is IST_1 spanning? : True
Is IST_2 spanning? : True
Is IST_3 spanning? : True
Is IST_4 spanning? : True
Is IST_5 spanning? : True
Are all ISTs independent? : True

====TEST CR(186, 14, 28)====
Is IST_0 spanning? : True
Is IST_1 spanning? : True
Is IST_2 spanning? : True
Is IST_3 spanning? : True
Is IST_4 spanning? : True
Is IST_5 spanning? : True
Are all ISTs independent? : True

====TEST CR(187, 14, 28)====
Is IST_0 spanning? : True
Is IST_1 spanning? : True
Is IST_2 spanning? : True
Is IST_3 spanning? : True
Is IST_4 spanning? : True
Is IST_5 spanning? : True
Are all ISTs independent? : True

====TEST CR(188, 14, 28)====
Is IST_0 spanning? : True
Is IST_1 spanning? : True
Is IST_2 spanning? : True
Is IST_3 spanning? : True
Is IST_4 spanning? : True
Is IST_5 spanning? : True
Are all ISTs independent? : True

====TEST CR(189, 14, 28)====
Is IST_0 spanning? : True
Is IST_1 spanning? : True
Is IST_2 spanning? : True
Is IST_3 spanning? : True
Is IST_4 spanning? : True
Is IST_5 spanning? : True
Are all ISTs independent? : True

====TEST CR(190, 14, 28)====
Is IST_0 spanning? : True
Is IST_1 spanning? : True
Is IST_2 spanning? : True
Is IST_3 spanning? : True
Is IST_4 spanning? : True
Is IST_5 spanning? : True
Are all ISTs independent? : True

====TEST CR(191, 14, 28)====
Is IST_0 spanning? : True
Is IST_1 spanning? : True
Is IST_2 spanning? : True
Is IST_3 spanning? : True
Is IST_4 spanning? : True
Is IST_5 spanning? : True
Are all ISTs independent? : True

====TEST CR(192, 14, 28)====
Is IST_0 spanning? : True
Is IST_1 spanning? : True
Is IST_2 spanning? : True
Is IST_3 spanning? : True
Is IST_4 spanning? : True
Is IST_5 spanning? : True
Are all ISTs independent? : True

====TEST CR(193, 14, 28)====
Is IST_0 spanning? : True
Is IST_1 spanning? : True
Is IST_2 spanning? : True
Is IST_3 spanning? : True
Is IST_4 spanning? : True
Is IST_5 spanning? : True
Are all ISTs independent? : True

====TEST CR(194, 14, 28)====
Is IST_0 spanning? : True
Is IST_1 spanning? : True
Is IST_2 spanning? : True
Is IST_3 spanning? : True
Is IST_4 spanning? : True
Is IST_5 spanning? : True
Are all ISTs independent? : True

====TEST CR(195, 14, 28)====
Is IST_0 spanning? : True
Is IST_1 spanning? : True
Is IST_2 spanning? : True
Is IST_3 spanning? : True
Is IST_4 spanning? : True
Is IST_5 spanning? : True
Are all ISTs independent? : True

====TEST CR(196, 14, 28)====
Is IST_0 spanning? : True
Is IST_1 spanning? : True
Is IST_2 spanning? : True
Is IST_3 spanning? : True
Is IST_4 spanning? : True
Is IST_5 spanning? : True
Are all ISTs independent? : True

====TEST CR(197, 14, 28)====
Is IST_0 spanning? : True
Is IST_1 spanning? : True
Is IST_2 spanning? : True
Is IST_3 spanning? : True
Is IST_4 spanning? : True
Is IST_5 spanning? : True
Are all ISTs independent? : True

====TEST CR(198, 14, 28)====
Is IST_0 spanning? : True
Is IST_1 spanning? : True
Is IST_2 spanning? : True
Is IST_3 spanning? : True
Is IST_4 spanning? : True
Is IST_5 spanning? : True
Are all ISTs independent? : True

====TEST CR(199, 14, 28)====
Is IST_0 spanning? : True
Is IST_1 spanning? : True
Is IST_2 spanning? : True
Is IST_3 spanning? : True
Is IST_4 spanning? : True
Is IST_5 spanning? : True
Are all ISTs independent? : True

====TEST CR(200, 14, 28)====
Is IST_0 spanning? : True
Is IST_1 spanning? : True
Is IST_2 spanning? : True
Is IST_3 spanning? : True
Is IST_4 spanning? : True
Is IST_5 spanning? : True
Are all ISTs independent? : True

====TEST CR(201, 14, 28)====
Is IST_0 spanning? : True
Is IST_1 spanning? : True
Is IST_2 spanning? : True
Is IST_3 spanning? : True
Is IST_4 spanning? : True
Is IST_5 spanning? : True
Are all ISTs independent? : True

====TEST CR(202, 14, 28)====
Is IST_0 spanning? : True
Is IST_1 spanning? : True
Is IST_2 spanning? : True
Is IST_3 spanning? : True
Is IST_4 spanning? : True
Is IST_5 spanning? : True
Are all ISTs independent? : True

====TEST CR(203, 14, 28)====
Is IST_0 spanning? : True
Is IST_1 spanning? : True
Is IST_2 spanning? : True
Is IST_3 spanning? : True
Is IST_4 spanning? : True
Is IST_5 spanning? : True
Are all ISTs independent? : True

====TEST CR(204, 14, 28)====
Is IST_0 spanning? : True
Is IST_1 spanning? : True
Is IST_2 spanning? : True
Is IST_3 spanning? : True
Is IST_4 spanning? : True
Is IST_5 spanning? : True
Are all ISTs independent? : True

====TEST CR(205, 14, 28)====
Is IST_0 spanning? : True
Is IST_1 spanning? : True
Is IST_2 spanning? : True
Is IST_3 spanning? : True
Is IST_4 spanning? : True
Is IST_5 spanning? : True
Are all ISTs independent? : True

====TEST CR(206, 14, 28)====
Is IST_0 spanning? : True
Is IST_1 spanning? : True
Is IST_2 spanning? : True
Is IST_3 spanning? : True
Is IST_4 spanning? : True
Is IST_5 spanning? : True
Are all ISTs independent? : True

====TEST CR(207, 14, 28)====
Is IST_0 spanning? : True
Is IST_1 spanning? : True
Is IST_2 spanning? : True
Is IST_3 spanning? : True
Is IST_4 spanning? : True
Is IST_5 spanning? : True
Are all ISTs independent? : True

====TEST CR(208, 14, 28)====
Is IST_0 spanning? : True
Is IST_1 spanning? : True
Is IST_2 spanning? : True
Is IST_3 spanning? : True
Is IST_4 spanning? : True
Is IST_5 spanning? : True
Are all ISTs independent? : True

====TEST CR(209, 14, 28)====
Is IST_0 spanning? : True
Is IST_1 spanning? : True
Is IST_2 spanning? : True
Is IST_3 spanning? : True
Is IST_4 spanning? : True
Is IST_5 spanning? : True
Are all ISTs independent? : True

====TEST CR(210, 14, 28)====
Is IST_0 spanning? : True
Is IST_1 spanning? : True
Is IST_2 spanning? : True
Is IST_3 spanning? : True
Is IST_4 spanning? : True
Is IST_5 spanning? : True
Are all ISTs independent? : True

====TEST CR(211, 14, 28)====
Is IST_0 spanning? : True
Is IST_1 spanning? : True
Is IST_2 spanning? : True
Is IST_3 spanning? : True
Is IST_4 spanning? : True
Is IST_5 spanning? : True
Are all ISTs independent? : True

====TEST CR(212, 14, 28)====
Is IST_0 spanning? : True
Is IST_1 spanning? : True
Is IST_2 spanning? : True
Is IST_3 spanning? : True
Is IST_4 spanning? : True
Is IST_5 spanning? : True
Are all ISTs independent? : True

====TEST CR(90, 15, 30)====
Is IST_0 spanning? : True
Is IST_1 spanning? : True
Is IST_2 spanning? : True
Is IST_3 spanning? : True
Is IST_4 spanning? : True
Is IST_5 spanning? : True
Are all ISTs independent? : True

====TEST CR(91, 15, 30)====
Is IST_0 spanning? : True
Is IST_1 spanning? : True
Is IST_2 spanning? : True
Is IST_3 spanning? : True
Is IST_4 spanning? : True
Is IST_5 spanning? : True
Are all ISTs independent? : True

====TEST CR(92, 15, 30)====
Is IST_0 spanning? : True
Is IST_1 spanning? : True
Is IST_2 spanning? : True
Is IST_3 spanning? : True
Is IST_4 spanning? : True
Is IST_5 spanning? : True
Are all ISTs independent? : True

====TEST CR(93, 15, 30)====
Is IST_0 spanning? : True
Is IST_1 spanning? : True
Is IST_2 spanning? : True
Is IST_3 spanning? : True
Is IST_4 spanning? : True
Is IST_5 spanning? : True
Are all ISTs independent? : True

====TEST CR(94, 15, 30)====
Is IST_0 spanning? : True
Is IST_1 spanning? : True
Is IST_2 spanning? : True
Is IST_3 spanning? : True
Is IST_4 spanning? : True
Is IST_5 spanning? : True
Are all ISTs independent? : True

====TEST CR(95, 15, 30)====
Is IST_0 spanning? : True
Is IST_1 spanning? : True
Is IST_2 spanning? : True
Is IST_3 spanning? : True
Is IST_4 spanning? : True
Is IST_5 spanning? : True
Are all ISTs independent? : True

====TEST CR(96, 15, 30)====
Is IST_0 spanning? : True
Is IST_1 spanning? : True
Is IST_2 spanning? : True
Is IST_3 spanning? : True
Is IST_4 spanning? : True
Is IST_5 spanning? : True
Are all ISTs independent? : True

====TEST CR(97, 15, 30)====
Is IST_0 spanning? : True
Is IST_1 spanning? : True
Is IST_2 spanning? : True
Is IST_3 spanning? : True
Is IST_4 spanning? : True
Is IST_5 spanning? : True
Are all ISTs independent? : True

====TEST CR(98, 15, 30)====
Is IST_0 spanning? : True
Is IST_1 spanning? : True
Is IST_2 spanning? : True
Is IST_3 spanning? : True
Is IST_4 spanning? : True
Is IST_5 spanning? : True
Are all ISTs independent? : True

====TEST CR(99, 15, 30)====
Is IST_0 spanning? : True
Is IST_1 spanning? : True
Is IST_2 spanning? : True
Is IST_3 spanning? : True
Is IST_4 spanning? : True
Is IST_5 spanning? : True
Are all ISTs independent? : True

====TEST CR(100, 15, 30)====
Is IST_0 spanning? : True
Is IST_1 spanning? : True
Is IST_2 spanning? : True
Is IST_3 spanning? : True
Is IST_4 spanning? : True
Is IST_5 spanning? : True
Are all ISTs independent? : True

====TEST CR(101, 15, 30)====
Is IST_0 spanning? : True
Is IST_1 spanning? : True
Is IST_2 spanning? : True
Is IST_3 spanning? : True
Is IST_4 spanning? : True
Is IST_5 spanning? : True
Are all ISTs independent? : True

====TEST CR(102, 15, 30)====
Is IST_0 spanning? : True
Is IST_1 spanning? : True
Is IST_2 spanning? : True
Is IST_3 spanning? : True
Is IST_4 spanning? : True
Is IST_5 spanning? : True
Are all ISTs independent? : True

====TEST CR(103, 15, 30)====
Is IST_0 spanning? : True
Is IST_1 spanning? : True
Is IST_2 spanning? : True
Is IST_3 spanning? : True
Is IST_4 spanning? : True
Is IST_5 spanning? : True
Are all ISTs independent? : True

====TEST CR(104, 15, 30)====
Is IST_0 spanning? : True
Is IST_1 spanning? : True
Is IST_2 spanning? : True
Is IST_3 spanning? : True
Is IST_4 spanning? : True
Is IST_5 spanning? : True
Are all ISTs independent? : True

====TEST CR(105, 15, 30)====
Is IST_0 spanning? : True
Is IST_1 spanning? : True
Is IST_2 spanning? : True
Is IST_3 spanning? : True
Is IST_4 spanning? : True
Is IST_5 spanning? : True
Are all ISTs independent? : True

====TEST CR(106, 15, 30)====
Is IST_0 spanning? : True
Is IST_1 spanning? : True
Is IST_2 spanning? : True
Is IST_3 spanning? : True
Is IST_4 spanning? : True
Is IST_5 spanning? : True
Are all ISTs independent? : True

====TEST CR(107, 15, 30)====
Is IST_0 spanning? : True
Is IST_1 spanning? : True
Is IST_2 spanning? : True
Is IST_3 spanning? : True
Is IST_4 spanning? : True
Is IST_5 spanning? : True
Are all ISTs independent? : True

====TEST CR(108, 15, 30)====
Is IST_0 spanning? : True
Is IST_1 spanning? : True
Is IST_2 spanning? : True
Is IST_3 spanning? : True
Is IST_4 spanning? : True
Is IST_5 spanning? : True
Are all ISTs independent? : True

====TEST CR(109, 15, 30)====
Is IST_0 spanning? : True
Is IST_1 spanning? : True
Is IST_2 spanning? : True
Is IST_3 spanning? : True
Is IST_4 spanning? : True
Is IST_5 spanning? : True
Are all ISTs independent? : True

====TEST CR(110, 15, 30)====
Is IST_0 spanning? : True
Is IST_1 spanning? : True
Is IST_2 spanning? : True
Is IST_3 spanning? : True
Is IST_4 spanning? : True
Is IST_5 spanning? : True
Are all ISTs independent? : True

====TEST CR(111, 15, 30)====
Is IST_0 spanning? : True
Is IST_1 spanning? : True
Is IST_2 spanning? : True
Is IST_3 spanning? : True
Is IST_4 spanning? : True
Is IST_5 spanning? : True
Are all ISTs independent? : True

====TEST CR(112, 15, 30)====
Is IST_0 spanning? : True
Is IST_1 spanning? : True
Is IST_2 spanning? : True
Is IST_3 spanning? : True
Is IST_4 spanning? : True
Is IST_5 spanning? : True
Are all ISTs independent? : True

====TEST CR(113, 15, 30)====
Is IST_0 spanning? : True
Is IST_1 spanning? : True
Is IST_2 spanning? : True
Is IST_3 spanning? : True
Is IST_4 spanning? : True
Is IST_5 spanning? : True
Are all ISTs independent? : True

====TEST CR(114, 15, 30)====
Is IST_0 spanning? : True
Is IST_1 spanning? : True
Is IST_2 spanning? : True
Is IST_3 spanning? : True
Is IST_4 spanning? : True
Is IST_5 spanning? : True
Are all ISTs independent? : True

====TEST CR(115, 15, 30)====
Is IST_0 spanning? : True
Is IST_1 spanning? : True
Is IST_2 spanning? : True
Is IST_3 spanning? : True
Is IST_4 spanning? : True
Is IST_5 spanning? : True
Are all ISTs independent? : True

====TEST CR(116, 15, 30)====
Is IST_0 spanning? : True
Is IST_1 spanning? : True
Is IST_2 spanning? : True
Is IST_3 spanning? : True
Is IST_4 spanning? : True
Is IST_5 spanning? : True
Are all ISTs independent? : True

====TEST CR(117, 15, 30)====
Is IST_0 spanning? : True
Is IST_1 spanning? : True
Is IST_2 spanning? : True
Is IST_3 spanning? : True
Is IST_4 spanning? : True
Is IST_5 spanning? : True
Are all ISTs independent? : True

====TEST CR(118, 15, 30)====
Is IST_0 spanning? : True
Is IST_1 spanning? : True
Is IST_2 spanning? : True
Is IST_3 spanning? : True
Is IST_4 spanning? : True
Is IST_5 spanning? : True
Are all ISTs independent? : True

====TEST CR(119, 15, 30)====
Is IST_0 spanning? : True
Is IST_1 spanning? : True
Is IST_2 spanning? : True
Is IST_3 spanning? : True
Is IST_4 spanning? : True
Is IST_5 spanning? : True
Are all ISTs independent? : True

====TEST CR(120, 15, 30)====
Is IST_0 spanning? : True
Is IST_1 spanning? : True
Is IST_2 spanning? : True
Is IST_3 spanning? : True
Is IST_4 spanning? : True
Is IST_5 spanning? : True
Are all ISTs independent? : True

====TEST CR(121, 15, 30)====
Is IST_0 spanning? : True
Is IST_1 spanning? : True
Is IST_2 spanning? : True
Is IST_3 spanning? : True
Is IST_4 spanning? : True
Is IST_5 spanning? : True
Are all ISTs independent? : True

====TEST CR(122, 15, 30)====
Is IST_0 spanning? : True
Is IST_1 spanning? : True
Is IST_2 spanning? : True
Is IST_3 spanning? : True
Is IST_4 spanning? : True
Is IST_5 spanning? : True
Are all ISTs independent? : True

====TEST CR(123, 15, 30)====
Is IST_0 spanning? : True
Is IST_1 spanning? : True
Is IST_2 spanning? : True
Is IST_3 spanning? : True
Is IST_4 spanning? : True
Is IST_5 spanning? : True
Are all ISTs independent? : True

====TEST CR(124, 15, 30)====
Is IST_0 spanning? : True
Is IST_1 spanning? : True
Is IST_2 spanning? : True
Is IST_3 spanning? : True
Is IST_4 spanning? : True
Is IST_5 spanning? : True
Are all ISTs independent? : True

====TEST CR(125, 15, 30)====
Is IST_0 spanning? : True
Is IST_1 spanning? : True
Is IST_2 spanning? : True
Is IST_3 spanning? : True
Is IST_4 spanning? : True
Is IST_5 spanning? : True
Are all ISTs independent? : True

====TEST CR(126, 15, 30)====
Is IST_0 spanning? : True
Is IST_1 spanning? : True
Is IST_2 spanning? : True
Is IST_3 spanning? : True
Is IST_4 spanning? : True
Is IST_5 spanning? : True
Are all ISTs independent? : True

====TEST CR(127, 15, 30)====
Is IST_0 spanning? : True
Is IST_1 spanning? : True
Is IST_2 spanning? : True
Is IST_3 spanning? : True
Is IST_4 spanning? : True
Is IST_5 spanning? : True
Are all ISTs independent? : True

====TEST CR(128, 15, 30)====
Is IST_0 spanning? : True
Is IST_1 spanning? : True
Is IST_2 spanning? : True
Is IST_3 spanning? : True
Is IST_4 spanning? : True
Is IST_5 spanning? : True
Are all ISTs independent? : True

====TEST CR(129, 15, 30)====
Is IST_0 spanning? : True
Is IST_1 spanning? : True
Is IST_2 spanning? : True
Is IST_3 spanning? : True
Is IST_4 spanning? : True
Is IST_5 spanning? : True
Are all ISTs independent? : True

====TEST CR(130, 15, 30)====
Is IST_0 spanning? : True
Is IST_1 spanning? : True
Is IST_2 spanning? : True
Is IST_3 spanning? : True
Is IST_4 spanning? : True
Is IST_5 spanning? : True
Are all ISTs independent? : True

====TEST CR(131, 15, 30)====
Is IST_0 spanning? : True
Is IST_1 spanning? : True
Is IST_2 spanning? : True
Is IST_3 spanning? : True
Is IST_4 spanning? : True
Is IST_5 spanning? : True
Are all ISTs independent? : True

====TEST CR(132, 15, 30)====
Is IST_0 spanning? : True
Is IST_1 spanning? : True
Is IST_2 spanning? : True
Is IST_3 spanning? : True
Is IST_4 spanning? : True
Is IST_5 spanning? : True
Are all ISTs independent? : True

====TEST CR(133, 15, 30)====
Is IST_0 spanning? : True
Is IST_1 spanning? : True
Is IST_2 spanning? : True
Is IST_3 spanning? : True
Is IST_4 spanning? : True
Is IST_5 spanning? : True
Are all ISTs independent? : True

====TEST CR(134, 15, 30)====
Is IST_0 spanning? : True
Is IST_1 spanning? : True
Is IST_2 spanning? : True
Is IST_3 spanning? : True
Is IST_4 spanning? : True
Is IST_5 spanning? : True
Are all ISTs independent? : True

====TEST CR(135, 15, 30)====
Is IST_0 spanning? : True
Is IST_1 spanning? : True
Is IST_2 spanning? : True
Is IST_3 spanning? : True
Is IST_4 spanning? : True
Is IST_5 spanning? : True
Are all ISTs independent? : True

====TEST CR(136, 15, 30)====
Is IST_0 spanning? : True
Is IST_1 spanning? : True
Is IST_2 spanning? : True
Is IST_3 spanning? : True
Is IST_4 spanning? : True
Is IST_5 spanning? : True
Are all ISTs independent? : True

====TEST CR(137, 15, 30)====
Is IST_0 spanning? : True
Is IST_1 spanning? : True
Is IST_2 spanning? : True
Is IST_3 spanning? : True
Is IST_4 spanning? : True
Is IST_5 spanning? : True
Are all ISTs independent? : True

====TEST CR(138, 15, 30)====
Is IST_0 spanning? : True
Is IST_1 spanning? : True
Is IST_2 spanning? : True
Is IST_3 spanning? : True
Is IST_4 spanning? : True
Is IST_5 spanning? : True
Are all ISTs independent? : True

====TEST CR(139, 15, 30)====
Is IST_0 spanning? : True
Is IST_1 spanning? : True
Is IST_2 spanning? : True
Is IST_3 spanning? : True
Is IST_4 spanning? : True
Is IST_5 spanning? : True
Are all ISTs independent? : True

====TEST CR(140, 15, 30)====
Is IST_0 spanning? : True
Is IST_1 spanning? : True
Is IST_2 spanning? : True
Is IST_3 spanning? : True
Is IST_4 spanning? : True
Is IST_5 spanning? : True
Are all ISTs independent? : True

====TEST CR(141, 15, 30)====
Is IST_0 spanning? : True
Is IST_1 spanning? : True
Is IST_2 spanning? : True
Is IST_3 spanning? : True
Is IST_4 spanning? : True
Is IST_5 spanning? : True
Are all ISTs independent? : True

====TEST CR(142, 15, 30)====
Is IST_0 spanning? : True
Is IST_1 spanning? : True
Is IST_2 spanning? : True
Is IST_3 spanning? : True
Is IST_4 spanning? : True
Is IST_5 spanning? : True
Are all ISTs independent? : True

====TEST CR(143, 15, 30)====
Is IST_0 spanning? : True
Is IST_1 spanning? : True
Is IST_2 spanning? : True
Is IST_3 spanning? : True
Is IST_4 spanning? : True
Is IST_5 spanning? : True
Are all ISTs independent? : True

====TEST CR(144, 15, 30)====
Is IST_0 spanning? : True
Is IST_1 spanning? : True
Is IST_2 spanning? : True
Is IST_3 spanning? : True
Is IST_4 spanning? : True
Is IST_5 spanning? : True
Are all ISTs independent? : True

====TEST CR(145, 15, 30)====
Is IST_0 spanning? : True
Is IST_1 spanning? : True
Is IST_2 spanning? : True
Is IST_3 spanning? : True
Is IST_4 spanning? : True
Is IST_5 spanning? : True
Are all ISTs independent? : True

====TEST CR(146, 15, 30)====
Is IST_0 spanning? : True
Is IST_1 spanning? : True
Is IST_2 spanning? : True
Is IST_3 spanning? : True
Is IST_4 spanning? : True
Is IST_5 spanning? : True
Are all ISTs independent? : True

====TEST CR(147, 15, 30)====
Is IST_0 spanning? : True
Is IST_1 spanning? : True
Is IST_2 spanning? : True
Is IST_3 spanning? : True
Is IST_4 spanning? : True
Is IST_5 spanning? : True
Are all ISTs independent? : True

====TEST CR(148, 15, 30)====
Is IST_0 spanning? : True
Is IST_1 spanning? : True
Is IST_2 spanning? : True
Is IST_3 spanning? : True
Is IST_4 spanning? : True
Is IST_5 spanning? : True
Are all ISTs independent? : True

====TEST CR(149, 15, 30)====
Is IST_0 spanning? : True
Is IST_1 spanning? : True
Is IST_2 spanning? : True
Is IST_3 spanning? : True
Is IST_4 spanning? : True
Is IST_5 spanning? : True
Are all ISTs independent? : True

====TEST CR(150, 15, 30)====
Is IST_0 spanning? : True
Is IST_1 spanning? : True
Is IST_2 spanning? : True
Is IST_3 spanning? : True
Is IST_4 spanning? : True
Is IST_5 spanning? : True
Are all ISTs independent? : True

====TEST CR(151, 15, 30)====
Is IST_0 spanning? : True
Is IST_1 spanning? : True
Is IST_2 spanning? : True
Is IST_3 spanning? : True
Is IST_4 spanning? : True
Is IST_5 spanning? : True
Are all ISTs independent? : True

====TEST CR(152, 15, 30)====
Is IST_0 spanning? : True
Is IST_1 spanning? : True
Is IST_2 spanning? : True
Is IST_3 spanning? : True
Is IST_4 spanning? : True
Is IST_5 spanning? : True
Are all ISTs independent? : True

====TEST CR(153, 15, 30)====
Is IST_0 spanning? : True
Is IST_1 spanning? : True
Is IST_2 spanning? : True
Is IST_3 spanning? : True
Is IST_4 spanning? : True
Is IST_5 spanning? : True
Are all ISTs independent? : True

====TEST CR(154, 15, 30)====
Is IST_0 spanning? : True
Is IST_1 spanning? : True
Is IST_2 spanning? : True
Is IST_3 spanning? : True
Is IST_4 spanning? : True
Is IST_5 spanning? : True
Are all ISTs independent? : True

====TEST CR(155, 15, 30)====
Is IST_0 spanning? : True
Is IST_1 spanning? : True
Is IST_2 spanning? : True
Is IST_3 spanning? : True
Is IST_4 spanning? : True
Is IST_5 spanning? : True
Are all ISTs independent? : True

====TEST CR(156, 15, 30)====
Is IST_0 spanning? : True
Is IST_1 spanning? : True
Is IST_2 spanning? : True
Is IST_3 spanning? : True
Is IST_4 spanning? : True
Is IST_5 spanning? : True
Are all ISTs independent? : True

====TEST CR(157, 15, 30)====
Is IST_0 spanning? : True
Is IST_1 spanning? : True
Is IST_2 spanning? : True
Is IST_3 spanning? : True
Is IST_4 spanning? : True
Is IST_5 spanning? : True
Are all ISTs independent? : True

====TEST CR(158, 15, 30)====
Is IST_0 spanning? : True
Is IST_1 spanning? : True
Is IST_2 spanning? : True
Is IST_3 spanning? : True
Is IST_4 spanning? : True
Is IST_5 spanning? : True
Are all ISTs independent? : True

====TEST CR(159, 15, 30)====
Is IST_0 spanning? : True
Is IST_1 spanning? : True
Is IST_2 spanning? : True
Is IST_3 spanning? : True
Is IST_4 spanning? : True
Is IST_5 spanning? : True
Are all ISTs independent? : True

====TEST CR(160, 15, 30)====
Is IST_0 spanning? : True
Is IST_1 spanning? : True
Is IST_2 spanning? : True
Is IST_3 spanning? : True
Is IST_4 spanning? : True
Is IST_5 spanning? : True
Are all ISTs independent? : True

====TEST CR(161, 15, 30)====
Is IST_0 spanning? : True
Is IST_1 spanning? : True
Is IST_2 spanning? : True
Is IST_3 spanning? : True
Is IST_4 spanning? : True
Is IST_5 spanning? : True
Are all ISTs independent? : True

====TEST CR(162, 15, 30)====
Is IST_0 spanning? : True
Is IST_1 spanning? : True
Is IST_2 spanning? : True
Is IST_3 spanning? : True
Is IST_4 spanning? : True
Is IST_5 spanning? : True
Are all ISTs independent? : True

====TEST CR(163, 15, 30)====
Is IST_0 spanning? : True
Is IST_1 spanning? : True
Is IST_2 spanning? : True
Is IST_3 spanning? : True
Is IST_4 spanning? : True
Is IST_5 spanning? : True
Are all ISTs independent? : True

====TEST CR(164, 15, 30)====
Is IST_0 spanning? : True
Is IST_1 spanning? : True
Is IST_2 spanning? : True
Is IST_3 spanning? : True
Is IST_4 spanning? : True
Is IST_5 spanning? : True
Are all ISTs independent? : True

====TEST CR(165, 15, 30)====
Is IST_0 spanning? : True
Is IST_1 spanning? : True
Is IST_2 spanning? : True
Is IST_3 spanning? : True
Is IST_4 spanning? : True
Is IST_5 spanning? : True
Are all ISTs independent? : True

====TEST CR(166, 15, 30)====
Is IST_0 spanning? : True
Is IST_1 spanning? : True
Is IST_2 spanning? : True
Is IST_3 spanning? : True
Is IST_4 spanning? : True
Is IST_5 spanning? : True
Are all ISTs independent? : True

====TEST CR(167, 15, 30)====
Is IST_0 spanning? : True
Is IST_1 spanning? : True
Is IST_2 spanning? : True
Is IST_3 spanning? : True
Is IST_4 spanning? : True
Is IST_5 spanning? : True
Are all ISTs independent? : True

====TEST CR(168, 15, 30)====
Is IST_0 spanning? : True
Is IST_1 spanning? : True
Is IST_2 spanning? : True
Is IST_3 spanning? : True
Is IST_4 spanning? : True
Is IST_5 spanning? : True
Are all ISTs independent? : True

====TEST CR(169, 15, 30)====
Is IST_0 spanning? : True
Is IST_1 spanning? : True
Is IST_2 spanning? : True
Is IST_3 spanning? : True
Is IST_4 spanning? : True
Is IST_5 spanning? : True
Are all ISTs independent? : True

====TEST CR(170, 15, 30)====
Is IST_0 spanning? : True
Is IST_1 spanning? : True
Is IST_2 spanning? : True
Is IST_3 spanning? : True
Is IST_4 spanning? : True
Is IST_5 spanning? : True
Are all ISTs independent? : True

====TEST CR(171, 15, 30)====
Is IST_0 spanning? : True
Is IST_1 spanning? : True
Is IST_2 spanning? : True
Is IST_3 spanning? : True
Is IST_4 spanning? : True
Is IST_5 spanning? : True
Are all ISTs independent? : True

====TEST CR(172, 15, 30)====
Is IST_0 spanning? : True
Is IST_1 spanning? : True
Is IST_2 spanning? : True
Is IST_3 spanning? : True
Is IST_4 spanning? : True
Is IST_5 spanning? : True
Are all ISTs independent? : True

====TEST CR(173, 15, 30)====
Is IST_0 spanning? : True
Is IST_1 spanning? : True
Is IST_2 spanning? : True
Is IST_3 spanning? : True
Is IST_4 spanning? : True
Is IST_5 spanning? : True
Are all ISTs independent? : True

====TEST CR(174, 15, 30)====
Is IST_0 spanning? : True
Is IST_1 spanning? : True
Is IST_2 spanning? : True
Is IST_3 spanning? : True
Is IST_4 spanning? : True
Is IST_5 spanning? : True
Are all ISTs independent? : True

====TEST CR(175, 15, 30)====
Is IST_0 spanning? : True
Is IST_1 spanning? : True
Is IST_2 spanning? : True
Is IST_3 spanning? : True
Is IST_4 spanning? : True
Is IST_5 spanning? : True
Are all ISTs independent? : True

====TEST CR(176, 15, 30)====
Is IST_0 spanning? : True
Is IST_1 spanning? : True
Is IST_2 spanning? : True
Is IST_3 spanning? : True
Is IST_4 spanning? : True
Is IST_5 spanning? : True
Are all ISTs independent? : True

====TEST CR(177, 15, 30)====
Is IST_0 spanning? : True
Is IST_1 spanning? : True
Is IST_2 spanning? : True
Is IST_3 spanning? : True
Is IST_4 spanning? : True
Is IST_5 spanning? : True
Are all ISTs independent? : True

====TEST CR(178, 15, 30)====
Is IST_0 spanning? : True
Is IST_1 spanning? : True
Is IST_2 spanning? : True
Is IST_3 spanning? : True
Is IST_4 spanning? : True
Is IST_5 spanning? : True
Are all ISTs independent? : True

====TEST CR(179, 15, 30)====
Is IST_0 spanning? : True
Is IST_1 spanning? : True
Is IST_2 spanning? : True
Is IST_3 spanning? : True
Is IST_4 spanning? : True
Is IST_5 spanning? : True
Are all ISTs independent? : True

====TEST CR(180, 15, 30)====
Is IST_0 spanning? : True
Is IST_1 spanning? : True
Is IST_2 spanning? : True
Is IST_3 spanning? : True
Is IST_4 spanning? : True
Is IST_5 spanning? : True
Are all ISTs independent? : True

====TEST CR(181, 15, 30)====
Is IST_0 spanning? : True
Is IST_1 spanning? : True
Is IST_2 spanning? : True
Is IST_3 spanning? : True
Is IST_4 spanning? : True
Is IST_5 spanning? : True
Are all ISTs independent? : True

====TEST CR(182, 15, 30)====
Is IST_0 spanning? : True
Is IST_1 spanning? : True
Is IST_2 spanning? : True
Is IST_3 spanning? : True
Is IST_4 spanning? : True
Is IST_5 spanning? : True
Are all ISTs independent? : True

====TEST CR(183, 15, 30)====
Is IST_0 spanning? : True
Is IST_1 spanning? : True
Is IST_2 spanning? : True
Is IST_3 spanning? : True
Is IST_4 spanning? : True
Is IST_5 spanning? : True
Are all ISTs independent? : True

====TEST CR(184, 15, 30)====
Is IST_0 spanning? : True
Is IST_1 spanning? : True
Is IST_2 spanning? : True
Is IST_3 spanning? : True
Is IST_4 spanning? : True
Is IST_5 spanning? : True
Are all ISTs independent? : True

====TEST CR(185, 15, 30)====
Is IST_0 spanning? : True
Is IST_1 spanning? : True
Is IST_2 spanning? : True
Is IST_3 spanning? : True
Is IST_4 spanning? : True
Is IST_5 spanning? : True
Are all ISTs independent? : True

====TEST CR(186, 15, 30)====
Is IST_0 spanning? : True
Is IST_1 spanning? : True
Is IST_2 spanning? : True
Is IST_3 spanning? : True
Is IST_4 spanning? : True
Is IST_5 spanning? : True
Are all ISTs independent? : True

====TEST CR(187, 15, 30)====
Is IST_0 spanning? : True
Is IST_1 spanning? : True
Is IST_2 spanning? : True
Is IST_3 spanning? : True
Is IST_4 spanning? : True
Is IST_5 spanning? : True
Are all ISTs independent? : True

====TEST CR(188, 15, 30)====
Is IST_0 spanning? : True
Is IST_1 spanning? : True
Is IST_2 spanning? : True
Is IST_3 spanning? : True
Is IST_4 spanning? : True
Is IST_5 spanning? : True
Are all ISTs independent? : True

====TEST CR(189, 15, 30)====
Is IST_0 spanning? : True
Is IST_1 spanning? : True
Is IST_2 spanning? : True
Is IST_3 spanning? : True
Is IST_4 spanning? : True
Is IST_5 spanning? : True
Are all ISTs independent? : True

====TEST CR(190, 15, 30)====
Is IST_0 spanning? : True
Is IST_1 spanning? : True
Is IST_2 spanning? : True
Is IST_3 spanning? : True
Is IST_4 spanning? : True
Is IST_5 spanning? : True
Are all ISTs independent? : True

====TEST CR(191, 15, 30)====
Is IST_0 spanning? : True
Is IST_1 spanning? : True
Is IST_2 spanning? : True
Is IST_3 spanning? : True
Is IST_4 spanning? : True
Is IST_5 spanning? : True
Are all ISTs independent? : True

====TEST CR(192, 15, 30)====
Is IST_0 spanning? : True
Is IST_1 spanning? : True
Is IST_2 spanning? : True
Is IST_3 spanning? : True
Is IST_4 spanning? : True
Is IST_5 spanning? : True
Are all ISTs independent? : True

====TEST CR(193, 15, 30)====
Is IST_0 spanning? : True
Is IST_1 spanning? : True
Is IST_2 spanning? : True
Is IST_3 spanning? : True
Is IST_4 spanning? : True
Is IST_5 spanning? : True
Are all ISTs independent? : True

====TEST CR(194, 15, 30)====
Is IST_0 spanning? : True
Is IST_1 spanning? : True
Is IST_2 spanning? : True
Is IST_3 spanning? : True
Is IST_4 spanning? : True
Is IST_5 spanning? : True
Are all ISTs independent? : True

====TEST CR(195, 15, 30)====
Is IST_0 spanning? : True
Is IST_1 spanning? : True
Is IST_2 spanning? : True
Is IST_3 spanning? : True
Is IST_4 spanning? : True
Is IST_5 spanning? : True
Are all ISTs independent? : True

====TEST CR(196, 15, 30)====
Is IST_0 spanning? : True
Is IST_1 spanning? : True
Is IST_2 spanning? : True
Is IST_3 spanning? : True
Is IST_4 spanning? : True
Is IST_5 spanning? : True
Are all ISTs independent? : True

====TEST CR(197, 15, 30)====
Is IST_0 spanning? : True
Is IST_1 spanning? : True
Is IST_2 spanning? : True
Is IST_3 spanning? : True
Is IST_4 spanning? : True
Is IST_5 spanning? : True
Are all ISTs independent? : True

====TEST CR(198, 15, 30)====
Is IST_0 spanning? : True
Is IST_1 spanning? : True
Is IST_2 spanning? : True
Is IST_3 spanning? : True
Is IST_4 spanning? : True
Is IST_5 spanning? : True
Are all ISTs independent? : True

====TEST CR(199, 15, 30)====
Is IST_0 spanning? : True
Is IST_1 spanning? : True
Is IST_2 spanning? : True
Is IST_3 spanning? : True
Is IST_4 spanning? : True
Is IST_5 spanning? : True
Are all ISTs independent? : True

====TEST CR(200, 15, 30)====
Is IST_0 spanning? : True
Is IST_1 spanning? : True
Is IST_2 spanning? : True
Is IST_3 spanning? : True
Is IST_4 spanning? : True
Is IST_5 spanning? : True
Are all ISTs independent? : True

====TEST CR(201, 15, 30)====
Is IST_0 spanning? : True
Is IST_1 spanning? : True
Is IST_2 spanning? : True
Is IST_3 spanning? : True
Is IST_4 spanning? : True
Is IST_5 spanning? : True
Are all ISTs independent? : True

====TEST CR(202, 15, 30)====
Is IST_0 spanning? : True
Is IST_1 spanning? : True
Is IST_2 spanning? : True
Is IST_3 spanning? : True
Is IST_4 spanning? : True
Is IST_5 spanning? : True
Are all ISTs independent? : True

====TEST CR(203, 15, 30)====
Is IST_0 spanning? : True
Is IST_1 spanning? : True
Is IST_2 spanning? : True
Is IST_3 spanning? : True
Is IST_4 spanning? : True
Is IST_5 spanning? : True
Are all ISTs independent? : True

====TEST CR(204, 15, 30)====
Is IST_0 spanning? : True
Is IST_1 spanning? : True
Is IST_2 spanning? : True
Is IST_3 spanning? : True
Is IST_4 spanning? : True
Is IST_5 spanning? : True
Are all ISTs independent? : True

====TEST CR(205, 15, 30)====
Is IST_0 spanning? : True
Is IST_1 spanning? : True
Is IST_2 spanning? : True
Is IST_3 spanning? : True
Is IST_4 spanning? : True
Is IST_5 spanning? : True
Are all ISTs independent? : True

====TEST CR(206, 15, 30)====
Is IST_0 spanning? : True
Is IST_1 spanning? : True
Is IST_2 spanning? : True
Is IST_3 spanning? : True
Is IST_4 spanning? : True
Is IST_5 spanning? : True
Are all ISTs independent? : True

====TEST CR(207, 15, 30)====
Is IST_0 spanning? : True
Is IST_1 spanning? : True
Is IST_2 spanning? : True
Is IST_3 spanning? : True
Is IST_4 spanning? : True
Is IST_5 spanning? : True
Are all ISTs independent? : True

====TEST CR(208, 15, 30)====
Is IST_0 spanning? : True
Is IST_1 spanning? : True
Is IST_2 spanning? : True
Is IST_3 spanning? : True
Is IST_4 spanning? : True
Is IST_5 spanning? : True
Are all ISTs independent? : True

====TEST CR(209, 15, 30)====
Is IST_0 spanning? : True
Is IST_1 spanning? : True
Is IST_2 spanning? : True
Is IST_3 spanning? : True
Is IST_4 spanning? : True
Is IST_5 spanning? : True
Are all ISTs independent? : True

====TEST CR(210, 15, 30)====
Is IST_0 spanning? : True
Is IST_1 spanning? : True
Is IST_2 spanning? : True
Is IST_3 spanning? : True
Is IST_4 spanning? : True
Is IST_5 spanning? : True
Are all ISTs independent? : True

====TEST CR(211, 15, 30)====
Is IST_0 spanning? : True
Is IST_1 spanning? : True
Is IST_2 spanning? : True
Is IST_3 spanning? : True
Is IST_4 spanning? : True
Is IST_5 spanning? : True
Are all ISTs independent? : True

====TEST CR(212, 15, 30)====
Is IST_0 spanning? : True
Is IST_1 spanning? : True
Is IST_2 spanning? : True
Is IST_3 spanning? : True
Is IST_4 spanning? : True
Is IST_5 spanning? : True
Are all ISTs independent? : True

====TEST CR(213, 15, 30)====
Is IST_0 spanning? : True
Is IST_1 spanning? : True
Is IST_2 spanning? : True
Is IST_3 spanning? : True
Is IST_4 spanning? : True
Is IST_5 spanning? : True
Are all ISTs independent? : True

====TEST CR(214, 15, 30)====
Is IST_0 spanning? : True
Is IST_1 spanning? : True
Is IST_2 spanning? : True
Is IST_3 spanning? : True
Is IST_4 spanning? : True
Is IST_5 spanning? : True
Are all ISTs independent? : True

====TEST CR(215, 15, 30)====
Is IST_0 spanning? : True
Is IST_1 spanning? : True
Is IST_2 spanning? : True
Is IST_3 spanning? : True
Is IST_4 spanning? : True
Is IST_5 spanning? : True
Are all ISTs independent? : True

====TEST CR(216, 15, 30)====
Is IST_0 spanning? : True
Is IST_1 spanning? : True
Is IST_2 spanning? : True
Is IST_3 spanning? : True
Is IST_4 spanning? : True
Is IST_5 spanning? : True
Are all ISTs independent? : True

====TEST CR(217, 15, 30)====
Is IST_0 spanning? : True
Is IST_1 spanning? : True
Is IST_2 spanning? : True
Is IST_3 spanning? : True
Is IST_4 spanning? : True
Is IST_5 spanning? : True
Are all ISTs independent? : True

====TEST CR(218, 15, 30)====
Is IST_0 spanning? : True
Is IST_1 spanning? : True
Is IST_2 spanning? : True
Is IST_3 spanning? : True
Is IST_4 spanning? : True
Is IST_5 spanning? : True
Are all ISTs independent? : True

====TEST CR(96, 16, 32)====
Is IST_0 spanning? : True
Is IST_1 spanning? : True
Is IST_2 spanning? : True
Is IST_3 spanning? : True
Is IST_4 spanning? : True
Is IST_5 spanning? : True
Are all ISTs independent? : True

====TEST CR(97, 16, 32)====
Is IST_0 spanning? : True
Is IST_1 spanning? : True
Is IST_2 spanning? : True
Is IST_3 spanning? : True
Is IST_4 spanning? : True
Is IST_5 spanning? : True
Are all ISTs independent? : True

====TEST CR(98, 16, 32)====
Is IST_0 spanning? : True
Is IST_1 spanning? : True
Is IST_2 spanning? : True
Is IST_3 spanning? : True
Is IST_4 spanning? : True
Is IST_5 spanning? : True
Are all ISTs independent? : True

====TEST CR(99, 16, 32)====
Is IST_0 spanning? : True
Is IST_1 spanning? : True
Is IST_2 spanning? : True
Is IST_3 spanning? : True
Is IST_4 spanning? : True
Is IST_5 spanning? : True
Are all ISTs independent? : True

====TEST CR(100, 16, 32)====
Is IST_0 spanning? : True
Is IST_1 spanning? : True
Is IST_2 spanning? : True
Is IST_3 spanning? : True
Is IST_4 spanning? : True
Is IST_5 spanning? : True
Are all ISTs independent? : True

====TEST CR(101, 16, 32)====
Is IST_0 spanning? : True
Is IST_1 spanning? : True
Is IST_2 spanning? : True
Is IST_3 spanning? : True
Is IST_4 spanning? : True
Is IST_5 spanning? : True
Are all ISTs independent? : True

====TEST CR(102, 16, 32)====
Is IST_0 spanning? : True
Is IST_1 spanning? : True
Is IST_2 spanning? : True
Is IST_3 spanning? : True
Is IST_4 spanning? : True
Is IST_5 spanning? : True
Are all ISTs independent? : True

====TEST CR(103, 16, 32)====
Is IST_0 spanning? : True
Is IST_1 spanning? : True
Is IST_2 spanning? : True
Is IST_3 spanning? : True
Is IST_4 spanning? : True
Is IST_5 spanning? : True
Are all ISTs independent? : True

====TEST CR(104, 16, 32)====
Is IST_0 spanning? : True
Is IST_1 spanning? : True
Is IST_2 spanning? : True
Is IST_3 spanning? : True
Is IST_4 spanning? : True
Is IST_5 spanning? : True
Are all ISTs independent? : True

====TEST CR(105, 16, 32)====
Is IST_0 spanning? : True
Is IST_1 spanning? : True
Is IST_2 spanning? : True
Is IST_3 spanning? : True
Is IST_4 spanning? : True
Is IST_5 spanning? : True
Are all ISTs independent? : True

====TEST CR(106, 16, 32)====
Is IST_0 spanning? : True
Is IST_1 spanning? : True
Is IST_2 spanning? : True
Is IST_3 spanning? : True
Is IST_4 spanning? : True
Is IST_5 spanning? : True
Are all ISTs independent? : True

====TEST CR(107, 16, 32)====
Is IST_0 spanning? : True
Is IST_1 spanning? : True
Is IST_2 spanning? : True
Is IST_3 spanning? : True
Is IST_4 spanning? : True
Is IST_5 spanning? : True
Are all ISTs independent? : True

====TEST CR(108, 16, 32)====
Is IST_0 spanning? : True
Is IST_1 spanning? : True
Is IST_2 spanning? : True
Is IST_3 spanning? : True
Is IST_4 spanning? : True
Is IST_5 spanning? : True
Are all ISTs independent? : True

====TEST CR(109, 16, 32)====
Is IST_0 spanning? : True
Is IST_1 spanning? : True
Is IST_2 spanning? : True
Is IST_3 spanning? : True
Is IST_4 spanning? : True
Is IST_5 spanning? : True
Are all ISTs independent? : True

====TEST CR(110, 16, 32)====
Is IST_0 spanning? : True
Is IST_1 spanning? : True
Is IST_2 spanning? : True
Is IST_3 spanning? : True
Is IST_4 spanning? : True
Is IST_5 spanning? : True
Are all ISTs independent? : True

====TEST CR(111, 16, 32)====
Is IST_0 spanning? : True
Is IST_1 spanning? : True
Is IST_2 spanning? : True
Is IST_3 spanning? : True
Is IST_4 spanning? : True
Is IST_5 spanning? : True
Are all ISTs independent? : True

====TEST CR(112, 16, 32)====
Is IST_0 spanning? : True
Is IST_1 spanning? : True
Is IST_2 spanning? : True
Is IST_3 spanning? : True
Is IST_4 spanning? : True
Is IST_5 spanning? : True
Are all ISTs independent? : True

====TEST CR(113, 16, 32)====
Is IST_0 spanning? : True
Is IST_1 spanning? : True
Is IST_2 spanning? : True
Is IST_3 spanning? : True
Is IST_4 spanning? : True
Is IST_5 spanning? : True
Are all ISTs independent? : True

====TEST CR(114, 16, 32)====
Is IST_0 spanning? : True
Is IST_1 spanning? : True
Is IST_2 spanning? : True
Is IST_3 spanning? : True
Is IST_4 spanning? : True
Is IST_5 spanning? : True
Are all ISTs independent? : True

====TEST CR(115, 16, 32)====
Is IST_0 spanning? : True
Is IST_1 spanning? : True
Is IST_2 spanning? : True
Is IST_3 spanning? : True
Is IST_4 spanning? : True
Is IST_5 spanning? : True
Are all ISTs independent? : True

====TEST CR(116, 16, 32)====
Is IST_0 spanning? : True
Is IST_1 spanning? : True
Is IST_2 spanning? : True
Is IST_3 spanning? : True
Is IST_4 spanning? : True
Is IST_5 spanning? : True
Are all ISTs independent? : True

====TEST CR(117, 16, 32)====
Is IST_0 spanning? : True
Is IST_1 spanning? : True
Is IST_2 spanning? : True
Is IST_3 spanning? : True
Is IST_4 spanning? : True
Is IST_5 spanning? : True
Are all ISTs independent? : True

====TEST CR(118, 16, 32)====
Is IST_0 spanning? : True
Is IST_1 spanning? : True
Is IST_2 spanning? : True
Is IST_3 spanning? : True
Is IST_4 spanning? : True
Is IST_5 spanning? : True
Are all ISTs independent? : True

====TEST CR(119, 16, 32)====
Is IST_0 spanning? : True
Is IST_1 spanning? : True
Is IST_2 spanning? : True
Is IST_3 spanning? : True
Is IST_4 spanning? : True
Is IST_5 spanning? : True
Are all ISTs independent? : True

====TEST CR(120, 16, 32)====
Is IST_0 spanning? : True
Is IST_1 spanning? : True
Is IST_2 spanning? : True
Is IST_3 spanning? : True
Is IST_4 spanning? : True
Is IST_5 spanning? : True
Are all ISTs independent? : True

====TEST CR(121, 16, 32)====
Is IST_0 spanning? : True
Is IST_1 spanning? : True
Is IST_2 spanning? : True
Is IST_3 spanning? : True
Is IST_4 spanning? : True
Is IST_5 spanning? : True
Are all ISTs independent? : True

====TEST CR(122, 16, 32)====
Is IST_0 spanning? : True
Is IST_1 spanning? : True
Is IST_2 spanning? : True
Is IST_3 spanning? : True
Is IST_4 spanning? : True
Is IST_5 spanning? : True
Are all ISTs independent? : True

====TEST CR(123, 16, 32)====
Is IST_0 spanning? : True
Is IST_1 spanning? : True
Is IST_2 spanning? : True
Is IST_3 spanning? : True
Is IST_4 spanning? : True
Is IST_5 spanning? : True
Are all ISTs independent? : True

====TEST CR(124, 16, 32)====
Is IST_0 spanning? : True
Is IST_1 spanning? : True
Is IST_2 spanning? : True
Is IST_3 spanning? : True
Is IST_4 spanning? : True
Is IST_5 spanning? : True
Are all ISTs independent? : True

====TEST CR(125, 16, 32)====
Is IST_0 spanning? : True
Is IST_1 spanning? : True
Is IST_2 spanning? : True
Is IST_3 spanning? : True
Is IST_4 spanning? : True
Is IST_5 spanning? : True
Are all ISTs independent? : True

====TEST CR(126, 16, 32)====
Is IST_0 spanning? : True
Is IST_1 spanning? : True
Is IST_2 spanning? : True
Is IST_3 spanning? : True
Is IST_4 spanning? : True
Is IST_5 spanning? : True
Are all ISTs independent? : True

====TEST CR(127, 16, 32)====
Is IST_0 spanning? : True
Is IST_1 spanning? : True
Is IST_2 spanning? : True
Is IST_3 spanning? : True
Is IST_4 spanning? : True
Is IST_5 spanning? : True
Are all ISTs independent? : True

====TEST CR(128, 16, 32)====
Is IST_0 spanning? : True
Is IST_1 spanning? : True
Is IST_2 spanning? : True
Is IST_3 spanning? : True
Is IST_4 spanning? : True
Is IST_5 spanning? : True
Are all ISTs independent? : True

====TEST CR(129, 16, 32)====
Is IST_0 spanning? : True
Is IST_1 spanning? : True
Is IST_2 spanning? : True
Is IST_3 spanning? : True
Is IST_4 spanning? : True
Is IST_5 spanning? : True
Are all ISTs independent? : True

====TEST CR(130, 16, 32)====
Is IST_0 spanning? : True
Is IST_1 spanning? : True
Is IST_2 spanning? : True
Is IST_3 spanning? : True
Is IST_4 spanning? : True
Is IST_5 spanning? : True
Are all ISTs independent? : True

====TEST CR(131, 16, 32)====
Is IST_0 spanning? : True
Is IST_1 spanning? : True
Is IST_2 spanning? : True
Is IST_3 spanning? : True
Is IST_4 spanning? : True
Is IST_5 spanning? : True
Are all ISTs independent? : True

====TEST CR(132, 16, 32)====
Is IST_0 spanning? : True
Is IST_1 spanning? : True
Is IST_2 spanning? : True
Is IST_3 spanning? : True
Is IST_4 spanning? : True
Is IST_5 spanning? : True
Are all ISTs independent? : True

====TEST CR(133, 16, 32)====
Is IST_0 spanning? : True
Is IST_1 spanning? : True
Is IST_2 spanning? : True
Is IST_3 spanning? : True
Is IST_4 spanning? : True
Is IST_5 spanning? : True
Are all ISTs independent? : True

====TEST CR(134, 16, 32)====
Is IST_0 spanning? : True
Is IST_1 spanning? : True
Is IST_2 spanning? : True
Is IST_3 spanning? : True
Is IST_4 spanning? : True
Is IST_5 spanning? : True
Are all ISTs independent? : True

====TEST CR(135, 16, 32)====
Is IST_0 spanning? : True
Is IST_1 spanning? : True
Is IST_2 spanning? : True
Is IST_3 spanning? : True
Is IST_4 spanning? : True
Is IST_5 spanning? : True
Are all ISTs independent? : True

====TEST CR(136, 16, 32)====
Is IST_0 spanning? : True
Is IST_1 spanning? : True
Is IST_2 spanning? : True
Is IST_3 spanning? : True
Is IST_4 spanning? : True
Is IST_5 spanning? : True
Are all ISTs independent? : True

====TEST CR(137, 16, 32)====
Is IST_0 spanning? : True
Is IST_1 spanning? : True
Is IST_2 spanning? : True
Is IST_3 spanning? : True
Is IST_4 spanning? : True
Is IST_5 spanning? : True
Are all ISTs independent? : True

====TEST CR(138, 16, 32)====
Is IST_0 spanning? : True
Is IST_1 spanning? : True
Is IST_2 spanning? : True
Is IST_3 spanning? : True
Is IST_4 spanning? : True
Is IST_5 spanning? : True
Are all ISTs independent? : True

====TEST CR(139, 16, 32)====
Is IST_0 spanning? : True
Is IST_1 spanning? : True
Is IST_2 spanning? : True
Is IST_3 spanning? : True
Is IST_4 spanning? : True
Is IST_5 spanning? : True
Are all ISTs independent? : True

====TEST CR(140, 16, 32)====
Is IST_0 spanning? : True
Is IST_1 spanning? : True
Is IST_2 spanning? : True
Is IST_3 spanning? : True
Is IST_4 spanning? : True
Is IST_5 spanning? : True
Are all ISTs independent? : True

====TEST CR(141, 16, 32)====
Is IST_0 spanning? : True
Is IST_1 spanning? : True
Is IST_2 spanning? : True
Is IST_3 spanning? : True
Is IST_4 spanning? : True
Is IST_5 spanning? : True
Are all ISTs independent? : True

====TEST CR(142, 16, 32)====
Is IST_0 spanning? : True
Is IST_1 spanning? : True
Is IST_2 spanning? : True
Is IST_3 spanning? : True
Is IST_4 spanning? : True
Is IST_5 spanning? : True
Are all ISTs independent? : True

====TEST CR(143, 16, 32)====
Is IST_0 spanning? : True
Is IST_1 spanning? : True
Is IST_2 spanning? : True
Is IST_3 spanning? : True
Is IST_4 spanning? : True
Is IST_5 spanning? : True
Are all ISTs independent? : True

====TEST CR(144, 16, 32)====
Is IST_0 spanning? : True
Is IST_1 spanning? : True
Is IST_2 spanning? : True
Is IST_3 spanning? : True
Is IST_4 spanning? : True
Is IST_5 spanning? : True
Are all ISTs independent? : True

====TEST CR(145, 16, 32)====
Is IST_0 spanning? : True
Is IST_1 spanning? : True
Is IST_2 spanning? : True
Is IST_3 spanning? : True
Is IST_4 spanning? : True
Is IST_5 spanning? : True
Are all ISTs independent? : True

====TEST CR(146, 16, 32)====
Is IST_0 spanning? : True
Is IST_1 spanning? : True
Is IST_2 spanning? : True
Is IST_3 spanning? : True
Is IST_4 spanning? : True
Is IST_5 spanning? : True
Are all ISTs independent? : True

====TEST CR(147, 16, 32)====
Is IST_0 spanning? : True
Is IST_1 spanning? : True
Is IST_2 spanning? : True
Is IST_3 spanning? : True
Is IST_4 spanning? : True
Is IST_5 spanning? : True
Are all ISTs independent? : True

====TEST CR(148, 16, 32)====
Is IST_0 spanning? : True
Is IST_1 spanning? : True
Is IST_2 spanning? : True
Is IST_3 spanning? : True
Is IST_4 spanning? : True
Is IST_5 spanning? : True
Are all ISTs independent? : True

====TEST CR(149, 16, 32)====
Is IST_0 spanning? : True
Is IST_1 spanning? : True
Is IST_2 spanning? : True
Is IST_3 spanning? : True
Is IST_4 spanning? : True
Is IST_5 spanning? : True
Are all ISTs independent? : True

====TEST CR(150, 16, 32)====
Is IST_0 spanning? : True
Is IST_1 spanning? : True
Is IST_2 spanning? : True
Is IST_3 spanning? : True
Is IST_4 spanning? : True
Is IST_5 spanning? : True
Are all ISTs independent? : True

====TEST CR(151, 16, 32)====
Is IST_0 spanning? : True
Is IST_1 spanning? : True
Is IST_2 spanning? : True
Is IST_3 spanning? : True
Is IST_4 spanning? : True
Is IST_5 spanning? : True
Are all ISTs independent? : True

====TEST CR(152, 16, 32)====
Is IST_0 spanning? : True
Is IST_1 spanning? : True
Is IST_2 spanning? : True
Is IST_3 spanning? : True
Is IST_4 spanning? : True
Is IST_5 spanning? : True
Are all ISTs independent? : True

====TEST CR(153, 16, 32)====
Is IST_0 spanning? : True
Is IST_1 spanning? : True
Is IST_2 spanning? : True
Is IST_3 spanning? : True
Is IST_4 spanning? : True
Is IST_5 spanning? : True
Are all ISTs independent? : True

====TEST CR(154, 16, 32)====
Is IST_0 spanning? : True
Is IST_1 spanning? : True
Is IST_2 spanning? : True
Is IST_3 spanning? : True
Is IST_4 spanning? : True
Is IST_5 spanning? : True
Are all ISTs independent? : True

====TEST CR(155, 16, 32)====
Is IST_0 spanning? : True
Is IST_1 spanning? : True
Is IST_2 spanning? : True
Is IST_3 spanning? : True
Is IST_4 spanning? : True
Is IST_5 spanning? : True
Are all ISTs independent? : True

====TEST CR(156, 16, 32)====
Is IST_0 spanning? : True
Is IST_1 spanning? : True
Is IST_2 spanning? : True
Is IST_3 spanning? : True
Is IST_4 spanning? : True
Is IST_5 spanning? : True
Are all ISTs independent? : True

====TEST CR(157, 16, 32)====
Is IST_0 spanning? : True
Is IST_1 spanning? : True
Is IST_2 spanning? : True
Is IST_3 spanning? : True
Is IST_4 spanning? : True
Is IST_5 spanning? : True
Are all ISTs independent? : True

====TEST CR(158, 16, 32)====
Is IST_0 spanning? : True
Is IST_1 spanning? : True
Is IST_2 spanning? : True
Is IST_3 spanning? : True
Is IST_4 spanning? : True
Is IST_5 spanning? : True
Are all ISTs independent? : True

====TEST CR(159, 16, 32)====
Is IST_0 spanning? : True
Is IST_1 spanning? : True
Is IST_2 spanning? : True
Is IST_3 spanning? : True
Is IST_4 spanning? : True
Is IST_5 spanning? : True
Are all ISTs independent? : True

====TEST CR(160, 16, 32)====
Is IST_0 spanning? : True
Is IST_1 spanning? : True
Is IST_2 spanning? : True
Is IST_3 spanning? : True
Is IST_4 spanning? : True
Is IST_5 spanning? : True
Are all ISTs independent? : True

====TEST CR(161, 16, 32)====
Is IST_0 spanning? : True
Is IST_1 spanning? : True
Is IST_2 spanning? : True
Is IST_3 spanning? : True
Is IST_4 spanning? : True
Is IST_5 spanning? : True
Are all ISTs independent? : True

====TEST CR(162, 16, 32)====
Is IST_0 spanning? : True
Is IST_1 spanning? : True
Is IST_2 spanning? : True
Is IST_3 spanning? : True
Is IST_4 spanning? : True
Is IST_5 spanning? : True
Are all ISTs independent? : True

====TEST CR(163, 16, 32)====
Is IST_0 spanning? : True
Is IST_1 spanning? : True
Is IST_2 spanning? : True
Is IST_3 spanning? : True
Is IST_4 spanning? : True
Is IST_5 spanning? : True
Are all ISTs independent? : True

====TEST CR(164, 16, 32)====
Is IST_0 spanning? : True
Is IST_1 spanning? : True
Is IST_2 spanning? : True
Is IST_3 spanning? : True
Is IST_4 spanning? : True
Is IST_5 spanning? : True
Are all ISTs independent? : True

====TEST CR(165, 16, 32)====
Is IST_0 spanning? : True
Is IST_1 spanning? : True
Is IST_2 spanning? : True
Is IST_3 spanning? : True
Is IST_4 spanning? : True
Is IST_5 spanning? : True
Are all ISTs independent? : True

====TEST CR(166, 16, 32)====
Is IST_0 spanning? : True
Is IST_1 spanning? : True
Is IST_2 spanning? : True
Is IST_3 spanning? : True
Is IST_4 spanning? : True
Is IST_5 spanning? : True
Are all ISTs independent? : True

====TEST CR(167, 16, 32)====
Is IST_0 spanning? : True
Is IST_1 spanning? : True
Is IST_2 spanning? : True
Is IST_3 spanning? : True
Is IST_4 spanning? : True
Is IST_5 spanning? : True
Are all ISTs independent? : True

====TEST CR(168, 16, 32)====
Is IST_0 spanning? : True
Is IST_1 spanning? : True
Is IST_2 spanning? : True
Is IST_3 spanning? : True
Is IST_4 spanning? : True
Is IST_5 spanning? : True
Are all ISTs independent? : True

====TEST CR(169, 16, 32)====
Is IST_0 spanning? : True
Is IST_1 spanning? : True
Is IST_2 spanning? : True
Is IST_3 spanning? : True
Is IST_4 spanning? : True
Is IST_5 spanning? : True
Are all ISTs independent? : True

====TEST CR(170, 16, 32)====
Is IST_0 spanning? : True
Is IST_1 spanning? : True
Is IST_2 spanning? : True
Is IST_3 spanning? : True
Is IST_4 spanning? : True
Is IST_5 spanning? : True
Are all ISTs independent? : True

====TEST CR(171, 16, 32)====
Is IST_0 spanning? : True
Is IST_1 spanning? : True
Is IST_2 spanning? : True
Is IST_3 spanning? : True
Is IST_4 spanning? : True
Is IST_5 spanning? : True
Are all ISTs independent? : True

====TEST CR(172, 16, 32)====
Is IST_0 spanning? : True
Is IST_1 spanning? : True
Is IST_2 spanning? : True
Is IST_3 spanning? : True
Is IST_4 spanning? : True
Is IST_5 spanning? : True
Are all ISTs independent? : True

====TEST CR(173, 16, 32)====
Is IST_0 spanning? : True
Is IST_1 spanning? : True
Is IST_2 spanning? : True
Is IST_3 spanning? : True
Is IST_4 spanning? : True
Is IST_5 spanning? : True
Are all ISTs independent? : True

====TEST CR(174, 16, 32)====
Is IST_0 spanning? : True
Is IST_1 spanning? : True
Is IST_2 spanning? : True
Is IST_3 spanning? : True
Is IST_4 spanning? : True
Is IST_5 spanning? : True
Are all ISTs independent? : True

====TEST CR(175, 16, 32)====
Is IST_0 spanning? : True
Is IST_1 spanning? : True
Is IST_2 spanning? : True
Is IST_3 spanning? : True
Is IST_4 spanning? : True
Is IST_5 spanning? : True
Are all ISTs independent? : True

====TEST CR(176, 16, 32)====
Is IST_0 spanning? : True
Is IST_1 spanning? : True
Is IST_2 spanning? : True
Is IST_3 spanning? : True
Is IST_4 spanning? : True
Is IST_5 spanning? : True
Are all ISTs independent? : True

====TEST CR(177, 16, 32)====
Is IST_0 spanning? : True
Is IST_1 spanning? : True
Is IST_2 spanning? : True
Is IST_3 spanning? : True
Is IST_4 spanning? : True
Is IST_5 spanning? : True
Are all ISTs independent? : True

====TEST CR(178, 16, 32)====
Is IST_0 spanning? : True
Is IST_1 spanning? : True
Is IST_2 spanning? : True
Is IST_3 spanning? : True
Is IST_4 spanning? : True
Is IST_5 spanning? : True
Are all ISTs independent? : True

====TEST CR(179, 16, 32)====
Is IST_0 spanning? : True
Is IST_1 spanning? : True
Is IST_2 spanning? : True
Is IST_3 spanning? : True
Is IST_4 spanning? : True
Is IST_5 spanning? : True
Are all ISTs independent? : True

====TEST CR(180, 16, 32)====
Is IST_0 spanning? : True
Is IST_1 spanning? : True
Is IST_2 spanning? : True
Is IST_3 spanning? : True
Is IST_4 spanning? : True
Is IST_5 spanning? : True
Are all ISTs independent? : True

====TEST CR(181, 16, 32)====
Is IST_0 spanning? : True
Is IST_1 spanning? : True
Is IST_2 spanning? : True
Is IST_3 spanning? : True
Is IST_4 spanning? : True
Is IST_5 spanning? : True
Are all ISTs independent? : True

====TEST CR(182, 16, 32)====
Is IST_0 spanning? : True
Is IST_1 spanning? : True
Is IST_2 spanning? : True
Is IST_3 spanning? : True
Is IST_4 spanning? : True
Is IST_5 spanning? : True
Are all ISTs independent? : True

====TEST CR(183, 16, 32)====
Is IST_0 spanning? : True
Is IST_1 spanning? : True
Is IST_2 spanning? : True
Is IST_3 spanning? : True
Is IST_4 spanning? : True
Is IST_5 spanning? : True
Are all ISTs independent? : True

====TEST CR(184, 16, 32)====
Is IST_0 spanning? : True
Is IST_1 spanning? : True
Is IST_2 spanning? : True
Is IST_3 spanning? : True
Is IST_4 spanning? : True
Is IST_5 spanning? : True
Are all ISTs independent? : True

====TEST CR(185, 16, 32)====
Is IST_0 spanning? : True
Is IST_1 spanning? : True
Is IST_2 spanning? : True
Is IST_3 spanning? : True
Is IST_4 spanning? : True
Is IST_5 spanning? : True
Are all ISTs independent? : True

====TEST CR(186, 16, 32)====
Is IST_0 spanning? : True
Is IST_1 spanning? : True
Is IST_2 spanning? : True
Is IST_3 spanning? : True
Is IST_4 spanning? : True
Is IST_5 spanning? : True
Are all ISTs independent? : True

====TEST CR(187, 16, 32)====
Is IST_0 spanning? : True
Is IST_1 spanning? : True
Is IST_2 spanning? : True
Is IST_3 spanning? : True
Is IST_4 spanning? : True
Is IST_5 spanning? : True
Are all ISTs independent? : True

====TEST CR(188, 16, 32)====
Is IST_0 spanning? : True
Is IST_1 spanning? : True
Is IST_2 spanning? : True
Is IST_3 spanning? : True
Is IST_4 spanning? : True
Is IST_5 spanning? : True
Are all ISTs independent? : True

====TEST CR(189, 16, 32)====
Is IST_0 spanning? : True
Is IST_1 spanning? : True
Is IST_2 spanning? : True
Is IST_3 spanning? : True
Is IST_4 spanning? : True
Is IST_5 spanning? : True
Are all ISTs independent? : True

====TEST CR(190, 16, 32)====
Is IST_0 spanning? : True
Is IST_1 spanning? : True
Is IST_2 spanning? : True
Is IST_3 spanning? : True
Is IST_4 spanning? : True
Is IST_5 spanning? : True
Are all ISTs independent? : True

====TEST CR(191, 16, 32)====
Is IST_0 spanning? : True
Is IST_1 spanning? : True
Is IST_2 spanning? : True
Is IST_3 spanning? : True
Is IST_4 spanning? : True
Is IST_5 spanning? : True
Are all ISTs independent? : True

====TEST CR(192, 16, 32)====
Is IST_0 spanning? : True
Is IST_1 spanning? : True
Is IST_2 spanning? : True
Is IST_3 spanning? : True
Is IST_4 spanning? : True
Is IST_5 spanning? : True
Are all ISTs independent? : True

====TEST CR(193, 16, 32)====
Is IST_0 spanning? : True
Is IST_1 spanning? : True
Is IST_2 spanning? : True
Is IST_3 spanning? : True
Is IST_4 spanning? : True
Is IST_5 spanning? : True
Are all ISTs independent? : True

====TEST CR(194, 16, 32)====
Is IST_0 spanning? : True
Is IST_1 spanning? : True
Is IST_2 spanning? : True
Is IST_3 spanning? : True
Is IST_4 spanning? : True
Is IST_5 spanning? : True
Are all ISTs independent? : True

====TEST CR(195, 16, 32)====
Is IST_0 spanning? : True
Is IST_1 spanning? : True
Is IST_2 spanning? : True
Is IST_3 spanning? : True
Is IST_4 spanning? : True
Is IST_5 spanning? : True
Are all ISTs independent? : True

====TEST CR(196, 16, 32)====
Is IST_0 spanning? : True
Is IST_1 spanning? : True
Is IST_2 spanning? : True
Is IST_3 spanning? : True
Is IST_4 spanning? : True
Is IST_5 spanning? : True
Are all ISTs independent? : True

====TEST CR(197, 16, 32)====
Is IST_0 spanning? : True
Is IST_1 spanning? : True
Is IST_2 spanning? : True
Is IST_3 spanning? : True
Is IST_4 spanning? : True
Is IST_5 spanning? : True
Are all ISTs independent? : True

====TEST CR(198, 16, 32)====
Is IST_0 spanning? : True
Is IST_1 spanning? : True
Is IST_2 spanning? : True
Is IST_3 spanning? : True
Is IST_4 spanning? : True
Is IST_5 spanning? : True
Are all ISTs independent? : True

====TEST CR(199, 16, 32)====
Is IST_0 spanning? : True
Is IST_1 spanning? : True
Is IST_2 spanning? : True
Is IST_3 spanning? : True
Is IST_4 spanning? : True
Is IST_5 spanning? : True
Are all ISTs independent? : True

====TEST CR(200, 16, 32)====
Is IST_0 spanning? : True
Is IST_1 spanning? : True
Is IST_2 spanning? : True
Is IST_3 spanning? : True
Is IST_4 spanning? : True
Is IST_5 spanning? : True
Are all ISTs independent? : True

====TEST CR(201, 16, 32)====
Is IST_0 spanning? : True
Is IST_1 spanning? : True
Is IST_2 spanning? : True
Is IST_3 spanning? : True
Is IST_4 spanning? : True
Is IST_5 spanning? : True
Are all ISTs independent? : True

====TEST CR(202, 16, 32)====
Is IST_0 spanning? : True
Is IST_1 spanning? : True
Is IST_2 spanning? : True
Is IST_3 spanning? : True
Is IST_4 spanning? : True
Is IST_5 spanning? : True
Are all ISTs independent? : True

====TEST CR(203, 16, 32)====
Is IST_0 spanning? : True
Is IST_1 spanning? : True
Is IST_2 spanning? : True
Is IST_3 spanning? : True
Is IST_4 spanning? : True
Is IST_5 spanning? : True
Are all ISTs independent? : True

====TEST CR(204, 16, 32)====
Is IST_0 spanning? : True
Is IST_1 spanning? : True
Is IST_2 spanning? : True
Is IST_3 spanning? : True
Is IST_4 spanning? : True
Is IST_5 spanning? : True
Are all ISTs independent? : True

====TEST CR(205, 16, 32)====
Is IST_0 spanning? : True
Is IST_1 spanning? : True
Is IST_2 spanning? : True
Is IST_3 spanning? : True
Is IST_4 spanning? : True
Is IST_5 spanning? : True
Are all ISTs independent? : True

====TEST CR(206, 16, 32)====
Is IST_0 spanning? : True
Is IST_1 spanning? : True
Is IST_2 spanning? : True
Is IST_3 spanning? : True
Is IST_4 spanning? : True
Is IST_5 spanning? : True
Are all ISTs independent? : True

====TEST CR(207, 16, 32)====
Is IST_0 spanning? : True
Is IST_1 spanning? : True
Is IST_2 spanning? : True
Is IST_3 spanning? : True
Is IST_4 spanning? : True
Is IST_5 spanning? : True
Are all ISTs independent? : True

====TEST CR(208, 16, 32)====
Is IST_0 spanning? : True
Is IST_1 spanning? : True
Is IST_2 spanning? : True
Is IST_3 spanning? : True
Is IST_4 spanning? : True
Is IST_5 spanning? : True
Are all ISTs independent? : True

====TEST CR(209, 16, 32)====
Is IST_0 spanning? : True
Is IST_1 spanning? : True
Is IST_2 spanning? : True
Is IST_3 spanning? : True
Is IST_4 spanning? : True
Is IST_5 spanning? : True
Are all ISTs independent? : True

====TEST CR(210, 16, 32)====
Is IST_0 spanning? : True
Is IST_1 spanning? : True
Is IST_2 spanning? : True
Is IST_3 spanning? : True
Is IST_4 spanning? : True
Is IST_5 spanning? : True
Are all ISTs independent? : True

====TEST CR(211, 16, 32)====
Is IST_0 spanning? : True
Is IST_1 spanning? : True
Is IST_2 spanning? : True
Is IST_3 spanning? : True
Is IST_4 spanning? : True
Is IST_5 spanning? : True
Are all ISTs independent? : True

====TEST CR(212, 16, 32)====
Is IST_0 spanning? : True
Is IST_1 spanning? : True
Is IST_2 spanning? : True
Is IST_3 spanning? : True
Is IST_4 spanning? : True
Is IST_5 spanning? : True
Are all ISTs independent? : True

====TEST CR(213, 16, 32)====
Is IST_0 spanning? : True
Is IST_1 spanning? : True
Is IST_2 spanning? : True
Is IST_3 spanning? : True
Is IST_4 spanning? : True
Is IST_5 spanning? : True
Are all ISTs independent? : True

====TEST CR(214, 16, 32)====
Is IST_0 spanning? : True
Is IST_1 spanning? : True
Is IST_2 spanning? : True
Is IST_3 spanning? : True
Is IST_4 spanning? : True
Is IST_5 spanning? : True
Are all ISTs independent? : True

====TEST CR(215, 16, 32)====
Is IST_0 spanning? : True
Is IST_1 spanning? : True
Is IST_2 spanning? : True
Is IST_3 spanning? : True
Is IST_4 spanning? : True
Is IST_5 spanning? : True
Are all ISTs independent? : True

====TEST CR(216, 16, 32)====
Is IST_0 spanning? : True
Is IST_1 spanning? : True
Is IST_2 spanning? : True
Is IST_3 spanning? : True
Is IST_4 spanning? : True
Is IST_5 spanning? : True
Are all ISTs independent? : True

====TEST CR(217, 16, 32)====
Is IST_0 spanning? : True
Is IST_1 spanning? : True
Is IST_2 spanning? : True
Is IST_3 spanning? : True
Is IST_4 spanning? : True
Is IST_5 spanning? : True
Are all ISTs independent? : True

====TEST CR(218, 16, 32)====
Is IST_0 spanning? : True
Is IST_1 spanning? : True
Is IST_2 spanning? : True
Is IST_3 spanning? : True
Is IST_4 spanning? : True
Is IST_5 spanning? : True
Are all ISTs independent? : True

====TEST CR(219, 16, 32)====
Is IST_0 spanning? : True
Is IST_1 spanning? : True
Is IST_2 spanning? : True
Is IST_3 spanning? : True
Is IST_4 spanning? : True
Is IST_5 spanning? : True
Are all ISTs independent? : True

====TEST CR(220, 16, 32)====
Is IST_0 spanning? : True
Is IST_1 spanning? : True
Is IST_2 spanning? : True
Is IST_3 spanning? : True
Is IST_4 spanning? : True
Is IST_5 spanning? : True
Are all ISTs independent? : True

====TEST CR(221, 16, 32)====
Is IST_0 spanning? : True
Is IST_1 spanning? : True
Is IST_2 spanning? : True
Is IST_3 spanning? : True
Is IST_4 spanning? : True
Is IST_5 spanning? : True
Are all ISTs independent? : True

====TEST CR(222, 16, 32)====
Is IST_0 spanning? : True
Is IST_1 spanning? : True
Is IST_2 spanning? : True
Is IST_3 spanning? : True
Is IST_4 spanning? : True
Is IST_5 spanning? : True
Are all ISTs independent? : True

====TEST CR(223, 16, 32)====
Is IST_0 spanning? : True
Is IST_1 spanning? : True
Is IST_2 spanning? : True
Is IST_3 spanning? : True
Is IST_4 spanning? : True
Is IST_5 spanning? : True
Are all ISTs independent? : True

====TEST CR(224, 16, 32)====
Is IST_0 spanning? : True
Is IST_1 spanning? : True
Is IST_2 spanning? : True
Is IST_3 spanning? : True
Is IST_4 spanning? : True
Is IST_5 spanning? : True
Are all ISTs independent? : True

====TEST CR(102, 17, 34)====
Is IST_0 spanning? : True
Is IST_1 spanning? : True
Is IST_2 spanning? : True
Is IST_3 spanning? : True
Is IST_4 spanning? : True
Is IST_5 spanning? : True
Are all ISTs independent? : True

====TEST CR(103, 17, 34)====
Is IST_0 spanning? : True
Is IST_1 spanning? : True
Is IST_2 spanning? : True
Is IST_3 spanning? : True
Is IST_4 spanning? : True
Is IST_5 spanning? : True
Are all ISTs independent? : True

====TEST CR(104, 17, 34)====
Is IST_0 spanning? : True
Is IST_1 spanning? : True
Is IST_2 spanning? : True
Is IST_3 spanning? : True
Is IST_4 spanning? : True
Is IST_5 spanning? : True
Are all ISTs independent? : True

====TEST CR(105, 17, 34)====
Is IST_0 spanning? : True
Is IST_1 spanning? : True
Is IST_2 spanning? : True
Is IST_3 spanning? : True
Is IST_4 spanning? : True
Is IST_5 spanning? : True
Are all ISTs independent? : True

====TEST CR(106, 17, 34)====
Is IST_0 spanning? : True
Is IST_1 spanning? : True
Is IST_2 spanning? : True
Is IST_3 spanning? : True
Is IST_4 spanning? : True
Is IST_5 spanning? : True
Are all ISTs independent? : True

====TEST CR(107, 17, 34)====
Is IST_0 spanning? : True
Is IST_1 spanning? : True
Is IST_2 spanning? : True
Is IST_3 spanning? : True
Is IST_4 spanning? : True
Is IST_5 spanning? : True
Are all ISTs independent? : True

====TEST CR(108, 17, 34)====
Is IST_0 spanning? : True
Is IST_1 spanning? : True
Is IST_2 spanning? : True
Is IST_3 spanning? : True
Is IST_4 spanning? : True
Is IST_5 spanning? : True
Are all ISTs independent? : True

====TEST CR(109, 17, 34)====
Is IST_0 spanning? : True
Is IST_1 spanning? : True
Is IST_2 spanning? : True
Is IST_3 spanning? : True
Is IST_4 spanning? : True
Is IST_5 spanning? : True
Are all ISTs independent? : True

====TEST CR(110, 17, 34)====
Is IST_0 spanning? : True
Is IST_1 spanning? : True
Is IST_2 spanning? : True
Is IST_3 spanning? : True
Is IST_4 spanning? : True
Is IST_5 spanning? : True
Are all ISTs independent? : True

====TEST CR(111, 17, 34)====
Is IST_0 spanning? : True
Is IST_1 spanning? : True
Is IST_2 spanning? : True
Is IST_3 spanning? : True
Is IST_4 spanning? : True
Is IST_5 spanning? : True
Are all ISTs independent? : True

====TEST CR(112, 17, 34)====
Is IST_0 spanning? : True
Is IST_1 spanning? : True
Is IST_2 spanning? : True
Is IST_3 spanning? : True
Is IST_4 spanning? : True
Is IST_5 spanning? : True
Are all ISTs independent? : True

====TEST CR(113, 17, 34)====
Is IST_0 spanning? : True
Is IST_1 spanning? : True
Is IST_2 spanning? : True
Is IST_3 spanning? : True
Is IST_4 spanning? : True
Is IST_5 spanning? : True
Are all ISTs independent? : True

====TEST CR(114, 17, 34)====
Is IST_0 spanning? : True
Is IST_1 spanning? : True
Is IST_2 spanning? : True
Is IST_3 spanning? : True
Is IST_4 spanning? : True
Is IST_5 spanning? : True
Are all ISTs independent? : True

====TEST CR(115, 17, 34)====
Is IST_0 spanning? : True
Is IST_1 spanning? : True
Is IST_2 spanning? : True
Is IST_3 spanning? : True
Is IST_4 spanning? : True
Is IST_5 spanning? : True
Are all ISTs independent? : True

====TEST CR(116, 17, 34)====
Is IST_0 spanning? : True
Is IST_1 spanning? : True
Is IST_2 spanning? : True
Is IST_3 spanning? : True
Is IST_4 spanning? : True
Is IST_5 spanning? : True
Are all ISTs independent? : True

====TEST CR(117, 17, 34)====
Is IST_0 spanning? : True
Is IST_1 spanning? : True
Is IST_2 spanning? : True
Is IST_3 spanning? : True
Is IST_4 spanning? : True
Is IST_5 spanning? : True
Are all ISTs independent? : True

====TEST CR(118, 17, 34)====
Is IST_0 spanning? : True
Is IST_1 spanning? : True
Is IST_2 spanning? : True
Is IST_3 spanning? : True
Is IST_4 spanning? : True
Is IST_5 spanning? : True
Are all ISTs independent? : True

====TEST CR(119, 17, 34)====
Is IST_0 spanning? : True
Is IST_1 spanning? : True
Is IST_2 spanning? : True
Is IST_3 spanning? : True
Is IST_4 spanning? : True
Is IST_5 spanning? : True
Are all ISTs independent? : True

====TEST CR(120, 17, 34)====
Is IST_0 spanning? : True
Is IST_1 spanning? : True
Is IST_2 spanning? : True
Is IST_3 spanning? : True
Is IST_4 spanning? : True
Is IST_5 spanning? : True
Are all ISTs independent? : True

====TEST CR(121, 17, 34)====
Is IST_0 spanning? : True
Is IST_1 spanning? : True
Is IST_2 spanning? : True
Is IST_3 spanning? : True
Is IST_4 spanning? : True
Is IST_5 spanning? : True
Are all ISTs independent? : True

====TEST CR(122, 17, 34)====
Is IST_0 spanning? : True
Is IST_1 spanning? : True
Is IST_2 spanning? : True
Is IST_3 spanning? : True
Is IST_4 spanning? : True
Is IST_5 spanning? : True
Are all ISTs independent? : True

====TEST CR(123, 17, 34)====
Is IST_0 spanning? : True
Is IST_1 spanning? : True
Is IST_2 spanning? : True
Is IST_3 spanning? : True
Is IST_4 spanning? : True
Is IST_5 spanning? : True
Are all ISTs independent? : True

====TEST CR(124, 17, 34)====
Is IST_0 spanning? : True
Is IST_1 spanning? : True
Is IST_2 spanning? : True
Is IST_3 spanning? : True
Is IST_4 spanning? : True
Is IST_5 spanning? : True
Are all ISTs independent? : True

====TEST CR(125, 17, 34)====
Is IST_0 spanning? : True
Is IST_1 spanning? : True
Is IST_2 spanning? : True
Is IST_3 spanning? : True
Is IST_4 spanning? : True
Is IST_5 spanning? : True
Are all ISTs independent? : True

====TEST CR(126, 17, 34)====
Is IST_0 spanning? : True
Is IST_1 spanning? : True
Is IST_2 spanning? : True
Is IST_3 spanning? : True
Is IST_4 spanning? : True
Is IST_5 spanning? : True
Are all ISTs independent? : True

====TEST CR(127, 17, 34)====
Is IST_0 spanning? : True
Is IST_1 spanning? : True
Is IST_2 spanning? : True
Is IST_3 spanning? : True
Is IST_4 spanning? : True
Is IST_5 spanning? : True
Are all ISTs independent? : True

====TEST CR(128, 17, 34)====
Is IST_0 spanning? : True
Is IST_1 spanning? : True
Is IST_2 spanning? : True
Is IST_3 spanning? : True
Is IST_4 spanning? : True
Is IST_5 spanning? : True
Are all ISTs independent? : True

====TEST CR(129, 17, 34)====
Is IST_0 spanning? : True
Is IST_1 spanning? : True
Is IST_2 spanning? : True
Is IST_3 spanning? : True
Is IST_4 spanning? : True
Is IST_5 spanning? : True
Are all ISTs independent? : True

====TEST CR(130, 17, 34)====
Is IST_0 spanning? : True
Is IST_1 spanning? : True
Is IST_2 spanning? : True
Is IST_3 spanning? : True
Is IST_4 spanning? : True
Is IST_5 spanning? : True
Are all ISTs independent? : True

====TEST CR(131, 17, 34)====
Is IST_0 spanning? : True
Is IST_1 spanning? : True
Is IST_2 spanning? : True
Is IST_3 spanning? : True
Is IST_4 spanning? : True
Is IST_5 spanning? : True
Are all ISTs independent? : True

====TEST CR(132, 17, 34)====
Is IST_0 spanning? : True
Is IST_1 spanning? : True
Is IST_2 spanning? : True
Is IST_3 spanning? : True
Is IST_4 spanning? : True
Is IST_5 spanning? : True
Are all ISTs independent? : True

====TEST CR(133, 17, 34)====
Is IST_0 spanning? : True
Is IST_1 spanning? : True
Is IST_2 spanning? : True
Is IST_3 spanning? : True
Is IST_4 spanning? : True
Is IST_5 spanning? : True
Are all ISTs independent? : True

====TEST CR(134, 17, 34)====
Is IST_0 spanning? : True
Is IST_1 spanning? : True
Is IST_2 spanning? : True
Is IST_3 spanning? : True
Is IST_4 spanning? : True
Is IST_5 spanning? : True
Are all ISTs independent? : True

====TEST CR(135, 17, 34)====
Is IST_0 spanning? : True
Is IST_1 spanning? : True
Is IST_2 spanning? : True
Is IST_3 spanning? : True
Is IST_4 spanning? : True
Is IST_5 spanning? : True
Are all ISTs independent? : True

====TEST CR(136, 17, 34)====
Is IST_0 spanning? : True
Is IST_1 spanning? : True
Is IST_2 spanning? : True
Is IST_3 spanning? : True
Is IST_4 spanning? : True
Is IST_5 spanning? : True
Are all ISTs independent? : True

====TEST CR(137, 17, 34)====
Is IST_0 spanning? : True
Is IST_1 spanning? : True
Is IST_2 spanning? : True
Is IST_3 spanning? : True
Is IST_4 spanning? : True
Is IST_5 spanning? : True
Are all ISTs independent? : True

====TEST CR(138, 17, 34)====
Is IST_0 spanning? : True
Is IST_1 spanning? : True
Is IST_2 spanning? : True
Is IST_3 spanning? : True
Is IST_4 spanning? : True
Is IST_5 spanning? : True
Are all ISTs independent? : True

====TEST CR(139, 17, 34)====
Is IST_0 spanning? : True
Is IST_1 spanning? : True
Is IST_2 spanning? : True
Is IST_3 spanning? : True
Is IST_4 spanning? : True
Is IST_5 spanning? : True
Are all ISTs independent? : True

====TEST CR(140, 17, 34)====
Is IST_0 spanning? : True
Is IST_1 spanning? : True
Is IST_2 spanning? : True
Is IST_3 spanning? : True
Is IST_4 spanning? : True
Is IST_5 spanning? : True
Are all ISTs independent? : True

====TEST CR(141, 17, 34)====
Is IST_0 spanning? : True
Is IST_1 spanning? : True
Is IST_2 spanning? : True
Is IST_3 spanning? : True
Is IST_4 spanning? : True
Is IST_5 spanning? : True
Are all ISTs independent? : True

====TEST CR(142, 17, 34)====
Is IST_0 spanning? : True
Is IST_1 spanning? : True
Is IST_2 spanning? : True
Is IST_3 spanning? : True
Is IST_4 spanning? : True
Is IST_5 spanning? : True
Are all ISTs independent? : True

====TEST CR(143, 17, 34)====
Is IST_0 spanning? : True
Is IST_1 spanning? : True
Is IST_2 spanning? : True
Is IST_3 spanning? : True
Is IST_4 spanning? : True
Is IST_5 spanning? : True
Are all ISTs independent? : True

====TEST CR(144, 17, 34)====
Is IST_0 spanning? : True
Is IST_1 spanning? : True
Is IST_2 spanning? : True
Is IST_3 spanning? : True
Is IST_4 spanning? : True
Is IST_5 spanning? : True
Are all ISTs independent? : True

====TEST CR(145, 17, 34)====
Is IST_0 spanning? : True
Is IST_1 spanning? : True
Is IST_2 spanning? : True
Is IST_3 spanning? : True
Is IST_4 spanning? : True
Is IST_5 spanning? : True
Are all ISTs independent? : True

====TEST CR(146, 17, 34)====
Is IST_0 spanning? : True
Is IST_1 spanning? : True
Is IST_2 spanning? : True
Is IST_3 spanning? : True
Is IST_4 spanning? : True
Is IST_5 spanning? : True
Are all ISTs independent? : True

====TEST CR(147, 17, 34)====
Is IST_0 spanning? : True
Is IST_1 spanning? : True
Is IST_2 spanning? : True
Is IST_3 spanning? : True
Is IST_4 spanning? : True
Is IST_5 spanning? : True
Are all ISTs independent? : True

====TEST CR(148, 17, 34)====
Is IST_0 spanning? : True
Is IST_1 spanning? : True
Is IST_2 spanning? : True
Is IST_3 spanning? : True
Is IST_4 spanning? : True
Is IST_5 spanning? : True
Are all ISTs independent? : True

====TEST CR(149, 17, 34)====
Is IST_0 spanning? : True
Is IST_1 spanning? : True
Is IST_2 spanning? : True
Is IST_3 spanning? : True
Is IST_4 spanning? : True
Is IST_5 spanning? : True
Are all ISTs independent? : True

====TEST CR(150, 17, 34)====
Is IST_0 spanning? : True
Is IST_1 spanning? : True
Is IST_2 spanning? : True
Is IST_3 spanning? : True
Is IST_4 spanning? : True
Is IST_5 spanning? : True
Are all ISTs independent? : True

====TEST CR(151, 17, 34)====
Is IST_0 spanning? : True
Is IST_1 spanning? : True
Is IST_2 spanning? : True
Is IST_3 spanning? : True
Is IST_4 spanning? : True
Is IST_5 spanning? : True
Are all ISTs independent? : True

====TEST CR(152, 17, 34)====
Is IST_0 spanning? : True
Is IST_1 spanning? : True
Is IST_2 spanning? : True
Is IST_3 spanning? : True
Is IST_4 spanning? : True
Is IST_5 spanning? : True
Are all ISTs independent? : True

====TEST CR(153, 17, 34)====
Is IST_0 spanning? : True
Is IST_1 spanning? : True
Is IST_2 spanning? : True
Is IST_3 spanning? : True
Is IST_4 spanning? : True
Is IST_5 spanning? : True
Are all ISTs independent? : True

====TEST CR(154, 17, 34)====
Is IST_0 spanning? : True
Is IST_1 spanning? : True
Is IST_2 spanning? : True
Is IST_3 spanning? : True
Is IST_4 spanning? : True
Is IST_5 spanning? : True
Are all ISTs independent? : True

====TEST CR(155, 17, 34)====
Is IST_0 spanning? : True
Is IST_1 spanning? : True
Is IST_2 spanning? : True
Is IST_3 spanning? : True
Is IST_4 spanning? : True
Is IST_5 spanning? : True
Are all ISTs independent? : True

====TEST CR(156, 17, 34)====
Is IST_0 spanning? : True
Is IST_1 spanning? : True
Is IST_2 spanning? : True
Is IST_3 spanning? : True
Is IST_4 spanning? : True
Is IST_5 spanning? : True
Are all ISTs independent? : True

====TEST CR(157, 17, 34)====
Is IST_0 spanning? : True
Is IST_1 spanning? : True
Is IST_2 spanning? : True
Is IST_3 spanning? : True
Is IST_4 spanning? : True
Is IST_5 spanning? : True
Are all ISTs independent? : True

====TEST CR(158, 17, 34)====
Is IST_0 spanning? : True
Is IST_1 spanning? : True
Is IST_2 spanning? : True
Is IST_3 spanning? : True
Is IST_4 spanning? : True
Is IST_5 spanning? : True
Are all ISTs independent? : True

====TEST CR(159, 17, 34)====
Is IST_0 spanning? : True
Is IST_1 spanning? : True
Is IST_2 spanning? : True
Is IST_3 spanning? : True
Is IST_4 spanning? : True
Is IST_5 spanning? : True
Are all ISTs independent? : True

====TEST CR(160, 17, 34)====
Is IST_0 spanning? : True
Is IST_1 spanning? : True
Is IST_2 spanning? : True
Is IST_3 spanning? : True
Is IST_4 spanning? : True
Is IST_5 spanning? : True
Are all ISTs independent? : True

====TEST CR(161, 17, 34)====
Is IST_0 spanning? : True
Is IST_1 spanning? : True
Is IST_2 spanning? : True
Is IST_3 spanning? : True
Is IST_4 spanning? : True
Is IST_5 spanning? : True
Are all ISTs independent? : True

====TEST CR(162, 17, 34)====
Is IST_0 spanning? : True
Is IST_1 spanning? : True
Is IST_2 spanning? : True
Is IST_3 spanning? : True
Is IST_4 spanning? : True
Is IST_5 spanning? : True
Are all ISTs independent? : True

====TEST CR(163, 17, 34)====
Is IST_0 spanning? : True
Is IST_1 spanning? : True
Is IST_2 spanning? : True
Is IST_3 spanning? : True
Is IST_4 spanning? : True
Is IST_5 spanning? : True
Are all ISTs independent? : True

====TEST CR(164, 17, 34)====
Is IST_0 spanning? : True
Is IST_1 spanning? : True
Is IST_2 spanning? : True
Is IST_3 spanning? : True
Is IST_4 spanning? : True
Is IST_5 spanning? : True
Are all ISTs independent? : True

====TEST CR(165, 17, 34)====
Is IST_0 spanning? : True
Is IST_1 spanning? : True
Is IST_2 spanning? : True
Is IST_3 spanning? : True
Is IST_4 spanning? : True
Is IST_5 spanning? : True
Are all ISTs independent? : True

====TEST CR(166, 17, 34)====
Is IST_0 spanning? : True
Is IST_1 spanning? : True
Is IST_2 spanning? : True
Is IST_3 spanning? : True
Is IST_4 spanning? : True
Is IST_5 spanning? : True
Are all ISTs independent? : True

====TEST CR(167, 17, 34)====
Is IST_0 spanning? : True
Is IST_1 spanning? : True
Is IST_2 spanning? : True
Is IST_3 spanning? : True
Is IST_4 spanning? : True
Is IST_5 spanning? : True
Are all ISTs independent? : True

====TEST CR(168, 17, 34)====
Is IST_0 spanning? : True
Is IST_1 spanning? : True
Is IST_2 spanning? : True
Is IST_3 spanning? : True
Is IST_4 spanning? : True
Is IST_5 spanning? : True
Are all ISTs independent? : True

====TEST CR(169, 17, 34)====
Is IST_0 spanning? : True
Is IST_1 spanning? : True
Is IST_2 spanning? : True
Is IST_3 spanning? : True
Is IST_4 spanning? : True
Is IST_5 spanning? : True
Are all ISTs independent? : True

====TEST CR(170, 17, 34)====
Is IST_0 spanning? : True
Is IST_1 spanning? : True
Is IST_2 spanning? : True
Is IST_3 spanning? : True
Is IST_4 spanning? : True
Is IST_5 spanning? : True
Are all ISTs independent? : True

====TEST CR(171, 17, 34)====
Is IST_0 spanning? : True
Is IST_1 spanning? : True
Is IST_2 spanning? : True
Is IST_3 spanning? : True
Is IST_4 spanning? : True
Is IST_5 spanning? : True
Are all ISTs independent? : True

====TEST CR(172, 17, 34)====
Is IST_0 spanning? : True
Is IST_1 spanning? : True
Is IST_2 spanning? : True
Is IST_3 spanning? : True
Is IST_4 spanning? : True
Is IST_5 spanning? : True
Are all ISTs independent? : True

====TEST CR(173, 17, 34)====
Is IST_0 spanning? : True
Is IST_1 spanning? : True
Is IST_2 spanning? : True
Is IST_3 spanning? : True
Is IST_4 spanning? : True
Is IST_5 spanning? : True
Are all ISTs independent? : True

====TEST CR(174, 17, 34)====
Is IST_0 spanning? : True
Is IST_1 spanning? : True
Is IST_2 spanning? : True
Is IST_3 spanning? : True
Is IST_4 spanning? : True
Is IST_5 spanning? : True
Are all ISTs independent? : True

====TEST CR(175, 17, 34)====
Is IST_0 spanning? : True
Is IST_1 spanning? : True
Is IST_2 spanning? : True
Is IST_3 spanning? : True
Is IST_4 spanning? : True
Is IST_5 spanning? : True
Are all ISTs independent? : True

====TEST CR(176, 17, 34)====
Is IST_0 spanning? : True
Is IST_1 spanning? : True
Is IST_2 spanning? : True
Is IST_3 spanning? : True
Is IST_4 spanning? : True
Is IST_5 spanning? : True
Are all ISTs independent? : True

====TEST CR(177, 17, 34)====
Is IST_0 spanning? : True
Is IST_1 spanning? : True
Is IST_2 spanning? : True
Is IST_3 spanning? : True
Is IST_4 spanning? : True
Is IST_5 spanning? : True
Are all ISTs independent? : True

====TEST CR(178, 17, 34)====
Is IST_0 spanning? : True
Is IST_1 spanning? : True
Is IST_2 spanning? : True
Is IST_3 spanning? : True
Is IST_4 spanning? : True
Is IST_5 spanning? : True
Are all ISTs independent? : True

====TEST CR(179, 17, 34)====
Is IST_0 spanning? : True
Is IST_1 spanning? : True
Is IST_2 spanning? : True
Is IST_3 spanning? : True
Is IST_4 spanning? : True
Is IST_5 spanning? : True
Are all ISTs independent? : True

====TEST CR(180, 17, 34)====
Is IST_0 spanning? : True
Is IST_1 spanning? : True
Is IST_2 spanning? : True
Is IST_3 spanning? : True
Is IST_4 spanning? : True
Is IST_5 spanning? : True
Are all ISTs independent? : True

====TEST CR(181, 17, 34)====
Is IST_0 spanning? : True
Is IST_1 spanning? : True
Is IST_2 spanning? : True
Is IST_3 spanning? : True
Is IST_4 spanning? : True
Is IST_5 spanning? : True
Are all ISTs independent? : True

====TEST CR(182, 17, 34)====
Is IST_0 spanning? : True
Is IST_1 spanning? : True
Is IST_2 spanning? : True
Is IST_3 spanning? : True
Is IST_4 spanning? : True
Is IST_5 spanning? : True
Are all ISTs independent? : True

====TEST CR(183, 17, 34)====
Is IST_0 spanning? : True
Is IST_1 spanning? : True
Is IST_2 spanning? : True
Is IST_3 spanning? : True
Is IST_4 spanning? : True
Is IST_5 spanning? : True
Are all ISTs independent? : True

====TEST CR(184, 17, 34)====
Is IST_0 spanning? : True
Is IST_1 spanning? : True
Is IST_2 spanning? : True
Is IST_3 spanning? : True
Is IST_4 spanning? : True
Is IST_5 spanning? : True
Are all ISTs independent? : True

====TEST CR(185, 17, 34)====
Is IST_0 spanning? : True
Is IST_1 spanning? : True
Is IST_2 spanning? : True
Is IST_3 spanning? : True
Is IST_4 spanning? : True
Is IST_5 spanning? : True
Are all ISTs independent? : True

====TEST CR(186, 17, 34)====
Is IST_0 spanning? : True
Is IST_1 spanning? : True
Is IST_2 spanning? : True
Is IST_3 spanning? : True
Is IST_4 spanning? : True
Is IST_5 spanning? : True
Are all ISTs independent? : True

====TEST CR(187, 17, 34)====
Is IST_0 spanning? : True
Is IST_1 spanning? : True
Is IST_2 spanning? : True
Is IST_3 spanning? : True
Is IST_4 spanning? : True
Is IST_5 spanning? : True
Are all ISTs independent? : True

====TEST CR(188, 17, 34)====
Is IST_0 spanning? : True
Is IST_1 spanning? : True
Is IST_2 spanning? : True
Is IST_3 spanning? : True
Is IST_4 spanning? : True
Is IST_5 spanning? : True
Are all ISTs independent? : True

====TEST CR(189, 17, 34)====
Is IST_0 spanning? : True
Is IST_1 spanning? : True
Is IST_2 spanning? : True
Is IST_3 spanning? : True
Is IST_4 spanning? : True
Is IST_5 spanning? : True
Are all ISTs independent? : True

====TEST CR(190, 17, 34)====
Is IST_0 spanning? : True
Is IST_1 spanning? : True
Is IST_2 spanning? : True
Is IST_3 spanning? : True
Is IST_4 spanning? : True
Is IST_5 spanning? : True
Are all ISTs independent? : True

====TEST CR(191, 17, 34)====
Is IST_0 spanning? : True
Is IST_1 spanning? : True
Is IST_2 spanning? : True
Is IST_3 spanning? : True
Is IST_4 spanning? : True
Is IST_5 spanning? : True
Are all ISTs independent? : True

====TEST CR(192, 17, 34)====
Is IST_0 spanning? : True
Is IST_1 spanning? : True
Is IST_2 spanning? : True
Is IST_3 spanning? : True
Is IST_4 spanning? : True
Is IST_5 spanning? : True
Are all ISTs independent? : True

====TEST CR(193, 17, 34)====
Is IST_0 spanning? : True
Is IST_1 spanning? : True
Is IST_2 spanning? : True
Is IST_3 spanning? : True
Is IST_4 spanning? : True
Is IST_5 spanning? : True
Are all ISTs independent? : True

====TEST CR(194, 17, 34)====
Is IST_0 spanning? : True
Is IST_1 spanning? : True
Is IST_2 spanning? : True
Is IST_3 spanning? : True
Is IST_4 spanning? : True
Is IST_5 spanning? : True
Are all ISTs independent? : True

====TEST CR(195, 17, 34)====
Is IST_0 spanning? : True
Is IST_1 spanning? : True
Is IST_2 spanning? : True
Is IST_3 spanning? : True
Is IST_4 spanning? : True
Is IST_5 spanning? : True
Are all ISTs independent? : True

====TEST CR(196, 17, 34)====
Is IST_0 spanning? : True
Is IST_1 spanning? : True
Is IST_2 spanning? : True
Is IST_3 spanning? : True
Is IST_4 spanning? : True
Is IST_5 spanning? : True
Are all ISTs independent? : True

====TEST CR(197, 17, 34)====
Is IST_0 spanning? : True
Is IST_1 spanning? : True
Is IST_2 spanning? : True
Is IST_3 spanning? : True
Is IST_4 spanning? : True
Is IST_5 spanning? : True
Are all ISTs independent? : True

====TEST CR(198, 17, 34)====
Is IST_0 spanning? : True
Is IST_1 spanning? : True
Is IST_2 spanning? : True
Is IST_3 spanning? : True
Is IST_4 spanning? : True
Is IST_5 spanning? : True
Are all ISTs independent? : True

====TEST CR(199, 17, 34)====
Is IST_0 spanning? : True
Is IST_1 spanning? : True
Is IST_2 spanning? : True
Is IST_3 spanning? : True
Is IST_4 spanning? : True
Is IST_5 spanning? : True
Are all ISTs independent? : True

====TEST CR(200, 17, 34)====
Is IST_0 spanning? : True
Is IST_1 spanning? : True
Is IST_2 spanning? : True
Is IST_3 spanning? : True
Is IST_4 spanning? : True
Is IST_5 spanning? : True
Are all ISTs independent? : True

====TEST CR(201, 17, 34)====
Is IST_0 spanning? : True
Is IST_1 spanning? : True
Is IST_2 spanning? : True
Is IST_3 spanning? : True
Is IST_4 spanning? : True
Is IST_5 spanning? : True
Are all ISTs independent? : True

====TEST CR(202, 17, 34)====
Is IST_0 spanning? : True
Is IST_1 spanning? : True
Is IST_2 spanning? : True
Is IST_3 spanning? : True
Is IST_4 spanning? : True
Is IST_5 spanning? : True
Are all ISTs independent? : True

====TEST CR(203, 17, 34)====
Is IST_0 spanning? : True
Is IST_1 spanning? : True
Is IST_2 spanning? : True
Is IST_3 spanning? : True
Is IST_4 spanning? : True
Is IST_5 spanning? : True
Are all ISTs independent? : True

====TEST CR(204, 17, 34)====
Is IST_0 spanning? : True
Is IST_1 spanning? : True
Is IST_2 spanning? : True
Is IST_3 spanning? : True
Is IST_4 spanning? : True
Is IST_5 spanning? : True
Are all ISTs independent? : True

====TEST CR(205, 17, 34)====
Is IST_0 spanning? : True
Is IST_1 spanning? : True
Is IST_2 spanning? : True
Is IST_3 spanning? : True
Is IST_4 spanning? : True
Is IST_5 spanning? : True
Are all ISTs independent? : True

====TEST CR(206, 17, 34)====
Is IST_0 spanning? : True
Is IST_1 spanning? : True
Is IST_2 spanning? : True
Is IST_3 spanning? : True
Is IST_4 spanning? : True
Is IST_5 spanning? : True
Are all ISTs independent? : True

====TEST CR(207, 17, 34)====
Is IST_0 spanning? : True
Is IST_1 spanning? : True
Is IST_2 spanning? : True
Is IST_3 spanning? : True
Is IST_4 spanning? : True
Is IST_5 spanning? : True
Are all ISTs independent? : True

====TEST CR(208, 17, 34)====
Is IST_0 spanning? : True
Is IST_1 spanning? : True
Is IST_2 spanning? : True
Is IST_3 spanning? : True
Is IST_4 spanning? : True
Is IST_5 spanning? : True
Are all ISTs independent? : True

====TEST CR(209, 17, 34)====
Is IST_0 spanning? : True
Is IST_1 spanning? : True
Is IST_2 spanning? : True
Is IST_3 spanning? : True
Is IST_4 spanning? : True
Is IST_5 spanning? : True
Are all ISTs independent? : True

====TEST CR(210, 17, 34)====
Is IST_0 spanning? : True
Is IST_1 spanning? : True
Is IST_2 spanning? : True
Is IST_3 spanning? : True
Is IST_4 spanning? : True
Is IST_5 spanning? : True
Are all ISTs independent? : True

====TEST CR(211, 17, 34)====
Is IST_0 spanning? : True
Is IST_1 spanning? : True
Is IST_2 spanning? : True
Is IST_3 spanning? : True
Is IST_4 spanning? : True
Is IST_5 spanning? : True
Are all ISTs independent? : True

====TEST CR(212, 17, 34)====
Is IST_0 spanning? : True
Is IST_1 spanning? : True
Is IST_2 spanning? : True
Is IST_3 spanning? : True
Is IST_4 spanning? : True
Is IST_5 spanning? : True
Are all ISTs independent? : True

====TEST CR(213, 17, 34)====
Is IST_0 spanning? : True
Is IST_1 spanning? : True
Is IST_2 spanning? : True
Is IST_3 spanning? : True
Is IST_4 spanning? : True
Is IST_5 spanning? : True
Are all ISTs independent? : True

====TEST CR(214, 17, 34)====
Is IST_0 spanning? : True
Is IST_1 spanning? : True
Is IST_2 spanning? : True
Is IST_3 spanning? : True
Is IST_4 spanning? : True
Is IST_5 spanning? : True
Are all ISTs independent? : True

====TEST CR(215, 17, 34)====
Is IST_0 spanning? : True
Is IST_1 spanning? : True
Is IST_2 spanning? : True
Is IST_3 spanning? : True
Is IST_4 spanning? : True
Is IST_5 spanning? : True
Are all ISTs independent? : True

====TEST CR(216, 17, 34)====
Is IST_0 spanning? : True
Is IST_1 spanning? : True
Is IST_2 spanning? : True
Is IST_3 spanning? : True
Is IST_4 spanning? : True
Is IST_5 spanning? : True
Are all ISTs independent? : True

====TEST CR(217, 17, 34)====
Is IST_0 spanning? : True
Is IST_1 spanning? : True
Is IST_2 spanning? : True
Is IST_3 spanning? : True
Is IST_4 spanning? : True
Is IST_5 spanning? : True
Are all ISTs independent? : True

====TEST CR(218, 17, 34)====
Is IST_0 spanning? : True
Is IST_1 spanning? : True
Is IST_2 spanning? : True
Is IST_3 spanning? : True
Is IST_4 spanning? : True
Is IST_5 spanning? : True
Are all ISTs independent? : True

====TEST CR(219, 17, 34)====
Is IST_0 spanning? : True
Is IST_1 spanning? : True
Is IST_2 spanning? : True
Is IST_3 spanning? : True
Is IST_4 spanning? : True
Is IST_5 spanning? : True
Are all ISTs independent? : True

====TEST CR(220, 17, 34)====
Is IST_0 spanning? : True
Is IST_1 spanning? : True
Is IST_2 spanning? : True
Is IST_3 spanning? : True
Is IST_4 spanning? : True
Is IST_5 spanning? : True
Are all ISTs independent? : True

====TEST CR(221, 17, 34)====
Is IST_0 spanning? : True
Is IST_1 spanning? : True
Is IST_2 spanning? : True
Is IST_3 spanning? : True
Is IST_4 spanning? : True
Is IST_5 spanning? : True
Are all ISTs independent? : True

====TEST CR(222, 17, 34)====
Is IST_0 spanning? : True
Is IST_1 spanning? : True
Is IST_2 spanning? : True
Is IST_3 spanning? : True
Is IST_4 spanning? : True
Is IST_5 spanning? : True
Are all ISTs independent? : True

====TEST CR(223, 17, 34)====
Is IST_0 spanning? : True
Is IST_1 spanning? : True
Is IST_2 spanning? : True
Is IST_3 spanning? : True
Is IST_4 spanning? : True
Is IST_5 spanning? : True
Are all ISTs independent? : True

====TEST CR(224, 17, 34)====
Is IST_0 spanning? : True
Is IST_1 spanning? : True
Is IST_2 spanning? : True
Is IST_3 spanning? : True
Is IST_4 spanning? : True
Is IST_5 spanning? : True
Are all ISTs independent? : True

====TEST CR(225, 17, 34)====
Is IST_0 spanning? : True
Is IST_1 spanning? : True
Is IST_2 spanning? : True
Is IST_3 spanning? : True
Is IST_4 spanning? : True
Is IST_5 spanning? : True
Are all ISTs independent? : True

====TEST CR(226, 17, 34)====
Is IST_0 spanning? : True
Is IST_1 spanning? : True
Is IST_2 spanning? : True
Is IST_3 spanning? : True
Is IST_4 spanning? : True
Is IST_5 spanning? : True
Are all ISTs independent? : True

====TEST CR(227, 17, 34)====
Is IST_0 spanning? : True
Is IST_1 spanning? : True
Is IST_2 spanning? : True
Is IST_3 spanning? : True
Is IST_4 spanning? : True
Is IST_5 spanning? : True
Are all ISTs independent? : True

====TEST CR(228, 17, 34)====
Is IST_0 spanning? : True
Is IST_1 spanning? : True
Is IST_2 spanning? : True
Is IST_3 spanning? : True
Is IST_4 spanning? : True
Is IST_5 spanning? : True
Are all ISTs independent? : True

====TEST CR(229, 17, 34)====
Is IST_0 spanning? : True
Is IST_1 spanning? : True
Is IST_2 spanning? : True
Is IST_3 spanning? : True
Is IST_4 spanning? : True
Is IST_5 spanning? : True
Are all ISTs independent? : True

====TEST CR(230, 17, 34)====
Is IST_0 spanning? : True
Is IST_1 spanning? : True
Is IST_2 spanning? : True
Is IST_3 spanning? : True
Is IST_4 spanning? : True
Is IST_5 spanning? : True
Are all ISTs independent? : True

====TEST CR(108, 18, 36)====
Is IST_0 spanning? : True
Is IST_1 spanning? : True
Is IST_2 spanning? : True
Is IST_3 spanning? : True
Is IST_4 spanning? : True
Is IST_5 spanning? : True
Are all ISTs independent? : True

====TEST CR(109, 18, 36)====
Is IST_0 spanning? : True
Is IST_1 spanning? : True
Is IST_2 spanning? : True
Is IST_3 spanning? : True
Is IST_4 spanning? : True
Is IST_5 spanning? : True
Are all ISTs independent? : True

====TEST CR(110, 18, 36)====
Is IST_0 spanning? : True
Is IST_1 spanning? : True
Is IST_2 spanning? : True
Is IST_3 spanning? : True
Is IST_4 spanning? : True
Is IST_5 spanning? : True
Are all ISTs independent? : True

====TEST CR(111, 18, 36)====
Is IST_0 spanning? : True
Is IST_1 spanning? : True
Is IST_2 spanning? : True
Is IST_3 spanning? : True
Is IST_4 spanning? : True
Is IST_5 spanning? : True
Are all ISTs independent? : True

====TEST CR(112, 18, 36)====
Is IST_0 spanning? : True
Is IST_1 spanning? : True
Is IST_2 spanning? : True
Is IST_3 spanning? : True
Is IST_4 spanning? : True
Is IST_5 spanning? : True
Are all ISTs independent? : True

====TEST CR(113, 18, 36)====
Is IST_0 spanning? : True
Is IST_1 spanning? : True
Is IST_2 spanning? : True
Is IST_3 spanning? : True
Is IST_4 spanning? : True
Is IST_5 spanning? : True
Are all ISTs independent? : True

====TEST CR(114, 18, 36)====
Is IST_0 spanning? : True
Is IST_1 spanning? : True
Is IST_2 spanning? : True
Is IST_3 spanning? : True
Is IST_4 spanning? : True
Is IST_5 spanning? : True
Are all ISTs independent? : True

====TEST CR(115, 18, 36)====
Is IST_0 spanning? : True
Is IST_1 spanning? : True
Is IST_2 spanning? : True
Is IST_3 spanning? : True
Is IST_4 spanning? : True
Is IST_5 spanning? : True
Are all ISTs independent? : True

====TEST CR(116, 18, 36)====
Is IST_0 spanning? : True
Is IST_1 spanning? : True
Is IST_2 spanning? : True
Is IST_3 spanning? : True
Is IST_4 spanning? : True
Is IST_5 spanning? : True
Are all ISTs independent? : True

====TEST CR(117, 18, 36)====
Is IST_0 spanning? : True
Is IST_1 spanning? : True
Is IST_2 spanning? : True
Is IST_3 spanning? : True
Is IST_4 spanning? : True
Is IST_5 spanning? : True
Are all ISTs independent? : True

====TEST CR(118, 18, 36)====
Is IST_0 spanning? : True
Is IST_1 spanning? : True
Is IST_2 spanning? : True
Is IST_3 spanning? : True
Is IST_4 spanning? : True
Is IST_5 spanning? : True
Are all ISTs independent? : True

====TEST CR(119, 18, 36)====
Is IST_0 spanning? : True
Is IST_1 spanning? : True
Is IST_2 spanning? : True
Is IST_3 spanning? : True
Is IST_4 spanning? : True
Is IST_5 spanning? : True
Are all ISTs independent? : True

====TEST CR(120, 18, 36)====
Is IST_0 spanning? : True
Is IST_1 spanning? : True
Is IST_2 spanning? : True
Is IST_3 spanning? : True
Is IST_4 spanning? : True
Is IST_5 spanning? : True
Are all ISTs independent? : True

====TEST CR(121, 18, 36)====
Is IST_0 spanning? : True
Is IST_1 spanning? : True
Is IST_2 spanning? : True
Is IST_3 spanning? : True
Is IST_4 spanning? : True
Is IST_5 spanning? : True
Are all ISTs independent? : True

====TEST CR(122, 18, 36)====
Is IST_0 spanning? : True
Is IST_1 spanning? : True
Is IST_2 spanning? : True
Is IST_3 spanning? : True
Is IST_4 spanning? : True
Is IST_5 spanning? : True
Are all ISTs independent? : True

====TEST CR(123, 18, 36)====
Is IST_0 spanning? : True
Is IST_1 spanning? : True
Is IST_2 spanning? : True
Is IST_3 spanning? : True
Is IST_4 spanning? : True
Is IST_5 spanning? : True
Are all ISTs independent? : True

====TEST CR(124, 18, 36)====
Is IST_0 spanning? : True
Is IST_1 spanning? : True
Is IST_2 spanning? : True
Is IST_3 spanning? : True
Is IST_4 spanning? : True
Is IST_5 spanning? : True
Are all ISTs independent? : True

====TEST CR(125, 18, 36)====
Is IST_0 spanning? : True
Is IST_1 spanning? : True
Is IST_2 spanning? : True
Is IST_3 spanning? : True
Is IST_4 spanning? : True
Is IST_5 spanning? : True
Are all ISTs independent? : True

====TEST CR(126, 18, 36)====
Is IST_0 spanning? : True
Is IST_1 spanning? : True
Is IST_2 spanning? : True
Is IST_3 spanning? : True
Is IST_4 spanning? : True
Is IST_5 spanning? : True
Are all ISTs independent? : True

====TEST CR(127, 18, 36)====
Is IST_0 spanning? : True
Is IST_1 spanning? : True
Is IST_2 spanning? : True
Is IST_3 spanning? : True
Is IST_4 spanning? : True
Is IST_5 spanning? : True
Are all ISTs independent? : True

====TEST CR(128, 18, 36)====
Is IST_0 spanning? : True
Is IST_1 spanning? : True
Is IST_2 spanning? : True
Is IST_3 spanning? : True
Is IST_4 spanning? : True
Is IST_5 spanning? : True
Are all ISTs independent? : True

====TEST CR(129, 18, 36)====
Is IST_0 spanning? : True
Is IST_1 spanning? : True
Is IST_2 spanning? : True
Is IST_3 spanning? : True
Is IST_4 spanning? : True
Is IST_5 spanning? : True
Are all ISTs independent? : True

====TEST CR(130, 18, 36)====
Is IST_0 spanning? : True
Is IST_1 spanning? : True
Is IST_2 spanning? : True
Is IST_3 spanning? : True
Is IST_4 spanning? : True
Is IST_5 spanning? : True
Are all ISTs independent? : True

====TEST CR(131, 18, 36)====
Is IST_0 spanning? : True
Is IST_1 spanning? : True
Is IST_2 spanning? : True
Is IST_3 spanning? : True
Is IST_4 spanning? : True
Is IST_5 spanning? : True
Are all ISTs independent? : True

====TEST CR(132, 18, 36)====
Is IST_0 spanning? : True
Is IST_1 spanning? : True
Is IST_2 spanning? : True
Is IST_3 spanning? : True
Is IST_4 spanning? : True
Is IST_5 spanning? : True
Are all ISTs independent? : True

====TEST CR(133, 18, 36)====
Is IST_0 spanning? : True
Is IST_1 spanning? : True
Is IST_2 spanning? : True
Is IST_3 spanning? : True
Is IST_4 spanning? : True
Is IST_5 spanning? : True
Are all ISTs independent? : True

====TEST CR(134, 18, 36)====
Is IST_0 spanning? : True
Is IST_1 spanning? : True
Is IST_2 spanning? : True
Is IST_3 spanning? : True
Is IST_4 spanning? : True
Is IST_5 spanning? : True
Are all ISTs independent? : True

====TEST CR(135, 18, 36)====
Is IST_0 spanning? : True
Is IST_1 spanning? : True
Is IST_2 spanning? : True
Is IST_3 spanning? : True
Is IST_4 spanning? : True
Is IST_5 spanning? : True
Are all ISTs independent? : True

====TEST CR(136, 18, 36)====
Is IST_0 spanning? : True
Is IST_1 spanning? : True
Is IST_2 spanning? : True
Is IST_3 spanning? : True
Is IST_4 spanning? : True
Is IST_5 spanning? : True
Are all ISTs independent? : True

====TEST CR(137, 18, 36)====
Is IST_0 spanning? : True
Is IST_1 spanning? : True
Is IST_2 spanning? : True
Is IST_3 spanning? : True
Is IST_4 spanning? : True
Is IST_5 spanning? : True
Are all ISTs independent? : True

====TEST CR(138, 18, 36)====
Is IST_0 spanning? : True
Is IST_1 spanning? : True
Is IST_2 spanning? : True
Is IST_3 spanning? : True
Is IST_4 spanning? : True
Is IST_5 spanning? : True
Are all ISTs independent? : True

====TEST CR(139, 18, 36)====
Is IST_0 spanning? : True
Is IST_1 spanning? : True
Is IST_2 spanning? : True
Is IST_3 spanning? : True
Is IST_4 spanning? : True
Is IST_5 spanning? : True
Are all ISTs independent? : True

====TEST CR(140, 18, 36)====
Is IST_0 spanning? : True
Is IST_1 spanning? : True
Is IST_2 spanning? : True
Is IST_3 spanning? : True
Is IST_4 spanning? : True
Is IST_5 spanning? : True
Are all ISTs independent? : True

====TEST CR(141, 18, 36)====
Is IST_0 spanning? : True
Is IST_1 spanning? : True
Is IST_2 spanning? : True
Is IST_3 spanning? : True
Is IST_4 spanning? : True
Is IST_5 spanning? : True
Are all ISTs independent? : True

====TEST CR(142, 18, 36)====
Is IST_0 spanning? : True
Is IST_1 spanning? : True
Is IST_2 spanning? : True
Is IST_3 spanning? : True
Is IST_4 spanning? : True
Is IST_5 spanning? : True
Are all ISTs independent? : True

====TEST CR(143, 18, 36)====
Is IST_0 spanning? : True
Is IST_1 spanning? : True
Is IST_2 spanning? : True
Is IST_3 spanning? : True
Is IST_4 spanning? : True
Is IST_5 spanning? : True
Are all ISTs independent? : True

====TEST CR(144, 18, 36)====
Is IST_0 spanning? : True
Is IST_1 spanning? : True
Is IST_2 spanning? : True
Is IST_3 spanning? : True
Is IST_4 spanning? : True
Is IST_5 spanning? : True
Are all ISTs independent? : True

====TEST CR(145, 18, 36)====
Is IST_0 spanning? : True
Is IST_1 spanning? : True
Is IST_2 spanning? : True
Is IST_3 spanning? : True
Is IST_4 spanning? : True
Is IST_5 spanning? : True
Are all ISTs independent? : True

====TEST CR(146, 18, 36)====
Is IST_0 spanning? : True
Is IST_1 spanning? : True
Is IST_2 spanning? : True
Is IST_3 spanning? : True
Is IST_4 spanning? : True
Is IST_5 spanning? : True
Are all ISTs independent? : True

====TEST CR(147, 18, 36)====
Is IST_0 spanning? : True
Is IST_1 spanning? : True
Is IST_2 spanning? : True
Is IST_3 spanning? : True
Is IST_4 spanning? : True
Is IST_5 spanning? : True
Are all ISTs independent? : True

====TEST CR(148, 18, 36)====
Is IST_0 spanning? : True
Is IST_1 spanning? : True
Is IST_2 spanning? : True
Is IST_3 spanning? : True
Is IST_4 spanning? : True
Is IST_5 spanning? : True
Are all ISTs independent? : True

====TEST CR(149, 18, 36)====
Is IST_0 spanning? : True
Is IST_1 spanning? : True
Is IST_2 spanning? : True
Is IST_3 spanning? : True
Is IST_4 spanning? : True
Is IST_5 spanning? : True
Are all ISTs independent? : True

====TEST CR(150, 18, 36)====
Is IST_0 spanning? : True
Is IST_1 spanning? : True
Is IST_2 spanning? : True
Is IST_3 spanning? : True
Is IST_4 spanning? : True
Is IST_5 spanning? : True
Are all ISTs independent? : True

====TEST CR(151, 18, 36)====
Is IST_0 spanning? : True
Is IST_1 spanning? : True
Is IST_2 spanning? : True
Is IST_3 spanning? : True
Is IST_4 spanning? : True
Is IST_5 spanning? : True
Are all ISTs independent? : True

====TEST CR(152, 18, 36)====
Is IST_0 spanning? : True
Is IST_1 spanning? : True
Is IST_2 spanning? : True
Is IST_3 spanning? : True
Is IST_4 spanning? : True
Is IST_5 spanning? : True
Are all ISTs independent? : True

====TEST CR(153, 18, 36)====
Is IST_0 spanning? : True
Is IST_1 spanning? : True
Is IST_2 spanning? : True
Is IST_3 spanning? : True
Is IST_4 spanning? : True
Is IST_5 spanning? : True
Are all ISTs independent? : True

====TEST CR(154, 18, 36)====
Is IST_0 spanning? : True
Is IST_1 spanning? : True
Is IST_2 spanning? : True
Is IST_3 spanning? : True
Is IST_4 spanning? : True
Is IST_5 spanning? : True
Are all ISTs independent? : True

====TEST CR(155, 18, 36)====
Is IST_0 spanning? : True
Is IST_1 spanning? : True
Is IST_2 spanning? : True
Is IST_3 spanning? : True
Is IST_4 spanning? : True
Is IST_5 spanning? : True
Are all ISTs independent? : True

====TEST CR(156, 18, 36)====
Is IST_0 spanning? : True
Is IST_1 spanning? : True
Is IST_2 spanning? : True
Is IST_3 spanning? : True
Is IST_4 spanning? : True
Is IST_5 spanning? : True
Are all ISTs independent? : True

====TEST CR(157, 18, 36)====
Is IST_0 spanning? : True
Is IST_1 spanning? : True
Is IST_2 spanning? : True
Is IST_3 spanning? : True
Is IST_4 spanning? : True
Is IST_5 spanning? : True
Are all ISTs independent? : True

====TEST CR(158, 18, 36)====
Is IST_0 spanning? : True
Is IST_1 spanning? : True
Is IST_2 spanning? : True
Is IST_3 spanning? : True
Is IST_4 spanning? : True
Is IST_5 spanning? : True
Are all ISTs independent? : True

====TEST CR(159, 18, 36)====
Is IST_0 spanning? : True
Is IST_1 spanning? : True
Is IST_2 spanning? : True
Is IST_3 spanning? : True
Is IST_4 spanning? : True
Is IST_5 spanning? : True
Are all ISTs independent? : True

====TEST CR(160, 18, 36)====
Is IST_0 spanning? : True
Is IST_1 spanning? : True
Is IST_2 spanning? : True
Is IST_3 spanning? : True
Is IST_4 spanning? : True
Is IST_5 spanning? : True
Are all ISTs independent? : True

====TEST CR(161, 18, 36)====
Is IST_0 spanning? : True
Is IST_1 spanning? : True
Is IST_2 spanning? : True
Is IST_3 spanning? : True
Is IST_4 spanning? : True
Is IST_5 spanning? : True
Are all ISTs independent? : True

====TEST CR(162, 18, 36)====
Is IST_0 spanning? : True
Is IST_1 spanning? : True
Is IST_2 spanning? : True
Is IST_3 spanning? : True
Is IST_4 spanning? : True
Is IST_5 spanning? : True
Are all ISTs independent? : True

====TEST CR(163, 18, 36)====
Is IST_0 spanning? : True
Is IST_1 spanning? : True
Is IST_2 spanning? : True
Is IST_3 spanning? : True
Is IST_4 spanning? : True
Is IST_5 spanning? : True
Are all ISTs independent? : True

====TEST CR(164, 18, 36)====
Is IST_0 spanning? : True
Is IST_1 spanning? : True
Is IST_2 spanning? : True
Is IST_3 spanning? : True
Is IST_4 spanning? : True
Is IST_5 spanning? : True
Are all ISTs independent? : True

====TEST CR(165, 18, 36)====
Is IST_0 spanning? : True
Is IST_1 spanning? : True
Is IST_2 spanning? : True
Is IST_3 spanning? : True
Is IST_4 spanning? : True
Is IST_5 spanning? : True
Are all ISTs independent? : True

====TEST CR(166, 18, 36)====
Is IST_0 spanning? : True
Is IST_1 spanning? : True
Is IST_2 spanning? : True
Is IST_3 spanning? : True
Is IST_4 spanning? : True
Is IST_5 spanning? : True
Are all ISTs independent? : True

====TEST CR(167, 18, 36)====
Is IST_0 spanning? : True
Is IST_1 spanning? : True
Is IST_2 spanning? : True
Is IST_3 spanning? : True
Is IST_4 spanning? : True
Is IST_5 spanning? : True
Are all ISTs independent? : True

====TEST CR(168, 18, 36)====
Is IST_0 spanning? : True
Is IST_1 spanning? : True
Is IST_2 spanning? : True
Is IST_3 spanning? : True
Is IST_4 spanning? : True
Is IST_5 spanning? : True
Are all ISTs independent? : True

====TEST CR(169, 18, 36)====
Is IST_0 spanning? : True
Is IST_1 spanning? : True
Is IST_2 spanning? : True
Is IST_3 spanning? : True
Is IST_4 spanning? : True
Is IST_5 spanning? : True
Are all ISTs independent? : True

====TEST CR(170, 18, 36)====
Is IST_0 spanning? : True
Is IST_1 spanning? : True
Is IST_2 spanning? : True
Is IST_3 spanning? : True
Is IST_4 spanning? : True
Is IST_5 spanning? : True
Are all ISTs independent? : True

====TEST CR(171, 18, 36)====
Is IST_0 spanning? : True
Is IST_1 spanning? : True
Is IST_2 spanning? : True
Is IST_3 spanning? : True
Is IST_4 spanning? : True
Is IST_5 spanning? : True
Are all ISTs independent? : True

====TEST CR(172, 18, 36)====
Is IST_0 spanning? : True
Is IST_1 spanning? : True
Is IST_2 spanning? : True
Is IST_3 spanning? : True
Is IST_4 spanning? : True
Is IST_5 spanning? : True
Are all ISTs independent? : True

====TEST CR(173, 18, 36)====
Is IST_0 spanning? : True
Is IST_1 spanning? : True
Is IST_2 spanning? : True
Is IST_3 spanning? : True
Is IST_4 spanning? : True
Is IST_5 spanning? : True
Are all ISTs independent? : True

====TEST CR(174, 18, 36)====
Is IST_0 spanning? : True
Is IST_1 spanning? : True
Is IST_2 spanning? : True
Is IST_3 spanning? : True
Is IST_4 spanning? : True
Is IST_5 spanning? : True
Are all ISTs independent? : True

====TEST CR(175, 18, 36)====
Is IST_0 spanning? : True
Is IST_1 spanning? : True
Is IST_2 spanning? : True
Is IST_3 spanning? : True
Is IST_4 spanning? : True
Is IST_5 spanning? : True
Are all ISTs independent? : True

====TEST CR(176, 18, 36)====
Is IST_0 spanning? : True
Is IST_1 spanning? : True
Is IST_2 spanning? : True
Is IST_3 spanning? : True
Is IST_4 spanning? : True
Is IST_5 spanning? : True
Are all ISTs independent? : True

====TEST CR(177, 18, 36)====
Is IST_0 spanning? : True
Is IST_1 spanning? : True
Is IST_2 spanning? : True
Is IST_3 spanning? : True
Is IST_4 spanning? : True
Is IST_5 spanning? : True
Are all ISTs independent? : True

====TEST CR(178, 18, 36)====
Is IST_0 spanning? : True
Is IST_1 spanning? : True
Is IST_2 spanning? : True
Is IST_3 spanning? : True
Is IST_4 spanning? : True
Is IST_5 spanning? : True
Are all ISTs independent? : True

====TEST CR(179, 18, 36)====
Is IST_0 spanning? : True
Is IST_1 spanning? : True
Is IST_2 spanning? : True
Is IST_3 spanning? : True
Is IST_4 spanning? : True
Is IST_5 spanning? : True
Are all ISTs independent? : True

====TEST CR(180, 18, 36)====
Is IST_0 spanning? : True
Is IST_1 spanning? : True
Is IST_2 spanning? : True
Is IST_3 spanning? : True
Is IST_4 spanning? : True
Is IST_5 spanning? : True
Are all ISTs independent? : True

====TEST CR(181, 18, 36)====
Is IST_0 spanning? : True
Is IST_1 spanning? : True
Is IST_2 spanning? : True
Is IST_3 spanning? : True
Is IST_4 spanning? : True
Is IST_5 spanning? : True
Are all ISTs independent? : True

====TEST CR(182, 18, 36)====
Is IST_0 spanning? : True
Is IST_1 spanning? : True
Is IST_2 spanning? : True
Is IST_3 spanning? : True
Is IST_4 spanning? : True
Is IST_5 spanning? : True
Are all ISTs independent? : True

====TEST CR(183, 18, 36)====
Is IST_0 spanning? : True
Is IST_1 spanning? : True
Is IST_2 spanning? : True
Is IST_3 spanning? : True
Is IST_4 spanning? : True
Is IST_5 spanning? : True
Are all ISTs independent? : True

====TEST CR(184, 18, 36)====
Is IST_0 spanning? : True
Is IST_1 spanning? : True
Is IST_2 spanning? : True
Is IST_3 spanning? : True
Is IST_4 spanning? : True
Is IST_5 spanning? : True
Are all ISTs independent? : True

====TEST CR(185, 18, 36)====
Is IST_0 spanning? : True
Is IST_1 spanning? : True
Is IST_2 spanning? : True
Is IST_3 spanning? : True
Is IST_4 spanning? : True
Is IST_5 spanning? : True
Are all ISTs independent? : True

====TEST CR(186, 18, 36)====
Is IST_0 spanning? : True
Is IST_1 spanning? : True
Is IST_2 spanning? : True
Is IST_3 spanning? : True
Is IST_4 spanning? : True
Is IST_5 spanning? : True
Are all ISTs independent? : True

====TEST CR(187, 18, 36)====
Is IST_0 spanning? : True
Is IST_1 spanning? : True
Is IST_2 spanning? : True
Is IST_3 spanning? : True
Is IST_4 spanning? : True
Is IST_5 spanning? : True
Are all ISTs independent? : True

====TEST CR(188, 18, 36)====
Is IST_0 spanning? : True
Is IST_1 spanning? : True
Is IST_2 spanning? : True
Is IST_3 spanning? : True
Is IST_4 spanning? : True
Is IST_5 spanning? : True
Are all ISTs independent? : True

====TEST CR(189, 18, 36)====
Is IST_0 spanning? : True
Is IST_1 spanning? : True
Is IST_2 spanning? : True
Is IST_3 spanning? : True
Is IST_4 spanning? : True
Is IST_5 spanning? : True
Are all ISTs independent? : True

====TEST CR(190, 18, 36)====
Is IST_0 spanning? : True
Is IST_1 spanning? : True
Is IST_2 spanning? : True
Is IST_3 spanning? : True
Is IST_4 spanning? : True
Is IST_5 spanning? : True
Are all ISTs independent? : True

====TEST CR(191, 18, 36)====
Is IST_0 spanning? : True
Is IST_1 spanning? : True
Is IST_2 spanning? : True
Is IST_3 spanning? : True
Is IST_4 spanning? : True
Is IST_5 spanning? : True
Are all ISTs independent? : True

====TEST CR(192, 18, 36)====
Is IST_0 spanning? : True
Is IST_1 spanning? : True
Is IST_2 spanning? : True
Is IST_3 spanning? : True
Is IST_4 spanning? : True
Is IST_5 spanning? : True
Are all ISTs independent? : True

====TEST CR(193, 18, 36)====
Is IST_0 spanning? : True
Is IST_1 spanning? : True
Is IST_2 spanning? : True
Is IST_3 spanning? : True
Is IST_4 spanning? : True
Is IST_5 spanning? : True
Are all ISTs independent? : True

====TEST CR(194, 18, 36)====
Is IST_0 spanning? : True
Is IST_1 spanning? : True
Is IST_2 spanning? : True
Is IST_3 spanning? : True
Is IST_4 spanning? : True
Is IST_5 spanning? : True
Are all ISTs independent? : True

====TEST CR(195, 18, 36)====
Is IST_0 spanning? : True
Is IST_1 spanning? : True
Is IST_2 spanning? : True
Is IST_3 spanning? : True
Is IST_4 spanning? : True
Is IST_5 spanning? : True
Are all ISTs independent? : True

====TEST CR(196, 18, 36)====
Is IST_0 spanning? : True
Is IST_1 spanning? : True
Is IST_2 spanning? : True
Is IST_3 spanning? : True
Is IST_4 spanning? : True
Is IST_5 spanning? : True
Are all ISTs independent? : True

====TEST CR(197, 18, 36)====
Is IST_0 spanning? : True
Is IST_1 spanning? : True
Is IST_2 spanning? : True
Is IST_3 spanning? : True
Is IST_4 spanning? : True
Is IST_5 spanning? : True
Are all ISTs independent? : True

====TEST CR(198, 18, 36)====
Is IST_0 spanning? : True
Is IST_1 spanning? : True
Is IST_2 spanning? : True
Is IST_3 spanning? : True
Is IST_4 spanning? : True
Is IST_5 spanning? : True
Are all ISTs independent? : True

====TEST CR(199, 18, 36)====
Is IST_0 spanning? : True
Is IST_1 spanning? : True
Is IST_2 spanning? : True
Is IST_3 spanning? : True
Is IST_4 spanning? : True
Is IST_5 spanning? : True
Are all ISTs independent? : True

====TEST CR(200, 18, 36)====
Is IST_0 spanning? : True
Is IST_1 spanning? : True
Is IST_2 spanning? : True
Is IST_3 spanning? : True
Is IST_4 spanning? : True
Is IST_5 spanning? : True
Are all ISTs independent? : True

====TEST CR(201, 18, 36)====
Is IST_0 spanning? : True
Is IST_1 spanning? : True
Is IST_2 spanning? : True
Is IST_3 spanning? : True
Is IST_4 spanning? : True
Is IST_5 spanning? : True
Are all ISTs independent? : True

====TEST CR(202, 18, 36)====
Is IST_0 spanning? : True
Is IST_1 spanning? : True
Is IST_2 spanning? : True
Is IST_3 spanning? : True
Is IST_4 spanning? : True
Is IST_5 spanning? : True
Are all ISTs independent? : True

====TEST CR(203, 18, 36)====
Is IST_0 spanning? : True
Is IST_1 spanning? : True
Is IST_2 spanning? : True
Is IST_3 spanning? : True
Is IST_4 spanning? : True
Is IST_5 spanning? : True
Are all ISTs independent? : True

====TEST CR(204, 18, 36)====
Is IST_0 spanning? : True
Is IST_1 spanning? : True
Is IST_2 spanning? : True
Is IST_3 spanning? : True
Is IST_4 spanning? : True
Is IST_5 spanning? : True
Are all ISTs independent? : True

====TEST CR(205, 18, 36)====
Is IST_0 spanning? : True
Is IST_1 spanning? : True
Is IST_2 spanning? : True
Is IST_3 spanning? : True
Is IST_4 spanning? : True
Is IST_5 spanning? : True
Are all ISTs independent? : True

====TEST CR(206, 18, 36)====
Is IST_0 spanning? : True
Is IST_1 spanning? : True
Is IST_2 spanning? : True
Is IST_3 spanning? : True
Is IST_4 spanning? : True
Is IST_5 spanning? : True
Are all ISTs independent? : True

====TEST CR(207, 18, 36)====
Is IST_0 spanning? : True
Is IST_1 spanning? : True
Is IST_2 spanning? : True
Is IST_3 spanning? : True
Is IST_4 spanning? : True
Is IST_5 spanning? : True
Are all ISTs independent? : True

====TEST CR(208, 18, 36)====
Is IST_0 spanning? : True
Is IST_1 spanning? : True
Is IST_2 spanning? : True
Is IST_3 spanning? : True
Is IST_4 spanning? : True
Is IST_5 spanning? : True
Are all ISTs independent? : True

====TEST CR(209, 18, 36)====
Is IST_0 spanning? : True
Is IST_1 spanning? : True
Is IST_2 spanning? : True
Is IST_3 spanning? : True
Is IST_4 spanning? : True
Is IST_5 spanning? : True
Are all ISTs independent? : True

====TEST CR(210, 18, 36)====
Is IST_0 spanning? : True
Is IST_1 spanning? : True
Is IST_2 spanning? : True
Is IST_3 spanning? : True
Is IST_4 spanning? : True
Is IST_5 spanning? : True
Are all ISTs independent? : True

====TEST CR(211, 18, 36)====
Is IST_0 spanning? : True
Is IST_1 spanning? : True
Is IST_2 spanning? : True
Is IST_3 spanning? : True
Is IST_4 spanning? : True
Is IST_5 spanning? : True
Are all ISTs independent? : True

====TEST CR(212, 18, 36)====
Is IST_0 spanning? : True
Is IST_1 spanning? : True
Is IST_2 spanning? : True
Is IST_3 spanning? : True
Is IST_4 spanning? : True
Is IST_5 spanning? : True
Are all ISTs independent? : True

====TEST CR(213, 18, 36)====
Is IST_0 spanning? : True
Is IST_1 spanning? : True
Is IST_2 spanning? : True
Is IST_3 spanning? : True
Is IST_4 spanning? : True
Is IST_5 spanning? : True
Are all ISTs independent? : True

====TEST CR(214, 18, 36)====
Is IST_0 spanning? : True
Is IST_1 spanning? : True
Is IST_2 spanning? : True
Is IST_3 spanning? : True
Is IST_4 spanning? : True
Is IST_5 spanning? : True
Are all ISTs independent? : True

====TEST CR(215, 18, 36)====
Is IST_0 spanning? : True
Is IST_1 spanning? : True
Is IST_2 spanning? : True
Is IST_3 spanning? : True
Is IST_4 spanning? : True
Is IST_5 spanning? : True
Are all ISTs independent? : True

====TEST CR(216, 18, 36)====
Is IST_0 spanning? : True
Is IST_1 spanning? : True
Is IST_2 spanning? : True
Is IST_3 spanning? : True
Is IST_4 spanning? : True
Is IST_5 spanning? : True
Are all ISTs independent? : True

====TEST CR(217, 18, 36)====
Is IST_0 spanning? : True
Is IST_1 spanning? : True
Is IST_2 spanning? : True
Is IST_3 spanning? : True
Is IST_4 spanning? : True
Is IST_5 spanning? : True
Are all ISTs independent? : True

====TEST CR(218, 18, 36)====
Is IST_0 spanning? : True
Is IST_1 spanning? : True
Is IST_2 spanning? : True
Is IST_3 spanning? : True
Is IST_4 spanning? : True
Is IST_5 spanning? : True
Are all ISTs independent? : True

====TEST CR(219, 18, 36)====
Is IST_0 spanning? : True
Is IST_1 spanning? : True
Is IST_2 spanning? : True
Is IST_3 spanning? : True
Is IST_4 spanning? : True
Is IST_5 spanning? : True
Are all ISTs independent? : True

====TEST CR(220, 18, 36)====
Is IST_0 spanning? : True
Is IST_1 spanning? : True
Is IST_2 spanning? : True
Is IST_3 spanning? : True
Is IST_4 spanning? : True
Is IST_5 spanning? : True
Are all ISTs independent? : True

====TEST CR(221, 18, 36)====
Is IST_0 spanning? : True
Is IST_1 spanning? : True
Is IST_2 spanning? : True
Is IST_3 spanning? : True
Is IST_4 spanning? : True
Is IST_5 spanning? : True
Are all ISTs independent? : True

====TEST CR(222, 18, 36)====
Is IST_0 spanning? : True
Is IST_1 spanning? : True
Is IST_2 spanning? : True
Is IST_3 spanning? : True
Is IST_4 spanning? : True
Is IST_5 spanning? : True
Are all ISTs independent? : True

====TEST CR(223, 18, 36)====
Is IST_0 spanning? : True
Is IST_1 spanning? : True
Is IST_2 spanning? : True
Is IST_3 spanning? : True
Is IST_4 spanning? : True
Is IST_5 spanning? : True
Are all ISTs independent? : True

====TEST CR(224, 18, 36)====
Is IST_0 spanning? : True
Is IST_1 spanning? : True
Is IST_2 spanning? : True
Is IST_3 spanning? : True
Is IST_4 spanning? : True
Is IST_5 spanning? : True
Are all ISTs independent? : True

====TEST CR(225, 18, 36)====
Is IST_0 spanning? : True
Is IST_1 spanning? : True
Is IST_2 spanning? : True
Is IST_3 spanning? : True
Is IST_4 spanning? : True
Is IST_5 spanning? : True
Are all ISTs independent? : True

====TEST CR(226, 18, 36)====
Is IST_0 spanning? : True
Is IST_1 spanning? : True
Is IST_2 spanning? : True
Is IST_3 spanning? : True
Is IST_4 spanning? : True
Is IST_5 spanning? : True
Are all ISTs independent? : True

====TEST CR(227, 18, 36)====
Is IST_0 spanning? : True
Is IST_1 spanning? : True
Is IST_2 spanning? : True
Is IST_3 spanning? : True
Is IST_4 spanning? : True
Is IST_5 spanning? : True
Are all ISTs independent? : True

====TEST CR(228, 18, 36)====
Is IST_0 spanning? : True
Is IST_1 spanning? : True
Is IST_2 spanning? : True
Is IST_3 spanning? : True
Is IST_4 spanning? : True
Is IST_5 spanning? : True
Are all ISTs independent? : True

====TEST CR(229, 18, 36)====
Is IST_0 spanning? : True
Is IST_1 spanning? : True
Is IST_2 spanning? : True
Is IST_3 spanning? : True
Is IST_4 spanning? : True
Is IST_5 spanning? : True
Are all ISTs independent? : True

====TEST CR(230, 18, 36)====
Is IST_0 spanning? : True
Is IST_1 spanning? : True
Is IST_2 spanning? : True
Is IST_3 spanning? : True
Is IST_4 spanning? : True
Is IST_5 spanning? : True
Are all ISTs independent? : True

====TEST CR(231, 18, 36)====
Is IST_0 spanning? : True
Is IST_1 spanning? : True
Is IST_2 spanning? : True
Is IST_3 spanning? : True
Is IST_4 spanning? : True
Is IST_5 spanning? : True
Are all ISTs independent? : True

====TEST CR(232, 18, 36)====
Is IST_0 spanning? : True
Is IST_1 spanning? : True
Is IST_2 spanning? : True
Is IST_3 spanning? : True
Is IST_4 spanning? : True
Is IST_5 spanning? : True
Are all ISTs independent? : True

====TEST CR(233, 18, 36)====
Is IST_0 spanning? : True
Is IST_1 spanning? : True
Is IST_2 spanning? : True
Is IST_3 spanning? : True
Is IST_4 spanning? : True
Is IST_5 spanning? : True
Are all ISTs independent? : True

====TEST CR(234, 18, 36)====
Is IST_0 spanning? : True
Is IST_1 spanning? : True
Is IST_2 spanning? : True
Is IST_3 spanning? : True
Is IST_4 spanning? : True
Is IST_5 spanning? : True
Are all ISTs independent? : True

====TEST CR(235, 18, 36)====
Is IST_0 spanning? : True
Is IST_1 spanning? : True
Is IST_2 spanning? : True
Is IST_3 spanning? : True
Is IST_4 spanning? : True
Is IST_5 spanning? : True
Are all ISTs independent? : True

====TEST CR(236, 18, 36)====
Is IST_0 spanning? : True
Is IST_1 spanning? : True
Is IST_2 spanning? : True
Is IST_3 spanning? : True
Is IST_4 spanning? : True
Is IST_5 spanning? : True
Are all ISTs independent? : True

====TEST CR(114, 19, 38)====
Is IST_0 spanning? : True
Is IST_1 spanning? : True
Is IST_2 spanning? : True
Is IST_3 spanning? : True
Is IST_4 spanning? : True
Is IST_5 spanning? : True
Are all ISTs independent? : True

====TEST CR(115, 19, 38)====
Is IST_0 spanning? : True
Is IST_1 spanning? : True
Is IST_2 spanning? : True
Is IST_3 spanning? : True
Is IST_4 spanning? : True
Is IST_5 spanning? : True
Are all ISTs independent? : True

====TEST CR(116, 19, 38)====
Is IST_0 spanning? : True
Is IST_1 spanning? : True
Is IST_2 spanning? : True
Is IST_3 spanning? : True
Is IST_4 spanning? : True
Is IST_5 spanning? : True
Are all ISTs independent? : True

====TEST CR(117, 19, 38)====
Is IST_0 spanning? : True
Is IST_1 spanning? : True
Is IST_2 spanning? : True
Is IST_3 spanning? : True
Is IST_4 spanning? : True
Is IST_5 spanning? : True
Are all ISTs independent? : True

====TEST CR(118, 19, 38)====
Is IST_0 spanning? : True
Is IST_1 spanning? : True
Is IST_2 spanning? : True
Is IST_3 spanning? : True
Is IST_4 spanning? : True
Is IST_5 spanning? : True
Are all ISTs independent? : True

====TEST CR(119, 19, 38)====
Is IST_0 spanning? : True
Is IST_1 spanning? : True
Is IST_2 spanning? : True
Is IST_3 spanning? : True
Is IST_4 spanning? : True
Is IST_5 spanning? : True
Are all ISTs independent? : True

====TEST CR(120, 19, 38)====
Is IST_0 spanning? : True
Is IST_1 spanning? : True
Is IST_2 spanning? : True
Is IST_3 spanning? : True
Is IST_4 spanning? : True
Is IST_5 spanning? : True
Are all ISTs independent? : True

====TEST CR(121, 19, 38)====
Is IST_0 spanning? : True
Is IST_1 spanning? : True
Is IST_2 spanning? : True
Is IST_3 spanning? : True
Is IST_4 spanning? : True
Is IST_5 spanning? : True
Are all ISTs independent? : True

====TEST CR(122, 19, 38)====
Is IST_0 spanning? : True
Is IST_1 spanning? : True
Is IST_2 spanning? : True
Is IST_3 spanning? : True
Is IST_4 spanning? : True
Is IST_5 spanning? : True
Are all ISTs independent? : True

====TEST CR(123, 19, 38)====
Is IST_0 spanning? : True
Is IST_1 spanning? : True
Is IST_2 spanning? : True
Is IST_3 spanning? : True
Is IST_4 spanning? : True
Is IST_5 spanning? : True
Are all ISTs independent? : True

====TEST CR(124, 19, 38)====
Is IST_0 spanning? : True
Is IST_1 spanning? : True
Is IST_2 spanning? : True
Is IST_3 spanning? : True
Is IST_4 spanning? : True
Is IST_5 spanning? : True
Are all ISTs independent? : True

====TEST CR(125, 19, 38)====
Is IST_0 spanning? : True
Is IST_1 spanning? : True
Is IST_2 spanning? : True
Is IST_3 spanning? : True
Is IST_4 spanning? : True
Is IST_5 spanning? : True
Are all ISTs independent? : True

====TEST CR(126, 19, 38)====
Is IST_0 spanning? : True
Is IST_1 spanning? : True
Is IST_2 spanning? : True
Is IST_3 spanning? : True
Is IST_4 spanning? : True
Is IST_5 spanning? : True
Are all ISTs independent? : True

====TEST CR(127, 19, 38)====
Is IST_0 spanning? : True
Is IST_1 spanning? : True
Is IST_2 spanning? : True
Is IST_3 spanning? : True
Is IST_4 spanning? : True
Is IST_5 spanning? : True
Are all ISTs independent? : True

====TEST CR(128, 19, 38)====
Is IST_0 spanning? : True
Is IST_1 spanning? : True
Is IST_2 spanning? : True
Is IST_3 spanning? : True
Is IST_4 spanning? : True
Is IST_5 spanning? : True
Are all ISTs independent? : True

====TEST CR(129, 19, 38)====
Is IST_0 spanning? : True
Is IST_1 spanning? : True
Is IST_2 spanning? : True
Is IST_3 spanning? : True
Is IST_4 spanning? : True
Is IST_5 spanning? : True
Are all ISTs independent? : True

====TEST CR(130, 19, 38)====
Is IST_0 spanning? : True
Is IST_1 spanning? : True
Is IST_2 spanning? : True
Is IST_3 spanning? : True
Is IST_4 spanning? : True
Is IST_5 spanning? : True
Are all ISTs independent? : True

====TEST CR(131, 19, 38)====
Is IST_0 spanning? : True
Is IST_1 spanning? : True
Is IST_2 spanning? : True
Is IST_3 spanning? : True
Is IST_4 spanning? : True
Is IST_5 spanning? : True
Are all ISTs independent? : True

====TEST CR(132, 19, 38)====
Is IST_0 spanning? : True
Is IST_1 spanning? : True
Is IST_2 spanning? : True
Is IST_3 spanning? : True
Is IST_4 spanning? : True
Is IST_5 spanning? : True
Are all ISTs independent? : True

====TEST CR(133, 19, 38)====
Is IST_0 spanning? : True
Is IST_1 spanning? : True
Is IST_2 spanning? : True
Is IST_3 spanning? : True
Is IST_4 spanning? : True
Is IST_5 spanning? : True
Are all ISTs independent? : True

====TEST CR(134, 19, 38)====
Is IST_0 spanning? : True
Is IST_1 spanning? : True
Is IST_2 spanning? : True
Is IST_3 spanning? : True
Is IST_4 spanning? : True
Is IST_5 spanning? : True
Are all ISTs independent? : True

====TEST CR(135, 19, 38)====
Is IST_0 spanning? : True
Is IST_1 spanning? : True
Is IST_2 spanning? : True
Is IST_3 spanning? : True
Is IST_4 spanning? : True
Is IST_5 spanning? : True
Are all ISTs independent? : True

====TEST CR(136, 19, 38)====
Is IST_0 spanning? : True
Is IST_1 spanning? : True
Is IST_2 spanning? : True
Is IST_3 spanning? : True
Is IST_4 spanning? : True
Is IST_5 spanning? : True
Are all ISTs independent? : True

====TEST CR(137, 19, 38)====
Is IST_0 spanning? : True
Is IST_1 spanning? : True
Is IST_2 spanning? : True
Is IST_3 spanning? : True
Is IST_4 spanning? : True
Is IST_5 spanning? : True
Are all ISTs independent? : True

====TEST CR(138, 19, 38)====
Is IST_0 spanning? : True
Is IST_1 spanning? : True
Is IST_2 spanning? : True
Is IST_3 spanning? : True
Is IST_4 spanning? : True
Is IST_5 spanning? : True
Are all ISTs independent? : True

====TEST CR(139, 19, 38)====
Is IST_0 spanning? : True
Is IST_1 spanning? : True
Is IST_2 spanning? : True
Is IST_3 spanning? : True
Is IST_4 spanning? : True
Is IST_5 spanning? : True
Are all ISTs independent? : True

====TEST CR(140, 19, 38)====
Is IST_0 spanning? : True
Is IST_1 spanning? : True
Is IST_2 spanning? : True
Is IST_3 spanning? : True
Is IST_4 spanning? : True
Is IST_5 spanning? : True
Are all ISTs independent? : True

====TEST CR(141, 19, 38)====
Is IST_0 spanning? : True
Is IST_1 spanning? : True
Is IST_2 spanning? : True
Is IST_3 spanning? : True
Is IST_4 spanning? : True
Is IST_5 spanning? : True
Are all ISTs independent? : True

====TEST CR(142, 19, 38)====
Is IST_0 spanning? : True
Is IST_1 spanning? : True
Is IST_2 spanning? : True
Is IST_3 spanning? : True
Is IST_4 spanning? : True
Is IST_5 spanning? : True
Are all ISTs independent? : True

====TEST CR(143, 19, 38)====
Is IST_0 spanning? : True
Is IST_1 spanning? : True
Is IST_2 spanning? : True
Is IST_3 spanning? : True
Is IST_4 spanning? : True
Is IST_5 spanning? : True
Are all ISTs independent? : True

====TEST CR(144, 19, 38)====
Is IST_0 spanning? : True
Is IST_1 spanning? : True
Is IST_2 spanning? : True
Is IST_3 spanning? : True
Is IST_4 spanning? : True
Is IST_5 spanning? : True
Are all ISTs independent? : True

====TEST CR(145, 19, 38)====
Is IST_0 spanning? : True
Is IST_1 spanning? : True
Is IST_2 spanning? : True
Is IST_3 spanning? : True
Is IST_4 spanning? : True
Is IST_5 spanning? : True
Are all ISTs independent? : True

====TEST CR(146, 19, 38)====
Is IST_0 spanning? : True
Is IST_1 spanning? : True
Is IST_2 spanning? : True
Is IST_3 spanning? : True
Is IST_4 spanning? : True
Is IST_5 spanning? : True
Are all ISTs independent? : True

====TEST CR(147, 19, 38)====
Is IST_0 spanning? : True
Is IST_1 spanning? : True
Is IST_2 spanning? : True
Is IST_3 spanning? : True
Is IST_4 spanning? : True
Is IST_5 spanning? : True
Are all ISTs independent? : True

====TEST CR(148, 19, 38)====
Is IST_0 spanning? : True
Is IST_1 spanning? : True
Is IST_2 spanning? : True
Is IST_3 spanning? : True
Is IST_4 spanning? : True
Is IST_5 spanning? : True
Are all ISTs independent? : True

====TEST CR(149, 19, 38)====
Is IST_0 spanning? : True
Is IST_1 spanning? : True
Is IST_2 spanning? : True
Is IST_3 spanning? : True
Is IST_4 spanning? : True
Is IST_5 spanning? : True
Are all ISTs independent? : True

====TEST CR(150, 19, 38)====
Is IST_0 spanning? : True
Is IST_1 spanning? : True
Is IST_2 spanning? : True
Is IST_3 spanning? : True
Is IST_4 spanning? : True
Is IST_5 spanning? : True
Are all ISTs independent? : True

====TEST CR(151, 19, 38)====
Is IST_0 spanning? : True
Is IST_1 spanning? : True
Is IST_2 spanning? : True
Is IST_3 spanning? : True
Is IST_4 spanning? : True
Is IST_5 spanning? : True
Are all ISTs independent? : True

====TEST CR(152, 19, 38)====
Is IST_0 spanning? : True
Is IST_1 spanning? : True
Is IST_2 spanning? : True
Is IST_3 spanning? : True
Is IST_4 spanning? : True
Is IST_5 spanning? : True
Are all ISTs independent? : True

====TEST CR(153, 19, 38)====
Is IST_0 spanning? : True
Is IST_1 spanning? : True
Is IST_2 spanning? : True
Is IST_3 spanning? : True
Is IST_4 spanning? : True
Is IST_5 spanning? : True
Are all ISTs independent? : True

====TEST CR(154, 19, 38)====
Is IST_0 spanning? : True
Is IST_1 spanning? : True
Is IST_2 spanning? : True
Is IST_3 spanning? : True
Is IST_4 spanning? : True
Is IST_5 spanning? : True
Are all ISTs independent? : True

====TEST CR(155, 19, 38)====
Is IST_0 spanning? : True
Is IST_1 spanning? : True
Is IST_2 spanning? : True
Is IST_3 spanning? : True
Is IST_4 spanning? : True
Is IST_5 spanning? : True
Are all ISTs independent? : True

====TEST CR(156, 19, 38)====
Is IST_0 spanning? : True
Is IST_1 spanning? : True
Is IST_2 spanning? : True
Is IST_3 spanning? : True
Is IST_4 spanning? : True
Is IST_5 spanning? : True
Are all ISTs independent? : True

====TEST CR(157, 19, 38)====
Is IST_0 spanning? : True
Is IST_1 spanning? : True
Is IST_2 spanning? : True
Is IST_3 spanning? : True
Is IST_4 spanning? : True
Is IST_5 spanning? : True
Are all ISTs independent? : True

====TEST CR(158, 19, 38)====
Is IST_0 spanning? : True
Is IST_1 spanning? : True
Is IST_2 spanning? : True
Is IST_3 spanning? : True
Is IST_4 spanning? : True
Is IST_5 spanning? : True
Are all ISTs independent? : True

====TEST CR(159, 19, 38)====
Is IST_0 spanning? : True
Is IST_1 spanning? : True
Is IST_2 spanning? : True
Is IST_3 spanning? : True
Is IST_4 spanning? : True
Is IST_5 spanning? : True
Are all ISTs independent? : True

====TEST CR(160, 19, 38)====
Is IST_0 spanning? : True
Is IST_1 spanning? : True
Is IST_2 spanning? : True
Is IST_3 spanning? : True
Is IST_4 spanning? : True
Is IST_5 spanning? : True
Are all ISTs independent? : True

====TEST CR(161, 19, 38)====
Is IST_0 spanning? : True
Is IST_1 spanning? : True
Is IST_2 spanning? : True
Is IST_3 spanning? : True
Is IST_4 spanning? : True
Is IST_5 spanning? : True
Are all ISTs independent? : True

====TEST CR(162, 19, 38)====
Is IST_0 spanning? : True
Is IST_1 spanning? : True
Is IST_2 spanning? : True
Is IST_3 spanning? : True
Is IST_4 spanning? : True
Is IST_5 spanning? : True
Are all ISTs independent? : True

====TEST CR(163, 19, 38)====
Is IST_0 spanning? : True
Is IST_1 spanning? : True
Is IST_2 spanning? : True
Is IST_3 spanning? : True
Is IST_4 spanning? : True
Is IST_5 spanning? : True
Are all ISTs independent? : True

====TEST CR(164, 19, 38)====
Is IST_0 spanning? : True
Is IST_1 spanning? : True
Is IST_2 spanning? : True
Is IST_3 spanning? : True
Is IST_4 spanning? : True
Is IST_5 spanning? : True
Are all ISTs independent? : True

====TEST CR(165, 19, 38)====
Is IST_0 spanning? : True
Is IST_1 spanning? : True
Is IST_2 spanning? : True
Is IST_3 spanning? : True
Is IST_4 spanning? : True
Is IST_5 spanning? : True
Are all ISTs independent? : True

====TEST CR(166, 19, 38)====
Is IST_0 spanning? : True
Is IST_1 spanning? : True
Is IST_2 spanning? : True
Is IST_3 spanning? : True
Is IST_4 spanning? : True
Is IST_5 spanning? : True
Are all ISTs independent? : True

====TEST CR(167, 19, 38)====
Is IST_0 spanning? : True
Is IST_1 spanning? : True
Is IST_2 spanning? : True
Is IST_3 spanning? : True
Is IST_4 spanning? : True
Is IST_5 spanning? : True
Are all ISTs independent? : True

====TEST CR(168, 19, 38)====
Is IST_0 spanning? : True
Is IST_1 spanning? : True
Is IST_2 spanning? : True
Is IST_3 spanning? : True
Is IST_4 spanning? : True
Is IST_5 spanning? : True
Are all ISTs independent? : True

====TEST CR(169, 19, 38)====
Is IST_0 spanning? : True
Is IST_1 spanning? : True
Is IST_2 spanning? : True
Is IST_3 spanning? : True
Is IST_4 spanning? : True
Is IST_5 spanning? : True
Are all ISTs independent? : True

====TEST CR(170, 19, 38)====
Is IST_0 spanning? : True
Is IST_1 spanning? : True
Is IST_2 spanning? : True
Is IST_3 spanning? : True
Is IST_4 spanning? : True
Is IST_5 spanning? : True
Are all ISTs independent? : True

====TEST CR(171, 19, 38)====
Is IST_0 spanning? : True
Is IST_1 spanning? : True
Is IST_2 spanning? : True
Is IST_3 spanning? : True
Is IST_4 spanning? : True
Is IST_5 spanning? : True
Are all ISTs independent? : True

====TEST CR(172, 19, 38)====
Is IST_0 spanning? : True
Is IST_1 spanning? : True
Is IST_2 spanning? : True
Is IST_3 spanning? : True
Is IST_4 spanning? : True
Is IST_5 spanning? : True
Are all ISTs independent? : True

====TEST CR(173, 19, 38)====
Is IST_0 spanning? : True
Is IST_1 spanning? : True
Is IST_2 spanning? : True
Is IST_3 spanning? : True
Is IST_4 spanning? : True
Is IST_5 spanning? : True
Are all ISTs independent? : True

====TEST CR(174, 19, 38)====
Is IST_0 spanning? : True
Is IST_1 spanning? : True
Is IST_2 spanning? : True
Is IST_3 spanning? : True
Is IST_4 spanning? : True
Is IST_5 spanning? : True
Are all ISTs independent? : True

====TEST CR(175, 19, 38)====
Is IST_0 spanning? : True
Is IST_1 spanning? : True
Is IST_2 spanning? : True
Is IST_3 spanning? : True
Is IST_4 spanning? : True
Is IST_5 spanning? : True
Are all ISTs independent? : True

====TEST CR(176, 19, 38)====
Is IST_0 spanning? : True
Is IST_1 spanning? : True
Is IST_2 spanning? : True
Is IST_3 spanning? : True
Is IST_4 spanning? : True
Is IST_5 spanning? : True
Are all ISTs independent? : True

====TEST CR(177, 19, 38)====
Is IST_0 spanning? : True
Is IST_1 spanning? : True
Is IST_2 spanning? : True
Is IST_3 spanning? : True
Is IST_4 spanning? : True
Is IST_5 spanning? : True
Are all ISTs independent? : True

====TEST CR(178, 19, 38)====
Is IST_0 spanning? : True
Is IST_1 spanning? : True
Is IST_2 spanning? : True
Is IST_3 spanning? : True
Is IST_4 spanning? : True
Is IST_5 spanning? : True
Are all ISTs independent? : True

====TEST CR(179, 19, 38)====
Is IST_0 spanning? : True
Is IST_1 spanning? : True
Is IST_2 spanning? : True
Is IST_3 spanning? : True
Is IST_4 spanning? : True
Is IST_5 spanning? : True
Are all ISTs independent? : True

====TEST CR(180, 19, 38)====
Is IST_0 spanning? : True
Is IST_1 spanning? : True
Is IST_2 spanning? : True
Is IST_3 spanning? : True
Is IST_4 spanning? : True
Is IST_5 spanning? : True
Are all ISTs independent? : True

====TEST CR(181, 19, 38)====
Is IST_0 spanning? : True
Is IST_1 spanning? : True
Is IST_2 spanning? : True
Is IST_3 spanning? : True
Is IST_4 spanning? : True
Is IST_5 spanning? : True
Are all ISTs independent? : True

====TEST CR(182, 19, 38)====
Is IST_0 spanning? : True
Is IST_1 spanning? : True
Is IST_2 spanning? : True
Is IST_3 spanning? : True
Is IST_4 spanning? : True
Is IST_5 spanning? : True
Are all ISTs independent? : True

====TEST CR(183, 19, 38)====
Is IST_0 spanning? : True
Is IST_1 spanning? : True
Is IST_2 spanning? : True
Is IST_3 spanning? : True
Is IST_4 spanning? : True
Is IST_5 spanning? : True
Are all ISTs independent? : True

====TEST CR(184, 19, 38)====
Is IST_0 spanning? : True
Is IST_1 spanning? : True
Is IST_2 spanning? : True
Is IST_3 spanning? : True
Is IST_4 spanning? : True
Is IST_5 spanning? : True
Are all ISTs independent? : True

====TEST CR(185, 19, 38)====
Is IST_0 spanning? : True
Is IST_1 spanning? : True
Is IST_2 spanning? : True
Is IST_3 spanning? : True
Is IST_4 spanning? : True
Is IST_5 spanning? : True
Are all ISTs independent? : True

====TEST CR(186, 19, 38)====
Is IST_0 spanning? : True
Is IST_1 spanning? : True
Is IST_2 spanning? : True
Is IST_3 spanning? : True
Is IST_4 spanning? : True
Is IST_5 spanning? : True
Are all ISTs independent? : True

====TEST CR(187, 19, 38)====
Is IST_0 spanning? : True
Is IST_1 spanning? : True
Is IST_2 spanning? : True
Is IST_3 spanning? : True
Is IST_4 spanning? : True
Is IST_5 spanning? : True
Are all ISTs independent? : True

====TEST CR(188, 19, 38)====
Is IST_0 spanning? : True
Is IST_1 spanning? : True
Is IST_2 spanning? : True
Is IST_3 spanning? : True
Is IST_4 spanning? : True
Is IST_5 spanning? : True
Are all ISTs independent? : True

====TEST CR(189, 19, 38)====
Is IST_0 spanning? : True
Is IST_1 spanning? : True
Is IST_2 spanning? : True
Is IST_3 spanning? : True
Is IST_4 spanning? : True
Is IST_5 spanning? : True
Are all ISTs independent? : True

====TEST CR(190, 19, 38)====
Is IST_0 spanning? : True
Is IST_1 spanning? : True
Is IST_2 spanning? : True
Is IST_3 spanning? : True
Is IST_4 spanning? : True
Is IST_5 spanning? : True
Are all ISTs independent? : True

====TEST CR(191, 19, 38)====
Is IST_0 spanning? : True
Is IST_1 spanning? : True
Is IST_2 spanning? : True
Is IST_3 spanning? : True
Is IST_4 spanning? : True
Is IST_5 spanning? : True
Are all ISTs independent? : True

====TEST CR(192, 19, 38)====
Is IST_0 spanning? : True
Is IST_1 spanning? : True
Is IST_2 spanning? : True
Is IST_3 spanning? : True
Is IST_4 spanning? : True
Is IST_5 spanning? : True
Are all ISTs independent? : True

====TEST CR(193, 19, 38)====
Is IST_0 spanning? : True
Is IST_1 spanning? : True
Is IST_2 spanning? : True
Is IST_3 spanning? : True
Is IST_4 spanning? : True
Is IST_5 spanning? : True
Are all ISTs independent? : True

====TEST CR(194, 19, 38)====
Is IST_0 spanning? : True
Is IST_1 spanning? : True
Is IST_2 spanning? : True
Is IST_3 spanning? : True
Is IST_4 spanning? : True
Is IST_5 spanning? : True
Are all ISTs independent? : True

====TEST CR(195, 19, 38)====
Is IST_0 spanning? : True
Is IST_1 spanning? : True
Is IST_2 spanning? : True
Is IST_3 spanning? : True
Is IST_4 spanning? : True
Is IST_5 spanning? : True
Are all ISTs independent? : True

====TEST CR(196, 19, 38)====
Is IST_0 spanning? : True
Is IST_1 spanning? : True
Is IST_2 spanning? : True
Is IST_3 spanning? : True
Is IST_4 spanning? : True
Is IST_5 spanning? : True
Are all ISTs independent? : True

====TEST CR(197, 19, 38)====
Is IST_0 spanning? : True
Is IST_1 spanning? : True
Is IST_2 spanning? : True
Is IST_3 spanning? : True
Is IST_4 spanning? : True
Is IST_5 spanning? : True
Are all ISTs independent? : True

====TEST CR(198, 19, 38)====
Is IST_0 spanning? : True
Is IST_1 spanning? : True
Is IST_2 spanning? : True
Is IST_3 spanning? : True
Is IST_4 spanning? : True
Is IST_5 spanning? : True
Are all ISTs independent? : True

====TEST CR(199, 19, 38)====
Is IST_0 spanning? : True
Is IST_1 spanning? : True
Is IST_2 spanning? : True
Is IST_3 spanning? : True
Is IST_4 spanning? : True
Is IST_5 spanning? : True
Are all ISTs independent? : True

====TEST CR(200, 19, 38)====
Is IST_0 spanning? : True
Is IST_1 spanning? : True
Is IST_2 spanning? : True
Is IST_3 spanning? : True
Is IST_4 spanning? : True
Is IST_5 spanning? : True
Are all ISTs independent? : True

====TEST CR(201, 19, 38)====
Is IST_0 spanning? : True
Is IST_1 spanning? : True
Is IST_2 spanning? : True
Is IST_3 spanning? : True
Is IST_4 spanning? : True
Is IST_5 spanning? : True
Are all ISTs independent? : True

====TEST CR(202, 19, 38)====
Is IST_0 spanning? : True
Is IST_1 spanning? : True
Is IST_2 spanning? : True
Is IST_3 spanning? : True
Is IST_4 spanning? : True
Is IST_5 spanning? : True
Are all ISTs independent? : True

====TEST CR(203, 19, 38)====
Is IST_0 spanning? : True
Is IST_1 spanning? : True
Is IST_2 spanning? : True
Is IST_3 spanning? : True
Is IST_4 spanning? : True
Is IST_5 spanning? : True
Are all ISTs independent? : True

====TEST CR(204, 19, 38)====
Is IST_0 spanning? : True
Is IST_1 spanning? : True
Is IST_2 spanning? : True
Is IST_3 spanning? : True
Is IST_4 spanning? : True
Is IST_5 spanning? : True
Are all ISTs independent? : True

====TEST CR(205, 19, 38)====
Is IST_0 spanning? : True
Is IST_1 spanning? : True
Is IST_2 spanning? : True
Is IST_3 spanning? : True
Is IST_4 spanning? : True
Is IST_5 spanning? : True
Are all ISTs independent? : True

====TEST CR(206, 19, 38)====
Is IST_0 spanning? : True
Is IST_1 spanning? : True
Is IST_2 spanning? : True
Is IST_3 spanning? : True
Is IST_4 spanning? : True
Is IST_5 spanning? : True
Are all ISTs independent? : True

====TEST CR(207, 19, 38)====
Is IST_0 spanning? : True
Is IST_1 spanning? : True
Is IST_2 spanning? : True
Is IST_3 spanning? : True
Is IST_4 spanning? : True
Is IST_5 spanning? : True
Are all ISTs independent? : True

====TEST CR(208, 19, 38)====
Is IST_0 spanning? : True
Is IST_1 spanning? : True
Is IST_2 spanning? : True
Is IST_3 spanning? : True
Is IST_4 spanning? : True
Is IST_5 spanning? : True
Are all ISTs independent? : True

====TEST CR(209, 19, 38)====
Is IST_0 spanning? : True
Is IST_1 spanning? : True
Is IST_2 spanning? : True
Is IST_3 spanning? : True
Is IST_4 spanning? : True
Is IST_5 spanning? : True
Are all ISTs independent? : True

====TEST CR(210, 19, 38)====
Is IST_0 spanning? : True
Is IST_1 spanning? : True
Is IST_2 spanning? : True
Is IST_3 spanning? : True
Is IST_4 spanning? : True
Is IST_5 spanning? : True
Are all ISTs independent? : True

====TEST CR(211, 19, 38)====
Is IST_0 spanning? : True
Is IST_1 spanning? : True
Is IST_2 spanning? : True
Is IST_3 spanning? : True
Is IST_4 spanning? : True
Is IST_5 spanning? : True
Are all ISTs independent? : True

====TEST CR(212, 19, 38)====
Is IST_0 spanning? : True
Is IST_1 spanning? : True
Is IST_2 spanning? : True
Is IST_3 spanning? : True
Is IST_4 spanning? : True
Is IST_5 spanning? : True
Are all ISTs independent? : True

====TEST CR(213, 19, 38)====
Is IST_0 spanning? : True
Is IST_1 spanning? : True
Is IST_2 spanning? : True
Is IST_3 spanning? : True
Is IST_4 spanning? : True
Is IST_5 spanning? : True
Are all ISTs independent? : True

====TEST CR(214, 19, 38)====
Is IST_0 spanning? : True
Is IST_1 spanning? : True
Is IST_2 spanning? : True
Is IST_3 spanning? : True
Is IST_4 spanning? : True
Is IST_5 spanning? : True
Are all ISTs independent? : True

====TEST CR(215, 19, 38)====
Is IST_0 spanning? : True
Is IST_1 spanning? : True
Is IST_2 spanning? : True
Is IST_3 spanning? : True
Is IST_4 spanning? : True
Is IST_5 spanning? : True
Are all ISTs independent? : True

====TEST CR(216, 19, 38)====
Is IST_0 spanning? : True
Is IST_1 spanning? : True
Is IST_2 spanning? : True
Is IST_3 spanning? : True
Is IST_4 spanning? : True
Is IST_5 spanning? : True
Are all ISTs independent? : True

====TEST CR(217, 19, 38)====
Is IST_0 spanning? : True
Is IST_1 spanning? : True
Is IST_2 spanning? : True
Is IST_3 spanning? : True
Is IST_4 spanning? : True
Is IST_5 spanning? : True
Are all ISTs independent? : True

====TEST CR(218, 19, 38)====
Is IST_0 spanning? : True
Is IST_1 spanning? : True
Is IST_2 spanning? : True
Is IST_3 spanning? : True
Is IST_4 spanning? : True
Is IST_5 spanning? : True
Are all ISTs independent? : True

====TEST CR(219, 19, 38)====
Is IST_0 spanning? : True
Is IST_1 spanning? : True
Is IST_2 spanning? : True
Is IST_3 spanning? : True
Is IST_4 spanning? : True
Is IST_5 spanning? : True
Are all ISTs independent? : True

====TEST CR(220, 19, 38)====
Is IST_0 spanning? : True
Is IST_1 spanning? : True
Is IST_2 spanning? : True
Is IST_3 spanning? : True
Is IST_4 spanning? : True
Is IST_5 spanning? : True
Are all ISTs independent? : True

====TEST CR(221, 19, 38)====
Is IST_0 spanning? : True
Is IST_1 spanning? : True
Is IST_2 spanning? : True
Is IST_3 spanning? : True
Is IST_4 spanning? : True
Is IST_5 spanning? : True
Are all ISTs independent? : True

====TEST CR(222, 19, 38)====
Is IST_0 spanning? : True
Is IST_1 spanning? : True
Is IST_2 spanning? : True
Is IST_3 spanning? : True
Is IST_4 spanning? : True
Is IST_5 spanning? : True
Are all ISTs independent? : True

====TEST CR(223, 19, 38)====
Is IST_0 spanning? : True
Is IST_1 spanning? : True
Is IST_2 spanning? : True
Is IST_3 spanning? : True
Is IST_4 spanning? : True
Is IST_5 spanning? : True
Are all ISTs independent? : True

====TEST CR(224, 19, 38)====
Is IST_0 spanning? : True
Is IST_1 spanning? : True
Is IST_2 spanning? : True
Is IST_3 spanning? : True
Is IST_4 spanning? : True
Is IST_5 spanning? : True
Are all ISTs independent? : True

====TEST CR(225, 19, 38)====
Is IST_0 spanning? : True
Is IST_1 spanning? : True
Is IST_2 spanning? : True
Is IST_3 spanning? : True
Is IST_4 spanning? : True
Is IST_5 spanning? : True
Are all ISTs independent? : True

====TEST CR(226, 19, 38)====
Is IST_0 spanning? : True
Is IST_1 spanning? : True
Is IST_2 spanning? : True
Is IST_3 spanning? : True
Is IST_4 spanning? : True
Is IST_5 spanning? : True
Are all ISTs independent? : True

====TEST CR(227, 19, 38)====
Is IST_0 spanning? : True
Is IST_1 spanning? : True
Is IST_2 spanning? : True
Is IST_3 spanning? : True
Is IST_4 spanning? : True
Is IST_5 spanning? : True
Are all ISTs independent? : True

====TEST CR(228, 19, 38)====
Is IST_0 spanning? : True
Is IST_1 spanning? : True
Is IST_2 spanning? : True
Is IST_3 spanning? : True
Is IST_4 spanning? : True
Is IST_5 spanning? : True
Are all ISTs independent? : True

====TEST CR(229, 19, 38)====
Is IST_0 spanning? : True
Is IST_1 spanning? : True
Is IST_2 spanning? : True
Is IST_3 spanning? : True
Is IST_4 spanning? : True
Is IST_5 spanning? : True
Are all ISTs independent? : True

====TEST CR(230, 19, 38)====
Is IST_0 spanning? : True
Is IST_1 spanning? : True
Is IST_2 spanning? : True
Is IST_3 spanning? : True
Is IST_4 spanning? : True
Is IST_5 spanning? : True
Are all ISTs independent? : True

====TEST CR(231, 19, 38)====
Is IST_0 spanning? : True
Is IST_1 spanning? : True
Is IST_2 spanning? : True
Is IST_3 spanning? : True
Is IST_4 spanning? : True
Is IST_5 spanning? : True
Are all ISTs independent? : True

====TEST CR(232, 19, 38)====
Is IST_0 spanning? : True
Is IST_1 spanning? : True
Is IST_2 spanning? : True
Is IST_3 spanning? : True
Is IST_4 spanning? : True
Is IST_5 spanning? : True
Are all ISTs independent? : True

====TEST CR(233, 19, 38)====
Is IST_0 spanning? : True
Is IST_1 spanning? : True
Is IST_2 spanning? : True
Is IST_3 spanning? : True
Is IST_4 spanning? : True
Is IST_5 spanning? : True
Are all ISTs independent? : True

====TEST CR(234, 19, 38)====
Is IST_0 spanning? : True
Is IST_1 spanning? : True
Is IST_2 spanning? : True
Is IST_3 spanning? : True
Is IST_4 spanning? : True
Is IST_5 spanning? : True
Are all ISTs independent? : True

====TEST CR(235, 19, 38)====
Is IST_0 spanning? : True
Is IST_1 spanning? : True
Is IST_2 spanning? : True
Is IST_3 spanning? : True
Is IST_4 spanning? : True
Is IST_5 spanning? : True
Are all ISTs independent? : True

====TEST CR(236, 19, 38)====
Is IST_0 spanning? : True
Is IST_1 spanning? : True
Is IST_2 spanning? : True
Is IST_3 spanning? : True
Is IST_4 spanning? : True
Is IST_5 spanning? : True
Are all ISTs independent? : True

====TEST CR(237, 19, 38)====
Is IST_0 spanning? : True
Is IST_1 spanning? : True
Is IST_2 spanning? : True
Is IST_3 spanning? : True
Is IST_4 spanning? : True
Is IST_5 spanning? : True
Are all ISTs independent? : True

====TEST CR(238, 19, 38)====
Is IST_0 spanning? : True
Is IST_1 spanning? : True
Is IST_2 spanning? : True
Is IST_3 spanning? : True
Is IST_4 spanning? : True
Is IST_5 spanning? : True
Are all ISTs independent? : True

====TEST CR(239, 19, 38)====
Is IST_0 spanning? : True
Is IST_1 spanning? : True
Is IST_2 spanning? : True
Is IST_3 spanning? : True
Is IST_4 spanning? : True
Is IST_5 spanning? : True
Are all ISTs independent? : True

====TEST CR(240, 19, 38)====
Is IST_0 spanning? : True
Is IST_1 spanning? : True
Is IST_2 spanning? : True
Is IST_3 spanning? : True
Is IST_4 spanning? : True
Is IST_5 spanning? : True
Are all ISTs independent? : True

====TEST CR(241, 19, 38)====
Is IST_0 spanning? : True
Is IST_1 spanning? : True
Is IST_2 spanning? : True
Is IST_3 spanning? : True
Is IST_4 spanning? : True
Is IST_5 spanning? : True
Are all ISTs independent? : True

====TEST CR(242, 19, 38)====
Is IST_0 spanning? : True
Is IST_1 spanning? : True
Is IST_2 spanning? : True
Is IST_3 spanning? : True
Is IST_4 spanning? : True
Is IST_5 spanning? : True
Are all ISTs independent? : True

====TEST CR(120, 20, 40)====
Is IST_0 spanning? : True
Is IST_1 spanning? : True
Is IST_2 spanning? : True
Is IST_3 spanning? : True
Is IST_4 spanning? : True
Is IST_5 spanning? : True
Are all ISTs independent? : True

====TEST CR(121, 20, 40)====
Is IST_0 spanning? : True
Is IST_1 spanning? : True
Is IST_2 spanning? : True
Is IST_3 spanning? : True
Is IST_4 spanning? : True
Is IST_5 spanning? : True
Are all ISTs independent? : True

====TEST CR(122, 20, 40)====
Is IST_0 spanning? : True
Is IST_1 spanning? : True
Is IST_2 spanning? : True
Is IST_3 spanning? : True
Is IST_4 spanning? : True
Is IST_5 spanning? : True
Are all ISTs independent? : True

====TEST CR(123, 20, 40)====
Is IST_0 spanning? : True
Is IST_1 spanning? : True
Is IST_2 spanning? : True
Is IST_3 spanning? : True
Is IST_4 spanning? : True
Is IST_5 spanning? : True
Are all ISTs independent? : True

====TEST CR(124, 20, 40)====
Is IST_0 spanning? : True
Is IST_1 spanning? : True
Is IST_2 spanning? : True
Is IST_3 spanning? : True
Is IST_4 spanning? : True
Is IST_5 spanning? : True
Are all ISTs independent? : True

====TEST CR(125, 20, 40)====
Is IST_0 spanning? : True
Is IST_1 spanning? : True
Is IST_2 spanning? : True
Is IST_3 spanning? : True
Is IST_4 spanning? : True
Is IST_5 spanning? : True
Are all ISTs independent? : True

====TEST CR(126, 20, 40)====
Is IST_0 spanning? : True
Is IST_1 spanning? : True
Is IST_2 spanning? : True
Is IST_3 spanning? : True
Is IST_4 spanning? : True
Is IST_5 spanning? : True
Are all ISTs independent? : True

====TEST CR(127, 20, 40)====
Is IST_0 spanning? : True
Is IST_1 spanning? : True
Is IST_2 spanning? : True
Is IST_3 spanning? : True
Is IST_4 spanning? : True
Is IST_5 spanning? : True
Are all ISTs independent? : True

====TEST CR(128, 20, 40)====
Is IST_0 spanning? : True
Is IST_1 spanning? : True
Is IST_2 spanning? : True
Is IST_3 spanning? : True
Is IST_4 spanning? : True
Is IST_5 spanning? : True
Are all ISTs independent? : True

====TEST CR(129, 20, 40)====
Is IST_0 spanning? : True
Is IST_1 spanning? : True
Is IST_2 spanning? : True
Is IST_3 spanning? : True
Is IST_4 spanning? : True
Is IST_5 spanning? : True
Are all ISTs independent? : True

====TEST CR(130, 20, 40)====
Is IST_0 spanning? : True
Is IST_1 spanning? : True
Is IST_2 spanning? : True
Is IST_3 spanning? : True
Is IST_4 spanning? : True
Is IST_5 spanning? : True
Are all ISTs independent? : True

====TEST CR(131, 20, 40)====
Is IST_0 spanning? : True
Is IST_1 spanning? : True
Is IST_2 spanning? : True
Is IST_3 spanning? : True
Is IST_4 spanning? : True
Is IST_5 spanning? : True
Are all ISTs independent? : True

====TEST CR(132, 20, 40)====
Is IST_0 spanning? : True
Is IST_1 spanning? : True
Is IST_2 spanning? : True
Is IST_3 spanning? : True
Is IST_4 spanning? : True
Is IST_5 spanning? : True
Are all ISTs independent? : True

====TEST CR(133, 20, 40)====
Is IST_0 spanning? : True
Is IST_1 spanning? : True
Is IST_2 spanning? : True
Is IST_3 spanning? : True
Is IST_4 spanning? : True
Is IST_5 spanning? : True
Are all ISTs independent? : True

====TEST CR(134, 20, 40)====
Is IST_0 spanning? : True
Is IST_1 spanning? : True
Is IST_2 spanning? : True
Is IST_3 spanning? : True
Is IST_4 spanning? : True
Is IST_5 spanning? : True
Are all ISTs independent? : True

====TEST CR(135, 20, 40)====
Is IST_0 spanning? : True
Is IST_1 spanning? : True
Is IST_2 spanning? : True
Is IST_3 spanning? : True
Is IST_4 spanning? : True
Is IST_5 spanning? : True
Are all ISTs independent? : True

====TEST CR(136, 20, 40)====
Is IST_0 spanning? : True
Is IST_1 spanning? : True
Is IST_2 spanning? : True
Is IST_3 spanning? : True
Is IST_4 spanning? : True
Is IST_5 spanning? : True
Are all ISTs independent? : True

====TEST CR(137, 20, 40)====
Is IST_0 spanning? : True
Is IST_1 spanning? : True
Is IST_2 spanning? : True
Is IST_3 spanning? : True
Is IST_4 spanning? : True
Is IST_5 spanning? : True
Are all ISTs independent? : True

====TEST CR(138, 20, 40)====
Is IST_0 spanning? : True
Is IST_1 spanning? : True
Is IST_2 spanning? : True
Is IST_3 spanning? : True
Is IST_4 spanning? : True
Is IST_5 spanning? : True
Are all ISTs independent? : True

====TEST CR(139, 20, 40)====
Is IST_0 spanning? : True
Is IST_1 spanning? : True
Is IST_2 spanning? : True
Is IST_3 spanning? : True
Is IST_4 spanning? : True
Is IST_5 spanning? : True
Are all ISTs independent? : True

====TEST CR(140, 20, 40)====
Is IST_0 spanning? : True
Is IST_1 spanning? : True
Is IST_2 spanning? : True
Is IST_3 spanning? : True
Is IST_4 spanning? : True
Is IST_5 spanning? : True
Are all ISTs independent? : True

====TEST CR(141, 20, 40)====
Is IST_0 spanning? : True
Is IST_1 spanning? : True
Is IST_2 spanning? : True
Is IST_3 spanning? : True
Is IST_4 spanning? : True
Is IST_5 spanning? : True
Are all ISTs independent? : True

====TEST CR(142, 20, 40)====
Is IST_0 spanning? : True
Is IST_1 spanning? : True
Is IST_2 spanning? : True
Is IST_3 spanning? : True
Is IST_4 spanning? : True
Is IST_5 spanning? : True
Are all ISTs independent? : True

====TEST CR(143, 20, 40)====
Is IST_0 spanning? : True
Is IST_1 spanning? : True
Is IST_2 spanning? : True
Is IST_3 spanning? : True
Is IST_4 spanning? : True
Is IST_5 spanning? : True
Are all ISTs independent? : True

====TEST CR(144, 20, 40)====
Is IST_0 spanning? : True
Is IST_1 spanning? : True
Is IST_2 spanning? : True
Is IST_3 spanning? : True
Is IST_4 spanning? : True
Is IST_5 spanning? : True
Are all ISTs independent? : True

====TEST CR(145, 20, 40)====
Is IST_0 spanning? : True
Is IST_1 spanning? : True
Is IST_2 spanning? : True
Is IST_3 spanning? : True
Is IST_4 spanning? : True
Is IST_5 spanning? : True
Are all ISTs independent? : True

====TEST CR(146, 20, 40)====
Is IST_0 spanning? : True
Is IST_1 spanning? : True
Is IST_2 spanning? : True
Is IST_3 spanning? : True
Is IST_4 spanning? : True
Is IST_5 spanning? : True
Are all ISTs independent? : True

====TEST CR(147, 20, 40)====
Is IST_0 spanning? : True
Is IST_1 spanning? : True
Is IST_2 spanning? : True
Is IST_3 spanning? : True
Is IST_4 spanning? : True
Is IST_5 spanning? : True
Are all ISTs independent? : True

====TEST CR(148, 20, 40)====
Is IST_0 spanning? : True
Is IST_1 spanning? : True
Is IST_2 spanning? : True
Is IST_3 spanning? : True
Is IST_4 spanning? : True
Is IST_5 spanning? : True
Are all ISTs independent? : True

====TEST CR(149, 20, 40)====
Is IST_0 spanning? : True
Is IST_1 spanning? : True
Is IST_2 spanning? : True
Is IST_3 spanning? : True
Is IST_4 spanning? : True
Is IST_5 spanning? : True
Are all ISTs independent? : True

====TEST CR(150, 20, 40)====
Is IST_0 spanning? : True
Is IST_1 spanning? : True
Is IST_2 spanning? : True
Is IST_3 spanning? : True
Is IST_4 spanning? : True
Is IST_5 spanning? : True
Are all ISTs independent? : True

====TEST CR(151, 20, 40)====
Is IST_0 spanning? : True
Is IST_1 spanning? : True
Is IST_2 spanning? : True
Is IST_3 spanning? : True
Is IST_4 spanning? : True
Is IST_5 spanning? : True
Are all ISTs independent? : True

====TEST CR(152, 20, 40)====
Is IST_0 spanning? : True
Is IST_1 spanning? : True
Is IST_2 spanning? : True
Is IST_3 spanning? : True
Is IST_4 spanning? : True
Is IST_5 spanning? : True
Are all ISTs independent? : True

====TEST CR(153, 20, 40)====
Is IST_0 spanning? : True
Is IST_1 spanning? : True
Is IST_2 spanning? : True
Is IST_3 spanning? : True
Is IST_4 spanning? : True
Is IST_5 spanning? : True
Are all ISTs independent? : True

====TEST CR(154, 20, 40)====
Is IST_0 spanning? : True
Is IST_1 spanning? : True
Is IST_2 spanning? : True
Is IST_3 spanning? : True
Is IST_4 spanning? : True
Is IST_5 spanning? : True
Are all ISTs independent? : True

====TEST CR(155, 20, 40)====
Is IST_0 spanning? : True
Is IST_1 spanning? : True
Is IST_2 spanning? : True
Is IST_3 spanning? : True
Is IST_4 spanning? : True
Is IST_5 spanning? : True
Are all ISTs independent? : True

====TEST CR(156, 20, 40)====
Is IST_0 spanning? : True
Is IST_1 spanning? : True
Is IST_2 spanning? : True
Is IST_3 spanning? : True
Is IST_4 spanning? : True
Is IST_5 spanning? : True
Are all ISTs independent? : True

====TEST CR(157, 20, 40)====
Is IST_0 spanning? : True
Is IST_1 spanning? : True
Is IST_2 spanning? : True
Is IST_3 spanning? : True
Is IST_4 spanning? : True
Is IST_5 spanning? : True
Are all ISTs independent? : True

====TEST CR(158, 20, 40)====
Is IST_0 spanning? : True
Is IST_1 spanning? : True
Is IST_2 spanning? : True
Is IST_3 spanning? : True
Is IST_4 spanning? : True
Is IST_5 spanning? : True
Are all ISTs independent? : True

====TEST CR(159, 20, 40)====
Is IST_0 spanning? : True
Is IST_1 spanning? : True
Is IST_2 spanning? : True
Is IST_3 spanning? : True
Is IST_4 spanning? : True
Is IST_5 spanning? : True
Are all ISTs independent? : True

====TEST CR(160, 20, 40)====
Is IST_0 spanning? : True
Is IST_1 spanning? : True
Is IST_2 spanning? : True
Is IST_3 spanning? : True
Is IST_4 spanning? : True
Is IST_5 spanning? : True
Are all ISTs independent? : True

====TEST CR(161, 20, 40)====
Is IST_0 spanning? : True
Is IST_1 spanning? : True
Is IST_2 spanning? : True
Is IST_3 spanning? : True
Is IST_4 spanning? : True
Is IST_5 spanning? : True
Are all ISTs independent? : True

====TEST CR(162, 20, 40)====
Is IST_0 spanning? : True
Is IST_1 spanning? : True
Is IST_2 spanning? : True
Is IST_3 spanning? : True
Is IST_4 spanning? : True
Is IST_5 spanning? : True
Are all ISTs independent? : True

====TEST CR(163, 20, 40)====
Is IST_0 spanning? : True
Is IST_1 spanning? : True
Is IST_2 spanning? : True
Is IST_3 spanning? : True
Is IST_4 spanning? : True
Is IST_5 spanning? : True
Are all ISTs independent? : True

====TEST CR(164, 20, 40)====
Is IST_0 spanning? : True
Is IST_1 spanning? : True
Is IST_2 spanning? : True
Is IST_3 spanning? : True
Is IST_4 spanning? : True
Is IST_5 spanning? : True
Are all ISTs independent? : True

====TEST CR(165, 20, 40)====
Is IST_0 spanning? : True
Is IST_1 spanning? : True
Is IST_2 spanning? : True
Is IST_3 spanning? : True
Is IST_4 spanning? : True
Is IST_5 spanning? : True
Are all ISTs independent? : True

====TEST CR(166, 20, 40)====
Is IST_0 spanning? : True
Is IST_1 spanning? : True
Is IST_2 spanning? : True
Is IST_3 spanning? : True
Is IST_4 spanning? : True
Is IST_5 spanning? : True
Are all ISTs independent? : True

====TEST CR(167, 20, 40)====
Is IST_0 spanning? : True
Is IST_1 spanning? : True
Is IST_2 spanning? : True
Is IST_3 spanning? : True
Is IST_4 spanning? : True
Is IST_5 spanning? : True
Are all ISTs independent? : True

====TEST CR(168, 20, 40)====
Is IST_0 spanning? : True
Is IST_1 spanning? : True
Is IST_2 spanning? : True
Is IST_3 spanning? : True
Is IST_4 spanning? : True
Is IST_5 spanning? : True
Are all ISTs independent? : True

====TEST CR(169, 20, 40)====
Is IST_0 spanning? : True
Is IST_1 spanning? : True
Is IST_2 spanning? : True
Is IST_3 spanning? : True
Is IST_4 spanning? : True
Is IST_5 spanning? : True
Are all ISTs independent? : True

====TEST CR(170, 20, 40)====
Is IST_0 spanning? : True
Is IST_1 spanning? : True
Is IST_2 spanning? : True
Is IST_3 spanning? : True
Is IST_4 spanning? : True
Is IST_5 spanning? : True
Are all ISTs independent? : True

====TEST CR(171, 20, 40)====
Is IST_0 spanning? : True
Is IST_1 spanning? : True
Is IST_2 spanning? : True
Is IST_3 spanning? : True
Is IST_4 spanning? : True
Is IST_5 spanning? : True
Are all ISTs independent? : True

====TEST CR(172, 20, 40)====
Is IST_0 spanning? : True
Is IST_1 spanning? : True
Is IST_2 spanning? : True
Is IST_3 spanning? : True
Is IST_4 spanning? : True
Is IST_5 spanning? : True
Are all ISTs independent? : True

====TEST CR(173, 20, 40)====
Is IST_0 spanning? : True
Is IST_1 spanning? : True
Is IST_2 spanning? : True
Is IST_3 spanning? : True
Is IST_4 spanning? : True
Is IST_5 spanning? : True
Are all ISTs independent? : True

====TEST CR(174, 20, 40)====
Is IST_0 spanning? : True
Is IST_1 spanning? : True
Is IST_2 spanning? : True
Is IST_3 spanning? : True
Is IST_4 spanning? : True
Is IST_5 spanning? : True
Are all ISTs independent? : True

====TEST CR(175, 20, 40)====
Is IST_0 spanning? : True
Is IST_1 spanning? : True
Is IST_2 spanning? : True
Is IST_3 spanning? : True
Is IST_4 spanning? : True
Is IST_5 spanning? : True
Are all ISTs independent? : True

====TEST CR(176, 20, 40)====
Is IST_0 spanning? : True
Is IST_1 spanning? : True
Is IST_2 spanning? : True
Is IST_3 spanning? : True
Is IST_4 spanning? : True
Is IST_5 spanning? : True
Are all ISTs independent? : True

====TEST CR(177, 20, 40)====
Is IST_0 spanning? : True
Is IST_1 spanning? : True
Is IST_2 spanning? : True
Is IST_3 spanning? : True
Is IST_4 spanning? : True
Is IST_5 spanning? : True
Are all ISTs independent? : True

====TEST CR(178, 20, 40)====
Is IST_0 spanning? : True
Is IST_1 spanning? : True
Is IST_2 spanning? : True
Is IST_3 spanning? : True
Is IST_4 spanning? : True
Is IST_5 spanning? : True
Are all ISTs independent? : True

====TEST CR(179, 20, 40)====
Is IST_0 spanning? : True
Is IST_1 spanning? : True
Is IST_2 spanning? : True
Is IST_3 spanning? : True
Is IST_4 spanning? : True
Is IST_5 spanning? : True
Are all ISTs independent? : True

====TEST CR(180, 20, 40)====
Is IST_0 spanning? : True
Is IST_1 spanning? : True
Is IST_2 spanning? : True
Is IST_3 spanning? : True
Is IST_4 spanning? : True
Is IST_5 spanning? : True
Are all ISTs independent? : True

====TEST CR(181, 20, 40)====
Is IST_0 spanning? : True
Is IST_1 spanning? : True
Is IST_2 spanning? : True
Is IST_3 spanning? : True
Is IST_4 spanning? : True
Is IST_5 spanning? : True
Are all ISTs independent? : True

====TEST CR(182, 20, 40)====
Is IST_0 spanning? : True
Is IST_1 spanning? : True
Is IST_2 spanning? : True
Is IST_3 spanning? : True
Is IST_4 spanning? : True
Is IST_5 spanning? : True
Are all ISTs independent? : True

====TEST CR(183, 20, 40)====
Is IST_0 spanning? : True
Is IST_1 spanning? : True
Is IST_2 spanning? : True
Is IST_3 spanning? : True
Is IST_4 spanning? : True
Is IST_5 spanning? : True
Are all ISTs independent? : True

====TEST CR(184, 20, 40)====
Is IST_0 spanning? : True
Is IST_1 spanning? : True
Is IST_2 spanning? : True
Is IST_3 spanning? : True
Is IST_4 spanning? : True
Is IST_5 spanning? : True
Are all ISTs independent? : True

====TEST CR(185, 20, 40)====
Is IST_0 spanning? : True
Is IST_1 spanning? : True
Is IST_2 spanning? : True
Is IST_3 spanning? : True
Is IST_4 spanning? : True
Is IST_5 spanning? : True
Are all ISTs independent? : True

====TEST CR(186, 20, 40)====
Is IST_0 spanning? : True
Is IST_1 spanning? : True
Is IST_2 spanning? : True
Is IST_3 spanning? : True
Is IST_4 spanning? : True
Is IST_5 spanning? : True
Are all ISTs independent? : True

====TEST CR(187, 20, 40)====
Is IST_0 spanning? : True
Is IST_1 spanning? : True
Is IST_2 spanning? : True
Is IST_3 spanning? : True
Is IST_4 spanning? : True
Is IST_5 spanning? : True
Are all ISTs independent? : True

====TEST CR(188, 20, 40)====
Is IST_0 spanning? : True
Is IST_1 spanning? : True
Is IST_2 spanning? : True
Is IST_3 spanning? : True
Is IST_4 spanning? : True
Is IST_5 spanning? : True
Are all ISTs independent? : True

====TEST CR(189, 20, 40)====
Is IST_0 spanning? : True
Is IST_1 spanning? : True
Is IST_2 spanning? : True
Is IST_3 spanning? : True
Is IST_4 spanning? : True
Is IST_5 spanning? : True
Are all ISTs independent? : True

====TEST CR(190, 20, 40)====
Is IST_0 spanning? : True
Is IST_1 spanning? : True
Is IST_2 spanning? : True
Is IST_3 spanning? : True
Is IST_4 spanning? : True
Is IST_5 spanning? : True
Are all ISTs independent? : True

====TEST CR(191, 20, 40)====
Is IST_0 spanning? : True
Is IST_1 spanning? : True
Is IST_2 spanning? : True
Is IST_3 spanning? : True
Is IST_4 spanning? : True
Is IST_5 spanning? : True
Are all ISTs independent? : True

====TEST CR(192, 20, 40)====
Is IST_0 spanning? : True
Is IST_1 spanning? : True
Is IST_2 spanning? : True
Is IST_3 spanning? : True
Is IST_4 spanning? : True
Is IST_5 spanning? : True
Are all ISTs independent? : True

====TEST CR(193, 20, 40)====
Is IST_0 spanning? : True
Is IST_1 spanning? : True
Is IST_2 spanning? : True
Is IST_3 spanning? : True
Is IST_4 spanning? : True
Is IST_5 spanning? : True
Are all ISTs independent? : True

====TEST CR(194, 20, 40)====
Is IST_0 spanning? : True
Is IST_1 spanning? : True
Is IST_2 spanning? : True
Is IST_3 spanning? : True
Is IST_4 spanning? : True
Is IST_5 spanning? : True
Are all ISTs independent? : True

====TEST CR(195, 20, 40)====
Is IST_0 spanning? : True
Is IST_1 spanning? : True
Is IST_2 spanning? : True
Is IST_3 spanning? : True
Is IST_4 spanning? : True
Is IST_5 spanning? : True
Are all ISTs independent? : True

====TEST CR(196, 20, 40)====
Is IST_0 spanning? : True
Is IST_1 spanning? : True
Is IST_2 spanning? : True
Is IST_3 spanning? : True
Is IST_4 spanning? : True
Is IST_5 spanning? : True
Are all ISTs independent? : True

====TEST CR(197, 20, 40)====
Is IST_0 spanning? : True
Is IST_1 spanning? : True
Is IST_2 spanning? : True
Is IST_3 spanning? : True
Is IST_4 spanning? : True
Is IST_5 spanning? : True
Are all ISTs independent? : True

====TEST CR(198, 20, 40)====
Is IST_0 spanning? : True
Is IST_1 spanning? : True
Is IST_2 spanning? : True
Is IST_3 spanning? : True
Is IST_4 spanning? : True
Is IST_5 spanning? : True
Are all ISTs independent? : True

====TEST CR(199, 20, 40)====
Is IST_0 spanning? : True
Is IST_1 spanning? : True
Is IST_2 spanning? : True
Is IST_3 spanning? : True
Is IST_4 spanning? : True
Is IST_5 spanning? : True
Are all ISTs independent? : True

====TEST CR(200, 20, 40)====
Is IST_0 spanning? : True
Is IST_1 spanning? : True
Is IST_2 spanning? : True
Is IST_3 spanning? : True
Is IST_4 spanning? : True
Is IST_5 spanning? : True
Are all ISTs independent? : True

====TEST CR(201, 20, 40)====
Is IST_0 spanning? : True
Is IST_1 spanning? : True
Is IST_2 spanning? : True
Is IST_3 spanning? : True
Is IST_4 spanning? : True
Is IST_5 spanning? : True
Are all ISTs independent? : True

====TEST CR(202, 20, 40)====
Is IST_0 spanning? : True
Is IST_1 spanning? : True
Is IST_2 spanning? : True
Is IST_3 spanning? : True
Is IST_4 spanning? : True
Is IST_5 spanning? : True
Are all ISTs independent? : True

====TEST CR(203, 20, 40)====
Is IST_0 spanning? : True
Is IST_1 spanning? : True
Is IST_2 spanning? : True
Is IST_3 spanning? : True
Is IST_4 spanning? : True
Is IST_5 spanning? : True
Are all ISTs independent? : True

====TEST CR(204, 20, 40)====
Is IST_0 spanning? : True
Is IST_1 spanning? : True
Is IST_2 spanning? : True
Is IST_3 spanning? : True
Is IST_4 spanning? : True
Is IST_5 spanning? : True
Are all ISTs independent? : True

====TEST CR(205, 20, 40)====
Is IST_0 spanning? : True
Is IST_1 spanning? : True
Is IST_2 spanning? : True
Is IST_3 spanning? : True
Is IST_4 spanning? : True
Is IST_5 spanning? : True
Are all ISTs independent? : True

====TEST CR(206, 20, 40)====
Is IST_0 spanning? : True
Is IST_1 spanning? : True
Is IST_2 spanning? : True
Is IST_3 spanning? : True
Is IST_4 spanning? : True
Is IST_5 spanning? : True
Are all ISTs independent? : True

====TEST CR(207, 20, 40)====
Is IST_0 spanning? : True
Is IST_1 spanning? : True
Is IST_2 spanning? : True
Is IST_3 spanning? : True
Is IST_4 spanning? : True
Is IST_5 spanning? : True
Are all ISTs independent? : True

====TEST CR(208, 20, 40)====
Is IST_0 spanning? : True
Is IST_1 spanning? : True
Is IST_2 spanning? : True
Is IST_3 spanning? : True
Is IST_4 spanning? : True
Is IST_5 spanning? : True
Are all ISTs independent? : True

====TEST CR(209, 20, 40)====
Is IST_0 spanning? : True
Is IST_1 spanning? : True
Is IST_2 spanning? : True
Is IST_3 spanning? : True
Is IST_4 spanning? : True
Is IST_5 spanning? : True
Are all ISTs independent? : True

====TEST CR(210, 20, 40)====
Is IST_0 spanning? : True
Is IST_1 spanning? : True
Is IST_2 spanning? : True
Is IST_3 spanning? : True
Is IST_4 spanning? : True
Is IST_5 spanning? : True
Are all ISTs independent? : True

====TEST CR(211, 20, 40)====
Is IST_0 spanning? : True
Is IST_1 spanning? : True
Is IST_2 spanning? : True
Is IST_3 spanning? : True
Is IST_4 spanning? : True
Is IST_5 spanning? : True
Are all ISTs independent? : True

====TEST CR(212, 20, 40)====
Is IST_0 spanning? : True
Is IST_1 spanning? : True
Is IST_2 spanning? : True
Is IST_3 spanning? : True
Is IST_4 spanning? : True
Is IST_5 spanning? : True
Are all ISTs independent? : True

====TEST CR(213, 20, 40)====
Is IST_0 spanning? : True
Is IST_1 spanning? : True
Is IST_2 spanning? : True
Is IST_3 spanning? : True
Is IST_4 spanning? : True
Is IST_5 spanning? : True
Are all ISTs independent? : True

====TEST CR(214, 20, 40)====
Is IST_0 spanning? : True
Is IST_1 spanning? : True
Is IST_2 spanning? : True
Is IST_3 spanning? : True
Is IST_4 spanning? : True
Is IST_5 spanning? : True
Are all ISTs independent? : True

====TEST CR(215, 20, 40)====
Is IST_0 spanning? : True
Is IST_1 spanning? : True
Is IST_2 spanning? : True
Is IST_3 spanning? : True
Is IST_4 spanning? : True
Is IST_5 spanning? : True
Are all ISTs independent? : True

====TEST CR(216, 20, 40)====
Is IST_0 spanning? : True
Is IST_1 spanning? : True
Is IST_2 spanning? : True
Is IST_3 spanning? : True
Is IST_4 spanning? : True
Is IST_5 spanning? : True
Are all ISTs independent? : True

====TEST CR(217, 20, 40)====
Is IST_0 spanning? : True
Is IST_1 spanning? : True
Is IST_2 spanning? : True
Is IST_3 spanning? : True
Is IST_4 spanning? : True
Is IST_5 spanning? : True
Are all ISTs independent? : True

====TEST CR(218, 20, 40)====
Is IST_0 spanning? : True
Is IST_1 spanning? : True
Is IST_2 spanning? : True
Is IST_3 spanning? : True
Is IST_4 spanning? : True
Is IST_5 spanning? : True
Are all ISTs independent? : True

====TEST CR(219, 20, 40)====
Is IST_0 spanning? : True
Is IST_1 spanning? : True
Is IST_2 spanning? : True
Is IST_3 spanning? : True
Is IST_4 spanning? : True
Is IST_5 spanning? : True
Are all ISTs independent? : True

====TEST CR(220, 20, 40)====
Is IST_0 spanning? : True
Is IST_1 spanning? : True
Is IST_2 spanning? : True
Is IST_3 spanning? : True
Is IST_4 spanning? : True
Is IST_5 spanning? : True
Are all ISTs independent? : True

====TEST CR(221, 20, 40)====
Is IST_0 spanning? : True
Is IST_1 spanning? : True
Is IST_2 spanning? : True
Is IST_3 spanning? : True
Is IST_4 spanning? : True
Is IST_5 spanning? : True
Are all ISTs independent? : True

====TEST CR(222, 20, 40)====
Is IST_0 spanning? : True
Is IST_1 spanning? : True
Is IST_2 spanning? : True
Is IST_3 spanning? : True
Is IST_4 spanning? : True
Is IST_5 spanning? : True
Are all ISTs independent? : True

====TEST CR(223, 20, 40)====
Is IST_0 spanning? : True
Is IST_1 spanning? : True
Is IST_2 spanning? : True
Is IST_3 spanning? : True
Is IST_4 spanning? : True
Is IST_5 spanning? : True
Are all ISTs independent? : True

====TEST CR(224, 20, 40)====
Is IST_0 spanning? : True
Is IST_1 spanning? : True
Is IST_2 spanning? : True
Is IST_3 spanning? : True
Is IST_4 spanning? : True
Is IST_5 spanning? : True
Are all ISTs independent? : True

====TEST CR(225, 20, 40)====
Is IST_0 spanning? : True
Is IST_1 spanning? : True
Is IST_2 spanning? : True
Is IST_3 spanning? : True
Is IST_4 spanning? : True
Is IST_5 spanning? : True
Are all ISTs independent? : True

====TEST CR(226, 20, 40)====
Is IST_0 spanning? : True
Is IST_1 spanning? : True
Is IST_2 spanning? : True
Is IST_3 spanning? : True
Is IST_4 spanning? : True
Is IST_5 spanning? : True
Are all ISTs independent? : True

====TEST CR(227, 20, 40)====
Is IST_0 spanning? : True
Is IST_1 spanning? : True
Is IST_2 spanning? : True
Is IST_3 spanning? : True
Is IST_4 spanning? : True
Is IST_5 spanning? : True
Are all ISTs independent? : True

====TEST CR(228, 20, 40)====
Is IST_0 spanning? : True
Is IST_1 spanning? : True
Is IST_2 spanning? : True
Is IST_3 spanning? : True
Is IST_4 spanning? : True
Is IST_5 spanning? : True
Are all ISTs independent? : True

====TEST CR(229, 20, 40)====
Is IST_0 spanning? : True
Is IST_1 spanning? : True
Is IST_2 spanning? : True
Is IST_3 spanning? : True
Is IST_4 spanning? : True
Is IST_5 spanning? : True
Are all ISTs independent? : True

====TEST CR(230, 20, 40)====
Is IST_0 spanning? : True
Is IST_1 spanning? : True
Is IST_2 spanning? : True
Is IST_3 spanning? : True
Is IST_4 spanning? : True
Is IST_5 spanning? : True
Are all ISTs independent? : True

====TEST CR(231, 20, 40)====
Is IST_0 spanning? : True
Is IST_1 spanning? : True
Is IST_2 spanning? : True
Is IST_3 spanning? : True
Is IST_4 spanning? : True
Is IST_5 spanning? : True
Are all ISTs independent? : True

====TEST CR(232, 20, 40)====
Is IST_0 spanning? : True
Is IST_1 spanning? : True
Is IST_2 spanning? : True
Is IST_3 spanning? : True
Is IST_4 spanning? : True
Is IST_5 spanning? : True
Are all ISTs independent? : True

====TEST CR(233, 20, 40)====
Is IST_0 spanning? : True
Is IST_1 spanning? : True
Is IST_2 spanning? : True
Is IST_3 spanning? : True
Is IST_4 spanning? : True
Is IST_5 spanning? : True
Are all ISTs independent? : True

====TEST CR(234, 20, 40)====
Is IST_0 spanning? : True
Is IST_1 spanning? : True
Is IST_2 spanning? : True
Is IST_3 spanning? : True
Is IST_4 spanning? : True
Is IST_5 spanning? : True
Are all ISTs independent? : True

====TEST CR(235, 20, 40)====
Is IST_0 spanning? : True
Is IST_1 spanning? : True
Is IST_2 spanning? : True
Is IST_3 spanning? : True
Is IST_4 spanning? : True
Is IST_5 spanning? : True
Are all ISTs independent? : True

====TEST CR(236, 20, 40)====
Is IST_0 spanning? : True
Is IST_1 spanning? : True
Is IST_2 spanning? : True
Is IST_3 spanning? : True
Is IST_4 spanning? : True
Is IST_5 spanning? : True
Are all ISTs independent? : True

====TEST CR(237, 20, 40)====
Is IST_0 spanning? : True
Is IST_1 spanning? : True
Is IST_2 spanning? : True
Is IST_3 spanning? : True
Is IST_4 spanning? : True
Is IST_5 spanning? : True
Are all ISTs independent? : True

====TEST CR(238, 20, 40)====
Is IST_0 spanning? : True
Is IST_1 spanning? : True
Is IST_2 spanning? : True
Is IST_3 spanning? : True
Is IST_4 spanning? : True
Is IST_5 spanning? : True
Are all ISTs independent? : True

====TEST CR(239, 20, 40)====
Is IST_0 spanning? : True
Is IST_1 spanning? : True
Is IST_2 spanning? : True
Is IST_3 spanning? : True
Is IST_4 spanning? : True
Is IST_5 spanning? : True
Are all ISTs independent? : True

====TEST CR(240, 20, 40)====
Is IST_0 spanning? : True
Is IST_1 spanning? : True
Is IST_2 spanning? : True
Is IST_3 spanning? : True
Is IST_4 spanning? : True
Is IST_5 spanning? : True
Are all ISTs independent? : True

====TEST CR(241, 20, 40)====
Is IST_0 spanning? : True
Is IST_1 spanning? : True
Is IST_2 spanning? : True
Is IST_3 spanning? : True
Is IST_4 spanning? : True
Is IST_5 spanning? : True
Are all ISTs independent? : True

====TEST CR(242, 20, 40)====
Is IST_0 spanning? : True
Is IST_1 spanning? : True
Is IST_2 spanning? : True
Is IST_3 spanning? : True
Is IST_4 spanning? : True
Is IST_5 spanning? : True
Are all ISTs independent? : True

====TEST CR(243, 20, 40)====
Is IST_0 spanning? : True
Is IST_1 spanning? : True
Is IST_2 spanning? : True
Is IST_3 spanning? : True
Is IST_4 spanning? : True
Is IST_5 spanning? : True
Are all ISTs independent? : True

====TEST CR(244, 20, 40)====
Is IST_0 spanning? : True
Is IST_1 spanning? : True
Is IST_2 spanning? : True
Is IST_3 spanning? : True
Is IST_4 spanning? : True
Is IST_5 spanning? : True
Are all ISTs independent? : True

====TEST CR(245, 20, 40)====
Is IST_0 spanning? : True
Is IST_1 spanning? : True
Is IST_2 spanning? : True
Is IST_3 spanning? : True
Is IST_4 spanning? : True
Is IST_5 spanning? : True
Are all ISTs independent? : True

====TEST CR(246, 20, 40)====
Is IST_0 spanning? : True
Is IST_1 spanning? : True
Is IST_2 spanning? : True
Is IST_3 spanning? : True
Is IST_4 spanning? : True
Is IST_5 spanning? : True
Are all ISTs independent? : True

====TEST CR(247, 20, 40)====
Is IST_0 spanning? : True
Is IST_1 spanning? : True
Is IST_2 spanning? : True
Is IST_3 spanning? : True
Is IST_4 spanning? : True
Is IST_5 spanning? : True
Are all ISTs independent? : True

====TEST CR(248, 20, 40)====
Is IST_0 spanning? : True
Is IST_1 spanning? : True
Is IST_2 spanning? : True
Is IST_3 spanning? : True
Is IST_4 spanning? : True
Is IST_5 spanning? : True
Are all ISTs independent? : True

====TEST CR(126, 21, 42)====
Is IST_0 spanning? : True
Is IST_1 spanning? : True
Is IST_2 spanning? : True
Is IST_3 spanning? : True
Is IST_4 spanning? : True
Is IST_5 spanning? : True
Are all ISTs independent? : True

====TEST CR(127, 21, 42)====
Is IST_0 spanning? : True
Is IST_1 spanning? : True
Is IST_2 spanning? : True
Is IST_3 spanning? : True
Is IST_4 spanning? : True
Is IST_5 spanning? : True
Are all ISTs independent? : True

====TEST CR(128, 21, 42)====
Is IST_0 spanning? : True
Is IST_1 spanning? : True
Is IST_2 spanning? : True
Is IST_3 spanning? : True
Is IST_4 spanning? : True
Is IST_5 spanning? : True
Are all ISTs independent? : True

====TEST CR(129, 21, 42)====
Is IST_0 spanning? : True
Is IST_1 spanning? : True
Is IST_2 spanning? : True
Is IST_3 spanning? : True
Is IST_4 spanning? : True
Is IST_5 spanning? : True
Are all ISTs independent? : True

====TEST CR(130, 21, 42)====
Is IST_0 spanning? : True
Is IST_1 spanning? : True
Is IST_2 spanning? : True
Is IST_3 spanning? : True
Is IST_4 spanning? : True
Is IST_5 spanning? : True
Are all ISTs independent? : True

====TEST CR(131, 21, 42)====
Is IST_0 spanning? : True
Is IST_1 spanning? : True
Is IST_2 spanning? : True
Is IST_3 spanning? : True
Is IST_4 spanning? : True
Is IST_5 spanning? : True
Are all ISTs independent? : True

====TEST CR(132, 21, 42)====
Is IST_0 spanning? : True
Is IST_1 spanning? : True
Is IST_2 spanning? : True
Is IST_3 spanning? : True
Is IST_4 spanning? : True
Is IST_5 spanning? : True
Are all ISTs independent? : True

====TEST CR(133, 21, 42)====
Is IST_0 spanning? : True
Is IST_1 spanning? : True
Is IST_2 spanning? : True
Is IST_3 spanning? : True
Is IST_4 spanning? : True
Is IST_5 spanning? : True
Are all ISTs independent? : True

====TEST CR(134, 21, 42)====
Is IST_0 spanning? : True
Is IST_1 spanning? : True
Is IST_2 spanning? : True
Is IST_3 spanning? : True
Is IST_4 spanning? : True
Is IST_5 spanning? : True
Are all ISTs independent? : True

====TEST CR(135, 21, 42)====
Is IST_0 spanning? : True
Is IST_1 spanning? : True
Is IST_2 spanning? : True
Is IST_3 spanning? : True
Is IST_4 spanning? : True
Is IST_5 spanning? : True
Are all ISTs independent? : True

====TEST CR(136, 21, 42)====
Is IST_0 spanning? : True
Is IST_1 spanning? : True
Is IST_2 spanning? : True
Is IST_3 spanning? : True
Is IST_4 spanning? : True
Is IST_5 spanning? : True
Are all ISTs independent? : True

====TEST CR(137, 21, 42)====
Is IST_0 spanning? : True
Is IST_1 spanning? : True
Is IST_2 spanning? : True
Is IST_3 spanning? : True
Is IST_4 spanning? : True
Is IST_5 spanning? : True
Are all ISTs independent? : True

====TEST CR(138, 21, 42)====
Is IST_0 spanning? : True
Is IST_1 spanning? : True
Is IST_2 spanning? : True
Is IST_3 spanning? : True
Is IST_4 spanning? : True
Is IST_5 spanning? : True
Are all ISTs independent? : True

====TEST CR(139, 21, 42)====
Is IST_0 spanning? : True
Is IST_1 spanning? : True
Is IST_2 spanning? : True
Is IST_3 spanning? : True
Is IST_4 spanning? : True
Is IST_5 spanning? : True
Are all ISTs independent? : True

====TEST CR(140, 21, 42)====
Is IST_0 spanning? : True
Is IST_1 spanning? : True
Is IST_2 spanning? : True
Is IST_3 spanning? : True
Is IST_4 spanning? : True
Is IST_5 spanning? : True
Are all ISTs independent? : True

====TEST CR(141, 21, 42)====
Is IST_0 spanning? : True
Is IST_1 spanning? : True
Is IST_2 spanning? : True
Is IST_3 spanning? : True
Is IST_4 spanning? : True
Is IST_5 spanning? : True
Are all ISTs independent? : True

====TEST CR(142, 21, 42)====
Is IST_0 spanning? : True
Is IST_1 spanning? : True
Is IST_2 spanning? : True
Is IST_3 spanning? : True
Is IST_4 spanning? : True
Is IST_5 spanning? : True
Are all ISTs independent? : True

====TEST CR(143, 21, 42)====
Is IST_0 spanning? : True
Is IST_1 spanning? : True
Is IST_2 spanning? : True
Is IST_3 spanning? : True
Is IST_4 spanning? : True
Is IST_5 spanning? : True
Are all ISTs independent? : True

====TEST CR(144, 21, 42)====
Is IST_0 spanning? : True
Is IST_1 spanning? : True
Is IST_2 spanning? : True
Is IST_3 spanning? : True
Is IST_4 spanning? : True
Is IST_5 spanning? : True
Are all ISTs independent? : True

====TEST CR(145, 21, 42)====
Is IST_0 spanning? : True
Is IST_1 spanning? : True
Is IST_2 spanning? : True
Is IST_3 spanning? : True
Is IST_4 spanning? : True
Is IST_5 spanning? : True
Are all ISTs independent? : True

====TEST CR(146, 21, 42)====
Is IST_0 spanning? : True
Is IST_1 spanning? : True
Is IST_2 spanning? : True
Is IST_3 spanning? : True
Is IST_4 spanning? : True
Is IST_5 spanning? : True
Are all ISTs independent? : True

====TEST CR(147, 21, 42)====
Is IST_0 spanning? : True
Is IST_1 spanning? : True
Is IST_2 spanning? : True
Is IST_3 spanning? : True
Is IST_4 spanning? : True
Is IST_5 spanning? : True
Are all ISTs independent? : True

====TEST CR(148, 21, 42)====
Is IST_0 spanning? : True
Is IST_1 spanning? : True
Is IST_2 spanning? : True
Is IST_3 spanning? : True
Is IST_4 spanning? : True
Is IST_5 spanning? : True
Are all ISTs independent? : True

====TEST CR(149, 21, 42)====
Is IST_0 spanning? : True
Is IST_1 spanning? : True
Is IST_2 spanning? : True
Is IST_3 spanning? : True
Is IST_4 spanning? : True
Is IST_5 spanning? : True
Are all ISTs independent? : True

====TEST CR(150, 21, 42)====
Is IST_0 spanning? : True
Is IST_1 spanning? : True
Is IST_2 spanning? : True
Is IST_3 spanning? : True
Is IST_4 spanning? : True
Is IST_5 spanning? : True
Are all ISTs independent? : True

====TEST CR(151, 21, 42)====
Is IST_0 spanning? : True
Is IST_1 spanning? : True
Is IST_2 spanning? : True
Is IST_3 spanning? : True
Is IST_4 spanning? : True
Is IST_5 spanning? : True
Are all ISTs independent? : True

====TEST CR(152, 21, 42)====
Is IST_0 spanning? : True
Is IST_1 spanning? : True
Is IST_2 spanning? : True
Is IST_3 spanning? : True
Is IST_4 spanning? : True
Is IST_5 spanning? : True
Are all ISTs independent? : True

====TEST CR(153, 21, 42)====
Is IST_0 spanning? : True
Is IST_1 spanning? : True
Is IST_2 spanning? : True
Is IST_3 spanning? : True
Is IST_4 spanning? : True
Is IST_5 spanning? : True
Are all ISTs independent? : True

====TEST CR(154, 21, 42)====
Is IST_0 spanning? : True
Is IST_1 spanning? : True
Is IST_2 spanning? : True
Is IST_3 spanning? : True
Is IST_4 spanning? : True
Is IST_5 spanning? : True
Are all ISTs independent? : True

====TEST CR(155, 21, 42)====
Is IST_0 spanning? : True
Is IST_1 spanning? : True
Is IST_2 spanning? : True
Is IST_3 spanning? : True
Is IST_4 spanning? : True
Is IST_5 spanning? : True
Are all ISTs independent? : True

====TEST CR(156, 21, 42)====
Is IST_0 spanning? : True
Is IST_1 spanning? : True
Is IST_2 spanning? : True
Is IST_3 spanning? : True
Is IST_4 spanning? : True
Is IST_5 spanning? : True
Are all ISTs independent? : True

====TEST CR(157, 21, 42)====
Is IST_0 spanning? : True
Is IST_1 spanning? : True
Is IST_2 spanning? : True
Is IST_3 spanning? : True
Is IST_4 spanning? : True
Is IST_5 spanning? : True
Are all ISTs independent? : True

====TEST CR(158, 21, 42)====
Is IST_0 spanning? : True
Is IST_1 spanning? : True
Is IST_2 spanning? : True
Is IST_3 spanning? : True
Is IST_4 spanning? : True
Is IST_5 spanning? : True
Are all ISTs independent? : True

====TEST CR(159, 21, 42)====
Is IST_0 spanning? : True
Is IST_1 spanning? : True
Is IST_2 spanning? : True
Is IST_3 spanning? : True
Is IST_4 spanning? : True
Is IST_5 spanning? : True
Are all ISTs independent? : True

====TEST CR(160, 21, 42)====
Is IST_0 spanning? : True
Is IST_1 spanning? : True
Is IST_2 spanning? : True
Is IST_3 spanning? : True
Is IST_4 spanning? : True
Is IST_5 spanning? : True
Are all ISTs independent? : True

====TEST CR(161, 21, 42)====
Is IST_0 spanning? : True
Is IST_1 spanning? : True
Is IST_2 spanning? : True
Is IST_3 spanning? : True
Is IST_4 spanning? : True
Is IST_5 spanning? : True
Are all ISTs independent? : True

====TEST CR(162, 21, 42)====
Is IST_0 spanning? : True
Is IST_1 spanning? : True
Is IST_2 spanning? : True
Is IST_3 spanning? : True
Is IST_4 spanning? : True
Is IST_5 spanning? : True
Are all ISTs independent? : True

====TEST CR(163, 21, 42)====
Is IST_0 spanning? : True
Is IST_1 spanning? : True
Is IST_2 spanning? : True
Is IST_3 spanning? : True
Is IST_4 spanning? : True
Is IST_5 spanning? : True
Are all ISTs independent? : True

====TEST CR(164, 21, 42)====
Is IST_0 spanning? : True
Is IST_1 spanning? : True
Is IST_2 spanning? : True
Is IST_3 spanning? : True
Is IST_4 spanning? : True
Is IST_5 spanning? : True
Are all ISTs independent? : True

====TEST CR(165, 21, 42)====
Is IST_0 spanning? : True
Is IST_1 spanning? : True
Is IST_2 spanning? : True
Is IST_3 spanning? : True
Is IST_4 spanning? : True
Is IST_5 spanning? : True
Are all ISTs independent? : True

====TEST CR(166, 21, 42)====
Is IST_0 spanning? : True
Is IST_1 spanning? : True
Is IST_2 spanning? : True
Is IST_3 spanning? : True
Is IST_4 spanning? : True
Is IST_5 spanning? : True
Are all ISTs independent? : True

====TEST CR(167, 21, 42)====
Is IST_0 spanning? : True
Is IST_1 spanning? : True
Is IST_2 spanning? : True
Is IST_3 spanning? : True
Is IST_4 spanning? : True
Is IST_5 spanning? : True
Are all ISTs independent? : True

====TEST CR(168, 21, 42)====
Is IST_0 spanning? : True
Is IST_1 spanning? : True
Is IST_2 spanning? : True
Is IST_3 spanning? : True
Is IST_4 spanning? : True
Is IST_5 spanning? : True
Are all ISTs independent? : True

====TEST CR(169, 21, 42)====
Is IST_0 spanning? : True
Is IST_1 spanning? : True
Is IST_2 spanning? : True
Is IST_3 spanning? : True
Is IST_4 spanning? : True
Is IST_5 spanning? : True
Are all ISTs independent? : True

====TEST CR(170, 21, 42)====
Is IST_0 spanning? : True
Is IST_1 spanning? : True
Is IST_2 spanning? : True
Is IST_3 spanning? : True
Is IST_4 spanning? : True
Is IST_5 spanning? : True
Are all ISTs independent? : True

====TEST CR(171, 21, 42)====
Is IST_0 spanning? : True
Is IST_1 spanning? : True
Is IST_2 spanning? : True
Is IST_3 spanning? : True
Is IST_4 spanning? : True
Is IST_5 spanning? : True
Are all ISTs independent? : True

====TEST CR(172, 21, 42)====
Is IST_0 spanning? : True
Is IST_1 spanning? : True
Is IST_2 spanning? : True
Is IST_3 spanning? : True
Is IST_4 spanning? : True
Is IST_5 spanning? : True
Are all ISTs independent? : True

====TEST CR(173, 21, 42)====
Is IST_0 spanning? : True
Is IST_1 spanning? : True
Is IST_2 spanning? : True
Is IST_3 spanning? : True
Is IST_4 spanning? : True
Is IST_5 spanning? : True
Are all ISTs independent? : True

====TEST CR(174, 21, 42)====
Is IST_0 spanning? : True
Is IST_1 spanning? : True
Is IST_2 spanning? : True
Is IST_3 spanning? : True
Is IST_4 spanning? : True
Is IST_5 spanning? : True
Are all ISTs independent? : True

====TEST CR(175, 21, 42)====
Is IST_0 spanning? : True
Is IST_1 spanning? : True
Is IST_2 spanning? : True
Is IST_3 spanning? : True
Is IST_4 spanning? : True
Is IST_5 spanning? : True
Are all ISTs independent? : True

====TEST CR(176, 21, 42)====
Is IST_0 spanning? : True
Is IST_1 spanning? : True
Is IST_2 spanning? : True
Is IST_3 spanning? : True
Is IST_4 spanning? : True
Is IST_5 spanning? : True
Are all ISTs independent? : True

====TEST CR(177, 21, 42)====
Is IST_0 spanning? : True
Is IST_1 spanning? : True
Is IST_2 spanning? : True
Is IST_3 spanning? : True
Is IST_4 spanning? : True
Is IST_5 spanning? : True
Are all ISTs independent? : True

====TEST CR(178, 21, 42)====
Is IST_0 spanning? : True
Is IST_1 spanning? : True
Is IST_2 spanning? : True
Is IST_3 spanning? : True
Is IST_4 spanning? : True
Is IST_5 spanning? : True
Are all ISTs independent? : True

====TEST CR(179, 21, 42)====
Is IST_0 spanning? : True
Is IST_1 spanning? : True
Is IST_2 spanning? : True
Is IST_3 spanning? : True
Is IST_4 spanning? : True
Is IST_5 spanning? : True
Are all ISTs independent? : True

====TEST CR(180, 21, 42)====
Is IST_0 spanning? : True
Is IST_1 spanning? : True
Is IST_2 spanning? : True
Is IST_3 spanning? : True
Is IST_4 spanning? : True
Is IST_5 spanning? : True
Are all ISTs independent? : True

====TEST CR(181, 21, 42)====
Is IST_0 spanning? : True
Is IST_1 spanning? : True
Is IST_2 spanning? : True
Is IST_3 spanning? : True
Is IST_4 spanning? : True
Is IST_5 spanning? : True
Are all ISTs independent? : True

====TEST CR(182, 21, 42)====
Is IST_0 spanning? : True
Is IST_1 spanning? : True
Is IST_2 spanning? : True
Is IST_3 spanning? : True
Is IST_4 spanning? : True
Is IST_5 spanning? : True
Are all ISTs independent? : True

====TEST CR(183, 21, 42)====
Is IST_0 spanning? : True
Is IST_1 spanning? : True
Is IST_2 spanning? : True
Is IST_3 spanning? : True
Is IST_4 spanning? : True
Is IST_5 spanning? : True
Are all ISTs independent? : True

====TEST CR(184, 21, 42)====
Is IST_0 spanning? : True
Is IST_1 spanning? : True
Is IST_2 spanning? : True
Is IST_3 spanning? : True
Is IST_4 spanning? : True
Is IST_5 spanning? : True
Are all ISTs independent? : True

====TEST CR(185, 21, 42)====
Is IST_0 spanning? : True
Is IST_1 spanning? : True
Is IST_2 spanning? : True
Is IST_3 spanning? : True
Is IST_4 spanning? : True
Is IST_5 spanning? : True
Are all ISTs independent? : True

====TEST CR(186, 21, 42)====
Is IST_0 spanning? : True
Is IST_1 spanning? : True
Is IST_2 spanning? : True
Is IST_3 spanning? : True
Is IST_4 spanning? : True
Is IST_5 spanning? : True
Are all ISTs independent? : True

====TEST CR(187, 21, 42)====
Is IST_0 spanning? : True
Is IST_1 spanning? : True
Is IST_2 spanning? : True
Is IST_3 spanning? : True
Is IST_4 spanning? : True
Is IST_5 spanning? : True
Are all ISTs independent? : True

====TEST CR(188, 21, 42)====
Is IST_0 spanning? : True
Is IST_1 spanning? : True
Is IST_2 spanning? : True
Is IST_3 spanning? : True
Is IST_4 spanning? : True
Is IST_5 spanning? : True
Are all ISTs independent? : True

====TEST CR(189, 21, 42)====
Is IST_0 spanning? : True
Is IST_1 spanning? : True
Is IST_2 spanning? : True
Is IST_3 spanning? : True
Is IST_4 spanning? : True
Is IST_5 spanning? : True
Are all ISTs independent? : True

====TEST CR(190, 21, 42)====
Is IST_0 spanning? : True
Is IST_1 spanning? : True
Is IST_2 spanning? : True
Is IST_3 spanning? : True
Is IST_4 spanning? : True
Is IST_5 spanning? : True
Are all ISTs independent? : True

====TEST CR(191, 21, 42)====
Is IST_0 spanning? : True
Is IST_1 spanning? : True
Is IST_2 spanning? : True
Is IST_3 spanning? : True
Is IST_4 spanning? : True
Is IST_5 spanning? : True
Are all ISTs independent? : True

====TEST CR(192, 21, 42)====
Is IST_0 spanning? : True
Is IST_1 spanning? : True
Is IST_2 spanning? : True
Is IST_3 spanning? : True
Is IST_4 spanning? : True
Is IST_5 spanning? : True
Are all ISTs independent? : True

====TEST CR(193, 21, 42)====
Is IST_0 spanning? : True
Is IST_1 spanning? : True
Is IST_2 spanning? : True
Is IST_3 spanning? : True
Is IST_4 spanning? : True
Is IST_5 spanning? : True
Are all ISTs independent? : True

====TEST CR(194, 21, 42)====
Is IST_0 spanning? : True
Is IST_1 spanning? : True
Is IST_2 spanning? : True
Is IST_3 spanning? : True
Is IST_4 spanning? : True
Is IST_5 spanning? : True
Are all ISTs independent? : True

====TEST CR(195, 21, 42)====
Is IST_0 spanning? : True
Is IST_1 spanning? : True
Is IST_2 spanning? : True
Is IST_3 spanning? : True
Is IST_4 spanning? : True
Is IST_5 spanning? : True
Are all ISTs independent? : True

====TEST CR(196, 21, 42)====
Is IST_0 spanning? : True
Is IST_1 spanning? : True
Is IST_2 spanning? : True
Is IST_3 spanning? : True
Is IST_4 spanning? : True
Is IST_5 spanning? : True
Are all ISTs independent? : True

====TEST CR(197, 21, 42)====
Is IST_0 spanning? : True
Is IST_1 spanning? : True
Is IST_2 spanning? : True
Is IST_3 spanning? : True
Is IST_4 spanning? : True
Is IST_5 spanning? : True
Are all ISTs independent? : True

====TEST CR(198, 21, 42)====
Is IST_0 spanning? : True
Is IST_1 spanning? : True
Is IST_2 spanning? : True
Is IST_3 spanning? : True
Is IST_4 spanning? : True
Is IST_5 spanning? : True
Are all ISTs independent? : True

====TEST CR(199, 21, 42)====
Is IST_0 spanning? : True
Is IST_1 spanning? : True
Is IST_2 spanning? : True
Is IST_3 spanning? : True
Is IST_4 spanning? : True
Is IST_5 spanning? : True
Are all ISTs independent? : True

====TEST CR(200, 21, 42)====
Is IST_0 spanning? : True
Is IST_1 spanning? : True
Is IST_2 spanning? : True
Is IST_3 spanning? : True
Is IST_4 spanning? : True
Is IST_5 spanning? : True
Are all ISTs independent? : True

====TEST CR(201, 21, 42)====
Is IST_0 spanning? : True
Is IST_1 spanning? : True
Is IST_2 spanning? : True
Is IST_3 spanning? : True
Is IST_4 spanning? : True
Is IST_5 spanning? : True
Are all ISTs independent? : True

====TEST CR(202, 21, 42)====
Is IST_0 spanning? : True
Is IST_1 spanning? : True
Is IST_2 spanning? : True
Is IST_3 spanning? : True
Is IST_4 spanning? : True
Is IST_5 spanning? : True
Are all ISTs independent? : True

====TEST CR(203, 21, 42)====
Is IST_0 spanning? : True
Is IST_1 spanning? : True
Is IST_2 spanning? : True
Is IST_3 spanning? : True
Is IST_4 spanning? : True
Is IST_5 spanning? : True
Are all ISTs independent? : True

====TEST CR(204, 21, 42)====
Is IST_0 spanning? : True
Is IST_1 spanning? : True
Is IST_2 spanning? : True
Is IST_3 spanning? : True
Is IST_4 spanning? : True
Is IST_5 spanning? : True
Are all ISTs independent? : True

====TEST CR(205, 21, 42)====
Is IST_0 spanning? : True
Is IST_1 spanning? : True
Is IST_2 spanning? : True
Is IST_3 spanning? : True
Is IST_4 spanning? : True
Is IST_5 spanning? : True
Are all ISTs independent? : True

====TEST CR(206, 21, 42)====
Is IST_0 spanning? : True
Is IST_1 spanning? : True
Is IST_2 spanning? : True
Is IST_3 spanning? : True
Is IST_4 spanning? : True
Is IST_5 spanning? : True
Are all ISTs independent? : True

====TEST CR(207, 21, 42)====
Is IST_0 spanning? : True
Is IST_1 spanning? : True
Is IST_2 spanning? : True
Is IST_3 spanning? : True
Is IST_4 spanning? : True
Is IST_5 spanning? : True
Are all ISTs independent? : True

====TEST CR(208, 21, 42)====
Is IST_0 spanning? : True
Is IST_1 spanning? : True
Is IST_2 spanning? : True
Is IST_3 spanning? : True
Is IST_4 spanning? : True
Is IST_5 spanning? : True
Are all ISTs independent? : True

====TEST CR(209, 21, 42)====
Is IST_0 spanning? : True
Is IST_1 spanning? : True
Is IST_2 spanning? : True
Is IST_3 spanning? : True
Is IST_4 spanning? : True
Is IST_5 spanning? : True
Are all ISTs independent? : True

====TEST CR(210, 21, 42)====
Is IST_0 spanning? : True
Is IST_1 spanning? : True
Is IST_2 spanning? : True
Is IST_3 spanning? : True
Is IST_4 spanning? : True
Is IST_5 spanning? : True
Are all ISTs independent? : True

====TEST CR(211, 21, 42)====
Is IST_0 spanning? : True
Is IST_1 spanning? : True
Is IST_2 spanning? : True
Is IST_3 spanning? : True
Is IST_4 spanning? : True
Is IST_5 spanning? : True
Are all ISTs independent? : True

====TEST CR(212, 21, 42)====
Is IST_0 spanning? : True
Is IST_1 spanning? : True
Is IST_2 spanning? : True
Is IST_3 spanning? : True
Is IST_4 spanning? : True
Is IST_5 spanning? : True
Are all ISTs independent? : True

====TEST CR(213, 21, 42)====
Is IST_0 spanning? : True
Is IST_1 spanning? : True
Is IST_2 spanning? : True
Is IST_3 spanning? : True
Is IST_4 spanning? : True
Is IST_5 spanning? : True
Are all ISTs independent? : True

====TEST CR(214, 21, 42)====
Is IST_0 spanning? : True
Is IST_1 spanning? : True
Is IST_2 spanning? : True
Is IST_3 spanning? : True
Is IST_4 spanning? : True
Is IST_5 spanning? : True
Are all ISTs independent? : True

====TEST CR(215, 21, 42)====
Is IST_0 spanning? : True
Is IST_1 spanning? : True
Is IST_2 spanning? : True
Is IST_3 spanning? : True
Is IST_4 spanning? : True
Is IST_5 spanning? : True
Are all ISTs independent? : True

====TEST CR(216, 21, 42)====
Is IST_0 spanning? : True
Is IST_1 spanning? : True
Is IST_2 spanning? : True
Is IST_3 spanning? : True
Is IST_4 spanning? : True
Is IST_5 spanning? : True
Are all ISTs independent? : True

====TEST CR(217, 21, 42)====
Is IST_0 spanning? : True
Is IST_1 spanning? : True
Is IST_2 spanning? : True
Is IST_3 spanning? : True
Is IST_4 spanning? : True
Is IST_5 spanning? : True
Are all ISTs independent? : True

====TEST CR(218, 21, 42)====
Is IST_0 spanning? : True
Is IST_1 spanning? : True
Is IST_2 spanning? : True
Is IST_3 spanning? : True
Is IST_4 spanning? : True
Is IST_5 spanning? : True
Are all ISTs independent? : True

====TEST CR(219, 21, 42)====
Is IST_0 spanning? : True
Is IST_1 spanning? : True
Is IST_2 spanning? : True
Is IST_3 spanning? : True
Is IST_4 spanning? : True
Is IST_5 spanning? : True
Are all ISTs independent? : True

====TEST CR(220, 21, 42)====
Is IST_0 spanning? : True
Is IST_1 spanning? : True
Is IST_2 spanning? : True
Is IST_3 spanning? : True
Is IST_4 spanning? : True
Is IST_5 spanning? : True
Are all ISTs independent? : True

====TEST CR(221, 21, 42)====
Is IST_0 spanning? : True
Is IST_1 spanning? : True
Is IST_2 spanning? : True
Is IST_3 spanning? : True
Is IST_4 spanning? : True
Is IST_5 spanning? : True
Are all ISTs independent? : True

====TEST CR(222, 21, 42)====
Is IST_0 spanning? : True
Is IST_1 spanning? : True
Is IST_2 spanning? : True
Is IST_3 spanning? : True
Is IST_4 spanning? : True
Is IST_5 spanning? : True
Are all ISTs independent? : True

====TEST CR(223, 21, 42)====
Is IST_0 spanning? : True
Is IST_1 spanning? : True
Is IST_2 spanning? : True
Is IST_3 spanning? : True
Is IST_4 spanning? : True
Is IST_5 spanning? : True
Are all ISTs independent? : True

====TEST CR(224, 21, 42)====
Is IST_0 spanning? : True
Is IST_1 spanning? : True
Is IST_2 spanning? : True
Is IST_3 spanning? : True
Is IST_4 spanning? : True
Is IST_5 spanning? : True
Are all ISTs independent? : True

====TEST CR(225, 21, 42)====
Is IST_0 spanning? : True
Is IST_1 spanning? : True
Is IST_2 spanning? : True
Is IST_3 spanning? : True
Is IST_4 spanning? : True
Is IST_5 spanning? : True
Are all ISTs independent? : True

====TEST CR(226, 21, 42)====
Is IST_0 spanning? : True
Is IST_1 spanning? : True
Is IST_2 spanning? : True
Is IST_3 spanning? : True
Is IST_4 spanning? : True
Is IST_5 spanning? : True
Are all ISTs independent? : True

====TEST CR(227, 21, 42)====
Is IST_0 spanning? : True
Is IST_1 spanning? : True
Is IST_2 spanning? : True
Is IST_3 spanning? : True
Is IST_4 spanning? : True
Is IST_5 spanning? : True
Are all ISTs independent? : True

====TEST CR(228, 21, 42)====
Is IST_0 spanning? : True
Is IST_1 spanning? : True
Is IST_2 spanning? : True
Is IST_3 spanning? : True
Is IST_4 spanning? : True
Is IST_5 spanning? : True
Are all ISTs independent? : True

====TEST CR(229, 21, 42)====
Is IST_0 spanning? : True
Is IST_1 spanning? : True
Is IST_2 spanning? : True
Is IST_3 spanning? : True
Is IST_4 spanning? : True
Is IST_5 spanning? : True
Are all ISTs independent? : True

====TEST CR(230, 21, 42)====
Is IST_0 spanning? : True
Is IST_1 spanning? : True
Is IST_2 spanning? : True
Is IST_3 spanning? : True
Is IST_4 spanning? : True
Is IST_5 spanning? : True
Are all ISTs independent? : True

====TEST CR(231, 21, 42)====
Is IST_0 spanning? : True
Is IST_1 spanning? : True
Is IST_2 spanning? : True
Is IST_3 spanning? : True
Is IST_4 spanning? : True
Is IST_5 spanning? : True
Are all ISTs independent? : True

====TEST CR(232, 21, 42)====
Is IST_0 spanning? : True
Is IST_1 spanning? : True
Is IST_2 spanning? : True
Is IST_3 spanning? : True
Is IST_4 spanning? : True
Is IST_5 spanning? : True
Are all ISTs independent? : True

====TEST CR(233, 21, 42)====
Is IST_0 spanning? : True
Is IST_1 spanning? : True
Is IST_2 spanning? : True
Is IST_3 spanning? : True
Is IST_4 spanning? : True
Is IST_5 spanning? : True
Are all ISTs independent? : True

====TEST CR(234, 21, 42)====
Is IST_0 spanning? : True
Is IST_1 spanning? : True
Is IST_2 spanning? : True
Is IST_3 spanning? : True
Is IST_4 spanning? : True
Is IST_5 spanning? : True
Are all ISTs independent? : True

====TEST CR(235, 21, 42)====
Is IST_0 spanning? : True
Is IST_1 spanning? : True
Is IST_2 spanning? : True
Is IST_3 spanning? : True
Is IST_4 spanning? : True
Is IST_5 spanning? : True
Are all ISTs independent? : True

====TEST CR(236, 21, 42)====
Is IST_0 spanning? : True
Is IST_1 spanning? : True
Is IST_2 spanning? : True
Is IST_3 spanning? : True
Is IST_4 spanning? : True
Is IST_5 spanning? : True
Are all ISTs independent? : True

====TEST CR(237, 21, 42)====
Is IST_0 spanning? : True
Is IST_1 spanning? : True
Is IST_2 spanning? : True
Is IST_3 spanning? : True
Is IST_4 spanning? : True
Is IST_5 spanning? : True
Are all ISTs independent? : True

====TEST CR(238, 21, 42)====
Is IST_0 spanning? : True
Is IST_1 spanning? : True
Is IST_2 spanning? : True
Is IST_3 spanning? : True
Is IST_4 spanning? : True
Is IST_5 spanning? : True
Are all ISTs independent? : True

====TEST CR(239, 21, 42)====
Is IST_0 spanning? : True
Is IST_1 spanning? : True
Is IST_2 spanning? : True
Is IST_3 spanning? : True
Is IST_4 spanning? : True
Is IST_5 spanning? : True
Are all ISTs independent? : True

====TEST CR(240, 21, 42)====
Is IST_0 spanning? : True
Is IST_1 spanning? : True
Is IST_2 spanning? : True
Is IST_3 spanning? : True
Is IST_4 spanning? : True
Is IST_5 spanning? : True
Are all ISTs independent? : True

====TEST CR(241, 21, 42)====
Is IST_0 spanning? : True
Is IST_1 spanning? : True
Is IST_2 spanning? : True
Is IST_3 spanning? : True
Is IST_4 spanning? : True
Is IST_5 spanning? : True
Are all ISTs independent? : True

====TEST CR(242, 21, 42)====
Is IST_0 spanning? : True
Is IST_1 spanning? : True
Is IST_2 spanning? : True
Is IST_3 spanning? : True
Is IST_4 spanning? : True
Is IST_5 spanning? : True
Are all ISTs independent? : True

====TEST CR(243, 21, 42)====
Is IST_0 spanning? : True
Is IST_1 spanning? : True
Is IST_2 spanning? : True
Is IST_3 spanning? : True
Is IST_4 spanning? : True
Is IST_5 spanning? : True
Are all ISTs independent? : True

====TEST CR(244, 21, 42)====
Is IST_0 spanning? : True
Is IST_1 spanning? : True
Is IST_2 spanning? : True
Is IST_3 spanning? : True
Is IST_4 spanning? : True
Is IST_5 spanning? : True
Are all ISTs independent? : True

====TEST CR(245, 21, 42)====
Is IST_0 spanning? : True
Is IST_1 spanning? : True
Is IST_2 spanning? : True
Is IST_3 spanning? : True
Is IST_4 spanning? : True
Is IST_5 spanning? : True
Are all ISTs independent? : True

====TEST CR(246, 21, 42)====
Is IST_0 spanning? : True
Is IST_1 spanning? : True
Is IST_2 spanning? : True
Is IST_3 spanning? : True
Is IST_4 spanning? : True
Is IST_5 spanning? : True
Are all ISTs independent? : True

====TEST CR(247, 21, 42)====
Is IST_0 spanning? : True
Is IST_1 spanning? : True
Is IST_2 spanning? : True
Is IST_3 spanning? : True
Is IST_4 spanning? : True
Is IST_5 spanning? : True
Are all ISTs independent? : True

====TEST CR(248, 21, 42)====
Is IST_0 spanning? : True
Is IST_1 spanning? : True
Is IST_2 spanning? : True
Is IST_3 spanning? : True
Is IST_4 spanning? : True
Is IST_5 spanning? : True
Are all ISTs independent? : True

====TEST CR(249, 21, 42)====
Is IST_0 spanning? : True
Is IST_1 spanning? : True
Is IST_2 spanning? : True
Is IST_3 spanning? : True
Is IST_4 spanning? : True
Is IST_5 spanning? : True
Are all ISTs independent? : True

====TEST CR(250, 21, 42)====
Is IST_0 spanning? : True
Is IST_1 spanning? : True
Is IST_2 spanning? : True
Is IST_3 spanning? : True
Is IST_4 spanning? : True
Is IST_5 spanning? : True
Are all ISTs independent? : True

====TEST CR(251, 21, 42)====
Is IST_0 spanning? : True
Is IST_1 spanning? : True
Is IST_2 spanning? : True
Is IST_3 spanning? : True
Is IST_4 spanning? : True
Is IST_5 spanning? : True
Are all ISTs independent? : True

====TEST CR(252, 21, 42)====
Is IST_0 spanning? : True
Is IST_1 spanning? : True
Is IST_2 spanning? : True
Is IST_3 spanning? : True
Is IST_4 spanning? : True
Is IST_5 spanning? : True
Are all ISTs independent? : True

====TEST CR(253, 21, 42)====
Is IST_0 spanning? : True
Is IST_1 spanning? : True
Is IST_2 spanning? : True
Is IST_3 spanning? : True
Is IST_4 spanning? : True
Is IST_5 spanning? : True
Are all ISTs independent? : True

====TEST CR(254, 21, 42)====
Is IST_0 spanning? : True
Is IST_1 spanning? : True
Is IST_2 spanning? : True
Is IST_3 spanning? : True
Is IST_4 spanning? : True
Is IST_5 spanning? : True
Are all ISTs independent? : True

====TEST CR(132, 22, 44)====
Is IST_0 spanning? : True
Is IST_1 spanning? : True
Is IST_2 spanning? : True
Is IST_3 spanning? : True
Is IST_4 spanning? : True
Is IST_5 spanning? : True
Are all ISTs independent? : True

====TEST CR(133, 22, 44)====
Is IST_0 spanning? : True
Is IST_1 spanning? : True
Is IST_2 spanning? : True
Is IST_3 spanning? : True
Is IST_4 spanning? : True
Is IST_5 spanning? : True
Are all ISTs independent? : True

====TEST CR(134, 22, 44)====
Is IST_0 spanning? : True
Is IST_1 spanning? : True
Is IST_2 spanning? : True
Is IST_3 spanning? : True
Is IST_4 spanning? : True
Is IST_5 spanning? : True
Are all ISTs independent? : True

====TEST CR(135, 22, 44)====
Is IST_0 spanning? : True
Is IST_1 spanning? : True
Is IST_2 spanning? : True
Is IST_3 spanning? : True
Is IST_4 spanning? : True
Is IST_5 spanning? : True
Are all ISTs independent? : True

====TEST CR(136, 22, 44)====
Is IST_0 spanning? : True
Is IST_1 spanning? : True
Is IST_2 spanning? : True
Is IST_3 spanning? : True
Is IST_4 spanning? : True
Is IST_5 spanning? : True
Are all ISTs independent? : True

====TEST CR(137, 22, 44)====
Is IST_0 spanning? : True
Is IST_1 spanning? : True
Is IST_2 spanning? : True
Is IST_3 spanning? : True
Is IST_4 spanning? : True
Is IST_5 spanning? : True
Are all ISTs independent? : True

====TEST CR(138, 22, 44)====
Is IST_0 spanning? : True
Is IST_1 spanning? : True
Is IST_2 spanning? : True
Is IST_3 spanning? : True
Is IST_4 spanning? : True
Is IST_5 spanning? : True
Are all ISTs independent? : True

====TEST CR(139, 22, 44)====
Is IST_0 spanning? : True
Is IST_1 spanning? : True
Is IST_2 spanning? : True
Is IST_3 spanning? : True
Is IST_4 spanning? : True
Is IST_5 spanning? : True
Are all ISTs independent? : True

====TEST CR(140, 22, 44)====
Is IST_0 spanning? : True
Is IST_1 spanning? : True
Is IST_2 spanning? : True
Is IST_3 spanning? : True
Is IST_4 spanning? : True
Is IST_5 spanning? : True
Are all ISTs independent? : True

====TEST CR(141, 22, 44)====
Is IST_0 spanning? : True
Is IST_1 spanning? : True
Is IST_2 spanning? : True
Is IST_3 spanning? : True
Is IST_4 spanning? : True
Is IST_5 spanning? : True
Are all ISTs independent? : True

====TEST CR(142, 22, 44)====
Is IST_0 spanning? : True
Is IST_1 spanning? : True
Is IST_2 spanning? : True
Is IST_3 spanning? : True
Is IST_4 spanning? : True
Is IST_5 spanning? : True
Are all ISTs independent? : True

====TEST CR(143, 22, 44)====
Is IST_0 spanning? : True
Is IST_1 spanning? : True
Is IST_2 spanning? : True
Is IST_3 spanning? : True
Is IST_4 spanning? : True
Is IST_5 spanning? : True
Are all ISTs independent? : True

====TEST CR(144, 22, 44)====
Is IST_0 spanning? : True
Is IST_1 spanning? : True
Is IST_2 spanning? : True
Is IST_3 spanning? : True
Is IST_4 spanning? : True
Is IST_5 spanning? : True
Are all ISTs independent? : True

====TEST CR(145, 22, 44)====
Is IST_0 spanning? : True
Is IST_1 spanning? : True
Is IST_2 spanning? : True
Is IST_3 spanning? : True
Is IST_4 spanning? : True
Is IST_5 spanning? : True
Are all ISTs independent? : True

====TEST CR(146, 22, 44)====
Is IST_0 spanning? : True
Is IST_1 spanning? : True
Is IST_2 spanning? : True
Is IST_3 spanning? : True
Is IST_4 spanning? : True
Is IST_5 spanning? : True
Are all ISTs independent? : True

====TEST CR(147, 22, 44)====
Is IST_0 spanning? : True
Is IST_1 spanning? : True
Is IST_2 spanning? : True
Is IST_3 spanning? : True
Is IST_4 spanning? : True
Is IST_5 spanning? : True
Are all ISTs independent? : True

====TEST CR(148, 22, 44)====
Is IST_0 spanning? : True
Is IST_1 spanning? : True
Is IST_2 spanning? : True
Is IST_3 spanning? : True
Is IST_4 spanning? : True
Is IST_5 spanning? : True
Are all ISTs independent? : True

====TEST CR(149, 22, 44)====
Is IST_0 spanning? : True
Is IST_1 spanning? : True
Is IST_2 spanning? : True
Is IST_3 spanning? : True
Is IST_4 spanning? : True
Is IST_5 spanning? : True
Are all ISTs independent? : True

====TEST CR(150, 22, 44)====
Is IST_0 spanning? : True
Is IST_1 spanning? : True
Is IST_2 spanning? : True
Is IST_3 spanning? : True
Is IST_4 spanning? : True
Is IST_5 spanning? : True
Are all ISTs independent? : True

====TEST CR(151, 22, 44)====
Is IST_0 spanning? : True
Is IST_1 spanning? : True
Is IST_2 spanning? : True
Is IST_3 spanning? : True
Is IST_4 spanning? : True
Is IST_5 spanning? : True
Are all ISTs independent? : True

====TEST CR(152, 22, 44)====
Is IST_0 spanning? : True
Is IST_1 spanning? : True
Is IST_2 spanning? : True
Is IST_3 spanning? : True
Is IST_4 spanning? : True
Is IST_5 spanning? : True
Are all ISTs independent? : True

====TEST CR(153, 22, 44)====
Is IST_0 spanning? : True
Is IST_1 spanning? : True
Is IST_2 spanning? : True
Is IST_3 spanning? : True
Is IST_4 spanning? : True
Is IST_5 spanning? : True
Are all ISTs independent? : True

====TEST CR(154, 22, 44)====
Is IST_0 spanning? : True
Is IST_1 spanning? : True
Is IST_2 spanning? : True
Is IST_3 spanning? : True
Is IST_4 spanning? : True
Is IST_5 spanning? : True
Are all ISTs independent? : True

====TEST CR(155, 22, 44)====
Is IST_0 spanning? : True
Is IST_1 spanning? : True
Is IST_2 spanning? : True
Is IST_3 spanning? : True
Is IST_4 spanning? : True
Is IST_5 spanning? : True
Are all ISTs independent? : True

====TEST CR(156, 22, 44)====
Is IST_0 spanning? : True
Is IST_1 spanning? : True
Is IST_2 spanning? : True
Is IST_3 spanning? : True
Is IST_4 spanning? : True
Is IST_5 spanning? : True
Are all ISTs independent? : True

====TEST CR(157, 22, 44)====
Is IST_0 spanning? : True
Is IST_1 spanning? : True
Is IST_2 spanning? : True
Is IST_3 spanning? : True
Is IST_4 spanning? : True
Is IST_5 spanning? : True
Are all ISTs independent? : True

====TEST CR(158, 22, 44)====
Is IST_0 spanning? : True
Is IST_1 spanning? : True
Is IST_2 spanning? : True
Is IST_3 spanning? : True
Is IST_4 spanning? : True
Is IST_5 spanning? : True
Are all ISTs independent? : True

====TEST CR(159, 22, 44)====
Is IST_0 spanning? : True
Is IST_1 spanning? : True
Is IST_2 spanning? : True
Is IST_3 spanning? : True
Is IST_4 spanning? : True
Is IST_5 spanning? : True
Are all ISTs independent? : True

====TEST CR(160, 22, 44)====
Is IST_0 spanning? : True
Is IST_1 spanning? : True
Is IST_2 spanning? : True
Is IST_3 spanning? : True
Is IST_4 spanning? : True
Is IST_5 spanning? : True
Are all ISTs independent? : True

====TEST CR(161, 22, 44)====
Is IST_0 spanning? : True
Is IST_1 spanning? : True
Is IST_2 spanning? : True
Is IST_3 spanning? : True
Is IST_4 spanning? : True
Is IST_5 spanning? : True
Are all ISTs independent? : True

====TEST CR(162, 22, 44)====
Is IST_0 spanning? : True
Is IST_1 spanning? : True
Is IST_2 spanning? : True
Is IST_3 spanning? : True
Is IST_4 spanning? : True
Is IST_5 spanning? : True
Are all ISTs independent? : True

====TEST CR(163, 22, 44)====
Is IST_0 spanning? : True
Is IST_1 spanning? : True
Is IST_2 spanning? : True
Is IST_3 spanning? : True
Is IST_4 spanning? : True
Is IST_5 spanning? : True
Are all ISTs independent? : True

====TEST CR(164, 22, 44)====
Is IST_0 spanning? : True
Is IST_1 spanning? : True
Is IST_2 spanning? : True
Is IST_3 spanning? : True
Is IST_4 spanning? : True
Is IST_5 spanning? : True
Are all ISTs independent? : True

====TEST CR(165, 22, 44)====
Is IST_0 spanning? : True
Is IST_1 spanning? : True
Is IST_2 spanning? : True
Is IST_3 spanning? : True
Is IST_4 spanning? : True
Is IST_5 spanning? : True
Are all ISTs independent? : True

====TEST CR(166, 22, 44)====
Is IST_0 spanning? : True
Is IST_1 spanning? : True
Is IST_2 spanning? : True
Is IST_3 spanning? : True
Is IST_4 spanning? : True
Is IST_5 spanning? : True
Are all ISTs independent? : True

====TEST CR(167, 22, 44)====
Is IST_0 spanning? : True
Is IST_1 spanning? : True
Is IST_2 spanning? : True
Is IST_3 spanning? : True
Is IST_4 spanning? : True
Is IST_5 spanning? : True
Are all ISTs independent? : True

====TEST CR(168, 22, 44)====
Is IST_0 spanning? : True
Is IST_1 spanning? : True
Is IST_2 spanning? : True
Is IST_3 spanning? : True
Is IST_4 spanning? : True
Is IST_5 spanning? : True
Are all ISTs independent? : True

====TEST CR(169, 22, 44)====
Is IST_0 spanning? : True
Is IST_1 spanning? : True
Is IST_2 spanning? : True
Is IST_3 spanning? : True
Is IST_4 spanning? : True
Is IST_5 spanning? : True
Are all ISTs independent? : True

====TEST CR(170, 22, 44)====
Is IST_0 spanning? : True
Is IST_1 spanning? : True
Is IST_2 spanning? : True
Is IST_3 spanning? : True
Is IST_4 spanning? : True
Is IST_5 spanning? : True
Are all ISTs independent? : True

====TEST CR(171, 22, 44)====
Is IST_0 spanning? : True
Is IST_1 spanning? : True
Is IST_2 spanning? : True
Is IST_3 spanning? : True
Is IST_4 spanning? : True
Is IST_5 spanning? : True
Are all ISTs independent? : True

====TEST CR(172, 22, 44)====
Is IST_0 spanning? : True
Is IST_1 spanning? : True
Is IST_2 spanning? : True
Is IST_3 spanning? : True
Is IST_4 spanning? : True
Is IST_5 spanning? : True
Are all ISTs independent? : True

====TEST CR(173, 22, 44)====
Is IST_0 spanning? : True
Is IST_1 spanning? : True
Is IST_2 spanning? : True
Is IST_3 spanning? : True
Is IST_4 spanning? : True
Is IST_5 spanning? : True
Are all ISTs independent? : True

====TEST CR(174, 22, 44)====
Is IST_0 spanning? : True
Is IST_1 spanning? : True
Is IST_2 spanning? : True
Is IST_3 spanning? : True
Is IST_4 spanning? : True
Is IST_5 spanning? : True
Are all ISTs independent? : True

====TEST CR(175, 22, 44)====
Is IST_0 spanning? : True
Is IST_1 spanning? : True
Is IST_2 spanning? : True
Is IST_3 spanning? : True
Is IST_4 spanning? : True
Is IST_5 spanning? : True
Are all ISTs independent? : True

====TEST CR(176, 22, 44)====
Is IST_0 spanning? : True
Is IST_1 spanning? : True
Is IST_2 spanning? : True
Is IST_3 spanning? : True
Is IST_4 spanning? : True
Is IST_5 spanning? : True
Are all ISTs independent? : True

====TEST CR(177, 22, 44)====
Is IST_0 spanning? : True
Is IST_1 spanning? : True
Is IST_2 spanning? : True
Is IST_3 spanning? : True
Is IST_4 spanning? : True
Is IST_5 spanning? : True
Are all ISTs independent? : True

====TEST CR(178, 22, 44)====
Is IST_0 spanning? : True
Is IST_1 spanning? : True
Is IST_2 spanning? : True
Is IST_3 spanning? : True
Is IST_4 spanning? : True
Is IST_5 spanning? : True
Are all ISTs independent? : True

====TEST CR(179, 22, 44)====
Is IST_0 spanning? : True
Is IST_1 spanning? : True
Is IST_2 spanning? : True
Is IST_3 spanning? : True
Is IST_4 spanning? : True
Is IST_5 spanning? : True
Are all ISTs independent? : True

====TEST CR(180, 22, 44)====
Is IST_0 spanning? : True
Is IST_1 spanning? : True
Is IST_2 spanning? : True
Is IST_3 spanning? : True
Is IST_4 spanning? : True
Is IST_5 spanning? : True
Are all ISTs independent? : True

====TEST CR(181, 22, 44)====
Is IST_0 spanning? : True
Is IST_1 spanning? : True
Is IST_2 spanning? : True
Is IST_3 spanning? : True
Is IST_4 spanning? : True
Is IST_5 spanning? : True
Are all ISTs independent? : True

====TEST CR(182, 22, 44)====
Is IST_0 spanning? : True
Is IST_1 spanning? : True
Is IST_2 spanning? : True
Is IST_3 spanning? : True
Is IST_4 spanning? : True
Is IST_5 spanning? : True
Are all ISTs independent? : True

====TEST CR(183, 22, 44)====
Is IST_0 spanning? : True
Is IST_1 spanning? : True
Is IST_2 spanning? : True
Is IST_3 spanning? : True
Is IST_4 spanning? : True
Is IST_5 spanning? : True
Are all ISTs independent? : True

====TEST CR(184, 22, 44)====
Is IST_0 spanning? : True
Is IST_1 spanning? : True
Is IST_2 spanning? : True
Is IST_3 spanning? : True
Is IST_4 spanning? : True
Is IST_5 spanning? : True
Are all ISTs independent? : True

====TEST CR(185, 22, 44)====
Is IST_0 spanning? : True
Is IST_1 spanning? : True
Is IST_2 spanning? : True
Is IST_3 spanning? : True
Is IST_4 spanning? : True
Is IST_5 spanning? : True
Are all ISTs independent? : True

====TEST CR(186, 22, 44)====
Is IST_0 spanning? : True
Is IST_1 spanning? : True
Is IST_2 spanning? : True
Is IST_3 spanning? : True
Is IST_4 spanning? : True
Is IST_5 spanning? : True
Are all ISTs independent? : True

====TEST CR(187, 22, 44)====
Is IST_0 spanning? : True
Is IST_1 spanning? : True
Is IST_2 spanning? : True
Is IST_3 spanning? : True
Is IST_4 spanning? : True
Is IST_5 spanning? : True
Are all ISTs independent? : True

====TEST CR(188, 22, 44)====
Is IST_0 spanning? : True
Is IST_1 spanning? : True
Is IST_2 spanning? : True
Is IST_3 spanning? : True
Is IST_4 spanning? : True
Is IST_5 spanning? : True
Are all ISTs independent? : True

====TEST CR(189, 22, 44)====
Is IST_0 spanning? : True
Is IST_1 spanning? : True
Is IST_2 spanning? : True
Is IST_3 spanning? : True
Is IST_4 spanning? : True
Is IST_5 spanning? : True
Are all ISTs independent? : True

====TEST CR(190, 22, 44)====
Is IST_0 spanning? : True
Is IST_1 spanning? : True
Is IST_2 spanning? : True
Is IST_3 spanning? : True
Is IST_4 spanning? : True
Is IST_5 spanning? : True
Are all ISTs independent? : True

====TEST CR(191, 22, 44)====
Is IST_0 spanning? : True
Is IST_1 spanning? : True
Is IST_2 spanning? : True
Is IST_3 spanning? : True
Is IST_4 spanning? : True
Is IST_5 spanning? : True
Are all ISTs independent? : True

====TEST CR(192, 22, 44)====
Is IST_0 spanning? : True
Is IST_1 spanning? : True
Is IST_2 spanning? : True
Is IST_3 spanning? : True
Is IST_4 spanning? : True
Is IST_5 spanning? : True
Are all ISTs independent? : True

====TEST CR(193, 22, 44)====
Is IST_0 spanning? : True
Is IST_1 spanning? : True
Is IST_2 spanning? : True
Is IST_3 spanning? : True
Is IST_4 spanning? : True
Is IST_5 spanning? : True
Are all ISTs independent? : True

====TEST CR(194, 22, 44)====
Is IST_0 spanning? : True
Is IST_1 spanning? : True
Is IST_2 spanning? : True
Is IST_3 spanning? : True
Is IST_4 spanning? : True
Is IST_5 spanning? : True
Are all ISTs independent? : True

====TEST CR(195, 22, 44)====
Is IST_0 spanning? : True
Is IST_1 spanning? : True
Is IST_2 spanning? : True
Is IST_3 spanning? : True
Is IST_4 spanning? : True
Is IST_5 spanning? : True
Are all ISTs independent? : True

====TEST CR(196, 22, 44)====
Is IST_0 spanning? : True
Is IST_1 spanning? : True
Is IST_2 spanning? : True
Is IST_3 spanning? : True
Is IST_4 spanning? : True
Is IST_5 spanning? : True
Are all ISTs independent? : True

====TEST CR(197, 22, 44)====
Is IST_0 spanning? : True
Is IST_1 spanning? : True
Is IST_2 spanning? : True
Is IST_3 spanning? : True
Is IST_4 spanning? : True
Is IST_5 spanning? : True
Are all ISTs independent? : True

====TEST CR(198, 22, 44)====
Is IST_0 spanning? : True
Is IST_1 spanning? : True
Is IST_2 spanning? : True
Is IST_3 spanning? : True
Is IST_4 spanning? : True
Is IST_5 spanning? : True
Are all ISTs independent? : True

====TEST CR(199, 22, 44)====
Is IST_0 spanning? : True
Is IST_1 spanning? : True
Is IST_2 spanning? : True
Is IST_3 spanning? : True
Is IST_4 spanning? : True
Is IST_5 spanning? : True
Are all ISTs independent? : True

====TEST CR(200, 22, 44)====
Is IST_0 spanning? : True
Is IST_1 spanning? : True
Is IST_2 spanning? : True
Is IST_3 spanning? : True
Is IST_4 spanning? : True
Is IST_5 spanning? : True
Are all ISTs independent? : True

====TEST CR(201, 22, 44)====
Is IST_0 spanning? : True
Is IST_1 spanning? : True
Is IST_2 spanning? : True
Is IST_3 spanning? : True
Is IST_4 spanning? : True
Is IST_5 spanning? : True
Are all ISTs independent? : True

====TEST CR(202, 22, 44)====
Is IST_0 spanning? : True
Is IST_1 spanning? : True
Is IST_2 spanning? : True
Is IST_3 spanning? : True
Is IST_4 spanning? : True
Is IST_5 spanning? : True
Are all ISTs independent? : True

====TEST CR(203, 22, 44)====
Is IST_0 spanning? : True
Is IST_1 spanning? : True
Is IST_2 spanning? : True
Is IST_3 spanning? : True
Is IST_4 spanning? : True
Is IST_5 spanning? : True
Are all ISTs independent? : True

====TEST CR(204, 22, 44)====
Is IST_0 spanning? : True
Is IST_1 spanning? : True
Is IST_2 spanning? : True
Is IST_3 spanning? : True
Is IST_4 spanning? : True
Is IST_5 spanning? : True
Are all ISTs independent? : True

====TEST CR(205, 22, 44)====
Is IST_0 spanning? : True
Is IST_1 spanning? : True
Is IST_2 spanning? : True
Is IST_3 spanning? : True
Is IST_4 spanning? : True
Is IST_5 spanning? : True
Are all ISTs independent? : True

====TEST CR(206, 22, 44)====
Is IST_0 spanning? : True
Is IST_1 spanning? : True
Is IST_2 spanning? : True
Is IST_3 spanning? : True
Is IST_4 spanning? : True
Is IST_5 spanning? : True
Are all ISTs independent? : True

====TEST CR(207, 22, 44)====
Is IST_0 spanning? : True
Is IST_1 spanning? : True
Is IST_2 spanning? : True
Is IST_3 spanning? : True
Is IST_4 spanning? : True
Is IST_5 spanning? : True
Are all ISTs independent? : True

====TEST CR(208, 22, 44)====
Is IST_0 spanning? : True
Is IST_1 spanning? : True
Is IST_2 spanning? : True
Is IST_3 spanning? : True
Is IST_4 spanning? : True
Is IST_5 spanning? : True
Are all ISTs independent? : True

====TEST CR(209, 22, 44)====
Is IST_0 spanning? : True
Is IST_1 spanning? : True
Is IST_2 spanning? : True
Is IST_3 spanning? : True
Is IST_4 spanning? : True
Is IST_5 spanning? : True
Are all ISTs independent? : True

====TEST CR(210, 22, 44)====
Is IST_0 spanning? : True
Is IST_1 spanning? : True
Is IST_2 spanning? : True
Is IST_3 spanning? : True
Is IST_4 spanning? : True
Is IST_5 spanning? : True
Are all ISTs independent? : True

====TEST CR(211, 22, 44)====
Is IST_0 spanning? : True
Is IST_1 spanning? : True
Is IST_2 spanning? : True
Is IST_3 spanning? : True
Is IST_4 spanning? : True
Is IST_5 spanning? : True
Are all ISTs independent? : True

====TEST CR(212, 22, 44)====
Is IST_0 spanning? : True
Is IST_1 spanning? : True
Is IST_2 spanning? : True
Is IST_3 spanning? : True
Is IST_4 spanning? : True
Is IST_5 spanning? : True
Are all ISTs independent? : True

====TEST CR(213, 22, 44)====
Is IST_0 spanning? : True
Is IST_1 spanning? : True
Is IST_2 spanning? : True
Is IST_3 spanning? : True
Is IST_4 spanning? : True
Is IST_5 spanning? : True
Are all ISTs independent? : True

====TEST CR(214, 22, 44)====
Is IST_0 spanning? : True
Is IST_1 spanning? : True
Is IST_2 spanning? : True
Is IST_3 spanning? : True
Is IST_4 spanning? : True
Is IST_5 spanning? : True
Are all ISTs independent? : True

====TEST CR(215, 22, 44)====
Is IST_0 spanning? : True
Is IST_1 spanning? : True
Is IST_2 spanning? : True
Is IST_3 spanning? : True
Is IST_4 spanning? : True
Is IST_5 spanning? : True
Are all ISTs independent? : True

====TEST CR(216, 22, 44)====
Is IST_0 spanning? : True
Is IST_1 spanning? : True
Is IST_2 spanning? : True
Is IST_3 spanning? : True
Is IST_4 spanning? : True
Is IST_5 spanning? : True
Are all ISTs independent? : True

====TEST CR(217, 22, 44)====
Is IST_0 spanning? : True
Is IST_1 spanning? : True
Is IST_2 spanning? : True
Is IST_3 spanning? : True
Is IST_4 spanning? : True
Is IST_5 spanning? : True
Are all ISTs independent? : True

====TEST CR(218, 22, 44)====
Is IST_0 spanning? : True
Is IST_1 spanning? : True
Is IST_2 spanning? : True
Is IST_3 spanning? : True
Is IST_4 spanning? : True
Is IST_5 spanning? : True
Are all ISTs independent? : True

====TEST CR(219, 22, 44)====
Is IST_0 spanning? : True
Is IST_1 spanning? : True
Is IST_2 spanning? : True
Is IST_3 spanning? : True
Is IST_4 spanning? : True
Is IST_5 spanning? : True
Are all ISTs independent? : True

====TEST CR(220, 22, 44)====
Is IST_0 spanning? : True
Is IST_1 spanning? : True
Is IST_2 spanning? : True
Is IST_3 spanning? : True
Is IST_4 spanning? : True
Is IST_5 spanning? : True
Are all ISTs independent? : True

====TEST CR(221, 22, 44)====
Is IST_0 spanning? : True
Is IST_1 spanning? : True
Is IST_2 spanning? : True
Is IST_3 spanning? : True
Is IST_4 spanning? : True
Is IST_5 spanning? : True
Are all ISTs independent? : True

====TEST CR(222, 22, 44)====
Is IST_0 spanning? : True
Is IST_1 spanning? : True
Is IST_2 spanning? : True
Is IST_3 spanning? : True
Is IST_4 spanning? : True
Is IST_5 spanning? : True
Are all ISTs independent? : True

====TEST CR(223, 22, 44)====
Is IST_0 spanning? : True
Is IST_1 spanning? : True
Is IST_2 spanning? : True
Is IST_3 spanning? : True
Is IST_4 spanning? : True
Is IST_5 spanning? : True
Are all ISTs independent? : True

====TEST CR(224, 22, 44)====
Is IST_0 spanning? : True
Is IST_1 spanning? : True
Is IST_2 spanning? : True
Is IST_3 spanning? : True
Is IST_4 spanning? : True
Is IST_5 spanning? : True
Are all ISTs independent? : True

====TEST CR(225, 22, 44)====
Is IST_0 spanning? : True
Is IST_1 spanning? : True
Is IST_2 spanning? : True
Is IST_3 spanning? : True
Is IST_4 spanning? : True
Is IST_5 spanning? : True
Are all ISTs independent? : True

====TEST CR(226, 22, 44)====
Is IST_0 spanning? : True
Is IST_1 spanning? : True
Is IST_2 spanning? : True
Is IST_3 spanning? : True
Is IST_4 spanning? : True
Is IST_5 spanning? : True
Are all ISTs independent? : True

====TEST CR(227, 22, 44)====
Is IST_0 spanning? : True
Is IST_1 spanning? : True
Is IST_2 spanning? : True
Is IST_3 spanning? : True
Is IST_4 spanning? : True
Is IST_5 spanning? : True
Are all ISTs independent? : True

====TEST CR(228, 22, 44)====
Is IST_0 spanning? : True
Is IST_1 spanning? : True
Is IST_2 spanning? : True
Is IST_3 spanning? : True
Is IST_4 spanning? : True
Is IST_5 spanning? : True
Are all ISTs independent? : True

====TEST CR(229, 22, 44)====
Is IST_0 spanning? : True
Is IST_1 spanning? : True
Is IST_2 spanning? : True
Is IST_3 spanning? : True
Is IST_4 spanning? : True
Is IST_5 spanning? : True
Are all ISTs independent? : True

====TEST CR(230, 22, 44)====
Is IST_0 spanning? : True
Is IST_1 spanning? : True
Is IST_2 spanning? : True
Is IST_3 spanning? : True
Is IST_4 spanning? : True
Is IST_5 spanning? : True
Are all ISTs independent? : True

====TEST CR(231, 22, 44)====
Is IST_0 spanning? : True
Is IST_1 spanning? : True
Is IST_2 spanning? : True
Is IST_3 spanning? : True
Is IST_4 spanning? : True
Is IST_5 spanning? : True
Are all ISTs independent? : True

====TEST CR(232, 22, 44)====
Is IST_0 spanning? : True
Is IST_1 spanning? : True
Is IST_2 spanning? : True
Is IST_3 spanning? : True
Is IST_4 spanning? : True
Is IST_5 spanning? : True
Are all ISTs independent? : True

====TEST CR(233, 22, 44)====
Is IST_0 spanning? : True
Is IST_1 spanning? : True
Is IST_2 spanning? : True
Is IST_3 spanning? : True
Is IST_4 spanning? : True
Is IST_5 spanning? : True
Are all ISTs independent? : True

====TEST CR(234, 22, 44)====
Is IST_0 spanning? : True
Is IST_1 spanning? : True
Is IST_2 spanning? : True
Is IST_3 spanning? : True
Is IST_4 spanning? : True
Is IST_5 spanning? : True
Are all ISTs independent? : True

====TEST CR(235, 22, 44)====
Is IST_0 spanning? : True
Is IST_1 spanning? : True
Is IST_2 spanning? : True
Is IST_3 spanning? : True
Is IST_4 spanning? : True
Is IST_5 spanning? : True
Are all ISTs independent? : True

====TEST CR(236, 22, 44)====
Is IST_0 spanning? : True
Is IST_1 spanning? : True
Is IST_2 spanning? : True
Is IST_3 spanning? : True
Is IST_4 spanning? : True
Is IST_5 spanning? : True
Are all ISTs independent? : True

====TEST CR(237, 22, 44)====
Is IST_0 spanning? : True
Is IST_1 spanning? : True
Is IST_2 spanning? : True
Is IST_3 spanning? : True
Is IST_4 spanning? : True
Is IST_5 spanning? : True
Are all ISTs independent? : True

====TEST CR(238, 22, 44)====
Is IST_0 spanning? : True
Is IST_1 spanning? : True
Is IST_2 spanning? : True
Is IST_3 spanning? : True
Is IST_4 spanning? : True
Is IST_5 spanning? : True
Are all ISTs independent? : True

====TEST CR(239, 22, 44)====
Is IST_0 spanning? : True
Is IST_1 spanning? : True
Is IST_2 spanning? : True
Is IST_3 spanning? : True
Is IST_4 spanning? : True
Is IST_5 spanning? : True
Are all ISTs independent? : True

====TEST CR(240, 22, 44)====
Is IST_0 spanning? : True
Is IST_1 spanning? : True
Is IST_2 spanning? : True
Is IST_3 spanning? : True
Is IST_4 spanning? : True
Is IST_5 spanning? : True
Are all ISTs independent? : True

====TEST CR(241, 22, 44)====
Is IST_0 spanning? : True
Is IST_1 spanning? : True
Is IST_2 spanning? : True
Is IST_3 spanning? : True
Is IST_4 spanning? : True
Is IST_5 spanning? : True
Are all ISTs independent? : True

====TEST CR(242, 22, 44)====
Is IST_0 spanning? : True
Is IST_1 spanning? : True
Is IST_2 spanning? : True
Is IST_3 spanning? : True
Is IST_4 spanning? : True
Is IST_5 spanning? : True
Are all ISTs independent? : True

====TEST CR(243, 22, 44)====
Is IST_0 spanning? : True
Is IST_1 spanning? : True
Is IST_2 spanning? : True
Is IST_3 spanning? : True
Is IST_4 spanning? : True
Is IST_5 spanning? : True
Are all ISTs independent? : True

====TEST CR(244, 22, 44)====
Is IST_0 spanning? : True
Is IST_1 spanning? : True
Is IST_2 spanning? : True
Is IST_3 spanning? : True
Is IST_4 spanning? : True
Is IST_5 spanning? : True
Are all ISTs independent? : True

====TEST CR(245, 22, 44)====
Is IST_0 spanning? : True
Is IST_1 spanning? : True
Is IST_2 spanning? : True
Is IST_3 spanning? : True
Is IST_4 spanning? : True
Is IST_5 spanning? : True
Are all ISTs independent? : True

====TEST CR(246, 22, 44)====
Is IST_0 spanning? : True
Is IST_1 spanning? : True
Is IST_2 spanning? : True
Is IST_3 spanning? : True
Is IST_4 spanning? : True
Is IST_5 spanning? : True
Are all ISTs independent? : True

====TEST CR(247, 22, 44)====
Is IST_0 spanning? : True
Is IST_1 spanning? : True
Is IST_2 spanning? : True
Is IST_3 spanning? : True
Is IST_4 spanning? : True
Is IST_5 spanning? : True
Are all ISTs independent? : True

====TEST CR(248, 22, 44)====
Is IST_0 spanning? : True
Is IST_1 spanning? : True
Is IST_2 spanning? : True
Is IST_3 spanning? : True
Is IST_4 spanning? : True
Is IST_5 spanning? : True
Are all ISTs independent? : True

====TEST CR(249, 22, 44)====
Is IST_0 spanning? : True
Is IST_1 spanning? : True
Is IST_2 spanning? : True
Is IST_3 spanning? : True
Is IST_4 spanning? : True
Is IST_5 spanning? : True
Are all ISTs independent? : True

====TEST CR(250, 22, 44)====
Is IST_0 spanning? : True
Is IST_1 spanning? : True
Is IST_2 spanning? : True
Is IST_3 spanning? : True
Is IST_4 spanning? : True
Is IST_5 spanning? : True
Are all ISTs independent? : True

====TEST CR(251, 22, 44)====
Is IST_0 spanning? : True
Is IST_1 spanning? : True
Is IST_2 spanning? : True
Is IST_3 spanning? : True
Is IST_4 spanning? : True
Is IST_5 spanning? : True
Are all ISTs independent? : True

====TEST CR(252, 22, 44)====
Is IST_0 spanning? : True
Is IST_1 spanning? : True
Is IST_2 spanning? : True
Is IST_3 spanning? : True
Is IST_4 spanning? : True
Is IST_5 spanning? : True
Are all ISTs independent? : True

====TEST CR(253, 22, 44)====
Is IST_0 spanning? : True
Is IST_1 spanning? : True
Is IST_2 spanning? : True
Is IST_3 spanning? : True
Is IST_4 spanning? : True
Is IST_5 spanning? : True
Are all ISTs independent? : True

====TEST CR(254, 22, 44)====
Is IST_0 spanning? : True
Is IST_1 spanning? : True
Is IST_2 spanning? : True
Is IST_3 spanning? : True
Is IST_4 spanning? : True
Is IST_5 spanning? : True
Are all ISTs independent? : True

====TEST CR(255, 22, 44)====
Is IST_0 spanning? : True
Is IST_1 spanning? : True
Is IST_2 spanning? : True
Is IST_3 spanning? : True
Is IST_4 spanning? : True
Is IST_5 spanning? : True
Are all ISTs independent? : True

====TEST CR(256, 22, 44)====
Is IST_0 spanning? : True
Is IST_1 spanning? : True
Is IST_2 spanning? : True
Is IST_3 spanning? : True
Is IST_4 spanning? : True
Is IST_5 spanning? : True
Are all ISTs independent? : True

====TEST CR(257, 22, 44)====
Is IST_0 spanning? : True
Is IST_1 spanning? : True
Is IST_2 spanning? : True
Is IST_3 spanning? : True
Is IST_4 spanning? : True
Is IST_5 spanning? : True
Are all ISTs independent? : True

====TEST CR(258, 22, 44)====
Is IST_0 spanning? : True
Is IST_1 spanning? : True
Is IST_2 spanning? : True
Is IST_3 spanning? : True
Is IST_4 spanning? : True
Is IST_5 spanning? : True
Are all ISTs independent? : True

====TEST CR(259, 22, 44)====
Is IST_0 spanning? : True
Is IST_1 spanning? : True
Is IST_2 spanning? : True
Is IST_3 spanning? : True
Is IST_4 spanning? : True
Is IST_5 spanning? : True
Are all ISTs independent? : True

====TEST CR(260, 22, 44)====
Is IST_0 spanning? : True
Is IST_1 spanning? : True
Is IST_2 spanning? : True
Is IST_3 spanning? : True
Is IST_4 spanning? : True
Is IST_5 spanning? : True
Are all ISTs independent? : True

====TEST CR(138, 23, 46)====
Is IST_0 spanning? : True
Is IST_1 spanning? : True
Is IST_2 spanning? : True
Is IST_3 spanning? : True
Is IST_4 spanning? : True
Is IST_5 spanning? : True
Are all ISTs independent? : True

====TEST CR(139, 23, 46)====
Is IST_0 spanning? : True
Is IST_1 spanning? : True
Is IST_2 spanning? : True
Is IST_3 spanning? : True
Is IST_4 spanning? : True
Is IST_5 spanning? : True
Are all ISTs independent? : True

====TEST CR(140, 23, 46)====
Is IST_0 spanning? : True
Is IST_1 spanning? : True
Is IST_2 spanning? : True
Is IST_3 spanning? : True
Is IST_4 spanning? : True
Is IST_5 spanning? : True
Are all ISTs independent? : True

====TEST CR(141, 23, 46)====
Is IST_0 spanning? : True
Is IST_1 spanning? : True
Is IST_2 spanning? : True
Is IST_3 spanning? : True
Is IST_4 spanning? : True
Is IST_5 spanning? : True
Are all ISTs independent? : True

====TEST CR(142, 23, 46)====
Is IST_0 spanning? : True
Is IST_1 spanning? : True
Is IST_2 spanning? : True
Is IST_3 spanning? : True
Is IST_4 spanning? : True
Is IST_5 spanning? : True
Are all ISTs independent? : True

====TEST CR(143, 23, 46)====
Is IST_0 spanning? : True
Is IST_1 spanning? : True
Is IST_2 spanning? : True
Is IST_3 spanning? : True
Is IST_4 spanning? : True
Is IST_5 spanning? : True
Are all ISTs independent? : True

====TEST CR(144, 23, 46)====
Is IST_0 spanning? : True
Is IST_1 spanning? : True
Is IST_2 spanning? : True
Is IST_3 spanning? : True
Is IST_4 spanning? : True
Is IST_5 spanning? : True
Are all ISTs independent? : True

====TEST CR(145, 23, 46)====
Is IST_0 spanning? : True
Is IST_1 spanning? : True
Is IST_2 spanning? : True
Is IST_3 spanning? : True
Is IST_4 spanning? : True
Is IST_5 spanning? : True
Are all ISTs independent? : True

====TEST CR(146, 23, 46)====
Is IST_0 spanning? : True
Is IST_1 spanning? : True
Is IST_2 spanning? : True
Is IST_3 spanning? : True
Is IST_4 spanning? : True
Is IST_5 spanning? : True
Are all ISTs independent? : True

====TEST CR(147, 23, 46)====
Is IST_0 spanning? : True
Is IST_1 spanning? : True
Is IST_2 spanning? : True
Is IST_3 spanning? : True
Is IST_4 spanning? : True
Is IST_5 spanning? : True
Are all ISTs independent? : True

====TEST CR(148, 23, 46)====
Is IST_0 spanning? : True
Is IST_1 spanning? : True
Is IST_2 spanning? : True
Is IST_3 spanning? : True
Is IST_4 spanning? : True
Is IST_5 spanning? : True
Are all ISTs independent? : True

====TEST CR(149, 23, 46)====
Is IST_0 spanning? : True
Is IST_1 spanning? : True
Is IST_2 spanning? : True
Is IST_3 spanning? : True
Is IST_4 spanning? : True
Is IST_5 spanning? : True
Are all ISTs independent? : True

====TEST CR(150, 23, 46)====
Is IST_0 spanning? : True
Is IST_1 spanning? : True
Is IST_2 spanning? : True
Is IST_3 spanning? : True
Is IST_4 spanning? : True
Is IST_5 spanning? : True
Are all ISTs independent? : True

====TEST CR(151, 23, 46)====
Is IST_0 spanning? : True
Is IST_1 spanning? : True
Is IST_2 spanning? : True
Is IST_3 spanning? : True
Is IST_4 spanning? : True
Is IST_5 spanning? : True
Are all ISTs independent? : True

====TEST CR(152, 23, 46)====
Is IST_0 spanning? : True
Is IST_1 spanning? : True
Is IST_2 spanning? : True
Is IST_3 spanning? : True
Is IST_4 spanning? : True
Is IST_5 spanning? : True
Are all ISTs independent? : True

====TEST CR(153, 23, 46)====
Is IST_0 spanning? : True
Is IST_1 spanning? : True
Is IST_2 spanning? : True
Is IST_3 spanning? : True
Is IST_4 spanning? : True
Is IST_5 spanning? : True
Are all ISTs independent? : True

====TEST CR(154, 23, 46)====
Is IST_0 spanning? : True
Is IST_1 spanning? : True
Is IST_2 spanning? : True
Is IST_3 spanning? : True
Is IST_4 spanning? : True
Is IST_5 spanning? : True
Are all ISTs independent? : True

====TEST CR(155, 23, 46)====
Is IST_0 spanning? : True
Is IST_1 spanning? : True
Is IST_2 spanning? : True
Is IST_3 spanning? : True
Is IST_4 spanning? : True
Is IST_5 spanning? : True
Are all ISTs independent? : True

====TEST CR(156, 23, 46)====
Is IST_0 spanning? : True
Is IST_1 spanning? : True
Is IST_2 spanning? : True
Is IST_3 spanning? : True
Is IST_4 spanning? : True
Is IST_5 spanning? : True
Are all ISTs independent? : True

====TEST CR(157, 23, 46)====
Is IST_0 spanning? : True
Is IST_1 spanning? : True
Is IST_2 spanning? : True
Is IST_3 spanning? : True
Is IST_4 spanning? : True
Is IST_5 spanning? : True
Are all ISTs independent? : True

====TEST CR(158, 23, 46)====
Is IST_0 spanning? : True
Is IST_1 spanning? : True
Is IST_2 spanning? : True
Is IST_3 spanning? : True
Is IST_4 spanning? : True
Is IST_5 spanning? : True
Are all ISTs independent? : True

====TEST CR(159, 23, 46)====
Is IST_0 spanning? : True
Is IST_1 spanning? : True
Is IST_2 spanning? : True
Is IST_3 spanning? : True
Is IST_4 spanning? : True
Is IST_5 spanning? : True
Are all ISTs independent? : True

====TEST CR(160, 23, 46)====
Is IST_0 spanning? : True
Is IST_1 spanning? : True
Is IST_2 spanning? : True
Is IST_3 spanning? : True
Is IST_4 spanning? : True
Is IST_5 spanning? : True
Are all ISTs independent? : True

====TEST CR(161, 23, 46)====
Is IST_0 spanning? : True
Is IST_1 spanning? : True
Is IST_2 spanning? : True
Is IST_3 spanning? : True
Is IST_4 spanning? : True
Is IST_5 spanning? : True
Are all ISTs independent? : True

====TEST CR(162, 23, 46)====
Is IST_0 spanning? : True
Is IST_1 spanning? : True
Is IST_2 spanning? : True
Is IST_3 spanning? : True
Is IST_4 spanning? : True
Is IST_5 spanning? : True
Are all ISTs independent? : True

====TEST CR(163, 23, 46)====
Is IST_0 spanning? : True
Is IST_1 spanning? : True
Is IST_2 spanning? : True
Is IST_3 spanning? : True
Is IST_4 spanning? : True
Is IST_5 spanning? : True
Are all ISTs independent? : True

====TEST CR(164, 23, 46)====
Is IST_0 spanning? : True
Is IST_1 spanning? : True
Is IST_2 spanning? : True
Is IST_3 spanning? : True
Is IST_4 spanning? : True
Is IST_5 spanning? : True
Are all ISTs independent? : True

====TEST CR(165, 23, 46)====
Is IST_0 spanning? : True
Is IST_1 spanning? : True
Is IST_2 spanning? : True
Is IST_3 spanning? : True
Is IST_4 spanning? : True
Is IST_5 spanning? : True
Are all ISTs independent? : True

====TEST CR(166, 23, 46)====
Is IST_0 spanning? : True
Is IST_1 spanning? : True
Is IST_2 spanning? : True
Is IST_3 spanning? : True
Is IST_4 spanning? : True
Is IST_5 spanning? : True
Are all ISTs independent? : True

====TEST CR(167, 23, 46)====
Is IST_0 spanning? : True
Is IST_1 spanning? : True
Is IST_2 spanning? : True
Is IST_3 spanning? : True
Is IST_4 spanning? : True
Is IST_5 spanning? : True
Are all ISTs independent? : True

====TEST CR(168, 23, 46)====
Is IST_0 spanning? : True
Is IST_1 spanning? : True
Is IST_2 spanning? : True
Is IST_3 spanning? : True
Is IST_4 spanning? : True
Is IST_5 spanning? : True
Are all ISTs independent? : True

====TEST CR(169, 23, 46)====
Is IST_0 spanning? : True
Is IST_1 spanning? : True
Is IST_2 spanning? : True
Is IST_3 spanning? : True
Is IST_4 spanning? : True
Is IST_5 spanning? : True
Are all ISTs independent? : True

====TEST CR(170, 23, 46)====
Is IST_0 spanning? : True
Is IST_1 spanning? : True
Is IST_2 spanning? : True
Is IST_3 spanning? : True
Is IST_4 spanning? : True
Is IST_5 spanning? : True
Are all ISTs independent? : True

====TEST CR(171, 23, 46)====
Is IST_0 spanning? : True
Is IST_1 spanning? : True
Is IST_2 spanning? : True
Is IST_3 spanning? : True
Is IST_4 spanning? : True
Is IST_5 spanning? : True
Are all ISTs independent? : True

====TEST CR(172, 23, 46)====
Is IST_0 spanning? : True
Is IST_1 spanning? : True
Is IST_2 spanning? : True
Is IST_3 spanning? : True
Is IST_4 spanning? : True
Is IST_5 spanning? : True
Are all ISTs independent? : True

====TEST CR(173, 23, 46)====
Is IST_0 spanning? : True
Is IST_1 spanning? : True
Is IST_2 spanning? : True
Is IST_3 spanning? : True
Is IST_4 spanning? : True
Is IST_5 spanning? : True
Are all ISTs independent? : True

====TEST CR(174, 23, 46)====
Is IST_0 spanning? : True
Is IST_1 spanning? : True
Is IST_2 spanning? : True
Is IST_3 spanning? : True
Is IST_4 spanning? : True
Is IST_5 spanning? : True
Are all ISTs independent? : True

====TEST CR(175, 23, 46)====
Is IST_0 spanning? : True
Is IST_1 spanning? : True
Is IST_2 spanning? : True
Is IST_3 spanning? : True
Is IST_4 spanning? : True
Is IST_5 spanning? : True
Are all ISTs independent? : True

====TEST CR(176, 23, 46)====
Is IST_0 spanning? : True
Is IST_1 spanning? : True
Is IST_2 spanning? : True
Is IST_3 spanning? : True
Is IST_4 spanning? : True
Is IST_5 spanning? : True
Are all ISTs independent? : True

====TEST CR(177, 23, 46)====
Is IST_0 spanning? : True
Is IST_1 spanning? : True
Is IST_2 spanning? : True
Is IST_3 spanning? : True
Is IST_4 spanning? : True
Is IST_5 spanning? : True
Are all ISTs independent? : True

====TEST CR(178, 23, 46)====
Is IST_0 spanning? : True
Is IST_1 spanning? : True
Is IST_2 spanning? : True
Is IST_3 spanning? : True
Is IST_4 spanning? : True
Is IST_5 spanning? : True
Are all ISTs independent? : True

====TEST CR(179, 23, 46)====
Is IST_0 spanning? : True
Is IST_1 spanning? : True
Is IST_2 spanning? : True
Is IST_3 spanning? : True
Is IST_4 spanning? : True
Is IST_5 spanning? : True
Are all ISTs independent? : True

====TEST CR(180, 23, 46)====
Is IST_0 spanning? : True
Is IST_1 spanning? : True
Is IST_2 spanning? : True
Is IST_3 spanning? : True
Is IST_4 spanning? : True
Is IST_5 spanning? : True
Are all ISTs independent? : True

====TEST CR(181, 23, 46)====
Is IST_0 spanning? : True
Is IST_1 spanning? : True
Is IST_2 spanning? : True
Is IST_3 spanning? : True
Is IST_4 spanning? : True
Is IST_5 spanning? : True
Are all ISTs independent? : True

====TEST CR(182, 23, 46)====
Is IST_0 spanning? : True
Is IST_1 spanning? : True
Is IST_2 spanning? : True
Is IST_3 spanning? : True
Is IST_4 spanning? : True
Is IST_5 spanning? : True
Are all ISTs independent? : True

====TEST CR(183, 23, 46)====
Is IST_0 spanning? : True
Is IST_1 spanning? : True
Is IST_2 spanning? : True
Is IST_3 spanning? : True
Is IST_4 spanning? : True
Is IST_5 spanning? : True
Are all ISTs independent? : True

====TEST CR(184, 23, 46)====
Is IST_0 spanning? : True
Is IST_1 spanning? : True
Is IST_2 spanning? : True
Is IST_3 spanning? : True
Is IST_4 spanning? : True
Is IST_5 spanning? : True
Are all ISTs independent? : True

====TEST CR(185, 23, 46)====
Is IST_0 spanning? : True
Is IST_1 spanning? : True
Is IST_2 spanning? : True
Is IST_3 spanning? : True
Is IST_4 spanning? : True
Is IST_5 spanning? : True
Are all ISTs independent? : True

====TEST CR(186, 23, 46)====
Is IST_0 spanning? : True
Is IST_1 spanning? : True
Is IST_2 spanning? : True
Is IST_3 spanning? : True
Is IST_4 spanning? : True
Is IST_5 spanning? : True
Are all ISTs independent? : True

====TEST CR(187, 23, 46)====
Is IST_0 spanning? : True
Is IST_1 spanning? : True
Is IST_2 spanning? : True
Is IST_3 spanning? : True
Is IST_4 spanning? : True
Is IST_5 spanning? : True
Are all ISTs independent? : True

====TEST CR(188, 23, 46)====
Is IST_0 spanning? : True
Is IST_1 spanning? : True
Is IST_2 spanning? : True
Is IST_3 spanning? : True
Is IST_4 spanning? : True
Is IST_5 spanning? : True
Are all ISTs independent? : True

====TEST CR(189, 23, 46)====
Is IST_0 spanning? : True
Is IST_1 spanning? : True
Is IST_2 spanning? : True
Is IST_3 spanning? : True
Is IST_4 spanning? : True
Is IST_5 spanning? : True
Are all ISTs independent? : True

====TEST CR(190, 23, 46)====
Is IST_0 spanning? : True
Is IST_1 spanning? : True
Is IST_2 spanning? : True
Is IST_3 spanning? : True
Is IST_4 spanning? : True
Is IST_5 spanning? : True
Are all ISTs independent? : True

====TEST CR(191, 23, 46)====
Is IST_0 spanning? : True
Is IST_1 spanning? : True
Is IST_2 spanning? : True
Is IST_3 spanning? : True
Is IST_4 spanning? : True
Is IST_5 spanning? : True
Are all ISTs independent? : True

====TEST CR(192, 23, 46)====
Is IST_0 spanning? : True
Is IST_1 spanning? : True
Is IST_2 spanning? : True
Is IST_3 spanning? : True
Is IST_4 spanning? : True
Is IST_5 spanning? : True
Are all ISTs independent? : True

====TEST CR(193, 23, 46)====
Is IST_0 spanning? : True
Is IST_1 spanning? : True
Is IST_2 spanning? : True
Is IST_3 spanning? : True
Is IST_4 spanning? : True
Is IST_5 spanning? : True
Are all ISTs independent? : True

====TEST CR(194, 23, 46)====
Is IST_0 spanning? : True
Is IST_1 spanning? : True
Is IST_2 spanning? : True
Is IST_3 spanning? : True
Is IST_4 spanning? : True
Is IST_5 spanning? : True
Are all ISTs independent? : True

====TEST CR(195, 23, 46)====
Is IST_0 spanning? : True
Is IST_1 spanning? : True
Is IST_2 spanning? : True
Is IST_3 spanning? : True
Is IST_4 spanning? : True
Is IST_5 spanning? : True
Are all ISTs independent? : True

====TEST CR(196, 23, 46)====
Is IST_0 spanning? : True
Is IST_1 spanning? : True
Is IST_2 spanning? : True
Is IST_3 spanning? : True
Is IST_4 spanning? : True
Is IST_5 spanning? : True
Are all ISTs independent? : True

====TEST CR(197, 23, 46)====
Is IST_0 spanning? : True
Is IST_1 spanning? : True
Is IST_2 spanning? : True
Is IST_3 spanning? : True
Is IST_4 spanning? : True
Is IST_5 spanning? : True
Are all ISTs independent? : True

====TEST CR(198, 23, 46)====
Is IST_0 spanning? : True
Is IST_1 spanning? : True
Is IST_2 spanning? : True
Is IST_3 spanning? : True
Is IST_4 spanning? : True
Is IST_5 spanning? : True
Are all ISTs independent? : True

====TEST CR(199, 23, 46)====
Is IST_0 spanning? : True
Is IST_1 spanning? : True
Is IST_2 spanning? : True
Is IST_3 spanning? : True
Is IST_4 spanning? : True
Is IST_5 spanning? : True
Are all ISTs independent? : True

====TEST CR(200, 23, 46)====
Is IST_0 spanning? : True
Is IST_1 spanning? : True
Is IST_2 spanning? : True
Is IST_3 spanning? : True
Is IST_4 spanning? : True
Is IST_5 spanning? : True
Are all ISTs independent? : True

====TEST CR(201, 23, 46)====
Is IST_0 spanning? : True
Is IST_1 spanning? : True
Is IST_2 spanning? : True
Is IST_3 spanning? : True
Is IST_4 spanning? : True
Is IST_5 spanning? : True
Are all ISTs independent? : True

====TEST CR(202, 23, 46)====
Is IST_0 spanning? : True
Is IST_1 spanning? : True
Is IST_2 spanning? : True
Is IST_3 spanning? : True
Is IST_4 spanning? : True
Is IST_5 spanning? : True
Are all ISTs independent? : True

====TEST CR(203, 23, 46)====
Is IST_0 spanning? : True
Is IST_1 spanning? : True
Is IST_2 spanning? : True
Is IST_3 spanning? : True
Is IST_4 spanning? : True
Is IST_5 spanning? : True
Are all ISTs independent? : True

====TEST CR(204, 23, 46)====
Is IST_0 spanning? : True
Is IST_1 spanning? : True
Is IST_2 spanning? : True
Is IST_3 spanning? : True
Is IST_4 spanning? : True
Is IST_5 spanning? : True
Are all ISTs independent? : True

====TEST CR(205, 23, 46)====
Is IST_0 spanning? : True
Is IST_1 spanning? : True
Is IST_2 spanning? : True
Is IST_3 spanning? : True
Is IST_4 spanning? : True
Is IST_5 spanning? : True
Are all ISTs independent? : True

====TEST CR(206, 23, 46)====
Is IST_0 spanning? : True
Is IST_1 spanning? : True
Is IST_2 spanning? : True
Is IST_3 spanning? : True
Is IST_4 spanning? : True
Is IST_5 spanning? : True
Are all ISTs independent? : True

====TEST CR(207, 23, 46)====
Is IST_0 spanning? : True
Is IST_1 spanning? : True
Is IST_2 spanning? : True
Is IST_3 spanning? : True
Is IST_4 spanning? : True
Is IST_5 spanning? : True
Are all ISTs independent? : True

====TEST CR(208, 23, 46)====
Is IST_0 spanning? : True
Is IST_1 spanning? : True
Is IST_2 spanning? : True
Is IST_3 spanning? : True
Is IST_4 spanning? : True
Is IST_5 spanning? : True
Are all ISTs independent? : True

====TEST CR(209, 23, 46)====
Is IST_0 spanning? : True
Is IST_1 spanning? : True
Is IST_2 spanning? : True
Is IST_3 spanning? : True
Is IST_4 spanning? : True
Is IST_5 spanning? : True
Are all ISTs independent? : True

====TEST CR(210, 23, 46)====
Is IST_0 spanning? : True
Is IST_1 spanning? : True
Is IST_2 spanning? : True
Is IST_3 spanning? : True
Is IST_4 spanning? : True
Is IST_5 spanning? : True
Are all ISTs independent? : True

====TEST CR(211, 23, 46)====
Is IST_0 spanning? : True
Is IST_1 spanning? : True
Is IST_2 spanning? : True
Is IST_3 spanning? : True
Is IST_4 spanning? : True
Is IST_5 spanning? : True
Are all ISTs independent? : True

====TEST CR(212, 23, 46)====
Is IST_0 spanning? : True
Is IST_1 spanning? : True
Is IST_2 spanning? : True
Is IST_3 spanning? : True
Is IST_4 spanning? : True
Is IST_5 spanning? : True
Are all ISTs independent? : True

====TEST CR(213, 23, 46)====
Is IST_0 spanning? : True
Is IST_1 spanning? : True
Is IST_2 spanning? : True
Is IST_3 spanning? : True
Is IST_4 spanning? : True
Is IST_5 spanning? : True
Are all ISTs independent? : True

====TEST CR(214, 23, 46)====
Is IST_0 spanning? : True
Is IST_1 spanning? : True
Is IST_2 spanning? : True
Is IST_3 spanning? : True
Is IST_4 spanning? : True
Is IST_5 spanning? : True
Are all ISTs independent? : True

====TEST CR(215, 23, 46)====
Is IST_0 spanning? : True
Is IST_1 spanning? : True
Is IST_2 spanning? : True
Is IST_3 spanning? : True
Is IST_4 spanning? : True
Is IST_5 spanning? : True
Are all ISTs independent? : True

====TEST CR(216, 23, 46)====
Is IST_0 spanning? : True
Is IST_1 spanning? : True
Is IST_2 spanning? : True
Is IST_3 spanning? : True
Is IST_4 spanning? : True
Is IST_5 spanning? : True
Are all ISTs independent? : True

====TEST CR(217, 23, 46)====
Is IST_0 spanning? : True
Is IST_1 spanning? : True
Is IST_2 spanning? : True
Is IST_3 spanning? : True
Is IST_4 spanning? : True
Is IST_5 spanning? : True
Are all ISTs independent? : True

====TEST CR(218, 23, 46)====
Is IST_0 spanning? : True
Is IST_1 spanning? : True
Is IST_2 spanning? : True
Is IST_3 spanning? : True
Is IST_4 spanning? : True
Is IST_5 spanning? : True
Are all ISTs independent? : True

====TEST CR(219, 23, 46)====
Is IST_0 spanning? : True
Is IST_1 spanning? : True
Is IST_2 spanning? : True
Is IST_3 spanning? : True
Is IST_4 spanning? : True
Is IST_5 spanning? : True
Are all ISTs independent? : True

====TEST CR(220, 23, 46)====
Is IST_0 spanning? : True
Is IST_1 spanning? : True
Is IST_2 spanning? : True
Is IST_3 spanning? : True
Is IST_4 spanning? : True
Is IST_5 spanning? : True
Are all ISTs independent? : True

====TEST CR(221, 23, 46)====
Is IST_0 spanning? : True
Is IST_1 spanning? : True
Is IST_2 spanning? : True
Is IST_3 spanning? : True
Is IST_4 spanning? : True
Is IST_5 spanning? : True
Are all ISTs independent? : True

====TEST CR(222, 23, 46)====
Is IST_0 spanning? : True
Is IST_1 spanning? : True
Is IST_2 spanning? : True
Is IST_3 spanning? : True
Is IST_4 spanning? : True
Is IST_5 spanning? : True
Are all ISTs independent? : True

====TEST CR(223, 23, 46)====
Is IST_0 spanning? : True
Is IST_1 spanning? : True
Is IST_2 spanning? : True
Is IST_3 spanning? : True
Is IST_4 spanning? : True
Is IST_5 spanning? : True
Are all ISTs independent? : True

====TEST CR(224, 23, 46)====
Is IST_0 spanning? : True
Is IST_1 spanning? : True
Is IST_2 spanning? : True
Is IST_3 spanning? : True
Is IST_4 spanning? : True
Is IST_5 spanning? : True
Are all ISTs independent? : True

====TEST CR(225, 23, 46)====
Is IST_0 spanning? : True
Is IST_1 spanning? : True
Is IST_2 spanning? : True
Is IST_3 spanning? : True
Is IST_4 spanning? : True
Is IST_5 spanning? : True
Are all ISTs independent? : True

====TEST CR(226, 23, 46)====
Is IST_0 spanning? : True
Is IST_1 spanning? : True
Is IST_2 spanning? : True
Is IST_3 spanning? : True
Is IST_4 spanning? : True
Is IST_5 spanning? : True
Are all ISTs independent? : True

====TEST CR(227, 23, 46)====
Is IST_0 spanning? : True
Is IST_1 spanning? : True
Is IST_2 spanning? : True
Is IST_3 spanning? : True
Is IST_4 spanning? : True
Is IST_5 spanning? : True
Are all ISTs independent? : True

====TEST CR(228, 23, 46)====
Is IST_0 spanning? : True
Is IST_1 spanning? : True
Is IST_2 spanning? : True
Is IST_3 spanning? : True
Is IST_4 spanning? : True
Is IST_5 spanning? : True
Are all ISTs independent? : True

====TEST CR(229, 23, 46)====
Is IST_0 spanning? : True
Is IST_1 spanning? : True
Is IST_2 spanning? : True
Is IST_3 spanning? : True
Is IST_4 spanning? : True
Is IST_5 spanning? : True
Are all ISTs independent? : True

====TEST CR(230, 23, 46)====
Is IST_0 spanning? : True
Is IST_1 spanning? : True
Is IST_2 spanning? : True
Is IST_3 spanning? : True
Is IST_4 spanning? : True
Is IST_5 spanning? : True
Are all ISTs independent? : True

====TEST CR(231, 23, 46)====
Is IST_0 spanning? : True
Is IST_1 spanning? : True
Is IST_2 spanning? : True
Is IST_3 spanning? : True
Is IST_4 spanning? : True
Is IST_5 spanning? : True
Are all ISTs independent? : True

====TEST CR(232, 23, 46)====
Is IST_0 spanning? : True
Is IST_1 spanning? : True
Is IST_2 spanning? : True
Is IST_3 spanning? : True
Is IST_4 spanning? : True
Is IST_5 spanning? : True
Are all ISTs independent? : True

====TEST CR(233, 23, 46)====
Is IST_0 spanning? : True
Is IST_1 spanning? : True
Is IST_2 spanning? : True
Is IST_3 spanning? : True
Is IST_4 spanning? : True
Is IST_5 spanning? : True
Are all ISTs independent? : True

====TEST CR(234, 23, 46)====
Is IST_0 spanning? : True
Is IST_1 spanning? : True
Is IST_2 spanning? : True
Is IST_3 spanning? : True
Is IST_4 spanning? : True
Is IST_5 spanning? : True
Are all ISTs independent? : True

====TEST CR(235, 23, 46)====
Is IST_0 spanning? : True
Is IST_1 spanning? : True
Is IST_2 spanning? : True
Is IST_3 spanning? : True
Is IST_4 spanning? : True
Is IST_5 spanning? : True
Are all ISTs independent? : True

====TEST CR(236, 23, 46)====
Is IST_0 spanning? : True
Is IST_1 spanning? : True
Is IST_2 spanning? : True
Is IST_3 spanning? : True
Is IST_4 spanning? : True
Is IST_5 spanning? : True
Are all ISTs independent? : True

====TEST CR(237, 23, 46)====
Is IST_0 spanning? : True
Is IST_1 spanning? : True
Is IST_2 spanning? : True
Is IST_3 spanning? : True
Is IST_4 spanning? : True
Is IST_5 spanning? : True
Are all ISTs independent? : True

====TEST CR(238, 23, 46)====
Is IST_0 spanning? : True
Is IST_1 spanning? : True
Is IST_2 spanning? : True
Is IST_3 spanning? : True
Is IST_4 spanning? : True
Is IST_5 spanning? : True
Are all ISTs independent? : True

====TEST CR(239, 23, 46)====
Is IST_0 spanning? : True
Is IST_1 spanning? : True
Is IST_2 spanning? : True
Is IST_3 spanning? : True
Is IST_4 spanning? : True
Is IST_5 spanning? : True
Are all ISTs independent? : True

====TEST CR(240, 23, 46)====
Is IST_0 spanning? : True
Is IST_1 spanning? : True
Is IST_2 spanning? : True
Is IST_3 spanning? : True
Is IST_4 spanning? : True
Is IST_5 spanning? : True
Are all ISTs independent? : True

====TEST CR(241, 23, 46)====
Is IST_0 spanning? : True
Is IST_1 spanning? : True
Is IST_2 spanning? : True
Is IST_3 spanning? : True
Is IST_4 spanning? : True
Is IST_5 spanning? : True
Are all ISTs independent? : True

====TEST CR(242, 23, 46)====
Is IST_0 spanning? : True
Is IST_1 spanning? : True
Is IST_2 spanning? : True
Is IST_3 spanning? : True
Is IST_4 spanning? : True
Is IST_5 spanning? : True
Are all ISTs independent? : True

====TEST CR(243, 23, 46)====
Is IST_0 spanning? : True
Is IST_1 spanning? : True
Is IST_2 spanning? : True
Is IST_3 spanning? : True
Is IST_4 spanning? : True
Is IST_5 spanning? : True
Are all ISTs independent? : True

====TEST CR(244, 23, 46)====
Is IST_0 spanning? : True
Is IST_1 spanning? : True
Is IST_2 spanning? : True
Is IST_3 spanning? : True
Is IST_4 spanning? : True
Is IST_5 spanning? : True
Are all ISTs independent? : True

====TEST CR(245, 23, 46)====
Is IST_0 spanning? : True
Is IST_1 spanning? : True
Is IST_2 spanning? : True
Is IST_3 spanning? : True
Is IST_4 spanning? : True
Is IST_5 spanning? : True
Are all ISTs independent? : True

====TEST CR(246, 23, 46)====
Is IST_0 spanning? : True
Is IST_1 spanning? : True
Is IST_2 spanning? : True
Is IST_3 spanning? : True
Is IST_4 spanning? : True
Is IST_5 spanning? : True
Are all ISTs independent? : True

====TEST CR(247, 23, 46)====
Is IST_0 spanning? : True
Is IST_1 spanning? : True
Is IST_2 spanning? : True
Is IST_3 spanning? : True
Is IST_4 spanning? : True
Is IST_5 spanning? : True
Are all ISTs independent? : True

====TEST CR(248, 23, 46)====
Is IST_0 spanning? : True
Is IST_1 spanning? : True
Is IST_2 spanning? : True
Is IST_3 spanning? : True
Is IST_4 spanning? : True
Is IST_5 spanning? : True
Are all ISTs independent? : True

====TEST CR(249, 23, 46)====
Is IST_0 spanning? : True
Is IST_1 spanning? : True
Is IST_2 spanning? : True
Is IST_3 spanning? : True
Is IST_4 spanning? : True
Is IST_5 spanning? : True
Are all ISTs independent? : True

====TEST CR(250, 23, 46)====
Is IST_0 spanning? : True
Is IST_1 spanning? : True
Is IST_2 spanning? : True
Is IST_3 spanning? : True
Is IST_4 spanning? : True
Is IST_5 spanning? : True
Are all ISTs independent? : True

====TEST CR(251, 23, 46)====
Is IST_0 spanning? : True
Is IST_1 spanning? : True
Is IST_2 spanning? : True
Is IST_3 spanning? : True
Is IST_4 spanning? : True
Is IST_5 spanning? : True
Are all ISTs independent? : True

====TEST CR(252, 23, 46)====
Is IST_0 spanning? : True
Is IST_1 spanning? : True
Is IST_2 spanning? : True
Is IST_3 spanning? : True
Is IST_4 spanning? : True
Is IST_5 spanning? : True
Are all ISTs independent? : True

====TEST CR(253, 23, 46)====
Is IST_0 spanning? : True
Is IST_1 spanning? : True
Is IST_2 spanning? : True
Is IST_3 spanning? : True
Is IST_4 spanning? : True
Is IST_5 spanning? : True
Are all ISTs independent? : True

====TEST CR(254, 23, 46)====
Is IST_0 spanning? : True
Is IST_1 spanning? : True
Is IST_2 spanning? : True
Is IST_3 spanning? : True
Is IST_4 spanning? : True
Is IST_5 spanning? : True
Are all ISTs independent? : True

====TEST CR(255, 23, 46)====
Is IST_0 spanning? : True
Is IST_1 spanning? : True
Is IST_2 spanning? : True
Is IST_3 spanning? : True
Is IST_4 spanning? : True
Is IST_5 spanning? : True
Are all ISTs independent? : True

====TEST CR(256, 23, 46)====
Is IST_0 spanning? : True
Is IST_1 spanning? : True
Is IST_2 spanning? : True
Is IST_3 spanning? : True
Is IST_4 spanning? : True
Is IST_5 spanning? : True
Are all ISTs independent? : True

====TEST CR(257, 23, 46)====
Is IST_0 spanning? : True
Is IST_1 spanning? : True
Is IST_2 spanning? : True
Is IST_3 spanning? : True
Is IST_4 spanning? : True
Is IST_5 spanning? : True
Are all ISTs independent? : True

====TEST CR(258, 23, 46)====
Is IST_0 spanning? : True
Is IST_1 spanning? : True
Is IST_2 spanning? : True
Is IST_3 spanning? : True
Is IST_4 spanning? : True
Is IST_5 spanning? : True
Are all ISTs independent? : True

====TEST CR(259, 23, 46)====
Is IST_0 spanning? : True
Is IST_1 spanning? : True
Is IST_2 spanning? : True
Is IST_3 spanning? : True
Is IST_4 spanning? : True
Is IST_5 spanning? : True
Are all ISTs independent? : True

====TEST CR(260, 23, 46)====
Is IST_0 spanning? : True
Is IST_1 spanning? : True
Is IST_2 spanning? : True
Is IST_3 spanning? : True
Is IST_4 spanning? : True
Is IST_5 spanning? : True
Are all ISTs independent? : True

====TEST CR(261, 23, 46)====
Is IST_0 spanning? : True
Is IST_1 spanning? : True
Is IST_2 spanning? : True
Is IST_3 spanning? : True
Is IST_4 spanning? : True
Is IST_5 spanning? : True
Are all ISTs independent? : True

====TEST CR(262, 23, 46)====
Is IST_0 spanning? : True
Is IST_1 spanning? : True
Is IST_2 spanning? : True
Is IST_3 spanning? : True
Is IST_4 spanning? : True
Is IST_5 spanning? : True
Are all ISTs independent? : True

====TEST CR(263, 23, 46)====
Is IST_0 spanning? : True
Is IST_1 spanning? : True
Is IST_2 spanning? : True
Is IST_3 spanning? : True
Is IST_4 spanning? : True
Is IST_5 spanning? : True
Are all ISTs independent? : True

====TEST CR(264, 23, 46)====
Is IST_0 spanning? : True
Is IST_1 spanning? : True
Is IST_2 spanning? : True
Is IST_3 spanning? : True
Is IST_4 spanning? : True
Is IST_5 spanning? : True
Are all ISTs independent? : True

====TEST CR(265, 23, 46)====
Is IST_0 spanning? : True
Is IST_1 spanning? : True
Is IST_2 spanning? : True
Is IST_3 spanning? : True
Is IST_4 spanning? : True
Is IST_5 spanning? : True
Are all ISTs independent? : True

====TEST CR(266, 23, 46)====
Is IST_0 spanning? : True
Is IST_1 spanning? : True
Is IST_2 spanning? : True
Is IST_3 spanning? : True
Is IST_4 spanning? : True
Is IST_5 spanning? : True
Are all ISTs independent? : True

====TEST CR(144, 24, 48)====
Is IST_0 spanning? : True
Is IST_1 spanning? : True
Is IST_2 spanning? : True
Is IST_3 spanning? : True
Is IST_4 spanning? : True
Is IST_5 spanning? : True
Are all ISTs independent? : True

====TEST CR(145, 24, 48)====
Is IST_0 spanning? : True
Is IST_1 spanning? : True
Is IST_2 spanning? : True
Is IST_3 spanning? : True
Is IST_4 spanning? : True
Is IST_5 spanning? : True
Are all ISTs independent? : True

====TEST CR(146, 24, 48)====
Is IST_0 spanning? : True
Is IST_1 spanning? : True
Is IST_2 spanning? : True
Is IST_3 spanning? : True
Is IST_4 spanning? : True
Is IST_5 spanning? : True
Are all ISTs independent? : True

====TEST CR(147, 24, 48)====
Is IST_0 spanning? : True
Is IST_1 spanning? : True
Is IST_2 spanning? : True
Is IST_3 spanning? : True
Is IST_4 spanning? : True
Is IST_5 spanning? : True
Are all ISTs independent? : True

====TEST CR(148, 24, 48)====
Is IST_0 spanning? : True
Is IST_1 spanning? : True
Is IST_2 spanning? : True
Is IST_3 spanning? : True
Is IST_4 spanning? : True
Is IST_5 spanning? : True
Are all ISTs independent? : True

====TEST CR(149, 24, 48)====
Is IST_0 spanning? : True
Is IST_1 spanning? : True
Is IST_2 spanning? : True
Is IST_3 spanning? : True
Is IST_4 spanning? : True
Is IST_5 spanning? : True
Are all ISTs independent? : True

====TEST CR(150, 24, 48)====
Is IST_0 spanning? : True
Is IST_1 spanning? : True
Is IST_2 spanning? : True
Is IST_3 spanning? : True
Is IST_4 spanning? : True
Is IST_5 spanning? : True
Are all ISTs independent? : True

====TEST CR(151, 24, 48)====
Is IST_0 spanning? : True
Is IST_1 spanning? : True
Is IST_2 spanning? : True
Is IST_3 spanning? : True
Is IST_4 spanning? : True
Is IST_5 spanning? : True
Are all ISTs independent? : True

====TEST CR(152, 24, 48)====
Is IST_0 spanning? : True
Is IST_1 spanning? : True
Is IST_2 spanning? : True
Is IST_3 spanning? : True
Is IST_4 spanning? : True
Is IST_5 spanning? : True
Are all ISTs independent? : True

====TEST CR(153, 24, 48)====
Is IST_0 spanning? : True
Is IST_1 spanning? : True
Is IST_2 spanning? : True
Is IST_3 spanning? : True
Is IST_4 spanning? : True
Is IST_5 spanning? : True
Are all ISTs independent? : True

====TEST CR(154, 24, 48)====
Is IST_0 spanning? : True
Is IST_1 spanning? : True
Is IST_2 spanning? : True
Is IST_3 spanning? : True
Is IST_4 spanning? : True
Is IST_5 spanning? : True
Are all ISTs independent? : True

====TEST CR(155, 24, 48)====
Is IST_0 spanning? : True
Is IST_1 spanning? : True
Is IST_2 spanning? : True
Is IST_3 spanning? : True
Is IST_4 spanning? : True
Is IST_5 spanning? : True
Are all ISTs independent? : True

====TEST CR(156, 24, 48)====
Is IST_0 spanning? : True
Is IST_1 spanning? : True
Is IST_2 spanning? : True
Is IST_3 spanning? : True
Is IST_4 spanning? : True
Is IST_5 spanning? : True
Are all ISTs independent? : True

====TEST CR(157, 24, 48)====
Is IST_0 spanning? : True
Is IST_1 spanning? : True
Is IST_2 spanning? : True
Is IST_3 spanning? : True
Is IST_4 spanning? : True
Is IST_5 spanning? : True
Are all ISTs independent? : True

====TEST CR(158, 24, 48)====
Is IST_0 spanning? : True
Is IST_1 spanning? : True
Is IST_2 spanning? : True
Is IST_3 spanning? : True
Is IST_4 spanning? : True
Is IST_5 spanning? : True
Are all ISTs independent? : True

====TEST CR(159, 24, 48)====
Is IST_0 spanning? : True
Is IST_1 spanning? : True
Is IST_2 spanning? : True
Is IST_3 spanning? : True
Is IST_4 spanning? : True
Is IST_5 spanning? : True
Are all ISTs independent? : True

====TEST CR(160, 24, 48)====
Is IST_0 spanning? : True
Is IST_1 spanning? : True
Is IST_2 spanning? : True
Is IST_3 spanning? : True
Is IST_4 spanning? : True
Is IST_5 spanning? : True
Are all ISTs independent? : True

====TEST CR(161, 24, 48)====
Is IST_0 spanning? : True
Is IST_1 spanning? : True
Is IST_2 spanning? : True
Is IST_3 spanning? : True
Is IST_4 spanning? : True
Is IST_5 spanning? : True
Are all ISTs independent? : True

====TEST CR(162, 24, 48)====
Is IST_0 spanning? : True
Is IST_1 spanning? : True
Is IST_2 spanning? : True
Is IST_3 spanning? : True
Is IST_4 spanning? : True
Is IST_5 spanning? : True
Are all ISTs independent? : True

====TEST CR(163, 24, 48)====
Is IST_0 spanning? : True
Is IST_1 spanning? : True
Is IST_2 spanning? : True
Is IST_3 spanning? : True
Is IST_4 spanning? : True
Is IST_5 spanning? : True
Are all ISTs independent? : True

====TEST CR(164, 24, 48)====
Is IST_0 spanning? : True
Is IST_1 spanning? : True
Is IST_2 spanning? : True
Is IST_3 spanning? : True
Is IST_4 spanning? : True
Is IST_5 spanning? : True
Are all ISTs independent? : True

====TEST CR(165, 24, 48)====
Is IST_0 spanning? : True
Is IST_1 spanning? : True
Is IST_2 spanning? : True
Is IST_3 spanning? : True
Is IST_4 spanning? : True
Is IST_5 spanning? : True
Are all ISTs independent? : True

====TEST CR(166, 24, 48)====
Is IST_0 spanning? : True
Is IST_1 spanning? : True
Is IST_2 spanning? : True
Is IST_3 spanning? : True
Is IST_4 spanning? : True
Is IST_5 spanning? : True
Are all ISTs independent? : True

====TEST CR(167, 24, 48)====
Is IST_0 spanning? : True
Is IST_1 spanning? : True
Is IST_2 spanning? : True
Is IST_3 spanning? : True
Is IST_4 spanning? : True
Is IST_5 spanning? : True
Are all ISTs independent? : True

====TEST CR(168, 24, 48)====
Is IST_0 spanning? : True
Is IST_1 spanning? : True
Is IST_2 spanning? : True
Is IST_3 spanning? : True
Is IST_4 spanning? : True
Is IST_5 spanning? : True
Are all ISTs independent? : True

====TEST CR(169, 24, 48)====
Is IST_0 spanning? : True
Is IST_1 spanning? : True
Is IST_2 spanning? : True
Is IST_3 spanning? : True
Is IST_4 spanning? : True
Is IST_5 spanning? : True
Are all ISTs independent? : True

====TEST CR(170, 24, 48)====
Is IST_0 spanning? : True
Is IST_1 spanning? : True
Is IST_2 spanning? : True
Is IST_3 spanning? : True
Is IST_4 spanning? : True
Is IST_5 spanning? : True
Are all ISTs independent? : True

====TEST CR(171, 24, 48)====
Is IST_0 spanning? : True
Is IST_1 spanning? : True
Is IST_2 spanning? : True
Is IST_3 spanning? : True
Is IST_4 spanning? : True
Is IST_5 spanning? : True
Are all ISTs independent? : True

====TEST CR(172, 24, 48)====
Is IST_0 spanning? : True
Is IST_1 spanning? : True
Is IST_2 spanning? : True
Is IST_3 spanning? : True
Is IST_4 spanning? : True
Is IST_5 spanning? : True
Are all ISTs independent? : True

====TEST CR(173, 24, 48)====
Is IST_0 spanning? : True
Is IST_1 spanning? : True
Is IST_2 spanning? : True
Is IST_3 spanning? : True
Is IST_4 spanning? : True
Is IST_5 spanning? : True
Are all ISTs independent? : True

====TEST CR(174, 24, 48)====
Is IST_0 spanning? : True
Is IST_1 spanning? : True
Is IST_2 spanning? : True
Is IST_3 spanning? : True
Is IST_4 spanning? : True
Is IST_5 spanning? : True
Are all ISTs independent? : True

====TEST CR(175, 24, 48)====
Is IST_0 spanning? : True
Is IST_1 spanning? : True
Is IST_2 spanning? : True
Is IST_3 spanning? : True
Is IST_4 spanning? : True
Is IST_5 spanning? : True
Are all ISTs independent? : True

====TEST CR(176, 24, 48)====
Is IST_0 spanning? : True
Is IST_1 spanning? : True
Is IST_2 spanning? : True
Is IST_3 spanning? : True
Is IST_4 spanning? : True
Is IST_5 spanning? : True
Are all ISTs independent? : True

====TEST CR(177, 24, 48)====
Is IST_0 spanning? : True
Is IST_1 spanning? : True
Is IST_2 spanning? : True
Is IST_3 spanning? : True
Is IST_4 spanning? : True
Is IST_5 spanning? : True
Are all ISTs independent? : True

====TEST CR(178, 24, 48)====
Is IST_0 spanning? : True
Is IST_1 spanning? : True
Is IST_2 spanning? : True
Is IST_3 spanning? : True
Is IST_4 spanning? : True
Is IST_5 spanning? : True
Are all ISTs independent? : True

====TEST CR(179, 24, 48)====
Is IST_0 spanning? : True
Is IST_1 spanning? : True
Is IST_2 spanning? : True
Is IST_3 spanning? : True
Is IST_4 spanning? : True
Is IST_5 spanning? : True
Are all ISTs independent? : True

====TEST CR(180, 24, 48)====
Is IST_0 spanning? : True
Is IST_1 spanning? : True
Is IST_2 spanning? : True
Is IST_3 spanning? : True
Is IST_4 spanning? : True
Is IST_5 spanning? : True
Are all ISTs independent? : True

====TEST CR(181, 24, 48)====
Is IST_0 spanning? : True
Is IST_1 spanning? : True
Is IST_2 spanning? : True
Is IST_3 spanning? : True
Is IST_4 spanning? : True
Is IST_5 spanning? : True
Are all ISTs independent? : True

====TEST CR(182, 24, 48)====
Is IST_0 spanning? : True
Is IST_1 spanning? : True
Is IST_2 spanning? : True
Is IST_3 spanning? : True
Is IST_4 spanning? : True
Is IST_5 spanning? : True
Are all ISTs independent? : True

====TEST CR(183, 24, 48)====
Is IST_0 spanning? : True
Is IST_1 spanning? : True
Is IST_2 spanning? : True
Is IST_3 spanning? : True
Is IST_4 spanning? : True
Is IST_5 spanning? : True
Are all ISTs independent? : True

====TEST CR(184, 24, 48)====
Is IST_0 spanning? : True
Is IST_1 spanning? : True
Is IST_2 spanning? : True
Is IST_3 spanning? : True
Is IST_4 spanning? : True
Is IST_5 spanning? : True
Are all ISTs independent? : True

====TEST CR(185, 24, 48)====
Is IST_0 spanning? : True
Is IST_1 spanning? : True
Is IST_2 spanning? : True
Is IST_3 spanning? : True
Is IST_4 spanning? : True
Is IST_5 spanning? : True
Are all ISTs independent? : True

====TEST CR(186, 24, 48)====
Is IST_0 spanning? : True
Is IST_1 spanning? : True
Is IST_2 spanning? : True
Is IST_3 spanning? : True
Is IST_4 spanning? : True
Is IST_5 spanning? : True
Are all ISTs independent? : True

====TEST CR(187, 24, 48)====
Is IST_0 spanning? : True
Is IST_1 spanning? : True
Is IST_2 spanning? : True
Is IST_3 spanning? : True
Is IST_4 spanning? : True
Is IST_5 spanning? : True
Are all ISTs independent? : True

====TEST CR(188, 24, 48)====
Is IST_0 spanning? : True
Is IST_1 spanning? : True
Is IST_2 spanning? : True
Is IST_3 spanning? : True
Is IST_4 spanning? : True
Is IST_5 spanning? : True
Are all ISTs independent? : True

====TEST CR(189, 24, 48)====
Is IST_0 spanning? : True
Is IST_1 spanning? : True
Is IST_2 spanning? : True
Is IST_3 spanning? : True
Is IST_4 spanning? : True
Is IST_5 spanning? : True
Are all ISTs independent? : True

====TEST CR(190, 24, 48)====
Is IST_0 spanning? : True
Is IST_1 spanning? : True
Is IST_2 spanning? : True
Is IST_3 spanning? : True
Is IST_4 spanning? : True
Is IST_5 spanning? : True
Are all ISTs independent? : True

====TEST CR(191, 24, 48)====
Is IST_0 spanning? : True
Is IST_1 spanning? : True
Is IST_2 spanning? : True
Is IST_3 spanning? : True
Is IST_4 spanning? : True
Is IST_5 spanning? : True
Are all ISTs independent? : True

====TEST CR(192, 24, 48)====
Is IST_0 spanning? : True
Is IST_1 spanning? : True
Is IST_2 spanning? : True
Is IST_3 spanning? : True
Is IST_4 spanning? : True
Is IST_5 spanning? : True
Are all ISTs independent? : True

====TEST CR(193, 24, 48)====
Is IST_0 spanning? : True
Is IST_1 spanning? : True
Is IST_2 spanning? : True
Is IST_3 spanning? : True
Is IST_4 spanning? : True
Is IST_5 spanning? : True
Are all ISTs independent? : True

====TEST CR(194, 24, 48)====
Is IST_0 spanning? : True
Is IST_1 spanning? : True
Is IST_2 spanning? : True
Is IST_3 spanning? : True
Is IST_4 spanning? : True
Is IST_5 spanning? : True
Are all ISTs independent? : True

====TEST CR(195, 24, 48)====
Is IST_0 spanning? : True
Is IST_1 spanning? : True
Is IST_2 spanning? : True
Is IST_3 spanning? : True
Is IST_4 spanning? : True
Is IST_5 spanning? : True
Are all ISTs independent? : True

====TEST CR(196, 24, 48)====
Is IST_0 spanning? : True
Is IST_1 spanning? : True
Is IST_2 spanning? : True
Is IST_3 spanning? : True
Is IST_4 spanning? : True
Is IST_5 spanning? : True
Are all ISTs independent? : True

====TEST CR(197, 24, 48)====
Is IST_0 spanning? : True
Is IST_1 spanning? : True
Is IST_2 spanning? : True
Is IST_3 spanning? : True
Is IST_4 spanning? : True
Is IST_5 spanning? : True
Are all ISTs independent? : True

====TEST CR(198, 24, 48)====
Is IST_0 spanning? : True
Is IST_1 spanning? : True
Is IST_2 spanning? : True
Is IST_3 spanning? : True
Is IST_4 spanning? : True
Is IST_5 spanning? : True
Are all ISTs independent? : True

====TEST CR(199, 24, 48)====
Is IST_0 spanning? : True
Is IST_1 spanning? : True
Is IST_2 spanning? : True
Is IST_3 spanning? : True
Is IST_4 spanning? : True
Is IST_5 spanning? : True
Are all ISTs independent? : True

====TEST CR(200, 24, 48)====
Is IST_0 spanning? : True
Is IST_1 spanning? : True
Is IST_2 spanning? : True
Is IST_3 spanning? : True
Is IST_4 spanning? : True
Is IST_5 spanning? : True
Are all ISTs independent? : True

====TEST CR(201, 24, 48)====
Is IST_0 spanning? : True
Is IST_1 spanning? : True
Is IST_2 spanning? : True
Is IST_3 spanning? : True
Is IST_4 spanning? : True
Is IST_5 spanning? : True
Are all ISTs independent? : True

====TEST CR(202, 24, 48)====
Is IST_0 spanning? : True
Is IST_1 spanning? : True
Is IST_2 spanning? : True
Is IST_3 spanning? : True
Is IST_4 spanning? : True
Is IST_5 spanning? : True
Are all ISTs independent? : True

====TEST CR(203, 24, 48)====
Is IST_0 spanning? : True
Is IST_1 spanning? : True
Is IST_2 spanning? : True
Is IST_3 spanning? : True
Is IST_4 spanning? : True
Is IST_5 spanning? : True
Are all ISTs independent? : True

====TEST CR(204, 24, 48)====
Is IST_0 spanning? : True
Is IST_1 spanning? : True
Is IST_2 spanning? : True
Is IST_3 spanning? : True
Is IST_4 spanning? : True
Is IST_5 spanning? : True
Are all ISTs independent? : True

====TEST CR(205, 24, 48)====
Is IST_0 spanning? : True
Is IST_1 spanning? : True
Is IST_2 spanning? : True
Is IST_3 spanning? : True
Is IST_4 spanning? : True
Is IST_5 spanning? : True
Are all ISTs independent? : True

====TEST CR(206, 24, 48)====
Is IST_0 spanning? : True
Is IST_1 spanning? : True
Is IST_2 spanning? : True
Is IST_3 spanning? : True
Is IST_4 spanning? : True
Is IST_5 spanning? : True
Are all ISTs independent? : True

====TEST CR(207, 24, 48)====
Is IST_0 spanning? : True
Is IST_1 spanning? : True
Is IST_2 spanning? : True
Is IST_3 spanning? : True
Is IST_4 spanning? : True
Is IST_5 spanning? : True
Are all ISTs independent? : True

====TEST CR(208, 24, 48)====
Is IST_0 spanning? : True
Is IST_1 spanning? : True
Is IST_2 spanning? : True
Is IST_3 spanning? : True
Is IST_4 spanning? : True
Is IST_5 spanning? : True
Are all ISTs independent? : True

====TEST CR(209, 24, 48)====
Is IST_0 spanning? : True
Is IST_1 spanning? : True
Is IST_2 spanning? : True
Is IST_3 spanning? : True
Is IST_4 spanning? : True
Is IST_5 spanning? : True
Are all ISTs independent? : True

====TEST CR(210, 24, 48)====
Is IST_0 spanning? : True
Is IST_1 spanning? : True
Is IST_2 spanning? : True
Is IST_3 spanning? : True
Is IST_4 spanning? : True
Is IST_5 spanning? : True
Are all ISTs independent? : True

====TEST CR(211, 24, 48)====
Is IST_0 spanning? : True
Is IST_1 spanning? : True
Is IST_2 spanning? : True
Is IST_3 spanning? : True
Is IST_4 spanning? : True
Is IST_5 spanning? : True
Are all ISTs independent? : True

====TEST CR(212, 24, 48)====
Is IST_0 spanning? : True
Is IST_1 spanning? : True
Is IST_2 spanning? : True
Is IST_3 spanning? : True
Is IST_4 spanning? : True
Is IST_5 spanning? : True
Are all ISTs independent? : True

====TEST CR(213, 24, 48)====
Is IST_0 spanning? : True
Is IST_1 spanning? : True
Is IST_2 spanning? : True
Is IST_3 spanning? : True
Is IST_4 spanning? : True
Is IST_5 spanning? : True
Are all ISTs independent? : True

====TEST CR(214, 24, 48)====
Is IST_0 spanning? : True
Is IST_1 spanning? : True
Is IST_2 spanning? : True
Is IST_3 spanning? : True
Is IST_4 spanning? : True
Is IST_5 spanning? : True
Are all ISTs independent? : True

====TEST CR(215, 24, 48)====
Is IST_0 spanning? : True
Is IST_1 spanning? : True
Is IST_2 spanning? : True
Is IST_3 spanning? : True
Is IST_4 spanning? : True
Is IST_5 spanning? : True
Are all ISTs independent? : True

====TEST CR(216, 24, 48)====
Is IST_0 spanning? : True
Is IST_1 spanning? : True
Is IST_2 spanning? : True
Is IST_3 spanning? : True
Is IST_4 spanning? : True
Is IST_5 spanning? : True
Are all ISTs independent? : True

====TEST CR(217, 24, 48)====
Is IST_0 spanning? : True
Is IST_1 spanning? : True
Is IST_2 spanning? : True
Is IST_3 spanning? : True
Is IST_4 spanning? : True
Is IST_5 spanning? : True
Are all ISTs independent? : True

====TEST CR(218, 24, 48)====
Is IST_0 spanning? : True
Is IST_1 spanning? : True
Is IST_2 spanning? : True
Is IST_3 spanning? : True
Is IST_4 spanning? : True
Is IST_5 spanning? : True
Are all ISTs independent? : True

====TEST CR(219, 24, 48)====
Is IST_0 spanning? : True
Is IST_1 spanning? : True
Is IST_2 spanning? : True
Is IST_3 spanning? : True
Is IST_4 spanning? : True
Is IST_5 spanning? : True
Are all ISTs independent? : True

====TEST CR(220, 24, 48)====
Is IST_0 spanning? : True
Is IST_1 spanning? : True
Is IST_2 spanning? : True
Is IST_3 spanning? : True
Is IST_4 spanning? : True
Is IST_5 spanning? : True
Are all ISTs independent? : True

====TEST CR(221, 24, 48)====
Is IST_0 spanning? : True
Is IST_1 spanning? : True
Is IST_2 spanning? : True
Is IST_3 spanning? : True
Is IST_4 spanning? : True
Is IST_5 spanning? : True
Are all ISTs independent? : True

====TEST CR(222, 24, 48)====
Is IST_0 spanning? : True
Is IST_1 spanning? : True
Is IST_2 spanning? : True
Is IST_3 spanning? : True
Is IST_4 spanning? : True
Is IST_5 spanning? : True
Are all ISTs independent? : True

====TEST CR(223, 24, 48)====
Is IST_0 spanning? : True
Is IST_1 spanning? : True
Is IST_2 spanning? : True
Is IST_3 spanning? : True
Is IST_4 spanning? : True
Is IST_5 spanning? : True
Are all ISTs independent? : True

====TEST CR(224, 24, 48)====
Is IST_0 spanning? : True
Is IST_1 spanning? : True
Is IST_2 spanning? : True
Is IST_3 spanning? : True
Is IST_4 spanning? : True
Is IST_5 spanning? : True
Are all ISTs independent? : True

====TEST CR(225, 24, 48)====
Is IST_0 spanning? : True
Is IST_1 spanning? : True
Is IST_2 spanning? : True
Is IST_3 spanning? : True
Is IST_4 spanning? : True
Is IST_5 spanning? : True
Are all ISTs independent? : True

====TEST CR(226, 24, 48)====
Is IST_0 spanning? : True
Is IST_1 spanning? : True
Is IST_2 spanning? : True
Is IST_3 spanning? : True
Is IST_4 spanning? : True
Is IST_5 spanning? : True
Are all ISTs independent? : True

====TEST CR(227, 24, 48)====
Is IST_0 spanning? : True
Is IST_1 spanning? : True
Is IST_2 spanning? : True
Is IST_3 spanning? : True
Is IST_4 spanning? : True
Is IST_5 spanning? : True
Are all ISTs independent? : True

====TEST CR(228, 24, 48)====
Is IST_0 spanning? : True
Is IST_1 spanning? : True
Is IST_2 spanning? : True
Is IST_3 spanning? : True
Is IST_4 spanning? : True
Is IST_5 spanning? : True
Are all ISTs independent? : True

====TEST CR(229, 24, 48)====
Is IST_0 spanning? : True
Is IST_1 spanning? : True
Is IST_2 spanning? : True
Is IST_3 spanning? : True
Is IST_4 spanning? : True
Is IST_5 spanning? : True
Are all ISTs independent? : True

====TEST CR(230, 24, 48)====
Is IST_0 spanning? : True
Is IST_1 spanning? : True
Is IST_2 spanning? : True
Is IST_3 spanning? : True
Is IST_4 spanning? : True
Is IST_5 spanning? : True
Are all ISTs independent? : True

====TEST CR(231, 24, 48)====
Is IST_0 spanning? : True
Is IST_1 spanning? : True
Is IST_2 spanning? : True
Is IST_3 spanning? : True
Is IST_4 spanning? : True
Is IST_5 spanning? : True
Are all ISTs independent? : True

====TEST CR(232, 24, 48)====
Is IST_0 spanning? : True
Is IST_1 spanning? : True
Is IST_2 spanning? : True
Is IST_3 spanning? : True
Is IST_4 spanning? : True
Is IST_5 spanning? : True
Are all ISTs independent? : True

====TEST CR(233, 24, 48)====
Is IST_0 spanning? : True
Is IST_1 spanning? : True
Is IST_2 spanning? : True
Is IST_3 spanning? : True
Is IST_4 spanning? : True
Is IST_5 spanning? : True
Are all ISTs independent? : True

====TEST CR(234, 24, 48)====
Is IST_0 spanning? : True
Is IST_1 spanning? : True
Is IST_2 spanning? : True
Is IST_3 spanning? : True
Is IST_4 spanning? : True
Is IST_5 spanning? : True
Are all ISTs independent? : True

====TEST CR(235, 24, 48)====
Is IST_0 spanning? : True
Is IST_1 spanning? : True
Is IST_2 spanning? : True
Is IST_3 spanning? : True
Is IST_4 spanning? : True
Is IST_5 spanning? : True
Are all ISTs independent? : True

====TEST CR(236, 24, 48)====
Is IST_0 spanning? : True
Is IST_1 spanning? : True
Is IST_2 spanning? : True
Is IST_3 spanning? : True
Is IST_4 spanning? : True
Is IST_5 spanning? : True
Are all ISTs independent? : True

====TEST CR(237, 24, 48)====
Is IST_0 spanning? : True
Is IST_1 spanning? : True
Is IST_2 spanning? : True
Is IST_3 spanning? : True
Is IST_4 spanning? : True
Is IST_5 spanning? : True
Are all ISTs independent? : True

====TEST CR(238, 24, 48)====
Is IST_0 spanning? : True
Is IST_1 spanning? : True
Is IST_2 spanning? : True
Is IST_3 spanning? : True
Is IST_4 spanning? : True
Is IST_5 spanning? : True
Are all ISTs independent? : True

====TEST CR(239, 24, 48)====
Is IST_0 spanning? : True
Is IST_1 spanning? : True
Is IST_2 spanning? : True
Is IST_3 spanning? : True
Is IST_4 spanning? : True
Is IST_5 spanning? : True
Are all ISTs independent? : True

====TEST CR(240, 24, 48)====
Is IST_0 spanning? : True
Is IST_1 spanning? : True
Is IST_2 spanning? : True
Is IST_3 spanning? : True
Is IST_4 spanning? : True
Is IST_5 spanning? : True
Are all ISTs independent? : True

====TEST CR(241, 24, 48)====
Is IST_0 spanning? : True
Is IST_1 spanning? : True
Is IST_2 spanning? : True
Is IST_3 spanning? : True
Is IST_4 spanning? : True
Is IST_5 spanning? : True
Are all ISTs independent? : True

====TEST CR(242, 24, 48)====
Is IST_0 spanning? : True
Is IST_1 spanning? : True
Is IST_2 spanning? : True
Is IST_3 spanning? : True
Is IST_4 spanning? : True
Is IST_5 spanning? : True
Are all ISTs independent? : True

====TEST CR(243, 24, 48)====
Is IST_0 spanning? : True
Is IST_1 spanning? : True
Is IST_2 spanning? : True
Is IST_3 spanning? : True
Is IST_4 spanning? : True
Is IST_5 spanning? : True
Are all ISTs independent? : True

====TEST CR(244, 24, 48)====
Is IST_0 spanning? : True
Is IST_1 spanning? : True
Is IST_2 spanning? : True
Is IST_3 spanning? : True
Is IST_4 spanning? : True
Is IST_5 spanning? : True
Are all ISTs independent? : True

====TEST CR(245, 24, 48)====
Is IST_0 spanning? : True
Is IST_1 spanning? : True
Is IST_2 spanning? : True
Is IST_3 spanning? : True
Is IST_4 spanning? : True
Is IST_5 spanning? : True
Are all ISTs independent? : True

====TEST CR(246, 24, 48)====
Is IST_0 spanning? : True
Is IST_1 spanning? : True
Is IST_2 spanning? : True
Is IST_3 spanning? : True
Is IST_4 spanning? : True
Is IST_5 spanning? : True
Are all ISTs independent? : True

====TEST CR(247, 24, 48)====
Is IST_0 spanning? : True
Is IST_1 spanning? : True
Is IST_2 spanning? : True
Is IST_3 spanning? : True
Is IST_4 spanning? : True
Is IST_5 spanning? : True
Are all ISTs independent? : True

====TEST CR(248, 24, 48)====
Is IST_0 spanning? : True
Is IST_1 spanning? : True
Is IST_2 spanning? : True
Is IST_3 spanning? : True
Is IST_4 spanning? : True
Is IST_5 spanning? : True
Are all ISTs independent? : True

====TEST CR(249, 24, 48)====
Is IST_0 spanning? : True
Is IST_1 spanning? : True
Is IST_2 spanning? : True
Is IST_3 spanning? : True
Is IST_4 spanning? : True
Is IST_5 spanning? : True
Are all ISTs independent? : True

====TEST CR(250, 24, 48)====
Is IST_0 spanning? : True
Is IST_1 spanning? : True
Is IST_2 spanning? : True
Is IST_3 spanning? : True
Is IST_4 spanning? : True
Is IST_5 spanning? : True
Are all ISTs independent? : True

====TEST CR(251, 24, 48)====
Is IST_0 spanning? : True
Is IST_1 spanning? : True
Is IST_2 spanning? : True
Is IST_3 spanning? : True
Is IST_4 spanning? : True
Is IST_5 spanning? : True
Are all ISTs independent? : True

====TEST CR(252, 24, 48)====
Is IST_0 spanning? : True
Is IST_1 spanning? : True
Is IST_2 spanning? : True
Is IST_3 spanning? : True
Is IST_4 spanning? : True
Is IST_5 spanning? : True
Are all ISTs independent? : True

====TEST CR(253, 24, 48)====
Is IST_0 spanning? : True
Is IST_1 spanning? : True
Is IST_2 spanning? : True
Is IST_3 spanning? : True
Is IST_4 spanning? : True
Is IST_5 spanning? : True
Are all ISTs independent? : True

====TEST CR(254, 24, 48)====
Is IST_0 spanning? : True
Is IST_1 spanning? : True
Is IST_2 spanning? : True
Is IST_3 spanning? : True
Is IST_4 spanning? : True
Is IST_5 spanning? : True
Are all ISTs independent? : True

====TEST CR(255, 24, 48)====
Is IST_0 spanning? : True
Is IST_1 spanning? : True
Is IST_2 spanning? : True
Is IST_3 spanning? : True
Is IST_4 spanning? : True
Is IST_5 spanning? : True
Are all ISTs independent? : True

====TEST CR(256, 24, 48)====
Is IST_0 spanning? : True
Is IST_1 spanning? : True
Is IST_2 spanning? : True
Is IST_3 spanning? : True
Is IST_4 spanning? : True
Is IST_5 spanning? : True
Are all ISTs independent? : True

====TEST CR(257, 24, 48)====
Is IST_0 spanning? : True
Is IST_1 spanning? : True
Is IST_2 spanning? : True
Is IST_3 spanning? : True
Is IST_4 spanning? : True
Is IST_5 spanning? : True
Are all ISTs independent? : True

====TEST CR(258, 24, 48)====
Is IST_0 spanning? : True
Is IST_1 spanning? : True
Is IST_2 spanning? : True
Is IST_3 spanning? : True
Is IST_4 spanning? : True
Is IST_5 spanning? : True
Are all ISTs independent? : True

====TEST CR(259, 24, 48)====
Is IST_0 spanning? : True
Is IST_1 spanning? : True
Is IST_2 spanning? : True
Is IST_3 spanning? : True
Is IST_4 spanning? : True
Is IST_5 spanning? : True
Are all ISTs independent? : True

====TEST CR(260, 24, 48)====
Is IST_0 spanning? : True
Is IST_1 spanning? : True
Is IST_2 spanning? : True
Is IST_3 spanning? : True
Is IST_4 spanning? : True
Is IST_5 spanning? : True
Are all ISTs independent? : True

====TEST CR(261, 24, 48)====
Is IST_0 spanning? : True
Is IST_1 spanning? : True
Is IST_2 spanning? : True
Is IST_3 spanning? : True
Is IST_4 spanning? : True
Is IST_5 spanning? : True
Are all ISTs independent? : True

====TEST CR(262, 24, 48)====
Is IST_0 spanning? : True
Is IST_1 spanning? : True
Is IST_2 spanning? : True
Is IST_3 spanning? : True
Is IST_4 spanning? : True
Is IST_5 spanning? : True
Are all ISTs independent? : True

====TEST CR(263, 24, 48)====
Is IST_0 spanning? : True
Is IST_1 spanning? : True
Is IST_2 spanning? : True
Is IST_3 spanning? : True
Is IST_4 spanning? : True
Is IST_5 spanning? : True
Are all ISTs independent? : True

====TEST CR(264, 24, 48)====
Is IST_0 spanning? : True
Is IST_1 spanning? : True
Is IST_2 spanning? : True
Is IST_3 spanning? : True
Is IST_4 spanning? : True
Is IST_5 spanning? : True
Are all ISTs independent? : True

====TEST CR(265, 24, 48)====
Is IST_0 spanning? : True
Is IST_1 spanning? : True
Is IST_2 spanning? : True
Is IST_3 spanning? : True
Is IST_4 spanning? : True
Is IST_5 spanning? : True
Are all ISTs independent? : True

====TEST CR(266, 24, 48)====
Is IST_0 spanning? : True
Is IST_1 spanning? : True
Is IST_2 spanning? : True
Is IST_3 spanning? : True
Is IST_4 spanning? : True
Is IST_5 spanning? : True
Are all ISTs independent? : True

====TEST CR(267, 24, 48)====
Is IST_0 spanning? : True
Is IST_1 spanning? : True
Is IST_2 spanning? : True
Is IST_3 spanning? : True
Is IST_4 spanning? : True
Is IST_5 spanning? : True
Are all ISTs independent? : True

====TEST CR(268, 24, 48)====
Is IST_0 spanning? : True
Is IST_1 spanning? : True
Is IST_2 spanning? : True
Is IST_3 spanning? : True
Is IST_4 spanning? : True
Is IST_5 spanning? : True
Are all ISTs independent? : True

====TEST CR(269, 24, 48)====
Is IST_0 spanning? : True
Is IST_1 spanning? : True
Is IST_2 spanning? : True
Is IST_3 spanning? : True
Is IST_4 spanning? : True
Is IST_5 spanning? : True
Are all ISTs independent? : True

====TEST CR(270, 24, 48)====
Is IST_0 spanning? : True
Is IST_1 spanning? : True
Is IST_2 spanning? : True
Is IST_3 spanning? : True
Is IST_4 spanning? : True
Is IST_5 spanning? : True
Are all ISTs independent? : True

====TEST CR(271, 24, 48)====
Is IST_0 spanning? : True
Is IST_1 spanning? : True
Is IST_2 spanning? : True
Is IST_3 spanning? : True
Is IST_4 spanning? : True
Is IST_5 spanning? : True
Are all ISTs independent? : True

====TEST CR(272, 24, 48)====
Is IST_0 spanning? : True
Is IST_1 spanning? : True
Is IST_2 spanning? : True
Is IST_3 spanning? : True
Is IST_4 spanning? : True
Is IST_5 spanning? : True
Are all ISTs independent? : True

====TEST CR(150, 25, 50)====
Is IST_0 spanning? : True
Is IST_1 spanning? : True
Is IST_2 spanning? : True
Is IST_3 spanning? : True
Is IST_4 spanning? : True
Is IST_5 spanning? : True
Are all ISTs independent? : True

====TEST CR(151, 25, 50)====
Is IST_0 spanning? : True
Is IST_1 spanning? : True
Is IST_2 spanning? : True
Is IST_3 spanning? : True
Is IST_4 spanning? : True
Is IST_5 spanning? : True
Are all ISTs independent? : True

====TEST CR(152, 25, 50)====
Is IST_0 spanning? : True
Is IST_1 spanning? : True
Is IST_2 spanning? : True
Is IST_3 spanning? : True
Is IST_4 spanning? : True
Is IST_5 spanning? : True
Are all ISTs independent? : True

====TEST CR(153, 25, 50)====
Is IST_0 spanning? : True
Is IST_1 spanning? : True
Is IST_2 spanning? : True
Is IST_3 spanning? : True
Is IST_4 spanning? : True
Is IST_5 spanning? : True
Are all ISTs independent? : True

====TEST CR(154, 25, 50)====
Is IST_0 spanning? : True
Is IST_1 spanning? : True
Is IST_2 spanning? : True
Is IST_3 spanning? : True
Is IST_4 spanning? : True
Is IST_5 spanning? : True
Are all ISTs independent? : True

====TEST CR(155, 25, 50)====
Is IST_0 spanning? : True
Is IST_1 spanning? : True
Is IST_2 spanning? : True
Is IST_3 spanning? : True
Is IST_4 spanning? : True
Is IST_5 spanning? : True
Are all ISTs independent? : True

====TEST CR(156, 25, 50)====
Is IST_0 spanning? : True
Is IST_1 spanning? : True
Is IST_2 spanning? : True
Is IST_3 spanning? : True
Is IST_4 spanning? : True
Is IST_5 spanning? : True
Are all ISTs independent? : True

====TEST CR(157, 25, 50)====
Is IST_0 spanning? : True
Is IST_1 spanning? : True
Is IST_2 spanning? : True
Is IST_3 spanning? : True
Is IST_4 spanning? : True
Is IST_5 spanning? : True
Are all ISTs independent? : True

====TEST CR(158, 25, 50)====
Is IST_0 spanning? : True
Is IST_1 spanning? : True
Is IST_2 spanning? : True
Is IST_3 spanning? : True
Is IST_4 spanning? : True
Is IST_5 spanning? : True
Are all ISTs independent? : True

====TEST CR(159, 25, 50)====
Is IST_0 spanning? : True
Is IST_1 spanning? : True
Is IST_2 spanning? : True
Is IST_3 spanning? : True
Is IST_4 spanning? : True
Is IST_5 spanning? : True
Are all ISTs independent? : True

====TEST CR(160, 25, 50)====
Is IST_0 spanning? : True
Is IST_1 spanning? : True
Is IST_2 spanning? : True
Is IST_3 spanning? : True
Is IST_4 spanning? : True
Is IST_5 spanning? : True
Are all ISTs independent? : True

====TEST CR(161, 25, 50)====
Is IST_0 spanning? : True
Is IST_1 spanning? : True
Is IST_2 spanning? : True
Is IST_3 spanning? : True
Is IST_4 spanning? : True
Is IST_5 spanning? : True
Are all ISTs independent? : True

====TEST CR(162, 25, 50)====
Is IST_0 spanning? : True
Is IST_1 spanning? : True
Is IST_2 spanning? : True
Is IST_3 spanning? : True
Is IST_4 spanning? : True
Is IST_5 spanning? : True
Are all ISTs independent? : True

====TEST CR(163, 25, 50)====
Is IST_0 spanning? : True
Is IST_1 spanning? : True
Is IST_2 spanning? : True
Is IST_3 spanning? : True
Is IST_4 spanning? : True
Is IST_5 spanning? : True
Are all ISTs independent? : True

====TEST CR(164, 25, 50)====
Is IST_0 spanning? : True
Is IST_1 spanning? : True
Is IST_2 spanning? : True
Is IST_3 spanning? : True
Is IST_4 spanning? : True
Is IST_5 spanning? : True
Are all ISTs independent? : True

====TEST CR(165, 25, 50)====
Is IST_0 spanning? : True
Is IST_1 spanning? : True
Is IST_2 spanning? : True
Is IST_3 spanning? : True
Is IST_4 spanning? : True
Is IST_5 spanning? : True
Are all ISTs independent? : True

====TEST CR(166, 25, 50)====
Is IST_0 spanning? : True
Is IST_1 spanning? : True
Is IST_2 spanning? : True
Is IST_3 spanning? : True
Is IST_4 spanning? : True
Is IST_5 spanning? : True
Are all ISTs independent? : True

====TEST CR(167, 25, 50)====
Is IST_0 spanning? : True
Is IST_1 spanning? : True
Is IST_2 spanning? : True
Is IST_3 spanning? : True
Is IST_4 spanning? : True
Is IST_5 spanning? : True
Are all ISTs independent? : True

====TEST CR(168, 25, 50)====
Is IST_0 spanning? : True
Is IST_1 spanning? : True
Is IST_2 spanning? : True
Is IST_3 spanning? : True
Is IST_4 spanning? : True
Is IST_5 spanning? : True
Are all ISTs independent? : True

====TEST CR(169, 25, 50)====
Is IST_0 spanning? : True
Is IST_1 spanning? : True
Is IST_2 spanning? : True
Is IST_3 spanning? : True
Is IST_4 spanning? : True
Is IST_5 spanning? : True
Are all ISTs independent? : True

====TEST CR(170, 25, 50)====
Is IST_0 spanning? : True
Is IST_1 spanning? : True
Is IST_2 spanning? : True
Is IST_3 spanning? : True
Is IST_4 spanning? : True
Is IST_5 spanning? : True
Are all ISTs independent? : True

====TEST CR(171, 25, 50)====
Is IST_0 spanning? : True
Is IST_1 spanning? : True
Is IST_2 spanning? : True
Is IST_3 spanning? : True
Is IST_4 spanning? : True
Is IST_5 spanning? : True
Are all ISTs independent? : True

====TEST CR(172, 25, 50)====
Is IST_0 spanning? : True
Is IST_1 spanning? : True
Is IST_2 spanning? : True
Is IST_3 spanning? : True
Is IST_4 spanning? : True
Is IST_5 spanning? : True
Are all ISTs independent? : True

====TEST CR(173, 25, 50)====
Is IST_0 spanning? : True
Is IST_1 spanning? : True
Is IST_2 spanning? : True
Is IST_3 spanning? : True
Is IST_4 spanning? : True
Is IST_5 spanning? : True
Are all ISTs independent? : True

====TEST CR(174, 25, 50)====
Is IST_0 spanning? : True
Is IST_1 spanning? : True
Is IST_2 spanning? : True
Is IST_3 spanning? : True
Is IST_4 spanning? : True
Is IST_5 spanning? : True
Are all ISTs independent? : True

====TEST CR(175, 25, 50)====
Is IST_0 spanning? : True
Is IST_1 spanning? : True
Is IST_2 spanning? : True
Is IST_3 spanning? : True
Is IST_4 spanning? : True
Is IST_5 spanning? : True
Are all ISTs independent? : True

====TEST CR(176, 25, 50)====
Is IST_0 spanning? : True
Is IST_1 spanning? : True
Is IST_2 spanning? : True
Is IST_3 spanning? : True
Is IST_4 spanning? : True
Is IST_5 spanning? : True
Are all ISTs independent? : True

====TEST CR(177, 25, 50)====
Is IST_0 spanning? : True
Is IST_1 spanning? : True
Is IST_2 spanning? : True
Is IST_3 spanning? : True
Is IST_4 spanning? : True
Is IST_5 spanning? : True
Are all ISTs independent? : True

====TEST CR(178, 25, 50)====
Is IST_0 spanning? : True
Is IST_1 spanning? : True
Is IST_2 spanning? : True
Is IST_3 spanning? : True
Is IST_4 spanning? : True
Is IST_5 spanning? : True
Are all ISTs independent? : True

====TEST CR(179, 25, 50)====
Is IST_0 spanning? : True
Is IST_1 spanning? : True
Is IST_2 spanning? : True
Is IST_3 spanning? : True
Is IST_4 spanning? : True
Is IST_5 spanning? : True
Are all ISTs independent? : True

====TEST CR(180, 25, 50)====
Is IST_0 spanning? : True
Is IST_1 spanning? : True
Is IST_2 spanning? : True
Is IST_3 spanning? : True
Is IST_4 spanning? : True
Is IST_5 spanning? : True
Are all ISTs independent? : True

====TEST CR(181, 25, 50)====
Is IST_0 spanning? : True
Is IST_1 spanning? : True
Is IST_2 spanning? : True
Is IST_3 spanning? : True
Is IST_4 spanning? : True
Is IST_5 spanning? : True
Are all ISTs independent? : True

====TEST CR(182, 25, 50)====
Is IST_0 spanning? : True
Is IST_1 spanning? : True
Is IST_2 spanning? : True
Is IST_3 spanning? : True
Is IST_4 spanning? : True
Is IST_5 spanning? : True
Are all ISTs independent? : True

====TEST CR(183, 25, 50)====
Is IST_0 spanning? : True
Is IST_1 spanning? : True
Is IST_2 spanning? : True
Is IST_3 spanning? : True
Is IST_4 spanning? : True
Is IST_5 spanning? : True
Are all ISTs independent? : True

====TEST CR(184, 25, 50)====
Is IST_0 spanning? : True
Is IST_1 spanning? : True
Is IST_2 spanning? : True
Is IST_3 spanning? : True
Is IST_4 spanning? : True
Is IST_5 spanning? : True
Are all ISTs independent? : True

====TEST CR(185, 25, 50)====
Is IST_0 spanning? : True
Is IST_1 spanning? : True
Is IST_2 spanning? : True
Is IST_3 spanning? : True
Is IST_4 spanning? : True
Is IST_5 spanning? : True
Are all ISTs independent? : True

====TEST CR(186, 25, 50)====
Is IST_0 spanning? : True
Is IST_1 spanning? : True
Is IST_2 spanning? : True
Is IST_3 spanning? : True
Is IST_4 spanning? : True
Is IST_5 spanning? : True
Are all ISTs independent? : True

====TEST CR(187, 25, 50)====
Is IST_0 spanning? : True
Is IST_1 spanning? : True
Is IST_2 spanning? : True
Is IST_3 spanning? : True
Is IST_4 spanning? : True
Is IST_5 spanning? : True
Are all ISTs independent? : True

====TEST CR(188, 25, 50)====
Is IST_0 spanning? : True
Is IST_1 spanning? : True
Is IST_2 spanning? : True
Is IST_3 spanning? : True
Is IST_4 spanning? : True
Is IST_5 spanning? : True
Are all ISTs independent? : True

====TEST CR(189, 25, 50)====
Is IST_0 spanning? : True
Is IST_1 spanning? : True
Is IST_2 spanning? : True
Is IST_3 spanning? : True
Is IST_4 spanning? : True
Is IST_5 spanning? : True
Are all ISTs independent? : True

====TEST CR(190, 25, 50)====
Is IST_0 spanning? : True
Is IST_1 spanning? : True
Is IST_2 spanning? : True
Is IST_3 spanning? : True
Is IST_4 spanning? : True
Is IST_5 spanning? : True
Are all ISTs independent? : True

====TEST CR(191, 25, 50)====
Is IST_0 spanning? : True
Is IST_1 spanning? : True
Is IST_2 spanning? : True
Is IST_3 spanning? : True
Is IST_4 spanning? : True
Is IST_5 spanning? : True
Are all ISTs independent? : True

====TEST CR(192, 25, 50)====
Is IST_0 spanning? : True
Is IST_1 spanning? : True
Is IST_2 spanning? : True
Is IST_3 spanning? : True
Is IST_4 spanning? : True
Is IST_5 spanning? : True
Are all ISTs independent? : True

====TEST CR(193, 25, 50)====
Is IST_0 spanning? : True
Is IST_1 spanning? : True
Is IST_2 spanning? : True
Is IST_3 spanning? : True
Is IST_4 spanning? : True
Is IST_5 spanning? : True
Are all ISTs independent? : True

====TEST CR(194, 25, 50)====
Is IST_0 spanning? : True
Is IST_1 spanning? : True
Is IST_2 spanning? : True
Is IST_3 spanning? : True
Is IST_4 spanning? : True
Is IST_5 spanning? : True
Are all ISTs independent? : True

====TEST CR(195, 25, 50)====
Is IST_0 spanning? : True
Is IST_1 spanning? : True
Is IST_2 spanning? : True
Is IST_3 spanning? : True
Is IST_4 spanning? : True
Is IST_5 spanning? : True
Are all ISTs independent? : True

====TEST CR(196, 25, 50)====
Is IST_0 spanning? : True
Is IST_1 spanning? : True
Is IST_2 spanning? : True
Is IST_3 spanning? : True
Is IST_4 spanning? : True
Is IST_5 spanning? : True
Are all ISTs independent? : True

====TEST CR(197, 25, 50)====
Is IST_0 spanning? : True
Is IST_1 spanning? : True
Is IST_2 spanning? : True
Is IST_3 spanning? : True
Is IST_4 spanning? : True
Is IST_5 spanning? : True
Are all ISTs independent? : True

====TEST CR(198, 25, 50)====
Is IST_0 spanning? : True
Is IST_1 spanning? : True
Is IST_2 spanning? : True
Is IST_3 spanning? : True
Is IST_4 spanning? : True
Is IST_5 spanning? : True
Are all ISTs independent? : True

====TEST CR(199, 25, 50)====
Is IST_0 spanning? : True
Is IST_1 spanning? : True
Is IST_2 spanning? : True
Is IST_3 spanning? : True
Is IST_4 spanning? : True
Is IST_5 spanning? : True
Are all ISTs independent? : True

====TEST CR(200, 25, 50)====
Is IST_0 spanning? : True
Is IST_1 spanning? : True
Is IST_2 spanning? : True
Is IST_3 spanning? : True
Is IST_4 spanning? : True
Is IST_5 spanning? : True
Are all ISTs independent? : True

====TEST CR(201, 25, 50)====
Is IST_0 spanning? : True
Is IST_1 spanning? : True
Is IST_2 spanning? : True
Is IST_3 spanning? : True
Is IST_4 spanning? : True
Is IST_5 spanning? : True
Are all ISTs independent? : True

====TEST CR(202, 25, 50)====
Is IST_0 spanning? : True
Is IST_1 spanning? : True
Is IST_2 spanning? : True
Is IST_3 spanning? : True
Is IST_4 spanning? : True
Is IST_5 spanning? : True
Are all ISTs independent? : True

====TEST CR(203, 25, 50)====
Is IST_0 spanning? : True
Is IST_1 spanning? : True
Is IST_2 spanning? : True
Is IST_3 spanning? : True
Is IST_4 spanning? : True
Is IST_5 spanning? : True
Are all ISTs independent? : True

====TEST CR(204, 25, 50)====
Is IST_0 spanning? : True
Is IST_1 spanning? : True
Is IST_2 spanning? : True
Is IST_3 spanning? : True
Is IST_4 spanning? : True
Is IST_5 spanning? : True
Are all ISTs independent? : True

====TEST CR(205, 25, 50)====
Is IST_0 spanning? : True
Is IST_1 spanning? : True
Is IST_2 spanning? : True
Is IST_3 spanning? : True
Is IST_4 spanning? : True
Is IST_5 spanning? : True
Are all ISTs independent? : True

====TEST CR(206, 25, 50)====
Is IST_0 spanning? : True
Is IST_1 spanning? : True
Is IST_2 spanning? : True
Is IST_3 spanning? : True
Is IST_4 spanning? : True
Is IST_5 spanning? : True
Are all ISTs independent? : True

====TEST CR(207, 25, 50)====
Is IST_0 spanning? : True
Is IST_1 spanning? : True
Is IST_2 spanning? : True
Is IST_3 spanning? : True
Is IST_4 spanning? : True
Is IST_5 spanning? : True
Are all ISTs independent? : True

====TEST CR(208, 25, 50)====
Is IST_0 spanning? : True
Is IST_1 spanning? : True
Is IST_2 spanning? : True
Is IST_3 spanning? : True
Is IST_4 spanning? : True
Is IST_5 spanning? : True
Are all ISTs independent? : True

====TEST CR(209, 25, 50)====
Is IST_0 spanning? : True
Is IST_1 spanning? : True
Is IST_2 spanning? : True
Is IST_3 spanning? : True
Is IST_4 spanning? : True
Is IST_5 spanning? : True
Are all ISTs independent? : True

====TEST CR(210, 25, 50)====
Is IST_0 spanning? : True
Is IST_1 spanning? : True
Is IST_2 spanning? : True
Is IST_3 spanning? : True
Is IST_4 spanning? : True
Is IST_5 spanning? : True
Are all ISTs independent? : True

====TEST CR(211, 25, 50)====
Is IST_0 spanning? : True
Is IST_1 spanning? : True
Is IST_2 spanning? : True
Is IST_3 spanning? : True
Is IST_4 spanning? : True
Is IST_5 spanning? : True
Are all ISTs independent? : True

====TEST CR(212, 25, 50)====
Is IST_0 spanning? : True
Is IST_1 spanning? : True
Is IST_2 spanning? : True
Is IST_3 spanning? : True
Is IST_4 spanning? : True
Is IST_5 spanning? : True
Are all ISTs independent? : True

====TEST CR(213, 25, 50)====
Is IST_0 spanning? : True
Is IST_1 spanning? : True
Is IST_2 spanning? : True
Is IST_3 spanning? : True
Is IST_4 spanning? : True
Is IST_5 spanning? : True
Are all ISTs independent? : True

====TEST CR(214, 25, 50)====
Is IST_0 spanning? : True
Is IST_1 spanning? : True
Is IST_2 spanning? : True
Is IST_3 spanning? : True
Is IST_4 spanning? : True
Is IST_5 spanning? : True
Are all ISTs independent? : True

====TEST CR(215, 25, 50)====
Is IST_0 spanning? : True
Is IST_1 spanning? : True
Is IST_2 spanning? : True
Is IST_3 spanning? : True
Is IST_4 spanning? : True
Is IST_5 spanning? : True
Are all ISTs independent? : True

====TEST CR(216, 25, 50)====
Is IST_0 spanning? : True
Is IST_1 spanning? : True
Is IST_2 spanning? : True
Is IST_3 spanning? : True
Is IST_4 spanning? : True
Is IST_5 spanning? : True
Are all ISTs independent? : True

====TEST CR(217, 25, 50)====
Is IST_0 spanning? : True
Is IST_1 spanning? : True
Is IST_2 spanning? : True
Is IST_3 spanning? : True
Is IST_4 spanning? : True
Is IST_5 spanning? : True
Are all ISTs independent? : True

====TEST CR(218, 25, 50)====
Is IST_0 spanning? : True
Is IST_1 spanning? : True
Is IST_2 spanning? : True
Is IST_3 spanning? : True
Is IST_4 spanning? : True
Is IST_5 spanning? : True
Are all ISTs independent? : True

====TEST CR(219, 25, 50)====
Is IST_0 spanning? : True
Is IST_1 spanning? : True
Is IST_2 spanning? : True
Is IST_3 spanning? : True
Is IST_4 spanning? : True
Is IST_5 spanning? : True
Are all ISTs independent? : True

====TEST CR(220, 25, 50)====
Is IST_0 spanning? : True
Is IST_1 spanning? : True
Is IST_2 spanning? : True
Is IST_3 spanning? : True
Is IST_4 spanning? : True
Is IST_5 spanning? : True
Are all ISTs independent? : True

====TEST CR(221, 25, 50)====
Is IST_0 spanning? : True
Is IST_1 spanning? : True
Is IST_2 spanning? : True
Is IST_3 spanning? : True
Is IST_4 spanning? : True
Is IST_5 spanning? : True
Are all ISTs independent? : True

====TEST CR(222, 25, 50)====
Is IST_0 spanning? : True
Is IST_1 spanning? : True
Is IST_2 spanning? : True
Is IST_3 spanning? : True
Is IST_4 spanning? : True
Is IST_5 spanning? : True
Are all ISTs independent? : True

====TEST CR(223, 25, 50)====
Is IST_0 spanning? : True
Is IST_1 spanning? : True
Is IST_2 spanning? : True
Is IST_3 spanning? : True
Is IST_4 spanning? : True
Is IST_5 spanning? : True
Are all ISTs independent? : True

====TEST CR(224, 25, 50)====
Is IST_0 spanning? : True
Is IST_1 spanning? : True
Is IST_2 spanning? : True
Is IST_3 spanning? : True
Is IST_4 spanning? : True
Is IST_5 spanning? : True
Are all ISTs independent? : True

====TEST CR(225, 25, 50)====
Is IST_0 spanning? : True
Is IST_1 spanning? : True
Is IST_2 spanning? : True
Is IST_3 spanning? : True
Is IST_4 spanning? : True
Is IST_5 spanning? : True
Are all ISTs independent? : True

====TEST CR(226, 25, 50)====
Is IST_0 spanning? : True
Is IST_1 spanning? : True
Is IST_2 spanning? : True
Is IST_3 spanning? : True
Is IST_4 spanning? : True
Is IST_5 spanning? : True
Are all ISTs independent? : True

====TEST CR(227, 25, 50)====
Is IST_0 spanning? : True
Is IST_1 spanning? : True
Is IST_2 spanning? : True
Is IST_3 spanning? : True
Is IST_4 spanning? : True
Is IST_5 spanning? : True
Are all ISTs independent? : True

====TEST CR(228, 25, 50)====
Is IST_0 spanning? : True
Is IST_1 spanning? : True
Is IST_2 spanning? : True
Is IST_3 spanning? : True
Is IST_4 spanning? : True
Is IST_5 spanning? : True
Are all ISTs independent? : True

====TEST CR(229, 25, 50)====
Is IST_0 spanning? : True
Is IST_1 spanning? : True
Is IST_2 spanning? : True
Is IST_3 spanning? : True
Is IST_4 spanning? : True
Is IST_5 spanning? : True
Are all ISTs independent? : True

====TEST CR(230, 25, 50)====
Is IST_0 spanning? : True
Is IST_1 spanning? : True
Is IST_2 spanning? : True
Is IST_3 spanning? : True
Is IST_4 spanning? : True
Is IST_5 spanning? : True
Are all ISTs independent? : True

====TEST CR(231, 25, 50)====
Is IST_0 spanning? : True
Is IST_1 spanning? : True
Is IST_2 spanning? : True
Is IST_3 spanning? : True
Is IST_4 spanning? : True
Is IST_5 spanning? : True
Are all ISTs independent? : True

====TEST CR(232, 25, 50)====
Is IST_0 spanning? : True
Is IST_1 spanning? : True
Is IST_2 spanning? : True
Is IST_3 spanning? : True
Is IST_4 spanning? : True
Is IST_5 spanning? : True
Are all ISTs independent? : True

====TEST CR(233, 25, 50)====
Is IST_0 spanning? : True
Is IST_1 spanning? : True
Is IST_2 spanning? : True
Is IST_3 spanning? : True
Is IST_4 spanning? : True
Is IST_5 spanning? : True
Are all ISTs independent? : True

====TEST CR(234, 25, 50)====
Is IST_0 spanning? : True
Is IST_1 spanning? : True
Is IST_2 spanning? : True
Is IST_3 spanning? : True
Is IST_4 spanning? : True
Is IST_5 spanning? : True
Are all ISTs independent? : True

====TEST CR(235, 25, 50)====
Is IST_0 spanning? : True
Is IST_1 spanning? : True
Is IST_2 spanning? : True
Is IST_3 spanning? : True
Is IST_4 spanning? : True
Is IST_5 spanning? : True
Are all ISTs independent? : True

====TEST CR(236, 25, 50)====
Is IST_0 spanning? : True
Is IST_1 spanning? : True
Is IST_2 spanning? : True
Is IST_3 spanning? : True
Is IST_4 spanning? : True
Is IST_5 spanning? : True
Are all ISTs independent? : True

====TEST CR(237, 25, 50)====
Is IST_0 spanning? : True
Is IST_1 spanning? : True
Is IST_2 spanning? : True
Is IST_3 spanning? : True
Is IST_4 spanning? : True
Is IST_5 spanning? : True
Are all ISTs independent? : True

====TEST CR(238, 25, 50)====
Is IST_0 spanning? : True
Is IST_1 spanning? : True
Is IST_2 spanning? : True
Is IST_3 spanning? : True
Is IST_4 spanning? : True
Is IST_5 spanning? : True
Are all ISTs independent? : True

====TEST CR(239, 25, 50)====
Is IST_0 spanning? : True
Is IST_1 spanning? : True
Is IST_2 spanning? : True
Is IST_3 spanning? : True
Is IST_4 spanning? : True
Is IST_5 spanning? : True
Are all ISTs independent? : True

====TEST CR(240, 25, 50)====
Is IST_0 spanning? : True
Is IST_1 spanning? : True
Is IST_2 spanning? : True
Is IST_3 spanning? : True
Is IST_4 spanning? : True
Is IST_5 spanning? : True
Are all ISTs independent? : True

====TEST CR(241, 25, 50)====
Is IST_0 spanning? : True
Is IST_1 spanning? : True
Is IST_2 spanning? : True
Is IST_3 spanning? : True
Is IST_4 spanning? : True
Is IST_5 spanning? : True
Are all ISTs independent? : True

====TEST CR(242, 25, 50)====
Is IST_0 spanning? : True
Is IST_1 spanning? : True
Is IST_2 spanning? : True
Is IST_3 spanning? : True
Is IST_4 spanning? : True
Is IST_5 spanning? : True
Are all ISTs independent? : True

====TEST CR(243, 25, 50)====
Is IST_0 spanning? : True
Is IST_1 spanning? : True
Is IST_2 spanning? : True
Is IST_3 spanning? : True
Is IST_4 spanning? : True
Is IST_5 spanning? : True
Are all ISTs independent? : True

====TEST CR(244, 25, 50)====
Is IST_0 spanning? : True
Is IST_1 spanning? : True
Is IST_2 spanning? : True
Is IST_3 spanning? : True
Is IST_4 spanning? : True
Is IST_5 spanning? : True
Are all ISTs independent? : True

====TEST CR(245, 25, 50)====
Is IST_0 spanning? : True
Is IST_1 spanning? : True
Is IST_2 spanning? : True
Is IST_3 spanning? : True
Is IST_4 spanning? : True
Is IST_5 spanning? : True
Are all ISTs independent? : True

====TEST CR(246, 25, 50)====
Is IST_0 spanning? : True
Is IST_1 spanning? : True
Is IST_2 spanning? : True
Is IST_3 spanning? : True
Is IST_4 spanning? : True
Is IST_5 spanning? : True
Are all ISTs independent? : True

====TEST CR(247, 25, 50)====
Is IST_0 spanning? : True
Is IST_1 spanning? : True
Is IST_2 spanning? : True
Is IST_3 spanning? : True
Is IST_4 spanning? : True
Is IST_5 spanning? : True
Are all ISTs independent? : True

====TEST CR(248, 25, 50)====
Is IST_0 spanning? : True
Is IST_1 spanning? : True
Is IST_2 spanning? : True
Is IST_3 spanning? : True
Is IST_4 spanning? : True
Is IST_5 spanning? : True
Are all ISTs independent? : True

====TEST CR(249, 25, 50)====
Is IST_0 spanning? : True
Is IST_1 spanning? : True
Is IST_2 spanning? : True
Is IST_3 spanning? : True
Is IST_4 spanning? : True
Is IST_5 spanning? : True
Are all ISTs independent? : True

====TEST CR(250, 25, 50)====
Is IST_0 spanning? : True
Is IST_1 spanning? : True
Is IST_2 spanning? : True
Is IST_3 spanning? : True
Is IST_4 spanning? : True
Is IST_5 spanning? : True
Are all ISTs independent? : True

====TEST CR(251, 25, 50)====
Is IST_0 spanning? : True
Is IST_1 spanning? : True
Is IST_2 spanning? : True
Is IST_3 spanning? : True
Is IST_4 spanning? : True
Is IST_5 spanning? : True
Are all ISTs independent? : True

====TEST CR(252, 25, 50)====
Is IST_0 spanning? : True
Is IST_1 spanning? : True
Is IST_2 spanning? : True
Is IST_3 spanning? : True
Is IST_4 spanning? : True
Is IST_5 spanning? : True
Are all ISTs independent? : True

====TEST CR(253, 25, 50)====
Is IST_0 spanning? : True
Is IST_1 spanning? : True
Is IST_2 spanning? : True
Is IST_3 spanning? : True
Is IST_4 spanning? : True
Is IST_5 spanning? : True
Are all ISTs independent? : True

====TEST CR(254, 25, 50)====
Is IST_0 spanning? : True
Is IST_1 spanning? : True
Is IST_2 spanning? : True
Is IST_3 spanning? : True
Is IST_4 spanning? : True
Is IST_5 spanning? : True
Are all ISTs independent? : True

====TEST CR(255, 25, 50)====
Is IST_0 spanning? : True
Is IST_1 spanning? : True
Is IST_2 spanning? : True
Is IST_3 spanning? : True
Is IST_4 spanning? : True
Is IST_5 spanning? : True
Are all ISTs independent? : True

====TEST CR(256, 25, 50)====
Is IST_0 spanning? : True
Is IST_1 spanning? : True
Is IST_2 spanning? : True
Is IST_3 spanning? : True
Is IST_4 spanning? : True
Is IST_5 spanning? : True
Are all ISTs independent? : True

====TEST CR(257, 25, 50)====
Is IST_0 spanning? : True
Is IST_1 spanning? : True
Is IST_2 spanning? : True
Is IST_3 spanning? : True
Is IST_4 spanning? : True
Is IST_5 spanning? : True
Are all ISTs independent? : True

====TEST CR(258, 25, 50)====
Is IST_0 spanning? : True
Is IST_1 spanning? : True
Is IST_2 spanning? : True
Is IST_3 spanning? : True
Is IST_4 spanning? : True
Is IST_5 spanning? : True
Are all ISTs independent? : True

====TEST CR(259, 25, 50)====
Is IST_0 spanning? : True
Is IST_1 spanning? : True
Is IST_2 spanning? : True
Is IST_3 spanning? : True
Is IST_4 spanning? : True
Is IST_5 spanning? : True
Are all ISTs independent? : True

====TEST CR(260, 25, 50)====
Is IST_0 spanning? : True
Is IST_1 spanning? : True
Is IST_2 spanning? : True
Is IST_3 spanning? : True
Is IST_4 spanning? : True
Is IST_5 spanning? : True
Are all ISTs independent? : True

====TEST CR(261, 25, 50)====
Is IST_0 spanning? : True
Is IST_1 spanning? : True
Is IST_2 spanning? : True
Is IST_3 spanning? : True
Is IST_4 spanning? : True
Is IST_5 spanning? : True
Are all ISTs independent? : True

====TEST CR(262, 25, 50)====
Is IST_0 spanning? : True
Is IST_1 spanning? : True
Is IST_2 spanning? : True
Is IST_3 spanning? : True
Is IST_4 spanning? : True
Is IST_5 spanning? : True
Are all ISTs independent? : True

====TEST CR(263, 25, 50)====
Is IST_0 spanning? : True
Is IST_1 spanning? : True
Is IST_2 spanning? : True
Is IST_3 spanning? : True
Is IST_4 spanning? : True
Is IST_5 spanning? : True
Are all ISTs independent? : True

====TEST CR(264, 25, 50)====
Is IST_0 spanning? : True
Is IST_1 spanning? : True
Is IST_2 spanning? : True
Is IST_3 spanning? : True
Is IST_4 spanning? : True
Is IST_5 spanning? : True
Are all ISTs independent? : True

====TEST CR(265, 25, 50)====
Is IST_0 spanning? : True
Is IST_1 spanning? : True
Is IST_2 spanning? : True
Is IST_3 spanning? : True
Is IST_4 spanning? : True
Is IST_5 spanning? : True
Are all ISTs independent? : True

====TEST CR(266, 25, 50)====
Is IST_0 spanning? : True
Is IST_1 spanning? : True
Is IST_2 spanning? : True
Is IST_3 spanning? : True
Is IST_4 spanning? : True
Is IST_5 spanning? : True
Are all ISTs independent? : True

====TEST CR(267, 25, 50)====
Is IST_0 spanning? : True
Is IST_1 spanning? : True
Is IST_2 spanning? : True
Is IST_3 spanning? : True
Is IST_4 spanning? : True
Is IST_5 spanning? : True
Are all ISTs independent? : True

====TEST CR(268, 25, 50)====
Is IST_0 spanning? : True
Is IST_1 spanning? : True
Is IST_2 spanning? : True
Is IST_3 spanning? : True
Is IST_4 spanning? : True
Is IST_5 spanning? : True
Are all ISTs independent? : True

====TEST CR(269, 25, 50)====
Is IST_0 spanning? : True
Is IST_1 spanning? : True
Is IST_2 spanning? : True
Is IST_3 spanning? : True
Is IST_4 spanning? : True
Is IST_5 spanning? : True
Are all ISTs independent? : True

====TEST CR(270, 25, 50)====
Is IST_0 spanning? : True
Is IST_1 spanning? : True
Is IST_2 spanning? : True
Is IST_3 spanning? : True
Is IST_4 spanning? : True
Is IST_5 spanning? : True
Are all ISTs independent? : True

====TEST CR(271, 25, 50)====
Is IST_0 spanning? : True
Is IST_1 spanning? : True
Is IST_2 spanning? : True
Is IST_3 spanning? : True
Is IST_4 spanning? : True
Is IST_5 spanning? : True
Are all ISTs independent? : True

====TEST CR(272, 25, 50)====
Is IST_0 spanning? : True
Is IST_1 spanning? : True
Is IST_2 spanning? : True
Is IST_3 spanning? : True
Is IST_4 spanning? : True
Is IST_5 spanning? : True
Are all ISTs independent? : True

====TEST CR(273, 25, 50)====
Is IST_0 spanning? : True
Is IST_1 spanning? : True
Is IST_2 spanning? : True
Is IST_3 spanning? : True
Is IST_4 spanning? : True
Is IST_5 spanning? : True
Are all ISTs independent? : True

====TEST CR(274, 25, 50)====
Is IST_0 spanning? : True
Is IST_1 spanning? : True
Is IST_2 spanning? : True
Is IST_3 spanning? : True
Is IST_4 spanning? : True
Is IST_5 spanning? : True
Are all ISTs independent? : True

====TEST CR(275, 25, 50)====
Is IST_0 spanning? : True
Is IST_1 spanning? : True
Is IST_2 spanning? : True
Is IST_3 spanning? : True
Is IST_4 spanning? : True
Is IST_5 spanning? : True
Are all ISTs independent? : True

====TEST CR(276, 25, 50)====
Is IST_0 spanning? : True
Is IST_1 spanning? : True
Is IST_2 spanning? : True
Is IST_3 spanning? : True
Is IST_4 spanning? : True
Is IST_5 spanning? : True
Are all ISTs independent? : True

====TEST CR(277, 25, 50)====
Is IST_0 spanning? : True
Is IST_1 spanning? : True
Is IST_2 spanning? : True
Is IST_3 spanning? : True
Is IST_4 spanning? : True
Is IST_5 spanning? : True
Are all ISTs independent? : True

====TEST CR(278, 25, 50)====
Is IST_0 spanning? : True
Is IST_1 spanning? : True
Is IST_2 spanning? : True
Is IST_3 spanning? : True
Is IST_4 spanning? : True
Is IST_5 spanning? : True
Are all ISTs independent? : True

====TEST CR(156, 26, 52)====
Is IST_0 spanning? : True
Is IST_1 spanning? : True
Is IST_2 spanning? : True
Is IST_3 spanning? : True
Is IST_4 spanning? : True
Is IST_5 spanning? : True
Are all ISTs independent? : True

====TEST CR(157, 26, 52)====
Is IST_0 spanning? : True
Is IST_1 spanning? : True
Is IST_2 spanning? : True
Is IST_3 spanning? : True
Is IST_4 spanning? : True
Is IST_5 spanning? : True
Are all ISTs independent? : True

====TEST CR(158, 26, 52)====
Is IST_0 spanning? : True
Is IST_1 spanning? : True
Is IST_2 spanning? : True
Is IST_3 spanning? : True
Is IST_4 spanning? : True
Is IST_5 spanning? : True
Are all ISTs independent? : True

====TEST CR(159, 26, 52)====
Is IST_0 spanning? : True
Is IST_1 spanning? : True
Is IST_2 spanning? : True
Is IST_3 spanning? : True
Is IST_4 spanning? : True
Is IST_5 spanning? : True
Are all ISTs independent? : True

====TEST CR(160, 26, 52)====
Is IST_0 spanning? : True
Is IST_1 spanning? : True
Is IST_2 spanning? : True
Is IST_3 spanning? : True
Is IST_4 spanning? : True
Is IST_5 spanning? : True
Are all ISTs independent? : True

====TEST CR(161, 26, 52)====
Is IST_0 spanning? : True
Is IST_1 spanning? : True
Is IST_2 spanning? : True
Is IST_3 spanning? : True
Is IST_4 spanning? : True
Is IST_5 spanning? : True
Are all ISTs independent? : True

====TEST CR(162, 26, 52)====
Is IST_0 spanning? : True
Is IST_1 spanning? : True
Is IST_2 spanning? : True
Is IST_3 spanning? : True
Is IST_4 spanning? : True
Is IST_5 spanning? : True
Are all ISTs independent? : True

====TEST CR(163, 26, 52)====
Is IST_0 spanning? : True
Is IST_1 spanning? : True
Is IST_2 spanning? : True
Is IST_3 spanning? : True
Is IST_4 spanning? : True
Is IST_5 spanning? : True
Are all ISTs independent? : True

====TEST CR(164, 26, 52)====
Is IST_0 spanning? : True
Is IST_1 spanning? : True
Is IST_2 spanning? : True
Is IST_3 spanning? : True
Is IST_4 spanning? : True
Is IST_5 spanning? : True
Are all ISTs independent? : True

====TEST CR(165, 26, 52)====
Is IST_0 spanning? : True
Is IST_1 spanning? : True
Is IST_2 spanning? : True
Is IST_3 spanning? : True
Is IST_4 spanning? : True
Is IST_5 spanning? : True
Are all ISTs independent? : True

====TEST CR(166, 26, 52)====
Is IST_0 spanning? : True
Is IST_1 spanning? : True
Is IST_2 spanning? : True
Is IST_3 spanning? : True
Is IST_4 spanning? : True
Is IST_5 spanning? : True
Are all ISTs independent? : True

====TEST CR(167, 26, 52)====
Is IST_0 spanning? : True
Is IST_1 spanning? : True
Is IST_2 spanning? : True
Is IST_3 spanning? : True
Is IST_4 spanning? : True
Is IST_5 spanning? : True
Are all ISTs independent? : True

====TEST CR(168, 26, 52)====
Is IST_0 spanning? : True
Is IST_1 spanning? : True
Is IST_2 spanning? : True
Is IST_3 spanning? : True
Is IST_4 spanning? : True
Is IST_5 spanning? : True
Are all ISTs independent? : True

====TEST CR(169, 26, 52)====
Is IST_0 spanning? : True
Is IST_1 spanning? : True
Is IST_2 spanning? : True
Is IST_3 spanning? : True
Is IST_4 spanning? : True
Is IST_5 spanning? : True
Are all ISTs independent? : True

====TEST CR(170, 26, 52)====
Is IST_0 spanning? : True
Is IST_1 spanning? : True
Is IST_2 spanning? : True
Is IST_3 spanning? : True
Is IST_4 spanning? : True
Is IST_5 spanning? : True
Are all ISTs independent? : True

====TEST CR(171, 26, 52)====
Is IST_0 spanning? : True
Is IST_1 spanning? : True
Is IST_2 spanning? : True
Is IST_3 spanning? : True
Is IST_4 spanning? : True
Is IST_5 spanning? : True
Are all ISTs independent? : True

====TEST CR(172, 26, 52)====
Is IST_0 spanning? : True
Is IST_1 spanning? : True
Is IST_2 spanning? : True
Is IST_3 spanning? : True
Is IST_4 spanning? : True
Is IST_5 spanning? : True
Are all ISTs independent? : True

====TEST CR(173, 26, 52)====
Is IST_0 spanning? : True
Is IST_1 spanning? : True
Is IST_2 spanning? : True
Is IST_3 spanning? : True
Is IST_4 spanning? : True
Is IST_5 spanning? : True
Are all ISTs independent? : True

====TEST CR(174, 26, 52)====
Is IST_0 spanning? : True
Is IST_1 spanning? : True
Is IST_2 spanning? : True
Is IST_3 spanning? : True
Is IST_4 spanning? : True
Is IST_5 spanning? : True
Are all ISTs independent? : True

====TEST CR(175, 26, 52)====
Is IST_0 spanning? : True
Is IST_1 spanning? : True
Is IST_2 spanning? : True
Is IST_3 spanning? : True
Is IST_4 spanning? : True
Is IST_5 spanning? : True
Are all ISTs independent? : True

====TEST CR(176, 26, 52)====
Is IST_0 spanning? : True
Is IST_1 spanning? : True
Is IST_2 spanning? : True
Is IST_3 spanning? : True
Is IST_4 spanning? : True
Is IST_5 spanning? : True
Are all ISTs independent? : True

====TEST CR(177, 26, 52)====
Is IST_0 spanning? : True
Is IST_1 spanning? : True
Is IST_2 spanning? : True
Is IST_3 spanning? : True
Is IST_4 spanning? : True
Is IST_5 spanning? : True
Are all ISTs independent? : True

====TEST CR(178, 26, 52)====
Is IST_0 spanning? : True
Is IST_1 spanning? : True
Is IST_2 spanning? : True
Is IST_3 spanning? : True
Is IST_4 spanning? : True
Is IST_5 spanning? : True
Are all ISTs independent? : True

====TEST CR(179, 26, 52)====
Is IST_0 spanning? : True
Is IST_1 spanning? : True
Is IST_2 spanning? : True
Is IST_3 spanning? : True
Is IST_4 spanning? : True
Is IST_5 spanning? : True
Are all ISTs independent? : True

====TEST CR(180, 26, 52)====
Is IST_0 spanning? : True
Is IST_1 spanning? : True
Is IST_2 spanning? : True
Is IST_3 spanning? : True
Is IST_4 spanning? : True
Is IST_5 spanning? : True
Are all ISTs independent? : True

====TEST CR(181, 26, 52)====
Is IST_0 spanning? : True
Is IST_1 spanning? : True
Is IST_2 spanning? : True
Is IST_3 spanning? : True
Is IST_4 spanning? : True
Is IST_5 spanning? : True
Are all ISTs independent? : True

====TEST CR(182, 26, 52)====
Is IST_0 spanning? : True
Is IST_1 spanning? : True
Is IST_2 spanning? : True
Is IST_3 spanning? : True
Is IST_4 spanning? : True
Is IST_5 spanning? : True
Are all ISTs independent? : True

====TEST CR(183, 26, 52)====
Is IST_0 spanning? : True
Is IST_1 spanning? : True
Is IST_2 spanning? : True
Is IST_3 spanning? : True
Is IST_4 spanning? : True
Is IST_5 spanning? : True
Are all ISTs independent? : True

====TEST CR(184, 26, 52)====
Is IST_0 spanning? : True
Is IST_1 spanning? : True
Is IST_2 spanning? : True
Is IST_3 spanning? : True
Is IST_4 spanning? : True
Is IST_5 spanning? : True
Are all ISTs independent? : True

====TEST CR(185, 26, 52)====
Is IST_0 spanning? : True
Is IST_1 spanning? : True
Is IST_2 spanning? : True
Is IST_3 spanning? : True
Is IST_4 spanning? : True
Is IST_5 spanning? : True
Are all ISTs independent? : True

====TEST CR(186, 26, 52)====
Is IST_0 spanning? : True
Is IST_1 spanning? : True
Is IST_2 spanning? : True
Is IST_3 spanning? : True
Is IST_4 spanning? : True
Is IST_5 spanning? : True
Are all ISTs independent? : True

====TEST CR(187, 26, 52)====
Is IST_0 spanning? : True
Is IST_1 spanning? : True
Is IST_2 spanning? : True
Is IST_3 spanning? : True
Is IST_4 spanning? : True
Is IST_5 spanning? : True
Are all ISTs independent? : True

====TEST CR(188, 26, 52)====
Is IST_0 spanning? : True
Is IST_1 spanning? : True
Is IST_2 spanning? : True
Is IST_3 spanning? : True
Is IST_4 spanning? : True
Is IST_5 spanning? : True
Are all ISTs independent? : True

====TEST CR(189, 26, 52)====
Is IST_0 spanning? : True
Is IST_1 spanning? : True
Is IST_2 spanning? : True
Is IST_3 spanning? : True
Is IST_4 spanning? : True
Is IST_5 spanning? : True
Are all ISTs independent? : True

====TEST CR(190, 26, 52)====
Is IST_0 spanning? : True
Is IST_1 spanning? : True
Is IST_2 spanning? : True
Is IST_3 spanning? : True
Is IST_4 spanning? : True
Is IST_5 spanning? : True
Are all ISTs independent? : True

====TEST CR(191, 26, 52)====
Is IST_0 spanning? : True
Is IST_1 spanning? : True
Is IST_2 spanning? : True
Is IST_3 spanning? : True
Is IST_4 spanning? : True
Is IST_5 spanning? : True
Are all ISTs independent? : True

====TEST CR(192, 26, 52)====
Is IST_0 spanning? : True
Is IST_1 spanning? : True
Is IST_2 spanning? : True
Is IST_3 spanning? : True
Is IST_4 spanning? : True
Is IST_5 spanning? : True
Are all ISTs independent? : True

====TEST CR(193, 26, 52)====
Is IST_0 spanning? : True
Is IST_1 spanning? : True
Is IST_2 spanning? : True
Is IST_3 spanning? : True
Is IST_4 spanning? : True
Is IST_5 spanning? : True
Are all ISTs independent? : True

====TEST CR(194, 26, 52)====
Is IST_0 spanning? : True
Is IST_1 spanning? : True
Is IST_2 spanning? : True
Is IST_3 spanning? : True
Is IST_4 spanning? : True
Is IST_5 spanning? : True
Are all ISTs independent? : True

====TEST CR(195, 26, 52)====
Is IST_0 spanning? : True
Is IST_1 spanning? : True
Is IST_2 spanning? : True
Is IST_3 spanning? : True
Is IST_4 spanning? : True
Is IST_5 spanning? : True
Are all ISTs independent? : True

====TEST CR(196, 26, 52)====
Is IST_0 spanning? : True
Is IST_1 spanning? : True
Is IST_2 spanning? : True
Is IST_3 spanning? : True
Is IST_4 spanning? : True
Is IST_5 spanning? : True
Are all ISTs independent? : True

====TEST CR(197, 26, 52)====
Is IST_0 spanning? : True
Is IST_1 spanning? : True
Is IST_2 spanning? : True
Is IST_3 spanning? : True
Is IST_4 spanning? : True
Is IST_5 spanning? : True
Are all ISTs independent? : True

====TEST CR(198, 26, 52)====
Is IST_0 spanning? : True
Is IST_1 spanning? : True
Is IST_2 spanning? : True
Is IST_3 spanning? : True
Is IST_4 spanning? : True
Is IST_5 spanning? : True
Are all ISTs independent? : True

====TEST CR(199, 26, 52)====
Is IST_0 spanning? : True
Is IST_1 spanning? : True
Is IST_2 spanning? : True
Is IST_3 spanning? : True
Is IST_4 spanning? : True
Is IST_5 spanning? : True
Are all ISTs independent? : True

====TEST CR(200, 26, 52)====
Is IST_0 spanning? : True
Is IST_1 spanning? : True
Is IST_2 spanning? : True
Is IST_3 spanning? : True
Is IST_4 spanning? : True
Is IST_5 spanning? : True
Are all ISTs independent? : True

====TEST CR(201, 26, 52)====
Is IST_0 spanning? : True
Is IST_1 spanning? : True
Is IST_2 spanning? : True
Is IST_3 spanning? : True
Is IST_4 spanning? : True
Is IST_5 spanning? : True
Are all ISTs independent? : True

====TEST CR(202, 26, 52)====
Is IST_0 spanning? : True
Is IST_1 spanning? : True
Is IST_2 spanning? : True
Is IST_3 spanning? : True
Is IST_4 spanning? : True
Is IST_5 spanning? : True
Are all ISTs independent? : True

====TEST CR(203, 26, 52)====
Is IST_0 spanning? : True
Is IST_1 spanning? : True
Is IST_2 spanning? : True
Is IST_3 spanning? : True
Is IST_4 spanning? : True
Is IST_5 spanning? : True
Are all ISTs independent? : True

====TEST CR(204, 26, 52)====
Is IST_0 spanning? : True
Is IST_1 spanning? : True
Is IST_2 spanning? : True
Is IST_3 spanning? : True
Is IST_4 spanning? : True
Is IST_5 spanning? : True
Are all ISTs independent? : True

====TEST CR(205, 26, 52)====
Is IST_0 spanning? : True
Is IST_1 spanning? : True
Is IST_2 spanning? : True
Is IST_3 spanning? : True
Is IST_4 spanning? : True
Is IST_5 spanning? : True
Are all ISTs independent? : True

====TEST CR(206, 26, 52)====
Is IST_0 spanning? : True
Is IST_1 spanning? : True
Is IST_2 spanning? : True
Is IST_3 spanning? : True
Is IST_4 spanning? : True
Is IST_5 spanning? : True
Are all ISTs independent? : True

====TEST CR(207, 26, 52)====
Is IST_0 spanning? : True
Is IST_1 spanning? : True
Is IST_2 spanning? : True
Is IST_3 spanning? : True
Is IST_4 spanning? : True
Is IST_5 spanning? : True
Are all ISTs independent? : True

====TEST CR(208, 26, 52)====
Is IST_0 spanning? : True
Is IST_1 spanning? : True
Is IST_2 spanning? : True
Is IST_3 spanning? : True
Is IST_4 spanning? : True
Is IST_5 spanning? : True
Are all ISTs independent? : True

====TEST CR(209, 26, 52)====
Is IST_0 spanning? : True
Is IST_1 spanning? : True
Is IST_2 spanning? : True
Is IST_3 spanning? : True
Is IST_4 spanning? : True
Is IST_5 spanning? : True
Are all ISTs independent? : True

====TEST CR(210, 26, 52)====
Is IST_0 spanning? : True
Is IST_1 spanning? : True
Is IST_2 spanning? : True
Is IST_3 spanning? : True
Is IST_4 spanning? : True
Is IST_5 spanning? : True
Are all ISTs independent? : True

====TEST CR(211, 26, 52)====
Is IST_0 spanning? : True
Is IST_1 spanning? : True
Is IST_2 spanning? : True
Is IST_3 spanning? : True
Is IST_4 spanning? : True
Is IST_5 spanning? : True
Are all ISTs independent? : True

====TEST CR(212, 26, 52)====
Is IST_0 spanning? : True
Is IST_1 spanning? : True
Is IST_2 spanning? : True
Is IST_3 spanning? : True
Is IST_4 spanning? : True
Is IST_5 spanning? : True
Are all ISTs independent? : True

====TEST CR(213, 26, 52)====
Is IST_0 spanning? : True
Is IST_1 spanning? : True
Is IST_2 spanning? : True
Is IST_3 spanning? : True
Is IST_4 spanning? : True
Is IST_5 spanning? : True
Are all ISTs independent? : True

====TEST CR(214, 26, 52)====
Is IST_0 spanning? : True
Is IST_1 spanning? : True
Is IST_2 spanning? : True
Is IST_3 spanning? : True
Is IST_4 spanning? : True
Is IST_5 spanning? : True
Are all ISTs independent? : True

====TEST CR(215, 26, 52)====
Is IST_0 spanning? : True
Is IST_1 spanning? : True
Is IST_2 spanning? : True
Is IST_3 spanning? : True
Is IST_4 spanning? : True
Is IST_5 spanning? : True
Are all ISTs independent? : True

====TEST CR(216, 26, 52)====
Is IST_0 spanning? : True
Is IST_1 spanning? : True
Is IST_2 spanning? : True
Is IST_3 spanning? : True
Is IST_4 spanning? : True
Is IST_5 spanning? : True
Are all ISTs independent? : True

====TEST CR(217, 26, 52)====
Is IST_0 spanning? : True
Is IST_1 spanning? : True
Is IST_2 spanning? : True
Is IST_3 spanning? : True
Is IST_4 spanning? : True
Is IST_5 spanning? : True
Are all ISTs independent? : True

====TEST CR(218, 26, 52)====
Is IST_0 spanning? : True
Is IST_1 spanning? : True
Is IST_2 spanning? : True
Is IST_3 spanning? : True
Is IST_4 spanning? : True
Is IST_5 spanning? : True
Are all ISTs independent? : True

====TEST CR(219, 26, 52)====
Is IST_0 spanning? : True
Is IST_1 spanning? : True
Is IST_2 spanning? : True
Is IST_3 spanning? : True
Is IST_4 spanning? : True
Is IST_5 spanning? : True
Are all ISTs independent? : True

====TEST CR(220, 26, 52)====
Is IST_0 spanning? : True
Is IST_1 spanning? : True
Is IST_2 spanning? : True
Is IST_3 spanning? : True
Is IST_4 spanning? : True
Is IST_5 spanning? : True
Are all ISTs independent? : True

====TEST CR(221, 26, 52)====
Is IST_0 spanning? : True
Is IST_1 spanning? : True
Is IST_2 spanning? : True
Is IST_3 spanning? : True
Is IST_4 spanning? : True
Is IST_5 spanning? : True
Are all ISTs independent? : True

====TEST CR(222, 26, 52)====
Is IST_0 spanning? : True
Is IST_1 spanning? : True
Is IST_2 spanning? : True
Is IST_3 spanning? : True
Is IST_4 spanning? : True
Is IST_5 spanning? : True
Are all ISTs independent? : True

====TEST CR(223, 26, 52)====
Is IST_0 spanning? : True
Is IST_1 spanning? : True
Is IST_2 spanning? : True
Is IST_3 spanning? : True
Is IST_4 spanning? : True
Is IST_5 spanning? : True
Are all ISTs independent? : True

====TEST CR(224, 26, 52)====
Is IST_0 spanning? : True
Is IST_1 spanning? : True
Is IST_2 spanning? : True
Is IST_3 spanning? : True
Is IST_4 spanning? : True
Is IST_5 spanning? : True
Are all ISTs independent? : True

====TEST CR(225, 26, 52)====
Is IST_0 spanning? : True
Is IST_1 spanning? : True
Is IST_2 spanning? : True
Is IST_3 spanning? : True
Is IST_4 spanning? : True
Is IST_5 spanning? : True
Are all ISTs independent? : True

====TEST CR(226, 26, 52)====
Is IST_0 spanning? : True
Is IST_1 spanning? : True
Is IST_2 spanning? : True
Is IST_3 spanning? : True
Is IST_4 spanning? : True
Is IST_5 spanning? : True
Are all ISTs independent? : True

====TEST CR(227, 26, 52)====
Is IST_0 spanning? : True
Is IST_1 spanning? : True
Is IST_2 spanning? : True
Is IST_3 spanning? : True
Is IST_4 spanning? : True
Is IST_5 spanning? : True
Are all ISTs independent? : True

====TEST CR(228, 26, 52)====
Is IST_0 spanning? : True
Is IST_1 spanning? : True
Is IST_2 spanning? : True
Is IST_3 spanning? : True
Is IST_4 spanning? : True
Is IST_5 spanning? : True
Are all ISTs independent? : True

====TEST CR(229, 26, 52)====
Is IST_0 spanning? : True
Is IST_1 spanning? : True
Is IST_2 spanning? : True
Is IST_3 spanning? : True
Is IST_4 spanning? : True
Is IST_5 spanning? : True
Are all ISTs independent? : True

====TEST CR(230, 26, 52)====
Is IST_0 spanning? : True
Is IST_1 spanning? : True
Is IST_2 spanning? : True
Is IST_3 spanning? : True
Is IST_4 spanning? : True
Is IST_5 spanning? : True
Are all ISTs independent? : True

====TEST CR(231, 26, 52)====
Is IST_0 spanning? : True
Is IST_1 spanning? : True
Is IST_2 spanning? : True
Is IST_3 spanning? : True
Is IST_4 spanning? : True
Is IST_5 spanning? : True
Are all ISTs independent? : True

====TEST CR(232, 26, 52)====
Is IST_0 spanning? : True
Is IST_1 spanning? : True
Is IST_2 spanning? : True
Is IST_3 spanning? : True
Is IST_4 spanning? : True
Is IST_5 spanning? : True
Are all ISTs independent? : True

====TEST CR(233, 26, 52)====
Is IST_0 spanning? : True
Is IST_1 spanning? : True
Is IST_2 spanning? : True
Is IST_3 spanning? : True
Is IST_4 spanning? : True
Is IST_5 spanning? : True
Are all ISTs independent? : True

====TEST CR(234, 26, 52)====
Is IST_0 spanning? : True
Is IST_1 spanning? : True
Is IST_2 spanning? : True
Is IST_3 spanning? : True
Is IST_4 spanning? : True
Is IST_5 spanning? : True
Are all ISTs independent? : True

====TEST CR(235, 26, 52)====
Is IST_0 spanning? : True
Is IST_1 spanning? : True
Is IST_2 spanning? : True
Is IST_3 spanning? : True
Is IST_4 spanning? : True
Is IST_5 spanning? : True
Are all ISTs independent? : True

====TEST CR(236, 26, 52)====
Is IST_0 spanning? : True
Is IST_1 spanning? : True
Is IST_2 spanning? : True
Is IST_3 spanning? : True
Is IST_4 spanning? : True
Is IST_5 spanning? : True
Are all ISTs independent? : True

====TEST CR(237, 26, 52)====
Is IST_0 spanning? : True
Is IST_1 spanning? : True
Is IST_2 spanning? : True
Is IST_3 spanning? : True
Is IST_4 spanning? : True
Is IST_5 spanning? : True
Are all ISTs independent? : True

====TEST CR(238, 26, 52)====
Is IST_0 spanning? : True
Is IST_1 spanning? : True
Is IST_2 spanning? : True
Is IST_3 spanning? : True
Is IST_4 spanning? : True
Is IST_5 spanning? : True
Are all ISTs independent? : True

====TEST CR(239, 26, 52)====
Is IST_0 spanning? : True
Is IST_1 spanning? : True
Is IST_2 spanning? : True
Is IST_3 spanning? : True
Is IST_4 spanning? : True
Is IST_5 spanning? : True
Are all ISTs independent? : True

====TEST CR(240, 26, 52)====
Is IST_0 spanning? : True
Is IST_1 spanning? : True
Is IST_2 spanning? : True
Is IST_3 spanning? : True
Is IST_4 spanning? : True
Is IST_5 spanning? : True
Are all ISTs independent? : True

====TEST CR(241, 26, 52)====
Is IST_0 spanning? : True
Is IST_1 spanning? : True
Is IST_2 spanning? : True
Is IST_3 spanning? : True
Is IST_4 spanning? : True
Is IST_5 spanning? : True
Are all ISTs independent? : True

====TEST CR(242, 26, 52)====
Is IST_0 spanning? : True
Is IST_1 spanning? : True
Is IST_2 spanning? : True
Is IST_3 spanning? : True
Is IST_4 spanning? : True
Is IST_5 spanning? : True
Are all ISTs independent? : True

====TEST CR(243, 26, 52)====
Is IST_0 spanning? : True
Is IST_1 spanning? : True
Is IST_2 spanning? : True
Is IST_3 spanning? : True
Is IST_4 spanning? : True
Is IST_5 spanning? : True
Are all ISTs independent? : True

====TEST CR(244, 26, 52)====
Is IST_0 spanning? : True
Is IST_1 spanning? : True
Is IST_2 spanning? : True
Is IST_3 spanning? : True
Is IST_4 spanning? : True
Is IST_5 spanning? : True
Are all ISTs independent? : True

====TEST CR(245, 26, 52)====
Is IST_0 spanning? : True
Is IST_1 spanning? : True
Is IST_2 spanning? : True
Is IST_3 spanning? : True
Is IST_4 spanning? : True
Is IST_5 spanning? : True
Are all ISTs independent? : True

====TEST CR(246, 26, 52)====
Is IST_0 spanning? : True
Is IST_1 spanning? : True
Is IST_2 spanning? : True
Is IST_3 spanning? : True
Is IST_4 spanning? : True
Is IST_5 spanning? : True
Are all ISTs independent? : True

====TEST CR(247, 26, 52)====
Is IST_0 spanning? : True
Is IST_1 spanning? : True
Is IST_2 spanning? : True
Is IST_3 spanning? : True
Is IST_4 spanning? : True
Is IST_5 spanning? : True
Are all ISTs independent? : True

====TEST CR(248, 26, 52)====
Is IST_0 spanning? : True
Is IST_1 spanning? : True
Is IST_2 spanning? : True
Is IST_3 spanning? : True
Is IST_4 spanning? : True
Is IST_5 spanning? : True
Are all ISTs independent? : True

====TEST CR(249, 26, 52)====
Is IST_0 spanning? : True
Is IST_1 spanning? : True
Is IST_2 spanning? : True
Is IST_3 spanning? : True
Is IST_4 spanning? : True
Is IST_5 spanning? : True
Are all ISTs independent? : True

====TEST CR(250, 26, 52)====
Is IST_0 spanning? : True
Is IST_1 spanning? : True
Is IST_2 spanning? : True
Is IST_3 spanning? : True
Is IST_4 spanning? : True
Is IST_5 spanning? : True
Are all ISTs independent? : True

====TEST CR(251, 26, 52)====
Is IST_0 spanning? : True
Is IST_1 spanning? : True
Is IST_2 spanning? : True
Is IST_3 spanning? : True
Is IST_4 spanning? : True
Is IST_5 spanning? : True
Are all ISTs independent? : True

====TEST CR(252, 26, 52)====
Is IST_0 spanning? : True
Is IST_1 spanning? : True
Is IST_2 spanning? : True
Is IST_3 spanning? : True
Is IST_4 spanning? : True
Is IST_5 spanning? : True
Are all ISTs independent? : True

====TEST CR(253, 26, 52)====
Is IST_0 spanning? : True
Is IST_1 spanning? : True
Is IST_2 spanning? : True
Is IST_3 spanning? : True
Is IST_4 spanning? : True
Is IST_5 spanning? : True
Are all ISTs independent? : True

====TEST CR(254, 26, 52)====
Is IST_0 spanning? : True
Is IST_1 spanning? : True
Is IST_2 spanning? : True
Is IST_3 spanning? : True
Is IST_4 spanning? : True
Is IST_5 spanning? : True
Are all ISTs independent? : True

====TEST CR(255, 26, 52)====
Is IST_0 spanning? : True
Is IST_1 spanning? : True
Is IST_2 spanning? : True
Is IST_3 spanning? : True
Is IST_4 spanning? : True
Is IST_5 spanning? : True
Are all ISTs independent? : True

====TEST CR(256, 26, 52)====
Is IST_0 spanning? : True
Is IST_1 spanning? : True
Is IST_2 spanning? : True
Is IST_3 spanning? : True
Is IST_4 spanning? : True
Is IST_5 spanning? : True
Are all ISTs independent? : True

====TEST CR(257, 26, 52)====
Is IST_0 spanning? : True
Is IST_1 spanning? : True
Is IST_2 spanning? : True
Is IST_3 spanning? : True
Is IST_4 spanning? : True
Is IST_5 spanning? : True
Are all ISTs independent? : True

====TEST CR(258, 26, 52)====
Is IST_0 spanning? : True
Is IST_1 spanning? : True
Is IST_2 spanning? : True
Is IST_3 spanning? : True
Is IST_4 spanning? : True
Is IST_5 spanning? : True
Are all ISTs independent? : True

====TEST CR(259, 26, 52)====
Is IST_0 spanning? : True
Is IST_1 spanning? : True
Is IST_2 spanning? : True
Is IST_3 spanning? : True
Is IST_4 spanning? : True
Is IST_5 spanning? : True
Are all ISTs independent? : True

====TEST CR(260, 26, 52)====
Is IST_0 spanning? : True
Is IST_1 spanning? : True
Is IST_2 spanning? : True
Is IST_3 spanning? : True
Is IST_4 spanning? : True
Is IST_5 spanning? : True
Are all ISTs independent? : True

====TEST CR(261, 26, 52)====
Is IST_0 spanning? : True
Is IST_1 spanning? : True
Is IST_2 spanning? : True
Is IST_3 spanning? : True
Is IST_4 spanning? : True
Is IST_5 spanning? : True
Are all ISTs independent? : True

====TEST CR(262, 26, 52)====
Is IST_0 spanning? : True
Is IST_1 spanning? : True
Is IST_2 spanning? : True
Is IST_3 spanning? : True
Is IST_4 spanning? : True
Is IST_5 spanning? : True
Are all ISTs independent? : True

====TEST CR(263, 26, 52)====
Is IST_0 spanning? : True
Is IST_1 spanning? : True
Is IST_2 spanning? : True
Is IST_3 spanning? : True
Is IST_4 spanning? : True
Is IST_5 spanning? : True
Are all ISTs independent? : True

====TEST CR(264, 26, 52)====
Is IST_0 spanning? : True
Is IST_1 spanning? : True
Is IST_2 spanning? : True
Is IST_3 spanning? : True
Is IST_4 spanning? : True
Is IST_5 spanning? : True
Are all ISTs independent? : True

====TEST CR(265, 26, 52)====
Is IST_0 spanning? : True
Is IST_1 spanning? : True
Is IST_2 spanning? : True
Is IST_3 spanning? : True
Is IST_4 spanning? : True
Is IST_5 spanning? : True
Are all ISTs independent? : True

====TEST CR(266, 26, 52)====
Is IST_0 spanning? : True
Is IST_1 spanning? : True
Is IST_2 spanning? : True
Is IST_3 spanning? : True
Is IST_4 spanning? : True
Is IST_5 spanning? : True
Are all ISTs independent? : True

====TEST CR(267, 26, 52)====
Is IST_0 spanning? : True
Is IST_1 spanning? : True
Is IST_2 spanning? : True
Is IST_3 spanning? : True
Is IST_4 spanning? : True
Is IST_5 spanning? : True
Are all ISTs independent? : True

====TEST CR(268, 26, 52)====
Is IST_0 spanning? : True
Is IST_1 spanning? : True
Is IST_2 spanning? : True
Is IST_3 spanning? : True
Is IST_4 spanning? : True
Is IST_5 spanning? : True
Are all ISTs independent? : True

====TEST CR(269, 26, 52)====
Is IST_0 spanning? : True
Is IST_1 spanning? : True
Is IST_2 spanning? : True
Is IST_3 spanning? : True
Is IST_4 spanning? : True
Is IST_5 spanning? : True
Are all ISTs independent? : True

====TEST CR(270, 26, 52)====
Is IST_0 spanning? : True
Is IST_1 spanning? : True
Is IST_2 spanning? : True
Is IST_3 spanning? : True
Is IST_4 spanning? : True
Is IST_5 spanning? : True
Are all ISTs independent? : True

====TEST CR(271, 26, 52)====
Is IST_0 spanning? : True
Is IST_1 spanning? : True
Is IST_2 spanning? : True
Is IST_3 spanning? : True
Is IST_4 spanning? : True
Is IST_5 spanning? : True
Are all ISTs independent? : True

====TEST CR(272, 26, 52)====
Is IST_0 spanning? : True
Is IST_1 spanning? : True
Is IST_2 spanning? : True
Is IST_3 spanning? : True
Is IST_4 spanning? : True
Is IST_5 spanning? : True
Are all ISTs independent? : True

====TEST CR(273, 26, 52)====
Is IST_0 spanning? : True
Is IST_1 spanning? : True
Is IST_2 spanning? : True
Is IST_3 spanning? : True
Is IST_4 spanning? : True
Is IST_5 spanning? : True
Are all ISTs independent? : True

====TEST CR(274, 26, 52)====
Is IST_0 spanning? : True
Is IST_1 spanning? : True
Is IST_2 spanning? : True
Is IST_3 spanning? : True
Is IST_4 spanning? : True
Is IST_5 spanning? : True
Are all ISTs independent? : True

====TEST CR(275, 26, 52)====
Is IST_0 spanning? : True
Is IST_1 spanning? : True
Is IST_2 spanning? : True
Is IST_3 spanning? : True
Is IST_4 spanning? : True
Is IST_5 spanning? : True
Are all ISTs independent? : True

====TEST CR(276, 26, 52)====
Is IST_0 spanning? : True
Is IST_1 spanning? : True
Is IST_2 spanning? : True
Is IST_3 spanning? : True
Is IST_4 spanning? : True
Is IST_5 spanning? : True
Are all ISTs independent? : True

====TEST CR(277, 26, 52)====
Is IST_0 spanning? : True
Is IST_1 spanning? : True
Is IST_2 spanning? : True
Is IST_3 spanning? : True
Is IST_4 spanning? : True
Is IST_5 spanning? : True
Are all ISTs independent? : True

====TEST CR(278, 26, 52)====
Is IST_0 spanning? : True
Is IST_1 spanning? : True
Is IST_2 spanning? : True
Is IST_3 spanning? : True
Is IST_4 spanning? : True
Is IST_5 spanning? : True
Are all ISTs independent? : True

====TEST CR(279, 26, 52)====
Is IST_0 spanning? : True
Is IST_1 spanning? : True
Is IST_2 spanning? : True
Is IST_3 spanning? : True
Is IST_4 spanning? : True
Is IST_5 spanning? : True
Are all ISTs independent? : True

====TEST CR(280, 26, 52)====
Is IST_0 spanning? : True
Is IST_1 spanning? : True
Is IST_2 spanning? : True
Is IST_3 spanning? : True
Is IST_4 spanning? : True
Is IST_5 spanning? : True
Are all ISTs independent? : True

====TEST CR(281, 26, 52)====
Is IST_0 spanning? : True
Is IST_1 spanning? : True
Is IST_2 spanning? : True
Is IST_3 spanning? : True
Is IST_4 spanning? : True
Is IST_5 spanning? : True
Are all ISTs independent? : True

====TEST CR(282, 26, 52)====
Is IST_0 spanning? : True
Is IST_1 spanning? : True
Is IST_2 spanning? : True
Is IST_3 spanning? : True
Is IST_4 spanning? : True
Is IST_5 spanning? : True
Are all ISTs independent? : True

====TEST CR(283, 26, 52)====
Is IST_0 spanning? : True
Is IST_1 spanning? : True
Is IST_2 spanning? : True
Is IST_3 spanning? : True
Is IST_4 spanning? : True
Is IST_5 spanning? : True
Are all ISTs independent? : True

====TEST CR(284, 26, 52)====
Is IST_0 spanning? : True
Is IST_1 spanning? : True
Is IST_2 spanning? : True
Is IST_3 spanning? : True
Is IST_4 spanning? : True
Is IST_5 spanning? : True
Are all ISTs independent? : True

====TEST CR(162, 27, 54)====
Is IST_0 spanning? : True
Is IST_1 spanning? : True
Is IST_2 spanning? : True
Is IST_3 spanning? : True
Is IST_4 spanning? : True
Is IST_5 spanning? : True
Are all ISTs independent? : True

====TEST CR(163, 27, 54)====
Is IST_0 spanning? : True
Is IST_1 spanning? : True
Is IST_2 spanning? : True
Is IST_3 spanning? : True
Is IST_4 spanning? : True
Is IST_5 spanning? : True
Are all ISTs independent? : True

====TEST CR(164, 27, 54)====
Is IST_0 spanning? : True
Is IST_1 spanning? : True
Is IST_2 spanning? : True
Is IST_3 spanning? : True
Is IST_4 spanning? : True
Is IST_5 spanning? : True
Are all ISTs independent? : True

====TEST CR(165, 27, 54)====
Is IST_0 spanning? : True
Is IST_1 spanning? : True
Is IST_2 spanning? : True
Is IST_3 spanning? : True
Is IST_4 spanning? : True
Is IST_5 spanning? : True
Are all ISTs independent? : True

====TEST CR(166, 27, 54)====
Is IST_0 spanning? : True
Is IST_1 spanning? : True
Is IST_2 spanning? : True
Is IST_3 spanning? : True
Is IST_4 spanning? : True
Is IST_5 spanning? : True
Are all ISTs independent? : True

====TEST CR(167, 27, 54)====
Is IST_0 spanning? : True
Is IST_1 spanning? : True
Is IST_2 spanning? : True
Is IST_3 spanning? : True
Is IST_4 spanning? : True
Is IST_5 spanning? : True
Are all ISTs independent? : True

====TEST CR(168, 27, 54)====
Is IST_0 spanning? : True
Is IST_1 spanning? : True
Is IST_2 spanning? : True
Is IST_3 spanning? : True
Is IST_4 spanning? : True
Is IST_5 spanning? : True
Are all ISTs independent? : True

====TEST CR(169, 27, 54)====
Is IST_0 spanning? : True
Is IST_1 spanning? : True
Is IST_2 spanning? : True
Is IST_3 spanning? : True
Is IST_4 spanning? : True
Is IST_5 spanning? : True
Are all ISTs independent? : True

====TEST CR(170, 27, 54)====
Is IST_0 spanning? : True
Is IST_1 spanning? : True
Is IST_2 spanning? : True
Is IST_3 spanning? : True
Is IST_4 spanning? : True
Is IST_5 spanning? : True
Are all ISTs independent? : True

====TEST CR(171, 27, 54)====
Is IST_0 spanning? : True
Is IST_1 spanning? : True
Is IST_2 spanning? : True
Is IST_3 spanning? : True
Is IST_4 spanning? : True
Is IST_5 spanning? : True
Are all ISTs independent? : True

====TEST CR(172, 27, 54)====
Is IST_0 spanning? : True
Is IST_1 spanning? : True
Is IST_2 spanning? : True
Is IST_3 spanning? : True
Is IST_4 spanning? : True
Is IST_5 spanning? : True
Are all ISTs independent? : True

====TEST CR(173, 27, 54)====
Is IST_0 spanning? : True
Is IST_1 spanning? : True
Is IST_2 spanning? : True
Is IST_3 spanning? : True
Is IST_4 spanning? : True
Is IST_5 spanning? : True
Are all ISTs independent? : True

====TEST CR(174, 27, 54)====
Is IST_0 spanning? : True
Is IST_1 spanning? : True
Is IST_2 spanning? : True
Is IST_3 spanning? : True
Is IST_4 spanning? : True
Is IST_5 spanning? : True
Are all ISTs independent? : True

====TEST CR(175, 27, 54)====
Is IST_0 spanning? : True
Is IST_1 spanning? : True
Is IST_2 spanning? : True
Is IST_3 spanning? : True
Is IST_4 spanning? : True
Is IST_5 spanning? : True
Are all ISTs independent? : True

====TEST CR(176, 27, 54)====
Is IST_0 spanning? : True
Is IST_1 spanning? : True
Is IST_2 spanning? : True
Is IST_3 spanning? : True
Is IST_4 spanning? : True
Is IST_5 spanning? : True
Are all ISTs independent? : True

====TEST CR(177, 27, 54)====
Is IST_0 spanning? : True
Is IST_1 spanning? : True
Is IST_2 spanning? : True
Is IST_3 spanning? : True
Is IST_4 spanning? : True
Is IST_5 spanning? : True
Are all ISTs independent? : True

====TEST CR(178, 27, 54)====
Is IST_0 spanning? : True
Is IST_1 spanning? : True
Is IST_2 spanning? : True
Is IST_3 spanning? : True
Is IST_4 spanning? : True
Is IST_5 spanning? : True
Are all ISTs independent? : True

====TEST CR(179, 27, 54)====
Is IST_0 spanning? : True
Is IST_1 spanning? : True
Is IST_2 spanning? : True
Is IST_3 spanning? : True
Is IST_4 spanning? : True
Is IST_5 spanning? : True
Are all ISTs independent? : True

====TEST CR(180, 27, 54)====
Is IST_0 spanning? : True
Is IST_1 spanning? : True
Is IST_2 spanning? : True
Is IST_3 spanning? : True
Is IST_4 spanning? : True
Is IST_5 spanning? : True
Are all ISTs independent? : True

====TEST CR(181, 27, 54)====
Is IST_0 spanning? : True
Is IST_1 spanning? : True
Is IST_2 spanning? : True
Is IST_3 spanning? : True
Is IST_4 spanning? : True
Is IST_5 spanning? : True
Are all ISTs independent? : True

====TEST CR(182, 27, 54)====
Is IST_0 spanning? : True
Is IST_1 spanning? : True
Is IST_2 spanning? : True
Is IST_3 spanning? : True
Is IST_4 spanning? : True
Is IST_5 spanning? : True
Are all ISTs independent? : True

====TEST CR(183, 27, 54)====
Is IST_0 spanning? : True
Is IST_1 spanning? : True
Is IST_2 spanning? : True
Is IST_3 spanning? : True
Is IST_4 spanning? : True
Is IST_5 spanning? : True
Are all ISTs independent? : True

====TEST CR(184, 27, 54)====
Is IST_0 spanning? : True
Is IST_1 spanning? : True
Is IST_2 spanning? : True
Is IST_3 spanning? : True
Is IST_4 spanning? : True
Is IST_5 spanning? : True
Are all ISTs independent? : True

====TEST CR(185, 27, 54)====
Is IST_0 spanning? : True
Is IST_1 spanning? : True
Is IST_2 spanning? : True
Is IST_3 spanning? : True
Is IST_4 spanning? : True
Is IST_5 spanning? : True
Are all ISTs independent? : True

====TEST CR(186, 27, 54)====
Is IST_0 spanning? : True
Is IST_1 spanning? : True
Is IST_2 spanning? : True
Is IST_3 spanning? : True
Is IST_4 spanning? : True
Is IST_5 spanning? : True
Are all ISTs independent? : True

====TEST CR(187, 27, 54)====
Is IST_0 spanning? : True
Is IST_1 spanning? : True
Is IST_2 spanning? : True
Is IST_3 spanning? : True
Is IST_4 spanning? : True
Is IST_5 spanning? : True
Are all ISTs independent? : True

====TEST CR(188, 27, 54)====
Is IST_0 spanning? : True
Is IST_1 spanning? : True
Is IST_2 spanning? : True
Is IST_3 spanning? : True
Is IST_4 spanning? : True
Is IST_5 spanning? : True
Are all ISTs independent? : True

====TEST CR(189, 27, 54)====
Is IST_0 spanning? : True
Is IST_1 spanning? : True
Is IST_2 spanning? : True
Is IST_3 spanning? : True
Is IST_4 spanning? : True
Is IST_5 spanning? : True
Are all ISTs independent? : True

====TEST CR(190, 27, 54)====
Is IST_0 spanning? : True
Is IST_1 spanning? : True
Is IST_2 spanning? : True
Is IST_3 spanning? : True
Is IST_4 spanning? : True
Is IST_5 spanning? : True
Are all ISTs independent? : True

====TEST CR(191, 27, 54)====
Is IST_0 spanning? : True
Is IST_1 spanning? : True
Is IST_2 spanning? : True
Is IST_3 spanning? : True
Is IST_4 spanning? : True
Is IST_5 spanning? : True
Are all ISTs independent? : True

====TEST CR(192, 27, 54)====
Is IST_0 spanning? : True
Is IST_1 spanning? : True
Is IST_2 spanning? : True
Is IST_3 spanning? : True
Is IST_4 spanning? : True
Is IST_5 spanning? : True
Are all ISTs independent? : True

====TEST CR(193, 27, 54)====
Is IST_0 spanning? : True
Is IST_1 spanning? : True
Is IST_2 spanning? : True
Is IST_3 spanning? : True
Is IST_4 spanning? : True
Is IST_5 spanning? : True
Are all ISTs independent? : True

====TEST CR(194, 27, 54)====
Is IST_0 spanning? : True
Is IST_1 spanning? : True
Is IST_2 spanning? : True
Is IST_3 spanning? : True
Is IST_4 spanning? : True
Is IST_5 spanning? : True
Are all ISTs independent? : True

====TEST CR(195, 27, 54)====
Is IST_0 spanning? : True
Is IST_1 spanning? : True
Is IST_2 spanning? : True
Is IST_3 spanning? : True
Is IST_4 spanning? : True
Is IST_5 spanning? : True
Are all ISTs independent? : True

====TEST CR(196, 27, 54)====
Is IST_0 spanning? : True
Is IST_1 spanning? : True
Is IST_2 spanning? : True
Is IST_3 spanning? : True
Is IST_4 spanning? : True
Is IST_5 spanning? : True
Are all ISTs independent? : True

====TEST CR(197, 27, 54)====
Is IST_0 spanning? : True
Is IST_1 spanning? : True
Is IST_2 spanning? : True
Is IST_3 spanning? : True
Is IST_4 spanning? : True
Is IST_5 spanning? : True
Are all ISTs independent? : True

====TEST CR(198, 27, 54)====
Is IST_0 spanning? : True
Is IST_1 spanning? : True
Is IST_2 spanning? : True
Is IST_3 spanning? : True
Is IST_4 spanning? : True
Is IST_5 spanning? : True
Are all ISTs independent? : True

====TEST CR(199, 27, 54)====
Is IST_0 spanning? : True
Is IST_1 spanning? : True
Is IST_2 spanning? : True
Is IST_3 spanning? : True
Is IST_4 spanning? : True
Is IST_5 spanning? : True
Are all ISTs independent? : True

====TEST CR(200, 27, 54)====
Is IST_0 spanning? : True
Is IST_1 spanning? : True
Is IST_2 spanning? : True
Is IST_3 spanning? : True
Is IST_4 spanning? : True
Is IST_5 spanning? : True
Are all ISTs independent? : True

====TEST CR(201, 27, 54)====
Is IST_0 spanning? : True
Is IST_1 spanning? : True
Is IST_2 spanning? : True
Is IST_3 spanning? : True
Is IST_4 spanning? : True
Is IST_5 spanning? : True
Are all ISTs independent? : True

====TEST CR(202, 27, 54)====
Is IST_0 spanning? : True
Is IST_1 spanning? : True
Is IST_2 spanning? : True
Is IST_3 spanning? : True
Is IST_4 spanning? : True
Is IST_5 spanning? : True
Are all ISTs independent? : True

====TEST CR(203, 27, 54)====
Is IST_0 spanning? : True
Is IST_1 spanning? : True
Is IST_2 spanning? : True
Is IST_3 spanning? : True
Is IST_4 spanning? : True
Is IST_5 spanning? : True
Are all ISTs independent? : True

====TEST CR(204, 27, 54)====
Is IST_0 spanning? : True
Is IST_1 spanning? : True
Is IST_2 spanning? : True
Is IST_3 spanning? : True
Is IST_4 spanning? : True
Is IST_5 spanning? : True
Are all ISTs independent? : True

====TEST CR(205, 27, 54)====
Is IST_0 spanning? : True
Is IST_1 spanning? : True
Is IST_2 spanning? : True
Is IST_3 spanning? : True
Is IST_4 spanning? : True
Is IST_5 spanning? : True
Are all ISTs independent? : True

====TEST CR(206, 27, 54)====
Is IST_0 spanning? : True
Is IST_1 spanning? : True
Is IST_2 spanning? : True
Is IST_3 spanning? : True
Is IST_4 spanning? : True
Is IST_5 spanning? : True
Are all ISTs independent? : True

====TEST CR(207, 27, 54)====
Is IST_0 spanning? : True
Is IST_1 spanning? : True
Is IST_2 spanning? : True
Is IST_3 spanning? : True
Is IST_4 spanning? : True
Is IST_5 spanning? : True
Are all ISTs independent? : True

====TEST CR(208, 27, 54)====
Is IST_0 spanning? : True
Is IST_1 spanning? : True
Is IST_2 spanning? : True
Is IST_3 spanning? : True
Is IST_4 spanning? : True
Is IST_5 spanning? : True
Are all ISTs independent? : True

====TEST CR(209, 27, 54)====
Is IST_0 spanning? : True
Is IST_1 spanning? : True
Is IST_2 spanning? : True
Is IST_3 spanning? : True
Is IST_4 spanning? : True
Is IST_5 spanning? : True
Are all ISTs independent? : True

====TEST CR(210, 27, 54)====
Is IST_0 spanning? : True
Is IST_1 spanning? : True
Is IST_2 spanning? : True
Is IST_3 spanning? : True
Is IST_4 spanning? : True
Is IST_5 spanning? : True
Are all ISTs independent? : True

====TEST CR(211, 27, 54)====
Is IST_0 spanning? : True
Is IST_1 spanning? : True
Is IST_2 spanning? : True
Is IST_3 spanning? : True
Is IST_4 spanning? : True
Is IST_5 spanning? : True
Are all ISTs independent? : True

====TEST CR(212, 27, 54)====
Is IST_0 spanning? : True
Is IST_1 spanning? : True
Is IST_2 spanning? : True
Is IST_3 spanning? : True
Is IST_4 spanning? : True
Is IST_5 spanning? : True
Are all ISTs independent? : True

====TEST CR(213, 27, 54)====
Is IST_0 spanning? : True
Is IST_1 spanning? : True
Is IST_2 spanning? : True
Is IST_3 spanning? : True
Is IST_4 spanning? : True
Is IST_5 spanning? : True
Are all ISTs independent? : True

====TEST CR(214, 27, 54)====
Is IST_0 spanning? : True
Is IST_1 spanning? : True
Is IST_2 spanning? : True
Is IST_3 spanning? : True
Is IST_4 spanning? : True
Is IST_5 spanning? : True
Are all ISTs independent? : True

====TEST CR(215, 27, 54)====
Is IST_0 spanning? : True
Is IST_1 spanning? : True
Is IST_2 spanning? : True
Is IST_3 spanning? : True
Is IST_4 spanning? : True
Is IST_5 spanning? : True
Are all ISTs independent? : True

====TEST CR(216, 27, 54)====
Is IST_0 spanning? : True
Is IST_1 spanning? : True
Is IST_2 spanning? : True
Is IST_3 spanning? : True
Is IST_4 spanning? : True
Is IST_5 spanning? : True
Are all ISTs independent? : True

====TEST CR(217, 27, 54)====
Is IST_0 spanning? : True
Is IST_1 spanning? : True
Is IST_2 spanning? : True
Is IST_3 spanning? : True
Is IST_4 spanning? : True
Is IST_5 spanning? : True
Are all ISTs independent? : True

====TEST CR(218, 27, 54)====
Is IST_0 spanning? : True
Is IST_1 spanning? : True
Is IST_2 spanning? : True
Is IST_3 spanning? : True
Is IST_4 spanning? : True
Is IST_5 spanning? : True
Are all ISTs independent? : True

====TEST CR(219, 27, 54)====
Is IST_0 spanning? : True
Is IST_1 spanning? : True
Is IST_2 spanning? : True
Is IST_3 spanning? : True
Is IST_4 spanning? : True
Is IST_5 spanning? : True
Are all ISTs independent? : True

====TEST CR(220, 27, 54)====
Is IST_0 spanning? : True
Is IST_1 spanning? : True
Is IST_2 spanning? : True
Is IST_3 spanning? : True
Is IST_4 spanning? : True
Is IST_5 spanning? : True
Are all ISTs independent? : True

====TEST CR(221, 27, 54)====
Is IST_0 spanning? : True
Is IST_1 spanning? : True
Is IST_2 spanning? : True
Is IST_3 spanning? : True
Is IST_4 spanning? : True
Is IST_5 spanning? : True
Are all ISTs independent? : True

====TEST CR(222, 27, 54)====
Is IST_0 spanning? : True
Is IST_1 spanning? : True
Is IST_2 spanning? : True
Is IST_3 spanning? : True
Is IST_4 spanning? : True
Is IST_5 spanning? : True
Are all ISTs independent? : True

====TEST CR(223, 27, 54)====
Is IST_0 spanning? : True
Is IST_1 spanning? : True
Is IST_2 spanning? : True
Is IST_3 spanning? : True
Is IST_4 spanning? : True
Is IST_5 spanning? : True
Are all ISTs independent? : True

====TEST CR(224, 27, 54)====
Is IST_0 spanning? : True
Is IST_1 spanning? : True
Is IST_2 spanning? : True
Is IST_3 spanning? : True
Is IST_4 spanning? : True
Is IST_5 spanning? : True
Are all ISTs independent? : True

====TEST CR(225, 27, 54)====
Is IST_0 spanning? : True
Is IST_1 spanning? : True
Is IST_2 spanning? : True
Is IST_3 spanning? : True
Is IST_4 spanning? : True
Is IST_5 spanning? : True
Are all ISTs independent? : True

====TEST CR(226, 27, 54)====
Is IST_0 spanning? : True
Is IST_1 spanning? : True
Is IST_2 spanning? : True
Is IST_3 spanning? : True
Is IST_4 spanning? : True
Is IST_5 spanning? : True
Are all ISTs independent? : True

====TEST CR(227, 27, 54)====
Is IST_0 spanning? : True
Is IST_1 spanning? : True
Is IST_2 spanning? : True
Is IST_3 spanning? : True
Is IST_4 spanning? : True
Is IST_5 spanning? : True
Are all ISTs independent? : True

====TEST CR(228, 27, 54)====
Is IST_0 spanning? : True
Is IST_1 spanning? : True
Is IST_2 spanning? : True
Is IST_3 spanning? : True
Is IST_4 spanning? : True
Is IST_5 spanning? : True
Are all ISTs independent? : True

====TEST CR(229, 27, 54)====
Is IST_0 spanning? : True
Is IST_1 spanning? : True
Is IST_2 spanning? : True
Is IST_3 spanning? : True
Is IST_4 spanning? : True
Is IST_5 spanning? : True
Are all ISTs independent? : True

====TEST CR(230, 27, 54)====
Is IST_0 spanning? : True
Is IST_1 spanning? : True
Is IST_2 spanning? : True
Is IST_3 spanning? : True
Is IST_4 spanning? : True
Is IST_5 spanning? : True
Are all ISTs independent? : True

====TEST CR(231, 27, 54)====
Is IST_0 spanning? : True
Is IST_1 spanning? : True
Is IST_2 spanning? : True
Is IST_3 spanning? : True
Is IST_4 spanning? : True
Is IST_5 spanning? : True
Are all ISTs independent? : True

====TEST CR(232, 27, 54)====
Is IST_0 spanning? : True
Is IST_1 spanning? : True
Is IST_2 spanning? : True
Is IST_3 spanning? : True
Is IST_4 spanning? : True
Is IST_5 spanning? : True
Are all ISTs independent? : True

====TEST CR(233, 27, 54)====
Is IST_0 spanning? : True
Is IST_1 spanning? : True
Is IST_2 spanning? : True
Is IST_3 spanning? : True
Is IST_4 spanning? : True
Is IST_5 spanning? : True
Are all ISTs independent? : True

====TEST CR(234, 27, 54)====
Is IST_0 spanning? : True
Is IST_1 spanning? : True
Is IST_2 spanning? : True
Is IST_3 spanning? : True
Is IST_4 spanning? : True
Is IST_5 spanning? : True
Are all ISTs independent? : True

====TEST CR(235, 27, 54)====
Is IST_0 spanning? : True
Is IST_1 spanning? : True
Is IST_2 spanning? : True
Is IST_3 spanning? : True
Is IST_4 spanning? : True
Is IST_5 spanning? : True
Are all ISTs independent? : True

====TEST CR(236, 27, 54)====
Is IST_0 spanning? : True
Is IST_1 spanning? : True
Is IST_2 spanning? : True
Is IST_3 spanning? : True
Is IST_4 spanning? : True
Is IST_5 spanning? : True
Are all ISTs independent? : True

====TEST CR(237, 27, 54)====
Is IST_0 spanning? : True
Is IST_1 spanning? : True
Is IST_2 spanning? : True
Is IST_3 spanning? : True
Is IST_4 spanning? : True
Is IST_5 spanning? : True
Are all ISTs independent? : True

====TEST CR(238, 27, 54)====
Is IST_0 spanning? : True
Is IST_1 spanning? : True
Is IST_2 spanning? : True
Is IST_3 spanning? : True
Is IST_4 spanning? : True
Is IST_5 spanning? : True
Are all ISTs independent? : True

====TEST CR(239, 27, 54)====
Is IST_0 spanning? : True
Is IST_1 spanning? : True
Is IST_2 spanning? : True
Is IST_3 spanning? : True
Is IST_4 spanning? : True
Is IST_5 spanning? : True
Are all ISTs independent? : True

====TEST CR(240, 27, 54)====
Is IST_0 spanning? : True
Is IST_1 spanning? : True
Is IST_2 spanning? : True
Is IST_3 spanning? : True
Is IST_4 spanning? : True
Is IST_5 spanning? : True
Are all ISTs independent? : True

====TEST CR(241, 27, 54)====
Is IST_0 spanning? : True
Is IST_1 spanning? : True
Is IST_2 spanning? : True
Is IST_3 spanning? : True
Is IST_4 spanning? : True
Is IST_5 spanning? : True
Are all ISTs independent? : True

====TEST CR(242, 27, 54)====
Is IST_0 spanning? : True
Is IST_1 spanning? : True
Is IST_2 spanning? : True
Is IST_3 spanning? : True
Is IST_4 spanning? : True
Is IST_5 spanning? : True
Are all ISTs independent? : True

====TEST CR(243, 27, 54)====
Is IST_0 spanning? : True
Is IST_1 spanning? : True
Is IST_2 spanning? : True
Is IST_3 spanning? : True
Is IST_4 spanning? : True
Is IST_5 spanning? : True
Are all ISTs independent? : True

====TEST CR(244, 27, 54)====
Is IST_0 spanning? : True
Is IST_1 spanning? : True
Is IST_2 spanning? : True
Is IST_3 spanning? : True
Is IST_4 spanning? : True
Is IST_5 spanning? : True
Are all ISTs independent? : True

====TEST CR(245, 27, 54)====
Is IST_0 spanning? : True
Is IST_1 spanning? : True
Is IST_2 spanning? : True
Is IST_3 spanning? : True
Is IST_4 spanning? : True
Is IST_5 spanning? : True
Are all ISTs independent? : True

====TEST CR(246, 27, 54)====
Is IST_0 spanning? : True
Is IST_1 spanning? : True
Is IST_2 spanning? : True
Is IST_3 spanning? : True
Is IST_4 spanning? : True
Is IST_5 spanning? : True
Are all ISTs independent? : True

====TEST CR(247, 27, 54)====
Is IST_0 spanning? : True
Is IST_1 spanning? : True
Is IST_2 spanning? : True
Is IST_3 spanning? : True
Is IST_4 spanning? : True
Is IST_5 spanning? : True
Are all ISTs independent? : True

====TEST CR(248, 27, 54)====
Is IST_0 spanning? : True
Is IST_1 spanning? : True
Is IST_2 spanning? : True
Is IST_3 spanning? : True
Is IST_4 spanning? : True
Is IST_5 spanning? : True
Are all ISTs independent? : True

====TEST CR(249, 27, 54)====
Is IST_0 spanning? : True
Is IST_1 spanning? : True
Is IST_2 spanning? : True
Is IST_3 spanning? : True
Is IST_4 spanning? : True
Is IST_5 spanning? : True
Are all ISTs independent? : True

====TEST CR(250, 27, 54)====
Is IST_0 spanning? : True
Is IST_1 spanning? : True
Is IST_2 spanning? : True
Is IST_3 spanning? : True
Is IST_4 spanning? : True
Is IST_5 spanning? : True
Are all ISTs independent? : True

====TEST CR(251, 27, 54)====
Is IST_0 spanning? : True
Is IST_1 spanning? : True
Is IST_2 spanning? : True
Is IST_3 spanning? : True
Is IST_4 spanning? : True
Is IST_5 spanning? : True
Are all ISTs independent? : True

====TEST CR(252, 27, 54)====
Is IST_0 spanning? : True
Is IST_1 spanning? : True
Is IST_2 spanning? : True
Is IST_3 spanning? : True
Is IST_4 spanning? : True
Is IST_5 spanning? : True
Are all ISTs independent? : True

====TEST CR(253, 27, 54)====
Is IST_0 spanning? : True
Is IST_1 spanning? : True
Is IST_2 spanning? : True
Is IST_3 spanning? : True
Is IST_4 spanning? : True
Is IST_5 spanning? : True
Are all ISTs independent? : True

====TEST CR(254, 27, 54)====
Is IST_0 spanning? : True
Is IST_1 spanning? : True
Is IST_2 spanning? : True
Is IST_3 spanning? : True
Is IST_4 spanning? : True
Is IST_5 spanning? : True
Are all ISTs independent? : True

====TEST CR(255, 27, 54)====
Is IST_0 spanning? : True
Is IST_1 spanning? : True
Is IST_2 spanning? : True
Is IST_3 spanning? : True
Is IST_4 spanning? : True
Is IST_5 spanning? : True
Are all ISTs independent? : True

====TEST CR(256, 27, 54)====
Is IST_0 spanning? : True
Is IST_1 spanning? : True
Is IST_2 spanning? : True
Is IST_3 spanning? : True
Is IST_4 spanning? : True
Is IST_5 spanning? : True
Are all ISTs independent? : True

====TEST CR(257, 27, 54)====
Is IST_0 spanning? : True
Is IST_1 spanning? : True
Is IST_2 spanning? : True
Is IST_3 spanning? : True
Is IST_4 spanning? : True
Is IST_5 spanning? : True
Are all ISTs independent? : True

====TEST CR(258, 27, 54)====
Is IST_0 spanning? : True
Is IST_1 spanning? : True
Is IST_2 spanning? : True
Is IST_3 spanning? : True
Is IST_4 spanning? : True
Is IST_5 spanning? : True
Are all ISTs independent? : True

====TEST CR(259, 27, 54)====
Is IST_0 spanning? : True
Is IST_1 spanning? : True
Is IST_2 spanning? : True
Is IST_3 spanning? : True
Is IST_4 spanning? : True
Is IST_5 spanning? : True
Are all ISTs independent? : True

====TEST CR(260, 27, 54)====
Is IST_0 spanning? : True
Is IST_1 spanning? : True
Is IST_2 spanning? : True
Is IST_3 spanning? : True
Is IST_4 spanning? : True
Is IST_5 spanning? : True
Are all ISTs independent? : True

====TEST CR(261, 27, 54)====
Is IST_0 spanning? : True
Is IST_1 spanning? : True
Is IST_2 spanning? : True
Is IST_3 spanning? : True
Is IST_4 spanning? : True
Is IST_5 spanning? : True
Are all ISTs independent? : True

====TEST CR(262, 27, 54)====
Is IST_0 spanning? : True
Is IST_1 spanning? : True
Is IST_2 spanning? : True
Is IST_3 spanning? : True
Is IST_4 spanning? : True
Is IST_5 spanning? : True
Are all ISTs independent? : True

====TEST CR(263, 27, 54)====
Is IST_0 spanning? : True
Is IST_1 spanning? : True
Is IST_2 spanning? : True
Is IST_3 spanning? : True
Is IST_4 spanning? : True
Is IST_5 spanning? : True
Are all ISTs independent? : True

====TEST CR(264, 27, 54)====
Is IST_0 spanning? : True
Is IST_1 spanning? : True
Is IST_2 spanning? : True
Is IST_3 spanning? : True
Is IST_4 spanning? : True
Is IST_5 spanning? : True
Are all ISTs independent? : True

====TEST CR(265, 27, 54)====
Is IST_0 spanning? : True
Is IST_1 spanning? : True
Is IST_2 spanning? : True
Is IST_3 spanning? : True
Is IST_4 spanning? : True
Is IST_5 spanning? : True
Are all ISTs independent? : True

====TEST CR(266, 27, 54)====
Is IST_0 spanning? : True
Is IST_1 spanning? : True
Is IST_2 spanning? : True
Is IST_3 spanning? : True
Is IST_4 spanning? : True
Is IST_5 spanning? : True
Are all ISTs independent? : True

====TEST CR(267, 27, 54)====
Is IST_0 spanning? : True
Is IST_1 spanning? : True
Is IST_2 spanning? : True
Is IST_3 spanning? : True
Is IST_4 spanning? : True
Is IST_5 spanning? : True
Are all ISTs independent? : True

====TEST CR(268, 27, 54)====
Is IST_0 spanning? : True
Is IST_1 spanning? : True
Is IST_2 spanning? : True
Is IST_3 spanning? : True
Is IST_4 spanning? : True
Is IST_5 spanning? : True
Are all ISTs independent? : True

====TEST CR(269, 27, 54)====
Is IST_0 spanning? : True
Is IST_1 spanning? : True
Is IST_2 spanning? : True
Is IST_3 spanning? : True
Is IST_4 spanning? : True
Is IST_5 spanning? : True
Are all ISTs independent? : True

====TEST CR(270, 27, 54)====
Is IST_0 spanning? : True
Is IST_1 spanning? : True
Is IST_2 spanning? : True
Is IST_3 spanning? : True
Is IST_4 spanning? : True
Is IST_5 spanning? : True
Are all ISTs independent? : True

====TEST CR(271, 27, 54)====
Is IST_0 spanning? : True
Is IST_1 spanning? : True
Is IST_2 spanning? : True
Is IST_3 spanning? : True
Is IST_4 spanning? : True
Is IST_5 spanning? : True
Are all ISTs independent? : True

====TEST CR(272, 27, 54)====
Is IST_0 spanning? : True
Is IST_1 spanning? : True
Is IST_2 spanning? : True
Is IST_3 spanning? : True
Is IST_4 spanning? : True
Is IST_5 spanning? : True
Are all ISTs independent? : True

====TEST CR(273, 27, 54)====
Is IST_0 spanning? : True
Is IST_1 spanning? : True
Is IST_2 spanning? : True
Is IST_3 spanning? : True
Is IST_4 spanning? : True
Is IST_5 spanning? : True
Are all ISTs independent? : True

====TEST CR(274, 27, 54)====
Is IST_0 spanning? : True
Is IST_1 spanning? : True
Is IST_2 spanning? : True
Is IST_3 spanning? : True
Is IST_4 spanning? : True
Is IST_5 spanning? : True
Are all ISTs independent? : True

====TEST CR(275, 27, 54)====
Is IST_0 spanning? : True
Is IST_1 spanning? : True
Is IST_2 spanning? : True
Is IST_3 spanning? : True
Is IST_4 spanning? : True
Is IST_5 spanning? : True
Are all ISTs independent? : True

====TEST CR(276, 27, 54)====
Is IST_0 spanning? : True
Is IST_1 spanning? : True
Is IST_2 spanning? : True
Is IST_3 spanning? : True
Is IST_4 spanning? : True
Is IST_5 spanning? : True
Are all ISTs independent? : True

====TEST CR(277, 27, 54)====
Is IST_0 spanning? : True
Is IST_1 spanning? : True
Is IST_2 spanning? : True
Is IST_3 spanning? : True
Is IST_4 spanning? : True
Is IST_5 spanning? : True
Are all ISTs independent? : True

====TEST CR(278, 27, 54)====
Is IST_0 spanning? : True
Is IST_1 spanning? : True
Is IST_2 spanning? : True
Is IST_3 spanning? : True
Is IST_4 spanning? : True
Is IST_5 spanning? : True
Are all ISTs independent? : True

====TEST CR(279, 27, 54)====
Is IST_0 spanning? : True
Is IST_1 spanning? : True
Is IST_2 spanning? : True
Is IST_3 spanning? : True
Is IST_4 spanning? : True
Is IST_5 spanning? : True
Are all ISTs independent? : True

====TEST CR(280, 27, 54)====
Is IST_0 spanning? : True
Is IST_1 spanning? : True
Is IST_2 spanning? : True
Is IST_3 spanning? : True
Is IST_4 spanning? : True
Is IST_5 spanning? : True
Are all ISTs independent? : True

====TEST CR(281, 27, 54)====
Is IST_0 spanning? : True
Is IST_1 spanning? : True
Is IST_2 spanning? : True
Is IST_3 spanning? : True
Is IST_4 spanning? : True
Is IST_5 spanning? : True
Are all ISTs independent? : True

====TEST CR(282, 27, 54)====
Is IST_0 spanning? : True
Is IST_1 spanning? : True
Is IST_2 spanning? : True
Is IST_3 spanning? : True
Is IST_4 spanning? : True
Is IST_5 spanning? : True
Are all ISTs independent? : True

====TEST CR(283, 27, 54)====
Is IST_0 spanning? : True
Is IST_1 spanning? : True
Is IST_2 spanning? : True
Is IST_3 spanning? : True
Is IST_4 spanning? : True
Is IST_5 spanning? : True
Are all ISTs independent? : True

====TEST CR(284, 27, 54)====
Is IST_0 spanning? : True
Is IST_1 spanning? : True
Is IST_2 spanning? : True
Is IST_3 spanning? : True
Is IST_4 spanning? : True
Is IST_5 spanning? : True
Are all ISTs independent? : True

====TEST CR(285, 27, 54)====
Is IST_0 spanning? : True
Is IST_1 spanning? : True
Is IST_2 spanning? : True
Is IST_3 spanning? : True
Is IST_4 spanning? : True
Is IST_5 spanning? : True
Are all ISTs independent? : True

====TEST CR(286, 27, 54)====
Is IST_0 spanning? : True
Is IST_1 spanning? : True
Is IST_2 spanning? : True
Is IST_3 spanning? : True
Is IST_4 spanning? : True
Is IST_5 spanning? : True
Are all ISTs independent? : True

====TEST CR(287, 27, 54)====
Is IST_0 spanning? : True
Is IST_1 spanning? : True
Is IST_2 spanning? : True
Is IST_3 spanning? : True
Is IST_4 spanning? : True
Is IST_5 spanning? : True
Are all ISTs independent? : True

====TEST CR(288, 27, 54)====
Is IST_0 spanning? : True
Is IST_1 spanning? : True
Is IST_2 spanning? : True
Is IST_3 spanning? : True
Is IST_4 spanning? : True
Is IST_5 spanning? : True
Are all ISTs independent? : True

====TEST CR(289, 27, 54)====
Is IST_0 spanning? : True
Is IST_1 spanning? : True
Is IST_2 spanning? : True
Is IST_3 spanning? : True
Is IST_4 spanning? : True
Is IST_5 spanning? : True
Are all ISTs independent? : True

====TEST CR(290, 27, 54)====
Is IST_0 spanning? : True
Is IST_1 spanning? : True
Is IST_2 spanning? : True
Is IST_3 spanning? : True
Is IST_4 spanning? : True
Is IST_5 spanning? : True
Are all ISTs independent? : True

====TEST CR(168, 28, 56)====
Is IST_0 spanning? : True
Is IST_1 spanning? : True
Is IST_2 spanning? : True
Is IST_3 spanning? : True
Is IST_4 spanning? : True
Is IST_5 spanning? : True
Are all ISTs independent? : True

====TEST CR(169, 28, 56)====
Is IST_0 spanning? : True
Is IST_1 spanning? : True
Is IST_2 spanning? : True
Is IST_3 spanning? : True
Is IST_4 spanning? : True
Is IST_5 spanning? : True
Are all ISTs independent? : True

====TEST CR(170, 28, 56)====
Is IST_0 spanning? : True
Is IST_1 spanning? : True
Is IST_2 spanning? : True
Is IST_3 spanning? : True
Is IST_4 spanning? : True
Is IST_5 spanning? : True
Are all ISTs independent? : True

====TEST CR(171, 28, 56)====
Is IST_0 spanning? : True
Is IST_1 spanning? : True
Is IST_2 spanning? : True
Is IST_3 spanning? : True
Is IST_4 spanning? : True
Is IST_5 spanning? : True
Are all ISTs independent? : True

====TEST CR(172, 28, 56)====
Is IST_0 spanning? : True
Is IST_1 spanning? : True
Is IST_2 spanning? : True
Is IST_3 spanning? : True
Is IST_4 spanning? : True
Is IST_5 spanning? : True
Are all ISTs independent? : True

====TEST CR(173, 28, 56)====
Is IST_0 spanning? : True
Is IST_1 spanning? : True
Is IST_2 spanning? : True
Is IST_3 spanning? : True
Is IST_4 spanning? : True
Is IST_5 spanning? : True
Are all ISTs independent? : True

====TEST CR(174, 28, 56)====
Is IST_0 spanning? : True
Is IST_1 spanning? : True
Is IST_2 spanning? : True
Is IST_3 spanning? : True
Is IST_4 spanning? : True
Is IST_5 spanning? : True
Are all ISTs independent? : True

====TEST CR(175, 28, 56)====
Is IST_0 spanning? : True
Is IST_1 spanning? : True
Is IST_2 spanning? : True
Is IST_3 spanning? : True
Is IST_4 spanning? : True
Is IST_5 spanning? : True
Are all ISTs independent? : True

====TEST CR(176, 28, 56)====
Is IST_0 spanning? : True
Is IST_1 spanning? : True
Is IST_2 spanning? : True
Is IST_3 spanning? : True
Is IST_4 spanning? : True
Is IST_5 spanning? : True
Are all ISTs independent? : True

====TEST CR(177, 28, 56)====
Is IST_0 spanning? : True
Is IST_1 spanning? : True
Is IST_2 spanning? : True
Is IST_3 spanning? : True
Is IST_4 spanning? : True
Is IST_5 spanning? : True
Are all ISTs independent? : True

====TEST CR(178, 28, 56)====
Is IST_0 spanning? : True
Is IST_1 spanning? : True
Is IST_2 spanning? : True
Is IST_3 spanning? : True
Is IST_4 spanning? : True
Is IST_5 spanning? : True
Are all ISTs independent? : True

====TEST CR(179, 28, 56)====
Is IST_0 spanning? : True
Is IST_1 spanning? : True
Is IST_2 spanning? : True
Is IST_3 spanning? : True
Is IST_4 spanning? : True
Is IST_5 spanning? : True
Are all ISTs independent? : True

====TEST CR(180, 28, 56)====
Is IST_0 spanning? : True
Is IST_1 spanning? : True
Is IST_2 spanning? : True
Is IST_3 spanning? : True
Is IST_4 spanning? : True
Is IST_5 spanning? : True
Are all ISTs independent? : True

====TEST CR(181, 28, 56)====
Is IST_0 spanning? : True
Is IST_1 spanning? : True
Is IST_2 spanning? : True
Is IST_3 spanning? : True
Is IST_4 spanning? : True
Is IST_5 spanning? : True
Are all ISTs independent? : True

====TEST CR(182, 28, 56)====
Is IST_0 spanning? : True
Is IST_1 spanning? : True
Is IST_2 spanning? : True
Is IST_3 spanning? : True
Is IST_4 spanning? : True
Is IST_5 spanning? : True
Are all ISTs independent? : True

====TEST CR(183, 28, 56)====
Is IST_0 spanning? : True
Is IST_1 spanning? : True
Is IST_2 spanning? : True
Is IST_3 spanning? : True
Is IST_4 spanning? : True
Is IST_5 spanning? : True
Are all ISTs independent? : True

====TEST CR(184, 28, 56)====
Is IST_0 spanning? : True
Is IST_1 spanning? : True
Is IST_2 spanning? : True
Is IST_3 spanning? : True
Is IST_4 spanning? : True
Is IST_5 spanning? : True
Are all ISTs independent? : True

====TEST CR(185, 28, 56)====
Is IST_0 spanning? : True
Is IST_1 spanning? : True
Is IST_2 spanning? : True
Is IST_3 spanning? : True
Is IST_4 spanning? : True
Is IST_5 spanning? : True
Are all ISTs independent? : True

====TEST CR(186, 28, 56)====
Is IST_0 spanning? : True
Is IST_1 spanning? : True
Is IST_2 spanning? : True
Is IST_3 spanning? : True
Is IST_4 spanning? : True
Is IST_5 spanning? : True
Are all ISTs independent? : True

====TEST CR(187, 28, 56)====
Is IST_0 spanning? : True
Is IST_1 spanning? : True
Is IST_2 spanning? : True
Is IST_3 spanning? : True
Is IST_4 spanning? : True
Is IST_5 spanning? : True
Are all ISTs independent? : True

====TEST CR(188, 28, 56)====
Is IST_0 spanning? : True
Is IST_1 spanning? : True
Is IST_2 spanning? : True
Is IST_3 spanning? : True
Is IST_4 spanning? : True
Is IST_5 spanning? : True
Are all ISTs independent? : True

====TEST CR(189, 28, 56)====
Is IST_0 spanning? : True
Is IST_1 spanning? : True
Is IST_2 spanning? : True
Is IST_3 spanning? : True
Is IST_4 spanning? : True
Is IST_5 spanning? : True
Are all ISTs independent? : True

====TEST CR(190, 28, 56)====
Is IST_0 spanning? : True
Is IST_1 spanning? : True
Is IST_2 spanning? : True
Is IST_3 spanning? : True
Is IST_4 spanning? : True
Is IST_5 spanning? : True
Are all ISTs independent? : True

====TEST CR(191, 28, 56)====
Is IST_0 spanning? : True
Is IST_1 spanning? : True
Is IST_2 spanning? : True
Is IST_3 spanning? : True
Is IST_4 spanning? : True
Is IST_5 spanning? : True
Are all ISTs independent? : True

====TEST CR(192, 28, 56)====
Is IST_0 spanning? : True
Is IST_1 spanning? : True
Is IST_2 spanning? : True
Is IST_3 spanning? : True
Is IST_4 spanning? : True
Is IST_5 spanning? : True
Are all ISTs independent? : True

====TEST CR(193, 28, 56)====
Is IST_0 spanning? : True
Is IST_1 spanning? : True
Is IST_2 spanning? : True
Is IST_3 spanning? : True
Is IST_4 spanning? : True
Is IST_5 spanning? : True
Are all ISTs independent? : True

====TEST CR(194, 28, 56)====
Is IST_0 spanning? : True
Is IST_1 spanning? : True
Is IST_2 spanning? : True
Is IST_3 spanning? : True
Is IST_4 spanning? : True
Is IST_5 spanning? : True
Are all ISTs independent? : True

====TEST CR(195, 28, 56)====
Is IST_0 spanning? : True
Is IST_1 spanning? : True
Is IST_2 spanning? : True
Is IST_3 spanning? : True
Is IST_4 spanning? : True
Is IST_5 spanning? : True
Are all ISTs independent? : True

====TEST CR(196, 28, 56)====
Is IST_0 spanning? : True
Is IST_1 spanning? : True
Is IST_2 spanning? : True
Is IST_3 spanning? : True
Is IST_4 spanning? : True
Is IST_5 spanning? : True
Are all ISTs independent? : True

====TEST CR(197, 28, 56)====
Is IST_0 spanning? : True
Is IST_1 spanning? : True
Is IST_2 spanning? : True
Is IST_3 spanning? : True
Is IST_4 spanning? : True
Is IST_5 spanning? : True
Are all ISTs independent? : True

====TEST CR(198, 28, 56)====
Is IST_0 spanning? : True
Is IST_1 spanning? : True
Is IST_2 spanning? : True
Is IST_3 spanning? : True
Is IST_4 spanning? : True
Is IST_5 spanning? : True
Are all ISTs independent? : True

====TEST CR(199, 28, 56)====
Is IST_0 spanning? : True
Is IST_1 spanning? : True
Is IST_2 spanning? : True
Is IST_3 spanning? : True
Is IST_4 spanning? : True
Is IST_5 spanning? : True
Are all ISTs independent? : True

====TEST CR(200, 28, 56)====
Is IST_0 spanning? : True
Is IST_1 spanning? : True
Is IST_2 spanning? : True
Is IST_3 spanning? : True
Is IST_4 spanning? : True
Is IST_5 spanning? : True
Are all ISTs independent? : True

====TEST CR(201, 28, 56)====
Is IST_0 spanning? : True
Is IST_1 spanning? : True
Is IST_2 spanning? : True
Is IST_3 spanning? : True
Is IST_4 spanning? : True
Is IST_5 spanning? : True
Are all ISTs independent? : True

====TEST CR(202, 28, 56)====
Is IST_0 spanning? : True
Is IST_1 spanning? : True
Is IST_2 spanning? : True
Is IST_3 spanning? : True
Is IST_4 spanning? : True
Is IST_5 spanning? : True
Are all ISTs independent? : True

====TEST CR(203, 28, 56)====
Is IST_0 spanning? : True
Is IST_1 spanning? : True
Is IST_2 spanning? : True
Is IST_3 spanning? : True
Is IST_4 spanning? : True
Is IST_5 spanning? : True
Are all ISTs independent? : True

====TEST CR(204, 28, 56)====
Is IST_0 spanning? : True
Is IST_1 spanning? : True
Is IST_2 spanning? : True
Is IST_3 spanning? : True
Is IST_4 spanning? : True
Is IST_5 spanning? : True
Are all ISTs independent? : True

====TEST CR(205, 28, 56)====
Is IST_0 spanning? : True
Is IST_1 spanning? : True
Is IST_2 spanning? : True
Is IST_3 spanning? : True
Is IST_4 spanning? : True
Is IST_5 spanning? : True
Are all ISTs independent? : True

====TEST CR(206, 28, 56)====
Is IST_0 spanning? : True
Is IST_1 spanning? : True
Is IST_2 spanning? : True
Is IST_3 spanning? : True
Is IST_4 spanning? : True
Is IST_5 spanning? : True
Are all ISTs independent? : True

====TEST CR(207, 28, 56)====
Is IST_0 spanning? : True
Is IST_1 spanning? : True
Is IST_2 spanning? : True
Is IST_3 spanning? : True
Is IST_4 spanning? : True
Is IST_5 spanning? : True
Are all ISTs independent? : True

====TEST CR(208, 28, 56)====
Is IST_0 spanning? : True
Is IST_1 spanning? : True
Is IST_2 spanning? : True
Is IST_3 spanning? : True
Is IST_4 spanning? : True
Is IST_5 spanning? : True
Are all ISTs independent? : True

====TEST CR(209, 28, 56)====
Is IST_0 spanning? : True
Is IST_1 spanning? : True
Is IST_2 spanning? : True
Is IST_3 spanning? : True
Is IST_4 spanning? : True
Is IST_5 spanning? : True
Are all ISTs independent? : True

====TEST CR(210, 28, 56)====
Is IST_0 spanning? : True
Is IST_1 spanning? : True
Is IST_2 spanning? : True
Is IST_3 spanning? : True
Is IST_4 spanning? : True
Is IST_5 spanning? : True
Are all ISTs independent? : True

====TEST CR(211, 28, 56)====
Is IST_0 spanning? : True
Is IST_1 spanning? : True
Is IST_2 spanning? : True
Is IST_3 spanning? : True
Is IST_4 spanning? : True
Is IST_5 spanning? : True
Are all ISTs independent? : True

====TEST CR(212, 28, 56)====
Is IST_0 spanning? : True
Is IST_1 spanning? : True
Is IST_2 spanning? : True
Is IST_3 spanning? : True
Is IST_4 spanning? : True
Is IST_5 spanning? : True
Are all ISTs independent? : True

====TEST CR(213, 28, 56)====
Is IST_0 spanning? : True
Is IST_1 spanning? : True
Is IST_2 spanning? : True
Is IST_3 spanning? : True
Is IST_4 spanning? : True
Is IST_5 spanning? : True
Are all ISTs independent? : True

====TEST CR(214, 28, 56)====
Is IST_0 spanning? : True
Is IST_1 spanning? : True
Is IST_2 spanning? : True
Is IST_3 spanning? : True
Is IST_4 spanning? : True
Is IST_5 spanning? : True
Are all ISTs independent? : True

====TEST CR(215, 28, 56)====
Is IST_0 spanning? : True
Is IST_1 spanning? : True
Is IST_2 spanning? : True
Is IST_3 spanning? : True
Is IST_4 spanning? : True
Is IST_5 spanning? : True
Are all ISTs independent? : True

====TEST CR(216, 28, 56)====
Is IST_0 spanning? : True
Is IST_1 spanning? : True
Is IST_2 spanning? : True
Is IST_3 spanning? : True
Is IST_4 spanning? : True
Is IST_5 spanning? : True
Are all ISTs independent? : True

====TEST CR(217, 28, 56)====
Is IST_0 spanning? : True
Is IST_1 spanning? : True
Is IST_2 spanning? : True
Is IST_3 spanning? : True
Is IST_4 spanning? : True
Is IST_5 spanning? : True
Are all ISTs independent? : True

====TEST CR(218, 28, 56)====
Is IST_0 spanning? : True
Is IST_1 spanning? : True
Is IST_2 spanning? : True
Is IST_3 spanning? : True
Is IST_4 spanning? : True
Is IST_5 spanning? : True
Are all ISTs independent? : True

====TEST CR(219, 28, 56)====
Is IST_0 spanning? : True
Is IST_1 spanning? : True
Is IST_2 spanning? : True
Is IST_3 spanning? : True
Is IST_4 spanning? : True
Is IST_5 spanning? : True
Are all ISTs independent? : True

====TEST CR(220, 28, 56)====
Is IST_0 spanning? : True
Is IST_1 spanning? : True
Is IST_2 spanning? : True
Is IST_3 spanning? : True
Is IST_4 spanning? : True
Is IST_5 spanning? : True
Are all ISTs independent? : True

====TEST CR(221, 28, 56)====
Is IST_0 spanning? : True
Is IST_1 spanning? : True
Is IST_2 spanning? : True
Is IST_3 spanning? : True
Is IST_4 spanning? : True
Is IST_5 spanning? : True
Are all ISTs independent? : True

====TEST CR(222, 28, 56)====
Is IST_0 spanning? : True
Is IST_1 spanning? : True
Is IST_2 spanning? : True
Is IST_3 spanning? : True
Is IST_4 spanning? : True
Is IST_5 spanning? : True
Are all ISTs independent? : True

====TEST CR(223, 28, 56)====
Is IST_0 spanning? : True
Is IST_1 spanning? : True
Is IST_2 spanning? : True
Is IST_3 spanning? : True
Is IST_4 spanning? : True
Is IST_5 spanning? : True
Are all ISTs independent? : True

====TEST CR(224, 28, 56)====
Is IST_0 spanning? : True
Is IST_1 spanning? : True
Is IST_2 spanning? : True
Is IST_3 spanning? : True
Is IST_4 spanning? : True
Is IST_5 spanning? : True
Are all ISTs independent? : True

====TEST CR(225, 28, 56)====
Is IST_0 spanning? : True
Is IST_1 spanning? : True
Is IST_2 spanning? : True
Is IST_3 spanning? : True
Is IST_4 spanning? : True
Is IST_5 spanning? : True
Are all ISTs independent? : True

====TEST CR(226, 28, 56)====
Is IST_0 spanning? : True
Is IST_1 spanning? : True
Is IST_2 spanning? : True
Is IST_3 spanning? : True
Is IST_4 spanning? : True
Is IST_5 spanning? : True
Are all ISTs independent? : True

====TEST CR(227, 28, 56)====
Is IST_0 spanning? : True
Is IST_1 spanning? : True
Is IST_2 spanning? : True
Is IST_3 spanning? : True
Is IST_4 spanning? : True
Is IST_5 spanning? : True
Are all ISTs independent? : True

====TEST CR(228, 28, 56)====
Is IST_0 spanning? : True
Is IST_1 spanning? : True
Is IST_2 spanning? : True
Is IST_3 spanning? : True
Is IST_4 spanning? : True
Is IST_5 spanning? : True
Are all ISTs independent? : True

====TEST CR(229, 28, 56)====
Is IST_0 spanning? : True
Is IST_1 spanning? : True
Is IST_2 spanning? : True
Is IST_3 spanning? : True
Is IST_4 spanning? : True
Is IST_5 spanning? : True
Are all ISTs independent? : True

====TEST CR(230, 28, 56)====
Is IST_0 spanning? : True
Is IST_1 spanning? : True
Is IST_2 spanning? : True
Is IST_3 spanning? : True
Is IST_4 spanning? : True
Is IST_5 spanning? : True
Are all ISTs independent? : True

====TEST CR(231, 28, 56)====
Is IST_0 spanning? : True
Is IST_1 spanning? : True
Is IST_2 spanning? : True
Is IST_3 spanning? : True
Is IST_4 spanning? : True
Is IST_5 spanning? : True
Are all ISTs independent? : True

====TEST CR(232, 28, 56)====
Is IST_0 spanning? : True
Is IST_1 spanning? : True
Is IST_2 spanning? : True
Is IST_3 spanning? : True
Is IST_4 spanning? : True
Is IST_5 spanning? : True
Are all ISTs independent? : True

====TEST CR(233, 28, 56)====
Is IST_0 spanning? : True
Is IST_1 spanning? : True
Is IST_2 spanning? : True
Is IST_3 spanning? : True
Is IST_4 spanning? : True
Is IST_5 spanning? : True
Are all ISTs independent? : True

====TEST CR(234, 28, 56)====
Is IST_0 spanning? : True
Is IST_1 spanning? : True
Is IST_2 spanning? : True
Is IST_3 spanning? : True
Is IST_4 spanning? : True
Is IST_5 spanning? : True
Are all ISTs independent? : True

====TEST CR(235, 28, 56)====
Is IST_0 spanning? : True
Is IST_1 spanning? : True
Is IST_2 spanning? : True
Is IST_3 spanning? : True
Is IST_4 spanning? : True
Is IST_5 spanning? : True
Are all ISTs independent? : True

====TEST CR(236, 28, 56)====
Is IST_0 spanning? : True
Is IST_1 spanning? : True
Is IST_2 spanning? : True
Is IST_3 spanning? : True
Is IST_4 spanning? : True
Is IST_5 spanning? : True
Are all ISTs independent? : True

====TEST CR(237, 28, 56)====
Is IST_0 spanning? : True
Is IST_1 spanning? : True
Is IST_2 spanning? : True
Is IST_3 spanning? : True
Is IST_4 spanning? : True
Is IST_5 spanning? : True
Are all ISTs independent? : True

====TEST CR(238, 28, 56)====
Is IST_0 spanning? : True
Is IST_1 spanning? : True
Is IST_2 spanning? : True
Is IST_3 spanning? : True
Is IST_4 spanning? : True
Is IST_5 spanning? : True
Are all ISTs independent? : True

====TEST CR(239, 28, 56)====
Is IST_0 spanning? : True
Is IST_1 spanning? : True
Is IST_2 spanning? : True
Is IST_3 spanning? : True
Is IST_4 spanning? : True
Is IST_5 spanning? : True
Are all ISTs independent? : True

====TEST CR(240, 28, 56)====
Is IST_0 spanning? : True
Is IST_1 spanning? : True
Is IST_2 spanning? : True
Is IST_3 spanning? : True
Is IST_4 spanning? : True
Is IST_5 spanning? : True
Are all ISTs independent? : True

====TEST CR(241, 28, 56)====
Is IST_0 spanning? : True
Is IST_1 spanning? : True
Is IST_2 spanning? : True
Is IST_3 spanning? : True
Is IST_4 spanning? : True
Is IST_5 spanning? : True
Are all ISTs independent? : True

====TEST CR(242, 28, 56)====
Is IST_0 spanning? : True
Is IST_1 spanning? : True
Is IST_2 spanning? : True
Is IST_3 spanning? : True
Is IST_4 spanning? : True
Is IST_5 spanning? : True
Are all ISTs independent? : True

====TEST CR(243, 28, 56)====
Is IST_0 spanning? : True
Is IST_1 spanning? : True
Is IST_2 spanning? : True
Is IST_3 spanning? : True
Is IST_4 spanning? : True
Is IST_5 spanning? : True
Are all ISTs independent? : True

====TEST CR(244, 28, 56)====
Is IST_0 spanning? : True
Is IST_1 spanning? : True
Is IST_2 spanning? : True
Is IST_3 spanning? : True
Is IST_4 spanning? : True
Is IST_5 spanning? : True
Are all ISTs independent? : True

====TEST CR(245, 28, 56)====
Is IST_0 spanning? : True
Is IST_1 spanning? : True
Is IST_2 spanning? : True
Is IST_3 spanning? : True
Is IST_4 spanning? : True
Is IST_5 spanning? : True
Are all ISTs independent? : True

====TEST CR(246, 28, 56)====
Is IST_0 spanning? : True
Is IST_1 spanning? : True
Is IST_2 spanning? : True
Is IST_3 spanning? : True
Is IST_4 spanning? : True
Is IST_5 spanning? : True
Are all ISTs independent? : True

====TEST CR(247, 28, 56)====
Is IST_0 spanning? : True
Is IST_1 spanning? : True
Is IST_2 spanning? : True
Is IST_3 spanning? : True
Is IST_4 spanning? : True
Is IST_5 spanning? : True
Are all ISTs independent? : True

====TEST CR(248, 28, 56)====
Is IST_0 spanning? : True
Is IST_1 spanning? : True
Is IST_2 spanning? : True
Is IST_3 spanning? : True
Is IST_4 spanning? : True
Is IST_5 spanning? : True
Are all ISTs independent? : True

====TEST CR(249, 28, 56)====
Is IST_0 spanning? : True
Is IST_1 spanning? : True
Is IST_2 spanning? : True
Is IST_3 spanning? : True
Is IST_4 spanning? : True
Is IST_5 spanning? : True
Are all ISTs independent? : True

====TEST CR(250, 28, 56)====
Is IST_0 spanning? : True
Is IST_1 spanning? : True
Is IST_2 spanning? : True
Is IST_3 spanning? : True
Is IST_4 spanning? : True
Is IST_5 spanning? : True
Are all ISTs independent? : True

====TEST CR(251, 28, 56)====
Is IST_0 spanning? : True
Is IST_1 spanning? : True
Is IST_2 spanning? : True
Is IST_3 spanning? : True
Is IST_4 spanning? : True
Is IST_5 spanning? : True
Are all ISTs independent? : True

====TEST CR(252, 28, 56)====
Is IST_0 spanning? : True
Is IST_1 spanning? : True
Is IST_2 spanning? : True
Is IST_3 spanning? : True
Is IST_4 spanning? : True
Is IST_5 spanning? : True
Are all ISTs independent? : True

====TEST CR(253, 28, 56)====
Is IST_0 spanning? : True
Is IST_1 spanning? : True
Is IST_2 spanning? : True
Is IST_3 spanning? : True
Is IST_4 spanning? : True
Is IST_5 spanning? : True
Are all ISTs independent? : True

====TEST CR(254, 28, 56)====
Is IST_0 spanning? : True
Is IST_1 spanning? : True
Is IST_2 spanning? : True
Is IST_3 spanning? : True
Is IST_4 spanning? : True
Is IST_5 spanning? : True
Are all ISTs independent? : True

====TEST CR(255, 28, 56)====
Is IST_0 spanning? : True
Is IST_1 spanning? : True
Is IST_2 spanning? : True
Is IST_3 spanning? : True
Is IST_4 spanning? : True
Is IST_5 spanning? : True
Are all ISTs independent? : True

====TEST CR(256, 28, 56)====
Is IST_0 spanning? : True
Is IST_1 spanning? : True
Is IST_2 spanning? : True
Is IST_3 spanning? : True
Is IST_4 spanning? : True
Is IST_5 spanning? : True
Are all ISTs independent? : True

====TEST CR(257, 28, 56)====
Is IST_0 spanning? : True
Is IST_1 spanning? : True
Is IST_2 spanning? : True
Is IST_3 spanning? : True
Is IST_4 spanning? : True
Is IST_5 spanning? : True
Are all ISTs independent? : True

====TEST CR(258, 28, 56)====
Is IST_0 spanning? : True
Is IST_1 spanning? : True
Is IST_2 spanning? : True
Is IST_3 spanning? : True
Is IST_4 spanning? : True
Is IST_5 spanning? : True
Are all ISTs independent? : True

====TEST CR(259, 28, 56)====
Is IST_0 spanning? : True
Is IST_1 spanning? : True
Is IST_2 spanning? : True
Is IST_3 spanning? : True
Is IST_4 spanning? : True
Is IST_5 spanning? : True
Are all ISTs independent? : True

====TEST CR(260, 28, 56)====
Is IST_0 spanning? : True
Is IST_1 spanning? : True
Is IST_2 spanning? : True
Is IST_3 spanning? : True
Is IST_4 spanning? : True
Is IST_5 spanning? : True
Are all ISTs independent? : True

====TEST CR(261, 28, 56)====
Is IST_0 spanning? : True
Is IST_1 spanning? : True
Is IST_2 spanning? : True
Is IST_3 spanning? : True
Is IST_4 spanning? : True
Is IST_5 spanning? : True
Are all ISTs independent? : True

====TEST CR(262, 28, 56)====
Is IST_0 spanning? : True
Is IST_1 spanning? : True
Is IST_2 spanning? : True
Is IST_3 spanning? : True
Is IST_4 spanning? : True
Is IST_5 spanning? : True
Are all ISTs independent? : True

====TEST CR(263, 28, 56)====
Is IST_0 spanning? : True
Is IST_1 spanning? : True
Is IST_2 spanning? : True
Is IST_3 spanning? : True
Is IST_4 spanning? : True
Is IST_5 spanning? : True
Are all ISTs independent? : True

====TEST CR(264, 28, 56)====
Is IST_0 spanning? : True
Is IST_1 spanning? : True
Is IST_2 spanning? : True
Is IST_3 spanning? : True
Is IST_4 spanning? : True
Is IST_5 spanning? : True
Are all ISTs independent? : True

====TEST CR(265, 28, 56)====
Is IST_0 spanning? : True
Is IST_1 spanning? : True
Is IST_2 spanning? : True
Is IST_3 spanning? : True
Is IST_4 spanning? : True
Is IST_5 spanning? : True
Are all ISTs independent? : True

====TEST CR(266, 28, 56)====
Is IST_0 spanning? : True
Is IST_1 spanning? : True
Is IST_2 spanning? : True
Is IST_3 spanning? : True
Is IST_4 spanning? : True
Is IST_5 spanning? : True
Are all ISTs independent? : True

====TEST CR(267, 28, 56)====
Is IST_0 spanning? : True
Is IST_1 spanning? : True
Is IST_2 spanning? : True
Is IST_3 spanning? : True
Is IST_4 spanning? : True
Is IST_5 spanning? : True
Are all ISTs independent? : True

====TEST CR(268, 28, 56)====
Is IST_0 spanning? : True
Is IST_1 spanning? : True
Is IST_2 spanning? : True
Is IST_3 spanning? : True
Is IST_4 spanning? : True
Is IST_5 spanning? : True
Are all ISTs independent? : True

====TEST CR(269, 28, 56)====
Is IST_0 spanning? : True
Is IST_1 spanning? : True
Is IST_2 spanning? : True
Is IST_3 spanning? : True
Is IST_4 spanning? : True
Is IST_5 spanning? : True
Are all ISTs independent? : True

====TEST CR(270, 28, 56)====
Is IST_0 spanning? : True
Is IST_1 spanning? : True
Is IST_2 spanning? : True
Is IST_3 spanning? : True
Is IST_4 spanning? : True
Is IST_5 spanning? : True
Are all ISTs independent? : True

====TEST CR(271, 28, 56)====
Is IST_0 spanning? : True
Is IST_1 spanning? : True
Is IST_2 spanning? : True
Is IST_3 spanning? : True
Is IST_4 spanning? : True
Is IST_5 spanning? : True
Are all ISTs independent? : True

====TEST CR(272, 28, 56)====
Is IST_0 spanning? : True
Is IST_1 spanning? : True
Is IST_2 spanning? : True
Is IST_3 spanning? : True
Is IST_4 spanning? : True
Is IST_5 spanning? : True
Are all ISTs independent? : True

====TEST CR(273, 28, 56)====
Is IST_0 spanning? : True
Is IST_1 spanning? : True
Is IST_2 spanning? : True
Is IST_3 spanning? : True
Is IST_4 spanning? : True
Is IST_5 spanning? : True
Are all ISTs independent? : True

====TEST CR(274, 28, 56)====
Is IST_0 spanning? : True
Is IST_1 spanning? : True
Is IST_2 spanning? : True
Is IST_3 spanning? : True
Is IST_4 spanning? : True
Is IST_5 spanning? : True
Are all ISTs independent? : True

====TEST CR(275, 28, 56)====
Is IST_0 spanning? : True
Is IST_1 spanning? : True
Is IST_2 spanning? : True
Is IST_3 spanning? : True
Is IST_4 spanning? : True
Is IST_5 spanning? : True
Are all ISTs independent? : True

====TEST CR(276, 28, 56)====
Is IST_0 spanning? : True
Is IST_1 spanning? : True
Is IST_2 spanning? : True
Is IST_3 spanning? : True
Is IST_4 spanning? : True
Is IST_5 spanning? : True
Are all ISTs independent? : True

====TEST CR(277, 28, 56)====
Is IST_0 spanning? : True
Is IST_1 spanning? : True
Is IST_2 spanning? : True
Is IST_3 spanning? : True
Is IST_4 spanning? : True
Is IST_5 spanning? : True
Are all ISTs independent? : True

====TEST CR(278, 28, 56)====
Is IST_0 spanning? : True
Is IST_1 spanning? : True
Is IST_2 spanning? : True
Is IST_3 spanning? : True
Is IST_4 spanning? : True
Is IST_5 spanning? : True
Are all ISTs independent? : True

====TEST CR(279, 28, 56)====
Is IST_0 spanning? : True
Is IST_1 spanning? : True
Is IST_2 spanning? : True
Is IST_3 spanning? : True
Is IST_4 spanning? : True
Is IST_5 spanning? : True
Are all ISTs independent? : True

====TEST CR(280, 28, 56)====
Is IST_0 spanning? : True
Is IST_1 spanning? : True
Is IST_2 spanning? : True
Is IST_3 spanning? : True
Is IST_4 spanning? : True
Is IST_5 spanning? : True
Are all ISTs independent? : True

====TEST CR(281, 28, 56)====
Is IST_0 spanning? : True
Is IST_1 spanning? : True
Is IST_2 spanning? : True
Is IST_3 spanning? : True
Is IST_4 spanning? : True
Is IST_5 spanning? : True
Are all ISTs independent? : True

====TEST CR(282, 28, 56)====
Is IST_0 spanning? : True
Is IST_1 spanning? : True
Is IST_2 spanning? : True
Is IST_3 spanning? : True
Is IST_4 spanning? : True
Is IST_5 spanning? : True
Are all ISTs independent? : True

====TEST CR(283, 28, 56)====
Is IST_0 spanning? : True
Is IST_1 spanning? : True
Is IST_2 spanning? : True
Is IST_3 spanning? : True
Is IST_4 spanning? : True
Is IST_5 spanning? : True
Are all ISTs independent? : True

====TEST CR(284, 28, 56)====
Is IST_0 spanning? : True
Is IST_1 spanning? : True
Is IST_2 spanning? : True
Is IST_3 spanning? : True
Is IST_4 spanning? : True
Is IST_5 spanning? : True
Are all ISTs independent? : True

====TEST CR(285, 28, 56)====
Is IST_0 spanning? : True
Is IST_1 spanning? : True
Is IST_2 spanning? : True
Is IST_3 spanning? : True
Is IST_4 spanning? : True
Is IST_5 spanning? : True
Are all ISTs independent? : True

====TEST CR(286, 28, 56)====
Is IST_0 spanning? : True
Is IST_1 spanning? : True
Is IST_2 spanning? : True
Is IST_3 spanning? : True
Is IST_4 spanning? : True
Is IST_5 spanning? : True
Are all ISTs independent? : True

====TEST CR(287, 28, 56)====
Is IST_0 spanning? : True
Is IST_1 spanning? : True
Is IST_2 spanning? : True
Is IST_3 spanning? : True
Is IST_4 spanning? : True
Is IST_5 spanning? : True
Are all ISTs independent? : True

====TEST CR(288, 28, 56)====
Is IST_0 spanning? : True
Is IST_1 spanning? : True
Is IST_2 spanning? : True
Is IST_3 spanning? : True
Is IST_4 spanning? : True
Is IST_5 spanning? : True
Are all ISTs independent? : True

====TEST CR(289, 28, 56)====
Is IST_0 spanning? : True
Is IST_1 spanning? : True
Is IST_2 spanning? : True
Is IST_3 spanning? : True
Is IST_4 spanning? : True
Is IST_5 spanning? : True
Are all ISTs independent? : True

====TEST CR(290, 28, 56)====
Is IST_0 spanning? : True
Is IST_1 spanning? : True
Is IST_2 spanning? : True
Is IST_3 spanning? : True
Is IST_4 spanning? : True
Is IST_5 spanning? : True
Are all ISTs independent? : True

====TEST CR(291, 28, 56)====
Is IST_0 spanning? : True
Is IST_1 spanning? : True
Is IST_2 spanning? : True
Is IST_3 spanning? : True
Is IST_4 spanning? : True
Is IST_5 spanning? : True
Are all ISTs independent? : True

====TEST CR(292, 28, 56)====
Is IST_0 spanning? : True
Is IST_1 spanning? : True
Is IST_2 spanning? : True
Is IST_3 spanning? : True
Is IST_4 spanning? : True
Is IST_5 spanning? : True
Are all ISTs independent? : True

====TEST CR(293, 28, 56)====
Is IST_0 spanning? : True
Is IST_1 spanning? : True
Is IST_2 spanning? : True
Is IST_3 spanning? : True
Is IST_4 spanning? : True
Is IST_5 spanning? : True
Are all ISTs independent? : True

====TEST CR(294, 28, 56)====
Is IST_0 spanning? : True
Is IST_1 spanning? : True
Is IST_2 spanning? : True
Is IST_3 spanning? : True
Is IST_4 spanning? : True
Is IST_5 spanning? : True
Are all ISTs independent? : True

====TEST CR(295, 28, 56)====
Is IST_0 spanning? : True
Is IST_1 spanning? : True
Is IST_2 spanning? : True
Is IST_3 spanning? : True
Is IST_4 spanning? : True
Is IST_5 spanning? : True
Are all ISTs independent? : True

====TEST CR(296, 28, 56)====
Is IST_0 spanning? : True
Is IST_1 spanning? : True
Is IST_2 spanning? : True
Is IST_3 spanning? : True
Is IST_4 spanning? : True
Is IST_5 spanning? : True
Are all ISTs independent? : True

====TEST CR(174, 29, 58)====
Is IST_0 spanning? : True
Is IST_1 spanning? : True
Is IST_2 spanning? : True
Is IST_3 spanning? : True
Is IST_4 spanning? : True
Is IST_5 spanning? : True
Are all ISTs independent? : True

====TEST CR(175, 29, 58)====
Is IST_0 spanning? : True
Is IST_1 spanning? : True
Is IST_2 spanning? : True
Is IST_3 spanning? : True
Is IST_4 spanning? : True
Is IST_5 spanning? : True
Are all ISTs independent? : True

====TEST CR(176, 29, 58)====
Is IST_0 spanning? : True
Is IST_1 spanning? : True
Is IST_2 spanning? : True
Is IST_3 spanning? : True
Is IST_4 spanning? : True
Is IST_5 spanning? : True
Are all ISTs independent? : True

====TEST CR(177, 29, 58)====
Is IST_0 spanning? : True
Is IST_1 spanning? : True
Is IST_2 spanning? : True
Is IST_3 spanning? : True
Is IST_4 spanning? : True
Is IST_5 spanning? : True
Are all ISTs independent? : True

====TEST CR(178, 29, 58)====
Is IST_0 spanning? : True
Is IST_1 spanning? : True
Is IST_2 spanning? : True
Is IST_3 spanning? : True
Is IST_4 spanning? : True
Is IST_5 spanning? : True
Are all ISTs independent? : True

====TEST CR(179, 29, 58)====
Is IST_0 spanning? : True
Is IST_1 spanning? : True
Is IST_2 spanning? : True
Is IST_3 spanning? : True
Is IST_4 spanning? : True
Is IST_5 spanning? : True
Are all ISTs independent? : True

====TEST CR(180, 29, 58)====
Is IST_0 spanning? : True
Is IST_1 spanning? : True
Is IST_2 spanning? : True
Is IST_3 spanning? : True
Is IST_4 spanning? : True
Is IST_5 spanning? : True
Are all ISTs independent? : True

====TEST CR(181, 29, 58)====
Is IST_0 spanning? : True
Is IST_1 spanning? : True
Is IST_2 spanning? : True
Is IST_3 spanning? : True
Is IST_4 spanning? : True
Is IST_5 spanning? : True
Are all ISTs independent? : True

====TEST CR(182, 29, 58)====
Is IST_0 spanning? : True
Is IST_1 spanning? : True
Is IST_2 spanning? : True
Is IST_3 spanning? : True
Is IST_4 spanning? : True
Is IST_5 spanning? : True
Are all ISTs independent? : True

====TEST CR(183, 29, 58)====
Is IST_0 spanning? : True
Is IST_1 spanning? : True
Is IST_2 spanning? : True
Is IST_3 spanning? : True
Is IST_4 spanning? : True
Is IST_5 spanning? : True
Are all ISTs independent? : True

====TEST CR(184, 29, 58)====
Is IST_0 spanning? : True
Is IST_1 spanning? : True
Is IST_2 spanning? : True
Is IST_3 spanning? : True
Is IST_4 spanning? : True
Is IST_5 spanning? : True
Are all ISTs independent? : True

====TEST CR(185, 29, 58)====
Is IST_0 spanning? : True
Is IST_1 spanning? : True
Is IST_2 spanning? : True
Is IST_3 spanning? : True
Is IST_4 spanning? : True
Is IST_5 spanning? : True
Are all ISTs independent? : True

====TEST CR(186, 29, 58)====
Is IST_0 spanning? : True
Is IST_1 spanning? : True
Is IST_2 spanning? : True
Is IST_3 spanning? : True
Is IST_4 spanning? : True
Is IST_5 spanning? : True
Are all ISTs independent? : True

====TEST CR(187, 29, 58)====
Is IST_0 spanning? : True
Is IST_1 spanning? : True
Is IST_2 spanning? : True
Is IST_3 spanning? : True
Is IST_4 spanning? : True
Is IST_5 spanning? : True
Are all ISTs independent? : True

====TEST CR(188, 29, 58)====
Is IST_0 spanning? : True
Is IST_1 spanning? : True
Is IST_2 spanning? : True
Is IST_3 spanning? : True
Is IST_4 spanning? : True
Is IST_5 spanning? : True
Are all ISTs independent? : True

====TEST CR(189, 29, 58)====
Is IST_0 spanning? : True
Is IST_1 spanning? : True
Is IST_2 spanning? : True
Is IST_3 spanning? : True
Is IST_4 spanning? : True
Is IST_5 spanning? : True
Are all ISTs independent? : True

====TEST CR(190, 29, 58)====
Is IST_0 spanning? : True
Is IST_1 spanning? : True
Is IST_2 spanning? : True
Is IST_3 spanning? : True
Is IST_4 spanning? : True
Is IST_5 spanning? : True
Are all ISTs independent? : True

====TEST CR(191, 29, 58)====
Is IST_0 spanning? : True
Is IST_1 spanning? : True
Is IST_2 spanning? : True
Is IST_3 spanning? : True
Is IST_4 spanning? : True
Is IST_5 spanning? : True
Are all ISTs independent? : True

====TEST CR(192, 29, 58)====
Is IST_0 spanning? : True
Is IST_1 spanning? : True
Is IST_2 spanning? : True
Is IST_3 spanning? : True
Is IST_4 spanning? : True
Is IST_5 spanning? : True
Are all ISTs independent? : True

====TEST CR(193, 29, 58)====
Is IST_0 spanning? : True
Is IST_1 spanning? : True
Is IST_2 spanning? : True
Is IST_3 spanning? : True
Is IST_4 spanning? : True
Is IST_5 spanning? : True
Are all ISTs independent? : True

====TEST CR(194, 29, 58)====
Is IST_0 spanning? : True
Is IST_1 spanning? : True
Is IST_2 spanning? : True
Is IST_3 spanning? : True
Is IST_4 spanning? : True
Is IST_5 spanning? : True
Are all ISTs independent? : True

====TEST CR(195, 29, 58)====
Is IST_0 spanning? : True
Is IST_1 spanning? : True
Is IST_2 spanning? : True
Is IST_3 spanning? : True
Is IST_4 spanning? : True
Is IST_5 spanning? : True
Are all ISTs independent? : True

====TEST CR(196, 29, 58)====
Is IST_0 spanning? : True
Is IST_1 spanning? : True
Is IST_2 spanning? : True
Is IST_3 spanning? : True
Is IST_4 spanning? : True
Is IST_5 spanning? : True
Are all ISTs independent? : True

====TEST CR(197, 29, 58)====
Is IST_0 spanning? : True
Is IST_1 spanning? : True
Is IST_2 spanning? : True
Is IST_3 spanning? : True
Is IST_4 spanning? : True
Is IST_5 spanning? : True
Are all ISTs independent? : True

====TEST CR(198, 29, 58)====
Is IST_0 spanning? : True
Is IST_1 spanning? : True
Is IST_2 spanning? : True
Is IST_3 spanning? : True
Is IST_4 spanning? : True
Is IST_5 spanning? : True
Are all ISTs independent? : True

====TEST CR(199, 29, 58)====
Is IST_0 spanning? : True
Is IST_1 spanning? : True
Is IST_2 spanning? : True
Is IST_3 spanning? : True
Is IST_4 spanning? : True
Is IST_5 spanning? : True
Are all ISTs independent? : True

====TEST CR(200, 29, 58)====
Is IST_0 spanning? : True
Is IST_1 spanning? : True
Is IST_2 spanning? : True
Is IST_3 spanning? : True
Is IST_4 spanning? : True
Is IST_5 spanning? : True
Are all ISTs independent? : True

====TEST CR(201, 29, 58)====
Is IST_0 spanning? : True
Is IST_1 spanning? : True
Is IST_2 spanning? : True
Is IST_3 spanning? : True
Is IST_4 spanning? : True
Is IST_5 spanning? : True
Are all ISTs independent? : True

====TEST CR(202, 29, 58)====
Is IST_0 spanning? : True
Is IST_1 spanning? : True
Is IST_2 spanning? : True
Is IST_3 spanning? : True
Is IST_4 spanning? : True
Is IST_5 spanning? : True
Are all ISTs independent? : True

====TEST CR(203, 29, 58)====
Is IST_0 spanning? : True
Is IST_1 spanning? : True
Is IST_2 spanning? : True
Is IST_3 spanning? : True
Is IST_4 spanning? : True
Is IST_5 spanning? : True
Are all ISTs independent? : True

====TEST CR(204, 29, 58)====
Is IST_0 spanning? : True
Is IST_1 spanning? : True
Is IST_2 spanning? : True
Is IST_3 spanning? : True
Is IST_4 spanning? : True
Is IST_5 spanning? : True
Are all ISTs independent? : True

====TEST CR(205, 29, 58)====
Is IST_0 spanning? : True
Is IST_1 spanning? : True
Is IST_2 spanning? : True
Is IST_3 spanning? : True
Is IST_4 spanning? : True
Is IST_5 spanning? : True
Are all ISTs independent? : True

====TEST CR(206, 29, 58)====
Is IST_0 spanning? : True
Is IST_1 spanning? : True
Is IST_2 spanning? : True
Is IST_3 spanning? : True
Is IST_4 spanning? : True
Is IST_5 spanning? : True
Are all ISTs independent? : True

====TEST CR(207, 29, 58)====
Is IST_0 spanning? : True
Is IST_1 spanning? : True
Is IST_2 spanning? : True
Is IST_3 spanning? : True
Is IST_4 spanning? : True
Is IST_5 spanning? : True
Are all ISTs independent? : True

====TEST CR(208, 29, 58)====
Is IST_0 spanning? : True
Is IST_1 spanning? : True
Is IST_2 spanning? : True
Is IST_3 spanning? : True
Is IST_4 spanning? : True
Is IST_5 spanning? : True
Are all ISTs independent? : True

====TEST CR(209, 29, 58)====
Is IST_0 spanning? : True
Is IST_1 spanning? : True
Is IST_2 spanning? : True
Is IST_3 spanning? : True
Is IST_4 spanning? : True
Is IST_5 spanning? : True
Are all ISTs independent? : True

====TEST CR(210, 29, 58)====
Is IST_0 spanning? : True
Is IST_1 spanning? : True
Is IST_2 spanning? : True
Is IST_3 spanning? : True
Is IST_4 spanning? : True
Is IST_5 spanning? : True
Are all ISTs independent? : True

====TEST CR(211, 29, 58)====
Is IST_0 spanning? : True
Is IST_1 spanning? : True
Is IST_2 spanning? : True
Is IST_3 spanning? : True
Is IST_4 spanning? : True
Is IST_5 spanning? : True
Are all ISTs independent? : True

====TEST CR(212, 29, 58)====
Is IST_0 spanning? : True
Is IST_1 spanning? : True
Is IST_2 spanning? : True
Is IST_3 spanning? : True
Is IST_4 spanning? : True
Is IST_5 spanning? : True
Are all ISTs independent? : True

====TEST CR(213, 29, 58)====
Is IST_0 spanning? : True
Is IST_1 spanning? : True
Is IST_2 spanning? : True
Is IST_3 spanning? : True
Is IST_4 spanning? : True
Is IST_5 spanning? : True
Are all ISTs independent? : True

====TEST CR(214, 29, 58)====
Is IST_0 spanning? : True
Is IST_1 spanning? : True
Is IST_2 spanning? : True
Is IST_3 spanning? : True
Is IST_4 spanning? : True
Is IST_5 spanning? : True
Are all ISTs independent? : True

====TEST CR(215, 29, 58)====
Is IST_0 spanning? : True
Is IST_1 spanning? : True
Is IST_2 spanning? : True
Is IST_3 spanning? : True
Is IST_4 spanning? : True
Is IST_5 spanning? : True
Are all ISTs independent? : True

====TEST CR(216, 29, 58)====
Is IST_0 spanning? : True
Is IST_1 spanning? : True
Is IST_2 spanning? : True
Is IST_3 spanning? : True
Is IST_4 spanning? : True
Is IST_5 spanning? : True
Are all ISTs independent? : True

====TEST CR(217, 29, 58)====
Is IST_0 spanning? : True
Is IST_1 spanning? : True
Is IST_2 spanning? : True
Is IST_3 spanning? : True
Is IST_4 spanning? : True
Is IST_5 spanning? : True
Are all ISTs independent? : True

====TEST CR(218, 29, 58)====
Is IST_0 spanning? : True
Is IST_1 spanning? : True
Is IST_2 spanning? : True
Is IST_3 spanning? : True
Is IST_4 spanning? : True
Is IST_5 spanning? : True
Are all ISTs independent? : True

====TEST CR(219, 29, 58)====
Is IST_0 spanning? : True
Is IST_1 spanning? : True
Is IST_2 spanning? : True
Is IST_3 spanning? : True
Is IST_4 spanning? : True
Is IST_5 spanning? : True
Are all ISTs independent? : True

====TEST CR(220, 29, 58)====
Is IST_0 spanning? : True
Is IST_1 spanning? : True
Is IST_2 spanning? : True
Is IST_3 spanning? : True
Is IST_4 spanning? : True
Is IST_5 spanning? : True
Are all ISTs independent? : True

====TEST CR(221, 29, 58)====
Is IST_0 spanning? : True
Is IST_1 spanning? : True
Is IST_2 spanning? : True
Is IST_3 spanning? : True
Is IST_4 spanning? : True
Is IST_5 spanning? : True
Are all ISTs independent? : True

====TEST CR(222, 29, 58)====
Is IST_0 spanning? : True
Is IST_1 spanning? : True
Is IST_2 spanning? : True
Is IST_3 spanning? : True
Is IST_4 spanning? : True
Is IST_5 spanning? : True
Are all ISTs independent? : True

====TEST CR(223, 29, 58)====
Is IST_0 spanning? : True
Is IST_1 spanning? : True
Is IST_2 spanning? : True
Is IST_3 spanning? : True
Is IST_4 spanning? : True
Is IST_5 spanning? : True
Are all ISTs independent? : True

====TEST CR(224, 29, 58)====
Is IST_0 spanning? : True
Is IST_1 spanning? : True
Is IST_2 spanning? : True
Is IST_3 spanning? : True
Is IST_4 spanning? : True
Is IST_5 spanning? : True
Are all ISTs independent? : True

====TEST CR(225, 29, 58)====
Is IST_0 spanning? : True
Is IST_1 spanning? : True
Is IST_2 spanning? : True
Is IST_3 spanning? : True
Is IST_4 spanning? : True
Is IST_5 spanning? : True
Are all ISTs independent? : True

====TEST CR(226, 29, 58)====
Is IST_0 spanning? : True
Is IST_1 spanning? : True
Is IST_2 spanning? : True
Is IST_3 spanning? : True
Is IST_4 spanning? : True
Is IST_5 spanning? : True
Are all ISTs independent? : True

====TEST CR(227, 29, 58)====
Is IST_0 spanning? : True
Is IST_1 spanning? : True
Is IST_2 spanning? : True
Is IST_3 spanning? : True
Is IST_4 spanning? : True
Is IST_5 spanning? : True
Are all ISTs independent? : True

====TEST CR(228, 29, 58)====
Is IST_0 spanning? : True
Is IST_1 spanning? : True
Is IST_2 spanning? : True
Is IST_3 spanning? : True
Is IST_4 spanning? : True
Is IST_5 spanning? : True
Are all ISTs independent? : True

====TEST CR(229, 29, 58)====
Is IST_0 spanning? : True
Is IST_1 spanning? : True
Is IST_2 spanning? : True
Is IST_3 spanning? : True
Is IST_4 spanning? : True
Is IST_5 spanning? : True
Are all ISTs independent? : True

====TEST CR(230, 29, 58)====
Is IST_0 spanning? : True
Is IST_1 spanning? : True
Is IST_2 spanning? : True
Is IST_3 spanning? : True
Is IST_4 spanning? : True
Is IST_5 spanning? : True
Are all ISTs independent? : True

====TEST CR(231, 29, 58)====
Is IST_0 spanning? : True
Is IST_1 spanning? : True
Is IST_2 spanning? : True
Is IST_3 spanning? : True
Is IST_4 spanning? : True
Is IST_5 spanning? : True
Are all ISTs independent? : True

====TEST CR(232, 29, 58)====
Is IST_0 spanning? : True
Is IST_1 spanning? : True
Is IST_2 spanning? : True
Is IST_3 spanning? : True
Is IST_4 spanning? : True
Is IST_5 spanning? : True
Are all ISTs independent? : True

====TEST CR(233, 29, 58)====
Is IST_0 spanning? : True
Is IST_1 spanning? : True
Is IST_2 spanning? : True
Is IST_3 spanning? : True
Is IST_4 spanning? : True
Is IST_5 spanning? : True
Are all ISTs independent? : True

====TEST CR(234, 29, 58)====
Is IST_0 spanning? : True
Is IST_1 spanning? : True
Is IST_2 spanning? : True
Is IST_3 spanning? : True
Is IST_4 spanning? : True
Is IST_5 spanning? : True
Are all ISTs independent? : True

====TEST CR(235, 29, 58)====
Is IST_0 spanning? : True
Is IST_1 spanning? : True
Is IST_2 spanning? : True
Is IST_3 spanning? : True
Is IST_4 spanning? : True
Is IST_5 spanning? : True
Are all ISTs independent? : True

====TEST CR(236, 29, 58)====
Is IST_0 spanning? : True
Is IST_1 spanning? : True
Is IST_2 spanning? : True
Is IST_3 spanning? : True
Is IST_4 spanning? : True
Is IST_5 spanning? : True
Are all ISTs independent? : True

====TEST CR(237, 29, 58)====
Is IST_0 spanning? : True
Is IST_1 spanning? : True
Is IST_2 spanning? : True
Is IST_3 spanning? : True
Is IST_4 spanning? : True
Is IST_5 spanning? : True
Are all ISTs independent? : True

====TEST CR(238, 29, 58)====
Is IST_0 spanning? : True
Is IST_1 spanning? : True
Is IST_2 spanning? : True
Is IST_3 spanning? : True
Is IST_4 spanning? : True
Is IST_5 spanning? : True
Are all ISTs independent? : True

====TEST CR(239, 29, 58)====
Is IST_0 spanning? : True
Is IST_1 spanning? : True
Is IST_2 spanning? : True
Is IST_3 spanning? : True
Is IST_4 spanning? : True
Is IST_5 spanning? : True
Are all ISTs independent? : True

====TEST CR(240, 29, 58)====
Is IST_0 spanning? : True
Is IST_1 spanning? : True
Is IST_2 spanning? : True
Is IST_3 spanning? : True
Is IST_4 spanning? : True
Is IST_5 spanning? : True
Are all ISTs independent? : True

====TEST CR(241, 29, 58)====
Is IST_0 spanning? : True
Is IST_1 spanning? : True
Is IST_2 spanning? : True
Is IST_3 spanning? : True
Is IST_4 spanning? : True
Is IST_5 spanning? : True
Are all ISTs independent? : True

====TEST CR(242, 29, 58)====
Is IST_0 spanning? : True
Is IST_1 spanning? : True
Is IST_2 spanning? : True
Is IST_3 spanning? : True
Is IST_4 spanning? : True
Is IST_5 spanning? : True
Are all ISTs independent? : True

====TEST CR(243, 29, 58)====
Is IST_0 spanning? : True
Is IST_1 spanning? : True
Is IST_2 spanning? : True
Is IST_3 spanning? : True
Is IST_4 spanning? : True
Is IST_5 spanning? : True
Are all ISTs independent? : True

====TEST CR(244, 29, 58)====
Is IST_0 spanning? : True
Is IST_1 spanning? : True
Is IST_2 spanning? : True
Is IST_3 spanning? : True
Is IST_4 spanning? : True
Is IST_5 spanning? : True
Are all ISTs independent? : True

====TEST CR(245, 29, 58)====
Is IST_0 spanning? : True
Is IST_1 spanning? : True
Is IST_2 spanning? : True
Is IST_3 spanning? : True
Is IST_4 spanning? : True
Is IST_5 spanning? : True
Are all ISTs independent? : True

====TEST CR(246, 29, 58)====
Is IST_0 spanning? : True
Is IST_1 spanning? : True
Is IST_2 spanning? : True
Is IST_3 spanning? : True
Is IST_4 spanning? : True
Is IST_5 spanning? : True
Are all ISTs independent? : True

====TEST CR(247, 29, 58)====
Is IST_0 spanning? : True
Is IST_1 spanning? : True
Is IST_2 spanning? : True
Is IST_3 spanning? : True
Is IST_4 spanning? : True
Is IST_5 spanning? : True
Are all ISTs independent? : True

====TEST CR(248, 29, 58)====
Is IST_0 spanning? : True
Is IST_1 spanning? : True
Is IST_2 spanning? : True
Is IST_3 spanning? : True
Is IST_4 spanning? : True
Is IST_5 spanning? : True
Are all ISTs independent? : True

====TEST CR(249, 29, 58)====
Is IST_0 spanning? : True
Is IST_1 spanning? : True
Is IST_2 spanning? : True
Is IST_3 spanning? : True
Is IST_4 spanning? : True
Is IST_5 spanning? : True
Are all ISTs independent? : True

====TEST CR(250, 29, 58)====
Is IST_0 spanning? : True
Is IST_1 spanning? : True
Is IST_2 spanning? : True
Is IST_3 spanning? : True
Is IST_4 spanning? : True
Is IST_5 spanning? : True
Are all ISTs independent? : True

====TEST CR(251, 29, 58)====
Is IST_0 spanning? : True
Is IST_1 spanning? : True
Is IST_2 spanning? : True
Is IST_3 spanning? : True
Is IST_4 spanning? : True
Is IST_5 spanning? : True
Are all ISTs independent? : True

====TEST CR(252, 29, 58)====
Is IST_0 spanning? : True
Is IST_1 spanning? : True
Is IST_2 spanning? : True
Is IST_3 spanning? : True
Is IST_4 spanning? : True
Is IST_5 spanning? : True
Are all ISTs independent? : True

====TEST CR(253, 29, 58)====
Is IST_0 spanning? : True
Is IST_1 spanning? : True
Is IST_2 spanning? : True
Is IST_3 spanning? : True
Is IST_4 spanning? : True
Is IST_5 spanning? : True
Are all ISTs independent? : True

====TEST CR(254, 29, 58)====
Is IST_0 spanning? : True
Is IST_1 spanning? : True
Is IST_2 spanning? : True
Is IST_3 spanning? : True
Is IST_4 spanning? : True
Is IST_5 spanning? : True
Are all ISTs independent? : True

====TEST CR(255, 29, 58)====
Is IST_0 spanning? : True
Is IST_1 spanning? : True
Is IST_2 spanning? : True
Is IST_3 spanning? : True
Is IST_4 spanning? : True
Is IST_5 spanning? : True
Are all ISTs independent? : True

====TEST CR(256, 29, 58)====
Is IST_0 spanning? : True
Is IST_1 spanning? : True
Is IST_2 spanning? : True
Is IST_3 spanning? : True
Is IST_4 spanning? : True
Is IST_5 spanning? : True
Are all ISTs independent? : True

====TEST CR(257, 29, 58)====
Is IST_0 spanning? : True
Is IST_1 spanning? : True
Is IST_2 spanning? : True
Is IST_3 spanning? : True
Is IST_4 spanning? : True
Is IST_5 spanning? : True
Are all ISTs independent? : True

====TEST CR(258, 29, 58)====
Is IST_0 spanning? : True
Is IST_1 spanning? : True
Is IST_2 spanning? : True
Is IST_3 spanning? : True
Is IST_4 spanning? : True
Is IST_5 spanning? : True
Are all ISTs independent? : True

====TEST CR(259, 29, 58)====
Is IST_0 spanning? : True
Is IST_1 spanning? : True
Is IST_2 spanning? : True
Is IST_3 spanning? : True
Is IST_4 spanning? : True
Is IST_5 spanning? : True
Are all ISTs independent? : True

====TEST CR(260, 29, 58)====
Is IST_0 spanning? : True
Is IST_1 spanning? : True
Is IST_2 spanning? : True
Is IST_3 spanning? : True
Is IST_4 spanning? : True
Is IST_5 spanning? : True
Are all ISTs independent? : True

====TEST CR(261, 29, 58)====
Is IST_0 spanning? : True
Is IST_1 spanning? : True
Is IST_2 spanning? : True
Is IST_3 spanning? : True
Is IST_4 spanning? : True
Is IST_5 spanning? : True
Are all ISTs independent? : True

====TEST CR(262, 29, 58)====
Is IST_0 spanning? : True
Is IST_1 spanning? : True
Is IST_2 spanning? : True
Is IST_3 spanning? : True
Is IST_4 spanning? : True
Is IST_5 spanning? : True
Are all ISTs independent? : True

====TEST CR(263, 29, 58)====
Is IST_0 spanning? : True
Is IST_1 spanning? : True
Is IST_2 spanning? : True
Is IST_3 spanning? : True
Is IST_4 spanning? : True
Is IST_5 spanning? : True
Are all ISTs independent? : True

====TEST CR(264, 29, 58)====
Is IST_0 spanning? : True
Is IST_1 spanning? : True
Is IST_2 spanning? : True
Is IST_3 spanning? : True
Is IST_4 spanning? : True
Is IST_5 spanning? : True
Are all ISTs independent? : True

====TEST CR(265, 29, 58)====
Is IST_0 spanning? : True
Is IST_1 spanning? : True
Is IST_2 spanning? : True
Is IST_3 spanning? : True
Is IST_4 spanning? : True
Is IST_5 spanning? : True
Are all ISTs independent? : True

====TEST CR(266, 29, 58)====
Is IST_0 spanning? : True
Is IST_1 spanning? : True
Is IST_2 spanning? : True
Is IST_3 spanning? : True
Is IST_4 spanning? : True
Is IST_5 spanning? : True
Are all ISTs independent? : True

====TEST CR(267, 29, 58)====
Is IST_0 spanning? : True
Is IST_1 spanning? : True
Is IST_2 spanning? : True
Is IST_3 spanning? : True
Is IST_4 spanning? : True
Is IST_5 spanning? : True
Are all ISTs independent? : True

====TEST CR(268, 29, 58)====
Is IST_0 spanning? : True
Is IST_1 spanning? : True
Is IST_2 spanning? : True
Is IST_3 spanning? : True
Is IST_4 spanning? : True
Is IST_5 spanning? : True
Are all ISTs independent? : True

====TEST CR(269, 29, 58)====
Is IST_0 spanning? : True
Is IST_1 spanning? : True
Is IST_2 spanning? : True
Is IST_3 spanning? : True
Is IST_4 spanning? : True
Is IST_5 spanning? : True
Are all ISTs independent? : True

====TEST CR(270, 29, 58)====
Is IST_0 spanning? : True
Is IST_1 spanning? : True
Is IST_2 spanning? : True
Is IST_3 spanning? : True
Is IST_4 spanning? : True
Is IST_5 spanning? : True
Are all ISTs independent? : True

====TEST CR(271, 29, 58)====
Is IST_0 spanning? : True
Is IST_1 spanning? : True
Is IST_2 spanning? : True
Is IST_3 spanning? : True
Is IST_4 spanning? : True
Is IST_5 spanning? : True
Are all ISTs independent? : True

====TEST CR(272, 29, 58)====
Is IST_0 spanning? : True
Is IST_1 spanning? : True
Is IST_2 spanning? : True
Is IST_3 spanning? : True
Is IST_4 spanning? : True
Is IST_5 spanning? : True
Are all ISTs independent? : True

====TEST CR(273, 29, 58)====
Is IST_0 spanning? : True
Is IST_1 spanning? : True
Is IST_2 spanning? : True
Is IST_3 spanning? : True
Is IST_4 spanning? : True
Is IST_5 spanning? : True
Are all ISTs independent? : True

====TEST CR(274, 29, 58)====
Is IST_0 spanning? : True
Is IST_1 spanning? : True
Is IST_2 spanning? : True
Is IST_3 spanning? : True
Is IST_4 spanning? : True
Is IST_5 spanning? : True
Are all ISTs independent? : True

====TEST CR(275, 29, 58)====
Is IST_0 spanning? : True
Is IST_1 spanning? : True
Is IST_2 spanning? : True
Is IST_3 spanning? : True
Is IST_4 spanning? : True
Is IST_5 spanning? : True
Are all ISTs independent? : True

====TEST CR(276, 29, 58)====
Is IST_0 spanning? : True
Is IST_1 spanning? : True
Is IST_2 spanning? : True
Is IST_3 spanning? : True
Is IST_4 spanning? : True
Is IST_5 spanning? : True
Are all ISTs independent? : True

====TEST CR(277, 29, 58)====
Is IST_0 spanning? : True
Is IST_1 spanning? : True
Is IST_2 spanning? : True
Is IST_3 spanning? : True
Is IST_4 spanning? : True
Is IST_5 spanning? : True
Are all ISTs independent? : True

====TEST CR(278, 29, 58)====
Is IST_0 spanning? : True
Is IST_1 spanning? : True
Is IST_2 spanning? : True
Is IST_3 spanning? : True
Is IST_4 spanning? : True
Is IST_5 spanning? : True
Are all ISTs independent? : True

====TEST CR(279, 29, 58)====
Is IST_0 spanning? : True
Is IST_1 spanning? : True
Is IST_2 spanning? : True
Is IST_3 spanning? : True
Is IST_4 spanning? : True
Is IST_5 spanning? : True
Are all ISTs independent? : True

====TEST CR(280, 29, 58)====
Is IST_0 spanning? : True
Is IST_1 spanning? : True
Is IST_2 spanning? : True
Is IST_3 spanning? : True
Is IST_4 spanning? : True
Is IST_5 spanning? : True
Are all ISTs independent? : True

====TEST CR(281, 29, 58)====
Is IST_0 spanning? : True
Is IST_1 spanning? : True
Is IST_2 spanning? : True
Is IST_3 spanning? : True
Is IST_4 spanning? : True
Is IST_5 spanning? : True
Are all ISTs independent? : True

====TEST CR(282, 29, 58)====
Is IST_0 spanning? : True
Is IST_1 spanning? : True
Is IST_2 spanning? : True
Is IST_3 spanning? : True
Is IST_4 spanning? : True
Is IST_5 spanning? : True
Are all ISTs independent? : True

====TEST CR(283, 29, 58)====
Is IST_0 spanning? : True
Is IST_1 spanning? : True
Is IST_2 spanning? : True
Is IST_3 spanning? : True
Is IST_4 spanning? : True
Is IST_5 spanning? : True
Are all ISTs independent? : True

====TEST CR(284, 29, 58)====
Is IST_0 spanning? : True
Is IST_1 spanning? : True
Is IST_2 spanning? : True
Is IST_3 spanning? : True
Is IST_4 spanning? : True
Is IST_5 spanning? : True
Are all ISTs independent? : True

====TEST CR(285, 29, 58)====
Is IST_0 spanning? : True
Is IST_1 spanning? : True
Is IST_2 spanning? : True
Is IST_3 spanning? : True
Is IST_4 spanning? : True
Is IST_5 spanning? : True
Are all ISTs independent? : True

====TEST CR(286, 29, 58)====
Is IST_0 spanning? : True
Is IST_1 spanning? : True
Is IST_2 spanning? : True
Is IST_3 spanning? : True
Is IST_4 spanning? : True
Is IST_5 spanning? : True
Are all ISTs independent? : True

====TEST CR(287, 29, 58)====
Is IST_0 spanning? : True
Is IST_1 spanning? : True
Is IST_2 spanning? : True
Is IST_3 spanning? : True
Is IST_4 spanning? : True
Is IST_5 spanning? : True
Are all ISTs independent? : True

====TEST CR(288, 29, 58)====
Is IST_0 spanning? : True
Is IST_1 spanning? : True
Is IST_2 spanning? : True
Is IST_3 spanning? : True
Is IST_4 spanning? : True
Is IST_5 spanning? : True
Are all ISTs independent? : True

====TEST CR(289, 29, 58)====
Is IST_0 spanning? : True
Is IST_1 spanning? : True
Is IST_2 spanning? : True
Is IST_3 spanning? : True
Is IST_4 spanning? : True
Is IST_5 spanning? : True
Are all ISTs independent? : True

====TEST CR(290, 29, 58)====
Is IST_0 spanning? : True
Is IST_1 spanning? : True
Is IST_2 spanning? : True
Is IST_3 spanning? : True
Is IST_4 spanning? : True
Is IST_5 spanning? : True
Are all ISTs independent? : True

====TEST CR(291, 29, 58)====
Is IST_0 spanning? : True
Is IST_1 spanning? : True
Is IST_2 spanning? : True
Is IST_3 spanning? : True
Is IST_4 spanning? : True
Is IST_5 spanning? : True
Are all ISTs independent? : True

====TEST CR(292, 29, 58)====
Is IST_0 spanning? : True
Is IST_1 spanning? : True
Is IST_2 spanning? : True
Is IST_3 spanning? : True
Is IST_4 spanning? : True
Is IST_5 spanning? : True
Are all ISTs independent? : True

====TEST CR(293, 29, 58)====
Is IST_0 spanning? : True
Is IST_1 spanning? : True
Is IST_2 spanning? : True
Is IST_3 spanning? : True
Is IST_4 spanning? : True
Is IST_5 spanning? : True
Are all ISTs independent? : True

====TEST CR(294, 29, 58)====
Is IST_0 spanning? : True
Is IST_1 spanning? : True
Is IST_2 spanning? : True
Is IST_3 spanning? : True
Is IST_4 spanning? : True
Is IST_5 spanning? : True
Are all ISTs independent? : True

====TEST CR(295, 29, 58)====
Is IST_0 spanning? : True
Is IST_1 spanning? : True
Is IST_2 spanning? : True
Is IST_3 spanning? : True
Is IST_4 spanning? : True
Is IST_5 spanning? : True
Are all ISTs independent? : True

====TEST CR(296, 29, 58)====
Is IST_0 spanning? : True
Is IST_1 spanning? : True
Is IST_2 spanning? : True
Is IST_3 spanning? : True
Is IST_4 spanning? : True
Is IST_5 spanning? : True
Are all ISTs independent? : True

====TEST CR(297, 29, 58)====
Is IST_0 spanning? : True
Is IST_1 spanning? : True
Is IST_2 spanning? : True
Is IST_3 spanning? : True
Is IST_4 spanning? : True
Is IST_5 spanning? : True
Are all ISTs independent? : True

====TEST CR(298, 29, 58)====
Is IST_0 spanning? : True
Is IST_1 spanning? : True
Is IST_2 spanning? : True
Is IST_3 spanning? : True
Is IST_4 spanning? : True
Is IST_5 spanning? : True
Are all ISTs independent? : True

====TEST CR(299, 29, 58)====
Is IST_0 spanning? : True
Is IST_1 spanning? : True
Is IST_2 spanning? : True
Is IST_3 spanning? : True
Is IST_4 spanning? : True
Is IST_5 spanning? : True
Are all ISTs independent? : True

====TEST CR(300, 29, 58)====
Is IST_0 spanning? : True
Is IST_1 spanning? : True
Is IST_2 spanning? : True
Is IST_3 spanning? : True
Is IST_4 spanning? : True
Is IST_5 spanning? : True
Are all ISTs independent? : True

====TEST CR(301, 29, 58)====
Is IST_0 spanning? : True
Is IST_1 spanning? : True
Is IST_2 spanning? : True
Is IST_3 spanning? : True
Is IST_4 spanning? : True
Is IST_5 spanning? : True
Are all ISTs independent? : True

====TEST CR(302, 29, 58)====
Is IST_0 spanning? : True
Is IST_1 spanning? : True
Is IST_2 spanning? : True
Is IST_3 spanning? : True
Is IST_4 spanning? : True
Is IST_5 spanning? : True
Are all ISTs independent? : True

====TEST CR(180, 30, 60)====
Is IST_0 spanning? : True
Is IST_1 spanning? : True
Is IST_2 spanning? : True
Is IST_3 spanning? : True
Is IST_4 spanning? : True
Is IST_5 spanning? : True
Are all ISTs independent? : True

====TEST CR(181, 30, 60)====
Is IST_0 spanning? : True
Is IST_1 spanning? : True
Is IST_2 spanning? : True
Is IST_3 spanning? : True
Is IST_4 spanning? : True
Is IST_5 spanning? : True
Are all ISTs independent? : True

====TEST CR(182, 30, 60)====
Is IST_0 spanning? : True
Is IST_1 spanning? : True
Is IST_2 spanning? : True
Is IST_3 spanning? : True
Is IST_4 spanning? : True
Is IST_5 spanning? : True
Are all ISTs independent? : True

====TEST CR(183, 30, 60)====
Is IST_0 spanning? : True
Is IST_1 spanning? : True
Is IST_2 spanning? : True
Is IST_3 spanning? : True
Is IST_4 spanning? : True
Is IST_5 spanning? : True
Are all ISTs independent? : True

====TEST CR(184, 30, 60)====
Is IST_0 spanning? : True
Is IST_1 spanning? : True
Is IST_2 spanning? : True
Is IST_3 spanning? : True
Is IST_4 spanning? : True
Is IST_5 spanning? : True
Are all ISTs independent? : True

====TEST CR(185, 30, 60)====
Is IST_0 spanning? : True
Is IST_1 spanning? : True
Is IST_2 spanning? : True
Is IST_3 spanning? : True
Is IST_4 spanning? : True
Is IST_5 spanning? : True
Are all ISTs independent? : True

====TEST CR(186, 30, 60)====
Is IST_0 spanning? : True
Is IST_1 spanning? : True
Is IST_2 spanning? : True
Is IST_3 spanning? : True
Is IST_4 spanning? : True
Is IST_5 spanning? : True
Are all ISTs independent? : True

====TEST CR(187, 30, 60)====
Is IST_0 spanning? : True
Is IST_1 spanning? : True
Is IST_2 spanning? : True
Is IST_3 spanning? : True
Is IST_4 spanning? : True
Is IST_5 spanning? : True
Are all ISTs independent? : True

====TEST CR(188, 30, 60)====
Is IST_0 spanning? : True
Is IST_1 spanning? : True
Is IST_2 spanning? : True
Is IST_3 spanning? : True
Is IST_4 spanning? : True
Is IST_5 spanning? : True
Are all ISTs independent? : True

====TEST CR(189, 30, 60)====
Is IST_0 spanning? : True
Is IST_1 spanning? : True
Is IST_2 spanning? : True
Is IST_3 spanning? : True
Is IST_4 spanning? : True
Is IST_5 spanning? : True
Are all ISTs independent? : True

====TEST CR(190, 30, 60)====
Is IST_0 spanning? : True
Is IST_1 spanning? : True
Is IST_2 spanning? : True
Is IST_3 spanning? : True
Is IST_4 spanning? : True
Is IST_5 spanning? : True
Are all ISTs independent? : True

====TEST CR(191, 30, 60)====
Is IST_0 spanning? : True
Is IST_1 spanning? : True
Is IST_2 spanning? : True
Is IST_3 spanning? : True
Is IST_4 spanning? : True
Is IST_5 spanning? : True
Are all ISTs independent? : True

====TEST CR(192, 30, 60)====
Is IST_0 spanning? : True
Is IST_1 spanning? : True
Is IST_2 spanning? : True
Is IST_3 spanning? : True
Is IST_4 spanning? : True
Is IST_5 spanning? : True
Are all ISTs independent? : True

====TEST CR(193, 30, 60)====
Is IST_0 spanning? : True
Is IST_1 spanning? : True
Is IST_2 spanning? : True
Is IST_3 spanning? : True
Is IST_4 spanning? : True
Is IST_5 spanning? : True
Are all ISTs independent? : True

====TEST CR(194, 30, 60)====
Is IST_0 spanning? : True
Is IST_1 spanning? : True
Is IST_2 spanning? : True
Is IST_3 spanning? : True
Is IST_4 spanning? : True
Is IST_5 spanning? : True
Are all ISTs independent? : True

====TEST CR(195, 30, 60)====
Is IST_0 spanning? : True
Is IST_1 spanning? : True
Is IST_2 spanning? : True
Is IST_3 spanning? : True
Is IST_4 spanning? : True
Is IST_5 spanning? : True
Are all ISTs independent? : True

====TEST CR(196, 30, 60)====
Is IST_0 spanning? : True
Is IST_1 spanning? : True
Is IST_2 spanning? : True
Is IST_3 spanning? : True
Is IST_4 spanning? : True
Is IST_5 spanning? : True
Are all ISTs independent? : True

====TEST CR(197, 30, 60)====
Is IST_0 spanning? : True
Is IST_1 spanning? : True
Is IST_2 spanning? : True
Is IST_3 spanning? : True
Is IST_4 spanning? : True
Is IST_5 spanning? : True
Are all ISTs independent? : True

====TEST CR(198, 30, 60)====
Is IST_0 spanning? : True
Is IST_1 spanning? : True
Is IST_2 spanning? : True
Is IST_3 spanning? : True
Is IST_4 spanning? : True
Is IST_5 spanning? : True
Are all ISTs independent? : True

====TEST CR(199, 30, 60)====
Is IST_0 spanning? : True
Is IST_1 spanning? : True
Is IST_2 spanning? : True
Is IST_3 spanning? : True
Is IST_4 spanning? : True
Is IST_5 spanning? : True
Are all ISTs independent? : True

====TEST CR(200, 30, 60)====
Is IST_0 spanning? : True
Is IST_1 spanning? : True
Is IST_2 spanning? : True
Is IST_3 spanning? : True
Is IST_4 spanning? : True
Is IST_5 spanning? : True
Are all ISTs independent? : True

====TEST CR(201, 30, 60)====
Is IST_0 spanning? : True
Is IST_1 spanning? : True
Is IST_2 spanning? : True
Is IST_3 spanning? : True
Is IST_4 spanning? : True
Is IST_5 spanning? : True
Are all ISTs independent? : True

====TEST CR(202, 30, 60)====
Is IST_0 spanning? : True
Is IST_1 spanning? : True
Is IST_2 spanning? : True
Is IST_3 spanning? : True
Is IST_4 spanning? : True
Is IST_5 spanning? : True
Are all ISTs independent? : True

====TEST CR(203, 30, 60)====
Is IST_0 spanning? : True
Is IST_1 spanning? : True
Is IST_2 spanning? : True
Is IST_3 spanning? : True
Is IST_4 spanning? : True
Is IST_5 spanning? : True
Are all ISTs independent? : True

====TEST CR(204, 30, 60)====
Is IST_0 spanning? : True
Is IST_1 spanning? : True
Is IST_2 spanning? : True
Is IST_3 spanning? : True
Is IST_4 spanning? : True
Is IST_5 spanning? : True
Are all ISTs independent? : True

====TEST CR(205, 30, 60)====
Is IST_0 spanning? : True
Is IST_1 spanning? : True
Is IST_2 spanning? : True
Is IST_3 spanning? : True
Is IST_4 spanning? : True
Is IST_5 spanning? : True
Are all ISTs independent? : True

====TEST CR(206, 30, 60)====
Is IST_0 spanning? : True
Is IST_1 spanning? : True
Is IST_2 spanning? : True
Is IST_3 spanning? : True
Is IST_4 spanning? : True
Is IST_5 spanning? : True
Are all ISTs independent? : True

====TEST CR(207, 30, 60)====
Is IST_0 spanning? : True
Is IST_1 spanning? : True
Is IST_2 spanning? : True
Is IST_3 spanning? : True
Is IST_4 spanning? : True
Is IST_5 spanning? : True
Are all ISTs independent? : True

====TEST CR(208, 30, 60)====
Is IST_0 spanning? : True
Is IST_1 spanning? : True
Is IST_2 spanning? : True
Is IST_3 spanning? : True
Is IST_4 spanning? : True
Is IST_5 spanning? : True
Are all ISTs independent? : True

====TEST CR(209, 30, 60)====
Is IST_0 spanning? : True
Is IST_1 spanning? : True
Is IST_2 spanning? : True
Is IST_3 spanning? : True
Is IST_4 spanning? : True
Is IST_5 spanning? : True
Are all ISTs independent? : True

====TEST CR(210, 30, 60)====
Is IST_0 spanning? : True
Is IST_1 spanning? : True
Is IST_2 spanning? : True
Is IST_3 spanning? : True
Is IST_4 spanning? : True
Is IST_5 spanning? : True
Are all ISTs independent? : True

====TEST CR(211, 30, 60)====
Is IST_0 spanning? : True
Is IST_1 spanning? : True
Is IST_2 spanning? : True
Is IST_3 spanning? : True
Is IST_4 spanning? : True
Is IST_5 spanning? : True
Are all ISTs independent? : True

====TEST CR(212, 30, 60)====
Is IST_0 spanning? : True
Is IST_1 spanning? : True
Is IST_2 spanning? : True
Is IST_3 spanning? : True
Is IST_4 spanning? : True
Is IST_5 spanning? : True
Are all ISTs independent? : True

====TEST CR(213, 30, 60)====
Is IST_0 spanning? : True
Is IST_1 spanning? : True
Is IST_2 spanning? : True
Is IST_3 spanning? : True
Is IST_4 spanning? : True
Is IST_5 spanning? : True
Are all ISTs independent? : True

====TEST CR(214, 30, 60)====
Is IST_0 spanning? : True
Is IST_1 spanning? : True
Is IST_2 spanning? : True
Is IST_3 spanning? : True
Is IST_4 spanning? : True
Is IST_5 spanning? : True
Are all ISTs independent? : True

====TEST CR(215, 30, 60)====
Is IST_0 spanning? : True
Is IST_1 spanning? : True
Is IST_2 spanning? : True
Is IST_3 spanning? : True
Is IST_4 spanning? : True
Is IST_5 spanning? : True
Are all ISTs independent? : True

====TEST CR(216, 30, 60)====
Is IST_0 spanning? : True
Is IST_1 spanning? : True
Is IST_2 spanning? : True
Is IST_3 spanning? : True
Is IST_4 spanning? : True
Is IST_5 spanning? : True
Are all ISTs independent? : True

====TEST CR(217, 30, 60)====
Is IST_0 spanning? : True
Is IST_1 spanning? : True
Is IST_2 spanning? : True
Is IST_3 spanning? : True
Is IST_4 spanning? : True
Is IST_5 spanning? : True
Are all ISTs independent? : True

====TEST CR(218, 30, 60)====
Is IST_0 spanning? : True
Is IST_1 spanning? : True
Is IST_2 spanning? : True
Is IST_3 spanning? : True
Is IST_4 spanning? : True
Is IST_5 spanning? : True
Are all ISTs independent? : True

====TEST CR(219, 30, 60)====
Is IST_0 spanning? : True
Is IST_1 spanning? : True
Is IST_2 spanning? : True
Is IST_3 spanning? : True
Is IST_4 spanning? : True
Is IST_5 spanning? : True
Are all ISTs independent? : True

====TEST CR(220, 30, 60)====
Is IST_0 spanning? : True
Is IST_1 spanning? : True
Is IST_2 spanning? : True
Is IST_3 spanning? : True
Is IST_4 spanning? : True
Is IST_5 spanning? : True
Are all ISTs independent? : True

====TEST CR(221, 30, 60)====
Is IST_0 spanning? : True
Is IST_1 spanning? : True
Is IST_2 spanning? : True
Is IST_3 spanning? : True
Is IST_4 spanning? : True
Is IST_5 spanning? : True
Are all ISTs independent? : True

====TEST CR(222, 30, 60)====
Is IST_0 spanning? : True
Is IST_1 spanning? : True
Is IST_2 spanning? : True
Is IST_3 spanning? : True
Is IST_4 spanning? : True
Is IST_5 spanning? : True
Are all ISTs independent? : True

====TEST CR(223, 30, 60)====
Is IST_0 spanning? : True
Is IST_1 spanning? : True
Is IST_2 spanning? : True
Is IST_3 spanning? : True
Is IST_4 spanning? : True
Is IST_5 spanning? : True
Are all ISTs independent? : True

====TEST CR(224, 30, 60)====
Is IST_0 spanning? : True
Is IST_1 spanning? : True
Is IST_2 spanning? : True
Is IST_3 spanning? : True
Is IST_4 spanning? : True
Is IST_5 spanning? : True
Are all ISTs independent? : True

====TEST CR(225, 30, 60)====
Is IST_0 spanning? : True
Is IST_1 spanning? : True
Is IST_2 spanning? : True
Is IST_3 spanning? : True
Is IST_4 spanning? : True
Is IST_5 spanning? : True
Are all ISTs independent? : True

====TEST CR(226, 30, 60)====
Is IST_0 spanning? : True
Is IST_1 spanning? : True
Is IST_2 spanning? : True
Is IST_3 spanning? : True
Is IST_4 spanning? : True
Is IST_5 spanning? : True
Are all ISTs independent? : True

====TEST CR(227, 30, 60)====
Is IST_0 spanning? : True
Is IST_1 spanning? : True
Is IST_2 spanning? : True
Is IST_3 spanning? : True
Is IST_4 spanning? : True
Is IST_5 spanning? : True
Are all ISTs independent? : True

====TEST CR(228, 30, 60)====
Is IST_0 spanning? : True
Is IST_1 spanning? : True
Is IST_2 spanning? : True
Is IST_3 spanning? : True
Is IST_4 spanning? : True
Is IST_5 spanning? : True
Are all ISTs independent? : True

====TEST CR(229, 30, 60)====
Is IST_0 spanning? : True
Is IST_1 spanning? : True
Is IST_2 spanning? : True
Is IST_3 spanning? : True
Is IST_4 spanning? : True
Is IST_5 spanning? : True
Are all ISTs independent? : True

====TEST CR(230, 30, 60)====
Is IST_0 spanning? : True
Is IST_1 spanning? : True
Is IST_2 spanning? : True
Is IST_3 spanning? : True
Is IST_4 spanning? : True
Is IST_5 spanning? : True
Are all ISTs independent? : True

====TEST CR(231, 30, 60)====
Is IST_0 spanning? : True
Is IST_1 spanning? : True
Is IST_2 spanning? : True
Is IST_3 spanning? : True
Is IST_4 spanning? : True
Is IST_5 spanning? : True
Are all ISTs independent? : True

====TEST CR(232, 30, 60)====
Is IST_0 spanning? : True
Is IST_1 spanning? : True
Is IST_2 spanning? : True
Is IST_3 spanning? : True
Is IST_4 spanning? : True
Is IST_5 spanning? : True
Are all ISTs independent? : True

====TEST CR(233, 30, 60)====
Is IST_0 spanning? : True
Is IST_1 spanning? : True
Is IST_2 spanning? : True
Is IST_3 spanning? : True
Is IST_4 spanning? : True
Is IST_5 spanning? : True
Are all ISTs independent? : True

====TEST CR(234, 30, 60)====
Is IST_0 spanning? : True
Is IST_1 spanning? : True
Is IST_2 spanning? : True
Is IST_3 spanning? : True
Is IST_4 spanning? : True
Is IST_5 spanning? : True
Are all ISTs independent? : True

====TEST CR(235, 30, 60)====
Is IST_0 spanning? : True
Is IST_1 spanning? : True
Is IST_2 spanning? : True
Is IST_3 spanning? : True
Is IST_4 spanning? : True
Is IST_5 spanning? : True
Are all ISTs independent? : True

====TEST CR(236, 30, 60)====
Is IST_0 spanning? : True
Is IST_1 spanning? : True
Is IST_2 spanning? : True
Is IST_3 spanning? : True
Is IST_4 spanning? : True
Is IST_5 spanning? : True
Are all ISTs independent? : True

====TEST CR(237, 30, 60)====
Is IST_0 spanning? : True
Is IST_1 spanning? : True
Is IST_2 spanning? : True
Is IST_3 spanning? : True
Is IST_4 spanning? : True
Is IST_5 spanning? : True
Are all ISTs independent? : True

====TEST CR(238, 30, 60)====
Is IST_0 spanning? : True
Is IST_1 spanning? : True
Is IST_2 spanning? : True
Is IST_3 spanning? : True
Is IST_4 spanning? : True
Is IST_5 spanning? : True
Are all ISTs independent? : True

====TEST CR(239, 30, 60)====
Is IST_0 spanning? : True
Is IST_1 spanning? : True
Is IST_2 spanning? : True
Is IST_3 spanning? : True
Is IST_4 spanning? : True
Is IST_5 spanning? : True
Are all ISTs independent? : True

====TEST CR(240, 30, 60)====
Is IST_0 spanning? : True
Is IST_1 spanning? : True
Is IST_2 spanning? : True
Is IST_3 spanning? : True
Is IST_4 spanning? : True
Is IST_5 spanning? : True
Are all ISTs independent? : True

====TEST CR(241, 30, 60)====
Is IST_0 spanning? : True
Is IST_1 spanning? : True
Is IST_2 spanning? : True
Is IST_3 spanning? : True
Is IST_4 spanning? : True
Is IST_5 spanning? : True
Are all ISTs independent? : True

====TEST CR(242, 30, 60)====
Is IST_0 spanning? : True
Is IST_1 spanning? : True
Is IST_2 spanning? : True
Is IST_3 spanning? : True
Is IST_4 spanning? : True
Is IST_5 spanning? : True
Are all ISTs independent? : True

====TEST CR(243, 30, 60)====
Is IST_0 spanning? : True
Is IST_1 spanning? : True
Is IST_2 spanning? : True
Is IST_3 spanning? : True
Is IST_4 spanning? : True
Is IST_5 spanning? : True
Are all ISTs independent? : True

====TEST CR(244, 30, 60)====
Is IST_0 spanning? : True
Is IST_1 spanning? : True
Is IST_2 spanning? : True
Is IST_3 spanning? : True
Is IST_4 spanning? : True
Is IST_5 spanning? : True
Are all ISTs independent? : True

====TEST CR(245, 30, 60)====
Is IST_0 spanning? : True
Is IST_1 spanning? : True
Is IST_2 spanning? : True
Is IST_3 spanning? : True
Is IST_4 spanning? : True
Is IST_5 spanning? : True
Are all ISTs independent? : True

====TEST CR(246, 30, 60)====
Is IST_0 spanning? : True
Is IST_1 spanning? : True
Is IST_2 spanning? : True
Is IST_3 spanning? : True
Is IST_4 spanning? : True
Is IST_5 spanning? : True
Are all ISTs independent? : True

====TEST CR(247, 30, 60)====
Is IST_0 spanning? : True
Is IST_1 spanning? : True
Is IST_2 spanning? : True
Is IST_3 spanning? : True
Is IST_4 spanning? : True
Is IST_5 spanning? : True
Are all ISTs independent? : True

====TEST CR(248, 30, 60)====
Is IST_0 spanning? : True
Is IST_1 spanning? : True
Is IST_2 spanning? : True
Is IST_3 spanning? : True
Is IST_4 spanning? : True
Is IST_5 spanning? : True
Are all ISTs independent? : True

====TEST CR(249, 30, 60)====
Is IST_0 spanning? : True
Is IST_1 spanning? : True
Is IST_2 spanning? : True
Is IST_3 spanning? : True
Is IST_4 spanning? : True
Is IST_5 spanning? : True
Are all ISTs independent? : True

====TEST CR(250, 30, 60)====
Is IST_0 spanning? : True
Is IST_1 spanning? : True
Is IST_2 spanning? : True
Is IST_3 spanning? : True
Is IST_4 spanning? : True
Is IST_5 spanning? : True
Are all ISTs independent? : True

====TEST CR(251, 30, 60)====
Is IST_0 spanning? : True
Is IST_1 spanning? : True
Is IST_2 spanning? : True
Is IST_3 spanning? : True
Is IST_4 spanning? : True
Is IST_5 spanning? : True
Are all ISTs independent? : True

====TEST CR(252, 30, 60)====
Is IST_0 spanning? : True
Is IST_1 spanning? : True
Is IST_2 spanning? : True
Is IST_3 spanning? : True
Is IST_4 spanning? : True
Is IST_5 spanning? : True
Are all ISTs independent? : True

====TEST CR(253, 30, 60)====
Is IST_0 spanning? : True
Is IST_1 spanning? : True
Is IST_2 spanning? : True
Is IST_3 spanning? : True
Is IST_4 spanning? : True
Is IST_5 spanning? : True
Are all ISTs independent? : True

====TEST CR(254, 30, 60)====
Is IST_0 spanning? : True
Is IST_1 spanning? : True
Is IST_2 spanning? : True
Is IST_3 spanning? : True
Is IST_4 spanning? : True
Is IST_5 spanning? : True
Are all ISTs independent? : True

====TEST CR(255, 30, 60)====
Is IST_0 spanning? : True
Is IST_1 spanning? : True
Is IST_2 spanning? : True
Is IST_3 spanning? : True
Is IST_4 spanning? : True
Is IST_5 spanning? : True
Are all ISTs independent? : True

====TEST CR(256, 30, 60)====
Is IST_0 spanning? : True
Is IST_1 spanning? : True
Is IST_2 spanning? : True
Is IST_3 spanning? : True
Is IST_4 spanning? : True
Is IST_5 spanning? : True
Are all ISTs independent? : True

====TEST CR(257, 30, 60)====
Is IST_0 spanning? : True
Is IST_1 spanning? : True
Is IST_2 spanning? : True
Is IST_3 spanning? : True
Is IST_4 spanning? : True
Is IST_5 spanning? : True
Are all ISTs independent? : True

====TEST CR(258, 30, 60)====
Is IST_0 spanning? : True
Is IST_1 spanning? : True
Is IST_2 spanning? : True
Is IST_3 spanning? : True
Is IST_4 spanning? : True
Is IST_5 spanning? : True
Are all ISTs independent? : True

====TEST CR(259, 30, 60)====
Is IST_0 spanning? : True
Is IST_1 spanning? : True
Is IST_2 spanning? : True
Is IST_3 spanning? : True
Is IST_4 spanning? : True
Is IST_5 spanning? : True
Are all ISTs independent? : True

====TEST CR(260, 30, 60)====
Is IST_0 spanning? : True
Is IST_1 spanning? : True
Is IST_2 spanning? : True
Is IST_3 spanning? : True
Is IST_4 spanning? : True
Is IST_5 spanning? : True
Are all ISTs independent? : True

====TEST CR(261, 30, 60)====
Is IST_0 spanning? : True
Is IST_1 spanning? : True
Is IST_2 spanning? : True
Is IST_3 spanning? : True
Is IST_4 spanning? : True
Is IST_5 spanning? : True
Are all ISTs independent? : True

====TEST CR(262, 30, 60)====
Is IST_0 spanning? : True
Is IST_1 spanning? : True
Is IST_2 spanning? : True
Is IST_3 spanning? : True
Is IST_4 spanning? : True
Is IST_5 spanning? : True
Are all ISTs independent? : True

====TEST CR(263, 30, 60)====
Is IST_0 spanning? : True
Is IST_1 spanning? : True
Is IST_2 spanning? : True
Is IST_3 spanning? : True
Is IST_4 spanning? : True
Is IST_5 spanning? : True
Are all ISTs independent? : True

====TEST CR(264, 30, 60)====
Is IST_0 spanning? : True
Is IST_1 spanning? : True
Is IST_2 spanning? : True
Is IST_3 spanning? : True
Is IST_4 spanning? : True
Is IST_5 spanning? : True
Are all ISTs independent? : True

====TEST CR(265, 30, 60)====
Is IST_0 spanning? : True
Is IST_1 spanning? : True
Is IST_2 spanning? : True
Is IST_3 spanning? : True
Is IST_4 spanning? : True
Is IST_5 spanning? : True
Are all ISTs independent? : True

====TEST CR(266, 30, 60)====
Is IST_0 spanning? : True
Is IST_1 spanning? : True
Is IST_2 spanning? : True
Is IST_3 spanning? : True
Is IST_4 spanning? : True
Is IST_5 spanning? : True
Are all ISTs independent? : True

====TEST CR(267, 30, 60)====
Is IST_0 spanning? : True
Is IST_1 spanning? : True
Is IST_2 spanning? : True
Is IST_3 spanning? : True
Is IST_4 spanning? : True
Is IST_5 spanning? : True
Are all ISTs independent? : True

====TEST CR(268, 30, 60)====
Is IST_0 spanning? : True
Is IST_1 spanning? : True
Is IST_2 spanning? : True
Is IST_3 spanning? : True
Is IST_4 spanning? : True
Is IST_5 spanning? : True
Are all ISTs independent? : True

====TEST CR(269, 30, 60)====
Is IST_0 spanning? : True
Is IST_1 spanning? : True
Is IST_2 spanning? : True
Is IST_3 spanning? : True
Is IST_4 spanning? : True
Is IST_5 spanning? : True
Are all ISTs independent? : True

====TEST CR(270, 30, 60)====
Is IST_0 spanning? : True
Is IST_1 spanning? : True
Is IST_2 spanning? : True
Is IST_3 spanning? : True
Is IST_4 spanning? : True
Is IST_5 spanning? : True
Are all ISTs independent? : True

====TEST CR(271, 30, 60)====
Is IST_0 spanning? : True
Is IST_1 spanning? : True
Is IST_2 spanning? : True
Is IST_3 spanning? : True
Is IST_4 spanning? : True
Is IST_5 spanning? : True
Are all ISTs independent? : True

====TEST CR(272, 30, 60)====
Is IST_0 spanning? : True
Is IST_1 spanning? : True
Is IST_2 spanning? : True
Is IST_3 spanning? : True
Is IST_4 spanning? : True
Is IST_5 spanning? : True
Are all ISTs independent? : True

====TEST CR(273, 30, 60)====
Is IST_0 spanning? : True
Is IST_1 spanning? : True
Is IST_2 spanning? : True
Is IST_3 spanning? : True
Is IST_4 spanning? : True
Is IST_5 spanning? : True
Are all ISTs independent? : True

====TEST CR(274, 30, 60)====
Is IST_0 spanning? : True
Is IST_1 spanning? : True
Is IST_2 spanning? : True
Is IST_3 spanning? : True
Is IST_4 spanning? : True
Is IST_5 spanning? : True
Are all ISTs independent? : True

====TEST CR(275, 30, 60)====
Is IST_0 spanning? : True
Is IST_1 spanning? : True
Is IST_2 spanning? : True
Is IST_3 spanning? : True
Is IST_4 spanning? : True
Is IST_5 spanning? : True
Are all ISTs independent? : True

====TEST CR(276, 30, 60)====
Is IST_0 spanning? : True
Is IST_1 spanning? : True
Is IST_2 spanning? : True
Is IST_3 spanning? : True
Is IST_4 spanning? : True
Is IST_5 spanning? : True
Are all ISTs independent? : True

====TEST CR(277, 30, 60)====
Is IST_0 spanning? : True
Is IST_1 spanning? : True
Is IST_2 spanning? : True
Is IST_3 spanning? : True
Is IST_4 spanning? : True
Is IST_5 spanning? : True
Are all ISTs independent? : True

====TEST CR(278, 30, 60)====
Is IST_0 spanning? : True
Is IST_1 spanning? : True
Is IST_2 spanning? : True
Is IST_3 spanning? : True
Is IST_4 spanning? : True
Is IST_5 spanning? : True
Are all ISTs independent? : True

====TEST CR(279, 30, 60)====
Is IST_0 spanning? : True
Is IST_1 spanning? : True
Is IST_2 spanning? : True
Is IST_3 spanning? : True
Is IST_4 spanning? : True
Is IST_5 spanning? : True
Are all ISTs independent? : True

====TEST CR(280, 30, 60)====
Is IST_0 spanning? : True
Is IST_1 spanning? : True
Is IST_2 spanning? : True
Is IST_3 spanning? : True
Is IST_4 spanning? : True
Is IST_5 spanning? : True
Are all ISTs independent? : True

====TEST CR(281, 30, 60)====
Is IST_0 spanning? : True
Is IST_1 spanning? : True
Is IST_2 spanning? : True
Is IST_3 spanning? : True
Is IST_4 spanning? : True
Is IST_5 spanning? : True
Are all ISTs independent? : True

====TEST CR(282, 30, 60)====
Is IST_0 spanning? : True
Is IST_1 spanning? : True
Is IST_2 spanning? : True
Is IST_3 spanning? : True
Is IST_4 spanning? : True
Is IST_5 spanning? : True
Are all ISTs independent? : True

====TEST CR(283, 30, 60)====
Is IST_0 spanning? : True
Is IST_1 spanning? : True
Is IST_2 spanning? : True
Is IST_3 spanning? : True
Is IST_4 spanning? : True
Is IST_5 spanning? : True
Are all ISTs independent? : True

====TEST CR(284, 30, 60)====
Is IST_0 spanning? : True
Is IST_1 spanning? : True
Is IST_2 spanning? : True
Is IST_3 spanning? : True
Is IST_4 spanning? : True
Is IST_5 spanning? : True
Are all ISTs independent? : True

====TEST CR(285, 30, 60)====
Is IST_0 spanning? : True
Is IST_1 spanning? : True
Is IST_2 spanning? : True
Is IST_3 spanning? : True
Is IST_4 spanning? : True
Is IST_5 spanning? : True
Are all ISTs independent? : True

====TEST CR(286, 30, 60)====
Is IST_0 spanning? : True
Is IST_1 spanning? : True
Is IST_2 spanning? : True
Is IST_3 spanning? : True
Is IST_4 spanning? : True
Is IST_5 spanning? : True
Are all ISTs independent? : True

====TEST CR(287, 30, 60)====
Is IST_0 spanning? : True
Is IST_1 spanning? : True
Is IST_2 spanning? : True
Is IST_3 spanning? : True
Is IST_4 spanning? : True
Is IST_5 spanning? : True
Are all ISTs independent? : True

====TEST CR(288, 30, 60)====
Is IST_0 spanning? : True
Is IST_1 spanning? : True
Is IST_2 spanning? : True
Is IST_3 spanning? : True
Is IST_4 spanning? : True
Is IST_5 spanning? : True
Are all ISTs independent? : True

====TEST CR(289, 30, 60)====
Is IST_0 spanning? : True
Is IST_1 spanning? : True
Is IST_2 spanning? : True
Is IST_3 spanning? : True
Is IST_4 spanning? : True
Is IST_5 spanning? : True
Are all ISTs independent? : True

====TEST CR(290, 30, 60)====
Is IST_0 spanning? : True
Is IST_1 spanning? : True
Is IST_2 spanning? : True
Is IST_3 spanning? : True
Is IST_4 spanning? : True
Is IST_5 spanning? : True
Are all ISTs independent? : True

====TEST CR(291, 30, 60)====
Is IST_0 spanning? : True
Is IST_1 spanning? : True
Is IST_2 spanning? : True
Is IST_3 spanning? : True
Is IST_4 spanning? : True
Is IST_5 spanning? : True
Are all ISTs independent? : True

====TEST CR(292, 30, 60)====
Is IST_0 spanning? : True
Is IST_1 spanning? : True
Is IST_2 spanning? : True
Is IST_3 spanning? : True
Is IST_4 spanning? : True
Is IST_5 spanning? : True
Are all ISTs independent? : True

====TEST CR(293, 30, 60)====
Is IST_0 spanning? : True
Is IST_1 spanning? : True
Is IST_2 spanning? : True
Is IST_3 spanning? : True
Is IST_4 spanning? : True
Is IST_5 spanning? : True
Are all ISTs independent? : True

====TEST CR(294, 30, 60)====
Is IST_0 spanning? : True
Is IST_1 spanning? : True
Is IST_2 spanning? : True
Is IST_3 spanning? : True
Is IST_4 spanning? : True
Is IST_5 spanning? : True
Are all ISTs independent? : True

====TEST CR(295, 30, 60)====
Is IST_0 spanning? : True
Is IST_1 spanning? : True
Is IST_2 spanning? : True
Is IST_3 spanning? : True
Is IST_4 spanning? : True
Is IST_5 spanning? : True
Are all ISTs independent? : True

====TEST CR(296, 30, 60)====
Is IST_0 spanning? : True
Is IST_1 spanning? : True
Is IST_2 spanning? : True
Is IST_3 spanning? : True
Is IST_4 spanning? : True
Is IST_5 spanning? : True
Are all ISTs independent? : True

====TEST CR(297, 30, 60)====
Is IST_0 spanning? : True
Is IST_1 spanning? : True
Is IST_2 spanning? : True
Is IST_3 spanning? : True
Is IST_4 spanning? : True
Is IST_5 spanning? : True
Are all ISTs independent? : True

====TEST CR(298, 30, 60)====
Is IST_0 spanning? : True
Is IST_1 spanning? : True
Is IST_2 spanning? : True
Is IST_3 spanning? : True
Is IST_4 spanning? : True
Is IST_5 spanning? : True
Are all ISTs independent? : True

====TEST CR(299, 30, 60)====
Is IST_0 spanning? : True
Is IST_1 spanning? : True
Is IST_2 spanning? : True
Is IST_3 spanning? : True
Is IST_4 spanning? : True
Is IST_5 spanning? : True
Are all ISTs independent? : True

====TEST CR(300, 30, 60)====
Is IST_0 spanning? : True
Is IST_1 spanning? : True
Is IST_2 spanning? : True
Is IST_3 spanning? : True
Is IST_4 spanning? : True
Is IST_5 spanning? : True
Are all ISTs independent? : True

====TEST CR(301, 30, 60)====
Is IST_0 spanning? : True
Is IST_1 spanning? : True
Is IST_2 spanning? : True
Is IST_3 spanning? : True
Is IST_4 spanning? : True
Is IST_5 spanning? : True
Are all ISTs independent? : True

====TEST CR(302, 30, 60)====
Is IST_0 spanning? : True
Is IST_1 spanning? : True
Is IST_2 spanning? : True
Is IST_3 spanning? : True
Is IST_4 spanning? : True
Is IST_5 spanning? : True
Are all ISTs independent? : True

====TEST CR(303, 30, 60)====
Is IST_0 spanning? : True
Is IST_1 spanning? : True
Is IST_2 spanning? : True
Is IST_3 spanning? : True
Is IST_4 spanning? : True
Is IST_5 spanning? : True
Are all ISTs independent? : True

====TEST CR(304, 30, 60)====
Is IST_0 spanning? : True
Is IST_1 spanning? : True
Is IST_2 spanning? : True
Is IST_3 spanning? : True
Is IST_4 spanning? : True
Is IST_5 spanning? : True
Are all ISTs independent? : True

====TEST CR(305, 30, 60)====
Is IST_0 spanning? : True
Is IST_1 spanning? : True
Is IST_2 spanning? : True
Is IST_3 spanning? : True
Is IST_4 spanning? : True
Is IST_5 spanning? : True
Are all ISTs independent? : True

====TEST CR(306, 30, 60)====
Is IST_0 spanning? : True
Is IST_1 spanning? : True
Is IST_2 spanning? : True
Is IST_3 spanning? : True
Is IST_4 spanning? : True
Is IST_5 spanning? : True
Are all ISTs independent? : True

====TEST CR(307, 30, 60)====
Is IST_0 spanning? : True
Is IST_1 spanning? : True
Is IST_2 spanning? : True
Is IST_3 spanning? : True
Is IST_4 spanning? : True
Is IST_5 spanning? : True
Are all ISTs independent? : True

====TEST CR(308, 30, 60)====
Is IST_0 spanning? : True
Is IST_1 spanning? : True
Is IST_2 spanning? : True
Is IST_3 spanning? : True
Is IST_4 spanning? : True
Is IST_5 spanning? : True
Are all ISTs independent? : True

====TEST CR(186, 31, 62)====
Is IST_0 spanning? : True
Is IST_1 spanning? : True
Is IST_2 spanning? : True
Is IST_3 spanning? : True
Is IST_4 spanning? : True
Is IST_5 spanning? : True
Are all ISTs independent? : True

====TEST CR(187, 31, 62)====
Is IST_0 spanning? : True
Is IST_1 spanning? : True
Is IST_2 spanning? : True
Is IST_3 spanning? : True
Is IST_4 spanning? : True
Is IST_5 spanning? : True
Are all ISTs independent? : True

====TEST CR(188, 31, 62)====
Is IST_0 spanning? : True
Is IST_1 spanning? : True
Is IST_2 spanning? : True
Is IST_3 spanning? : True
Is IST_4 spanning? : True
Is IST_5 spanning? : True
Are all ISTs independent? : True

====TEST CR(189, 31, 62)====
Is IST_0 spanning? : True
Is IST_1 spanning? : True
Is IST_2 spanning? : True
Is IST_3 spanning? : True
Is IST_4 spanning? : True
Is IST_5 spanning? : True
Are all ISTs independent? : True

====TEST CR(190, 31, 62)====
Is IST_0 spanning? : True
Is IST_1 spanning? : True
Is IST_2 spanning? : True
Is IST_3 spanning? : True
Is IST_4 spanning? : True
Is IST_5 spanning? : True
Are all ISTs independent? : True

====TEST CR(191, 31, 62)====
Is IST_0 spanning? : True
Is IST_1 spanning? : True
Is IST_2 spanning? : True
Is IST_3 spanning? : True
Is IST_4 spanning? : True
Is IST_5 spanning? : True
Are all ISTs independent? : True

====TEST CR(192, 31, 62)====
Is IST_0 spanning? : True
Is IST_1 spanning? : True
Is IST_2 spanning? : True
Is IST_3 spanning? : True
Is IST_4 spanning? : True
Is IST_5 spanning? : True
Are all ISTs independent? : True

====TEST CR(193, 31, 62)====
Is IST_0 spanning? : True
Is IST_1 spanning? : True
Is IST_2 spanning? : True
Is IST_3 spanning? : True
Is IST_4 spanning? : True
Is IST_5 spanning? : True
Are all ISTs independent? : True

====TEST CR(194, 31, 62)====
Is IST_0 spanning? : True
Is IST_1 spanning? : True
Is IST_2 spanning? : True
Is IST_3 spanning? : True
Is IST_4 spanning? : True
Is IST_5 spanning? : True
Are all ISTs independent? : True

====TEST CR(195, 31, 62)====
Is IST_0 spanning? : True
Is IST_1 spanning? : True
Is IST_2 spanning? : True
Is IST_3 spanning? : True
Is IST_4 spanning? : True
Is IST_5 spanning? : True
Are all ISTs independent? : True

====TEST CR(196, 31, 62)====
Is IST_0 spanning? : True
Is IST_1 spanning? : True
Is IST_2 spanning? : True
Is IST_3 spanning? : True
Is IST_4 spanning? : True
Is IST_5 spanning? : True
Are all ISTs independent? : True

====TEST CR(197, 31, 62)====
Is IST_0 spanning? : True
Is IST_1 spanning? : True
Is IST_2 spanning? : True
Is IST_3 spanning? : True
Is IST_4 spanning? : True
Is IST_5 spanning? : True
Are all ISTs independent? : True

====TEST CR(198, 31, 62)====
Is IST_0 spanning? : True
Is IST_1 spanning? : True
Is IST_2 spanning? : True
Is IST_3 spanning? : True
Is IST_4 spanning? : True
Is IST_5 spanning? : True
Are all ISTs independent? : True

====TEST CR(199, 31, 62)====
Is IST_0 spanning? : True
Is IST_1 spanning? : True
Is IST_2 spanning? : True
Is IST_3 spanning? : True
Is IST_4 spanning? : True
Is IST_5 spanning? : True
Are all ISTs independent? : True

====TEST CR(200, 31, 62)====
Is IST_0 spanning? : True
Is IST_1 spanning? : True
Is IST_2 spanning? : True
Is IST_3 spanning? : True
Is IST_4 spanning? : True
Is IST_5 spanning? : True
Are all ISTs independent? : True

====TEST CR(201, 31, 62)====
Is IST_0 spanning? : True
Is IST_1 spanning? : True
Is IST_2 spanning? : True
Is IST_3 spanning? : True
Is IST_4 spanning? : True
Is IST_5 spanning? : True
Are all ISTs independent? : True

====TEST CR(202, 31, 62)====
Is IST_0 spanning? : True
Is IST_1 spanning? : True
Is IST_2 spanning? : True
Is IST_3 spanning? : True
Is IST_4 spanning? : True
Is IST_5 spanning? : True
Are all ISTs independent? : True

====TEST CR(203, 31, 62)====
Is IST_0 spanning? : True
Is IST_1 spanning? : True
Is IST_2 spanning? : True
Is IST_3 spanning? : True
Is IST_4 spanning? : True
Is IST_5 spanning? : True
Are all ISTs independent? : True

====TEST CR(204, 31, 62)====
Is IST_0 spanning? : True
Is IST_1 spanning? : True
Is IST_2 spanning? : True
Is IST_3 spanning? : True
Is IST_4 spanning? : True
Is IST_5 spanning? : True
Are all ISTs independent? : True

====TEST CR(205, 31, 62)====
Is IST_0 spanning? : True
Is IST_1 spanning? : True
Is IST_2 spanning? : True
Is IST_3 spanning? : True
Is IST_4 spanning? : True
Is IST_5 spanning? : True
Are all ISTs independent? : True

====TEST CR(206, 31, 62)====
Is IST_0 spanning? : True
Is IST_1 spanning? : True
Is IST_2 spanning? : True
Is IST_3 spanning? : True
Is IST_4 spanning? : True
Is IST_5 spanning? : True
Are all ISTs independent? : True

====TEST CR(207, 31, 62)====
Is IST_0 spanning? : True
Is IST_1 spanning? : True
Is IST_2 spanning? : True
Is IST_3 spanning? : True
Is IST_4 spanning? : True
Is IST_5 spanning? : True
Are all ISTs independent? : True

====TEST CR(208, 31, 62)====
Is IST_0 spanning? : True
Is IST_1 spanning? : True
Is IST_2 spanning? : True
Is IST_3 spanning? : True
Is IST_4 spanning? : True
Is IST_5 spanning? : True
Are all ISTs independent? : True

====TEST CR(209, 31, 62)====
Is IST_0 spanning? : True
Is IST_1 spanning? : True
Is IST_2 spanning? : True
Is IST_3 spanning? : True
Is IST_4 spanning? : True
Is IST_5 spanning? : True
Are all ISTs independent? : True

====TEST CR(210, 31, 62)====
Is IST_0 spanning? : True
Is IST_1 spanning? : True
Is IST_2 spanning? : True
Is IST_3 spanning? : True
Is IST_4 spanning? : True
Is IST_5 spanning? : True
Are all ISTs independent? : True

====TEST CR(211, 31, 62)====
Is IST_0 spanning? : True
Is IST_1 spanning? : True
Is IST_2 spanning? : True
Is IST_3 spanning? : True
Is IST_4 spanning? : True
Is IST_5 spanning? : True
Are all ISTs independent? : True

====TEST CR(212, 31, 62)====
Is IST_0 spanning? : True
Is IST_1 spanning? : True
Is IST_2 spanning? : True
Is IST_3 spanning? : True
Is IST_4 spanning? : True
Is IST_5 spanning? : True
Are all ISTs independent? : True

====TEST CR(213, 31, 62)====
Is IST_0 spanning? : True
Is IST_1 spanning? : True
Is IST_2 spanning? : True
Is IST_3 spanning? : True
Is IST_4 spanning? : True
Is IST_5 spanning? : True
Are all ISTs independent? : True

====TEST CR(214, 31, 62)====
Is IST_0 spanning? : True
Is IST_1 spanning? : True
Is IST_2 spanning? : True
Is IST_3 spanning? : True
Is IST_4 spanning? : True
Is IST_5 spanning? : True
Are all ISTs independent? : True

====TEST CR(215, 31, 62)====
Is IST_0 spanning? : True
Is IST_1 spanning? : True
Is IST_2 spanning? : True
Is IST_3 spanning? : True
Is IST_4 spanning? : True
Is IST_5 spanning? : True
Are all ISTs independent? : True

====TEST CR(216, 31, 62)====
Is IST_0 spanning? : True
Is IST_1 spanning? : True
Is IST_2 spanning? : True
Is IST_3 spanning? : True
Is IST_4 spanning? : True
Is IST_5 spanning? : True
Are all ISTs independent? : True

====TEST CR(217, 31, 62)====
Is IST_0 spanning? : True
Is IST_1 spanning? : True
Is IST_2 spanning? : True
Is IST_3 spanning? : True
Is IST_4 spanning? : True
Is IST_5 spanning? : True
Are all ISTs independent? : True

====TEST CR(218, 31, 62)====
Is IST_0 spanning? : True
Is IST_1 spanning? : True
Is IST_2 spanning? : True
Is IST_3 spanning? : True
Is IST_4 spanning? : True
Is IST_5 spanning? : True
Are all ISTs independent? : True

====TEST CR(219, 31, 62)====
Is IST_0 spanning? : True
Is IST_1 spanning? : True
Is IST_2 spanning? : True
Is IST_3 spanning? : True
Is IST_4 spanning? : True
Is IST_5 spanning? : True
Are all ISTs independent? : True

====TEST CR(220, 31, 62)====
Is IST_0 spanning? : True
Is IST_1 spanning? : True
Is IST_2 spanning? : True
Is IST_3 spanning? : True
Is IST_4 spanning? : True
Is IST_5 spanning? : True
Are all ISTs independent? : True

====TEST CR(221, 31, 62)====
Is IST_0 spanning? : True
Is IST_1 spanning? : True
Is IST_2 spanning? : True
Is IST_3 spanning? : True
Is IST_4 spanning? : True
Is IST_5 spanning? : True
Are all ISTs independent? : True

====TEST CR(222, 31, 62)====
Is IST_0 spanning? : True
Is IST_1 spanning? : True
Is IST_2 spanning? : True
Is IST_3 spanning? : True
Is IST_4 spanning? : True
Is IST_5 spanning? : True
Are all ISTs independent? : True

====TEST CR(223, 31, 62)====
Is IST_0 spanning? : True
Is IST_1 spanning? : True
Is IST_2 spanning? : True
Is IST_3 spanning? : True
Is IST_4 spanning? : True
Is IST_5 spanning? : True
Are all ISTs independent? : True

====TEST CR(224, 31, 62)====
Is IST_0 spanning? : True
Is IST_1 spanning? : True
Is IST_2 spanning? : True
Is IST_3 spanning? : True
Is IST_4 spanning? : True
Is IST_5 spanning? : True
Are all ISTs independent? : True

====TEST CR(225, 31, 62)====
Is IST_0 spanning? : True
Is IST_1 spanning? : True
Is IST_2 spanning? : True
Is IST_3 spanning? : True
Is IST_4 spanning? : True
Is IST_5 spanning? : True
Are all ISTs independent? : True

====TEST CR(226, 31, 62)====
Is IST_0 spanning? : True
Is IST_1 spanning? : True
Is IST_2 spanning? : True
Is IST_3 spanning? : True
Is IST_4 spanning? : True
Is IST_5 spanning? : True
Are all ISTs independent? : True

====TEST CR(227, 31, 62)====
Is IST_0 spanning? : True
Is IST_1 spanning? : True
Is IST_2 spanning? : True
Is IST_3 spanning? : True
Is IST_4 spanning? : True
Is IST_5 spanning? : True
Are all ISTs independent? : True

====TEST CR(228, 31, 62)====
Is IST_0 spanning? : True
Is IST_1 spanning? : True
Is IST_2 spanning? : True
Is IST_3 spanning? : True
Is IST_4 spanning? : True
Is IST_5 spanning? : True
Are all ISTs independent? : True

====TEST CR(229, 31, 62)====
Is IST_0 spanning? : True
Is IST_1 spanning? : True
Is IST_2 spanning? : True
Is IST_3 spanning? : True
Is IST_4 spanning? : True
Is IST_5 spanning? : True
Are all ISTs independent? : True

====TEST CR(230, 31, 62)====
Is IST_0 spanning? : True
Is IST_1 spanning? : True
Is IST_2 spanning? : True
Is IST_3 spanning? : True
Is IST_4 spanning? : True
Is IST_5 spanning? : True
Are all ISTs independent? : True

====TEST CR(231, 31, 62)====
Is IST_0 spanning? : True
Is IST_1 spanning? : True
Is IST_2 spanning? : True
Is IST_3 spanning? : True
Is IST_4 spanning? : True
Is IST_5 spanning? : True
Are all ISTs independent? : True

====TEST CR(232, 31, 62)====
Is IST_0 spanning? : True
Is IST_1 spanning? : True
Is IST_2 spanning? : True
Is IST_3 spanning? : True
Is IST_4 spanning? : True
Is IST_5 spanning? : True
Are all ISTs independent? : True

====TEST CR(233, 31, 62)====
Is IST_0 spanning? : True
Is IST_1 spanning? : True
Is IST_2 spanning? : True
Is IST_3 spanning? : True
Is IST_4 spanning? : True
Is IST_5 spanning? : True
Are all ISTs independent? : True

====TEST CR(234, 31, 62)====
Is IST_0 spanning? : True
Is IST_1 spanning? : True
Is IST_2 spanning? : True
Is IST_3 spanning? : True
Is IST_4 spanning? : True
Is IST_5 spanning? : True
Are all ISTs independent? : True

====TEST CR(235, 31, 62)====
Is IST_0 spanning? : True
Is IST_1 spanning? : True
Is IST_2 spanning? : True
Is IST_3 spanning? : True
Is IST_4 spanning? : True
Is IST_5 spanning? : True
Are all ISTs independent? : True

====TEST CR(236, 31, 62)====
Is IST_0 spanning? : True
Is IST_1 spanning? : True
Is IST_2 spanning? : True
Is IST_3 spanning? : True
Is IST_4 spanning? : True
Is IST_5 spanning? : True
Are all ISTs independent? : True

====TEST CR(237, 31, 62)====
Is IST_0 spanning? : True
Is IST_1 spanning? : True
Is IST_2 spanning? : True
Is IST_3 spanning? : True
Is IST_4 spanning? : True
Is IST_5 spanning? : True
Are all ISTs independent? : True

====TEST CR(238, 31, 62)====
Is IST_0 spanning? : True
Is IST_1 spanning? : True
Is IST_2 spanning? : True
Is IST_3 spanning? : True
Is IST_4 spanning? : True
Is IST_5 spanning? : True
Are all ISTs independent? : True

====TEST CR(239, 31, 62)====
Is IST_0 spanning? : True
Is IST_1 spanning? : True
Is IST_2 spanning? : True
Is IST_3 spanning? : True
Is IST_4 spanning? : True
Is IST_5 spanning? : True
Are all ISTs independent? : True

====TEST CR(240, 31, 62)====
Is IST_0 spanning? : True
Is IST_1 spanning? : True
Is IST_2 spanning? : True
Is IST_3 spanning? : True
Is IST_4 spanning? : True
Is IST_5 spanning? : True
Are all ISTs independent? : True

====TEST CR(241, 31, 62)====
Is IST_0 spanning? : True
Is IST_1 spanning? : True
Is IST_2 spanning? : True
Is IST_3 spanning? : True
Is IST_4 spanning? : True
Is IST_5 spanning? : True
Are all ISTs independent? : True

====TEST CR(242, 31, 62)====
Is IST_0 spanning? : True
Is IST_1 spanning? : True
Is IST_2 spanning? : True
Is IST_3 spanning? : True
Is IST_4 spanning? : True
Is IST_5 spanning? : True
Are all ISTs independent? : True

====TEST CR(243, 31, 62)====
Is IST_0 spanning? : True
Is IST_1 spanning? : True
Is IST_2 spanning? : True
Is IST_3 spanning? : True
Is IST_4 spanning? : True
Is IST_5 spanning? : True
Are all ISTs independent? : True

====TEST CR(244, 31, 62)====
Is IST_0 spanning? : True
Is IST_1 spanning? : True
Is IST_2 spanning? : True
Is IST_3 spanning? : True
Is IST_4 spanning? : True
Is IST_5 spanning? : True
Are all ISTs independent? : True

====TEST CR(245, 31, 62)====
Is IST_0 spanning? : True
Is IST_1 spanning? : True
Is IST_2 spanning? : True
Is IST_3 spanning? : True
Is IST_4 spanning? : True
Is IST_5 spanning? : True
Are all ISTs independent? : True

====TEST CR(246, 31, 62)====
Is IST_0 spanning? : True
Is IST_1 spanning? : True
Is IST_2 spanning? : True
Is IST_3 spanning? : True
Is IST_4 spanning? : True
Is IST_5 spanning? : True
Are all ISTs independent? : True

====TEST CR(247, 31, 62)====
Is IST_0 spanning? : True
Is IST_1 spanning? : True
Is IST_2 spanning? : True
Is IST_3 spanning? : True
Is IST_4 spanning? : True
Is IST_5 spanning? : True
Are all ISTs independent? : True

====TEST CR(248, 31, 62)====
Is IST_0 spanning? : True
Is IST_1 spanning? : True
Is IST_2 spanning? : True
Is IST_3 spanning? : True
Is IST_4 spanning? : True
Is IST_5 spanning? : True
Are all ISTs independent? : True

====TEST CR(249, 31, 62)====
Is IST_0 spanning? : True
Is IST_1 spanning? : True
Is IST_2 spanning? : True
Is IST_3 spanning? : True
Is IST_4 spanning? : True
Is IST_5 spanning? : True
Are all ISTs independent? : True

====TEST CR(250, 31, 62)====
Is IST_0 spanning? : True
Is IST_1 spanning? : True
Is IST_2 spanning? : True
Is IST_3 spanning? : True
Is IST_4 spanning? : True
Is IST_5 spanning? : True
Are all ISTs independent? : True

====TEST CR(251, 31, 62)====
Is IST_0 spanning? : True
Is IST_1 spanning? : True
Is IST_2 spanning? : True
Is IST_3 spanning? : True
Is IST_4 spanning? : True
Is IST_5 spanning? : True
Are all ISTs independent? : True

====TEST CR(252, 31, 62)====
Is IST_0 spanning? : True
Is IST_1 spanning? : True
Is IST_2 spanning? : True
Is IST_3 spanning? : True
Is IST_4 spanning? : True
Is IST_5 spanning? : True
Are all ISTs independent? : True

====TEST CR(253, 31, 62)====
Is IST_0 spanning? : True
Is IST_1 spanning? : True
Is IST_2 spanning? : True
Is IST_3 spanning? : True
Is IST_4 spanning? : True
Is IST_5 spanning? : True
Are all ISTs independent? : True

====TEST CR(254, 31, 62)====
Is IST_0 spanning? : True
Is IST_1 spanning? : True
Is IST_2 spanning? : True
Is IST_3 spanning? : True
Is IST_4 spanning? : True
Is IST_5 spanning? : True
Are all ISTs independent? : True

====TEST CR(255, 31, 62)====
Is IST_0 spanning? : True
Is IST_1 spanning? : True
Is IST_2 spanning? : True
Is IST_3 spanning? : True
Is IST_4 spanning? : True
Is IST_5 spanning? : True
Are all ISTs independent? : True

====TEST CR(256, 31, 62)====
Is IST_0 spanning? : True
Is IST_1 spanning? : True
Is IST_2 spanning? : True
Is IST_3 spanning? : True
Is IST_4 spanning? : True
Is IST_5 spanning? : True
Are all ISTs independent? : True

====TEST CR(257, 31, 62)====
Is IST_0 spanning? : True
Is IST_1 spanning? : True
Is IST_2 spanning? : True
Is IST_3 spanning? : True
Is IST_4 spanning? : True
Is IST_5 spanning? : True
Are all ISTs independent? : True

====TEST CR(258, 31, 62)====
Is IST_0 spanning? : True
Is IST_1 spanning? : True
Is IST_2 spanning? : True
Is IST_3 spanning? : True
Is IST_4 spanning? : True
Is IST_5 spanning? : True
Are all ISTs independent? : True

====TEST CR(259, 31, 62)====
Is IST_0 spanning? : True
Is IST_1 spanning? : True
Is IST_2 spanning? : True
Is IST_3 spanning? : True
Is IST_4 spanning? : True
Is IST_5 spanning? : True
Are all ISTs independent? : True

====TEST CR(260, 31, 62)====
Is IST_0 spanning? : True
Is IST_1 spanning? : True
Is IST_2 spanning? : True
Is IST_3 spanning? : True
Is IST_4 spanning? : True
Is IST_5 spanning? : True
Are all ISTs independent? : True

====TEST CR(261, 31, 62)====
Is IST_0 spanning? : True
Is IST_1 spanning? : True
Is IST_2 spanning? : True
Is IST_3 spanning? : True
Is IST_4 spanning? : True
Is IST_5 spanning? : True
Are all ISTs independent? : True

====TEST CR(262, 31, 62)====
Is IST_0 spanning? : True
Is IST_1 spanning? : True
Is IST_2 spanning? : True
Is IST_3 spanning? : True
Is IST_4 spanning? : True
Is IST_5 spanning? : True
Are all ISTs independent? : True

====TEST CR(263, 31, 62)====
Is IST_0 spanning? : True
Is IST_1 spanning? : True
Is IST_2 spanning? : True
Is IST_3 spanning? : True
Is IST_4 spanning? : True
Is IST_5 spanning? : True
Are all ISTs independent? : True

====TEST CR(264, 31, 62)====
Is IST_0 spanning? : True
Is IST_1 spanning? : True
Is IST_2 spanning? : True
Is IST_3 spanning? : True
Is IST_4 spanning? : True
Is IST_5 spanning? : True
Are all ISTs independent? : True

====TEST CR(265, 31, 62)====
Is IST_0 spanning? : True
Is IST_1 spanning? : True
Is IST_2 spanning? : True
Is IST_3 spanning? : True
Is IST_4 spanning? : True
Is IST_5 spanning? : True
Are all ISTs independent? : True

====TEST CR(266, 31, 62)====
Is IST_0 spanning? : True
Is IST_1 spanning? : True
Is IST_2 spanning? : True
Is IST_3 spanning? : True
Is IST_4 spanning? : True
Is IST_5 spanning? : True
Are all ISTs independent? : True

====TEST CR(267, 31, 62)====
Is IST_0 spanning? : True
Is IST_1 spanning? : True
Is IST_2 spanning? : True
Is IST_3 spanning? : True
Is IST_4 spanning? : True
Is IST_5 spanning? : True
Are all ISTs independent? : True

====TEST CR(268, 31, 62)====
Is IST_0 spanning? : True
Is IST_1 spanning? : True
Is IST_2 spanning? : True
Is IST_3 spanning? : True
Is IST_4 spanning? : True
Is IST_5 spanning? : True
Are all ISTs independent? : True

====TEST CR(269, 31, 62)====
Is IST_0 spanning? : True
Is IST_1 spanning? : True
Is IST_2 spanning? : True
Is IST_3 spanning? : True
Is IST_4 spanning? : True
Is IST_5 spanning? : True
Are all ISTs independent? : True

====TEST CR(270, 31, 62)====
Is IST_0 spanning? : True
Is IST_1 spanning? : True
Is IST_2 spanning? : True
Is IST_3 spanning? : True
Is IST_4 spanning? : True
Is IST_5 spanning? : True
Are all ISTs independent? : True

====TEST CR(271, 31, 62)====
Is IST_0 spanning? : True
Is IST_1 spanning? : True
Is IST_2 spanning? : True
Is IST_3 spanning? : True
Is IST_4 spanning? : True
Is IST_5 spanning? : True
Are all ISTs independent? : True

====TEST CR(272, 31, 62)====
Is IST_0 spanning? : True
Is IST_1 spanning? : True
Is IST_2 spanning? : True
Is IST_3 spanning? : True
Is IST_4 spanning? : True
Is IST_5 spanning? : True
Are all ISTs independent? : True

====TEST CR(273, 31, 62)====
Is IST_0 spanning? : True
Is IST_1 spanning? : True
Is IST_2 spanning? : True
Is IST_3 spanning? : True
Is IST_4 spanning? : True
Is IST_5 spanning? : True
Are all ISTs independent? : True

====TEST CR(274, 31, 62)====
Is IST_0 spanning? : True
Is IST_1 spanning? : True
Is IST_2 spanning? : True
Is IST_3 spanning? : True
Is IST_4 spanning? : True
Is IST_5 spanning? : True
Are all ISTs independent? : True

====TEST CR(275, 31, 62)====
Is IST_0 spanning? : True
Is IST_1 spanning? : True
Is IST_2 spanning? : True
Is IST_3 spanning? : True
Is IST_4 spanning? : True
Is IST_5 spanning? : True
Are all ISTs independent? : True

====TEST CR(276, 31, 62)====
Is IST_0 spanning? : True
Is IST_1 spanning? : True
Is IST_2 spanning? : True
Is IST_3 spanning? : True
Is IST_4 spanning? : True
Is IST_5 spanning? : True
Are all ISTs independent? : True

====TEST CR(277, 31, 62)====
Is IST_0 spanning? : True
Is IST_1 spanning? : True
Is IST_2 spanning? : True
Is IST_3 spanning? : True
Is IST_4 spanning? : True
Is IST_5 spanning? : True
Are all ISTs independent? : True

====TEST CR(278, 31, 62)====
Is IST_0 spanning? : True
Is IST_1 spanning? : True
Is IST_2 spanning? : True
Is IST_3 spanning? : True
Is IST_4 spanning? : True
Is IST_5 spanning? : True
Are all ISTs independent? : True

====TEST CR(279, 31, 62)====
Is IST_0 spanning? : True
Is IST_1 spanning? : True
Is IST_2 spanning? : True
Is IST_3 spanning? : True
Is IST_4 spanning? : True
Is IST_5 spanning? : True
Are all ISTs independent? : True

====TEST CR(280, 31, 62)====
Is IST_0 spanning? : True
Is IST_1 spanning? : True
Is IST_2 spanning? : True
Is IST_3 spanning? : True
Is IST_4 spanning? : True
Is IST_5 spanning? : True
Are all ISTs independent? : True

====TEST CR(281, 31, 62)====
Is IST_0 spanning? : True
Is IST_1 spanning? : True
Is IST_2 spanning? : True
Is IST_3 spanning? : True
Is IST_4 spanning? : True
Is IST_5 spanning? : True
Are all ISTs independent? : True

====TEST CR(282, 31, 62)====
Is IST_0 spanning? : True
Is IST_1 spanning? : True
Is IST_2 spanning? : True
Is IST_3 spanning? : True
Is IST_4 spanning? : True
Is IST_5 spanning? : True
Are all ISTs independent? : True

====TEST CR(283, 31, 62)====
Is IST_0 spanning? : True
Is IST_1 spanning? : True
Is IST_2 spanning? : True
Is IST_3 spanning? : True
Is IST_4 spanning? : True
Is IST_5 spanning? : True
Are all ISTs independent? : True

====TEST CR(284, 31, 62)====
Is IST_0 spanning? : True
Is IST_1 spanning? : True
Is IST_2 spanning? : True
Is IST_3 spanning? : True
Is IST_4 spanning? : True
Is IST_5 spanning? : True
Are all ISTs independent? : True

====TEST CR(285, 31, 62)====
Is IST_0 spanning? : True
Is IST_1 spanning? : True
Is IST_2 spanning? : True
Is IST_3 spanning? : True
Is IST_4 spanning? : True
Is IST_5 spanning? : True
Are all ISTs independent? : True

====TEST CR(286, 31, 62)====
Is IST_0 spanning? : True
Is IST_1 spanning? : True
Is IST_2 spanning? : True
Is IST_3 spanning? : True
Is IST_4 spanning? : True
Is IST_5 spanning? : True
Are all ISTs independent? : True

====TEST CR(287, 31, 62)====
Is IST_0 spanning? : True
Is IST_1 spanning? : True
Is IST_2 spanning? : True
Is IST_3 spanning? : True
Is IST_4 spanning? : True
Is IST_5 spanning? : True
Are all ISTs independent? : True

====TEST CR(288, 31, 62)====
Is IST_0 spanning? : True
Is IST_1 spanning? : True
Is IST_2 spanning? : True
Is IST_3 spanning? : True
Is IST_4 spanning? : True
Is IST_5 spanning? : True
Are all ISTs independent? : True

====TEST CR(289, 31, 62)====
Is IST_0 spanning? : True
Is IST_1 spanning? : True
Is IST_2 spanning? : True
Is IST_3 spanning? : True
Is IST_4 spanning? : True
Is IST_5 spanning? : True
Are all ISTs independent? : True

====TEST CR(290, 31, 62)====
Is IST_0 spanning? : True
Is IST_1 spanning? : True
Is IST_2 spanning? : True
Is IST_3 spanning? : True
Is IST_4 spanning? : True
Is IST_5 spanning? : True
Are all ISTs independent? : True

====TEST CR(291, 31, 62)====
Is IST_0 spanning? : True
Is IST_1 spanning? : True
Is IST_2 spanning? : True
Is IST_3 spanning? : True
Is IST_4 spanning? : True
Is IST_5 spanning? : True
Are all ISTs independent? : True

====TEST CR(292, 31, 62)====
Is IST_0 spanning? : True
Is IST_1 spanning? : True
Is IST_2 spanning? : True
Is IST_3 spanning? : True
Is IST_4 spanning? : True
Is IST_5 spanning? : True
Are all ISTs independent? : True

====TEST CR(293, 31, 62)====
Is IST_0 spanning? : True
Is IST_1 spanning? : True
Is IST_2 spanning? : True
Is IST_3 spanning? : True
Is IST_4 spanning? : True
Is IST_5 spanning? : True
Are all ISTs independent? : True

====TEST CR(294, 31, 62)====
Is IST_0 spanning? : True
Is IST_1 spanning? : True
Is IST_2 spanning? : True
Is IST_3 spanning? : True
Is IST_4 spanning? : True
Is IST_5 spanning? : True
Are all ISTs independent? : True

====TEST CR(295, 31, 62)====
Is IST_0 spanning? : True
Is IST_1 spanning? : True
Is IST_2 spanning? : True
Is IST_3 spanning? : True
Is IST_4 spanning? : True
Is IST_5 spanning? : True
Are all ISTs independent? : True

====TEST CR(296, 31, 62)====
Is IST_0 spanning? : True
Is IST_1 spanning? : True
Is IST_2 spanning? : True
Is IST_3 spanning? : True
Is IST_4 spanning? : True
Is IST_5 spanning? : True
Are all ISTs independent? : True

====TEST CR(297, 31, 62)====
Is IST_0 spanning? : True
Is IST_1 spanning? : True
Is IST_2 spanning? : True
Is IST_3 spanning? : True
Is IST_4 spanning? : True
Is IST_5 spanning? : True
Are all ISTs independent? : True

====TEST CR(298, 31, 62)====
Is IST_0 spanning? : True
Is IST_1 spanning? : True
Is IST_2 spanning? : True
Is IST_3 spanning? : True
Is IST_4 spanning? : True
Is IST_5 spanning? : True
Are all ISTs independent? : True

====TEST CR(299, 31, 62)====
Is IST_0 spanning? : True
Is IST_1 spanning? : True
Is IST_2 spanning? : True
Is IST_3 spanning? : True
Is IST_4 spanning? : True
Is IST_5 spanning? : True
Are all ISTs independent? : True

====TEST CR(300, 31, 62)====
Is IST_0 spanning? : True
Is IST_1 spanning? : True
Is IST_2 spanning? : True
Is IST_3 spanning? : True
Is IST_4 spanning? : True
Is IST_5 spanning? : True
Are all ISTs independent? : True

====TEST CR(301, 31, 62)====
Is IST_0 spanning? : True
Is IST_1 spanning? : True
Is IST_2 spanning? : True
Is IST_3 spanning? : True
Is IST_4 spanning? : True
Is IST_5 spanning? : True
Are all ISTs independent? : True

====TEST CR(302, 31, 62)====
Is IST_0 spanning? : True
Is IST_1 spanning? : True
Is IST_2 spanning? : True
Is IST_3 spanning? : True
Is IST_4 spanning? : True
Is IST_5 spanning? : True
Are all ISTs independent? : True

====TEST CR(303, 31, 62)====
Is IST_0 spanning? : True
Is IST_1 spanning? : True
Is IST_2 spanning? : True
Is IST_3 spanning? : True
Is IST_4 spanning? : True
Is IST_5 spanning? : True
Are all ISTs independent? : True

====TEST CR(304, 31, 62)====
Is IST_0 spanning? : True
Is IST_1 spanning? : True
Is IST_2 spanning? : True
Is IST_3 spanning? : True
Is IST_4 spanning? : True
Is IST_5 spanning? : True
Are all ISTs independent? : True

====TEST CR(305, 31, 62)====
Is IST_0 spanning? : True
Is IST_1 spanning? : True
Is IST_2 spanning? : True
Is IST_3 spanning? : True
Is IST_4 spanning? : True
Is IST_5 spanning? : True
Are all ISTs independent? : True

====TEST CR(306, 31, 62)====
Is IST_0 spanning? : True
Is IST_1 spanning? : True
Is IST_2 spanning? : True
Is IST_3 spanning? : True
Is IST_4 spanning? : True
Is IST_5 spanning? : True
Are all ISTs independent? : True

====TEST CR(307, 31, 62)====
Is IST_0 spanning? : True
Is IST_1 spanning? : True
Is IST_2 spanning? : True
Is IST_3 spanning? : True
Is IST_4 spanning? : True
Is IST_5 spanning? : True
Are all ISTs independent? : True

====TEST CR(308, 31, 62)====
Is IST_0 spanning? : True
Is IST_1 spanning? : True
Is IST_2 spanning? : True
Is IST_3 spanning? : True
Is IST_4 spanning? : True
Is IST_5 spanning? : True
Are all ISTs independent? : True

====TEST CR(309, 31, 62)====
Is IST_0 spanning? : True
Is IST_1 spanning? : True
Is IST_2 spanning? : True
Is IST_3 spanning? : True
Is IST_4 spanning? : True
Is IST_5 spanning? : True
Are all ISTs independent? : True

====TEST CR(310, 31, 62)====
Is IST_0 spanning? : True
Is IST_1 spanning? : True
Is IST_2 spanning? : True
Is IST_3 spanning? : True
Is IST_4 spanning? : True
Is IST_5 spanning? : True
Are all ISTs independent? : True

====TEST CR(311, 31, 62)====
Is IST_0 spanning? : True
Is IST_1 spanning? : True
Is IST_2 spanning? : True
Is IST_3 spanning? : True
Is IST_4 spanning? : True
Is IST_5 spanning? : True
Are all ISTs independent? : True

====TEST CR(312, 31, 62)====
Is IST_0 spanning? : True
Is IST_1 spanning? : True
Is IST_2 spanning? : True
Is IST_3 spanning? : True
Is IST_4 spanning? : True
Is IST_5 spanning? : True
Are all ISTs independent? : True

====TEST CR(313, 31, 62)====
Is IST_0 spanning? : True
Is IST_1 spanning? : True
Is IST_2 spanning? : True
Is IST_3 spanning? : True
Is IST_4 spanning? : True
Is IST_5 spanning? : True
Are all ISTs independent? : True

====TEST CR(314, 31, 62)====
Is IST_0 spanning? : True
Is IST_1 spanning? : True
Is IST_2 spanning? : True
Is IST_3 spanning? : True
Is IST_4 spanning? : True
Is IST_5 spanning? : True
Are all ISTs independent? : True

====TEST CR(192, 32, 64)====
Is IST_0 spanning? : True
Is IST_1 spanning? : True
Is IST_2 spanning? : True
Is IST_3 spanning? : True
Is IST_4 spanning? : True
Is IST_5 spanning? : True
Are all ISTs independent? : True

====TEST CR(193, 32, 64)====
Is IST_0 spanning? : True
Is IST_1 spanning? : True
Is IST_2 spanning? : True
Is IST_3 spanning? : True
Is IST_4 spanning? : True
Is IST_5 spanning? : True
Are all ISTs independent? : True

====TEST CR(194, 32, 64)====
Is IST_0 spanning? : True
Is IST_1 spanning? : True
Is IST_2 spanning? : True
Is IST_3 spanning? : True
Is IST_4 spanning? : True
Is IST_5 spanning? : True
Are all ISTs independent? : True

====TEST CR(195, 32, 64)====
Is IST_0 spanning? : True
Is IST_1 spanning? : True
Is IST_2 spanning? : True
Is IST_3 spanning? : True
Is IST_4 spanning? : True
Is IST_5 spanning? : True
Are all ISTs independent? : True

====TEST CR(196, 32, 64)====
Is IST_0 spanning? : True
Is IST_1 spanning? : True
Is IST_2 spanning? : True
Is IST_3 spanning? : True
Is IST_4 spanning? : True
Is IST_5 spanning? : True
Are all ISTs independent? : True

====TEST CR(197, 32, 64)====
Is IST_0 spanning? : True
Is IST_1 spanning? : True
Is IST_2 spanning? : True
Is IST_3 spanning? : True
Is IST_4 spanning? : True
Is IST_5 spanning? : True
Are all ISTs independent? : True

====TEST CR(198, 32, 64)====
Is IST_0 spanning? : True
Is IST_1 spanning? : True
Is IST_2 spanning? : True
Is IST_3 spanning? : True
Is IST_4 spanning? : True
Is IST_5 spanning? : True
Are all ISTs independent? : True

====TEST CR(199, 32, 64)====
Is IST_0 spanning? : True
Is IST_1 spanning? : True
Is IST_2 spanning? : True
Is IST_3 spanning? : True
Is IST_4 spanning? : True
Is IST_5 spanning? : True
Are all ISTs independent? : True

====TEST CR(200, 32, 64)====
Is IST_0 spanning? : True
Is IST_1 spanning? : True
Is IST_2 spanning? : True
Is IST_3 spanning? : True
Is IST_4 spanning? : True
Is IST_5 spanning? : True
Are all ISTs independent? : True

====TEST CR(201, 32, 64)====
Is IST_0 spanning? : True
Is IST_1 spanning? : True
Is IST_2 spanning? : True
Is IST_3 spanning? : True
Is IST_4 spanning? : True
Is IST_5 spanning? : True
Are all ISTs independent? : True

====TEST CR(202, 32, 64)====
Is IST_0 spanning? : True
Is IST_1 spanning? : True
Is IST_2 spanning? : True
Is IST_3 spanning? : True
Is IST_4 spanning? : True
Is IST_5 spanning? : True
Are all ISTs independent? : True

====TEST CR(203, 32, 64)====
Is IST_0 spanning? : True
Is IST_1 spanning? : True
Is IST_2 spanning? : True
Is IST_3 spanning? : True
Is IST_4 spanning? : True
Is IST_5 spanning? : True
Are all ISTs independent? : True

====TEST CR(204, 32, 64)====
Is IST_0 spanning? : True
Is IST_1 spanning? : True
Is IST_2 spanning? : True
Is IST_3 spanning? : True
Is IST_4 spanning? : True
Is IST_5 spanning? : True
Are all ISTs independent? : True

====TEST CR(205, 32, 64)====
Is IST_0 spanning? : True
Is IST_1 spanning? : True
Is IST_2 spanning? : True
Is IST_3 spanning? : True
Is IST_4 spanning? : True
Is IST_5 spanning? : True
Are all ISTs independent? : True

====TEST CR(206, 32, 64)====
Is IST_0 spanning? : True
Is IST_1 spanning? : True
Is IST_2 spanning? : True
Is IST_3 spanning? : True
Is IST_4 spanning? : True
Is IST_5 spanning? : True
Are all ISTs independent? : True

====TEST CR(207, 32, 64)====
Is IST_0 spanning? : True
Is IST_1 spanning? : True
Is IST_2 spanning? : True
Is IST_3 spanning? : True
Is IST_4 spanning? : True
Is IST_5 spanning? : True
Are all ISTs independent? : True

====TEST CR(208, 32, 64)====
Is IST_0 spanning? : True
Is IST_1 spanning? : True
Is IST_2 spanning? : True
Is IST_3 spanning? : True
Is IST_4 spanning? : True
Is IST_5 spanning? : True
Are all ISTs independent? : True

====TEST CR(209, 32, 64)====
Is IST_0 spanning? : True
Is IST_1 spanning? : True
Is IST_2 spanning? : True
Is IST_3 spanning? : True
Is IST_4 spanning? : True
Is IST_5 spanning? : True
Are all ISTs independent? : True

====TEST CR(210, 32, 64)====
Is IST_0 spanning? : True
Is IST_1 spanning? : True
Is IST_2 spanning? : True
Is IST_3 spanning? : True
Is IST_4 spanning? : True
Is IST_5 spanning? : True
Are all ISTs independent? : True

====TEST CR(211, 32, 64)====
Is IST_0 spanning? : True
Is IST_1 spanning? : True
Is IST_2 spanning? : True
Is IST_3 spanning? : True
Is IST_4 spanning? : True
Is IST_5 spanning? : True
Are all ISTs independent? : True

====TEST CR(212, 32, 64)====
Is IST_0 spanning? : True
Is IST_1 spanning? : True
Is IST_2 spanning? : True
Is IST_3 spanning? : True
Is IST_4 spanning? : True
Is IST_5 spanning? : True
Are all ISTs independent? : True

====TEST CR(213, 32, 64)====
Is IST_0 spanning? : True
Is IST_1 spanning? : True
Is IST_2 spanning? : True
Is IST_3 spanning? : True
Is IST_4 spanning? : True
Is IST_5 spanning? : True
Are all ISTs independent? : True

====TEST CR(214, 32, 64)====
Is IST_0 spanning? : True
Is IST_1 spanning? : True
Is IST_2 spanning? : True
Is IST_3 spanning? : True
Is IST_4 spanning? : True
Is IST_5 spanning? : True
Are all ISTs independent? : True

====TEST CR(215, 32, 64)====
Is IST_0 spanning? : True
Is IST_1 spanning? : True
Is IST_2 spanning? : True
Is IST_3 spanning? : True
Is IST_4 spanning? : True
Is IST_5 spanning? : True
Are all ISTs independent? : True

====TEST CR(216, 32, 64)====
Is IST_0 spanning? : True
Is IST_1 spanning? : True
Is IST_2 spanning? : True
Is IST_3 spanning? : True
Is IST_4 spanning? : True
Is IST_5 spanning? : True
Are all ISTs independent? : True

====TEST CR(217, 32, 64)====
Is IST_0 spanning? : True
Is IST_1 spanning? : True
Is IST_2 spanning? : True
Is IST_3 spanning? : True
Is IST_4 spanning? : True
Is IST_5 spanning? : True
Are all ISTs independent? : True

====TEST CR(218, 32, 64)====
Is IST_0 spanning? : True
Is IST_1 spanning? : True
Is IST_2 spanning? : True
Is IST_3 spanning? : True
Is IST_4 spanning? : True
Is IST_5 spanning? : True
Are all ISTs independent? : True

====TEST CR(219, 32, 64)====
Is IST_0 spanning? : True
Is IST_1 spanning? : True
Is IST_2 spanning? : True
Is IST_3 spanning? : True
Is IST_4 spanning? : True
Is IST_5 spanning? : True
Are all ISTs independent? : True

====TEST CR(220, 32, 64)====
Is IST_0 spanning? : True
Is IST_1 spanning? : True
Is IST_2 spanning? : True
Is IST_3 spanning? : True
Is IST_4 spanning? : True
Is IST_5 spanning? : True
Are all ISTs independent? : True

====TEST CR(221, 32, 64)====
Is IST_0 spanning? : True
Is IST_1 spanning? : True
Is IST_2 spanning? : True
Is IST_3 spanning? : True
Is IST_4 spanning? : True
Is IST_5 spanning? : True
Are all ISTs independent? : True

====TEST CR(222, 32, 64)====
Is IST_0 spanning? : True
Is IST_1 spanning? : True
Is IST_2 spanning? : True
Is IST_3 spanning? : True
Is IST_4 spanning? : True
Is IST_5 spanning? : True
Are all ISTs independent? : True

====TEST CR(223, 32, 64)====
Is IST_0 spanning? : True
Is IST_1 spanning? : True
Is IST_2 spanning? : True
Is IST_3 spanning? : True
Is IST_4 spanning? : True
Is IST_5 spanning? : True
Are all ISTs independent? : True

====TEST CR(224, 32, 64)====
Is IST_0 spanning? : True
Is IST_1 spanning? : True
Is IST_2 spanning? : True
Is IST_3 spanning? : True
Is IST_4 spanning? : True
Is IST_5 spanning? : True
Are all ISTs independent? : True

====TEST CR(225, 32, 64)====
Is IST_0 spanning? : True
Is IST_1 spanning? : True
Is IST_2 spanning? : True
Is IST_3 spanning? : True
Is IST_4 spanning? : True
Is IST_5 spanning? : True
Are all ISTs independent? : True

====TEST CR(226, 32, 64)====
Is IST_0 spanning? : True
Is IST_1 spanning? : True
Is IST_2 spanning? : True
Is IST_3 spanning? : True
Is IST_4 spanning? : True
Is IST_5 spanning? : True
Are all ISTs independent? : True

====TEST CR(227, 32, 64)====
Is IST_0 spanning? : True
Is IST_1 spanning? : True
Is IST_2 spanning? : True
Is IST_3 spanning? : True
Is IST_4 spanning? : True
Is IST_5 spanning? : True
Are all ISTs independent? : True

====TEST CR(228, 32, 64)====
Is IST_0 spanning? : True
Is IST_1 spanning? : True
Is IST_2 spanning? : True
Is IST_3 spanning? : True
Is IST_4 spanning? : True
Is IST_5 spanning? : True
Are all ISTs independent? : True

====TEST CR(229, 32, 64)====
Is IST_0 spanning? : True
Is IST_1 spanning? : True
Is IST_2 spanning? : True
Is IST_3 spanning? : True
Is IST_4 spanning? : True
Is IST_5 spanning? : True
Are all ISTs independent? : True

====TEST CR(230, 32, 64)====
Is IST_0 spanning? : True
Is IST_1 spanning? : True
Is IST_2 spanning? : True
Is IST_3 spanning? : True
Is IST_4 spanning? : True
Is IST_5 spanning? : True
Are all ISTs independent? : True

====TEST CR(231, 32, 64)====
Is IST_0 spanning? : True
Is IST_1 spanning? : True
Is IST_2 spanning? : True
Is IST_3 spanning? : True
Is IST_4 spanning? : True
Is IST_5 spanning? : True
Are all ISTs independent? : True

====TEST CR(232, 32, 64)====
Is IST_0 spanning? : True
Is IST_1 spanning? : True
Is IST_2 spanning? : True
Is IST_3 spanning? : True
Is IST_4 spanning? : True
Is IST_5 spanning? : True
Are all ISTs independent? : True

====TEST CR(233, 32, 64)====
Is IST_0 spanning? : True
Is IST_1 spanning? : True
Is IST_2 spanning? : True
Is IST_3 spanning? : True
Is IST_4 spanning? : True
Is IST_5 spanning? : True
Are all ISTs independent? : True

====TEST CR(234, 32, 64)====
Is IST_0 spanning? : True
Is IST_1 spanning? : True
Is IST_2 spanning? : True
Is IST_3 spanning? : True
Is IST_4 spanning? : True
Is IST_5 spanning? : True
Are all ISTs independent? : True

====TEST CR(235, 32, 64)====
Is IST_0 spanning? : True
Is IST_1 spanning? : True
Is IST_2 spanning? : True
Is IST_3 spanning? : True
Is IST_4 spanning? : True
Is IST_5 spanning? : True
Are all ISTs independent? : True

====TEST CR(236, 32, 64)====
Is IST_0 spanning? : True
Is IST_1 spanning? : True
Is IST_2 spanning? : True
Is IST_3 spanning? : True
Is IST_4 spanning? : True
Is IST_5 spanning? : True
Are all ISTs independent? : True

====TEST CR(237, 32, 64)====
Is IST_0 spanning? : True
Is IST_1 spanning? : True
Is IST_2 spanning? : True
Is IST_3 spanning? : True
Is IST_4 spanning? : True
Is IST_5 spanning? : True
Are all ISTs independent? : True

====TEST CR(238, 32, 64)====
Is IST_0 spanning? : True
Is IST_1 spanning? : True
Is IST_2 spanning? : True
Is IST_3 spanning? : True
Is IST_4 spanning? : True
Is IST_5 spanning? : True
Are all ISTs independent? : True

====TEST CR(239, 32, 64)====
Is IST_0 spanning? : True
Is IST_1 spanning? : True
Is IST_2 spanning? : True
Is IST_3 spanning? : True
Is IST_4 spanning? : True
Is IST_5 spanning? : True
Are all ISTs independent? : True

====TEST CR(240, 32, 64)====
Is IST_0 spanning? : True
Is IST_1 spanning? : True
Is IST_2 spanning? : True
Is IST_3 spanning? : True
Is IST_4 spanning? : True
Is IST_5 spanning? : True
Are all ISTs independent? : True

====TEST CR(241, 32, 64)====
Is IST_0 spanning? : True
Is IST_1 spanning? : True
Is IST_2 spanning? : True
Is IST_3 spanning? : True
Is IST_4 spanning? : True
Is IST_5 spanning? : True
Are all ISTs independent? : True

====TEST CR(242, 32, 64)====
Is IST_0 spanning? : True
Is IST_1 spanning? : True
Is IST_2 spanning? : True
Is IST_3 spanning? : True
Is IST_4 spanning? : True
Is IST_5 spanning? : True
Are all ISTs independent? : True

====TEST CR(243, 32, 64)====
Is IST_0 spanning? : True
Is IST_1 spanning? : True
Is IST_2 spanning? : True
Is IST_3 spanning? : True
Is IST_4 spanning? : True
Is IST_5 spanning? : True
Are all ISTs independent? : True

====TEST CR(244, 32, 64)====
Is IST_0 spanning? : True
Is IST_1 spanning? : True
Is IST_2 spanning? : True
Is IST_3 spanning? : True
Is IST_4 spanning? : True
Is IST_5 spanning? : True
Are all ISTs independent? : True

====TEST CR(245, 32, 64)====
Is IST_0 spanning? : True
Is IST_1 spanning? : True
Is IST_2 spanning? : True
Is IST_3 spanning? : True
Is IST_4 spanning? : True
Is IST_5 spanning? : True
Are all ISTs independent? : True

====TEST CR(246, 32, 64)====
Is IST_0 spanning? : True
Is IST_1 spanning? : True
Is IST_2 spanning? : True
Is IST_3 spanning? : True
Is IST_4 spanning? : True
Is IST_5 spanning? : True
Are all ISTs independent? : True

====TEST CR(247, 32, 64)====
Is IST_0 spanning? : True
Is IST_1 spanning? : True
Is IST_2 spanning? : True
Is IST_3 spanning? : True
Is IST_4 spanning? : True
Is IST_5 spanning? : True
Are all ISTs independent? : True

====TEST CR(248, 32, 64)====
Is IST_0 spanning? : True
Is IST_1 spanning? : True
Is IST_2 spanning? : True
Is IST_3 spanning? : True
Is IST_4 spanning? : True
Is IST_5 spanning? : True
Are all ISTs independent? : True

====TEST CR(249, 32, 64)====
Is IST_0 spanning? : True
Is IST_1 spanning? : True
Is IST_2 spanning? : True
Is IST_3 spanning? : True
Is IST_4 spanning? : True
Is IST_5 spanning? : True
Are all ISTs independent? : True

====TEST CR(250, 32, 64)====
Is IST_0 spanning? : True
Is IST_1 spanning? : True
Is IST_2 spanning? : True
Is IST_3 spanning? : True
Is IST_4 spanning? : True
Is IST_5 spanning? : True
Are all ISTs independent? : True

====TEST CR(251, 32, 64)====
Is IST_0 spanning? : True
Is IST_1 spanning? : True
Is IST_2 spanning? : True
Is IST_3 spanning? : True
Is IST_4 spanning? : True
Is IST_5 spanning? : True
Are all ISTs independent? : True

====TEST CR(252, 32, 64)====
Is IST_0 spanning? : True
Is IST_1 spanning? : True
Is IST_2 spanning? : True
Is IST_3 spanning? : True
Is IST_4 spanning? : True
Is IST_5 spanning? : True
Are all ISTs independent? : True

====TEST CR(253, 32, 64)====
Is IST_0 spanning? : True
Is IST_1 spanning? : True
Is IST_2 spanning? : True
Is IST_3 spanning? : True
Is IST_4 spanning? : True
Is IST_5 spanning? : True
Are all ISTs independent? : True

====TEST CR(254, 32, 64)====
Is IST_0 spanning? : True
Is IST_1 spanning? : True
Is IST_2 spanning? : True
Is IST_3 spanning? : True
Is IST_4 spanning? : True
Is IST_5 spanning? : True
Are all ISTs independent? : True

====TEST CR(255, 32, 64)====
Is IST_0 spanning? : True
Is IST_1 spanning? : True
Is IST_2 spanning? : True
Is IST_3 spanning? : True
Is IST_4 spanning? : True
Is IST_5 spanning? : True
Are all ISTs independent? : True

====TEST CR(256, 32, 64)====
Is IST_0 spanning? : True
Is IST_1 spanning? : True
Is IST_2 spanning? : True
Is IST_3 spanning? : True
Is IST_4 spanning? : True
Is IST_5 spanning? : True
Are all ISTs independent? : True

====TEST CR(257, 32, 64)====
Is IST_0 spanning? : True
Is IST_1 spanning? : True
Is IST_2 spanning? : True
Is IST_3 spanning? : True
Is IST_4 spanning? : True
Is IST_5 spanning? : True
Are all ISTs independent? : True

====TEST CR(258, 32, 64)====
Is IST_0 spanning? : True
Is IST_1 spanning? : True
Is IST_2 spanning? : True
Is IST_3 spanning? : True
Is IST_4 spanning? : True
Is IST_5 spanning? : True
Are all ISTs independent? : True

====TEST CR(259, 32, 64)====
Is IST_0 spanning? : True
Is IST_1 spanning? : True
Is IST_2 spanning? : True
Is IST_3 spanning? : True
Is IST_4 spanning? : True
Is IST_5 spanning? : True
Are all ISTs independent? : True

====TEST CR(260, 32, 64)====
Is IST_0 spanning? : True
Is IST_1 spanning? : True
Is IST_2 spanning? : True
Is IST_3 spanning? : True
Is IST_4 spanning? : True
Is IST_5 spanning? : True
Are all ISTs independent? : True

====TEST CR(261, 32, 64)====
Is IST_0 spanning? : True
Is IST_1 spanning? : True
Is IST_2 spanning? : True
Is IST_3 spanning? : True
Is IST_4 spanning? : True
Is IST_5 spanning? : True
Are all ISTs independent? : True

====TEST CR(262, 32, 64)====
Is IST_0 spanning? : True
Is IST_1 spanning? : True
Is IST_2 spanning? : True
Is IST_3 spanning? : True
Is IST_4 spanning? : True
Is IST_5 spanning? : True
Are all ISTs independent? : True

====TEST CR(263, 32, 64)====
Is IST_0 spanning? : True
Is IST_1 spanning? : True
Is IST_2 spanning? : True
Is IST_3 spanning? : True
Is IST_4 spanning? : True
Is IST_5 spanning? : True
Are all ISTs independent? : True

====TEST CR(264, 32, 64)====
Is IST_0 spanning? : True
Is IST_1 spanning? : True
Is IST_2 spanning? : True
Is IST_3 spanning? : True
Is IST_4 spanning? : True
Is IST_5 spanning? : True
Are all ISTs independent? : True

====TEST CR(265, 32, 64)====
Is IST_0 spanning? : True
Is IST_1 spanning? : True
Is IST_2 spanning? : True
Is IST_3 spanning? : True
Is IST_4 spanning? : True
Is IST_5 spanning? : True
Are all ISTs independent? : True

====TEST CR(266, 32, 64)====
Is IST_0 spanning? : True
Is IST_1 spanning? : True
Is IST_2 spanning? : True
Is IST_3 spanning? : True
Is IST_4 spanning? : True
Is IST_5 spanning? : True
Are all ISTs independent? : True

====TEST CR(267, 32, 64)====
Is IST_0 spanning? : True
Is IST_1 spanning? : True
Is IST_2 spanning? : True
Is IST_3 spanning? : True
Is IST_4 spanning? : True
Is IST_5 spanning? : True
Are all ISTs independent? : True

====TEST CR(268, 32, 64)====
Is IST_0 spanning? : True
Is IST_1 spanning? : True
Is IST_2 spanning? : True
Is IST_3 spanning? : True
Is IST_4 spanning? : True
Is IST_5 spanning? : True
Are all ISTs independent? : True

====TEST CR(269, 32, 64)====
Is IST_0 spanning? : True
Is IST_1 spanning? : True
Is IST_2 spanning? : True
Is IST_3 spanning? : True
Is IST_4 spanning? : True
Is IST_5 spanning? : True
Are all ISTs independent? : True

====TEST CR(270, 32, 64)====
Is IST_0 spanning? : True
Is IST_1 spanning? : True
Is IST_2 spanning? : True
Is IST_3 spanning? : True
Is IST_4 spanning? : True
Is IST_5 spanning? : True
Are all ISTs independent? : True

====TEST CR(271, 32, 64)====
Is IST_0 spanning? : True
Is IST_1 spanning? : True
Is IST_2 spanning? : True
Is IST_3 spanning? : True
Is IST_4 spanning? : True
Is IST_5 spanning? : True
Are all ISTs independent? : True

====TEST CR(272, 32, 64)====
Is IST_0 spanning? : True
Is IST_1 spanning? : True
Is IST_2 spanning? : True
Is IST_3 spanning? : True
Is IST_4 spanning? : True
Is IST_5 spanning? : True
Are all ISTs independent? : True

====TEST CR(273, 32, 64)====
Is IST_0 spanning? : True
Is IST_1 spanning? : True
Is IST_2 spanning? : True
Is IST_3 spanning? : True
Is IST_4 spanning? : True
Is IST_5 spanning? : True
Are all ISTs independent? : True

====TEST CR(274, 32, 64)====
Is IST_0 spanning? : True
Is IST_1 spanning? : True
Is IST_2 spanning? : True
Is IST_3 spanning? : True
Is IST_4 spanning? : True
Is IST_5 spanning? : True
Are all ISTs independent? : True

====TEST CR(275, 32, 64)====
Is IST_0 spanning? : True
Is IST_1 spanning? : True
Is IST_2 spanning? : True
Is IST_3 spanning? : True
Is IST_4 spanning? : True
Is IST_5 spanning? : True
Are all ISTs independent? : True

====TEST CR(276, 32, 64)====
Is IST_0 spanning? : True
Is IST_1 spanning? : True
Is IST_2 spanning? : True
Is IST_3 spanning? : True
Is IST_4 spanning? : True
Is IST_5 spanning? : True
Are all ISTs independent? : True

====TEST CR(277, 32, 64)====
Is IST_0 spanning? : True
Is IST_1 spanning? : True
Is IST_2 spanning? : True
Is IST_3 spanning? : True
Is IST_4 spanning? : True
Is IST_5 spanning? : True
Are all ISTs independent? : True

====TEST CR(278, 32, 64)====
Is IST_0 spanning? : True
Is IST_1 spanning? : True
Is IST_2 spanning? : True
Is IST_3 spanning? : True
Is IST_4 spanning? : True
Is IST_5 spanning? : True
Are all ISTs independent? : True

====TEST CR(279, 32, 64)====
Is IST_0 spanning? : True
Is IST_1 spanning? : True
Is IST_2 spanning? : True
Is IST_3 spanning? : True
Is IST_4 spanning? : True
Is IST_5 spanning? : True
Are all ISTs independent? : True

====TEST CR(280, 32, 64)====
Is IST_0 spanning? : True
Is IST_1 spanning? : True
Is IST_2 spanning? : True
Is IST_3 spanning? : True
Is IST_4 spanning? : True
Is IST_5 spanning? : True
Are all ISTs independent? : True

====TEST CR(281, 32, 64)====
Is IST_0 spanning? : True
Is IST_1 spanning? : True
Is IST_2 spanning? : True
Is IST_3 spanning? : True
Is IST_4 spanning? : True
Is IST_5 spanning? : True
Are all ISTs independent? : True

====TEST CR(282, 32, 64)====
Is IST_0 spanning? : True
Is IST_1 spanning? : True
Is IST_2 spanning? : True
Is IST_3 spanning? : True
Is IST_4 spanning? : True
Is IST_5 spanning? : True
Are all ISTs independent? : True

====TEST CR(283, 32, 64)====
Is IST_0 spanning? : True
Is IST_1 spanning? : True
Is IST_2 spanning? : True
Is IST_3 spanning? : True
Is IST_4 spanning? : True
Is IST_5 spanning? : True
Are all ISTs independent? : True

====TEST CR(284, 32, 64)====
Is IST_0 spanning? : True
Is IST_1 spanning? : True
Is IST_2 spanning? : True
Is IST_3 spanning? : True
Is IST_4 spanning? : True
Is IST_5 spanning? : True
Are all ISTs independent? : True

====TEST CR(285, 32, 64)====
Is IST_0 spanning? : True
Is IST_1 spanning? : True
Is IST_2 spanning? : True
Is IST_3 spanning? : True
Is IST_4 spanning? : True
Is IST_5 spanning? : True
Are all ISTs independent? : True

====TEST CR(286, 32, 64)====
Is IST_0 spanning? : True
Is IST_1 spanning? : True
Is IST_2 spanning? : True
Is IST_3 spanning? : True
Is IST_4 spanning? : True
Is IST_5 spanning? : True
Are all ISTs independent? : True

====TEST CR(287, 32, 64)====
Is IST_0 spanning? : True
Is IST_1 spanning? : True
Is IST_2 spanning? : True
Is IST_3 spanning? : True
Is IST_4 spanning? : True
Is IST_5 spanning? : True
Are all ISTs independent? : True

====TEST CR(288, 32, 64)====
Is IST_0 spanning? : True
Is IST_1 spanning? : True
Is IST_2 spanning? : True
Is IST_3 spanning? : True
Is IST_4 spanning? : True
Is IST_5 spanning? : True
Are all ISTs independent? : True

====TEST CR(289, 32, 64)====
Is IST_0 spanning? : True
Is IST_1 spanning? : True
Is IST_2 spanning? : True
Is IST_3 spanning? : True
Is IST_4 spanning? : True
Is IST_5 spanning? : True
Are all ISTs independent? : True

====TEST CR(290, 32, 64)====
Is IST_0 spanning? : True
Is IST_1 spanning? : True
Is IST_2 spanning? : True
Is IST_3 spanning? : True
Is IST_4 spanning? : True
Is IST_5 spanning? : True
Are all ISTs independent? : True

====TEST CR(291, 32, 64)====
Is IST_0 spanning? : True
Is IST_1 spanning? : True
Is IST_2 spanning? : True
Is IST_3 spanning? : True
Is IST_4 spanning? : True
Is IST_5 spanning? : True
Are all ISTs independent? : True

====TEST CR(292, 32, 64)====
Is IST_0 spanning? : True
Is IST_1 spanning? : True
Is IST_2 spanning? : True
Is IST_3 spanning? : True
Is IST_4 spanning? : True
Is IST_5 spanning? : True
Are all ISTs independent? : True

====TEST CR(293, 32, 64)====
Is IST_0 spanning? : True
Is IST_1 spanning? : True
Is IST_2 spanning? : True
Is IST_3 spanning? : True
Is IST_4 spanning? : True
Is IST_5 spanning? : True
Are all ISTs independent? : True

====TEST CR(294, 32, 64)====
Is IST_0 spanning? : True
Is IST_1 spanning? : True
Is IST_2 spanning? : True
Is IST_3 spanning? : True
Is IST_4 spanning? : True
Is IST_5 spanning? : True
Are all ISTs independent? : True

====TEST CR(295, 32, 64)====
Is IST_0 spanning? : True
Is IST_1 spanning? : True
Is IST_2 spanning? : True
Is IST_3 spanning? : True
Is IST_4 spanning? : True
Is IST_5 spanning? : True
Are all ISTs independent? : True

====TEST CR(296, 32, 64)====
Is IST_0 spanning? : True
Is IST_1 spanning? : True
Is IST_2 spanning? : True
Is IST_3 spanning? : True
Is IST_4 spanning? : True
Is IST_5 spanning? : True
Are all ISTs independent? : True

====TEST CR(297, 32, 64)====
Is IST_0 spanning? : True
Is IST_1 spanning? : True
Is IST_2 spanning? : True
Is IST_3 spanning? : True
Is IST_4 spanning? : True
Is IST_5 spanning? : True
Are all ISTs independent? : True

====TEST CR(298, 32, 64)====
Is IST_0 spanning? : True
Is IST_1 spanning? : True
Is IST_2 spanning? : True
Is IST_3 spanning? : True
Is IST_4 spanning? : True
Is IST_5 spanning? : True
Are all ISTs independent? : True

====TEST CR(299, 32, 64)====
Is IST_0 spanning? : True
Is IST_1 spanning? : True
Is IST_2 spanning? : True
Is IST_3 spanning? : True
Is IST_4 spanning? : True
Is IST_5 spanning? : True
Are all ISTs independent? : True

====TEST CR(300, 32, 64)====
Is IST_0 spanning? : True
Is IST_1 spanning? : True
Is IST_2 spanning? : True
Is IST_3 spanning? : True
Is IST_4 spanning? : True
Is IST_5 spanning? : True
Are all ISTs independent? : True

====TEST CR(301, 32, 64)====
Is IST_0 spanning? : True
Is IST_1 spanning? : True
Is IST_2 spanning? : True
Is IST_3 spanning? : True
Is IST_4 spanning? : True
Is IST_5 spanning? : True
Are all ISTs independent? : True

====TEST CR(302, 32, 64)====
Is IST_0 spanning? : True
Is IST_1 spanning? : True
Is IST_2 spanning? : True
Is IST_3 spanning? : True
Is IST_4 spanning? : True
Is IST_5 spanning? : True
Are all ISTs independent? : True

====TEST CR(303, 32, 64)====
Is IST_0 spanning? : True
Is IST_1 spanning? : True
Is IST_2 spanning? : True
Is IST_3 spanning? : True
Is IST_4 spanning? : True
Is IST_5 spanning? : True
Are all ISTs independent? : True

====TEST CR(304, 32, 64)====
Is IST_0 spanning? : True
Is IST_1 spanning? : True
Is IST_2 spanning? : True
Is IST_3 spanning? : True
Is IST_4 spanning? : True
Is IST_5 spanning? : True
Are all ISTs independent? : True

====TEST CR(305, 32, 64)====
Is IST_0 spanning? : True
Is IST_1 spanning? : True
Is IST_2 spanning? : True
Is IST_3 spanning? : True
Is IST_4 spanning? : True
Is IST_5 spanning? : True
Are all ISTs independent? : True

====TEST CR(306, 32, 64)====
Is IST_0 spanning? : True
Is IST_1 spanning? : True
Is IST_2 spanning? : True
Is IST_3 spanning? : True
Is IST_4 spanning? : True
Is IST_5 spanning? : True
Are all ISTs independent? : True

====TEST CR(307, 32, 64)====
Is IST_0 spanning? : True
Is IST_1 spanning? : True
Is IST_2 spanning? : True
Is IST_3 spanning? : True
Is IST_4 spanning? : True
Is IST_5 spanning? : True
Are all ISTs independent? : True

====TEST CR(308, 32, 64)====
Is IST_0 spanning? : True
Is IST_1 spanning? : True
Is IST_2 spanning? : True
Is IST_3 spanning? : True
Is IST_4 spanning? : True
Is IST_5 spanning? : True
Are all ISTs independent? : True

====TEST CR(309, 32, 64)====
Is IST_0 spanning? : True
Is IST_1 spanning? : True
Is IST_2 spanning? : True
Is IST_3 spanning? : True
Is IST_4 spanning? : True
Is IST_5 spanning? : True
Are all ISTs independent? : True

====TEST CR(310, 32, 64)====
Is IST_0 spanning? : True
Is IST_1 spanning? : True
Is IST_2 spanning? : True
Is IST_3 spanning? : True
Is IST_4 spanning? : True
Is IST_5 spanning? : True
Are all ISTs independent? : True

====TEST CR(311, 32, 64)====
Is IST_0 spanning? : True
Is IST_1 spanning? : True
Is IST_2 spanning? : True
Is IST_3 spanning? : True
Is IST_4 spanning? : True
Is IST_5 spanning? : True
Are all ISTs independent? : True

====TEST CR(312, 32, 64)====
Is IST_0 spanning? : True
Is IST_1 spanning? : True
Is IST_2 spanning? : True
Is IST_3 spanning? : True
Is IST_4 spanning? : True
Is IST_5 spanning? : True
Are all ISTs independent? : True

====TEST CR(313, 32, 64)====
Is IST_0 spanning? : True
Is IST_1 spanning? : True
Is IST_2 spanning? : True
Is IST_3 spanning? : True
Is IST_4 spanning? : True
Is IST_5 spanning? : True
Are all ISTs independent? : True

====TEST CR(314, 32, 64)====
Is IST_0 spanning? : True
Is IST_1 spanning? : True
Is IST_2 spanning? : True
Is IST_3 spanning? : True
Is IST_4 spanning? : True
Is IST_5 spanning? : True
Are all ISTs independent? : True

====TEST CR(315, 32, 64)====
Is IST_0 spanning? : True
Is IST_1 spanning? : True
Is IST_2 spanning? : True
Is IST_3 spanning? : True
Is IST_4 spanning? : True
Is IST_5 spanning? : True
Are all ISTs independent? : True

====TEST CR(316, 32, 64)====
Is IST_0 spanning? : True
Is IST_1 spanning? : True
Is IST_2 spanning? : True
Is IST_3 spanning? : True
Is IST_4 spanning? : True
Is IST_5 spanning? : True
Are all ISTs independent? : True

====TEST CR(317, 32, 64)====
Is IST_0 spanning? : True
Is IST_1 spanning? : True
Is IST_2 spanning? : True
Is IST_3 spanning? : True
Is IST_4 spanning? : True
Is IST_5 spanning? : True
Are all ISTs independent? : True

====TEST CR(318, 32, 64)====
Is IST_0 spanning? : True
Is IST_1 spanning? : True
Is IST_2 spanning? : True
Is IST_3 spanning? : True
Is IST_4 spanning? : True
Is IST_5 spanning? : True
Are all ISTs independent? : True

====TEST CR(319, 32, 64)====
Is IST_0 spanning? : True
Is IST_1 spanning? : True
Is IST_2 spanning? : True
Is IST_3 spanning? : True
Is IST_4 spanning? : True
Is IST_5 spanning? : True
Are all ISTs independent? : True

====TEST CR(320, 32, 64)====
Is IST_0 spanning? : True
Is IST_1 spanning? : True
Is IST_2 spanning? : True
Is IST_3 spanning? : True
Is IST_4 spanning? : True
Is IST_5 spanning? : True
Are all ISTs independent? : True

====TEST CR(198, 33, 66)====
Is IST_0 spanning? : True
Is IST_1 spanning? : True
Is IST_2 spanning? : True
Is IST_3 spanning? : True
Is IST_4 spanning? : True
Is IST_5 spanning? : True
Are all ISTs independent? : True

====TEST CR(199, 33, 66)====
Is IST_0 spanning? : True
Is IST_1 spanning? : True
Is IST_2 spanning? : True
Is IST_3 spanning? : True
Is IST_4 spanning? : True
Is IST_5 spanning? : True
Are all ISTs independent? : True

====TEST CR(200, 33, 66)====
Is IST_0 spanning? : True
Is IST_1 spanning? : True
Is IST_2 spanning? : True
Is IST_3 spanning? : True
Is IST_4 spanning? : True
Is IST_5 spanning? : True
Are all ISTs independent? : True

====TEST CR(201, 33, 66)====
Is IST_0 spanning? : True
Is IST_1 spanning? : True
Is IST_2 spanning? : True
Is IST_3 spanning? : True
Is IST_4 spanning? : True
Is IST_5 spanning? : True
Are all ISTs independent? : True

====TEST CR(202, 33, 66)====
Is IST_0 spanning? : True
Is IST_1 spanning? : True
Is IST_2 spanning? : True
Is IST_3 spanning? : True
Is IST_4 spanning? : True
Is IST_5 spanning? : True
Are all ISTs independent? : True

====TEST CR(203, 33, 66)====
Is IST_0 spanning? : True
Is IST_1 spanning? : True
Is IST_2 spanning? : True
Is IST_3 spanning? : True
Is IST_4 spanning? : True
Is IST_5 spanning? : True
Are all ISTs independent? : True

====TEST CR(204, 33, 66)====
Is IST_0 spanning? : True
Is IST_1 spanning? : True
Is IST_2 spanning? : True
Is IST_3 spanning? : True
Is IST_4 spanning? : True
Is IST_5 spanning? : True
Are all ISTs independent? : True

====TEST CR(205, 33, 66)====
Is IST_0 spanning? : True
Is IST_1 spanning? : True
Is IST_2 spanning? : True
Is IST_3 spanning? : True
Is IST_4 spanning? : True
Is IST_5 spanning? : True
Are all ISTs independent? : True

====TEST CR(206, 33, 66)====
Is IST_0 spanning? : True
Is IST_1 spanning? : True
Is IST_2 spanning? : True
Is IST_3 spanning? : True
Is IST_4 spanning? : True
Is IST_5 spanning? : True
Are all ISTs independent? : True

====TEST CR(207, 33, 66)====
Is IST_0 spanning? : True
Is IST_1 spanning? : True
Is IST_2 spanning? : True
Is IST_3 spanning? : True
Is IST_4 spanning? : True
Is IST_5 spanning? : True
Are all ISTs independent? : True

====TEST CR(208, 33, 66)====
Is IST_0 spanning? : True
Is IST_1 spanning? : True
Is IST_2 spanning? : True
Is IST_3 spanning? : True
Is IST_4 spanning? : True
Is IST_5 spanning? : True
Are all ISTs independent? : True

====TEST CR(209, 33, 66)====
Is IST_0 spanning? : True
Is IST_1 spanning? : True
Is IST_2 spanning? : True
Is IST_3 spanning? : True
Is IST_4 spanning? : True
Is IST_5 spanning? : True
Are all ISTs independent? : True

====TEST CR(210, 33, 66)====
Is IST_0 spanning? : True
Is IST_1 spanning? : True
Is IST_2 spanning? : True
Is IST_3 spanning? : True
Is IST_4 spanning? : True
Is IST_5 spanning? : True
Are all ISTs independent? : True

====TEST CR(211, 33, 66)====
Is IST_0 spanning? : True
Is IST_1 spanning? : True
Is IST_2 spanning? : True
Is IST_3 spanning? : True
Is IST_4 spanning? : True
Is IST_5 spanning? : True
Are all ISTs independent? : True

====TEST CR(212, 33, 66)====
Is IST_0 spanning? : True
Is IST_1 spanning? : True
Is IST_2 spanning? : True
Is IST_3 spanning? : True
Is IST_4 spanning? : True
Is IST_5 spanning? : True
Are all ISTs independent? : True

====TEST CR(213, 33, 66)====
Is IST_0 spanning? : True
Is IST_1 spanning? : True
Is IST_2 spanning? : True
Is IST_3 spanning? : True
Is IST_4 spanning? : True
Is IST_5 spanning? : True
Are all ISTs independent? : True

====TEST CR(214, 33, 66)====
Is IST_0 spanning? : True
Is IST_1 spanning? : True
Is IST_2 spanning? : True
Is IST_3 spanning? : True
Is IST_4 spanning? : True
Is IST_5 spanning? : True
Are all ISTs independent? : True

====TEST CR(215, 33, 66)====
Is IST_0 spanning? : True
Is IST_1 spanning? : True
Is IST_2 spanning? : True
Is IST_3 spanning? : True
Is IST_4 spanning? : True
Is IST_5 spanning? : True
Are all ISTs independent? : True

====TEST CR(216, 33, 66)====
Is IST_0 spanning? : True
Is IST_1 spanning? : True
Is IST_2 spanning? : True
Is IST_3 spanning? : True
Is IST_4 spanning? : True
Is IST_5 spanning? : True
Are all ISTs independent? : True

====TEST CR(217, 33, 66)====
Is IST_0 spanning? : True
Is IST_1 spanning? : True
Is IST_2 spanning? : True
Is IST_3 spanning? : True
Is IST_4 spanning? : True
Is IST_5 spanning? : True
Are all ISTs independent? : True

====TEST CR(218, 33, 66)====
Is IST_0 spanning? : True
Is IST_1 spanning? : True
Is IST_2 spanning? : True
Is IST_3 spanning? : True
Is IST_4 spanning? : True
Is IST_5 spanning? : True
Are all ISTs independent? : True

====TEST CR(219, 33, 66)====
Is IST_0 spanning? : True
Is IST_1 spanning? : True
Is IST_2 spanning? : True
Is IST_3 spanning? : True
Is IST_4 spanning? : True
Is IST_5 spanning? : True
Are all ISTs independent? : True

====TEST CR(220, 33, 66)====
Is IST_0 spanning? : True
Is IST_1 spanning? : True
Is IST_2 spanning? : True
Is IST_3 spanning? : True
Is IST_4 spanning? : True
Is IST_5 spanning? : True
Are all ISTs independent? : True

====TEST CR(221, 33, 66)====
Is IST_0 spanning? : True
Is IST_1 spanning? : True
Is IST_2 spanning? : True
Is IST_3 spanning? : True
Is IST_4 spanning? : True
Is IST_5 spanning? : True
Are all ISTs independent? : True

====TEST CR(222, 33, 66)====
Is IST_0 spanning? : True
Is IST_1 spanning? : True
Is IST_2 spanning? : True
Is IST_3 spanning? : True
Is IST_4 spanning? : True
Is IST_5 spanning? : True
Are all ISTs independent? : True

====TEST CR(223, 33, 66)====
Is IST_0 spanning? : True
Is IST_1 spanning? : True
Is IST_2 spanning? : True
Is IST_3 spanning? : True
Is IST_4 spanning? : True
Is IST_5 spanning? : True
Are all ISTs independent? : True

====TEST CR(224, 33, 66)====
Is IST_0 spanning? : True
Is IST_1 spanning? : True
Is IST_2 spanning? : True
Is IST_3 spanning? : True
Is IST_4 spanning? : True
Is IST_5 spanning? : True
Are all ISTs independent? : True

====TEST CR(225, 33, 66)====
Is IST_0 spanning? : True
Is IST_1 spanning? : True
Is IST_2 spanning? : True
Is IST_3 spanning? : True
Is IST_4 spanning? : True
Is IST_5 spanning? : True
Are all ISTs independent? : True

====TEST CR(226, 33, 66)====
Is IST_0 spanning? : True
Is IST_1 spanning? : True
Is IST_2 spanning? : True
Is IST_3 spanning? : True
Is IST_4 spanning? : True
Is IST_5 spanning? : True
Are all ISTs independent? : True

====TEST CR(227, 33, 66)====
Is IST_0 spanning? : True
Is IST_1 spanning? : True
Is IST_2 spanning? : True
Is IST_3 spanning? : True
Is IST_4 spanning? : True
Is IST_5 spanning? : True
Are all ISTs independent? : True

====TEST CR(228, 33, 66)====
Is IST_0 spanning? : True
Is IST_1 spanning? : True
Is IST_2 spanning? : True
Is IST_3 spanning? : True
Is IST_4 spanning? : True
Is IST_5 spanning? : True
Are all ISTs independent? : True

====TEST CR(229, 33, 66)====
Is IST_0 spanning? : True
Is IST_1 spanning? : True
Is IST_2 spanning? : True
Is IST_3 spanning? : True
Is IST_4 spanning? : True
Is IST_5 spanning? : True
Are all ISTs independent? : True

====TEST CR(230, 33, 66)====
Is IST_0 spanning? : True
Is IST_1 spanning? : True
Is IST_2 spanning? : True
Is IST_3 spanning? : True
Is IST_4 spanning? : True
Is IST_5 spanning? : True
Are all ISTs independent? : True

====TEST CR(231, 33, 66)====
Is IST_0 spanning? : True
Is IST_1 spanning? : True
Is IST_2 spanning? : True
Is IST_3 spanning? : True
Is IST_4 spanning? : True
Is IST_5 spanning? : True
Are all ISTs independent? : True

====TEST CR(232, 33, 66)====
Is IST_0 spanning? : True
Is IST_1 spanning? : True
Is IST_2 spanning? : True
Is IST_3 spanning? : True
Is IST_4 spanning? : True
Is IST_5 spanning? : True
Are all ISTs independent? : True

====TEST CR(233, 33, 66)====
Is IST_0 spanning? : True
Is IST_1 spanning? : True
Is IST_2 spanning? : True
Is IST_3 spanning? : True
Is IST_4 spanning? : True
Is IST_5 spanning? : True
Are all ISTs independent? : True

====TEST CR(234, 33, 66)====
Is IST_0 spanning? : True
Is IST_1 spanning? : True
Is IST_2 spanning? : True
Is IST_3 spanning? : True
Is IST_4 spanning? : True
Is IST_5 spanning? : True
Are all ISTs independent? : True

====TEST CR(235, 33, 66)====
Is IST_0 spanning? : True
Is IST_1 spanning? : True
Is IST_2 spanning? : True
Is IST_3 spanning? : True
Is IST_4 spanning? : True
Is IST_5 spanning? : True
Are all ISTs independent? : True

====TEST CR(236, 33, 66)====
Is IST_0 spanning? : True
Is IST_1 spanning? : True
Is IST_2 spanning? : True
Is IST_3 spanning? : True
Is IST_4 spanning? : True
Is IST_5 spanning? : True
Are all ISTs independent? : True

====TEST CR(237, 33, 66)====
Is IST_0 spanning? : True
Is IST_1 spanning? : True
Is IST_2 spanning? : True
Is IST_3 spanning? : True
Is IST_4 spanning? : True
Is IST_5 spanning? : True
Are all ISTs independent? : True

====TEST CR(238, 33, 66)====
Is IST_0 spanning? : True
Is IST_1 spanning? : True
Is IST_2 spanning? : True
Is IST_3 spanning? : True
Is IST_4 spanning? : True
Is IST_5 spanning? : True
Are all ISTs independent? : True

====TEST CR(239, 33, 66)====
Is IST_0 spanning? : True
Is IST_1 spanning? : True
Is IST_2 spanning? : True
Is IST_3 spanning? : True
Is IST_4 spanning? : True
Is IST_5 spanning? : True
Are all ISTs independent? : True

====TEST CR(240, 33, 66)====
Is IST_0 spanning? : True
Is IST_1 spanning? : True
Is IST_2 spanning? : True
Is IST_3 spanning? : True
Is IST_4 spanning? : True
Is IST_5 spanning? : True
Are all ISTs independent? : True

====TEST CR(241, 33, 66)====
Is IST_0 spanning? : True
Is IST_1 spanning? : True
Is IST_2 spanning? : True
Is IST_3 spanning? : True
Is IST_4 spanning? : True
Is IST_5 spanning? : True
Are all ISTs independent? : True

====TEST CR(242, 33, 66)====
Is IST_0 spanning? : True
Is IST_1 spanning? : True
Is IST_2 spanning? : True
Is IST_3 spanning? : True
Is IST_4 spanning? : True
Is IST_5 spanning? : True
Are all ISTs independent? : True

====TEST CR(243, 33, 66)====
Is IST_0 spanning? : True
Is IST_1 spanning? : True
Is IST_2 spanning? : True
Is IST_3 spanning? : True
Is IST_4 spanning? : True
Is IST_5 spanning? : True
Are all ISTs independent? : True

====TEST CR(244, 33, 66)====
Is IST_0 spanning? : True
Is IST_1 spanning? : True
Is IST_2 spanning? : True
Is IST_3 spanning? : True
Is IST_4 spanning? : True
Is IST_5 spanning? : True
Are all ISTs independent? : True

====TEST CR(245, 33, 66)====
Is IST_0 spanning? : True
Is IST_1 spanning? : True
Is IST_2 spanning? : True
Is IST_3 spanning? : True
Is IST_4 spanning? : True
Is IST_5 spanning? : True
Are all ISTs independent? : True

====TEST CR(246, 33, 66)====
Is IST_0 spanning? : True
Is IST_1 spanning? : True
Is IST_2 spanning? : True
Is IST_3 spanning? : True
Is IST_4 spanning? : True
Is IST_5 spanning? : True
Are all ISTs independent? : True

====TEST CR(247, 33, 66)====
Is IST_0 spanning? : True
Is IST_1 spanning? : True
Is IST_2 spanning? : True
Is IST_3 spanning? : True
Is IST_4 spanning? : True
Is IST_5 spanning? : True
Are all ISTs independent? : True

====TEST CR(248, 33, 66)====
Is IST_0 spanning? : True
Is IST_1 spanning? : True
Is IST_2 spanning? : True
Is IST_3 spanning? : True
Is IST_4 spanning? : True
Is IST_5 spanning? : True
Are all ISTs independent? : True

====TEST CR(249, 33, 66)====
Is IST_0 spanning? : True
Is IST_1 spanning? : True
Is IST_2 spanning? : True
Is IST_3 spanning? : True
Is IST_4 spanning? : True
Is IST_5 spanning? : True
Are all ISTs independent? : True

====TEST CR(250, 33, 66)====
Is IST_0 spanning? : True
Is IST_1 spanning? : True
Is IST_2 spanning? : True
Is IST_3 spanning? : True
Is IST_4 spanning? : True
Is IST_5 spanning? : True
Are all ISTs independent? : True

====TEST CR(251, 33, 66)====
Is IST_0 spanning? : True
Is IST_1 spanning? : True
Is IST_2 spanning? : True
Is IST_3 spanning? : True
Is IST_4 spanning? : True
Is IST_5 spanning? : True
Are all ISTs independent? : True

====TEST CR(252, 33, 66)====
Is IST_0 spanning? : True
Is IST_1 spanning? : True
Is IST_2 spanning? : True
Is IST_3 spanning? : True
Is IST_4 spanning? : True
Is IST_5 spanning? : True
Are all ISTs independent? : True

====TEST CR(253, 33, 66)====
Is IST_0 spanning? : True
Is IST_1 spanning? : True
Is IST_2 spanning? : True
Is IST_3 spanning? : True
Is IST_4 spanning? : True
Is IST_5 spanning? : True
Are all ISTs independent? : True

====TEST CR(254, 33, 66)====
Is IST_0 spanning? : True
Is IST_1 spanning? : True
Is IST_2 spanning? : True
Is IST_3 spanning? : True
Is IST_4 spanning? : True
Is IST_5 spanning? : True
Are all ISTs independent? : True

====TEST CR(255, 33, 66)====
Is IST_0 spanning? : True
Is IST_1 spanning? : True
Is IST_2 spanning? : True
Is IST_3 spanning? : True
Is IST_4 spanning? : True
Is IST_5 spanning? : True
Are all ISTs independent? : True

====TEST CR(256, 33, 66)====
Is IST_0 spanning? : True
Is IST_1 spanning? : True
Is IST_2 spanning? : True
Is IST_3 spanning? : True
Is IST_4 spanning? : True
Is IST_5 spanning? : True
Are all ISTs independent? : True

====TEST CR(257, 33, 66)====
Is IST_0 spanning? : True
Is IST_1 spanning? : True
Is IST_2 spanning? : True
Is IST_3 spanning? : True
Is IST_4 spanning? : True
Is IST_5 spanning? : True
Are all ISTs independent? : True

====TEST CR(258, 33, 66)====
Is IST_0 spanning? : True
Is IST_1 spanning? : True
Is IST_2 spanning? : True
Is IST_3 spanning? : True
Is IST_4 spanning? : True
Is IST_5 spanning? : True
Are all ISTs independent? : True

====TEST CR(259, 33, 66)====
Is IST_0 spanning? : True
Is IST_1 spanning? : True
Is IST_2 spanning? : True
Is IST_3 spanning? : True
Is IST_4 spanning? : True
Is IST_5 spanning? : True
Are all ISTs independent? : True

====TEST CR(260, 33, 66)====
Is IST_0 spanning? : True
Is IST_1 spanning? : True
Is IST_2 spanning? : True
Is IST_3 spanning? : True
Is IST_4 spanning? : True
Is IST_5 spanning? : True
Are all ISTs independent? : True

====TEST CR(261, 33, 66)====
Is IST_0 spanning? : True
Is IST_1 spanning? : True
Is IST_2 spanning? : True
Is IST_3 spanning? : True
Is IST_4 spanning? : True
Is IST_5 spanning? : True
Are all ISTs independent? : True

====TEST CR(262, 33, 66)====
Is IST_0 spanning? : True
Is IST_1 spanning? : True
Is IST_2 spanning? : True
Is IST_3 spanning? : True
Is IST_4 spanning? : True
Is IST_5 spanning? : True
Are all ISTs independent? : True

====TEST CR(263, 33, 66)====
Is IST_0 spanning? : True
Is IST_1 spanning? : True
Is IST_2 spanning? : True
Is IST_3 spanning? : True
Is IST_4 spanning? : True
Is IST_5 spanning? : True
Are all ISTs independent? : True

====TEST CR(264, 33, 66)====
Is IST_0 spanning? : True
Is IST_1 spanning? : True
Is IST_2 spanning? : True
Is IST_3 spanning? : True
Is IST_4 spanning? : True
Is IST_5 spanning? : True
Are all ISTs independent? : True

====TEST CR(265, 33, 66)====
Is IST_0 spanning? : True
Is IST_1 spanning? : True
Is IST_2 spanning? : True
Is IST_3 spanning? : True
Is IST_4 spanning? : True
Is IST_5 spanning? : True
Are all ISTs independent? : True

====TEST CR(266, 33, 66)====
Is IST_0 spanning? : True
Is IST_1 spanning? : True
Is IST_2 spanning? : True
Is IST_3 spanning? : True
Is IST_4 spanning? : True
Is IST_5 spanning? : True
Are all ISTs independent? : True

====TEST CR(267, 33, 66)====
Is IST_0 spanning? : True
Is IST_1 spanning? : True
Is IST_2 spanning? : True
Is IST_3 spanning? : True
Is IST_4 spanning? : True
Is IST_5 spanning? : True
Are all ISTs independent? : True

====TEST CR(268, 33, 66)====
Is IST_0 spanning? : True
Is IST_1 spanning? : True
Is IST_2 spanning? : True
Is IST_3 spanning? : True
Is IST_4 spanning? : True
Is IST_5 spanning? : True
Are all ISTs independent? : True

====TEST CR(269, 33, 66)====
Is IST_0 spanning? : True
Is IST_1 spanning? : True
Is IST_2 spanning? : True
Is IST_3 spanning? : True
Is IST_4 spanning? : True
Is IST_5 spanning? : True
Are all ISTs independent? : True

====TEST CR(270, 33, 66)====
Is IST_0 spanning? : True
Is IST_1 spanning? : True
Is IST_2 spanning? : True
Is IST_3 spanning? : True
Is IST_4 spanning? : True
Is IST_5 spanning? : True
Are all ISTs independent? : True

====TEST CR(271, 33, 66)====
Is IST_0 spanning? : True
Is IST_1 spanning? : True
Is IST_2 spanning? : True
Is IST_3 spanning? : True
Is IST_4 spanning? : True
Is IST_5 spanning? : True
Are all ISTs independent? : True

====TEST CR(272, 33, 66)====
Is IST_0 spanning? : True
Is IST_1 spanning? : True
Is IST_2 spanning? : True
Is IST_3 spanning? : True
Is IST_4 spanning? : True
Is IST_5 spanning? : True
Are all ISTs independent? : True

====TEST CR(273, 33, 66)====
Is IST_0 spanning? : True
Is IST_1 spanning? : True
Is IST_2 spanning? : True
Is IST_3 spanning? : True
Is IST_4 spanning? : True
Is IST_5 spanning? : True
Are all ISTs independent? : True

====TEST CR(274, 33, 66)====
Is IST_0 spanning? : True
Is IST_1 spanning? : True
Is IST_2 spanning? : True
Is IST_3 spanning? : True
Is IST_4 spanning? : True
Is IST_5 spanning? : True
Are all ISTs independent? : True

====TEST CR(275, 33, 66)====
Is IST_0 spanning? : True
Is IST_1 spanning? : True
Is IST_2 spanning? : True
Is IST_3 spanning? : True
Is IST_4 spanning? : True
Is IST_5 spanning? : True
Are all ISTs independent? : True

====TEST CR(276, 33, 66)====
Is IST_0 spanning? : True
Is IST_1 spanning? : True
Is IST_2 spanning? : True
Is IST_3 spanning? : True
Is IST_4 spanning? : True
Is IST_5 spanning? : True
Are all ISTs independent? : True

====TEST CR(277, 33, 66)====
Is IST_0 spanning? : True
Is IST_1 spanning? : True
Is IST_2 spanning? : True
Is IST_3 spanning? : True
Is IST_4 spanning? : True
Is IST_5 spanning? : True
Are all ISTs independent? : True

====TEST CR(278, 33, 66)====
Is IST_0 spanning? : True
Is IST_1 spanning? : True
Is IST_2 spanning? : True
Is IST_3 spanning? : True
Is IST_4 spanning? : True
Is IST_5 spanning? : True
Are all ISTs independent? : True

====TEST CR(279, 33, 66)====
Is IST_0 spanning? : True
Is IST_1 spanning? : True
Is IST_2 spanning? : True
Is IST_3 spanning? : True
Is IST_4 spanning? : True
Is IST_5 spanning? : True
Are all ISTs independent? : True

====TEST CR(280, 33, 66)====
Is IST_0 spanning? : True
Is IST_1 spanning? : True
Is IST_2 spanning? : True
Is IST_3 spanning? : True
Is IST_4 spanning? : True
Is IST_5 spanning? : True
Are all ISTs independent? : True

====TEST CR(281, 33, 66)====
Is IST_0 spanning? : True
Is IST_1 spanning? : True
Is IST_2 spanning? : True
Is IST_3 spanning? : True
Is IST_4 spanning? : True
Is IST_5 spanning? : True
Are all ISTs independent? : True

====TEST CR(282, 33, 66)====
Is IST_0 spanning? : True
Is IST_1 spanning? : True
Is IST_2 spanning? : True
Is IST_3 spanning? : True
Is IST_4 spanning? : True
Is IST_5 spanning? : True
Are all ISTs independent? : True

====TEST CR(283, 33, 66)====
Is IST_0 spanning? : True
Is IST_1 spanning? : True
Is IST_2 spanning? : True
Is IST_3 spanning? : True
Is IST_4 spanning? : True
Is IST_5 spanning? : True
Are all ISTs independent? : True

====TEST CR(284, 33, 66)====
Is IST_0 spanning? : True
Is IST_1 spanning? : True
Is IST_2 spanning? : True
Is IST_3 spanning? : True
Is IST_4 spanning? : True
Is IST_5 spanning? : True
Are all ISTs independent? : True

====TEST CR(285, 33, 66)====
Is IST_0 spanning? : True
Is IST_1 spanning? : True
Is IST_2 spanning? : True
Is IST_3 spanning? : True
Is IST_4 spanning? : True
Is IST_5 spanning? : True
Are all ISTs independent? : True

====TEST CR(286, 33, 66)====
Is IST_0 spanning? : True
Is IST_1 spanning? : True
Is IST_2 spanning? : True
Is IST_3 spanning? : True
Is IST_4 spanning? : True
Is IST_5 spanning? : True
Are all ISTs independent? : True

====TEST CR(287, 33, 66)====
Is IST_0 spanning? : True
Is IST_1 spanning? : True
Is IST_2 spanning? : True
Is IST_3 spanning? : True
Is IST_4 spanning? : True
Is IST_5 spanning? : True
Are all ISTs independent? : True

====TEST CR(288, 33, 66)====
Is IST_0 spanning? : True
Is IST_1 spanning? : True
Is IST_2 spanning? : True
Is IST_3 spanning? : True
Is IST_4 spanning? : True
Is IST_5 spanning? : True
Are all ISTs independent? : True

====TEST CR(289, 33, 66)====
Is IST_0 spanning? : True
Is IST_1 spanning? : True
Is IST_2 spanning? : True
Is IST_3 spanning? : True
Is IST_4 spanning? : True
Is IST_5 spanning? : True
Are all ISTs independent? : True

====TEST CR(290, 33, 66)====
Is IST_0 spanning? : True
Is IST_1 spanning? : True
Is IST_2 spanning? : True
Is IST_3 spanning? : True
Is IST_4 spanning? : True
Is IST_5 spanning? : True
Are all ISTs independent? : True

====TEST CR(291, 33, 66)====
Is IST_0 spanning? : True
Is IST_1 spanning? : True
Is IST_2 spanning? : True
Is IST_3 spanning? : True
Is IST_4 spanning? : True
Is IST_5 spanning? : True
Are all ISTs independent? : True

====TEST CR(292, 33, 66)====
Is IST_0 spanning? : True
Is IST_1 spanning? : True
Is IST_2 spanning? : True
Is IST_3 spanning? : True
Is IST_4 spanning? : True
Is IST_5 spanning? : True
Are all ISTs independent? : True

====TEST CR(293, 33, 66)====
Is IST_0 spanning? : True
Is IST_1 spanning? : True
Is IST_2 spanning? : True
Is IST_3 spanning? : True
Is IST_4 spanning? : True
Is IST_5 spanning? : True
Are all ISTs independent? : True

====TEST CR(294, 33, 66)====
Is IST_0 spanning? : True
Is IST_1 spanning? : True
Is IST_2 spanning? : True
Is IST_3 spanning? : True
Is IST_4 spanning? : True
Is IST_5 spanning? : True
Are all ISTs independent? : True

====TEST CR(295, 33, 66)====
Is IST_0 spanning? : True
Is IST_1 spanning? : True
Is IST_2 spanning? : True
Is IST_3 spanning? : True
Is IST_4 spanning? : True
Is IST_5 spanning? : True
Are all ISTs independent? : True

====TEST CR(296, 33, 66)====
Is IST_0 spanning? : True
Is IST_1 spanning? : True
Is IST_2 spanning? : True
Is IST_3 spanning? : True
Is IST_4 spanning? : True
Is IST_5 spanning? : True
Are all ISTs independent? : True

====TEST CR(297, 33, 66)====
Is IST_0 spanning? : True
Is IST_1 spanning? : True
Is IST_2 spanning? : True
Is IST_3 spanning? : True
Is IST_4 spanning? : True
Is IST_5 spanning? : True
Are all ISTs independent? : True

====TEST CR(298, 33, 66)====
Is IST_0 spanning? : True
Is IST_1 spanning? : True
Is IST_2 spanning? : True
Is IST_3 spanning? : True
Is IST_4 spanning? : True
Is IST_5 spanning? : True
Are all ISTs independent? : True

====TEST CR(299, 33, 66)====
Is IST_0 spanning? : True
Is IST_1 spanning? : True
Is IST_2 spanning? : True
Is IST_3 spanning? : True
Is IST_4 spanning? : True
Is IST_5 spanning? : True
Are all ISTs independent? : True

====TEST CR(300, 33, 66)====
Is IST_0 spanning? : True
Is IST_1 spanning? : True
Is IST_2 spanning? : True
Is IST_3 spanning? : True
Is IST_4 spanning? : True
Is IST_5 spanning? : True
Are all ISTs independent? : True

====TEST CR(301, 33, 66)====
Is IST_0 spanning? : True
Is IST_1 spanning? : True
Is IST_2 spanning? : True
Is IST_3 spanning? : True
Is IST_4 spanning? : True
Is IST_5 spanning? : True
Are all ISTs independent? : True

====TEST CR(302, 33, 66)====
Is IST_0 spanning? : True
Is IST_1 spanning? : True
Is IST_2 spanning? : True
Is IST_3 spanning? : True
Is IST_4 spanning? : True
Is IST_5 spanning? : True
Are all ISTs independent? : True

====TEST CR(303, 33, 66)====
Is IST_0 spanning? : True
Is IST_1 spanning? : True
Is IST_2 spanning? : True
Is IST_3 spanning? : True
Is IST_4 spanning? : True
Is IST_5 spanning? : True
Are all ISTs independent? : True

====TEST CR(304, 33, 66)====
Is IST_0 spanning? : True
Is IST_1 spanning? : True
Is IST_2 spanning? : True
Is IST_3 spanning? : True
Is IST_4 spanning? : True
Is IST_5 spanning? : True
Are all ISTs independent? : True

====TEST CR(305, 33, 66)====
Is IST_0 spanning? : True
Is IST_1 spanning? : True
Is IST_2 spanning? : True
Is IST_3 spanning? : True
Is IST_4 spanning? : True
Is IST_5 spanning? : True
Are all ISTs independent? : True

====TEST CR(306, 33, 66)====
Is IST_0 spanning? : True
Is IST_1 spanning? : True
Is IST_2 spanning? : True
Is IST_3 spanning? : True
Is IST_4 spanning? : True
Is IST_5 spanning? : True
Are all ISTs independent? : True

====TEST CR(307, 33, 66)====
Is IST_0 spanning? : True
Is IST_1 spanning? : True
Is IST_2 spanning? : True
Is IST_3 spanning? : True
Is IST_4 spanning? : True
Is IST_5 spanning? : True
Are all ISTs independent? : True

====TEST CR(308, 33, 66)====
Is IST_0 spanning? : True
Is IST_1 spanning? : True
Is IST_2 spanning? : True
Is IST_3 spanning? : True
Is IST_4 spanning? : True
Is IST_5 spanning? : True
Are all ISTs independent? : True

====TEST CR(309, 33, 66)====
Is IST_0 spanning? : True
Is IST_1 spanning? : True
Is IST_2 spanning? : True
Is IST_3 spanning? : True
Is IST_4 spanning? : True
Is IST_5 spanning? : True
Are all ISTs independent? : True

====TEST CR(310, 33, 66)====
Is IST_0 spanning? : True
Is IST_1 spanning? : True
Is IST_2 spanning? : True
Is IST_3 spanning? : True
Is IST_4 spanning? : True
Is IST_5 spanning? : True
Are all ISTs independent? : True

====TEST CR(311, 33, 66)====
Is IST_0 spanning? : True
Is IST_1 spanning? : True
Is IST_2 spanning? : True
Is IST_3 spanning? : True
Is IST_4 spanning? : True
Is IST_5 spanning? : True
Are all ISTs independent? : True

====TEST CR(312, 33, 66)====
Is IST_0 spanning? : True
Is IST_1 spanning? : True
Is IST_2 spanning? : True
Is IST_3 spanning? : True
Is IST_4 spanning? : True
Is IST_5 spanning? : True
Are all ISTs independent? : True

====TEST CR(313, 33, 66)====
Is IST_0 spanning? : True
Is IST_1 spanning? : True
Is IST_2 spanning? : True
Is IST_3 spanning? : True
Is IST_4 spanning? : True
Is IST_5 spanning? : True
Are all ISTs independent? : True

====TEST CR(314, 33, 66)====
Is IST_0 spanning? : True
Is IST_1 spanning? : True
Is IST_2 spanning? : True
Is IST_3 spanning? : True
Is IST_4 spanning? : True
Is IST_5 spanning? : True
Are all ISTs independent? : True

====TEST CR(315, 33, 66)====
Is IST_0 spanning? : True
Is IST_1 spanning? : True
Is IST_2 spanning? : True
Is IST_3 spanning? : True
Is IST_4 spanning? : True
Is IST_5 spanning? : True
Are all ISTs independent? : True

====TEST CR(316, 33, 66)====
Is IST_0 spanning? : True
Is IST_1 spanning? : True
Is IST_2 spanning? : True
Is IST_3 spanning? : True
Is IST_4 spanning? : True
Is IST_5 spanning? : True
Are all ISTs independent? : True

====TEST CR(317, 33, 66)====
Is IST_0 spanning? : True
Is IST_1 spanning? : True
Is IST_2 spanning? : True
Is IST_3 spanning? : True
Is IST_4 spanning? : True
Is IST_5 spanning? : True
Are all ISTs independent? : True

====TEST CR(318, 33, 66)====
Is IST_0 spanning? : True
Is IST_1 spanning? : True
Is IST_2 spanning? : True
Is IST_3 spanning? : True
Is IST_4 spanning? : True
Is IST_5 spanning? : True
Are all ISTs independent? : True

====TEST CR(319, 33, 66)====
Is IST_0 spanning? : True
Is IST_1 spanning? : True
Is IST_2 spanning? : True
Is IST_3 spanning? : True
Is IST_4 spanning? : True
Is IST_5 spanning? : True
Are all ISTs independent? : True

====TEST CR(320, 33, 66)====
Is IST_0 spanning? : True
Is IST_1 spanning? : True
Is IST_2 spanning? : True
Is IST_3 spanning? : True
Is IST_4 spanning? : True
Is IST_5 spanning? : True
Are all ISTs independent? : True

====TEST CR(321, 33, 66)====
Is IST_0 spanning? : True
Is IST_1 spanning? : True
Is IST_2 spanning? : True
Is IST_3 spanning? : True
Is IST_4 spanning? : True
Is IST_5 spanning? : True
Are all ISTs independent? : True

====TEST CR(322, 33, 66)====
Is IST_0 spanning? : True
Is IST_1 spanning? : True
Is IST_2 spanning? : True
Is IST_3 spanning? : True
Is IST_4 spanning? : True
Is IST_5 spanning? : True
Are all ISTs independent? : True

====TEST CR(323, 33, 66)====
Is IST_0 spanning? : True
Is IST_1 spanning? : True
Is IST_2 spanning? : True
Is IST_3 spanning? : True
Is IST_4 spanning? : True
Is IST_5 spanning? : True
Are all ISTs independent? : True

====TEST CR(324, 33, 66)====
Is IST_0 spanning? : True
Is IST_1 spanning? : True
Is IST_2 spanning? : True
Is IST_3 spanning? : True
Is IST_4 spanning? : True
Is IST_5 spanning? : True
Are all ISTs independent? : True

====TEST CR(325, 33, 66)====
Is IST_0 spanning? : True
Is IST_1 spanning? : True
Is IST_2 spanning? : True
Is IST_3 spanning? : True
Is IST_4 spanning? : True
Is IST_5 spanning? : True
Are all ISTs independent? : True

====TEST CR(326, 33, 66)====
Is IST_0 spanning? : True
Is IST_1 spanning? : True
Is IST_2 spanning? : True
Is IST_3 spanning? : True
Is IST_4 spanning? : True
Is IST_5 spanning? : True
Are all ISTs independent? : True

====TEST CR(204, 34, 68)====
Is IST_0 spanning? : True
Is IST_1 spanning? : True
Is IST_2 spanning? : True
Is IST_3 spanning? : True
Is IST_4 spanning? : True
Is IST_5 spanning? : True
Are all ISTs independent? : True

====TEST CR(205, 34, 68)====
Is IST_0 spanning? : True
Is IST_1 spanning? : True
Is IST_2 spanning? : True
Is IST_3 spanning? : True
Is IST_4 spanning? : True
Is IST_5 spanning? : True
Are all ISTs independent? : True

====TEST CR(206, 34, 68)====
Is IST_0 spanning? : True
Is IST_1 spanning? : True
Is IST_2 spanning? : True
Is IST_3 spanning? : True
Is IST_4 spanning? : True
Is IST_5 spanning? : True
Are all ISTs independent? : True

====TEST CR(207, 34, 68)====
Is IST_0 spanning? : True
Is IST_1 spanning? : True
Is IST_2 spanning? : True
Is IST_3 spanning? : True
Is IST_4 spanning? : True
Is IST_5 spanning? : True
Are all ISTs independent? : True

====TEST CR(208, 34, 68)====
Is IST_0 spanning? : True
Is IST_1 spanning? : True
Is IST_2 spanning? : True
Is IST_3 spanning? : True
Is IST_4 spanning? : True
Is IST_5 spanning? : True
Are all ISTs independent? : True

====TEST CR(209, 34, 68)====
Is IST_0 spanning? : True
Is IST_1 spanning? : True
Is IST_2 spanning? : True
Is IST_3 spanning? : True
Is IST_4 spanning? : True
Is IST_5 spanning? : True
Are all ISTs independent? : True

====TEST CR(210, 34, 68)====
Is IST_0 spanning? : True
Is IST_1 spanning? : True
Is IST_2 spanning? : True
Is IST_3 spanning? : True
Is IST_4 spanning? : True
Is IST_5 spanning? : True
Are all ISTs independent? : True

====TEST CR(211, 34, 68)====
Is IST_0 spanning? : True
Is IST_1 spanning? : True
Is IST_2 spanning? : True
Is IST_3 spanning? : True
Is IST_4 spanning? : True
Is IST_5 spanning? : True
Are all ISTs independent? : True

====TEST CR(212, 34, 68)====
Is IST_0 spanning? : True
Is IST_1 spanning? : True
Is IST_2 spanning? : True
Is IST_3 spanning? : True
Is IST_4 spanning? : True
Is IST_5 spanning? : True
Are all ISTs independent? : True

====TEST CR(213, 34, 68)====
Is IST_0 spanning? : True
Is IST_1 spanning? : True
Is IST_2 spanning? : True
Is IST_3 spanning? : True
Is IST_4 spanning? : True
Is IST_5 spanning? : True
Are all ISTs independent? : True

====TEST CR(214, 34, 68)====
Is IST_0 spanning? : True
Is IST_1 spanning? : True
Is IST_2 spanning? : True
Is IST_3 spanning? : True
Is IST_4 spanning? : True
Is IST_5 spanning? : True
Are all ISTs independent? : True

====TEST CR(215, 34, 68)====
Is IST_0 spanning? : True
Is IST_1 spanning? : True
Is IST_2 spanning? : True
Is IST_3 spanning? : True
Is IST_4 spanning? : True
Is IST_5 spanning? : True
Are all ISTs independent? : True

====TEST CR(216, 34, 68)====
Is IST_0 spanning? : True
Is IST_1 spanning? : True
Is IST_2 spanning? : True
Is IST_3 spanning? : True
Is IST_4 spanning? : True
Is IST_5 spanning? : True
Are all ISTs independent? : True

====TEST CR(217, 34, 68)====
Is IST_0 spanning? : True
Is IST_1 spanning? : True
Is IST_2 spanning? : True
Is IST_3 spanning? : True
Is IST_4 spanning? : True
Is IST_5 spanning? : True
Are all ISTs independent? : True

====TEST CR(218, 34, 68)====
Is IST_0 spanning? : True
Is IST_1 spanning? : True
Is IST_2 spanning? : True
Is IST_3 spanning? : True
Is IST_4 spanning? : True
Is IST_5 spanning? : True
Are all ISTs independent? : True

====TEST CR(219, 34, 68)====
Is IST_0 spanning? : True
Is IST_1 spanning? : True
Is IST_2 spanning? : True
Is IST_3 spanning? : True
Is IST_4 spanning? : True
Is IST_5 spanning? : True
Are all ISTs independent? : True

====TEST CR(220, 34, 68)====
Is IST_0 spanning? : True
Is IST_1 spanning? : True
Is IST_2 spanning? : True
Is IST_3 spanning? : True
Is IST_4 spanning? : True
Is IST_5 spanning? : True
Are all ISTs independent? : True

====TEST CR(221, 34, 68)====
Is IST_0 spanning? : True
Is IST_1 spanning? : True
Is IST_2 spanning? : True
Is IST_3 spanning? : True
Is IST_4 spanning? : True
Is IST_5 spanning? : True
Are all ISTs independent? : True

====TEST CR(222, 34, 68)====
Is IST_0 spanning? : True
Is IST_1 spanning? : True
Is IST_2 spanning? : True
Is IST_3 spanning? : True
Is IST_4 spanning? : True
Is IST_5 spanning? : True
Are all ISTs independent? : True

====TEST CR(223, 34, 68)====
Is IST_0 spanning? : True
Is IST_1 spanning? : True
Is IST_2 spanning? : True
Is IST_3 spanning? : True
Is IST_4 spanning? : True
Is IST_5 spanning? : True
Are all ISTs independent? : True

====TEST CR(224, 34, 68)====
Is IST_0 spanning? : True
Is IST_1 spanning? : True
Is IST_2 spanning? : True
Is IST_3 spanning? : True
Is IST_4 spanning? : True
Is IST_5 spanning? : True
Are all ISTs independent? : True

====TEST CR(225, 34, 68)====
Is IST_0 spanning? : True
Is IST_1 spanning? : True
Is IST_2 spanning? : True
Is IST_3 spanning? : True
Is IST_4 spanning? : True
Is IST_5 spanning? : True
Are all ISTs independent? : True

====TEST CR(226, 34, 68)====
Is IST_0 spanning? : True
Is IST_1 spanning? : True
Is IST_2 spanning? : True
Is IST_3 spanning? : True
Is IST_4 spanning? : True
Is IST_5 spanning? : True
Are all ISTs independent? : True

====TEST CR(227, 34, 68)====
Is IST_0 spanning? : True
Is IST_1 spanning? : True
Is IST_2 spanning? : True
Is IST_3 spanning? : True
Is IST_4 spanning? : True
Is IST_5 spanning? : True
Are all ISTs independent? : True

====TEST CR(228, 34, 68)====
Is IST_0 spanning? : True
Is IST_1 spanning? : True
Is IST_2 spanning? : True
Is IST_3 spanning? : True
Is IST_4 spanning? : True
Is IST_5 spanning? : True
Are all ISTs independent? : True

====TEST CR(229, 34, 68)====
Is IST_0 spanning? : True
Is IST_1 spanning? : True
Is IST_2 spanning? : True
Is IST_3 spanning? : True
Is IST_4 spanning? : True
Is IST_5 spanning? : True
Are all ISTs independent? : True

====TEST CR(230, 34, 68)====
Is IST_0 spanning? : True
Is IST_1 spanning? : True
Is IST_2 spanning? : True
Is IST_3 spanning? : True
Is IST_4 spanning? : True
Is IST_5 spanning? : True
Are all ISTs independent? : True

====TEST CR(231, 34, 68)====
Is IST_0 spanning? : True
Is IST_1 spanning? : True
Is IST_2 spanning? : True
Is IST_3 spanning? : True
Is IST_4 spanning? : True
Is IST_5 spanning? : True
Are all ISTs independent? : True

====TEST CR(232, 34, 68)====
Is IST_0 spanning? : True
Is IST_1 spanning? : True
Is IST_2 spanning? : True
Is IST_3 spanning? : True
Is IST_4 spanning? : True
Is IST_5 spanning? : True
Are all ISTs independent? : True

====TEST CR(233, 34, 68)====
Is IST_0 spanning? : True
Is IST_1 spanning? : True
Is IST_2 spanning? : True
Is IST_3 spanning? : True
Is IST_4 spanning? : True
Is IST_5 spanning? : True
Are all ISTs independent? : True

====TEST CR(234, 34, 68)====
Is IST_0 spanning? : True
Is IST_1 spanning? : True
Is IST_2 spanning? : True
Is IST_3 spanning? : True
Is IST_4 spanning? : True
Is IST_5 spanning? : True
Are all ISTs independent? : True

====TEST CR(235, 34, 68)====
Is IST_0 spanning? : True
Is IST_1 spanning? : True
Is IST_2 spanning? : True
Is IST_3 spanning? : True
Is IST_4 spanning? : True
Is IST_5 spanning? : True
Are all ISTs independent? : True

====TEST CR(236, 34, 68)====
Is IST_0 spanning? : True
Is IST_1 spanning? : True
Is IST_2 spanning? : True
Is IST_3 spanning? : True
Is IST_4 spanning? : True
Is IST_5 spanning? : True
Are all ISTs independent? : True

====TEST CR(237, 34, 68)====
Is IST_0 spanning? : True
Is IST_1 spanning? : True
Is IST_2 spanning? : True
Is IST_3 spanning? : True
Is IST_4 spanning? : True
Is IST_5 spanning? : True
Are all ISTs independent? : True

====TEST CR(238, 34, 68)====
Is IST_0 spanning? : True
Is IST_1 spanning? : True
Is IST_2 spanning? : True
Is IST_3 spanning? : True
Is IST_4 spanning? : True
Is IST_5 spanning? : True
Are all ISTs independent? : True

====TEST CR(239, 34, 68)====
Is IST_0 spanning? : True
Is IST_1 spanning? : True
Is IST_2 spanning? : True
Is IST_3 spanning? : True
Is IST_4 spanning? : True
Is IST_5 spanning? : True
Are all ISTs independent? : True

====TEST CR(240, 34, 68)====
Is IST_0 spanning? : True
Is IST_1 spanning? : True
Is IST_2 spanning? : True
Is IST_3 spanning? : True
Is IST_4 spanning? : True
Is IST_5 spanning? : True
Are all ISTs independent? : True

====TEST CR(241, 34, 68)====
Is IST_0 spanning? : True
Is IST_1 spanning? : True
Is IST_2 spanning? : True
Is IST_3 spanning? : True
Is IST_4 spanning? : True
Is IST_5 spanning? : True
Are all ISTs independent? : True

====TEST CR(242, 34, 68)====
Is IST_0 spanning? : True
Is IST_1 spanning? : True
Is IST_2 spanning? : True
Is IST_3 spanning? : True
Is IST_4 spanning? : True
Is IST_5 spanning? : True
Are all ISTs independent? : True

====TEST CR(243, 34, 68)====
Is IST_0 spanning? : True
Is IST_1 spanning? : True
Is IST_2 spanning? : True
Is IST_3 spanning? : True
Is IST_4 spanning? : True
Is IST_5 spanning? : True
Are all ISTs independent? : True

====TEST CR(244, 34, 68)====
Is IST_0 spanning? : True
Is IST_1 spanning? : True
Is IST_2 spanning? : True
Is IST_3 spanning? : True
Is IST_4 spanning? : True
Is IST_5 spanning? : True
Are all ISTs independent? : True

====TEST CR(245, 34, 68)====
Is IST_0 spanning? : True
Is IST_1 spanning? : True
Is IST_2 spanning? : True
Is IST_3 spanning? : True
Is IST_4 spanning? : True
Is IST_5 spanning? : True
Are all ISTs independent? : True

====TEST CR(246, 34, 68)====
Is IST_0 spanning? : True
Is IST_1 spanning? : True
Is IST_2 spanning? : True
Is IST_3 spanning? : True
Is IST_4 spanning? : True
Is IST_5 spanning? : True
Are all ISTs independent? : True

====TEST CR(247, 34, 68)====
Is IST_0 spanning? : True
Is IST_1 spanning? : True
Is IST_2 spanning? : True
Is IST_3 spanning? : True
Is IST_4 spanning? : True
Is IST_5 spanning? : True
Are all ISTs independent? : True

====TEST CR(248, 34, 68)====
Is IST_0 spanning? : True
Is IST_1 spanning? : True
Is IST_2 spanning? : True
Is IST_3 spanning? : True
Is IST_4 spanning? : True
Is IST_5 spanning? : True
Are all ISTs independent? : True

====TEST CR(249, 34, 68)====
Is IST_0 spanning? : True
Is IST_1 spanning? : True
Is IST_2 spanning? : True
Is IST_3 spanning? : True
Is IST_4 spanning? : True
Is IST_5 spanning? : True
Are all ISTs independent? : True

====TEST CR(250, 34, 68)====
Is IST_0 spanning? : True
Is IST_1 spanning? : True
Is IST_2 spanning? : True
Is IST_3 spanning? : True
Is IST_4 spanning? : True
Is IST_5 spanning? : True
Are all ISTs independent? : True

====TEST CR(251, 34, 68)====
Is IST_0 spanning? : True
Is IST_1 spanning? : True
Is IST_2 spanning? : True
Is IST_3 spanning? : True
Is IST_4 spanning? : True
Is IST_5 spanning? : True
Are all ISTs independent? : True

====TEST CR(252, 34, 68)====
Is IST_0 spanning? : True
Is IST_1 spanning? : True
Is IST_2 spanning? : True
Is IST_3 spanning? : True
Is IST_4 spanning? : True
Is IST_5 spanning? : True
Are all ISTs independent? : True

====TEST CR(253, 34, 68)====
Is IST_0 spanning? : True
Is IST_1 spanning? : True
Is IST_2 spanning? : True
Is IST_3 spanning? : True
Is IST_4 spanning? : True
Is IST_5 spanning? : True
Are all ISTs independent? : True

====TEST CR(254, 34, 68)====
Is IST_0 spanning? : True
Is IST_1 spanning? : True
Is IST_2 spanning? : True
Is IST_3 spanning? : True
Is IST_4 spanning? : True
Is IST_5 spanning? : True
Are all ISTs independent? : True

====TEST CR(255, 34, 68)====
Is IST_0 spanning? : True
Is IST_1 spanning? : True
Is IST_2 spanning? : True
Is IST_3 spanning? : True
Is IST_4 spanning? : True
Is IST_5 spanning? : True
Are all ISTs independent? : True

====TEST CR(256, 34, 68)====
Is IST_0 spanning? : True
Is IST_1 spanning? : True
Is IST_2 spanning? : True
Is IST_3 spanning? : True
Is IST_4 spanning? : True
Is IST_5 spanning? : True
Are all ISTs independent? : True

====TEST CR(257, 34, 68)====
Is IST_0 spanning? : True
Is IST_1 spanning? : True
Is IST_2 spanning? : True
Is IST_3 spanning? : True
Is IST_4 spanning? : True
Is IST_5 spanning? : True
Are all ISTs independent? : True

====TEST CR(258, 34, 68)====
Is IST_0 spanning? : True
Is IST_1 spanning? : True
Is IST_2 spanning? : True
Is IST_3 spanning? : True
Is IST_4 spanning? : True
Is IST_5 spanning? : True
Are all ISTs independent? : True

====TEST CR(259, 34, 68)====
Is IST_0 spanning? : True
Is IST_1 spanning? : True
Is IST_2 spanning? : True
Is IST_3 spanning? : True
Is IST_4 spanning? : True
Is IST_5 spanning? : True
Are all ISTs independent? : True

====TEST CR(260, 34, 68)====
Is IST_0 spanning? : True
Is IST_1 spanning? : True
Is IST_2 spanning? : True
Is IST_3 spanning? : True
Is IST_4 spanning? : True
Is IST_5 spanning? : True
Are all ISTs independent? : True

====TEST CR(261, 34, 68)====
Is IST_0 spanning? : True
Is IST_1 spanning? : True
Is IST_2 spanning? : True
Is IST_3 spanning? : True
Is IST_4 spanning? : True
Is IST_5 spanning? : True
Are all ISTs independent? : True

====TEST CR(262, 34, 68)====
Is IST_0 spanning? : True
Is IST_1 spanning? : True
Is IST_2 spanning? : True
Is IST_3 spanning? : True
Is IST_4 spanning? : True
Is IST_5 spanning? : True
Are all ISTs independent? : True

====TEST CR(263, 34, 68)====
Is IST_0 spanning? : True
Is IST_1 spanning? : True
Is IST_2 spanning? : True
Is IST_3 spanning? : True
Is IST_4 spanning? : True
Is IST_5 spanning? : True
Are all ISTs independent? : True

====TEST CR(264, 34, 68)====
Is IST_0 spanning? : True
Is IST_1 spanning? : True
Is IST_2 spanning? : True
Is IST_3 spanning? : True
Is IST_4 spanning? : True
Is IST_5 spanning? : True
Are all ISTs independent? : True

====TEST CR(265, 34, 68)====
Is IST_0 spanning? : True
Is IST_1 spanning? : True
Is IST_2 spanning? : True
Is IST_3 spanning? : True
Is IST_4 spanning? : True
Is IST_5 spanning? : True
Are all ISTs independent? : True

====TEST CR(266, 34, 68)====
Is IST_0 spanning? : True
Is IST_1 spanning? : True
Is IST_2 spanning? : True
Is IST_3 spanning? : True
Is IST_4 spanning? : True
Is IST_5 spanning? : True
Are all ISTs independent? : True

====TEST CR(267, 34, 68)====
Is IST_0 spanning? : True
Is IST_1 spanning? : True
Is IST_2 spanning? : True
Is IST_3 spanning? : True
Is IST_4 spanning? : True
Is IST_5 spanning? : True
Are all ISTs independent? : True

====TEST CR(268, 34, 68)====
Is IST_0 spanning? : True
Is IST_1 spanning? : True
Is IST_2 spanning? : True
Is IST_3 spanning? : True
Is IST_4 spanning? : True
Is IST_5 spanning? : True
Are all ISTs independent? : True

====TEST CR(269, 34, 68)====
Is IST_0 spanning? : True
Is IST_1 spanning? : True
Is IST_2 spanning? : True
Is IST_3 spanning? : True
Is IST_4 spanning? : True
Is IST_5 spanning? : True
Are all ISTs independent? : True

====TEST CR(270, 34, 68)====
Is IST_0 spanning? : True
Is IST_1 spanning? : True
Is IST_2 spanning? : True
Is IST_3 spanning? : True
Is IST_4 spanning? : True
Is IST_5 spanning? : True
Are all ISTs independent? : True

====TEST CR(271, 34, 68)====
Is IST_0 spanning? : True
Is IST_1 spanning? : True
Is IST_2 spanning? : True
Is IST_3 spanning? : True
Is IST_4 spanning? : True
Is IST_5 spanning? : True
Are all ISTs independent? : True

====TEST CR(272, 34, 68)====
Is IST_0 spanning? : True
Is IST_1 spanning? : True
Is IST_2 spanning? : True
Is IST_3 spanning? : True
Is IST_4 spanning? : True
Is IST_5 spanning? : True
Are all ISTs independent? : True

====TEST CR(273, 34, 68)====
Is IST_0 spanning? : True
Is IST_1 spanning? : True
Is IST_2 spanning? : True
Is IST_3 spanning? : True
Is IST_4 spanning? : True
Is IST_5 spanning? : True
Are all ISTs independent? : True

====TEST CR(274, 34, 68)====
Is IST_0 spanning? : True
Is IST_1 spanning? : True
Is IST_2 spanning? : True
Is IST_3 spanning? : True
Is IST_4 spanning? : True
Is IST_5 spanning? : True
Are all ISTs independent? : True

====TEST CR(275, 34, 68)====
Is IST_0 spanning? : True
Is IST_1 spanning? : True
Is IST_2 spanning? : True
Is IST_3 spanning? : True
Is IST_4 spanning? : True
Is IST_5 spanning? : True
Are all ISTs independent? : True

====TEST CR(276, 34, 68)====
Is IST_0 spanning? : True
Is IST_1 spanning? : True
Is IST_2 spanning? : True
Is IST_3 spanning? : True
Is IST_4 spanning? : True
Is IST_5 spanning? : True
Are all ISTs independent? : True

====TEST CR(277, 34, 68)====
Is IST_0 spanning? : True
Is IST_1 spanning? : True
Is IST_2 spanning? : True
Is IST_3 spanning? : True
Is IST_4 spanning? : True
Is IST_5 spanning? : True
Are all ISTs independent? : True

====TEST CR(278, 34, 68)====
Is IST_0 spanning? : True
Is IST_1 spanning? : True
Is IST_2 spanning? : True
Is IST_3 spanning? : True
Is IST_4 spanning? : True
Is IST_5 spanning? : True
Are all ISTs independent? : True

====TEST CR(279, 34, 68)====
Is IST_0 spanning? : True
Is IST_1 spanning? : True
Is IST_2 spanning? : True
Is IST_3 spanning? : True
Is IST_4 spanning? : True
Is IST_5 spanning? : True
Are all ISTs independent? : True

====TEST CR(280, 34, 68)====
Is IST_0 spanning? : True
Is IST_1 spanning? : True
Is IST_2 spanning? : True
Is IST_3 spanning? : True
Is IST_4 spanning? : True
Is IST_5 spanning? : True
Are all ISTs independent? : True

====TEST CR(281, 34, 68)====
Is IST_0 spanning? : True
Is IST_1 spanning? : True
Is IST_2 spanning? : True
Is IST_3 spanning? : True
Is IST_4 spanning? : True
Is IST_5 spanning? : True
Are all ISTs independent? : True

====TEST CR(282, 34, 68)====
Is IST_0 spanning? : True
Is IST_1 spanning? : True
Is IST_2 spanning? : True
Is IST_3 spanning? : True
Is IST_4 spanning? : True
Is IST_5 spanning? : True
Are all ISTs independent? : True

====TEST CR(283, 34, 68)====
Is IST_0 spanning? : True
Is IST_1 spanning? : True
Is IST_2 spanning? : True
Is IST_3 spanning? : True
Is IST_4 spanning? : True
Is IST_5 spanning? : True
Are all ISTs independent? : True

====TEST CR(284, 34, 68)====
Is IST_0 spanning? : True
Is IST_1 spanning? : True
Is IST_2 spanning? : True
Is IST_3 spanning? : True
Is IST_4 spanning? : True
Is IST_5 spanning? : True
Are all ISTs independent? : True

====TEST CR(285, 34, 68)====
Is IST_0 spanning? : True
Is IST_1 spanning? : True
Is IST_2 spanning? : True
Is IST_3 spanning? : True
Is IST_4 spanning? : True
Is IST_5 spanning? : True
Are all ISTs independent? : True

====TEST CR(286, 34, 68)====
Is IST_0 spanning? : True
Is IST_1 spanning? : True
Is IST_2 spanning? : True
Is IST_3 spanning? : True
Is IST_4 spanning? : True
Is IST_5 spanning? : True
Are all ISTs independent? : True

====TEST CR(287, 34, 68)====
Is IST_0 spanning? : True
Is IST_1 spanning? : True
Is IST_2 spanning? : True
Is IST_3 spanning? : True
Is IST_4 spanning? : True
Is IST_5 spanning? : True
Are all ISTs independent? : True

====TEST CR(288, 34, 68)====
Is IST_0 spanning? : True
Is IST_1 spanning? : True
Is IST_2 spanning? : True
Is IST_3 spanning? : True
Is IST_4 spanning? : True
Is IST_5 spanning? : True
Are all ISTs independent? : True

====TEST CR(289, 34, 68)====
Is IST_0 spanning? : True
Is IST_1 spanning? : True
Is IST_2 spanning? : True
Is IST_3 spanning? : True
Is IST_4 spanning? : True
Is IST_5 spanning? : True
Are all ISTs independent? : True

====TEST CR(290, 34, 68)====
Is IST_0 spanning? : True
Is IST_1 spanning? : True
Is IST_2 spanning? : True
Is IST_3 spanning? : True
Is IST_4 spanning? : True
Is IST_5 spanning? : True
Are all ISTs independent? : True

====TEST CR(291, 34, 68)====
Is IST_0 spanning? : True
Is IST_1 spanning? : True
Is IST_2 spanning? : True
Is IST_3 spanning? : True
Is IST_4 spanning? : True
Is IST_5 spanning? : True
Are all ISTs independent? : True

====TEST CR(292, 34, 68)====
Is IST_0 spanning? : True
Is IST_1 spanning? : True
Is IST_2 spanning? : True
Is IST_3 spanning? : True
Is IST_4 spanning? : True
Is IST_5 spanning? : True
Are all ISTs independent? : True

====TEST CR(293, 34, 68)====
Is IST_0 spanning? : True
Is IST_1 spanning? : True
Is IST_2 spanning? : True
Is IST_3 spanning? : True
Is IST_4 spanning? : True
Is IST_5 spanning? : True
Are all ISTs independent? : True

====TEST CR(294, 34, 68)====
Is IST_0 spanning? : True
Is IST_1 spanning? : True
Is IST_2 spanning? : True
Is IST_3 spanning? : True
Is IST_4 spanning? : True
Is IST_5 spanning? : True
Are all ISTs independent? : True

====TEST CR(295, 34, 68)====
Is IST_0 spanning? : True
Is IST_1 spanning? : True
Is IST_2 spanning? : True
Is IST_3 spanning? : True
Is IST_4 spanning? : True
Is IST_5 spanning? : True
Are all ISTs independent? : True

====TEST CR(296, 34, 68)====
Is IST_0 spanning? : True
Is IST_1 spanning? : True
Is IST_2 spanning? : True
Is IST_3 spanning? : True
Is IST_4 spanning? : True
Is IST_5 spanning? : True
Are all ISTs independent? : True

====TEST CR(297, 34, 68)====
Is IST_0 spanning? : True
Is IST_1 spanning? : True
Is IST_2 spanning? : True
Is IST_3 spanning? : True
Is IST_4 spanning? : True
Is IST_5 spanning? : True
Are all ISTs independent? : True

====TEST CR(298, 34, 68)====
Is IST_0 spanning? : True
Is IST_1 spanning? : True
Is IST_2 spanning? : True
Is IST_3 spanning? : True
Is IST_4 spanning? : True
Is IST_5 spanning? : True
Are all ISTs independent? : True

====TEST CR(299, 34, 68)====
Is IST_0 spanning? : True
Is IST_1 spanning? : True
Is IST_2 spanning? : True
Is IST_3 spanning? : True
Is IST_4 spanning? : True
Is IST_5 spanning? : True
Are all ISTs independent? : True

====TEST CR(300, 34, 68)====
Is IST_0 spanning? : True
Is IST_1 spanning? : True
Is IST_2 spanning? : True
Is IST_3 spanning? : True
Is IST_4 spanning? : True
Is IST_5 spanning? : True
Are all ISTs independent? : True

====TEST CR(301, 34, 68)====
Is IST_0 spanning? : True
Is IST_1 spanning? : True
Is IST_2 spanning? : True
Is IST_3 spanning? : True
Is IST_4 spanning? : True
Is IST_5 spanning? : True
Are all ISTs independent? : True

====TEST CR(302, 34, 68)====
Is IST_0 spanning? : True
Is IST_1 spanning? : True
Is IST_2 spanning? : True
Is IST_3 spanning? : True
Is IST_4 spanning? : True
Is IST_5 spanning? : True
Are all ISTs independent? : True

====TEST CR(303, 34, 68)====
Is IST_0 spanning? : True
Is IST_1 spanning? : True
Is IST_2 spanning? : True
Is IST_3 spanning? : True
Is IST_4 spanning? : True
Is IST_5 spanning? : True
Are all ISTs independent? : True

====TEST CR(304, 34, 68)====
Is IST_0 spanning? : True
Is IST_1 spanning? : True
Is IST_2 spanning? : True
Is IST_3 spanning? : True
Is IST_4 spanning? : True
Is IST_5 spanning? : True
Are all ISTs independent? : True

====TEST CR(305, 34, 68)====
Is IST_0 spanning? : True
Is IST_1 spanning? : True
Is IST_2 spanning? : True
Is IST_3 spanning? : True
Is IST_4 spanning? : True
Is IST_5 spanning? : True
Are all ISTs independent? : True

====TEST CR(306, 34, 68)====
Is IST_0 spanning? : True
Is IST_1 spanning? : True
Is IST_2 spanning? : True
Is IST_3 spanning? : True
Is IST_4 spanning? : True
Is IST_5 spanning? : True
Are all ISTs independent? : True

====TEST CR(307, 34, 68)====
Is IST_0 spanning? : True
Is IST_1 spanning? : True
Is IST_2 spanning? : True
Is IST_3 spanning? : True
Is IST_4 spanning? : True
Is IST_5 spanning? : True
Are all ISTs independent? : True

====TEST CR(308, 34, 68)====
Is IST_0 spanning? : True
Is IST_1 spanning? : True
Is IST_2 spanning? : True
Is IST_3 spanning? : True
Is IST_4 spanning? : True
Is IST_5 spanning? : True
Are all ISTs independent? : True

====TEST CR(309, 34, 68)====
Is IST_0 spanning? : True
Is IST_1 spanning? : True
Is IST_2 spanning? : True
Is IST_3 spanning? : True
Is IST_4 spanning? : True
Is IST_5 spanning? : True
Are all ISTs independent? : True

====TEST CR(310, 34, 68)====
Is IST_0 spanning? : True
Is IST_1 spanning? : True
Is IST_2 spanning? : True
Is IST_3 spanning? : True
Is IST_4 spanning? : True
Is IST_5 spanning? : True
Are all ISTs independent? : True

====TEST CR(311, 34, 68)====
Is IST_0 spanning? : True
Is IST_1 spanning? : True
Is IST_2 spanning? : True
Is IST_3 spanning? : True
Is IST_4 spanning? : True
Is IST_5 spanning? : True
Are all ISTs independent? : True

====TEST CR(312, 34, 68)====
Is IST_0 spanning? : True
Is IST_1 spanning? : True
Is IST_2 spanning? : True
Is IST_3 spanning? : True
Is IST_4 spanning? : True
Is IST_5 spanning? : True
Are all ISTs independent? : True

====TEST CR(313, 34, 68)====
Is IST_0 spanning? : True
Is IST_1 spanning? : True
Is IST_2 spanning? : True
Is IST_3 spanning? : True
Is IST_4 spanning? : True
Is IST_5 spanning? : True
Are all ISTs independent? : True

====TEST CR(314, 34, 68)====
Is IST_0 spanning? : True
Is IST_1 spanning? : True
Is IST_2 spanning? : True
Is IST_3 spanning? : True
Is IST_4 spanning? : True
Is IST_5 spanning? : True
Are all ISTs independent? : True

====TEST CR(315, 34, 68)====
Is IST_0 spanning? : True
Is IST_1 spanning? : True
Is IST_2 spanning? : True
Is IST_3 spanning? : True
Is IST_4 spanning? : True
Is IST_5 spanning? : True
Are all ISTs independent? : True

====TEST CR(316, 34, 68)====
Is IST_0 spanning? : True
Is IST_1 spanning? : True
Is IST_2 spanning? : True
Is IST_3 spanning? : True
Is IST_4 spanning? : True
Is IST_5 spanning? : True
Are all ISTs independent? : True

====TEST CR(317, 34, 68)====
Is IST_0 spanning? : True
Is IST_1 spanning? : True
Is IST_2 spanning? : True
Is IST_3 spanning? : True
Is IST_4 spanning? : True
Is IST_5 spanning? : True
Are all ISTs independent? : True

====TEST CR(318, 34, 68)====
Is IST_0 spanning? : True
Is IST_1 spanning? : True
Is IST_2 spanning? : True
Is IST_3 spanning? : True
Is IST_4 spanning? : True
Is IST_5 spanning? : True
Are all ISTs independent? : True

====TEST CR(319, 34, 68)====
Is IST_0 spanning? : True
Is IST_1 spanning? : True
Is IST_2 spanning? : True
Is IST_3 spanning? : True
Is IST_4 spanning? : True
Is IST_5 spanning? : True
Are all ISTs independent? : True

====TEST CR(320, 34, 68)====
Is IST_0 spanning? : True
Is IST_1 spanning? : True
Is IST_2 spanning? : True
Is IST_3 spanning? : True
Is IST_4 spanning? : True
Is IST_5 spanning? : True
Are all ISTs independent? : True

====TEST CR(321, 34, 68)====
Is IST_0 spanning? : True
Is IST_1 spanning? : True
Is IST_2 spanning? : True
Is IST_3 spanning? : True
Is IST_4 spanning? : True
Is IST_5 spanning? : True
Are all ISTs independent? : True

====TEST CR(322, 34, 68)====
Is IST_0 spanning? : True
Is IST_1 spanning? : True
Is IST_2 spanning? : True
Is IST_3 spanning? : True
Is IST_4 spanning? : True
Is IST_5 spanning? : True
Are all ISTs independent? : True

====TEST CR(323, 34, 68)====
Is IST_0 spanning? : True
Is IST_1 spanning? : True
Is IST_2 spanning? : True
Is IST_3 spanning? : True
Is IST_4 spanning? : True
Is IST_5 spanning? : True
Are all ISTs independent? : True

====TEST CR(324, 34, 68)====
Is IST_0 spanning? : True
Is IST_1 spanning? : True
Is IST_2 spanning? : True
Is IST_3 spanning? : True
Is IST_4 spanning? : True
Is IST_5 spanning? : True
Are all ISTs independent? : True

====TEST CR(325, 34, 68)====
Is IST_0 spanning? : True
Is IST_1 spanning? : True
Is IST_2 spanning? : True
Is IST_3 spanning? : True
Is IST_4 spanning? : True
Is IST_5 spanning? : True
Are all ISTs independent? : True

====TEST CR(326, 34, 68)====
Is IST_0 spanning? : True
Is IST_1 spanning? : True
Is IST_2 spanning? : True
Is IST_3 spanning? : True
Is IST_4 spanning? : True
Is IST_5 spanning? : True
Are all ISTs independent? : True

====TEST CR(327, 34, 68)====
Is IST_0 spanning? : True
Is IST_1 spanning? : True
Is IST_2 spanning? : True
Is IST_3 spanning? : True
Is IST_4 spanning? : True
Is IST_5 spanning? : True
Are all ISTs independent? : True

====TEST CR(328, 34, 68)====
Is IST_0 spanning? : True
Is IST_1 spanning? : True
Is IST_2 spanning? : True
Is IST_3 spanning? : True
Is IST_4 spanning? : True
Is IST_5 spanning? : True
Are all ISTs independent? : True

====TEST CR(329, 34, 68)====
Is IST_0 spanning? : True
Is IST_1 spanning? : True
Is IST_2 spanning? : True
Is IST_3 spanning? : True
Is IST_4 spanning? : True
Is IST_5 spanning? : True
Are all ISTs independent? : True

====TEST CR(330, 34, 68)====
Is IST_0 spanning? : True
Is IST_1 spanning? : True
Is IST_2 spanning? : True
Is IST_3 spanning? : True
Is IST_4 spanning? : True
Is IST_5 spanning? : True
Are all ISTs independent? : True

====TEST CR(331, 34, 68)====
Is IST_0 spanning? : True
Is IST_1 spanning? : True
Is IST_2 spanning? : True
Is IST_3 spanning? : True
Is IST_4 spanning? : True
Is IST_5 spanning? : True
Are all ISTs independent? : True

====TEST CR(332, 34, 68)====
Is IST_0 spanning? : True
Is IST_1 spanning? : True
Is IST_2 spanning? : True
Is IST_3 spanning? : True
Is IST_4 spanning? : True
Is IST_5 spanning? : True
Are all ISTs independent? : True

====TEST CR(210, 35, 70)====
Is IST_0 spanning? : True
Is IST_1 spanning? : True
Is IST_2 spanning? : True
Is IST_3 spanning? : True
Is IST_4 spanning? : True
Is IST_5 spanning? : True
Are all ISTs independent? : True

====TEST CR(211, 35, 70)====
Is IST_0 spanning? : True
Is IST_1 spanning? : True
Is IST_2 spanning? : True
Is IST_3 spanning? : True
Is IST_4 spanning? : True
Is IST_5 spanning? : True
Are all ISTs independent? : True

====TEST CR(212, 35, 70)====
Is IST_0 spanning? : True
Is IST_1 spanning? : True
Is IST_2 spanning? : True
Is IST_3 spanning? : True
Is IST_4 spanning? : True
Is IST_5 spanning? : True
Are all ISTs independent? : True

====TEST CR(213, 35, 70)====
Is IST_0 spanning? : True
Is IST_1 spanning? : True
Is IST_2 spanning? : True
Is IST_3 spanning? : True
Is IST_4 spanning? : True
Is IST_5 spanning? : True
Are all ISTs independent? : True

====TEST CR(214, 35, 70)====
Is IST_0 spanning? : True
Is IST_1 spanning? : True
Is IST_2 spanning? : True
Is IST_3 spanning? : True
Is IST_4 spanning? : True
Is IST_5 spanning? : True
Are all ISTs independent? : True

====TEST CR(215, 35, 70)====
Is IST_0 spanning? : True
Is IST_1 spanning? : True
Is IST_2 spanning? : True
Is IST_3 spanning? : True
Is IST_4 spanning? : True
Is IST_5 spanning? : True
Are all ISTs independent? : True

====TEST CR(216, 35, 70)====
Is IST_0 spanning? : True
Is IST_1 spanning? : True
Is IST_2 spanning? : True
Is IST_3 spanning? : True
Is IST_4 spanning? : True
Is IST_5 spanning? : True
Are all ISTs independent? : True

====TEST CR(217, 35, 70)====
Is IST_0 spanning? : True
Is IST_1 spanning? : True
Is IST_2 spanning? : True
Is IST_3 spanning? : True
Is IST_4 spanning? : True
Is IST_5 spanning? : True
Are all ISTs independent? : True

====TEST CR(218, 35, 70)====
Is IST_0 spanning? : True
Is IST_1 spanning? : True
Is IST_2 spanning? : True
Is IST_3 spanning? : True
Is IST_4 spanning? : True
Is IST_5 spanning? : True
Are all ISTs independent? : True

====TEST CR(219, 35, 70)====
Is IST_0 spanning? : True
Is IST_1 spanning? : True
Is IST_2 spanning? : True
Is IST_3 spanning? : True
Is IST_4 spanning? : True
Is IST_5 spanning? : True
Are all ISTs independent? : True

====TEST CR(220, 35, 70)====
Is IST_0 spanning? : True
Is IST_1 spanning? : True
Is IST_2 spanning? : True
Is IST_3 spanning? : True
Is IST_4 spanning? : True
Is IST_5 spanning? : True
Are all ISTs independent? : True

====TEST CR(221, 35, 70)====
Is IST_0 spanning? : True
Is IST_1 spanning? : True
Is IST_2 spanning? : True
Is IST_3 spanning? : True
Is IST_4 spanning? : True
Is IST_5 spanning? : True
Are all ISTs independent? : True

====TEST CR(222, 35, 70)====
Is IST_0 spanning? : True
Is IST_1 spanning? : True
Is IST_2 spanning? : True
Is IST_3 spanning? : True
Is IST_4 spanning? : True
Is IST_5 spanning? : True
Are all ISTs independent? : True

====TEST CR(223, 35, 70)====
Is IST_0 spanning? : True
Is IST_1 spanning? : True
Is IST_2 spanning? : True
Is IST_3 spanning? : True
Is IST_4 spanning? : True
Is IST_5 spanning? : True
Are all ISTs independent? : True

====TEST CR(224, 35, 70)====
Is IST_0 spanning? : True
Is IST_1 spanning? : True
Is IST_2 spanning? : True
Is IST_3 spanning? : True
Is IST_4 spanning? : True
Is IST_5 spanning? : True
Are all ISTs independent? : True

====TEST CR(225, 35, 70)====
Is IST_0 spanning? : True
Is IST_1 spanning? : True
Is IST_2 spanning? : True
Is IST_3 spanning? : True
Is IST_4 spanning? : True
Is IST_5 spanning? : True
Are all ISTs independent? : True

====TEST CR(226, 35, 70)====
Is IST_0 spanning? : True
Is IST_1 spanning? : True
Is IST_2 spanning? : True
Is IST_3 spanning? : True
Is IST_4 spanning? : True
Is IST_5 spanning? : True
Are all ISTs independent? : True

====TEST CR(227, 35, 70)====
Is IST_0 spanning? : True
Is IST_1 spanning? : True
Is IST_2 spanning? : True
Is IST_3 spanning? : True
Is IST_4 spanning? : True
Is IST_5 spanning? : True
Are all ISTs independent? : True

====TEST CR(228, 35, 70)====
Is IST_0 spanning? : True
Is IST_1 spanning? : True
Is IST_2 spanning? : True
Is IST_3 spanning? : True
Is IST_4 spanning? : True
Is IST_5 spanning? : True
Are all ISTs independent? : True

====TEST CR(229, 35, 70)====
Is IST_0 spanning? : True
Is IST_1 spanning? : True
Is IST_2 spanning? : True
Is IST_3 spanning? : True
Is IST_4 spanning? : True
Is IST_5 spanning? : True
Are all ISTs independent? : True

====TEST CR(230, 35, 70)====
Is IST_0 spanning? : True
Is IST_1 spanning? : True
Is IST_2 spanning? : True
Is IST_3 spanning? : True
Is IST_4 spanning? : True
Is IST_5 spanning? : True
Are all ISTs independent? : True

====TEST CR(231, 35, 70)====
Is IST_0 spanning? : True
Is IST_1 spanning? : True
Is IST_2 spanning? : True
Is IST_3 spanning? : True
Is IST_4 spanning? : True
Is IST_5 spanning? : True
Are all ISTs independent? : True

====TEST CR(232, 35, 70)====
Is IST_0 spanning? : True
Is IST_1 spanning? : True
Is IST_2 spanning? : True
Is IST_3 spanning? : True
Is IST_4 spanning? : True
Is IST_5 spanning? : True
Are all ISTs independent? : True

====TEST CR(233, 35, 70)====
Is IST_0 spanning? : True
Is IST_1 spanning? : True
Is IST_2 spanning? : True
Is IST_3 spanning? : True
Is IST_4 spanning? : True
Is IST_5 spanning? : True
Are all ISTs independent? : True

====TEST CR(234, 35, 70)====
Is IST_0 spanning? : True
Is IST_1 spanning? : True
Is IST_2 spanning? : True
Is IST_3 spanning? : True
Is IST_4 spanning? : True
Is IST_5 spanning? : True
Are all ISTs independent? : True

====TEST CR(235, 35, 70)====
Is IST_0 spanning? : True
Is IST_1 spanning? : True
Is IST_2 spanning? : True
Is IST_3 spanning? : True
Is IST_4 spanning? : True
Is IST_5 spanning? : True
Are all ISTs independent? : True

====TEST CR(236, 35, 70)====
Is IST_0 spanning? : True
Is IST_1 spanning? : True
Is IST_2 spanning? : True
Is IST_3 spanning? : True
Is IST_4 spanning? : True
Is IST_5 spanning? : True
Are all ISTs independent? : True

====TEST CR(237, 35, 70)====
Is IST_0 spanning? : True
Is IST_1 spanning? : True
Is IST_2 spanning? : True
Is IST_3 spanning? : True
Is IST_4 spanning? : True
Is IST_5 spanning? : True
Are all ISTs independent? : True

====TEST CR(238, 35, 70)====
Is IST_0 spanning? : True
Is IST_1 spanning? : True
Is IST_2 spanning? : True
Is IST_3 spanning? : True
Is IST_4 spanning? : True
Is IST_5 spanning? : True
Are all ISTs independent? : True

====TEST CR(239, 35, 70)====
Is IST_0 spanning? : True
Is IST_1 spanning? : True
Is IST_2 spanning? : True
Is IST_3 spanning? : True
Is IST_4 spanning? : True
Is IST_5 spanning? : True
Are all ISTs independent? : True

====TEST CR(240, 35, 70)====
Is IST_0 spanning? : True
Is IST_1 spanning? : True
Is IST_2 spanning? : True
Is IST_3 spanning? : True
Is IST_4 spanning? : True
Is IST_5 spanning? : True
Are all ISTs independent? : True

====TEST CR(241, 35, 70)====
Is IST_0 spanning? : True
Is IST_1 spanning? : True
Is IST_2 spanning? : True
Is IST_3 spanning? : True
Is IST_4 spanning? : True
Is IST_5 spanning? : True
Are all ISTs independent? : True

====TEST CR(242, 35, 70)====
Is IST_0 spanning? : True
Is IST_1 spanning? : True
Is IST_2 spanning? : True
Is IST_3 spanning? : True
Is IST_4 spanning? : True
Is IST_5 spanning? : True
Are all ISTs independent? : True

====TEST CR(243, 35, 70)====
Is IST_0 spanning? : True
Is IST_1 spanning? : True
Is IST_2 spanning? : True
Is IST_3 spanning? : True
Is IST_4 spanning? : True
Is IST_5 spanning? : True
Are all ISTs independent? : True

====TEST CR(244, 35, 70)====
Is IST_0 spanning? : True
Is IST_1 spanning? : True
Is IST_2 spanning? : True
Is IST_3 spanning? : True
Is IST_4 spanning? : True
Is IST_5 spanning? : True
Are all ISTs independent? : True

====TEST CR(245, 35, 70)====
Is IST_0 spanning? : True
Is IST_1 spanning? : True
Is IST_2 spanning? : True
Is IST_3 spanning? : True
Is IST_4 spanning? : True
Is IST_5 spanning? : True
Are all ISTs independent? : True

====TEST CR(246, 35, 70)====
Is IST_0 spanning? : True
Is IST_1 spanning? : True
Is IST_2 spanning? : True
Is IST_3 spanning? : True
Is IST_4 spanning? : True
Is IST_5 spanning? : True
Are all ISTs independent? : True

====TEST CR(247, 35, 70)====
Is IST_0 spanning? : True
Is IST_1 spanning? : True
Is IST_2 spanning? : True
Is IST_3 spanning? : True
Is IST_4 spanning? : True
Is IST_5 spanning? : True
Are all ISTs independent? : True

====TEST CR(248, 35, 70)====
Is IST_0 spanning? : True
Is IST_1 spanning? : True
Is IST_2 spanning? : True
Is IST_3 spanning? : True
Is IST_4 spanning? : True
Is IST_5 spanning? : True
Are all ISTs independent? : True

====TEST CR(249, 35, 70)====
Is IST_0 spanning? : True
Is IST_1 spanning? : True
Is IST_2 spanning? : True
Is IST_3 spanning? : True
Is IST_4 spanning? : True
Is IST_5 spanning? : True
Are all ISTs independent? : True

====TEST CR(250, 35, 70)====
Is IST_0 spanning? : True
Is IST_1 spanning? : True
Is IST_2 spanning? : True
Is IST_3 spanning? : True
Is IST_4 spanning? : True
Is IST_5 spanning? : True
Are all ISTs independent? : True

====TEST CR(251, 35, 70)====
Is IST_0 spanning? : True
Is IST_1 spanning? : True
Is IST_2 spanning? : True
Is IST_3 spanning? : True
Is IST_4 spanning? : True
Is IST_5 spanning? : True
Are all ISTs independent? : True

====TEST CR(252, 35, 70)====
Is IST_0 spanning? : True
Is IST_1 spanning? : True
Is IST_2 spanning? : True
Is IST_3 spanning? : True
Is IST_4 spanning? : True
Is IST_5 spanning? : True
Are all ISTs independent? : True

====TEST CR(253, 35, 70)====
Is IST_0 spanning? : True
Is IST_1 spanning? : True
Is IST_2 spanning? : True
Is IST_3 spanning? : True
Is IST_4 spanning? : True
Is IST_5 spanning? : True
Are all ISTs independent? : True

====TEST CR(254, 35, 70)====
Is IST_0 spanning? : True
Is IST_1 spanning? : True
Is IST_2 spanning? : True
Is IST_3 spanning? : True
Is IST_4 spanning? : True
Is IST_5 spanning? : True
Are all ISTs independent? : True

====TEST CR(255, 35, 70)====
Is IST_0 spanning? : True
Is IST_1 spanning? : True
Is IST_2 spanning? : True
Is IST_3 spanning? : True
Is IST_4 spanning? : True
Is IST_5 spanning? : True
Are all ISTs independent? : True

====TEST CR(256, 35, 70)====
Is IST_0 spanning? : True
Is IST_1 spanning? : True
Is IST_2 spanning? : True
Is IST_3 spanning? : True
Is IST_4 spanning? : True
Is IST_5 spanning? : True
Are all ISTs independent? : True

====TEST CR(257, 35, 70)====
Is IST_0 spanning? : True
Is IST_1 spanning? : True
Is IST_2 spanning? : True
Is IST_3 spanning? : True
Is IST_4 spanning? : True
Is IST_5 spanning? : True
Are all ISTs independent? : True

====TEST CR(258, 35, 70)====
Is IST_0 spanning? : True
Is IST_1 spanning? : True
Is IST_2 spanning? : True
Is IST_3 spanning? : True
Is IST_4 spanning? : True
Is IST_5 spanning? : True
Are all ISTs independent? : True

====TEST CR(259, 35, 70)====
Is IST_0 spanning? : True
Is IST_1 spanning? : True
Is IST_2 spanning? : True
Is IST_3 spanning? : True
Is IST_4 spanning? : True
Is IST_5 spanning? : True
Are all ISTs independent? : True

====TEST CR(260, 35, 70)====
Is IST_0 spanning? : True
Is IST_1 spanning? : True
Is IST_2 spanning? : True
Is IST_3 spanning? : True
Is IST_4 spanning? : True
Is IST_5 spanning? : True
Are all ISTs independent? : True

====TEST CR(261, 35, 70)====
Is IST_0 spanning? : True
Is IST_1 spanning? : True
Is IST_2 spanning? : True
Is IST_3 spanning? : True
Is IST_4 spanning? : True
Is IST_5 spanning? : True
Are all ISTs independent? : True

====TEST CR(262, 35, 70)====
Is IST_0 spanning? : True
Is IST_1 spanning? : True
Is IST_2 spanning? : True
Is IST_3 spanning? : True
Is IST_4 spanning? : True
Is IST_5 spanning? : True
Are all ISTs independent? : True

====TEST CR(263, 35, 70)====
Is IST_0 spanning? : True
Is IST_1 spanning? : True
Is IST_2 spanning? : True
Is IST_3 spanning? : True
Is IST_4 spanning? : True
Is IST_5 spanning? : True
Are all ISTs independent? : True

====TEST CR(264, 35, 70)====
Is IST_0 spanning? : True
Is IST_1 spanning? : True
Is IST_2 spanning? : True
Is IST_3 spanning? : True
Is IST_4 spanning? : True
Is IST_5 spanning? : True
Are all ISTs independent? : True

====TEST CR(265, 35, 70)====
Is IST_0 spanning? : True
Is IST_1 spanning? : True
Is IST_2 spanning? : True
Is IST_3 spanning? : True
Is IST_4 spanning? : True
Is IST_5 spanning? : True
Are all ISTs independent? : True

====TEST CR(266, 35, 70)====
Is IST_0 spanning? : True
Is IST_1 spanning? : True
Is IST_2 spanning? : True
Is IST_3 spanning? : True
Is IST_4 spanning? : True
Is IST_5 spanning? : True
Are all ISTs independent? : True

====TEST CR(267, 35, 70)====
Is IST_0 spanning? : True
Is IST_1 spanning? : True
Is IST_2 spanning? : True
Is IST_3 spanning? : True
Is IST_4 spanning? : True
Is IST_5 spanning? : True
Are all ISTs independent? : True

====TEST CR(268, 35, 70)====
Is IST_0 spanning? : True
Is IST_1 spanning? : True
Is IST_2 spanning? : True
Is IST_3 spanning? : True
Is IST_4 spanning? : True
Is IST_5 spanning? : True
Are all ISTs independent? : True

====TEST CR(269, 35, 70)====
Is IST_0 spanning? : True
Is IST_1 spanning? : True
Is IST_2 spanning? : True
Is IST_3 spanning? : True
Is IST_4 spanning? : True
Is IST_5 spanning? : True
Are all ISTs independent? : True

====TEST CR(270, 35, 70)====
Is IST_0 spanning? : True
Is IST_1 spanning? : True
Is IST_2 spanning? : True
Is IST_3 spanning? : True
Is IST_4 spanning? : True
Is IST_5 spanning? : True
Are all ISTs independent? : True

====TEST CR(271, 35, 70)====
Is IST_0 spanning? : True
Is IST_1 spanning? : True
Is IST_2 spanning? : True
Is IST_3 spanning? : True
Is IST_4 spanning? : True
Is IST_5 spanning? : True
Are all ISTs independent? : True

====TEST CR(272, 35, 70)====
Is IST_0 spanning? : True
Is IST_1 spanning? : True
Is IST_2 spanning? : True
Is IST_3 spanning? : True
Is IST_4 spanning? : True
Is IST_5 spanning? : True
Are all ISTs independent? : True

====TEST CR(273, 35, 70)====
Is IST_0 spanning? : True
Is IST_1 spanning? : True
Is IST_2 spanning? : True
Is IST_3 spanning? : True
Is IST_4 spanning? : True
Is IST_5 spanning? : True
Are all ISTs independent? : True

====TEST CR(274, 35, 70)====
Is IST_0 spanning? : True
Is IST_1 spanning? : True
Is IST_2 spanning? : True
Is IST_3 spanning? : True
Is IST_4 spanning? : True
Is IST_5 spanning? : True
Are all ISTs independent? : True

====TEST CR(275, 35, 70)====
Is IST_0 spanning? : True
Is IST_1 spanning? : True
Is IST_2 spanning? : True
Is IST_3 spanning? : True
Is IST_4 spanning? : True
Is IST_5 spanning? : True
Are all ISTs independent? : True

====TEST CR(276, 35, 70)====
Is IST_0 spanning? : True
Is IST_1 spanning? : True
Is IST_2 spanning? : True
Is IST_3 spanning? : True
Is IST_4 spanning? : True
Is IST_5 spanning? : True
Are all ISTs independent? : True

====TEST CR(277, 35, 70)====
Is IST_0 spanning? : True
Is IST_1 spanning? : True
Is IST_2 spanning? : True
Is IST_3 spanning? : True
Is IST_4 spanning? : True
Is IST_5 spanning? : True
Are all ISTs independent? : True

====TEST CR(278, 35, 70)====
Is IST_0 spanning? : True
Is IST_1 spanning? : True
Is IST_2 spanning? : True
Is IST_3 spanning? : True
Is IST_4 spanning? : True
Is IST_5 spanning? : True
Are all ISTs independent? : True

====TEST CR(279, 35, 70)====
Is IST_0 spanning? : True
Is IST_1 spanning? : True
Is IST_2 spanning? : True
Is IST_3 spanning? : True
Is IST_4 spanning? : True
Is IST_5 spanning? : True
Are all ISTs independent? : True

====TEST CR(280, 35, 70)====
Is IST_0 spanning? : True
Is IST_1 spanning? : True
Is IST_2 spanning? : True
Is IST_3 spanning? : True
Is IST_4 spanning? : True
Is IST_5 spanning? : True
Are all ISTs independent? : True

====TEST CR(281, 35, 70)====
Is IST_0 spanning? : True
Is IST_1 spanning? : True
Is IST_2 spanning? : True
Is IST_3 spanning? : True
Is IST_4 spanning? : True
Is IST_5 spanning? : True
Are all ISTs independent? : True

====TEST CR(282, 35, 70)====
Is IST_0 spanning? : True
Is IST_1 spanning? : True
Is IST_2 spanning? : True
Is IST_3 spanning? : True
Is IST_4 spanning? : True
Is IST_5 spanning? : True
Are all ISTs independent? : True

====TEST CR(283, 35, 70)====
Is IST_0 spanning? : True
Is IST_1 spanning? : True
Is IST_2 spanning? : True
Is IST_3 spanning? : True
Is IST_4 spanning? : True
Is IST_5 spanning? : True
Are all ISTs independent? : True

====TEST CR(284, 35, 70)====
Is IST_0 spanning? : True
Is IST_1 spanning? : True
Is IST_2 spanning? : True
Is IST_3 spanning? : True
Is IST_4 spanning? : True
Is IST_5 spanning? : True
Are all ISTs independent? : True

====TEST CR(285, 35, 70)====
Is IST_0 spanning? : True
Is IST_1 spanning? : True
Is IST_2 spanning? : True
Is IST_3 spanning? : True
Is IST_4 spanning? : True
Is IST_5 spanning? : True
Are all ISTs independent? : True

====TEST CR(286, 35, 70)====
Is IST_0 spanning? : True
Is IST_1 spanning? : True
Is IST_2 spanning? : True
Is IST_3 spanning? : True
Is IST_4 spanning? : True
Is IST_5 spanning? : True
Are all ISTs independent? : True

====TEST CR(287, 35, 70)====
Is IST_0 spanning? : True
Is IST_1 spanning? : True
Is IST_2 spanning? : True
Is IST_3 spanning? : True
Is IST_4 spanning? : True
Is IST_5 spanning? : True
Are all ISTs independent? : True

====TEST CR(288, 35, 70)====
Is IST_0 spanning? : True
Is IST_1 spanning? : True
Is IST_2 spanning? : True
Is IST_3 spanning? : True
Is IST_4 spanning? : True
Is IST_5 spanning? : True
Are all ISTs independent? : True

====TEST CR(289, 35, 70)====
Is IST_0 spanning? : True
Is IST_1 spanning? : True
Is IST_2 spanning? : True
Is IST_3 spanning? : True
Is IST_4 spanning? : True
Is IST_5 spanning? : True
Are all ISTs independent? : True

====TEST CR(290, 35, 70)====
Is IST_0 spanning? : True
Is IST_1 spanning? : True
Is IST_2 spanning? : True
Is IST_3 spanning? : True
Is IST_4 spanning? : True
Is IST_5 spanning? : True
Are all ISTs independent? : True

====TEST CR(291, 35, 70)====
Is IST_0 spanning? : True
Is IST_1 spanning? : True
Is IST_2 spanning? : True
Is IST_3 spanning? : True
Is IST_4 spanning? : True
Is IST_5 spanning? : True
Are all ISTs independent? : True

====TEST CR(292, 35, 70)====
Is IST_0 spanning? : True
Is IST_1 spanning? : True
Is IST_2 spanning? : True
Is IST_3 spanning? : True
Is IST_4 spanning? : True
Is IST_5 spanning? : True
Are all ISTs independent? : True

====TEST CR(293, 35, 70)====
Is IST_0 spanning? : True
Is IST_1 spanning? : True
Is IST_2 spanning? : True
Is IST_3 spanning? : True
Is IST_4 spanning? : True
Is IST_5 spanning? : True
Are all ISTs independent? : True

====TEST CR(294, 35, 70)====
Is IST_0 spanning? : True
Is IST_1 spanning? : True
Is IST_2 spanning? : True
Is IST_3 spanning? : True
Is IST_4 spanning? : True
Is IST_5 spanning? : True
Are all ISTs independent? : True

====TEST CR(295, 35, 70)====
Is IST_0 spanning? : True
Is IST_1 spanning? : True
Is IST_2 spanning? : True
Is IST_3 spanning? : True
Is IST_4 spanning? : True
Is IST_5 spanning? : True
Are all ISTs independent? : True

====TEST CR(296, 35, 70)====
Is IST_0 spanning? : True
Is IST_1 spanning? : True
Is IST_2 spanning? : True
Is IST_3 spanning? : True
Is IST_4 spanning? : True
Is IST_5 spanning? : True
Are all ISTs independent? : True

====TEST CR(297, 35, 70)====
Is IST_0 spanning? : True
Is IST_1 spanning? : True
Is IST_2 spanning? : True
Is IST_3 spanning? : True
Is IST_4 spanning? : True
Is IST_5 spanning? : True
Are all ISTs independent? : True

====TEST CR(298, 35, 70)====
Is IST_0 spanning? : True
Is IST_1 spanning? : True
Is IST_2 spanning? : True
Is IST_3 spanning? : True
Is IST_4 spanning? : True
Is IST_5 spanning? : True
Are all ISTs independent? : True

====TEST CR(299, 35, 70)====
Is IST_0 spanning? : True
Is IST_1 spanning? : True
Is IST_2 spanning? : True
Is IST_3 spanning? : True
Is IST_4 spanning? : True
Is IST_5 spanning? : True
Are all ISTs independent? : True

====TEST CR(300, 35, 70)====
Is IST_0 spanning? : True
Is IST_1 spanning? : True
Is IST_2 spanning? : True
Is IST_3 spanning? : True
Is IST_4 spanning? : True
Is IST_5 spanning? : True
Are all ISTs independent? : True

====TEST CR(301, 35, 70)====
Is IST_0 spanning? : True
Is IST_1 spanning? : True
Is IST_2 spanning? : True
Is IST_3 spanning? : True
Is IST_4 spanning? : True
Is IST_5 spanning? : True
Are all ISTs independent? : True

====TEST CR(302, 35, 70)====
Is IST_0 spanning? : True
Is IST_1 spanning? : True
Is IST_2 spanning? : True
Is IST_3 spanning? : True
Is IST_4 spanning? : True
Is IST_5 spanning? : True
Are all ISTs independent? : True

====TEST CR(303, 35, 70)====
Is IST_0 spanning? : True
Is IST_1 spanning? : True
Is IST_2 spanning? : True
Is IST_3 spanning? : True
Is IST_4 spanning? : True
Is IST_5 spanning? : True
Are all ISTs independent? : True

====TEST CR(304, 35, 70)====
Is IST_0 spanning? : True
Is IST_1 spanning? : True
Is IST_2 spanning? : True
Is IST_3 spanning? : True
Is IST_4 spanning? : True
Is IST_5 spanning? : True
Are all ISTs independent? : True

====TEST CR(305, 35, 70)====
Is IST_0 spanning? : True
Is IST_1 spanning? : True
Is IST_2 spanning? : True
Is IST_3 spanning? : True
Is IST_4 spanning? : True
Is IST_5 spanning? : True
Are all ISTs independent? : True

====TEST CR(306, 35, 70)====
Is IST_0 spanning? : True
Is IST_1 spanning? : True
Is IST_2 spanning? : True
Is IST_3 spanning? : True
Is IST_4 spanning? : True
Is IST_5 spanning? : True
Are all ISTs independent? : True

====TEST CR(307, 35, 70)====
Is IST_0 spanning? : True
Is IST_1 spanning? : True
Is IST_2 spanning? : True
Is IST_3 spanning? : True
Is IST_4 spanning? : True
Is IST_5 spanning? : True
Are all ISTs independent? : True

====TEST CR(308, 35, 70)====
Is IST_0 spanning? : True
Is IST_1 spanning? : True
Is IST_2 spanning? : True
Is IST_3 spanning? : True
Is IST_4 spanning? : True
Is IST_5 spanning? : True
Are all ISTs independent? : True

====TEST CR(309, 35, 70)====
Is IST_0 spanning? : True
Is IST_1 spanning? : True
Is IST_2 spanning? : True
Is IST_3 spanning? : True
Is IST_4 spanning? : True
Is IST_5 spanning? : True
Are all ISTs independent? : True

====TEST CR(310, 35, 70)====
Is IST_0 spanning? : True
Is IST_1 spanning? : True
Is IST_2 spanning? : True
Is IST_3 spanning? : True
Is IST_4 spanning? : True
Is IST_5 spanning? : True
Are all ISTs independent? : True

====TEST CR(311, 35, 70)====
Is IST_0 spanning? : True
Is IST_1 spanning? : True
Is IST_2 spanning? : True
Is IST_3 spanning? : True
Is IST_4 spanning? : True
Is IST_5 spanning? : True
Are all ISTs independent? : True

====TEST CR(312, 35, 70)====
Is IST_0 spanning? : True
Is IST_1 spanning? : True
Is IST_2 spanning? : True
Is IST_3 spanning? : True
Is IST_4 spanning? : True
Is IST_5 spanning? : True
Are all ISTs independent? : True

====TEST CR(313, 35, 70)====
Is IST_0 spanning? : True
Is IST_1 spanning? : True
Is IST_2 spanning? : True
Is IST_3 spanning? : True
Is IST_4 spanning? : True
Is IST_5 spanning? : True
Are all ISTs independent? : True

====TEST CR(314, 35, 70)====
Is IST_0 spanning? : True
Is IST_1 spanning? : True
Is IST_2 spanning? : True
Is IST_3 spanning? : True
Is IST_4 spanning? : True
Is IST_5 spanning? : True
Are all ISTs independent? : True

====TEST CR(315, 35, 70)====
Is IST_0 spanning? : True
Is IST_1 spanning? : True
Is IST_2 spanning? : True
Is IST_3 spanning? : True
Is IST_4 spanning? : True
Is IST_5 spanning? : True
Are all ISTs independent? : True

====TEST CR(316, 35, 70)====
Is IST_0 spanning? : True
Is IST_1 spanning? : True
Is IST_2 spanning? : True
Is IST_3 spanning? : True
Is IST_4 spanning? : True
Is IST_5 spanning? : True
Are all ISTs independent? : True

====TEST CR(317, 35, 70)====
Is IST_0 spanning? : True
Is IST_1 spanning? : True
Is IST_2 spanning? : True
Is IST_3 spanning? : True
Is IST_4 spanning? : True
Is IST_5 spanning? : True
Are all ISTs independent? : True

====TEST CR(318, 35, 70)====
Is IST_0 spanning? : True
Is IST_1 spanning? : True
Is IST_2 spanning? : True
Is IST_3 spanning? : True
Is IST_4 spanning? : True
Is IST_5 spanning? : True
Are all ISTs independent? : True

====TEST CR(319, 35, 70)====
Is IST_0 spanning? : True
Is IST_1 spanning? : True
Is IST_2 spanning? : True
Is IST_3 spanning? : True
Is IST_4 spanning? : True
Is IST_5 spanning? : True
Are all ISTs independent? : True

====TEST CR(320, 35, 70)====
Is IST_0 spanning? : True
Is IST_1 spanning? : True
Is IST_2 spanning? : True
Is IST_3 spanning? : True
Is IST_4 spanning? : True
Is IST_5 spanning? : True
Are all ISTs independent? : True

====TEST CR(321, 35, 70)====
Is IST_0 spanning? : True
Is IST_1 spanning? : True
Is IST_2 spanning? : True
Is IST_3 spanning? : True
Is IST_4 spanning? : True
Is IST_5 spanning? : True
Are all ISTs independent? : True

====TEST CR(322, 35, 70)====
Is IST_0 spanning? : True
Is IST_1 spanning? : True
Is IST_2 spanning? : True
Is IST_3 spanning? : True
Is IST_4 spanning? : True
Is IST_5 spanning? : True
Are all ISTs independent? : True

====TEST CR(323, 35, 70)====
Is IST_0 spanning? : True
Is IST_1 spanning? : True
Is IST_2 spanning? : True
Is IST_3 spanning? : True
Is IST_4 spanning? : True
Is IST_5 spanning? : True
Are all ISTs independent? : True

====TEST CR(324, 35, 70)====
Is IST_0 spanning? : True
Is IST_1 spanning? : True
Is IST_2 spanning? : True
Is IST_3 spanning? : True
Is IST_4 spanning? : True
Is IST_5 spanning? : True
Are all ISTs independent? : True

====TEST CR(325, 35, 70)====
Is IST_0 spanning? : True
Is IST_1 spanning? : True
Is IST_2 spanning? : True
Is IST_3 spanning? : True
Is IST_4 spanning? : True
Is IST_5 spanning? : True
Are all ISTs independent? : True

====TEST CR(326, 35, 70)====
Is IST_0 spanning? : True
Is IST_1 spanning? : True
Is IST_2 spanning? : True
Is IST_3 spanning? : True
Is IST_4 spanning? : True
Is IST_5 spanning? : True
Are all ISTs independent? : True

====TEST CR(327, 35, 70)====
Is IST_0 spanning? : True
Is IST_1 spanning? : True
Is IST_2 spanning? : True
Is IST_3 spanning? : True
Is IST_4 spanning? : True
Is IST_5 spanning? : True
Are all ISTs independent? : True

====TEST CR(328, 35, 70)====
Is IST_0 spanning? : True
Is IST_1 spanning? : True
Is IST_2 spanning? : True
Is IST_3 spanning? : True
Is IST_4 spanning? : True
Is IST_5 spanning? : True
Are all ISTs independent? : True

====TEST CR(329, 35, 70)====
Is IST_0 spanning? : True
Is IST_1 spanning? : True
Is IST_2 spanning? : True
Is IST_3 spanning? : True
Is IST_4 spanning? : True
Is IST_5 spanning? : True
Are all ISTs independent? : True

====TEST CR(330, 35, 70)====
Is IST_0 spanning? : True
Is IST_1 spanning? : True
Is IST_2 spanning? : True
Is IST_3 spanning? : True
Is IST_4 spanning? : True
Is IST_5 spanning? : True
Are all ISTs independent? : True

====TEST CR(331, 35, 70)====
Is IST_0 spanning? : True
Is IST_1 spanning? : True
Is IST_2 spanning? : True
Is IST_3 spanning? : True
Is IST_4 spanning? : True
Is IST_5 spanning? : True
Are all ISTs independent? : True

====TEST CR(332, 35, 70)====
Is IST_0 spanning? : True
Is IST_1 spanning? : True
Is IST_2 spanning? : True
Is IST_3 spanning? : True
Is IST_4 spanning? : True
Is IST_5 spanning? : True
Are all ISTs independent? : True

====TEST CR(333, 35, 70)====
Is IST_0 spanning? : True
Is IST_1 spanning? : True
Is IST_2 spanning? : True
Is IST_3 spanning? : True
Is IST_4 spanning? : True
Is IST_5 spanning? : True
Are all ISTs independent? : True

====TEST CR(334, 35, 70)====
Is IST_0 spanning? : True
Is IST_1 spanning? : True
Is IST_2 spanning? : True
Is IST_3 spanning? : True
Is IST_4 spanning? : True
Is IST_5 spanning? : True
Are all ISTs independent? : True

====TEST CR(335, 35, 70)====
Is IST_0 spanning? : True
Is IST_1 spanning? : True
Is IST_2 spanning? : True
Is IST_3 spanning? : True
Is IST_4 spanning? : True
Is IST_5 spanning? : True
Are all ISTs independent? : True

====TEST CR(336, 35, 70)====
Is IST_0 spanning? : True
Is IST_1 spanning? : True
Is IST_2 spanning? : True
Is IST_3 spanning? : True
Is IST_4 spanning? : True
Is IST_5 spanning? : True
Are all ISTs independent? : True

====TEST CR(337, 35, 70)====
Is IST_0 spanning? : True
Is IST_1 spanning? : True
Is IST_2 spanning? : True
Is IST_3 spanning? : True
Is IST_4 spanning? : True
Is IST_5 spanning? : True
Are all ISTs independent? : True

====TEST CR(338, 35, 70)====
Is IST_0 spanning? : True
Is IST_1 spanning? : True
Is IST_2 spanning? : True
Is IST_3 spanning? : True
Is IST_4 spanning? : True
Is IST_5 spanning? : True
Are all ISTs independent? : True

====TEST CR(216, 36, 72)====
Is IST_0 spanning? : True
Is IST_1 spanning? : True
Is IST_2 spanning? : True
Is IST_3 spanning? : True
Is IST_4 spanning? : True
Is IST_5 spanning? : True
Are all ISTs independent? : True

====TEST CR(217, 36, 72)====
Is IST_0 spanning? : True
Is IST_1 spanning? : True
Is IST_2 spanning? : True
Is IST_3 spanning? : True
Is IST_4 spanning? : True
Is IST_5 spanning? : True
Are all ISTs independent? : True

====TEST CR(218, 36, 72)====
Is IST_0 spanning? : True
Is IST_1 spanning? : True
Is IST_2 spanning? : True
Is IST_3 spanning? : True
Is IST_4 spanning? : True
Is IST_5 spanning? : True
Are all ISTs independent? : True

====TEST CR(219, 36, 72)====
Is IST_0 spanning? : True
Is IST_1 spanning? : True
Is IST_2 spanning? : True
Is IST_3 spanning? : True
Is IST_4 spanning? : True
Is IST_5 spanning? : True
Are all ISTs independent? : True

====TEST CR(220, 36, 72)====
Is IST_0 spanning? : True
Is IST_1 spanning? : True
Is IST_2 spanning? : True
Is IST_3 spanning? : True
Is IST_4 spanning? : True
Is IST_5 spanning? : True
Are all ISTs independent? : True

====TEST CR(221, 36, 72)====
Is IST_0 spanning? : True
Is IST_1 spanning? : True
Is IST_2 spanning? : True
Is IST_3 spanning? : True
Is IST_4 spanning? : True
Is IST_5 spanning? : True
Are all ISTs independent? : True

====TEST CR(222, 36, 72)====
Is IST_0 spanning? : True
Is IST_1 spanning? : True
Is IST_2 spanning? : True
Is IST_3 spanning? : True
Is IST_4 spanning? : True
Is IST_5 spanning? : True
Are all ISTs independent? : True

====TEST CR(223, 36, 72)====
Is IST_0 spanning? : True
Is IST_1 spanning? : True
Is IST_2 spanning? : True
Is IST_3 spanning? : True
Is IST_4 spanning? : True
Is IST_5 spanning? : True
Are all ISTs independent? : True

====TEST CR(224, 36, 72)====
Is IST_0 spanning? : True
Is IST_1 spanning? : True
Is IST_2 spanning? : True
Is IST_3 spanning? : True
Is IST_4 spanning? : True
Is IST_5 spanning? : True
Are all ISTs independent? : True

====TEST CR(225, 36, 72)====
Is IST_0 spanning? : True
Is IST_1 spanning? : True
Is IST_2 spanning? : True
Is IST_3 spanning? : True
Is IST_4 spanning? : True
Is IST_5 spanning? : True
Are all ISTs independent? : True

====TEST CR(226, 36, 72)====
Is IST_0 spanning? : True
Is IST_1 spanning? : True
Is IST_2 spanning? : True
Is IST_3 spanning? : True
Is IST_4 spanning? : True
Is IST_5 spanning? : True
Are all ISTs independent? : True

====TEST CR(227, 36, 72)====
Is IST_0 spanning? : True
Is IST_1 spanning? : True
Is IST_2 spanning? : True
Is IST_3 spanning? : True
Is IST_4 spanning? : True
Is IST_5 spanning? : True
Are all ISTs independent? : True

====TEST CR(228, 36, 72)====
Is IST_0 spanning? : True
Is IST_1 spanning? : True
Is IST_2 spanning? : True
Is IST_3 spanning? : True
Is IST_4 spanning? : True
Is IST_5 spanning? : True
Are all ISTs independent? : True

====TEST CR(229, 36, 72)====
Is IST_0 spanning? : True
Is IST_1 spanning? : True
Is IST_2 spanning? : True
Is IST_3 spanning? : True
Is IST_4 spanning? : True
Is IST_5 spanning? : True
Are all ISTs independent? : True

====TEST CR(230, 36, 72)====
Is IST_0 spanning? : True
Is IST_1 spanning? : True
Is IST_2 spanning? : True
Is IST_3 spanning? : True
Is IST_4 spanning? : True
Is IST_5 spanning? : True
Are all ISTs independent? : True

====TEST CR(231, 36, 72)====
Is IST_0 spanning? : True
Is IST_1 spanning? : True
Is IST_2 spanning? : True
Is IST_3 spanning? : True
Is IST_4 spanning? : True
Is IST_5 spanning? : True
Are all ISTs independent? : True

====TEST CR(232, 36, 72)====
Is IST_0 spanning? : True
Is IST_1 spanning? : True
Is IST_2 spanning? : True
Is IST_3 spanning? : True
Is IST_4 spanning? : True
Is IST_5 spanning? : True
Are all ISTs independent? : True

====TEST CR(233, 36, 72)====
Is IST_0 spanning? : True
Is IST_1 spanning? : True
Is IST_2 spanning? : True
Is IST_3 spanning? : True
Is IST_4 spanning? : True
Is IST_5 spanning? : True
Are all ISTs independent? : True

====TEST CR(234, 36, 72)====
Is IST_0 spanning? : True
Is IST_1 spanning? : True
Is IST_2 spanning? : True
Is IST_3 spanning? : True
Is IST_4 spanning? : True
Is IST_5 spanning? : True
Are all ISTs independent? : True

====TEST CR(235, 36, 72)====
Is IST_0 spanning? : True
Is IST_1 spanning? : True
Is IST_2 spanning? : True
Is IST_3 spanning? : True
Is IST_4 spanning? : True
Is IST_5 spanning? : True
Are all ISTs independent? : True

====TEST CR(236, 36, 72)====
Is IST_0 spanning? : True
Is IST_1 spanning? : True
Is IST_2 spanning? : True
Is IST_3 spanning? : True
Is IST_4 spanning? : True
Is IST_5 spanning? : True
Are all ISTs independent? : True

====TEST CR(237, 36, 72)====
Is IST_0 spanning? : True
Is IST_1 spanning? : True
Is IST_2 spanning? : True
Is IST_3 spanning? : True
Is IST_4 spanning? : True
Is IST_5 spanning? : True
Are all ISTs independent? : True

====TEST CR(238, 36, 72)====
Is IST_0 spanning? : True
Is IST_1 spanning? : True
Is IST_2 spanning? : True
Is IST_3 spanning? : True
Is IST_4 spanning? : True
Is IST_5 spanning? : True
Are all ISTs independent? : True

====TEST CR(239, 36, 72)====
Is IST_0 spanning? : True
Is IST_1 spanning? : True
Is IST_2 spanning? : True
Is IST_3 spanning? : True
Is IST_4 spanning? : True
Is IST_5 spanning? : True
Are all ISTs independent? : True

====TEST CR(240, 36, 72)====
Is IST_0 spanning? : True
Is IST_1 spanning? : True
Is IST_2 spanning? : True
Is IST_3 spanning? : True
Is IST_4 spanning? : True
Is IST_5 spanning? : True
Are all ISTs independent? : True

====TEST CR(241, 36, 72)====
Is IST_0 spanning? : True
Is IST_1 spanning? : True
Is IST_2 spanning? : True
Is IST_3 spanning? : True
Is IST_4 spanning? : True
Is IST_5 spanning? : True
Are all ISTs independent? : True

====TEST CR(242, 36, 72)====
Is IST_0 spanning? : True
Is IST_1 spanning? : True
Is IST_2 spanning? : True
Is IST_3 spanning? : True
Is IST_4 spanning? : True
Is IST_5 spanning? : True
Are all ISTs independent? : True

====TEST CR(243, 36, 72)====
Is IST_0 spanning? : True
Is IST_1 spanning? : True
Is IST_2 spanning? : True
Is IST_3 spanning? : True
Is IST_4 spanning? : True
Is IST_5 spanning? : True
Are all ISTs independent? : True

====TEST CR(244, 36, 72)====
Is IST_0 spanning? : True
Is IST_1 spanning? : True
Is IST_2 spanning? : True
Is IST_3 spanning? : True
Is IST_4 spanning? : True
Is IST_5 spanning? : True
Are all ISTs independent? : True

====TEST CR(245, 36, 72)====
Is IST_0 spanning? : True
Is IST_1 spanning? : True
Is IST_2 spanning? : True
Is IST_3 spanning? : True
Is IST_4 spanning? : True
Is IST_5 spanning? : True
Are all ISTs independent? : True

====TEST CR(246, 36, 72)====
Is IST_0 spanning? : True
Is IST_1 spanning? : True
Is IST_2 spanning? : True
Is IST_3 spanning? : True
Is IST_4 spanning? : True
Is IST_5 spanning? : True
Are all ISTs independent? : True

====TEST CR(247, 36, 72)====
Is IST_0 spanning? : True
Is IST_1 spanning? : True
Is IST_2 spanning? : True
Is IST_3 spanning? : True
Is IST_4 spanning? : True
Is IST_5 spanning? : True
Are all ISTs independent? : True

====TEST CR(248, 36, 72)====
Is IST_0 spanning? : True
Is IST_1 spanning? : True
Is IST_2 spanning? : True
Is IST_3 spanning? : True
Is IST_4 spanning? : True
Is IST_5 spanning? : True
Are all ISTs independent? : True

====TEST CR(249, 36, 72)====
Is IST_0 spanning? : True
Is IST_1 spanning? : True
Is IST_2 spanning? : True
Is IST_3 spanning? : True
Is IST_4 spanning? : True
Is IST_5 spanning? : True
Are all ISTs independent? : True

====TEST CR(250, 36, 72)====
Is IST_0 spanning? : True
Is IST_1 spanning? : True
Is IST_2 spanning? : True
Is IST_3 spanning? : True
Is IST_4 spanning? : True
Is IST_5 spanning? : True
Are all ISTs independent? : True

====TEST CR(251, 36, 72)====
Is IST_0 spanning? : True
Is IST_1 spanning? : True
Is IST_2 spanning? : True
Is IST_3 spanning? : True
Is IST_4 spanning? : True
Is IST_5 spanning? : True
Are all ISTs independent? : True

====TEST CR(252, 36, 72)====
Is IST_0 spanning? : True
Is IST_1 spanning? : True
Is IST_2 spanning? : True
Is IST_3 spanning? : True
Is IST_4 spanning? : True
Is IST_5 spanning? : True
Are all ISTs independent? : True

====TEST CR(253, 36, 72)====
Is IST_0 spanning? : True
Is IST_1 spanning? : True
Is IST_2 spanning? : True
Is IST_3 spanning? : True
Is IST_4 spanning? : True
Is IST_5 spanning? : True
Are all ISTs independent? : True

====TEST CR(254, 36, 72)====
Is IST_0 spanning? : True
Is IST_1 spanning? : True
Is IST_2 spanning? : True
Is IST_3 spanning? : True
Is IST_4 spanning? : True
Is IST_5 spanning? : True
Are all ISTs independent? : True

====TEST CR(255, 36, 72)====
Is IST_0 spanning? : True
Is IST_1 spanning? : True
Is IST_2 spanning? : True
Is IST_3 spanning? : True
Is IST_4 spanning? : True
Is IST_5 spanning? : True
Are all ISTs independent? : True

====TEST CR(256, 36, 72)====
Is IST_0 spanning? : True
Is IST_1 spanning? : True
Is IST_2 spanning? : True
Is IST_3 spanning? : True
Is IST_4 spanning? : True
Is IST_5 spanning? : True
Are all ISTs independent? : True

====TEST CR(257, 36, 72)====
Is IST_0 spanning? : True
Is IST_1 spanning? : True
Is IST_2 spanning? : True
Is IST_3 spanning? : True
Is IST_4 spanning? : True
Is IST_5 spanning? : True
Are all ISTs independent? : True

====TEST CR(258, 36, 72)====
Is IST_0 spanning? : True
Is IST_1 spanning? : True
Is IST_2 spanning? : True
Is IST_3 spanning? : True
Is IST_4 spanning? : True
Is IST_5 spanning? : True
Are all ISTs independent? : True

====TEST CR(259, 36, 72)====
Is IST_0 spanning? : True
Is IST_1 spanning? : True
Is IST_2 spanning? : True
Is IST_3 spanning? : True
Is IST_4 spanning? : True
Is IST_5 spanning? : True
Are all ISTs independent? : True

====TEST CR(260, 36, 72)====
Is IST_0 spanning? : True
Is IST_1 spanning? : True
Is IST_2 spanning? : True
Is IST_3 spanning? : True
Is IST_4 spanning? : True
Is IST_5 spanning? : True
Are all ISTs independent? : True

====TEST CR(261, 36, 72)====
Is IST_0 spanning? : True
Is IST_1 spanning? : True
Is IST_2 spanning? : True
Is IST_3 spanning? : True
Is IST_4 spanning? : True
Is IST_5 spanning? : True
Are all ISTs independent? : True

====TEST CR(262, 36, 72)====
Is IST_0 spanning? : True
Is IST_1 spanning? : True
Is IST_2 spanning? : True
Is IST_3 spanning? : True
Is IST_4 spanning? : True
Is IST_5 spanning? : True
Are all ISTs independent? : True

====TEST CR(263, 36, 72)====
Is IST_0 spanning? : True
Is IST_1 spanning? : True
Is IST_2 spanning? : True
Is IST_3 spanning? : True
Is IST_4 spanning? : True
Is IST_5 spanning? : True
Are all ISTs independent? : True

====TEST CR(264, 36, 72)====
Is IST_0 spanning? : True
Is IST_1 spanning? : True
Is IST_2 spanning? : True
Is IST_3 spanning? : True
Is IST_4 spanning? : True
Is IST_5 spanning? : True
Are all ISTs independent? : True

====TEST CR(265, 36, 72)====
Is IST_0 spanning? : True
Is IST_1 spanning? : True
Is IST_2 spanning? : True
Is IST_3 spanning? : True
Is IST_4 spanning? : True
Is IST_5 spanning? : True
Are all ISTs independent? : True

====TEST CR(266, 36, 72)====
Is IST_0 spanning? : True
Is IST_1 spanning? : True
Is IST_2 spanning? : True
Is IST_3 spanning? : True
Is IST_4 spanning? : True
Is IST_5 spanning? : True
Are all ISTs independent? : True

====TEST CR(267, 36, 72)====
Is IST_0 spanning? : True
Is IST_1 spanning? : True
Is IST_2 spanning? : True
Is IST_3 spanning? : True
Is IST_4 spanning? : True
Is IST_5 spanning? : True
Are all ISTs independent? : True

====TEST CR(268, 36, 72)====
Is IST_0 spanning? : True
Is IST_1 spanning? : True
Is IST_2 spanning? : True
Is IST_3 spanning? : True
Is IST_4 spanning? : True
Is IST_5 spanning? : True
Are all ISTs independent? : True

====TEST CR(269, 36, 72)====
Is IST_0 spanning? : True
Is IST_1 spanning? : True
Is IST_2 spanning? : True
Is IST_3 spanning? : True
Is IST_4 spanning? : True
Is IST_5 spanning? : True
Are all ISTs independent? : True

====TEST CR(270, 36, 72)====
Is IST_0 spanning? : True
Is IST_1 spanning? : True
Is IST_2 spanning? : True
Is IST_3 spanning? : True
Is IST_4 spanning? : True
Is IST_5 spanning? : True
Are all ISTs independent? : True

====TEST CR(271, 36, 72)====
Is IST_0 spanning? : True
Is IST_1 spanning? : True
Is IST_2 spanning? : True
Is IST_3 spanning? : True
Is IST_4 spanning? : True
Is IST_5 spanning? : True
Are all ISTs independent? : True

====TEST CR(272, 36, 72)====
Is IST_0 spanning? : True
Is IST_1 spanning? : True
Is IST_2 spanning? : True
Is IST_3 spanning? : True
Is IST_4 spanning? : True
Is IST_5 spanning? : True
Are all ISTs independent? : True

====TEST CR(273, 36, 72)====
Is IST_0 spanning? : True
Is IST_1 spanning? : True
Is IST_2 spanning? : True
Is IST_3 spanning? : True
Is IST_4 spanning? : True
Is IST_5 spanning? : True
Are all ISTs independent? : True

====TEST CR(274, 36, 72)====
Is IST_0 spanning? : True
Is IST_1 spanning? : True
Is IST_2 spanning? : True
Is IST_3 spanning? : True
Is IST_4 spanning? : True
Is IST_5 spanning? : True
Are all ISTs independent? : True

====TEST CR(275, 36, 72)====
Is IST_0 spanning? : True
Is IST_1 spanning? : True
Is IST_2 spanning? : True
Is IST_3 spanning? : True
Is IST_4 spanning? : True
Is IST_5 spanning? : True
Are all ISTs independent? : True

====TEST CR(276, 36, 72)====
Is IST_0 spanning? : True
Is IST_1 spanning? : True
Is IST_2 spanning? : True
Is IST_3 spanning? : True
Is IST_4 spanning? : True
Is IST_5 spanning? : True
Are all ISTs independent? : True

====TEST CR(277, 36, 72)====
Is IST_0 spanning? : True
Is IST_1 spanning? : True
Is IST_2 spanning? : True
Is IST_3 spanning? : True
Is IST_4 spanning? : True
Is IST_5 spanning? : True
Are all ISTs independent? : True

====TEST CR(278, 36, 72)====
Is IST_0 spanning? : True
Is IST_1 spanning? : True
Is IST_2 spanning? : True
Is IST_3 spanning? : True
Is IST_4 spanning? : True
Is IST_5 spanning? : True
Are all ISTs independent? : True

====TEST CR(279, 36, 72)====
Is IST_0 spanning? : True
Is IST_1 spanning? : True
Is IST_2 spanning? : True
Is IST_3 spanning? : True
Is IST_4 spanning? : True
Is IST_5 spanning? : True
Are all ISTs independent? : True

====TEST CR(280, 36, 72)====
Is IST_0 spanning? : True
Is IST_1 spanning? : True
Is IST_2 spanning? : True
Is IST_3 spanning? : True
Is IST_4 spanning? : True
Is IST_5 spanning? : True
Are all ISTs independent? : True

====TEST CR(281, 36, 72)====
Is IST_0 spanning? : True
Is IST_1 spanning? : True
Is IST_2 spanning? : True
Is IST_3 spanning? : True
Is IST_4 spanning? : True
Is IST_5 spanning? : True
Are all ISTs independent? : True

====TEST CR(282, 36, 72)====
Is IST_0 spanning? : True
Is IST_1 spanning? : True
Is IST_2 spanning? : True
Is IST_3 spanning? : True
Is IST_4 spanning? : True
Is IST_5 spanning? : True
Are all ISTs independent? : True

====TEST CR(283, 36, 72)====
Is IST_0 spanning? : True
Is IST_1 spanning? : True
Is IST_2 spanning? : True
Is IST_3 spanning? : True
Is IST_4 spanning? : True
Is IST_5 spanning? : True
Are all ISTs independent? : True

====TEST CR(284, 36, 72)====
Is IST_0 spanning? : True
Is IST_1 spanning? : True
Is IST_2 spanning? : True
Is IST_3 spanning? : True
Is IST_4 spanning? : True
Is IST_5 spanning? : True
Are all ISTs independent? : True

====TEST CR(285, 36, 72)====
Is IST_0 spanning? : True
Is IST_1 spanning? : True
Is IST_2 spanning? : True
Is IST_3 spanning? : True
Is IST_4 spanning? : True
Is IST_5 spanning? : True
Are all ISTs independent? : True

====TEST CR(286, 36, 72)====
Is IST_0 spanning? : True
Is IST_1 spanning? : True
Is IST_2 spanning? : True
Is IST_3 spanning? : True
Is IST_4 spanning? : True
Is IST_5 spanning? : True
Are all ISTs independent? : True

====TEST CR(287, 36, 72)====
Is IST_0 spanning? : True
Is IST_1 spanning? : True
Is IST_2 spanning? : True
Is IST_3 spanning? : True
Is IST_4 spanning? : True
Is IST_5 spanning? : True
Are all ISTs independent? : True

====TEST CR(288, 36, 72)====
Is IST_0 spanning? : True
Is IST_1 spanning? : True
Is IST_2 spanning? : True
Is IST_3 spanning? : True
Is IST_4 spanning? : True
Is IST_5 spanning? : True
Are all ISTs independent? : True

====TEST CR(289, 36, 72)====
Is IST_0 spanning? : True
Is IST_1 spanning? : True
Is IST_2 spanning? : True
Is IST_3 spanning? : True
Is IST_4 spanning? : True
Is IST_5 spanning? : True
Are all ISTs independent? : True

====TEST CR(290, 36, 72)====
Is IST_0 spanning? : True
Is IST_1 spanning? : True
Is IST_2 spanning? : True
Is IST_3 spanning? : True
Is IST_4 spanning? : True
Is IST_5 spanning? : True
Are all ISTs independent? : True

====TEST CR(291, 36, 72)====
Is IST_0 spanning? : True
Is IST_1 spanning? : True
Is IST_2 spanning? : True
Is IST_3 spanning? : True
Is IST_4 spanning? : True
Is IST_5 spanning? : True
Are all ISTs independent? : True

====TEST CR(292, 36, 72)====
Is IST_0 spanning? : True
Is IST_1 spanning? : True
Is IST_2 spanning? : True
Is IST_3 spanning? : True
Is IST_4 spanning? : True
Is IST_5 spanning? : True
Are all ISTs independent? : True

====TEST CR(293, 36, 72)====
Is IST_0 spanning? : True
Is IST_1 spanning? : True
Is IST_2 spanning? : True
Is IST_3 spanning? : True
Is IST_4 spanning? : True
Is IST_5 spanning? : True
Are all ISTs independent? : True

====TEST CR(294, 36, 72)====
Is IST_0 spanning? : True
Is IST_1 spanning? : True
Is IST_2 spanning? : True
Is IST_3 spanning? : True
Is IST_4 spanning? : True
Is IST_5 spanning? : True
Are all ISTs independent? : True

====TEST CR(295, 36, 72)====
Is IST_0 spanning? : True
Is IST_1 spanning? : True
Is IST_2 spanning? : True
Is IST_3 spanning? : True
Is IST_4 spanning? : True
Is IST_5 spanning? : True
Are all ISTs independent? : True

====TEST CR(296, 36, 72)====
Is IST_0 spanning? : True
Is IST_1 spanning? : True
Is IST_2 spanning? : True
Is IST_3 spanning? : True
Is IST_4 spanning? : True
Is IST_5 spanning? : True
Are all ISTs independent? : True

====TEST CR(297, 36, 72)====
Is IST_0 spanning? : True
Is IST_1 spanning? : True
Is IST_2 spanning? : True
Is IST_3 spanning? : True
Is IST_4 spanning? : True
Is IST_5 spanning? : True
Are all ISTs independent? : True

====TEST CR(298, 36, 72)====
Is IST_0 spanning? : True
Is IST_1 spanning? : True
Is IST_2 spanning? : True
Is IST_3 spanning? : True
Is IST_4 spanning? : True
Is IST_5 spanning? : True
Are all ISTs independent? : True

====TEST CR(299, 36, 72)====
Is IST_0 spanning? : True
Is IST_1 spanning? : True
Is IST_2 spanning? : True
Is IST_3 spanning? : True
Is IST_4 spanning? : True
Is IST_5 spanning? : True
Are all ISTs independent? : True

====TEST CR(300, 36, 72)====
Is IST_0 spanning? : True
Is IST_1 spanning? : True
Is IST_2 spanning? : True
Is IST_3 spanning? : True
Is IST_4 spanning? : True
Is IST_5 spanning? : True
Are all ISTs independent? : True

====TEST CR(301, 36, 72)====
Is IST_0 spanning? : True
Is IST_1 spanning? : True
Is IST_2 spanning? : True
Is IST_3 spanning? : True
Is IST_4 spanning? : True
Is IST_5 spanning? : True
Are all ISTs independent? : True

====TEST CR(302, 36, 72)====
Is IST_0 spanning? : True
Is IST_1 spanning? : True
Is IST_2 spanning? : True
Is IST_3 spanning? : True
Is IST_4 spanning? : True
Is IST_5 spanning? : True
Are all ISTs independent? : True

====TEST CR(303, 36, 72)====
Is IST_0 spanning? : True
Is IST_1 spanning? : True
Is IST_2 spanning? : True
Is IST_3 spanning? : True
Is IST_4 spanning? : True
Is IST_5 spanning? : True
Are all ISTs independent? : True

====TEST CR(304, 36, 72)====
Is IST_0 spanning? : True
Is IST_1 spanning? : True
Is IST_2 spanning? : True
Is IST_3 spanning? : True
Is IST_4 spanning? : True
Is IST_5 spanning? : True
Are all ISTs independent? : True

====TEST CR(305, 36, 72)====
Is IST_0 spanning? : True
Is IST_1 spanning? : True
Is IST_2 spanning? : True
Is IST_3 spanning? : True
Is IST_4 spanning? : True
Is IST_5 spanning? : True
Are all ISTs independent? : True

====TEST CR(306, 36, 72)====
Is IST_0 spanning? : True
Is IST_1 spanning? : True
Is IST_2 spanning? : True
Is IST_3 spanning? : True
Is IST_4 spanning? : True
Is IST_5 spanning? : True
Are all ISTs independent? : True

====TEST CR(307, 36, 72)====
Is IST_0 spanning? : True
Is IST_1 spanning? : True
Is IST_2 spanning? : True
Is IST_3 spanning? : True
Is IST_4 spanning? : True
Is IST_5 spanning? : True
Are all ISTs independent? : True

====TEST CR(308, 36, 72)====
Is IST_0 spanning? : True
Is IST_1 spanning? : True
Is IST_2 spanning? : True
Is IST_3 spanning? : True
Is IST_4 spanning? : True
Is IST_5 spanning? : True
Are all ISTs independent? : True

====TEST CR(309, 36, 72)====
Is IST_0 spanning? : True
Is IST_1 spanning? : True
Is IST_2 spanning? : True
Is IST_3 spanning? : True
Is IST_4 spanning? : True
Is IST_5 spanning? : True
Are all ISTs independent? : True

====TEST CR(310, 36, 72)====
Is IST_0 spanning? : True
Is IST_1 spanning? : True
Is IST_2 spanning? : True
Is IST_3 spanning? : True
Is IST_4 spanning? : True
Is IST_5 spanning? : True
Are all ISTs independent? : True

====TEST CR(311, 36, 72)====
Is IST_0 spanning? : True
Is IST_1 spanning? : True
Is IST_2 spanning? : True
Is IST_3 spanning? : True
Is IST_4 spanning? : True
Is IST_5 spanning? : True
Are all ISTs independent? : True

====TEST CR(312, 36, 72)====
Is IST_0 spanning? : True
Is IST_1 spanning? : True
Is IST_2 spanning? : True
Is IST_3 spanning? : True
Is IST_4 spanning? : True
Is IST_5 spanning? : True
Are all ISTs independent? : True

====TEST CR(313, 36, 72)====
Is IST_0 spanning? : True
Is IST_1 spanning? : True
Is IST_2 spanning? : True
Is IST_3 spanning? : True
Is IST_4 spanning? : True
Is IST_5 spanning? : True
Are all ISTs independent? : True

====TEST CR(314, 36, 72)====
Is IST_0 spanning? : True
Is IST_1 spanning? : True
Is IST_2 spanning? : True
Is IST_3 spanning? : True
Is IST_4 spanning? : True
Is IST_5 spanning? : True
Are all ISTs independent? : True

====TEST CR(315, 36, 72)====
Is IST_0 spanning? : True
Is IST_1 spanning? : True
Is IST_2 spanning? : True
Is IST_3 spanning? : True
Is IST_4 spanning? : True
Is IST_5 spanning? : True
Are all ISTs independent? : True

====TEST CR(316, 36, 72)====
Is IST_0 spanning? : True
Is IST_1 spanning? : True
Is IST_2 spanning? : True
Is IST_3 spanning? : True
Is IST_4 spanning? : True
Is IST_5 spanning? : True
Are all ISTs independent? : True

====TEST CR(317, 36, 72)====
Is IST_0 spanning? : True
Is IST_1 spanning? : True
Is IST_2 spanning? : True
Is IST_3 spanning? : True
Is IST_4 spanning? : True
Is IST_5 spanning? : True
Are all ISTs independent? : True

====TEST CR(318, 36, 72)====
Is IST_0 spanning? : True
Is IST_1 spanning? : True
Is IST_2 spanning? : True
Is IST_3 spanning? : True
Is IST_4 spanning? : True
Is IST_5 spanning? : True
Are all ISTs independent? : True

====TEST CR(319, 36, 72)====
Is IST_0 spanning? : True
Is IST_1 spanning? : True
Is IST_2 spanning? : True
Is IST_3 spanning? : True
Is IST_4 spanning? : True
Is IST_5 spanning? : True
Are all ISTs independent? : True

====TEST CR(320, 36, 72)====
Is IST_0 spanning? : True
Is IST_1 spanning? : True
Is IST_2 spanning? : True
Is IST_3 spanning? : True
Is IST_4 spanning? : True
Is IST_5 spanning? : True
Are all ISTs independent? : True

====TEST CR(321, 36, 72)====
Is IST_0 spanning? : True
Is IST_1 spanning? : True
Is IST_2 spanning? : True
Is IST_3 spanning? : True
Is IST_4 spanning? : True
Is IST_5 spanning? : True
Are all ISTs independent? : True

====TEST CR(322, 36, 72)====
Is IST_0 spanning? : True
Is IST_1 spanning? : True
Is IST_2 spanning? : True
Is IST_3 spanning? : True
Is IST_4 spanning? : True
Is IST_5 spanning? : True
Are all ISTs independent? : True

====TEST CR(323, 36, 72)====
Is IST_0 spanning? : True
Is IST_1 spanning? : True
Is IST_2 spanning? : True
Is IST_3 spanning? : True
Is IST_4 spanning? : True
Is IST_5 spanning? : True
Are all ISTs independent? : True

====TEST CR(324, 36, 72)====
Is IST_0 spanning? : True
Is IST_1 spanning? : True
Is IST_2 spanning? : True
Is IST_3 spanning? : True
Is IST_4 spanning? : True
Is IST_5 spanning? : True
Are all ISTs independent? : True

====TEST CR(325, 36, 72)====
Is IST_0 spanning? : True
Is IST_1 spanning? : True
Is IST_2 spanning? : True
Is IST_3 spanning? : True
Is IST_4 spanning? : True
Is IST_5 spanning? : True
Are all ISTs independent? : True

====TEST CR(326, 36, 72)====
Is IST_0 spanning? : True
Is IST_1 spanning? : True
Is IST_2 spanning? : True
Is IST_3 spanning? : True
Is IST_4 spanning? : True
Is IST_5 spanning? : True
Are all ISTs independent? : True

====TEST CR(327, 36, 72)====
Is IST_0 spanning? : True
Is IST_1 spanning? : True
Is IST_2 spanning? : True
Is IST_3 spanning? : True
Is IST_4 spanning? : True
Is IST_5 spanning? : True
Are all ISTs independent? : True

====TEST CR(328, 36, 72)====
Is IST_0 spanning? : True
Is IST_1 spanning? : True
Is IST_2 spanning? : True
Is IST_3 spanning? : True
Is IST_4 spanning? : True
Is IST_5 spanning? : True
Are all ISTs independent? : True

====TEST CR(329, 36, 72)====
Is IST_0 spanning? : True
Is IST_1 spanning? : True
Is IST_2 spanning? : True
Is IST_3 spanning? : True
Is IST_4 spanning? : True
Is IST_5 spanning? : True
Are all ISTs independent? : True

====TEST CR(330, 36, 72)====
Is IST_0 spanning? : True
Is IST_1 spanning? : True
Is IST_2 spanning? : True
Is IST_3 spanning? : True
Is IST_4 spanning? : True
Is IST_5 spanning? : True
Are all ISTs independent? : True

====TEST CR(331, 36, 72)====
Is IST_0 spanning? : True
Is IST_1 spanning? : True
Is IST_2 spanning? : True
Is IST_3 spanning? : True
Is IST_4 spanning? : True
Is IST_5 spanning? : True
Are all ISTs independent? : True

====TEST CR(332, 36, 72)====
Is IST_0 spanning? : True
Is IST_1 spanning? : True
Is IST_2 spanning? : True
Is IST_3 spanning? : True
Is IST_4 spanning? : True
Is IST_5 spanning? : True
Are all ISTs independent? : True

====TEST CR(333, 36, 72)====
Is IST_0 spanning? : True
Is IST_1 spanning? : True
Is IST_2 spanning? : True
Is IST_3 spanning? : True
Is IST_4 spanning? : True
Is IST_5 spanning? : True
Are all ISTs independent? : True

====TEST CR(334, 36, 72)====
Is IST_0 spanning? : True
Is IST_1 spanning? : True
Is IST_2 spanning? : True
Is IST_3 spanning? : True
Is IST_4 spanning? : True
Is IST_5 spanning? : True
Are all ISTs independent? : True

====TEST CR(335, 36, 72)====
Is IST_0 spanning? : True
Is IST_1 spanning? : True
Is IST_2 spanning? : True
Is IST_3 spanning? : True
Is IST_4 spanning? : True
Is IST_5 spanning? : True
Are all ISTs independent? : True

====TEST CR(336, 36, 72)====
Is IST_0 spanning? : True
Is IST_1 spanning? : True
Is IST_2 spanning? : True
Is IST_3 spanning? : True
Is IST_4 spanning? : True
Is IST_5 spanning? : True
Are all ISTs independent? : True

====TEST CR(337, 36, 72)====
Is IST_0 spanning? : True
Is IST_1 spanning? : True
Is IST_2 spanning? : True
Is IST_3 spanning? : True
Is IST_4 spanning? : True
Is IST_5 spanning? : True
Are all ISTs independent? : True

====TEST CR(338, 36, 72)====
Is IST_0 spanning? : True
Is IST_1 spanning? : True
Is IST_2 spanning? : True
Is IST_3 spanning? : True
Is IST_4 spanning? : True
Is IST_5 spanning? : True
Are all ISTs independent? : True

====TEST CR(339, 36, 72)====
Is IST_0 spanning? : True
Is IST_1 spanning? : True
Is IST_2 spanning? : True
Is IST_3 spanning? : True
Is IST_4 spanning? : True
Is IST_5 spanning? : True
Are all ISTs independent? : True

====TEST CR(340, 36, 72)====
Is IST_0 spanning? : True
Is IST_1 spanning? : True
Is IST_2 spanning? : True
Is IST_3 spanning? : True
Is IST_4 spanning? : True
Is IST_5 spanning? : True
Are all ISTs independent? : True

====TEST CR(341, 36, 72)====
Is IST_0 spanning? : True
Is IST_1 spanning? : True
Is IST_2 spanning? : True
Is IST_3 spanning? : True
Is IST_4 spanning? : True
Is IST_5 spanning? : True
Are all ISTs independent? : True

====TEST CR(342, 36, 72)====
Is IST_0 spanning? : True
Is IST_1 spanning? : True
Is IST_2 spanning? : True
Is IST_3 spanning? : True
Is IST_4 spanning? : True
Is IST_5 spanning? : True
Are all ISTs independent? : True

====TEST CR(343, 36, 72)====
Is IST_0 spanning? : True
Is IST_1 spanning? : True
Is IST_2 spanning? : True
Is IST_3 spanning? : True
Is IST_4 spanning? : True
Is IST_5 spanning? : True
Are all ISTs independent? : True

====TEST CR(344, 36, 72)====
Is IST_0 spanning? : True
Is IST_1 spanning? : True
Is IST_2 spanning? : True
Is IST_3 spanning? : True
Is IST_4 spanning? : True
Is IST_5 spanning? : True
Are all ISTs independent? : True

====TEST CR(222, 37, 74)====
Is IST_0 spanning? : True
Is IST_1 spanning? : True
Is IST_2 spanning? : True
Is IST_3 spanning? : True
Is IST_4 spanning? : True
Is IST_5 spanning? : True
Are all ISTs independent? : True

====TEST CR(223, 37, 74)====
Is IST_0 spanning? : True
Is IST_1 spanning? : True
Is IST_2 spanning? : True
Is IST_3 spanning? : True
Is IST_4 spanning? : True
Is IST_5 spanning? : True
Are all ISTs independent? : True

====TEST CR(224, 37, 74)====
Is IST_0 spanning? : True
Is IST_1 spanning? : True
Is IST_2 spanning? : True
Is IST_3 spanning? : True
Is IST_4 spanning? : True
Is IST_5 spanning? : True
Are all ISTs independent? : True

====TEST CR(225, 37, 74)====
Is IST_0 spanning? : True
Is IST_1 spanning? : True
Is IST_2 spanning? : True
Is IST_3 spanning? : True
Is IST_4 spanning? : True
Is IST_5 spanning? : True
Are all ISTs independent? : True

====TEST CR(226, 37, 74)====
Is IST_0 spanning? : True
Is IST_1 spanning? : True
Is IST_2 spanning? : True
Is IST_3 spanning? : True
Is IST_4 spanning? : True
Is IST_5 spanning? : True
Are all ISTs independent? : True

====TEST CR(227, 37, 74)====
Is IST_0 spanning? : True
Is IST_1 spanning? : True
Is IST_2 spanning? : True
Is IST_3 spanning? : True
Is IST_4 spanning? : True
Is IST_5 spanning? : True
Are all ISTs independent? : True

====TEST CR(228, 37, 74)====
Is IST_0 spanning? : True
Is IST_1 spanning? : True
Is IST_2 spanning? : True
Is IST_3 spanning? : True
Is IST_4 spanning? : True
Is IST_5 spanning? : True
Are all ISTs independent? : True

====TEST CR(229, 37, 74)====
Is IST_0 spanning? : True
Is IST_1 spanning? : True
Is IST_2 spanning? : True
Is IST_3 spanning? : True
Is IST_4 spanning? : True
Is IST_5 spanning? : True
Are all ISTs independent? : True

====TEST CR(230, 37, 74)====
Is IST_0 spanning? : True
Is IST_1 spanning? : True
Is IST_2 spanning? : True
Is IST_3 spanning? : True
Is IST_4 spanning? : True
Is IST_5 spanning? : True
Are all ISTs independent? : True

====TEST CR(231, 37, 74)====
Is IST_0 spanning? : True
Is IST_1 spanning? : True
Is IST_2 spanning? : True
Is IST_3 spanning? : True
Is IST_4 spanning? : True
Is IST_5 spanning? : True
Are all ISTs independent? : True

====TEST CR(232, 37, 74)====
Is IST_0 spanning? : True
Is IST_1 spanning? : True
Is IST_2 spanning? : True
Is IST_3 spanning? : True
Is IST_4 spanning? : True
Is IST_5 spanning? : True
Are all ISTs independent? : True

====TEST CR(233, 37, 74)====
Is IST_0 spanning? : True
Is IST_1 spanning? : True
Is IST_2 spanning? : True
Is IST_3 spanning? : True
Is IST_4 spanning? : True
Is IST_5 spanning? : True
Are all ISTs independent? : True

====TEST CR(234, 37, 74)====
Is IST_0 spanning? : True
Is IST_1 spanning? : True
Is IST_2 spanning? : True
Is IST_3 spanning? : True
Is IST_4 spanning? : True
Is IST_5 spanning? : True
Are all ISTs independent? : True

====TEST CR(235, 37, 74)====
Is IST_0 spanning? : True
Is IST_1 spanning? : True
Is IST_2 spanning? : True
Is IST_3 spanning? : True
Is IST_4 spanning? : True
Is IST_5 spanning? : True
Are all ISTs independent? : True

====TEST CR(236, 37, 74)====
Is IST_0 spanning? : True
Is IST_1 spanning? : True
Is IST_2 spanning? : True
Is IST_3 spanning? : True
Is IST_4 spanning? : True
Is IST_5 spanning? : True
Are all ISTs independent? : True

====TEST CR(237, 37, 74)====
Is IST_0 spanning? : True
Is IST_1 spanning? : True
Is IST_2 spanning? : True
Is IST_3 spanning? : True
Is IST_4 spanning? : True
Is IST_5 spanning? : True
Are all ISTs independent? : True

====TEST CR(238, 37, 74)====
Is IST_0 spanning? : True
Is IST_1 spanning? : True
Is IST_2 spanning? : True
Is IST_3 spanning? : True
Is IST_4 spanning? : True
Is IST_5 spanning? : True
Are all ISTs independent? : True

====TEST CR(239, 37, 74)====
Is IST_0 spanning? : True
Is IST_1 spanning? : True
Is IST_2 spanning? : True
Is IST_3 spanning? : True
Is IST_4 spanning? : True
Is IST_5 spanning? : True
Are all ISTs independent? : True

====TEST CR(240, 37, 74)====
Is IST_0 spanning? : True
Is IST_1 spanning? : True
Is IST_2 spanning? : True
Is IST_3 spanning? : True
Is IST_4 spanning? : True
Is IST_5 spanning? : True
Are all ISTs independent? : True

====TEST CR(241, 37, 74)====
Is IST_0 spanning? : True
Is IST_1 spanning? : True
Is IST_2 spanning? : True
Is IST_3 spanning? : True
Is IST_4 spanning? : True
Is IST_5 spanning? : True
Are all ISTs independent? : True

====TEST CR(242, 37, 74)====
Is IST_0 spanning? : True
Is IST_1 spanning? : True
Is IST_2 spanning? : True
Is IST_3 spanning? : True
Is IST_4 spanning? : True
Is IST_5 spanning? : True
Are all ISTs independent? : True

====TEST CR(243, 37, 74)====
Is IST_0 spanning? : True
Is IST_1 spanning? : True
Is IST_2 spanning? : True
Is IST_3 spanning? : True
Is IST_4 spanning? : True
Is IST_5 spanning? : True
Are all ISTs independent? : True

====TEST CR(244, 37, 74)====
Is IST_0 spanning? : True
Is IST_1 spanning? : True
Is IST_2 spanning? : True
Is IST_3 spanning? : True
Is IST_4 spanning? : True
Is IST_5 spanning? : True
Are all ISTs independent? : True

====TEST CR(245, 37, 74)====
Is IST_0 spanning? : True
Is IST_1 spanning? : True
Is IST_2 spanning? : True
Is IST_3 spanning? : True
Is IST_4 spanning? : True
Is IST_5 spanning? : True
Are all ISTs independent? : True

====TEST CR(246, 37, 74)====
Is IST_0 spanning? : True
Is IST_1 spanning? : True
Is IST_2 spanning? : True
Is IST_3 spanning? : True
Is IST_4 spanning? : True
Is IST_5 spanning? : True
Are all ISTs independent? : True

====TEST CR(247, 37, 74)====
Is IST_0 spanning? : True
Is IST_1 spanning? : True
Is IST_2 spanning? : True
Is IST_3 spanning? : True
Is IST_4 spanning? : True
Is IST_5 spanning? : True
Are all ISTs independent? : True

====TEST CR(248, 37, 74)====
Is IST_0 spanning? : True
Is IST_1 spanning? : True
Is IST_2 spanning? : True
Is IST_3 spanning? : True
Is IST_4 spanning? : True
Is IST_5 spanning? : True
Are all ISTs independent? : True

====TEST CR(249, 37, 74)====
Is IST_0 spanning? : True
Is IST_1 spanning? : True
Is IST_2 spanning? : True
Is IST_3 spanning? : True
Is IST_4 spanning? : True
Is IST_5 spanning? : True
Are all ISTs independent? : True

====TEST CR(250, 37, 74)====
Is IST_0 spanning? : True
Is IST_1 spanning? : True
Is IST_2 spanning? : True
Is IST_3 spanning? : True
Is IST_4 spanning? : True
Is IST_5 spanning? : True
Are all ISTs independent? : True

====TEST CR(251, 37, 74)====
Is IST_0 spanning? : True
Is IST_1 spanning? : True
Is IST_2 spanning? : True
Is IST_3 spanning? : True
Is IST_4 spanning? : True
Is IST_5 spanning? : True
Are all ISTs independent? : True

====TEST CR(252, 37, 74)====
Is IST_0 spanning? : True
Is IST_1 spanning? : True
Is IST_2 spanning? : True
Is IST_3 spanning? : True
Is IST_4 spanning? : True
Is IST_5 spanning? : True
Are all ISTs independent? : True

====TEST CR(253, 37, 74)====
Is IST_0 spanning? : True
Is IST_1 spanning? : True
Is IST_2 spanning? : True
Is IST_3 spanning? : True
Is IST_4 spanning? : True
Is IST_5 spanning? : True
Are all ISTs independent? : True

====TEST CR(254, 37, 74)====
Is IST_0 spanning? : True
Is IST_1 spanning? : True
Is IST_2 spanning? : True
Is IST_3 spanning? : True
Is IST_4 spanning? : True
Is IST_5 spanning? : True
Are all ISTs independent? : True

====TEST CR(255, 37, 74)====
Is IST_0 spanning? : True
Is IST_1 spanning? : True
Is IST_2 spanning? : True
Is IST_3 spanning? : True
Is IST_4 spanning? : True
Is IST_5 spanning? : True
Are all ISTs independent? : True

====TEST CR(256, 37, 74)====
Is IST_0 spanning? : True
Is IST_1 spanning? : True
Is IST_2 spanning? : True
Is IST_3 spanning? : True
Is IST_4 spanning? : True
Is IST_5 spanning? : True
Are all ISTs independent? : True

====TEST CR(257, 37, 74)====
Is IST_0 spanning? : True
Is IST_1 spanning? : True
Is IST_2 spanning? : True
Is IST_3 spanning? : True
Is IST_4 spanning? : True
Is IST_5 spanning? : True
Are all ISTs independent? : True

====TEST CR(258, 37, 74)====
Is IST_0 spanning? : True
Is IST_1 spanning? : True
Is IST_2 spanning? : True
Is IST_3 spanning? : True
Is IST_4 spanning? : True
Is IST_5 spanning? : True
Are all ISTs independent? : True

====TEST CR(259, 37, 74)====
Is IST_0 spanning? : True
Is IST_1 spanning? : True
Is IST_2 spanning? : True
Is IST_3 spanning? : True
Is IST_4 spanning? : True
Is IST_5 spanning? : True
Are all ISTs independent? : True

====TEST CR(260, 37, 74)====
Is IST_0 spanning? : True
Is IST_1 spanning? : True
Is IST_2 spanning? : True
Is IST_3 spanning? : True
Is IST_4 spanning? : True
Is IST_5 spanning? : True
Are all ISTs independent? : True

====TEST CR(261, 37, 74)====
Is IST_0 spanning? : True
Is IST_1 spanning? : True
Is IST_2 spanning? : True
Is IST_3 spanning? : True
Is IST_4 spanning? : True
Is IST_5 spanning? : True
Are all ISTs independent? : True

====TEST CR(262, 37, 74)====
Is IST_0 spanning? : True
Is IST_1 spanning? : True
Is IST_2 spanning? : True
Is IST_3 spanning? : True
Is IST_4 spanning? : True
Is IST_5 spanning? : True
Are all ISTs independent? : True

====TEST CR(263, 37, 74)====
Is IST_0 spanning? : True
Is IST_1 spanning? : True
Is IST_2 spanning? : True
Is IST_3 spanning? : True
Is IST_4 spanning? : True
Is IST_5 spanning? : True
Are all ISTs independent? : True

====TEST CR(264, 37, 74)====
Is IST_0 spanning? : True
Is IST_1 spanning? : True
Is IST_2 spanning? : True
Is IST_3 spanning? : True
Is IST_4 spanning? : True
Is IST_5 spanning? : True
Are all ISTs independent? : True

====TEST CR(265, 37, 74)====
Is IST_0 spanning? : True
Is IST_1 spanning? : True
Is IST_2 spanning? : True
Is IST_3 spanning? : True
Is IST_4 spanning? : True
Is IST_5 spanning? : True
Are all ISTs independent? : True

====TEST CR(266, 37, 74)====
Is IST_0 spanning? : True
Is IST_1 spanning? : True
Is IST_2 spanning? : True
Is IST_3 spanning? : True
Is IST_4 spanning? : True
Is IST_5 spanning? : True
Are all ISTs independent? : True

====TEST CR(267, 37, 74)====
Is IST_0 spanning? : True
Is IST_1 spanning? : True
Is IST_2 spanning? : True
Is IST_3 spanning? : True
Is IST_4 spanning? : True
Is IST_5 spanning? : True
Are all ISTs independent? : True

====TEST CR(268, 37, 74)====
Is IST_0 spanning? : True
Is IST_1 spanning? : True
Is IST_2 spanning? : True
Is IST_3 spanning? : True
Is IST_4 spanning? : True
Is IST_5 spanning? : True
Are all ISTs independent? : True

====TEST CR(269, 37, 74)====
Is IST_0 spanning? : True
Is IST_1 spanning? : True
Is IST_2 spanning? : True
Is IST_3 spanning? : True
Is IST_4 spanning? : True
Is IST_5 spanning? : True
Are all ISTs independent? : True

====TEST CR(270, 37, 74)====
Is IST_0 spanning? : True
Is IST_1 spanning? : True
Is IST_2 spanning? : True
Is IST_3 spanning? : True
Is IST_4 spanning? : True
Is IST_5 spanning? : True
Are all ISTs independent? : True

====TEST CR(271, 37, 74)====
Is IST_0 spanning? : True
Is IST_1 spanning? : True
Is IST_2 spanning? : True
Is IST_3 spanning? : True
Is IST_4 spanning? : True
Is IST_5 spanning? : True
Are all ISTs independent? : True

====TEST CR(272, 37, 74)====
Is IST_0 spanning? : True
Is IST_1 spanning? : True
Is IST_2 spanning? : True
Is IST_3 spanning? : True
Is IST_4 spanning? : True
Is IST_5 spanning? : True
Are all ISTs independent? : True

====TEST CR(273, 37, 74)====
Is IST_0 spanning? : True
Is IST_1 spanning? : True
Is IST_2 spanning? : True
Is IST_3 spanning? : True
Is IST_4 spanning? : True
Is IST_5 spanning? : True
Are all ISTs independent? : True

====TEST CR(274, 37, 74)====
Is IST_0 spanning? : True
Is IST_1 spanning? : True
Is IST_2 spanning? : True
Is IST_3 spanning? : True
Is IST_4 spanning? : True
Is IST_5 spanning? : True
Are all ISTs independent? : True

====TEST CR(275, 37, 74)====
Is IST_0 spanning? : True
Is IST_1 spanning? : True
Is IST_2 spanning? : True
Is IST_3 spanning? : True
Is IST_4 spanning? : True
Is IST_5 spanning? : True
Are all ISTs independent? : True

====TEST CR(276, 37, 74)====
Is IST_0 spanning? : True
Is IST_1 spanning? : True
Is IST_2 spanning? : True
Is IST_3 spanning? : True
Is IST_4 spanning? : True
Is IST_5 spanning? : True
Are all ISTs independent? : True

====TEST CR(277, 37, 74)====
Is IST_0 spanning? : True
Is IST_1 spanning? : True
Is IST_2 spanning? : True
Is IST_3 spanning? : True
Is IST_4 spanning? : True
Is IST_5 spanning? : True
Are all ISTs independent? : True

====TEST CR(278, 37, 74)====
Is IST_0 spanning? : True
Is IST_1 spanning? : True
Is IST_2 spanning? : True
Is IST_3 spanning? : True
Is IST_4 spanning? : True
Is IST_5 spanning? : True
Are all ISTs independent? : True

====TEST CR(279, 37, 74)====
Is IST_0 spanning? : True
Is IST_1 spanning? : True
Is IST_2 spanning? : True
Is IST_3 spanning? : True
Is IST_4 spanning? : True
Is IST_5 spanning? : True
Are all ISTs independent? : True

====TEST CR(280, 37, 74)====
Is IST_0 spanning? : True
Is IST_1 spanning? : True
Is IST_2 spanning? : True
Is IST_3 spanning? : True
Is IST_4 spanning? : True
Is IST_5 spanning? : True
Are all ISTs independent? : True

====TEST CR(281, 37, 74)====
Is IST_0 spanning? : True
Is IST_1 spanning? : True
Is IST_2 spanning? : True
Is IST_3 spanning? : True
Is IST_4 spanning? : True
Is IST_5 spanning? : True
Are all ISTs independent? : True

====TEST CR(282, 37, 74)====
Is IST_0 spanning? : True
Is IST_1 spanning? : True
Is IST_2 spanning? : True
Is IST_3 spanning? : True
Is IST_4 spanning? : True
Is IST_5 spanning? : True
Are all ISTs independent? : True

====TEST CR(283, 37, 74)====
Is IST_0 spanning? : True
Is IST_1 spanning? : True
Is IST_2 spanning? : True
Is IST_3 spanning? : True
Is IST_4 spanning? : True
Is IST_5 spanning? : True
Are all ISTs independent? : True

====TEST CR(284, 37, 74)====
Is IST_0 spanning? : True
Is IST_1 spanning? : True
Is IST_2 spanning? : True
Is IST_3 spanning? : True
Is IST_4 spanning? : True
Is IST_5 spanning? : True
Are all ISTs independent? : True

====TEST CR(285, 37, 74)====
Is IST_0 spanning? : True
Is IST_1 spanning? : True
Is IST_2 spanning? : True
Is IST_3 spanning? : True
Is IST_4 spanning? : True
Is IST_5 spanning? : True
Are all ISTs independent? : True

====TEST CR(286, 37, 74)====
Is IST_0 spanning? : True
Is IST_1 spanning? : True
Is IST_2 spanning? : True
Is IST_3 spanning? : True
Is IST_4 spanning? : True
Is IST_5 spanning? : True
Are all ISTs independent? : True

====TEST CR(287, 37, 74)====
Is IST_0 spanning? : True
Is IST_1 spanning? : True
Is IST_2 spanning? : True
Is IST_3 spanning? : True
Is IST_4 spanning? : True
Is IST_5 spanning? : True
Are all ISTs independent? : True

====TEST CR(288, 37, 74)====
Is IST_0 spanning? : True
Is IST_1 spanning? : True
Is IST_2 spanning? : True
Is IST_3 spanning? : True
Is IST_4 spanning? : True
Is IST_5 spanning? : True
Are all ISTs independent? : True

====TEST CR(289, 37, 74)====
Is IST_0 spanning? : True
Is IST_1 spanning? : True
Is IST_2 spanning? : True
Is IST_3 spanning? : True
Is IST_4 spanning? : True
Is IST_5 spanning? : True
Are all ISTs independent? : True

====TEST CR(290, 37, 74)====
Is IST_0 spanning? : True
Is IST_1 spanning? : True
Is IST_2 spanning? : True
Is IST_3 spanning? : True
Is IST_4 spanning? : True
Is IST_5 spanning? : True
Are all ISTs independent? : True

====TEST CR(291, 37, 74)====
Is IST_0 spanning? : True
Is IST_1 spanning? : True
Is IST_2 spanning? : True
Is IST_3 spanning? : True
Is IST_4 spanning? : True
Is IST_5 spanning? : True
Are all ISTs independent? : True

====TEST CR(292, 37, 74)====
Is IST_0 spanning? : True
Is IST_1 spanning? : True
Is IST_2 spanning? : True
Is IST_3 spanning? : True
Is IST_4 spanning? : True
Is IST_5 spanning? : True
Are all ISTs independent? : True

====TEST CR(293, 37, 74)====
Is IST_0 spanning? : True
Is IST_1 spanning? : True
Is IST_2 spanning? : True
Is IST_3 spanning? : True
Is IST_4 spanning? : True
Is IST_5 spanning? : True
Are all ISTs independent? : True

====TEST CR(294, 37, 74)====
Is IST_0 spanning? : True
Is IST_1 spanning? : True
Is IST_2 spanning? : True
Is IST_3 spanning? : True
Is IST_4 spanning? : True
Is IST_5 spanning? : True
Are all ISTs independent? : True

====TEST CR(295, 37, 74)====
Is IST_0 spanning? : True
Is IST_1 spanning? : True
Is IST_2 spanning? : True
Is IST_3 spanning? : True
Is IST_4 spanning? : True
Is IST_5 spanning? : True
Are all ISTs independent? : True

====TEST CR(296, 37, 74)====
Is IST_0 spanning? : True
Is IST_1 spanning? : True
Is IST_2 spanning? : True
Is IST_3 spanning? : True
Is IST_4 spanning? : True
Is IST_5 spanning? : True
Are all ISTs independent? : True

====TEST CR(297, 37, 74)====
Is IST_0 spanning? : True
Is IST_1 spanning? : True
Is IST_2 spanning? : True
Is IST_3 spanning? : True
Is IST_4 spanning? : True
Is IST_5 spanning? : True
Are all ISTs independent? : True

====TEST CR(298, 37, 74)====
Is IST_0 spanning? : True
Is IST_1 spanning? : True
Is IST_2 spanning? : True
Is IST_3 spanning? : True
Is IST_4 spanning? : True
Is IST_5 spanning? : True
Are all ISTs independent? : True

====TEST CR(299, 37, 74)====
Is IST_0 spanning? : True
Is IST_1 spanning? : True
Is IST_2 spanning? : True
Is IST_3 spanning? : True
Is IST_4 spanning? : True
Is IST_5 spanning? : True
Are all ISTs independent? : True

====TEST CR(300, 37, 74)====
Is IST_0 spanning? : True
Is IST_1 spanning? : True
Is IST_2 spanning? : True
Is IST_3 spanning? : True
Is IST_4 spanning? : True
Is IST_5 spanning? : True
Are all ISTs independent? : True

====TEST CR(301, 37, 74)====
Is IST_0 spanning? : True
Is IST_1 spanning? : True
Is IST_2 spanning? : True
Is IST_3 spanning? : True
Is IST_4 spanning? : True
Is IST_5 spanning? : True
Are all ISTs independent? : True

====TEST CR(302, 37, 74)====
Is IST_0 spanning? : True
Is IST_1 spanning? : True
Is IST_2 spanning? : True
Is IST_3 spanning? : True
Is IST_4 spanning? : True
Is IST_5 spanning? : True
Are all ISTs independent? : True

====TEST CR(303, 37, 74)====
Is IST_0 spanning? : True
Is IST_1 spanning? : True
Is IST_2 spanning? : True
Is IST_3 spanning? : True
Is IST_4 spanning? : True
Is IST_5 spanning? : True
Are all ISTs independent? : True

====TEST CR(304, 37, 74)====
Is IST_0 spanning? : True
Is IST_1 spanning? : True
Is IST_2 spanning? : True
Is IST_3 spanning? : True
Is IST_4 spanning? : True
Is IST_5 spanning? : True
Are all ISTs independent? : True

====TEST CR(305, 37, 74)====
Is IST_0 spanning? : True
Is IST_1 spanning? : True
Is IST_2 spanning? : True
Is IST_3 spanning? : True
Is IST_4 spanning? : True
Is IST_5 spanning? : True
Are all ISTs independent? : True

====TEST CR(306, 37, 74)====
Is IST_0 spanning? : True
Is IST_1 spanning? : True
Is IST_2 spanning? : True
Is IST_3 spanning? : True
Is IST_4 spanning? : True
Is IST_5 spanning? : True
Are all ISTs independent? : True

====TEST CR(307, 37, 74)====
Is IST_0 spanning? : True
Is IST_1 spanning? : True
Is IST_2 spanning? : True
Is IST_3 spanning? : True
Is IST_4 spanning? : True
Is IST_5 spanning? : True
Are all ISTs independent? : True

====TEST CR(308, 37, 74)====
Is IST_0 spanning? : True
Is IST_1 spanning? : True
Is IST_2 spanning? : True
Is IST_3 spanning? : True
Is IST_4 spanning? : True
Is IST_5 spanning? : True
Are all ISTs independent? : True

====TEST CR(309, 37, 74)====
Is IST_0 spanning? : True
Is IST_1 spanning? : True
Is IST_2 spanning? : True
Is IST_3 spanning? : True
Is IST_4 spanning? : True
Is IST_5 spanning? : True
Are all ISTs independent? : True

====TEST CR(310, 37, 74)====
Is IST_0 spanning? : True
Is IST_1 spanning? : True
Is IST_2 spanning? : True
Is IST_3 spanning? : True
Is IST_4 spanning? : True
Is IST_5 spanning? : True
Are all ISTs independent? : True

====TEST CR(311, 37, 74)====
Is IST_0 spanning? : True
Is IST_1 spanning? : True
Is IST_2 spanning? : True
Is IST_3 spanning? : True
Is IST_4 spanning? : True
Is IST_5 spanning? : True
Are all ISTs independent? : True

====TEST CR(312, 37, 74)====
Is IST_0 spanning? : True
Is IST_1 spanning? : True
Is IST_2 spanning? : True
Is IST_3 spanning? : True
Is IST_4 spanning? : True
Is IST_5 spanning? : True
Are all ISTs independent? : True

====TEST CR(313, 37, 74)====
Is IST_0 spanning? : True
Is IST_1 spanning? : True
Is IST_2 spanning? : True
Is IST_3 spanning? : True
Is IST_4 spanning? : True
Is IST_5 spanning? : True
Are all ISTs independent? : True

====TEST CR(314, 37, 74)====
Is IST_0 spanning? : True
Is IST_1 spanning? : True
Is IST_2 spanning? : True
Is IST_3 spanning? : True
Is IST_4 spanning? : True
Is IST_5 spanning? : True
Are all ISTs independent? : True

====TEST CR(315, 37, 74)====
Is IST_0 spanning? : True
Is IST_1 spanning? : True
Is IST_2 spanning? : True
Is IST_3 spanning? : True
Is IST_4 spanning? : True
Is IST_5 spanning? : True
Are all ISTs independent? : True

====TEST CR(316, 37, 74)====
Is IST_0 spanning? : True
Is IST_1 spanning? : True
Is IST_2 spanning? : True
Is IST_3 spanning? : True
Is IST_4 spanning? : True
Is IST_5 spanning? : True
Are all ISTs independent? : True

====TEST CR(317, 37, 74)====
Is IST_0 spanning? : True
Is IST_1 spanning? : True
Is IST_2 spanning? : True
Is IST_3 spanning? : True
Is IST_4 spanning? : True
Is IST_5 spanning? : True
Are all ISTs independent? : True

====TEST CR(318, 37, 74)====
Is IST_0 spanning? : True
Is IST_1 spanning? : True
Is IST_2 spanning? : True
Is IST_3 spanning? : True
Is IST_4 spanning? : True
Is IST_5 spanning? : True
Are all ISTs independent? : True

====TEST CR(319, 37, 74)====
Is IST_0 spanning? : True
Is IST_1 spanning? : True
Is IST_2 spanning? : True
Is IST_3 spanning? : True
Is IST_4 spanning? : True
Is IST_5 spanning? : True
Are all ISTs independent? : True

====TEST CR(320, 37, 74)====
Is IST_0 spanning? : True
Is IST_1 spanning? : True
Is IST_2 spanning? : True
Is IST_3 spanning? : True
Is IST_4 spanning? : True
Is IST_5 spanning? : True
Are all ISTs independent? : True

====TEST CR(321, 37, 74)====
Is IST_0 spanning? : True
Is IST_1 spanning? : True
Is IST_2 spanning? : True
Is IST_3 spanning? : True
Is IST_4 spanning? : True
Is IST_5 spanning? : True
Are all ISTs independent? : True

====TEST CR(322, 37, 74)====
Is IST_0 spanning? : True
Is IST_1 spanning? : True
Is IST_2 spanning? : True
Is IST_3 spanning? : True
Is IST_4 spanning? : True
Is IST_5 spanning? : True
Are all ISTs independent? : True

====TEST CR(323, 37, 74)====
Is IST_0 spanning? : True
Is IST_1 spanning? : True
Is IST_2 spanning? : True
Is IST_3 spanning? : True
Is IST_4 spanning? : True
Is IST_5 spanning? : True
Are all ISTs independent? : True

====TEST CR(324, 37, 74)====
Is IST_0 spanning? : True
Is IST_1 spanning? : True
Is IST_2 spanning? : True
Is IST_3 spanning? : True
Is IST_4 spanning? : True
Is IST_5 spanning? : True
Are all ISTs independent? : True

====TEST CR(325, 37, 74)====
Is IST_0 spanning? : True
Is IST_1 spanning? : True
Is IST_2 spanning? : True
Is IST_3 spanning? : True
Is IST_4 spanning? : True
Is IST_5 spanning? : True
Are all ISTs independent? : True

====TEST CR(326, 37, 74)====
Is IST_0 spanning? : True
Is IST_1 spanning? : True
Is IST_2 spanning? : True
Is IST_3 spanning? : True
Is IST_4 spanning? : True
Is IST_5 spanning? : True
Are all ISTs independent? : True

====TEST CR(327, 37, 74)====
Is IST_0 spanning? : True
Is IST_1 spanning? : True
Is IST_2 spanning? : True
Is IST_3 spanning? : True
Is IST_4 spanning? : True
Is IST_5 spanning? : True
Are all ISTs independent? : True

====TEST CR(328, 37, 74)====
Is IST_0 spanning? : True
Is IST_1 spanning? : True
Is IST_2 spanning? : True
Is IST_3 spanning? : True
Is IST_4 spanning? : True
Is IST_5 spanning? : True
Are all ISTs independent? : True

====TEST CR(329, 37, 74)====
Is IST_0 spanning? : True
Is IST_1 spanning? : True
Is IST_2 spanning? : True
Is IST_3 spanning? : True
Is IST_4 spanning? : True
Is IST_5 spanning? : True
Are all ISTs independent? : True

====TEST CR(330, 37, 74)====
Is IST_0 spanning? : True
Is IST_1 spanning? : True
Is IST_2 spanning? : True
Is IST_3 spanning? : True
Is IST_4 spanning? : True
Is IST_5 spanning? : True
Are all ISTs independent? : True

====TEST CR(331, 37, 74)====
Is IST_0 spanning? : True
Is IST_1 spanning? : True
Is IST_2 spanning? : True
Is IST_3 spanning? : True
Is IST_4 spanning? : True
Is IST_5 spanning? : True
Are all ISTs independent? : True

====TEST CR(332, 37, 74)====
Is IST_0 spanning? : True
Is IST_1 spanning? : True
Is IST_2 spanning? : True
Is IST_3 spanning? : True
Is IST_4 spanning? : True
Is IST_5 spanning? : True
Are all ISTs independent? : True

====TEST CR(333, 37, 74)====
Is IST_0 spanning? : True
Is IST_1 spanning? : True
Is IST_2 spanning? : True
Is IST_3 spanning? : True
Is IST_4 spanning? : True
Is IST_5 spanning? : True
Are all ISTs independent? : True

====TEST CR(334, 37, 74)====
Is IST_0 spanning? : True
Is IST_1 spanning? : True
Is IST_2 spanning? : True
Is IST_3 spanning? : True
Is IST_4 spanning? : True
Is IST_5 spanning? : True
Are all ISTs independent? : True

====TEST CR(335, 37, 74)====
Is IST_0 spanning? : True
Is IST_1 spanning? : True
Is IST_2 spanning? : True
Is IST_3 spanning? : True
Is IST_4 spanning? : True
Is IST_5 spanning? : True
Are all ISTs independent? : True

====TEST CR(336, 37, 74)====
Is IST_0 spanning? : True
Is IST_1 spanning? : True
Is IST_2 spanning? : True
Is IST_3 spanning? : True
Is IST_4 spanning? : True
Is IST_5 spanning? : True
Are all ISTs independent? : True

====TEST CR(337, 37, 74)====
Is IST_0 spanning? : True
Is IST_1 spanning? : True
Is IST_2 spanning? : True
Is IST_3 spanning? : True
Is IST_4 spanning? : True
Is IST_5 spanning? : True
Are all ISTs independent? : True

====TEST CR(338, 37, 74)====
Is IST_0 spanning? : True
Is IST_1 spanning? : True
Is IST_2 spanning? : True
Is IST_3 spanning? : True
Is IST_4 spanning? : True
Is IST_5 spanning? : True
Are all ISTs independent? : True

====TEST CR(339, 37, 74)====
Is IST_0 spanning? : True
Is IST_1 spanning? : True
Is IST_2 spanning? : True
Is IST_3 spanning? : True
Is IST_4 spanning? : True
Is IST_5 spanning? : True
Are all ISTs independent? : True

====TEST CR(340, 37, 74)====
Is IST_0 spanning? : True
Is IST_1 spanning? : True
Is IST_2 spanning? : True
Is IST_3 spanning? : True
Is IST_4 spanning? : True
Is IST_5 spanning? : True
Are all ISTs independent? : True

====TEST CR(341, 37, 74)====
Is IST_0 spanning? : True
Is IST_1 spanning? : True
Is IST_2 spanning? : True
Is IST_3 spanning? : True
Is IST_4 spanning? : True
Is IST_5 spanning? : True
Are all ISTs independent? : True

====TEST CR(342, 37, 74)====
Is IST_0 spanning? : True
Is IST_1 spanning? : True
Is IST_2 spanning? : True
Is IST_3 spanning? : True
Is IST_4 spanning? : True
Is IST_5 spanning? : True
Are all ISTs independent? : True

====TEST CR(343, 37, 74)====
Is IST_0 spanning? : True
Is IST_1 spanning? : True
Is IST_2 spanning? : True
Is IST_3 spanning? : True
Is IST_4 spanning? : True
Is IST_5 spanning? : True
Are all ISTs independent? : True

====TEST CR(344, 37, 74)====
Is IST_0 spanning? : True
Is IST_1 spanning? : True
Is IST_2 spanning? : True
Is IST_3 spanning? : True
Is IST_4 spanning? : True
Is IST_5 spanning? : True
Are all ISTs independent? : True

====TEST CR(345, 37, 74)====
Is IST_0 spanning? : True
Is IST_1 spanning? : True
Is IST_2 spanning? : True
Is IST_3 spanning? : True
Is IST_4 spanning? : True
Is IST_5 spanning? : True
Are all ISTs independent? : True

====TEST CR(346, 37, 74)====
Is IST_0 spanning? : True
Is IST_1 spanning? : True
Is IST_2 spanning? : True
Is IST_3 spanning? : True
Is IST_4 spanning? : True
Is IST_5 spanning? : True
Are all ISTs independent? : True

====TEST CR(347, 37, 74)====
Is IST_0 spanning? : True
Is IST_1 spanning? : True
Is IST_2 spanning? : True
Is IST_3 spanning? : True
Is IST_4 spanning? : True
Is IST_5 spanning? : True
Are all ISTs independent? : True

====TEST CR(348, 37, 74)====
Is IST_0 spanning? : True
Is IST_1 spanning? : True
Is IST_2 spanning? : True
Is IST_3 spanning? : True
Is IST_4 spanning? : True
Is IST_5 spanning? : True
Are all ISTs independent? : True

====TEST CR(349, 37, 74)====
Is IST_0 spanning? : True
Is IST_1 spanning? : True
Is IST_2 spanning? : True
Is IST_3 spanning? : True
Is IST_4 spanning? : True
Is IST_5 spanning? : True
Are all ISTs independent? : True

====TEST CR(350, 37, 74)====
Is IST_0 spanning? : True
Is IST_1 spanning? : True
Is IST_2 spanning? : True
Is IST_3 spanning? : True
Is IST_4 spanning? : True
Is IST_5 spanning? : True
Are all ISTs independent? : True

====TEST CR(228, 38, 76)====
Is IST_0 spanning? : True
Is IST_1 spanning? : True
Is IST_2 spanning? : True
Is IST_3 spanning? : True
Is IST_4 spanning? : True
Is IST_5 spanning? : True
Are all ISTs independent? : True

====TEST CR(229, 38, 76)====
Is IST_0 spanning? : True
Is IST_1 spanning? : True
Is IST_2 spanning? : True
Is IST_3 spanning? : True
Is IST_4 spanning? : True
Is IST_5 spanning? : True
Are all ISTs independent? : True

====TEST CR(230, 38, 76)====
Is IST_0 spanning? : True
Is IST_1 spanning? : True
Is IST_2 spanning? : True
Is IST_3 spanning? : True
Is IST_4 spanning? : True
Is IST_5 spanning? : True
Are all ISTs independent? : True

====TEST CR(231, 38, 76)====
Is IST_0 spanning? : True
Is IST_1 spanning? : True
Is IST_2 spanning? : True
Is IST_3 spanning? : True
Is IST_4 spanning? : True
Is IST_5 spanning? : True
Are all ISTs independent? : True

====TEST CR(232, 38, 76)====
Is IST_0 spanning? : True
Is IST_1 spanning? : True
Is IST_2 spanning? : True
Is IST_3 spanning? : True
Is IST_4 spanning? : True
Is IST_5 spanning? : True
Are all ISTs independent? : True

====TEST CR(233, 38, 76)====
Is IST_0 spanning? : True
Is IST_1 spanning? : True
Is IST_2 spanning? : True
Is IST_3 spanning? : True
Is IST_4 spanning? : True
Is IST_5 spanning? : True
Are all ISTs independent? : True

====TEST CR(234, 38, 76)====
Is IST_0 spanning? : True
Is IST_1 spanning? : True
Is IST_2 spanning? : True
Is IST_3 spanning? : True
Is IST_4 spanning? : True
Is IST_5 spanning? : True
Are all ISTs independent? : True

====TEST CR(235, 38, 76)====
Is IST_0 spanning? : True
Is IST_1 spanning? : True
Is IST_2 spanning? : True
Is IST_3 spanning? : True
Is IST_4 spanning? : True
Is IST_5 spanning? : True
Are all ISTs independent? : True

====TEST CR(236, 38, 76)====
Is IST_0 spanning? : True
Is IST_1 spanning? : True
Is IST_2 spanning? : True
Is IST_3 spanning? : True
Is IST_4 spanning? : True
Is IST_5 spanning? : True
Are all ISTs independent? : True

====TEST CR(237, 38, 76)====
Is IST_0 spanning? : True
Is IST_1 spanning? : True
Is IST_2 spanning? : True
Is IST_3 spanning? : True
Is IST_4 spanning? : True
Is IST_5 spanning? : True
Are all ISTs independent? : True

====TEST CR(238, 38, 76)====
Is IST_0 spanning? : True
Is IST_1 spanning? : True
Is IST_2 spanning? : True
Is IST_3 spanning? : True
Is IST_4 spanning? : True
Is IST_5 spanning? : True
Are all ISTs independent? : True

====TEST CR(239, 38, 76)====
Is IST_0 spanning? : True
Is IST_1 spanning? : True
Is IST_2 spanning? : True
Is IST_3 spanning? : True
Is IST_4 spanning? : True
Is IST_5 spanning? : True
Are all ISTs independent? : True

====TEST CR(240, 38, 76)====
Is IST_0 spanning? : True
Is IST_1 spanning? : True
Is IST_2 spanning? : True
Is IST_3 spanning? : True
Is IST_4 spanning? : True
Is IST_5 spanning? : True
Are all ISTs independent? : True

====TEST CR(241, 38, 76)====
Is IST_0 spanning? : True
Is IST_1 spanning? : True
Is IST_2 spanning? : True
Is IST_3 spanning? : True
Is IST_4 spanning? : True
Is IST_5 spanning? : True
Are all ISTs independent? : True

====TEST CR(242, 38, 76)====
Is IST_0 spanning? : True
Is IST_1 spanning? : True
Is IST_2 spanning? : True
Is IST_3 spanning? : True
Is IST_4 spanning? : True
Is IST_5 spanning? : True
Are all ISTs independent? : True

====TEST CR(243, 38, 76)====
Is IST_0 spanning? : True
Is IST_1 spanning? : True
Is IST_2 spanning? : True
Is IST_3 spanning? : True
Is IST_4 spanning? : True
Is IST_5 spanning? : True
Are all ISTs independent? : True

====TEST CR(244, 38, 76)====
Is IST_0 spanning? : True
Is IST_1 spanning? : True
Is IST_2 spanning? : True
Is IST_3 spanning? : True
Is IST_4 spanning? : True
Is IST_5 spanning? : True
Are all ISTs independent? : True

====TEST CR(245, 38, 76)====
Is IST_0 spanning? : True
Is IST_1 spanning? : True
Is IST_2 spanning? : True
Is IST_3 spanning? : True
Is IST_4 spanning? : True
Is IST_5 spanning? : True
Are all ISTs independent? : True

====TEST CR(246, 38, 76)====
Is IST_0 spanning? : True
Is IST_1 spanning? : True
Is IST_2 spanning? : True
Is IST_3 spanning? : True
Is IST_4 spanning? : True
Is IST_5 spanning? : True
Are all ISTs independent? : True

====TEST CR(247, 38, 76)====
Is IST_0 spanning? : True
Is IST_1 spanning? : True
Is IST_2 spanning? : True
Is IST_3 spanning? : True
Is IST_4 spanning? : True
Is IST_5 spanning? : True
Are all ISTs independent? : True

====TEST CR(248, 38, 76)====
Is IST_0 spanning? : True
Is IST_1 spanning? : True
Is IST_2 spanning? : True
Is IST_3 spanning? : True
Is IST_4 spanning? : True
Is IST_5 spanning? : True
Are all ISTs independent? : True

====TEST CR(249, 38, 76)====
Is IST_0 spanning? : True
Is IST_1 spanning? : True
Is IST_2 spanning? : True
Is IST_3 spanning? : True
Is IST_4 spanning? : True
Is IST_5 spanning? : True
Are all ISTs independent? : True

====TEST CR(250, 38, 76)====
Is IST_0 spanning? : True
Is IST_1 spanning? : True
Is IST_2 spanning? : True
Is IST_3 spanning? : True
Is IST_4 spanning? : True
Is IST_5 spanning? : True
Are all ISTs independent? : True

====TEST CR(251, 38, 76)====
Is IST_0 spanning? : True
Is IST_1 spanning? : True
Is IST_2 spanning? : True
Is IST_3 spanning? : True
Is IST_4 spanning? : True
Is IST_5 spanning? : True
Are all ISTs independent? : True

====TEST CR(252, 38, 76)====
Is IST_0 spanning? : True
Is IST_1 spanning? : True
Is IST_2 spanning? : True
Is IST_3 spanning? : True
Is IST_4 spanning? : True
Is IST_5 spanning? : True
Are all ISTs independent? : True

====TEST CR(253, 38, 76)====
Is IST_0 spanning? : True
Is IST_1 spanning? : True
Is IST_2 spanning? : True
Is IST_3 spanning? : True
Is IST_4 spanning? : True
Is IST_5 spanning? : True
Are all ISTs independent? : True

====TEST CR(254, 38, 76)====
Is IST_0 spanning? : True
Is IST_1 spanning? : True
Is IST_2 spanning? : True
Is IST_3 spanning? : True
Is IST_4 spanning? : True
Is IST_5 spanning? : True
Are all ISTs independent? : True

====TEST CR(255, 38, 76)====
Is IST_0 spanning? : True
Is IST_1 spanning? : True
Is IST_2 spanning? : True
Is IST_3 spanning? : True
Is IST_4 spanning? : True
Is IST_5 spanning? : True
Are all ISTs independent? : True

====TEST CR(256, 38, 76)====
Is IST_0 spanning? : True
Is IST_1 spanning? : True
Is IST_2 spanning? : True
Is IST_3 spanning? : True
Is IST_4 spanning? : True
Is IST_5 spanning? : True
Are all ISTs independent? : True

====TEST CR(257, 38, 76)====
Is IST_0 spanning? : True
Is IST_1 spanning? : True
Is IST_2 spanning? : True
Is IST_3 spanning? : True
Is IST_4 spanning? : True
Is IST_5 spanning? : True
Are all ISTs independent? : True

====TEST CR(258, 38, 76)====
Is IST_0 spanning? : True
Is IST_1 spanning? : True
Is IST_2 spanning? : True
Is IST_3 spanning? : True
Is IST_4 spanning? : True
Is IST_5 spanning? : True
Are all ISTs independent? : True

====TEST CR(259, 38, 76)====
Is IST_0 spanning? : True
Is IST_1 spanning? : True
Is IST_2 spanning? : True
Is IST_3 spanning? : True
Is IST_4 spanning? : True
Is IST_5 spanning? : True
Are all ISTs independent? : True

====TEST CR(260, 38, 76)====
Is IST_0 spanning? : True
Is IST_1 spanning? : True
Is IST_2 spanning? : True
Is IST_3 spanning? : True
Is IST_4 spanning? : True
Is IST_5 spanning? : True
Are all ISTs independent? : True

====TEST CR(261, 38, 76)====
Is IST_0 spanning? : True
Is IST_1 spanning? : True
Is IST_2 spanning? : True
Is IST_3 spanning? : True
Is IST_4 spanning? : True
Is IST_5 spanning? : True
Are all ISTs independent? : True

====TEST CR(262, 38, 76)====
Is IST_0 spanning? : True
Is IST_1 spanning? : True
Is IST_2 spanning? : True
Is IST_3 spanning? : True
Is IST_4 spanning? : True
Is IST_5 spanning? : True
Are all ISTs independent? : True

====TEST CR(263, 38, 76)====
Is IST_0 spanning? : True
Is IST_1 spanning? : True
Is IST_2 spanning? : True
Is IST_3 spanning? : True
Is IST_4 spanning? : True
Is IST_5 spanning? : True
Are all ISTs independent? : True

====TEST CR(264, 38, 76)====
Is IST_0 spanning? : True
Is IST_1 spanning? : True
Is IST_2 spanning? : True
Is IST_3 spanning? : True
Is IST_4 spanning? : True
Is IST_5 spanning? : True
Are all ISTs independent? : True

====TEST CR(265, 38, 76)====
Is IST_0 spanning? : True
Is IST_1 spanning? : True
Is IST_2 spanning? : True
Is IST_3 spanning? : True
Is IST_4 spanning? : True
Is IST_5 spanning? : True
Are all ISTs independent? : True

====TEST CR(266, 38, 76)====
Is IST_0 spanning? : True
Is IST_1 spanning? : True
Is IST_2 spanning? : True
Is IST_3 spanning? : True
Is IST_4 spanning? : True
Is IST_5 spanning? : True
Are all ISTs independent? : True

====TEST CR(267, 38, 76)====
Is IST_0 spanning? : True
Is IST_1 spanning? : True
Is IST_2 spanning? : True
Is IST_3 spanning? : True
Is IST_4 spanning? : True
Is IST_5 spanning? : True
Are all ISTs independent? : True

====TEST CR(268, 38, 76)====
Is IST_0 spanning? : True
Is IST_1 spanning? : True
Is IST_2 spanning? : True
Is IST_3 spanning? : True
Is IST_4 spanning? : True
Is IST_5 spanning? : True
Are all ISTs independent? : True

====TEST CR(269, 38, 76)====
Is IST_0 spanning? : True
Is IST_1 spanning? : True
Is IST_2 spanning? : True
Is IST_3 spanning? : True
Is IST_4 spanning? : True
Is IST_5 spanning? : True
Are all ISTs independent? : True

====TEST CR(270, 38, 76)====
Is IST_0 spanning? : True
Is IST_1 spanning? : True
Is IST_2 spanning? : True
Is IST_3 spanning? : True
Is IST_4 spanning? : True
Is IST_5 spanning? : True
Are all ISTs independent? : True

====TEST CR(271, 38, 76)====
Is IST_0 spanning? : True
Is IST_1 spanning? : True
Is IST_2 spanning? : True
Is IST_3 spanning? : True
Is IST_4 spanning? : True
Is IST_5 spanning? : True
Are all ISTs independent? : True

====TEST CR(272, 38, 76)====
Is IST_0 spanning? : True
Is IST_1 spanning? : True
Is IST_2 spanning? : True
Is IST_3 spanning? : True
Is IST_4 spanning? : True
Is IST_5 spanning? : True
Are all ISTs independent? : True

====TEST CR(273, 38, 76)====
Is IST_0 spanning? : True
Is IST_1 spanning? : True
Is IST_2 spanning? : True
Is IST_3 spanning? : True
Is IST_4 spanning? : True
Is IST_5 spanning? : True
Are all ISTs independent? : True

====TEST CR(274, 38, 76)====
Is IST_0 spanning? : True
Is IST_1 spanning? : True
Is IST_2 spanning? : True
Is IST_3 spanning? : True
Is IST_4 spanning? : True
Is IST_5 spanning? : True
Are all ISTs independent? : True

====TEST CR(275, 38, 76)====
Is IST_0 spanning? : True
Is IST_1 spanning? : True
Is IST_2 spanning? : True
Is IST_3 spanning? : True
Is IST_4 spanning? : True
Is IST_5 spanning? : True
Are all ISTs independent? : True

====TEST CR(276, 38, 76)====
Is IST_0 spanning? : True
Is IST_1 spanning? : True
Is IST_2 spanning? : True
Is IST_3 spanning? : True
Is IST_4 spanning? : True
Is IST_5 spanning? : True
Are all ISTs independent? : True

====TEST CR(277, 38, 76)====
Is IST_0 spanning? : True
Is IST_1 spanning? : True
Is IST_2 spanning? : True
Is IST_3 spanning? : True
Is IST_4 spanning? : True
Is IST_5 spanning? : True
Are all ISTs independent? : True

====TEST CR(278, 38, 76)====
Is IST_0 spanning? : True
Is IST_1 spanning? : True
Is IST_2 spanning? : True
Is IST_3 spanning? : True
Is IST_4 spanning? : True
Is IST_5 spanning? : True
Are all ISTs independent? : True

====TEST CR(279, 38, 76)====
Is IST_0 spanning? : True
Is IST_1 spanning? : True
Is IST_2 spanning? : True
Is IST_3 spanning? : True
Is IST_4 spanning? : True
Is IST_5 spanning? : True
Are all ISTs independent? : True

====TEST CR(280, 38, 76)====
Is IST_0 spanning? : True
Is IST_1 spanning? : True
Is IST_2 spanning? : True
Is IST_3 spanning? : True
Is IST_4 spanning? : True
Is IST_5 spanning? : True
Are all ISTs independent? : True

====TEST CR(281, 38, 76)====
Is IST_0 spanning? : True
Is IST_1 spanning? : True
Is IST_2 spanning? : True
Is IST_3 spanning? : True
Is IST_4 spanning? : True
Is IST_5 spanning? : True
Are all ISTs independent? : True

====TEST CR(282, 38, 76)====
Is IST_0 spanning? : True
Is IST_1 spanning? : True
Is IST_2 spanning? : True
Is IST_3 spanning? : True
Is IST_4 spanning? : True
Is IST_5 spanning? : True
Are all ISTs independent? : True

====TEST CR(283, 38, 76)====
Is IST_0 spanning? : True
Is IST_1 spanning? : True
Is IST_2 spanning? : True
Is IST_3 spanning? : True
Is IST_4 spanning? : True
Is IST_5 spanning? : True
Are all ISTs independent? : True

====TEST CR(284, 38, 76)====
Is IST_0 spanning? : True
Is IST_1 spanning? : True
Is IST_2 spanning? : True
Is IST_3 spanning? : True
Is IST_4 spanning? : True
Is IST_5 spanning? : True
Are all ISTs independent? : True

====TEST CR(285, 38, 76)====
Is IST_0 spanning? : True
Is IST_1 spanning? : True
Is IST_2 spanning? : True
Is IST_3 spanning? : True
Is IST_4 spanning? : True
Is IST_5 spanning? : True
Are all ISTs independent? : True

====TEST CR(286, 38, 76)====
Is IST_0 spanning? : True
Is IST_1 spanning? : True
Is IST_2 spanning? : True
Is IST_3 spanning? : True
Is IST_4 spanning? : True
Is IST_5 spanning? : True
Are all ISTs independent? : True

====TEST CR(287, 38, 76)====
Is IST_0 spanning? : True
Is IST_1 spanning? : True
Is IST_2 spanning? : True
Is IST_3 spanning? : True
Is IST_4 spanning? : True
Is IST_5 spanning? : True
Are all ISTs independent? : True

====TEST CR(288, 38, 76)====
Is IST_0 spanning? : True
Is IST_1 spanning? : True
Is IST_2 spanning? : True
Is IST_3 spanning? : True
Is IST_4 spanning? : True
Is IST_5 spanning? : True
Are all ISTs independent? : True

====TEST CR(289, 38, 76)====
Is IST_0 spanning? : True
Is IST_1 spanning? : True
Is IST_2 spanning? : True
Is IST_3 spanning? : True
Is IST_4 spanning? : True
Is IST_5 spanning? : True
Are all ISTs independent? : True

====TEST CR(290, 38, 76)====
Is IST_0 spanning? : True
Is IST_1 spanning? : True
Is IST_2 spanning? : True
Is IST_3 spanning? : True
Is IST_4 spanning? : True
Is IST_5 spanning? : True
Are all ISTs independent? : True

====TEST CR(291, 38, 76)====
Is IST_0 spanning? : True
Is IST_1 spanning? : True
Is IST_2 spanning? : True
Is IST_3 spanning? : True
Is IST_4 spanning? : True
Is IST_5 spanning? : True
Are all ISTs independent? : True

====TEST CR(292, 38, 76)====
Is IST_0 spanning? : True
Is IST_1 spanning? : True
Is IST_2 spanning? : True
Is IST_3 spanning? : True
Is IST_4 spanning? : True
Is IST_5 spanning? : True
Are all ISTs independent? : True

====TEST CR(293, 38, 76)====
Is IST_0 spanning? : True
Is IST_1 spanning? : True
Is IST_2 spanning? : True
Is IST_3 spanning? : True
Is IST_4 spanning? : True
Is IST_5 spanning? : True
Are all ISTs independent? : True

====TEST CR(294, 38, 76)====
Is IST_0 spanning? : True
Is IST_1 spanning? : True
Is IST_2 spanning? : True
Is IST_3 spanning? : True
Is IST_4 spanning? : True
Is IST_5 spanning? : True
Are all ISTs independent? : True

====TEST CR(295, 38, 76)====
Is IST_0 spanning? : True
Is IST_1 spanning? : True
Is IST_2 spanning? : True
Is IST_3 spanning? : True
Is IST_4 spanning? : True
Is IST_5 spanning? : True
Are all ISTs independent? : True

====TEST CR(296, 38, 76)====
Is IST_0 spanning? : True
Is IST_1 spanning? : True
Is IST_2 spanning? : True
Is IST_3 spanning? : True
Is IST_4 spanning? : True
Is IST_5 spanning? : True
Are all ISTs independent? : True

====TEST CR(297, 38, 76)====
Is IST_0 spanning? : True
Is IST_1 spanning? : True
Is IST_2 spanning? : True
Is IST_3 spanning? : True
Is IST_4 spanning? : True
Is IST_5 spanning? : True
Are all ISTs independent? : True

====TEST CR(298, 38, 76)====
Is IST_0 spanning? : True
Is IST_1 spanning? : True
Is IST_2 spanning? : True
Is IST_3 spanning? : True
Is IST_4 spanning? : True
Is IST_5 spanning? : True
Are all ISTs independent? : True

====TEST CR(299, 38, 76)====
Is IST_0 spanning? : True
Is IST_1 spanning? : True
Is IST_2 spanning? : True
Is IST_3 spanning? : True
Is IST_4 spanning? : True
Is IST_5 spanning? : True
Are all ISTs independent? : True

====TEST CR(300, 38, 76)====
Is IST_0 spanning? : True
Is IST_1 spanning? : True
Is IST_2 spanning? : True
Is IST_3 spanning? : True
Is IST_4 spanning? : True
Is IST_5 spanning? : True
Are all ISTs independent? : True

====TEST CR(301, 38, 76)====
Is IST_0 spanning? : True
Is IST_1 spanning? : True
Is IST_2 spanning? : True
Is IST_3 spanning? : True
Is IST_4 spanning? : True
Is IST_5 spanning? : True
Are all ISTs independent? : True

====TEST CR(302, 38, 76)====
Is IST_0 spanning? : True
Is IST_1 spanning? : True
Is IST_2 spanning? : True
Is IST_3 spanning? : True
Is IST_4 spanning? : True
Is IST_5 spanning? : True
Are all ISTs independent? : True

====TEST CR(303, 38, 76)====
Is IST_0 spanning? : True
Is IST_1 spanning? : True
Is IST_2 spanning? : True
Is IST_3 spanning? : True
Is IST_4 spanning? : True
Is IST_5 spanning? : True
Are all ISTs independent? : True

====TEST CR(304, 38, 76)====
Is IST_0 spanning? : True
Is IST_1 spanning? : True
Is IST_2 spanning? : True
Is IST_3 spanning? : True
Is IST_4 spanning? : True
Is IST_5 spanning? : True
Are all ISTs independent? : True

====TEST CR(305, 38, 76)====
Is IST_0 spanning? : True
Is IST_1 spanning? : True
Is IST_2 spanning? : True
Is IST_3 spanning? : True
Is IST_4 spanning? : True
Is IST_5 spanning? : True
Are all ISTs independent? : True

====TEST CR(306, 38, 76)====
Is IST_0 spanning? : True
Is IST_1 spanning? : True
Is IST_2 spanning? : True
Is IST_3 spanning? : True
Is IST_4 spanning? : True
Is IST_5 spanning? : True
Are all ISTs independent? : True

====TEST CR(307, 38, 76)====
Is IST_0 spanning? : True
Is IST_1 spanning? : True
Is IST_2 spanning? : True
Is IST_3 spanning? : True
Is IST_4 spanning? : True
Is IST_5 spanning? : True
Are all ISTs independent? : True

====TEST CR(308, 38, 76)====
Is IST_0 spanning? : True
Is IST_1 spanning? : True
Is IST_2 spanning? : True
Is IST_3 spanning? : True
Is IST_4 spanning? : True
Is IST_5 spanning? : True
Are all ISTs independent? : True

====TEST CR(309, 38, 76)====
Is IST_0 spanning? : True
Is IST_1 spanning? : True
Is IST_2 spanning? : True
Is IST_3 spanning? : True
Is IST_4 spanning? : True
Is IST_5 spanning? : True
Are all ISTs independent? : True

====TEST CR(310, 38, 76)====
Is IST_0 spanning? : True
Is IST_1 spanning? : True
Is IST_2 spanning? : True
Is IST_3 spanning? : True
Is IST_4 spanning? : True
Is IST_5 spanning? : True
Are all ISTs independent? : True

====TEST CR(311, 38, 76)====
Is IST_0 spanning? : True
Is IST_1 spanning? : True
Is IST_2 spanning? : True
Is IST_3 spanning? : True
Is IST_4 spanning? : True
Is IST_5 spanning? : True
Are all ISTs independent? : True

====TEST CR(312, 38, 76)====
Is IST_0 spanning? : True
Is IST_1 spanning? : True
Is IST_2 spanning? : True
Is IST_3 spanning? : True
Is IST_4 spanning? : True
Is IST_5 spanning? : True
Are all ISTs independent? : True

====TEST CR(313, 38, 76)====
Is IST_0 spanning? : True
Is IST_1 spanning? : True
Is IST_2 spanning? : True
Is IST_3 spanning? : True
Is IST_4 spanning? : True
Is IST_5 spanning? : True
Are all ISTs independent? : True

====TEST CR(314, 38, 76)====
Is IST_0 spanning? : True
Is IST_1 spanning? : True
Is IST_2 spanning? : True
Is IST_3 spanning? : True
Is IST_4 spanning? : True
Is IST_5 spanning? : True
Are all ISTs independent? : True

====TEST CR(315, 38, 76)====
Is IST_0 spanning? : True
Is IST_1 spanning? : True
Is IST_2 spanning? : True
Is IST_3 spanning? : True
Is IST_4 spanning? : True
Is IST_5 spanning? : True
Are all ISTs independent? : True

====TEST CR(316, 38, 76)====
Is IST_0 spanning? : True
Is IST_1 spanning? : True
Is IST_2 spanning? : True
Is IST_3 spanning? : True
Is IST_4 spanning? : True
Is IST_5 spanning? : True
Are all ISTs independent? : True

====TEST CR(317, 38, 76)====
Is IST_0 spanning? : True
Is IST_1 spanning? : True
Is IST_2 spanning? : True
Is IST_3 spanning? : True
Is IST_4 spanning? : True
Is IST_5 spanning? : True
Are all ISTs independent? : True

====TEST CR(318, 38, 76)====
Is IST_0 spanning? : True
Is IST_1 spanning? : True
Is IST_2 spanning? : True
Is IST_3 spanning? : True
Is IST_4 spanning? : True
Is IST_5 spanning? : True
Are all ISTs independent? : True

====TEST CR(319, 38, 76)====
Is IST_0 spanning? : True
Is IST_1 spanning? : True
Is IST_2 spanning? : True
Is IST_3 spanning? : True
Is IST_4 spanning? : True
Is IST_5 spanning? : True
Are all ISTs independent? : True

====TEST CR(320, 38, 76)====
Is IST_0 spanning? : True
Is IST_1 spanning? : True
Is IST_2 spanning? : True
Is IST_3 spanning? : True
Is IST_4 spanning? : True
Is IST_5 spanning? : True
Are all ISTs independent? : True

====TEST CR(321, 38, 76)====
Is IST_0 spanning? : True
Is IST_1 spanning? : True
Is IST_2 spanning? : True
Is IST_3 spanning? : True
Is IST_4 spanning? : True
Is IST_5 spanning? : True
Are all ISTs independent? : True

====TEST CR(322, 38, 76)====
Is IST_0 spanning? : True
Is IST_1 spanning? : True
Is IST_2 spanning? : True
Is IST_3 spanning? : True
Is IST_4 spanning? : True
Is IST_5 spanning? : True
Are all ISTs independent? : True

====TEST CR(323, 38, 76)====
Is IST_0 spanning? : True
Is IST_1 spanning? : True
Is IST_2 spanning? : True
Is IST_3 spanning? : True
Is IST_4 spanning? : True
Is IST_5 spanning? : True
Are all ISTs independent? : True

====TEST CR(324, 38, 76)====
Is IST_0 spanning? : True
Is IST_1 spanning? : True
Is IST_2 spanning? : True
Is IST_3 spanning? : True
Is IST_4 spanning? : True
Is IST_5 spanning? : True
Are all ISTs independent? : True

====TEST CR(325, 38, 76)====
Is IST_0 spanning? : True
Is IST_1 spanning? : True
Is IST_2 spanning? : True
Is IST_3 spanning? : True
Is IST_4 spanning? : True
Is IST_5 spanning? : True
Are all ISTs independent? : True

====TEST CR(326, 38, 76)====
Is IST_0 spanning? : True
Is IST_1 spanning? : True
Is IST_2 spanning? : True
Is IST_3 spanning? : True
Is IST_4 spanning? : True
Is IST_5 spanning? : True
Are all ISTs independent? : True

====TEST CR(327, 38, 76)====
Is IST_0 spanning? : True
Is IST_1 spanning? : True
Is IST_2 spanning? : True
Is IST_3 spanning? : True
Is IST_4 spanning? : True
Is IST_5 spanning? : True
Are all ISTs independent? : True

====TEST CR(328, 38, 76)====
Is IST_0 spanning? : True
Is IST_1 spanning? : True
Is IST_2 spanning? : True
Is IST_3 spanning? : True
Is IST_4 spanning? : True
Is IST_5 spanning? : True
Are all ISTs independent? : True

====TEST CR(329, 38, 76)====
Is IST_0 spanning? : True
Is IST_1 spanning? : True
Is IST_2 spanning? : True
Is IST_3 spanning? : True
Is IST_4 spanning? : True
Is IST_5 spanning? : True
Are all ISTs independent? : True

====TEST CR(330, 38, 76)====
Is IST_0 spanning? : True
Is IST_1 spanning? : True
Is IST_2 spanning? : True
Is IST_3 spanning? : True
Is IST_4 spanning? : True
Is IST_5 spanning? : True
Are all ISTs independent? : True

====TEST CR(331, 38, 76)====
Is IST_0 spanning? : True
Is IST_1 spanning? : True
Is IST_2 spanning? : True
Is IST_3 spanning? : True
Is IST_4 spanning? : True
Is IST_5 spanning? : True
Are all ISTs independent? : True

====TEST CR(332, 38, 76)====
Is IST_0 spanning? : True
Is IST_1 spanning? : True
Is IST_2 spanning? : True
Is IST_3 spanning? : True
Is IST_4 spanning? : True
Is IST_5 spanning? : True
Are all ISTs independent? : True

====TEST CR(333, 38, 76)====
Is IST_0 spanning? : True
Is IST_1 spanning? : True
Is IST_2 spanning? : True
Is IST_3 spanning? : True
Is IST_4 spanning? : True
Is IST_5 spanning? : True
Are all ISTs independent? : True

====TEST CR(334, 38, 76)====
Is IST_0 spanning? : True
Is IST_1 spanning? : True
Is IST_2 spanning? : True
Is IST_3 spanning? : True
Is IST_4 spanning? : True
Is IST_5 spanning? : True
Are all ISTs independent? : True

====TEST CR(335, 38, 76)====
Is IST_0 spanning? : True
Is IST_1 spanning? : True
Is IST_2 spanning? : True
Is IST_3 spanning? : True
Is IST_4 spanning? : True
Is IST_5 spanning? : True
Are all ISTs independent? : True

====TEST CR(336, 38, 76)====
Is IST_0 spanning? : True
Is IST_1 spanning? : True
Is IST_2 spanning? : True
Is IST_3 spanning? : True
Is IST_4 spanning? : True
Is IST_5 spanning? : True
Are all ISTs independent? : True

====TEST CR(337, 38, 76)====
Is IST_0 spanning? : True
Is IST_1 spanning? : True
Is IST_2 spanning? : True
Is IST_3 spanning? : True
Is IST_4 spanning? : True
Is IST_5 spanning? : True
Are all ISTs independent? : True

====TEST CR(338, 38, 76)====
Is IST_0 spanning? : True
Is IST_1 spanning? : True
Is IST_2 spanning? : True
Is IST_3 spanning? : True
Is IST_4 spanning? : True
Is IST_5 spanning? : True
Are all ISTs independent? : True

====TEST CR(339, 38, 76)====
Is IST_0 spanning? : True
Is IST_1 spanning? : True
Is IST_2 spanning? : True
Is IST_3 spanning? : True
Is IST_4 spanning? : True
Is IST_5 spanning? : True
Are all ISTs independent? : True

====TEST CR(340, 38, 76)====
Is IST_0 spanning? : True
Is IST_1 spanning? : True
Is IST_2 spanning? : True
Is IST_3 spanning? : True
Is IST_4 spanning? : True
Is IST_5 spanning? : True
Are all ISTs independent? : True

====TEST CR(341, 38, 76)====
Is IST_0 spanning? : True
Is IST_1 spanning? : True
Is IST_2 spanning? : True
Is IST_3 spanning? : True
Is IST_4 spanning? : True
Is IST_5 spanning? : True
Are all ISTs independent? : True

====TEST CR(342, 38, 76)====
Is IST_0 spanning? : True
Is IST_1 spanning? : True
Is IST_2 spanning? : True
Is IST_3 spanning? : True
Is IST_4 spanning? : True
Is IST_5 spanning? : True
Are all ISTs independent? : True

====TEST CR(343, 38, 76)====
Is IST_0 spanning? : True
Is IST_1 spanning? : True
Is IST_2 spanning? : True
Is IST_3 spanning? : True
Is IST_4 spanning? : True
Is IST_5 spanning? : True
Are all ISTs independent? : True

====TEST CR(344, 38, 76)====
Is IST_0 spanning? : True
Is IST_1 spanning? : True
Is IST_2 spanning? : True
Is IST_3 spanning? : True
Is IST_4 spanning? : True
Is IST_5 spanning? : True
Are all ISTs independent? : True

====TEST CR(345, 38, 76)====
Is IST_0 spanning? : True
Is IST_1 spanning? : True
Is IST_2 spanning? : True
Is IST_3 spanning? : True
Is IST_4 spanning? : True
Is IST_5 spanning? : True
Are all ISTs independent? : True

====TEST CR(346, 38, 76)====
Is IST_0 spanning? : True
Is IST_1 spanning? : True
Is IST_2 spanning? : True
Is IST_3 spanning? : True
Is IST_4 spanning? : True
Is IST_5 spanning? : True
Are all ISTs independent? : True

====TEST CR(347, 38, 76)====
Is IST_0 spanning? : True
Is IST_1 spanning? : True
Is IST_2 spanning? : True
Is IST_3 spanning? : True
Is IST_4 spanning? : True
Is IST_5 spanning? : True
Are all ISTs independent? : True

====TEST CR(348, 38, 76)====
Is IST_0 spanning? : True
Is IST_1 spanning? : True
Is IST_2 spanning? : True
Is IST_3 spanning? : True
Is IST_4 spanning? : True
Is IST_5 spanning? : True
Are all ISTs independent? : True

====TEST CR(349, 38, 76)====
Is IST_0 spanning? : True
Is IST_1 spanning? : True
Is IST_2 spanning? : True
Is IST_3 spanning? : True
Is IST_4 spanning? : True
Is IST_5 spanning? : True
Are all ISTs independent? : True

====TEST CR(350, 38, 76)====
Is IST_0 spanning? : True
Is IST_1 spanning? : True
Is IST_2 spanning? : True
Is IST_3 spanning? : True
Is IST_4 spanning? : True
Is IST_5 spanning? : True
Are all ISTs independent? : True

====TEST CR(351, 38, 76)====
Is IST_0 spanning? : True
Is IST_1 spanning? : True
Is IST_2 spanning? : True
Is IST_3 spanning? : True
Is IST_4 spanning? : True
Is IST_5 spanning? : True
Are all ISTs independent? : True

====TEST CR(352, 38, 76)====
Is IST_0 spanning? : True
Is IST_1 spanning? : True
Is IST_2 spanning? : True
Is IST_3 spanning? : True
Is IST_4 spanning? : True
Is IST_5 spanning? : True
Are all ISTs independent? : True

====TEST CR(353, 38, 76)====
Is IST_0 spanning? : True
Is IST_1 spanning? : True
Is IST_2 spanning? : True
Is IST_3 spanning? : True
Is IST_4 spanning? : True
Is IST_5 spanning? : True
Are all ISTs independent? : True

====TEST CR(354, 38, 76)====
Is IST_0 spanning? : True
Is IST_1 spanning? : True
Is IST_2 spanning? : True
Is IST_3 spanning? : True
Is IST_4 spanning? : True
Is IST_5 spanning? : True
Are all ISTs independent? : True

====TEST CR(355, 38, 76)====
Is IST_0 spanning? : True
Is IST_1 spanning? : True
Is IST_2 spanning? : True
Is IST_3 spanning? : True
Is IST_4 spanning? : True
Is IST_5 spanning? : True
Are all ISTs independent? : True

====TEST CR(356, 38, 76)====
Is IST_0 spanning? : True
Is IST_1 spanning? : True
Is IST_2 spanning? : True
Is IST_3 spanning? : True
Is IST_4 spanning? : True
Is IST_5 spanning? : True
Are all ISTs independent? : True

====TEST CR(234, 39, 78)====
Is IST_0 spanning? : True
Is IST_1 spanning? : True
Is IST_2 spanning? : True
Is IST_3 spanning? : True
Is IST_4 spanning? : True
Is IST_5 spanning? : True
Are all ISTs independent? : True

====TEST CR(235, 39, 78)====
Is IST_0 spanning? : True
Is IST_1 spanning? : True
Is IST_2 spanning? : True
Is IST_3 spanning? : True
Is IST_4 spanning? : True
Is IST_5 spanning? : True
Are all ISTs independent? : True

====TEST CR(236, 39, 78)====
Is IST_0 spanning? : True
Is IST_1 spanning? : True
Is IST_2 spanning? : True
Is IST_3 spanning? : True
Is IST_4 spanning? : True
Is IST_5 spanning? : True
Are all ISTs independent? : True

====TEST CR(237, 39, 78)====
Is IST_0 spanning? : True
Is IST_1 spanning? : True
Is IST_2 spanning? : True
Is IST_3 spanning? : True
Is IST_4 spanning? : True
Is IST_5 spanning? : True
Are all ISTs independent? : True

====TEST CR(238, 39, 78)====
Is IST_0 spanning? : True
Is IST_1 spanning? : True
Is IST_2 spanning? : True
Is IST_3 spanning? : True
Is IST_4 spanning? : True
Is IST_5 spanning? : True
Are all ISTs independent? : True

====TEST CR(239, 39, 78)====
Is IST_0 spanning? : True
Is IST_1 spanning? : True
Is IST_2 spanning? : True
Is IST_3 spanning? : True
Is IST_4 spanning? : True
Is IST_5 spanning? : True
Are all ISTs independent? : True

====TEST CR(240, 39, 78)====
Is IST_0 spanning? : True
Is IST_1 spanning? : True
Is IST_2 spanning? : True
Is IST_3 spanning? : True
Is IST_4 spanning? : True
Is IST_5 spanning? : True
Are all ISTs independent? : True

====TEST CR(241, 39, 78)====
Is IST_0 spanning? : True
Is IST_1 spanning? : True
Is IST_2 spanning? : True
Is IST_3 spanning? : True
Is IST_4 spanning? : True
Is IST_5 spanning? : True
Are all ISTs independent? : True

====TEST CR(242, 39, 78)====
Is IST_0 spanning? : True
Is IST_1 spanning? : True
Is IST_2 spanning? : True
Is IST_3 spanning? : True
Is IST_4 spanning? : True
Is IST_5 spanning? : True
Are all ISTs independent? : True

====TEST CR(243, 39, 78)====
Is IST_0 spanning? : True
Is IST_1 spanning? : True
Is IST_2 spanning? : True
Is IST_3 spanning? : True
Is IST_4 spanning? : True
Is IST_5 spanning? : True
Are all ISTs independent? : True

====TEST CR(244, 39, 78)====
Is IST_0 spanning? : True
Is IST_1 spanning? : True
Is IST_2 spanning? : True
Is IST_3 spanning? : True
Is IST_4 spanning? : True
Is IST_5 spanning? : True
Are all ISTs independent? : True

====TEST CR(245, 39, 78)====
Is IST_0 spanning? : True
Is IST_1 spanning? : True
Is IST_2 spanning? : True
Is IST_3 spanning? : True
Is IST_4 spanning? : True
Is IST_5 spanning? : True
Are all ISTs independent? : True

====TEST CR(246, 39, 78)====
Is IST_0 spanning? : True
Is IST_1 spanning? : True
Is IST_2 spanning? : True
Is IST_3 spanning? : True
Is IST_4 spanning? : True
Is IST_5 spanning? : True
Are all ISTs independent? : True

====TEST CR(247, 39, 78)====
Is IST_0 spanning? : True
Is IST_1 spanning? : True
Is IST_2 spanning? : True
Is IST_3 spanning? : True
Is IST_4 spanning? : True
Is IST_5 spanning? : True
Are all ISTs independent? : True

====TEST CR(248, 39, 78)====
Is IST_0 spanning? : True
Is IST_1 spanning? : True
Is IST_2 spanning? : True
Is IST_3 spanning? : True
Is IST_4 spanning? : True
Is IST_5 spanning? : True
Are all ISTs independent? : True

====TEST CR(249, 39, 78)====
Is IST_0 spanning? : True
Is IST_1 spanning? : True
Is IST_2 spanning? : True
Is IST_3 spanning? : True
Is IST_4 spanning? : True
Is IST_5 spanning? : True
Are all ISTs independent? : True

====TEST CR(250, 39, 78)====
Is IST_0 spanning? : True
Is IST_1 spanning? : True
Is IST_2 spanning? : True
Is IST_3 spanning? : True
Is IST_4 spanning? : True
Is IST_5 spanning? : True
Are all ISTs independent? : True

====TEST CR(251, 39, 78)====
Is IST_0 spanning? : True
Is IST_1 spanning? : True
Is IST_2 spanning? : True
Is IST_3 spanning? : True
Is IST_4 spanning? : True
Is IST_5 spanning? : True
Are all ISTs independent? : True

====TEST CR(252, 39, 78)====
Is IST_0 spanning? : True
Is IST_1 spanning? : True
Is IST_2 spanning? : True
Is IST_3 spanning? : True
Is IST_4 spanning? : True
Is IST_5 spanning? : True
Are all ISTs independent? : True

====TEST CR(253, 39, 78)====
Is IST_0 spanning? : True
Is IST_1 spanning? : True
Is IST_2 spanning? : True
Is IST_3 spanning? : True
Is IST_4 spanning? : True
Is IST_5 spanning? : True
Are all ISTs independent? : True

====TEST CR(254, 39, 78)====
Is IST_0 spanning? : True
Is IST_1 spanning? : True
Is IST_2 spanning? : True
Is IST_3 spanning? : True
Is IST_4 spanning? : True
Is IST_5 spanning? : True
Are all ISTs independent? : True

====TEST CR(255, 39, 78)====
Is IST_0 spanning? : True
Is IST_1 spanning? : True
Is IST_2 spanning? : True
Is IST_3 spanning? : True
Is IST_4 spanning? : True
Is IST_5 spanning? : True
Are all ISTs independent? : True

====TEST CR(256, 39, 78)====
Is IST_0 spanning? : True
Is IST_1 spanning? : True
Is IST_2 spanning? : True
Is IST_3 spanning? : True
Is IST_4 spanning? : True
Is IST_5 spanning? : True
Are all ISTs independent? : True

====TEST CR(257, 39, 78)====
Is IST_0 spanning? : True
Is IST_1 spanning? : True
Is IST_2 spanning? : True
Is IST_3 spanning? : True
Is IST_4 spanning? : True
Is IST_5 spanning? : True
Are all ISTs independent? : True

====TEST CR(258, 39, 78)====
Is IST_0 spanning? : True
Is IST_1 spanning? : True
Is IST_2 spanning? : True
Is IST_3 spanning? : True
Is IST_4 spanning? : True
Is IST_5 spanning? : True
Are all ISTs independent? : True

====TEST CR(259, 39, 78)====
Is IST_0 spanning? : True
Is IST_1 spanning? : True
Is IST_2 spanning? : True
Is IST_3 spanning? : True
Is IST_4 spanning? : True
Is IST_5 spanning? : True
Are all ISTs independent? : True

====TEST CR(260, 39, 78)====
Is IST_0 spanning? : True
Is IST_1 spanning? : True
Is IST_2 spanning? : True
Is IST_3 spanning? : True
Is IST_4 spanning? : True
Is IST_5 spanning? : True
Are all ISTs independent? : True

====TEST CR(261, 39, 78)====
Is IST_0 spanning? : True
Is IST_1 spanning? : True
Is IST_2 spanning? : True
Is IST_3 spanning? : True
Is IST_4 spanning? : True
Is IST_5 spanning? : True
Are all ISTs independent? : True

====TEST CR(262, 39, 78)====
Is IST_0 spanning? : True
Is IST_1 spanning? : True
Is IST_2 spanning? : True
Is IST_3 spanning? : True
Is IST_4 spanning? : True
Is IST_5 spanning? : True
Are all ISTs independent? : True

====TEST CR(263, 39, 78)====
Is IST_0 spanning? : True
Is IST_1 spanning? : True
Is IST_2 spanning? : True
Is IST_3 spanning? : True
Is IST_4 spanning? : True
Is IST_5 spanning? : True
Are all ISTs independent? : True

====TEST CR(264, 39, 78)====
Is IST_0 spanning? : True
Is IST_1 spanning? : True
Is IST_2 spanning? : True
Is IST_3 spanning? : True
Is IST_4 spanning? : True
Is IST_5 spanning? : True
Are all ISTs independent? : True

====TEST CR(265, 39, 78)====
Is IST_0 spanning? : True
Is IST_1 spanning? : True
Is IST_2 spanning? : True
Is IST_3 spanning? : True
Is IST_4 spanning? : True
Is IST_5 spanning? : True
Are all ISTs independent? : True

====TEST CR(266, 39, 78)====
Is IST_0 spanning? : True
Is IST_1 spanning? : True
Is IST_2 spanning? : True
Is IST_3 spanning? : True
Is IST_4 spanning? : True
Is IST_5 spanning? : True
Are all ISTs independent? : True

====TEST CR(267, 39, 78)====
Is IST_0 spanning? : True
Is IST_1 spanning? : True
Is IST_2 spanning? : True
Is IST_3 spanning? : True
Is IST_4 spanning? : True
Is IST_5 spanning? : True
Are all ISTs independent? : True

====TEST CR(268, 39, 78)====
Is IST_0 spanning? : True
Is IST_1 spanning? : True
Is IST_2 spanning? : True
Is IST_3 spanning? : True
Is IST_4 spanning? : True
Is IST_5 spanning? : True
Are all ISTs independent? : True

====TEST CR(269, 39, 78)====
Is IST_0 spanning? : True
Is IST_1 spanning? : True
Is IST_2 spanning? : True
Is IST_3 spanning? : True
Is IST_4 spanning? : True
Is IST_5 spanning? : True
Are all ISTs independent? : True

====TEST CR(270, 39, 78)====
Is IST_0 spanning? : True
Is IST_1 spanning? : True
Is IST_2 spanning? : True
Is IST_3 spanning? : True
Is IST_4 spanning? : True
Is IST_5 spanning? : True
Are all ISTs independent? : True

====TEST CR(271, 39, 78)====
Is IST_0 spanning? : True
Is IST_1 spanning? : True
Is IST_2 spanning? : True
Is IST_3 spanning? : True
Is IST_4 spanning? : True
Is IST_5 spanning? : True
Are all ISTs independent? : True

====TEST CR(272, 39, 78)====
Is IST_0 spanning? : True
Is IST_1 spanning? : True
Is IST_2 spanning? : True
Is IST_3 spanning? : True
Is IST_4 spanning? : True
Is IST_5 spanning? : True
Are all ISTs independent? : True

====TEST CR(273, 39, 78)====
Is IST_0 spanning? : True
Is IST_1 spanning? : True
Is IST_2 spanning? : True
Is IST_3 spanning? : True
Is IST_4 spanning? : True
Is IST_5 spanning? : True
Are all ISTs independent? : True

====TEST CR(274, 39, 78)====
Is IST_0 spanning? : True
Is IST_1 spanning? : True
Is IST_2 spanning? : True
Is IST_3 spanning? : True
Is IST_4 spanning? : True
Is IST_5 spanning? : True
Are all ISTs independent? : True

====TEST CR(275, 39, 78)====
Is IST_0 spanning? : True
Is IST_1 spanning? : True
Is IST_2 spanning? : True
Is IST_3 spanning? : True
Is IST_4 spanning? : True
Is IST_5 spanning? : True
Are all ISTs independent? : True

====TEST CR(276, 39, 78)====
Is IST_0 spanning? : True
Is IST_1 spanning? : True
Is IST_2 spanning? : True
Is IST_3 spanning? : True
Is IST_4 spanning? : True
Is IST_5 spanning? : True
Are all ISTs independent? : True

====TEST CR(277, 39, 78)====
Is IST_0 spanning? : True
Is IST_1 spanning? : True
Is IST_2 spanning? : True
Is IST_3 spanning? : True
Is IST_4 spanning? : True
Is IST_5 spanning? : True
Are all ISTs independent? : True

====TEST CR(278, 39, 78)====
Is IST_0 spanning? : True
Is IST_1 spanning? : True
Is IST_2 spanning? : True
Is IST_3 spanning? : True
Is IST_4 spanning? : True
Is IST_5 spanning? : True
Are all ISTs independent? : True

====TEST CR(279, 39, 78)====
Is IST_0 spanning? : True
Is IST_1 spanning? : True
Is IST_2 spanning? : True
Is IST_3 spanning? : True
Is IST_4 spanning? : True
Is IST_5 spanning? : True
Are all ISTs independent? : True

====TEST CR(280, 39, 78)====
Is IST_0 spanning? : True
Is IST_1 spanning? : True
Is IST_2 spanning? : True
Is IST_3 spanning? : True
Is IST_4 spanning? : True
Is IST_5 spanning? : True
Are all ISTs independent? : True

====TEST CR(281, 39, 78)====
Is IST_0 spanning? : True
Is IST_1 spanning? : True
Is IST_2 spanning? : True
Is IST_3 spanning? : True
Is IST_4 spanning? : True
Is IST_5 spanning? : True
Are all ISTs independent? : True

====TEST CR(282, 39, 78)====
Is IST_0 spanning? : True
Is IST_1 spanning? : True
Is IST_2 spanning? : True
Is IST_3 spanning? : True
Is IST_4 spanning? : True
Is IST_5 spanning? : True
Are all ISTs independent? : True

====TEST CR(283, 39, 78)====
Is IST_0 spanning? : True
Is IST_1 spanning? : True
Is IST_2 spanning? : True
Is IST_3 spanning? : True
Is IST_4 spanning? : True
Is IST_5 spanning? : True
Are all ISTs independent? : True

====TEST CR(284, 39, 78)====
Is IST_0 spanning? : True
Is IST_1 spanning? : True
Is IST_2 spanning? : True
Is IST_3 spanning? : True
Is IST_4 spanning? : True
Is IST_5 spanning? : True
Are all ISTs independent? : True

====TEST CR(285, 39, 78)====
Is IST_0 spanning? : True
Is IST_1 spanning? : True
Is IST_2 spanning? : True
Is IST_3 spanning? : True
Is IST_4 spanning? : True
Is IST_5 spanning? : True
Are all ISTs independent? : True

====TEST CR(286, 39, 78)====
Is IST_0 spanning? : True
Is IST_1 spanning? : True
Is IST_2 spanning? : True
Is IST_3 spanning? : True
Is IST_4 spanning? : True
Is IST_5 spanning? : True
Are all ISTs independent? : True

====TEST CR(287, 39, 78)====
Is IST_0 spanning? : True
Is IST_1 spanning? : True
Is IST_2 spanning? : True
Is IST_3 spanning? : True
Is IST_4 spanning? : True
Is IST_5 spanning? : True
Are all ISTs independent? : True

====TEST CR(288, 39, 78)====
Is IST_0 spanning? : True
Is IST_1 spanning? : True
Is IST_2 spanning? : True
Is IST_3 spanning? : True
Is IST_4 spanning? : True
Is IST_5 spanning? : True
Are all ISTs independent? : True

====TEST CR(289, 39, 78)====
Is IST_0 spanning? : True
Is IST_1 spanning? : True
Is IST_2 spanning? : True
Is IST_3 spanning? : True
Is IST_4 spanning? : True
Is IST_5 spanning? : True
Are all ISTs independent? : True

====TEST CR(290, 39, 78)====
Is IST_0 spanning? : True
Is IST_1 spanning? : True
Is IST_2 spanning? : True
Is IST_3 spanning? : True
Is IST_4 spanning? : True
Is IST_5 spanning? : True
Are all ISTs independent? : True

====TEST CR(291, 39, 78)====
Is IST_0 spanning? : True
Is IST_1 spanning? : True
Is IST_2 spanning? : True
Is IST_3 spanning? : True
Is IST_4 spanning? : True
Is IST_5 spanning? : True
Are all ISTs independent? : True

====TEST CR(292, 39, 78)====
Is IST_0 spanning? : True
Is IST_1 spanning? : True
Is IST_2 spanning? : True
Is IST_3 spanning? : True
Is IST_4 spanning? : True
Is IST_5 spanning? : True
Are all ISTs independent? : True

====TEST CR(293, 39, 78)====
Is IST_0 spanning? : True
Is IST_1 spanning? : True
Is IST_2 spanning? : True
Is IST_3 spanning? : True
Is IST_4 spanning? : True
Is IST_5 spanning? : True
Are all ISTs independent? : True

====TEST CR(294, 39, 78)====
Is IST_0 spanning? : True
Is IST_1 spanning? : True
Is IST_2 spanning? : True
Is IST_3 spanning? : True
Is IST_4 spanning? : True
Is IST_5 spanning? : True
Are all ISTs independent? : True

====TEST CR(295, 39, 78)====
Is IST_0 spanning? : True
Is IST_1 spanning? : True
Is IST_2 spanning? : True
Is IST_3 spanning? : True
Is IST_4 spanning? : True
Is IST_5 spanning? : True
Are all ISTs independent? : True

====TEST CR(296, 39, 78)====
Is IST_0 spanning? : True
Is IST_1 spanning? : True
Is IST_2 spanning? : True
Is IST_3 spanning? : True
Is IST_4 spanning? : True
Is IST_5 spanning? : True
Are all ISTs independent? : True

====TEST CR(297, 39, 78)====
Is IST_0 spanning? : True
Is IST_1 spanning? : True
Is IST_2 spanning? : True
Is IST_3 spanning? : True
Is IST_4 spanning? : True
Is IST_5 spanning? : True
Are all ISTs independent? : True

====TEST CR(298, 39, 78)====
Is IST_0 spanning? : True
Is IST_1 spanning? : True
Is IST_2 spanning? : True
Is IST_3 spanning? : True
Is IST_4 spanning? : True
Is IST_5 spanning? : True
Are all ISTs independent? : True

====TEST CR(299, 39, 78)====
Is IST_0 spanning? : True
Is IST_1 spanning? : True
Is IST_2 spanning? : True
Is IST_3 spanning? : True
Is IST_4 spanning? : True
Is IST_5 spanning? : True
Are all ISTs independent? : True

====TEST CR(300, 39, 78)====
Is IST_0 spanning? : True
Is IST_1 spanning? : True
Is IST_2 spanning? : True
Is IST_3 spanning? : True
Is IST_4 spanning? : True
Is IST_5 spanning? : True
Are all ISTs independent? : True

====TEST CR(301, 39, 78)====
Is IST_0 spanning? : True
Is IST_1 spanning? : True
Is IST_2 spanning? : True
Is IST_3 spanning? : True
Is IST_4 spanning? : True
Is IST_5 spanning? : True
Are all ISTs independent? : True

====TEST CR(302, 39, 78)====
Is IST_0 spanning? : True
Is IST_1 spanning? : True
Is IST_2 spanning? : True
Is IST_3 spanning? : True
Is IST_4 spanning? : True
Is IST_5 spanning? : True
Are all ISTs independent? : True

====TEST CR(303, 39, 78)====
Is IST_0 spanning? : True
Is IST_1 spanning? : True
Is IST_2 spanning? : True
Is IST_3 spanning? : True
Is IST_4 spanning? : True
Is IST_5 spanning? : True
Are all ISTs independent? : True

====TEST CR(304, 39, 78)====
Is IST_0 spanning? : True
Is IST_1 spanning? : True
Is IST_2 spanning? : True
Is IST_3 spanning? : True
Is IST_4 spanning? : True
Is IST_5 spanning? : True
Are all ISTs independent? : True

====TEST CR(305, 39, 78)====
Is IST_0 spanning? : True
Is IST_1 spanning? : True
Is IST_2 spanning? : True
Is IST_3 spanning? : True
Is IST_4 spanning? : True
Is IST_5 spanning? : True
Are all ISTs independent? : True

====TEST CR(306, 39, 78)====
Is IST_0 spanning? : True
Is IST_1 spanning? : True
Is IST_2 spanning? : True
Is IST_3 spanning? : True
Is IST_4 spanning? : True
Is IST_5 spanning? : True
Are all ISTs independent? : True

====TEST CR(307, 39, 78)====
Is IST_0 spanning? : True
Is IST_1 spanning? : True
Is IST_2 spanning? : True
Is IST_3 spanning? : True
Is IST_4 spanning? : True
Is IST_5 spanning? : True
Are all ISTs independent? : True

====TEST CR(308, 39, 78)====
Is IST_0 spanning? : True
Is IST_1 spanning? : True
Is IST_2 spanning? : True
Is IST_3 spanning? : True
Is IST_4 spanning? : True
Is IST_5 spanning? : True
Are all ISTs independent? : True

====TEST CR(309, 39, 78)====
Is IST_0 spanning? : True
Is IST_1 spanning? : True
Is IST_2 spanning? : True
Is IST_3 spanning? : True
Is IST_4 spanning? : True
Is IST_5 spanning? : True
Are all ISTs independent? : True

====TEST CR(310, 39, 78)====
Is IST_0 spanning? : True
Is IST_1 spanning? : True
Is IST_2 spanning? : True
Is IST_3 spanning? : True
Is IST_4 spanning? : True
Is IST_5 spanning? : True
Are all ISTs independent? : True

====TEST CR(311, 39, 78)====
Is IST_0 spanning? : True
Is IST_1 spanning? : True
Is IST_2 spanning? : True
Is IST_3 spanning? : True
Is IST_4 spanning? : True
Is IST_5 spanning? : True
Are all ISTs independent? : True

====TEST CR(312, 39, 78)====
Is IST_0 spanning? : True
Is IST_1 spanning? : True
Is IST_2 spanning? : True
Is IST_3 spanning? : True
Is IST_4 spanning? : True
Is IST_5 spanning? : True
Are all ISTs independent? : True

====TEST CR(313, 39, 78)====
Is IST_0 spanning? : True
Is IST_1 spanning? : True
Is IST_2 spanning? : True
Is IST_3 spanning? : True
Is IST_4 spanning? : True
Is IST_5 spanning? : True
Are all ISTs independent? : True

====TEST CR(314, 39, 78)====
Is IST_0 spanning? : True
Is IST_1 spanning? : True
Is IST_2 spanning? : True
Is IST_3 spanning? : True
Is IST_4 spanning? : True
Is IST_5 spanning? : True
Are all ISTs independent? : True

====TEST CR(315, 39, 78)====
Is IST_0 spanning? : True
Is IST_1 spanning? : True
Is IST_2 spanning? : True
Is IST_3 spanning? : True
Is IST_4 spanning? : True
Is IST_5 spanning? : True
Are all ISTs independent? : True

====TEST CR(316, 39, 78)====
Is IST_0 spanning? : True
Is IST_1 spanning? : True
Is IST_2 spanning? : True
Is IST_3 spanning? : True
Is IST_4 spanning? : True
Is IST_5 spanning? : True
Are all ISTs independent? : True

====TEST CR(317, 39, 78)====
Is IST_0 spanning? : True
Is IST_1 spanning? : True
Is IST_2 spanning? : True
Is IST_3 spanning? : True
Is IST_4 spanning? : True
Is IST_5 spanning? : True
Are all ISTs independent? : True

====TEST CR(318, 39, 78)====
Is IST_0 spanning? : True
Is IST_1 spanning? : True
Is IST_2 spanning? : True
Is IST_3 spanning? : True
Is IST_4 spanning? : True
Is IST_5 spanning? : True
Are all ISTs independent? : True

====TEST CR(319, 39, 78)====
Is IST_0 spanning? : True
Is IST_1 spanning? : True
Is IST_2 spanning? : True
Is IST_3 spanning? : True
Is IST_4 spanning? : True
Is IST_5 spanning? : True
Are all ISTs independent? : True

====TEST CR(320, 39, 78)====
Is IST_0 spanning? : True
Is IST_1 spanning? : True
Is IST_2 spanning? : True
Is IST_3 spanning? : True
Is IST_4 spanning? : True
Is IST_5 spanning? : True
Are all ISTs independent? : True

====TEST CR(321, 39, 78)====
Is IST_0 spanning? : True
Is IST_1 spanning? : True
Is IST_2 spanning? : True
Is IST_3 spanning? : True
Is IST_4 spanning? : True
Is IST_5 spanning? : True
Are all ISTs independent? : True

====TEST CR(322, 39, 78)====
Is IST_0 spanning? : True
Is IST_1 spanning? : True
Is IST_2 spanning? : True
Is IST_3 spanning? : True
Is IST_4 spanning? : True
Is IST_5 spanning? : True
Are all ISTs independent? : True

====TEST CR(323, 39, 78)====
Is IST_0 spanning? : True
Is IST_1 spanning? : True
Is IST_2 spanning? : True
Is IST_3 spanning? : True
Is IST_4 spanning? : True
Is IST_5 spanning? : True
Are all ISTs independent? : True

====TEST CR(324, 39, 78)====
Is IST_0 spanning? : True
Is IST_1 spanning? : True
Is IST_2 spanning? : True
Is IST_3 spanning? : True
Is IST_4 spanning? : True
Is IST_5 spanning? : True
Are all ISTs independent? : True

====TEST CR(325, 39, 78)====
Is IST_0 spanning? : True
Is IST_1 spanning? : True
Is IST_2 spanning? : True
Is IST_3 spanning? : True
Is IST_4 spanning? : True
Is IST_5 spanning? : True
Are all ISTs independent? : True

====TEST CR(326, 39, 78)====
Is IST_0 spanning? : True
Is IST_1 spanning? : True
Is IST_2 spanning? : True
Is IST_3 spanning? : True
Is IST_4 spanning? : True
Is IST_5 spanning? : True
Are all ISTs independent? : True

====TEST CR(327, 39, 78)====
Is IST_0 spanning? : True
Is IST_1 spanning? : True
Is IST_2 spanning? : True
Is IST_3 spanning? : True
Is IST_4 spanning? : True
Is IST_5 spanning? : True
Are all ISTs independent? : True

====TEST CR(328, 39, 78)====
Is IST_0 spanning? : True
Is IST_1 spanning? : True
Is IST_2 spanning? : True
Is IST_3 spanning? : True
Is IST_4 spanning? : True
Is IST_5 spanning? : True
Are all ISTs independent? : True

====TEST CR(329, 39, 78)====
Is IST_0 spanning? : True
Is IST_1 spanning? : True
Is IST_2 spanning? : True
Is IST_3 spanning? : True
Is IST_4 spanning? : True
Is IST_5 spanning? : True
Are all ISTs independent? : True

====TEST CR(330, 39, 78)====
Is IST_0 spanning? : True
Is IST_1 spanning? : True
Is IST_2 spanning? : True
Is IST_3 spanning? : True
Is IST_4 spanning? : True
Is IST_5 spanning? : True
Are all ISTs independent? : True

====TEST CR(331, 39, 78)====
Is IST_0 spanning? : True
Is IST_1 spanning? : True
Is IST_2 spanning? : True
Is IST_3 spanning? : True
Is IST_4 spanning? : True
Is IST_5 spanning? : True
Are all ISTs independent? : True

====TEST CR(332, 39, 78)====
Is IST_0 spanning? : True
Is IST_1 spanning? : True
Is IST_2 spanning? : True
Is IST_3 spanning? : True
Is IST_4 spanning? : True
Is IST_5 spanning? : True
Are all ISTs independent? : True

====TEST CR(333, 39, 78)====
Is IST_0 spanning? : True
Is IST_1 spanning? : True
Is IST_2 spanning? : True
Is IST_3 spanning? : True
Is IST_4 spanning? : True
Is IST_5 spanning? : True
Are all ISTs independent? : True

====TEST CR(334, 39, 78)====
Is IST_0 spanning? : True
Is IST_1 spanning? : True
Is IST_2 spanning? : True
Is IST_3 spanning? : True
Is IST_4 spanning? : True
Is IST_5 spanning? : True
Are all ISTs independent? : True

====TEST CR(335, 39, 78)====
Is IST_0 spanning? : True
Is IST_1 spanning? : True
Is IST_2 spanning? : True
Is IST_3 spanning? : True
Is IST_4 spanning? : True
Is IST_5 spanning? : True
Are all ISTs independent? : True

====TEST CR(336, 39, 78)====
Is IST_0 spanning? : True
Is IST_1 spanning? : True
Is IST_2 spanning? : True
Is IST_3 spanning? : True
Is IST_4 spanning? : True
Is IST_5 spanning? : True
Are all ISTs independent? : True

====TEST CR(337, 39, 78)====
Is IST_0 spanning? : True
Is IST_1 spanning? : True
Is IST_2 spanning? : True
Is IST_3 spanning? : True
Is IST_4 spanning? : True
Is IST_5 spanning? : True
Are all ISTs independent? : True

====TEST CR(338, 39, 78)====
Is IST_0 spanning? : True
Is IST_1 spanning? : True
Is IST_2 spanning? : True
Is IST_3 spanning? : True
Is IST_4 spanning? : True
Is IST_5 spanning? : True
Are all ISTs independent? : True

====TEST CR(339, 39, 78)====
Is IST_0 spanning? : True
Is IST_1 spanning? : True
Is IST_2 spanning? : True
Is IST_3 spanning? : True
Is IST_4 spanning? : True
Is IST_5 spanning? : True
Are all ISTs independent? : True

====TEST CR(340, 39, 78)====
Is IST_0 spanning? : True
Is IST_1 spanning? : True
Is IST_2 spanning? : True
Is IST_3 spanning? : True
Is IST_4 spanning? : True
Is IST_5 spanning? : True
Are all ISTs independent? : True

====TEST CR(341, 39, 78)====
Is IST_0 spanning? : True
Is IST_1 spanning? : True
Is IST_2 spanning? : True
Is IST_3 spanning? : True
Is IST_4 spanning? : True
Is IST_5 spanning? : True
Are all ISTs independent? : True

====TEST CR(342, 39, 78)====
Is IST_0 spanning? : True
Is IST_1 spanning? : True
Is IST_2 spanning? : True
Is IST_3 spanning? : True
Is IST_4 spanning? : True
Is IST_5 spanning? : True
Are all ISTs independent? : True

====TEST CR(343, 39, 78)====
Is IST_0 spanning? : True
Is IST_1 spanning? : True
Is IST_2 spanning? : True
Is IST_3 spanning? : True
Is IST_4 spanning? : True
Is IST_5 spanning? : True
Are all ISTs independent? : True

====TEST CR(344, 39, 78)====
Is IST_0 spanning? : True
Is IST_1 spanning? : True
Is IST_2 spanning? : True
Is IST_3 spanning? : True
Is IST_4 spanning? : True
Is IST_5 spanning? : True
Are all ISTs independent? : True

====TEST CR(345, 39, 78)====
Is IST_0 spanning? : True
Is IST_1 spanning? : True
Is IST_2 spanning? : True
Is IST_3 spanning? : True
Is IST_4 spanning? : True
Is IST_5 spanning? : True
Are all ISTs independent? : True

====TEST CR(346, 39, 78)====
Is IST_0 spanning? : True
Is IST_1 spanning? : True
Is IST_2 spanning? : True
Is IST_3 spanning? : True
Is IST_4 spanning? : True
Is IST_5 spanning? : True
Are all ISTs independent? : True

====TEST CR(347, 39, 78)====
Is IST_0 spanning? : True
Is IST_1 spanning? : True
Is IST_2 spanning? : True
Is IST_3 spanning? : True
Is IST_4 spanning? : True
Is IST_5 spanning? : True
Are all ISTs independent? : True

====TEST CR(348, 39, 78)====
Is IST_0 spanning? : True
Is IST_1 spanning? : True
Is IST_2 spanning? : True
Is IST_3 spanning? : True
Is IST_4 spanning? : True
Is IST_5 spanning? : True
Are all ISTs independent? : True

====TEST CR(349, 39, 78)====
Is IST_0 spanning? : True
Is IST_1 spanning? : True
Is IST_2 spanning? : True
Is IST_3 spanning? : True
Is IST_4 spanning? : True
Is IST_5 spanning? : True
Are all ISTs independent? : True

====TEST CR(350, 39, 78)====
Is IST_0 spanning? : True
Is IST_1 spanning? : True
Is IST_2 spanning? : True
Is IST_3 spanning? : True
Is IST_4 spanning? : True
Is IST_5 spanning? : True
Are all ISTs independent? : True

====TEST CR(351, 39, 78)====
Is IST_0 spanning? : True
Is IST_1 spanning? : True
Is IST_2 spanning? : True
Is IST_3 spanning? : True
Is IST_4 spanning? : True
Is IST_5 spanning? : True
Are all ISTs independent? : True

====TEST CR(352, 39, 78)====
Is IST_0 spanning? : True
Is IST_1 spanning? : True
Is IST_2 spanning? : True
Is IST_3 spanning? : True
Is IST_4 spanning? : True
Is IST_5 spanning? : True
Are all ISTs independent? : True

====TEST CR(353, 39, 78)====
Is IST_0 spanning? : True
Is IST_1 spanning? : True
Is IST_2 spanning? : True
Is IST_3 spanning? : True
Is IST_4 spanning? : True
Is IST_5 spanning? : True
Are all ISTs independent? : True

====TEST CR(354, 39, 78)====
Is IST_0 spanning? : True
Is IST_1 spanning? : True
Is IST_2 spanning? : True
Is IST_3 spanning? : True
Is IST_4 spanning? : True
Is IST_5 spanning? : True
Are all ISTs independent? : True

====TEST CR(355, 39, 78)====
Is IST_0 spanning? : True
Is IST_1 spanning? : True
Is IST_2 spanning? : True
Is IST_3 spanning? : True
Is IST_4 spanning? : True
Is IST_5 spanning? : True
Are all ISTs independent? : True

====TEST CR(356, 39, 78)====
Is IST_0 spanning? : True
Is IST_1 spanning? : True
Is IST_2 spanning? : True
Is IST_3 spanning? : True
Is IST_4 spanning? : True
Is IST_5 spanning? : True
Are all ISTs independent? : True

====TEST CR(357, 39, 78)====
Is IST_0 spanning? : True
Is IST_1 spanning? : True
Is IST_2 spanning? : True
Is IST_3 spanning? : True
Is IST_4 spanning? : True
Is IST_5 spanning? : True
Are all ISTs independent? : True

====TEST CR(358, 39, 78)====
Is IST_0 spanning? : True
Is IST_1 spanning? : True
Is IST_2 spanning? : True
Is IST_3 spanning? : True
Is IST_4 spanning? : True
Is IST_5 spanning? : True
Are all ISTs independent? : True

====TEST CR(359, 39, 78)====
Is IST_0 spanning? : True
Is IST_1 spanning? : True
Is IST_2 spanning? : True
Is IST_3 spanning? : True
Is IST_4 spanning? : True
Is IST_5 spanning? : True
Are all ISTs independent? : True

====TEST CR(360, 39, 78)====
Is IST_0 spanning? : True
Is IST_1 spanning? : True
Is IST_2 spanning? : True
Is IST_3 spanning? : True
Is IST_4 spanning? : True
Is IST_5 spanning? : True
Are all ISTs independent? : True

====TEST CR(361, 39, 78)====
Is IST_0 spanning? : True
Is IST_1 spanning? : True
Is IST_2 spanning? : True
Is IST_3 spanning? : True
Is IST_4 spanning? : True
Is IST_5 spanning? : True
Are all ISTs independent? : True

====TEST CR(362, 39, 78)====
Is IST_0 spanning? : True
Is IST_1 spanning? : True
Is IST_2 spanning? : True
Is IST_3 spanning? : True
Is IST_4 spanning? : True
Is IST_5 spanning? : True
Are all ISTs independent? : True

====TEST CR(240, 40, 80)====
Is IST_0 spanning? : True
Is IST_1 spanning? : True
Is IST_2 spanning? : True
Is IST_3 spanning? : True
Is IST_4 spanning? : True
Is IST_5 spanning? : True
Are all ISTs independent? : True

====TEST CR(241, 40, 80)====
Is IST_0 spanning? : True
Is IST_1 spanning? : True
Is IST_2 spanning? : True
Is IST_3 spanning? : True
Is IST_4 spanning? : True
Is IST_5 spanning? : True
Are all ISTs independent? : True

====TEST CR(242, 40, 80)====
Is IST_0 spanning? : True
Is IST_1 spanning? : True
Is IST_2 spanning? : True
Is IST_3 spanning? : True
Is IST_4 spanning? : True
Is IST_5 spanning? : True
Are all ISTs independent? : True

====TEST CR(243, 40, 80)====
Is IST_0 spanning? : True
Is IST_1 spanning? : True
Is IST_2 spanning? : True
Is IST_3 spanning? : True
Is IST_4 spanning? : True
Is IST_5 spanning? : True
Are all ISTs independent? : True

====TEST CR(244, 40, 80)====
Is IST_0 spanning? : True
Is IST_1 spanning? : True
Is IST_2 spanning? : True
Is IST_3 spanning? : True
Is IST_4 spanning? : True
Is IST_5 spanning? : True
Are all ISTs independent? : True

====TEST CR(245, 40, 80)====
Is IST_0 spanning? : True
Is IST_1 spanning? : True
Is IST_2 spanning? : True
Is IST_3 spanning? : True
Is IST_4 spanning? : True
Is IST_5 spanning? : True
Are all ISTs independent? : True

====TEST CR(246, 40, 80)====
Is IST_0 spanning? : True
Is IST_1 spanning? : True
Is IST_2 spanning? : True
Is IST_3 spanning? : True
Is IST_4 spanning? : True
Is IST_5 spanning? : True
Are all ISTs independent? : True

====TEST CR(247, 40, 80)====
Is IST_0 spanning? : True
Is IST_1 spanning? : True
Is IST_2 spanning? : True
Is IST_3 spanning? : True
Is IST_4 spanning? : True
Is IST_5 spanning? : True
Are all ISTs independent? : True

====TEST CR(248, 40, 80)====
Is IST_0 spanning? : True
Is IST_1 spanning? : True
Is IST_2 spanning? : True
Is IST_3 spanning? : True
Is IST_4 spanning? : True
Is IST_5 spanning? : True
Are all ISTs independent? : True

====TEST CR(249, 40, 80)====
Is IST_0 spanning? : True
Is IST_1 spanning? : True
Is IST_2 spanning? : True
Is IST_3 spanning? : True
Is IST_4 spanning? : True
Is IST_5 spanning? : True
Are all ISTs independent? : True

====TEST CR(250, 40, 80)====
Is IST_0 spanning? : True
Is IST_1 spanning? : True
Is IST_2 spanning? : True
Is IST_3 spanning? : True
Is IST_4 spanning? : True
Is IST_5 spanning? : True
Are all ISTs independent? : True

====TEST CR(251, 40, 80)====
Is IST_0 spanning? : True
Is IST_1 spanning? : True
Is IST_2 spanning? : True
Is IST_3 spanning? : True
Is IST_4 spanning? : True
Is IST_5 spanning? : True
Are all ISTs independent? : True

====TEST CR(252, 40, 80)====
Is IST_0 spanning? : True
Is IST_1 spanning? : True
Is IST_2 spanning? : True
Is IST_3 spanning? : True
Is IST_4 spanning? : True
Is IST_5 spanning? : True
Are all ISTs independent? : True

====TEST CR(253, 40, 80)====
Is IST_0 spanning? : True
Is IST_1 spanning? : True
Is IST_2 spanning? : True
Is IST_3 spanning? : True
Is IST_4 spanning? : True
Is IST_5 spanning? : True
Are all ISTs independent? : True

====TEST CR(254, 40, 80)====
Is IST_0 spanning? : True
Is IST_1 spanning? : True
Is IST_2 spanning? : True
Is IST_3 spanning? : True
Is IST_4 spanning? : True
Is IST_5 spanning? : True
Are all ISTs independent? : True

====TEST CR(255, 40, 80)====
Is IST_0 spanning? : True
Is IST_1 spanning? : True
Is IST_2 spanning? : True
Is IST_3 spanning? : True
Is IST_4 spanning? : True
Is IST_5 spanning? : True
Are all ISTs independent? : True

====TEST CR(256, 40, 80)====
Is IST_0 spanning? : True
Is IST_1 spanning? : True
Is IST_2 spanning? : True
Is IST_3 spanning? : True
Is IST_4 spanning? : True
Is IST_5 spanning? : True
Are all ISTs independent? : True

====TEST CR(257, 40, 80)====
Is IST_0 spanning? : True
Is IST_1 spanning? : True
Is IST_2 spanning? : True
Is IST_3 spanning? : True
Is IST_4 spanning? : True
Is IST_5 spanning? : True
Are all ISTs independent? : True

====TEST CR(258, 40, 80)====
Is IST_0 spanning? : True
Is IST_1 spanning? : True
Is IST_2 spanning? : True
Is IST_3 spanning? : True
Is IST_4 spanning? : True
Is IST_5 spanning? : True
Are all ISTs independent? : True

====TEST CR(259, 40, 80)====
Is IST_0 spanning? : True
Is IST_1 spanning? : True
Is IST_2 spanning? : True
Is IST_3 spanning? : True
Is IST_4 spanning? : True
Is IST_5 spanning? : True
Are all ISTs independent? : True

====TEST CR(260, 40, 80)====
Is IST_0 spanning? : True
Is IST_1 spanning? : True
Is IST_2 spanning? : True
Is IST_3 spanning? : True
Is IST_4 spanning? : True
Is IST_5 spanning? : True
Are all ISTs independent? : True

====TEST CR(261, 40, 80)====
Is IST_0 spanning? : True
Is IST_1 spanning? : True
Is IST_2 spanning? : True
Is IST_3 spanning? : True
Is IST_4 spanning? : True
Is IST_5 spanning? : True
Are all ISTs independent? : True

====TEST CR(262, 40, 80)====
Is IST_0 spanning? : True
Is IST_1 spanning? : True
Is IST_2 spanning? : True
Is IST_3 spanning? : True
Is IST_4 spanning? : True
Is IST_5 spanning? : True
Are all ISTs independent? : True

====TEST CR(263, 40, 80)====
Is IST_0 spanning? : True
Is IST_1 spanning? : True
Is IST_2 spanning? : True
Is IST_3 spanning? : True
Is IST_4 spanning? : True
Is IST_5 spanning? : True
Are all ISTs independent? : True

====TEST CR(264, 40, 80)====
Is IST_0 spanning? : True
Is IST_1 spanning? : True
Is IST_2 spanning? : True
Is IST_3 spanning? : True
Is IST_4 spanning? : True
Is IST_5 spanning? : True
Are all ISTs independent? : True

====TEST CR(265, 40, 80)====
Is IST_0 spanning? : True
Is IST_1 spanning? : True
Is IST_2 spanning? : True
Is IST_3 spanning? : True
Is IST_4 spanning? : True
Is IST_5 spanning? : True
Are all ISTs independent? : True

====TEST CR(266, 40, 80)====
Is IST_0 spanning? : True
Is IST_1 spanning? : True
Is IST_2 spanning? : True
Is IST_3 spanning? : True
Is IST_4 spanning? : True
Is IST_5 spanning? : True
Are all ISTs independent? : True

====TEST CR(267, 40, 80)====
Is IST_0 spanning? : True
Is IST_1 spanning? : True
Is IST_2 spanning? : True
Is IST_3 spanning? : True
Is IST_4 spanning? : True
Is IST_5 spanning? : True
Are all ISTs independent? : True

====TEST CR(268, 40, 80)====
Is IST_0 spanning? : True
Is IST_1 spanning? : True
Is IST_2 spanning? : True
Is IST_3 spanning? : True
Is IST_4 spanning? : True
Is IST_5 spanning? : True
Are all ISTs independent? : True

====TEST CR(269, 40, 80)====
Is IST_0 spanning? : True
Is IST_1 spanning? : True
Is IST_2 spanning? : True
Is IST_3 spanning? : True
Is IST_4 spanning? : True
Is IST_5 spanning? : True
Are all ISTs independent? : True

====TEST CR(270, 40, 80)====
Is IST_0 spanning? : True
Is IST_1 spanning? : True
Is IST_2 spanning? : True
Is IST_3 spanning? : True
Is IST_4 spanning? : True
Is IST_5 spanning? : True
Are all ISTs independent? : True

====TEST CR(271, 40, 80)====
Is IST_0 spanning? : True
Is IST_1 spanning? : True
Is IST_2 spanning? : True
Is IST_3 spanning? : True
Is IST_4 spanning? : True
Is IST_5 spanning? : True
Are all ISTs independent? : True

====TEST CR(272, 40, 80)====
Is IST_0 spanning? : True
Is IST_1 spanning? : True
Is IST_2 spanning? : True
Is IST_3 spanning? : True
Is IST_4 spanning? : True
Is IST_5 spanning? : True
Are all ISTs independent? : True

====TEST CR(273, 40, 80)====
Is IST_0 spanning? : True
Is IST_1 spanning? : True
Is IST_2 spanning? : True
Is IST_3 spanning? : True
Is IST_4 spanning? : True
Is IST_5 spanning? : True
Are all ISTs independent? : True

====TEST CR(274, 40, 80)====
Is IST_0 spanning? : True
Is IST_1 spanning? : True
Is IST_2 spanning? : True
Is IST_3 spanning? : True
Is IST_4 spanning? : True
Is IST_5 spanning? : True
Are all ISTs independent? : True

====TEST CR(275, 40, 80)====
Is IST_0 spanning? : True
Is IST_1 spanning? : True
Is IST_2 spanning? : True
Is IST_3 spanning? : True
Is IST_4 spanning? : True
Is IST_5 spanning? : True
Are all ISTs independent? : True

====TEST CR(276, 40, 80)====
Is IST_0 spanning? : True
Is IST_1 spanning? : True
Is IST_2 spanning? : True
Is IST_3 spanning? : True
Is IST_4 spanning? : True
Is IST_5 spanning? : True
Are all ISTs independent? : True

====TEST CR(277, 40, 80)====
Is IST_0 spanning? : True
Is IST_1 spanning? : True
Is IST_2 spanning? : True
Is IST_3 spanning? : True
Is IST_4 spanning? : True
Is IST_5 spanning? : True
Are all ISTs independent? : True

====TEST CR(278, 40, 80)====
Is IST_0 spanning? : True
Is IST_1 spanning? : True
Is IST_2 spanning? : True
Is IST_3 spanning? : True
Is IST_4 spanning? : True
Is IST_5 spanning? : True
Are all ISTs independent? : True

====TEST CR(279, 40, 80)====
Is IST_0 spanning? : True
Is IST_1 spanning? : True
Is IST_2 spanning? : True
Is IST_3 spanning? : True
Is IST_4 spanning? : True
Is IST_5 spanning? : True
Are all ISTs independent? : True

====TEST CR(280, 40, 80)====
Is IST_0 spanning? : True
Is IST_1 spanning? : True
Is IST_2 spanning? : True
Is IST_3 spanning? : True
Is IST_4 spanning? : True
Is IST_5 spanning? : True
Are all ISTs independent? : True

====TEST CR(281, 40, 80)====
Is IST_0 spanning? : True
Is IST_1 spanning? : True
Is IST_2 spanning? : True
Is IST_3 spanning? : True
Is IST_4 spanning? : True
Is IST_5 spanning? : True
Are all ISTs independent? : True

====TEST CR(282, 40, 80)====
Is IST_0 spanning? : True
Is IST_1 spanning? : True
Is IST_2 spanning? : True
Is IST_3 spanning? : True
Is IST_4 spanning? : True
Is IST_5 spanning? : True
Are all ISTs independent? : True

====TEST CR(283, 40, 80)====
Is IST_0 spanning? : True
Is IST_1 spanning? : True
Is IST_2 spanning? : True
Is IST_3 spanning? : True
Is IST_4 spanning? : True
Is IST_5 spanning? : True
Are all ISTs independent? : True

====TEST CR(284, 40, 80)====
Is IST_0 spanning? : True
Is IST_1 spanning? : True
Is IST_2 spanning? : True
Is IST_3 spanning? : True
Is IST_4 spanning? : True
Is IST_5 spanning? : True
Are all ISTs independent? : True

====TEST CR(285, 40, 80)====
Is IST_0 spanning? : True
Is IST_1 spanning? : True
Is IST_2 spanning? : True
Is IST_3 spanning? : True
Is IST_4 spanning? : True
Is IST_5 spanning? : True
Are all ISTs independent? : True

====TEST CR(286, 40, 80)====
Is IST_0 spanning? : True
Is IST_1 spanning? : True
Is IST_2 spanning? : True
Is IST_3 spanning? : True
Is IST_4 spanning? : True
Is IST_5 spanning? : True
Are all ISTs independent? : True

====TEST CR(287, 40, 80)====
Is IST_0 spanning? : True
Is IST_1 spanning? : True
Is IST_2 spanning? : True
Is IST_3 spanning? : True
Is IST_4 spanning? : True
Is IST_5 spanning? : True
Are all ISTs independent? : True

====TEST CR(288, 40, 80)====
Is IST_0 spanning? : True
Is IST_1 spanning? : True
Is IST_2 spanning? : True
Is IST_3 spanning? : True
Is IST_4 spanning? : True
Is IST_5 spanning? : True
Are all ISTs independent? : True

====TEST CR(289, 40, 80)====
Is IST_0 spanning? : True
Is IST_1 spanning? : True
Is IST_2 spanning? : True
Is IST_3 spanning? : True
Is IST_4 spanning? : True
Is IST_5 spanning? : True
Are all ISTs independent? : True

====TEST CR(290, 40, 80)====
Is IST_0 spanning? : True
Is IST_1 spanning? : True
Is IST_2 spanning? : True
Is IST_3 spanning? : True
Is IST_4 spanning? : True
Is IST_5 spanning? : True
Are all ISTs independent? : True

====TEST CR(291, 40, 80)====
Is IST_0 spanning? : True
Is IST_1 spanning? : True
Is IST_2 spanning? : True
Is IST_3 spanning? : True
Is IST_4 spanning? : True
Is IST_5 spanning? : True
Are all ISTs independent? : True

====TEST CR(292, 40, 80)====
Is IST_0 spanning? : True
Is IST_1 spanning? : True
Is IST_2 spanning? : True
Is IST_3 spanning? : True
Is IST_4 spanning? : True
Is IST_5 spanning? : True
Are all ISTs independent? : True

====TEST CR(293, 40, 80)====
Is IST_0 spanning? : True
Is IST_1 spanning? : True
Is IST_2 spanning? : True
Is IST_3 spanning? : True
Is IST_4 spanning? : True
Is IST_5 spanning? : True
Are all ISTs independent? : True

====TEST CR(294, 40, 80)====
Is IST_0 spanning? : True
Is IST_1 spanning? : True
Is IST_2 spanning? : True
Is IST_3 spanning? : True
Is IST_4 spanning? : True
Is IST_5 spanning? : True
Are all ISTs independent? : True

====TEST CR(295, 40, 80)====
Is IST_0 spanning? : True
Is IST_1 spanning? : True
Is IST_2 spanning? : True
Is IST_3 spanning? : True
Is IST_4 spanning? : True
Is IST_5 spanning? : True
Are all ISTs independent? : True

====TEST CR(296, 40, 80)====
Is IST_0 spanning? : True
Is IST_1 spanning? : True
Is IST_2 spanning? : True
Is IST_3 spanning? : True
Is IST_4 spanning? : True
Is IST_5 spanning? : True
Are all ISTs independent? : True

====TEST CR(297, 40, 80)====
Is IST_0 spanning? : True
Is IST_1 spanning? : True
Is IST_2 spanning? : True
Is IST_3 spanning? : True
Is IST_4 spanning? : True
Is IST_5 spanning? : True
Are all ISTs independent? : True

====TEST CR(298, 40, 80)====
Is IST_0 spanning? : True
Is IST_1 spanning? : True
Is IST_2 spanning? : True
Is IST_3 spanning? : True
Is IST_4 spanning? : True
Is IST_5 spanning? : True
Are all ISTs independent? : True

====TEST CR(299, 40, 80)====
Is IST_0 spanning? : True
Is IST_1 spanning? : True
Is IST_2 spanning? : True
Is IST_3 spanning? : True
Is IST_4 spanning? : True
Is IST_5 spanning? : True
Are all ISTs independent? : True

====TEST CR(300, 40, 80)====
Is IST_0 spanning? : True
Is IST_1 spanning? : True
Is IST_2 spanning? : True
Is IST_3 spanning? : True
Is IST_4 spanning? : True
Is IST_5 spanning? : True
Are all ISTs independent? : True

====TEST CR(301, 40, 80)====
Is IST_0 spanning? : True
Is IST_1 spanning? : True
Is IST_2 spanning? : True
Is IST_3 spanning? : True
Is IST_4 spanning? : True
Is IST_5 spanning? : True
Are all ISTs independent? : True

====TEST CR(302, 40, 80)====
Is IST_0 spanning? : True
Is IST_1 spanning? : True
Is IST_2 spanning? : True
Is IST_3 spanning? : True
Is IST_4 spanning? : True
Is IST_5 spanning? : True
Are all ISTs independent? : True

====TEST CR(303, 40, 80)====
Is IST_0 spanning? : True
Is IST_1 spanning? : True
Is IST_2 spanning? : True
Is IST_3 spanning? : True
Is IST_4 spanning? : True
Is IST_5 spanning? : True
Are all ISTs independent? : True

====TEST CR(304, 40, 80)====
Is IST_0 spanning? : True
Is IST_1 spanning? : True
Is IST_2 spanning? : True
Is IST_3 spanning? : True
Is IST_4 spanning? : True
Is IST_5 spanning? : True
Are all ISTs independent? : True

====TEST CR(305, 40, 80)====
Is IST_0 spanning? : True
Is IST_1 spanning? : True
Is IST_2 spanning? : True
Is IST_3 spanning? : True
Is IST_4 spanning? : True
Is IST_5 spanning? : True
Are all ISTs independent? : True

====TEST CR(306, 40, 80)====
Is IST_0 spanning? : True
Is IST_1 spanning? : True
Is IST_2 spanning? : True
Is IST_3 spanning? : True
Is IST_4 spanning? : True
Is IST_5 spanning? : True
Are all ISTs independent? : True

====TEST CR(307, 40, 80)====
Is IST_0 spanning? : True
Is IST_1 spanning? : True
Is IST_2 spanning? : True
Is IST_3 spanning? : True
Is IST_4 spanning? : True
Is IST_5 spanning? : True
Are all ISTs independent? : True

====TEST CR(308, 40, 80)====
Is IST_0 spanning? : True
Is IST_1 spanning? : True
Is IST_2 spanning? : True
Is IST_3 spanning? : True
Is IST_4 spanning? : True
Is IST_5 spanning? : True
Are all ISTs independent? : True

====TEST CR(309, 40, 80)====
Is IST_0 spanning? : True
Is IST_1 spanning? : True
Is IST_2 spanning? : True
Is IST_3 spanning? : True
Is IST_4 spanning? : True
Is IST_5 spanning? : True
Are all ISTs independent? : True

====TEST CR(310, 40, 80)====
Is IST_0 spanning? : True
Is IST_1 spanning? : True
Is IST_2 spanning? : True
Is IST_3 spanning? : True
Is IST_4 spanning? : True
Is IST_5 spanning? : True
Are all ISTs independent? : True

====TEST CR(311, 40, 80)====
Is IST_0 spanning? : True
Is IST_1 spanning? : True
Is IST_2 spanning? : True
Is IST_3 spanning? : True
Is IST_4 spanning? : True
Is IST_5 spanning? : True
Are all ISTs independent? : True

====TEST CR(312, 40, 80)====
Is IST_0 spanning? : True
Is IST_1 spanning? : True
Is IST_2 spanning? : True
Is IST_3 spanning? : True
Is IST_4 spanning? : True
Is IST_5 spanning? : True
Are all ISTs independent? : True

====TEST CR(313, 40, 80)====
Is IST_0 spanning? : True
Is IST_1 spanning? : True
Is IST_2 spanning? : True
Is IST_3 spanning? : True
Is IST_4 spanning? : True
Is IST_5 spanning? : True
Are all ISTs independent? : True

====TEST CR(314, 40, 80)====
Is IST_0 spanning? : True
Is IST_1 spanning? : True
Is IST_2 spanning? : True
Is IST_3 spanning? : True
Is IST_4 spanning? : True
Is IST_5 spanning? : True
Are all ISTs independent? : True

====TEST CR(315, 40, 80)====
Is IST_0 spanning? : True
Is IST_1 spanning? : True
Is IST_2 spanning? : True
Is IST_3 spanning? : True
Is IST_4 spanning? : True
Is IST_5 spanning? : True
Are all ISTs independent? : True

====TEST CR(316, 40, 80)====
Is IST_0 spanning? : True
Is IST_1 spanning? : True
Is IST_2 spanning? : True
Is IST_3 spanning? : True
Is IST_4 spanning? : True
Is IST_5 spanning? : True
Are all ISTs independent? : True

====TEST CR(317, 40, 80)====
Is IST_0 spanning? : True
Is IST_1 spanning? : True
Is IST_2 spanning? : True
Is IST_3 spanning? : True
Is IST_4 spanning? : True
Is IST_5 spanning? : True
Are all ISTs independent? : True

====TEST CR(318, 40, 80)====
Is IST_0 spanning? : True
Is IST_1 spanning? : True
Is IST_2 spanning? : True
Is IST_3 spanning? : True
Is IST_4 spanning? : True
Is IST_5 spanning? : True
Are all ISTs independent? : True

====TEST CR(319, 40, 80)====
Is IST_0 spanning? : True
Is IST_1 spanning? : True
Is IST_2 spanning? : True
Is IST_3 spanning? : True
Is IST_4 spanning? : True
Is IST_5 spanning? : True
Are all ISTs independent? : True

====TEST CR(320, 40, 80)====
Is IST_0 spanning? : True
Is IST_1 spanning? : True
Is IST_2 spanning? : True
Is IST_3 spanning? : True
Is IST_4 spanning? : True
Is IST_5 spanning? : True
Are all ISTs independent? : True

====TEST CR(321, 40, 80)====
Is IST_0 spanning? : True
Is IST_1 spanning? : True
Is IST_2 spanning? : True
Is IST_3 spanning? : True
Is IST_4 spanning? : True
Is IST_5 spanning? : True
Are all ISTs independent? : True

====TEST CR(322, 40, 80)====
Is IST_0 spanning? : True
Is IST_1 spanning? : True
Is IST_2 spanning? : True
Is IST_3 spanning? : True
Is IST_4 spanning? : True
Is IST_5 spanning? : True
Are all ISTs independent? : True

====TEST CR(323, 40, 80)====
Is IST_0 spanning? : True
Is IST_1 spanning? : True
Is IST_2 spanning? : True
Is IST_3 spanning? : True
Is IST_4 spanning? : True
Is IST_5 spanning? : True
Are all ISTs independent? : True

====TEST CR(324, 40, 80)====
Is IST_0 spanning? : True
Is IST_1 spanning? : True
Is IST_2 spanning? : True
Is IST_3 spanning? : True
Is IST_4 spanning? : True
Is IST_5 spanning? : True
Are all ISTs independent? : True

====TEST CR(325, 40, 80)====
Is IST_0 spanning? : True
Is IST_1 spanning? : True
Is IST_2 spanning? : True
Is IST_3 spanning? : True
Is IST_4 spanning? : True
Is IST_5 spanning? : True
Are all ISTs independent? : True

====TEST CR(326, 40, 80)====
Is IST_0 spanning? : True
Is IST_1 spanning? : True
Is IST_2 spanning? : True
Is IST_3 spanning? : True
Is IST_4 spanning? : True
Is IST_5 spanning? : True
Are all ISTs independent? : True

====TEST CR(327, 40, 80)====
Is IST_0 spanning? : True
Is IST_1 spanning? : True
Is IST_2 spanning? : True
Is IST_3 spanning? : True
Is IST_4 spanning? : True
Is IST_5 spanning? : True
Are all ISTs independent? : True

====TEST CR(328, 40, 80)====
Is IST_0 spanning? : True
Is IST_1 spanning? : True
Is IST_2 spanning? : True
Is IST_3 spanning? : True
Is IST_4 spanning? : True
Is IST_5 spanning? : True
Are all ISTs independent? : True

====TEST CR(329, 40, 80)====
Is IST_0 spanning? : True
Is IST_1 spanning? : True
Is IST_2 spanning? : True
Is IST_3 spanning? : True
Is IST_4 spanning? : True
Is IST_5 spanning? : True
Are all ISTs independent? : True

====TEST CR(330, 40, 80)====
Is IST_0 spanning? : True
Is IST_1 spanning? : True
Is IST_2 spanning? : True
Is IST_3 spanning? : True
Is IST_4 spanning? : True
Is IST_5 spanning? : True
Are all ISTs independent? : True

====TEST CR(331, 40, 80)====
Is IST_0 spanning? : True
Is IST_1 spanning? : True
Is IST_2 spanning? : True
Is IST_3 spanning? : True
Is IST_4 spanning? : True
Is IST_5 spanning? : True
Are all ISTs independent? : True

====TEST CR(332, 40, 80)====
Is IST_0 spanning? : True
Is IST_1 spanning? : True
Is IST_2 spanning? : True
Is IST_3 spanning? : True
Is IST_4 spanning? : True
Is IST_5 spanning? : True
Are all ISTs independent? : True

====TEST CR(333, 40, 80)====
Is IST_0 spanning? : True
Is IST_1 spanning? : True
Is IST_2 spanning? : True
Is IST_3 spanning? : True
Is IST_4 spanning? : True
Is IST_5 spanning? : True
Are all ISTs independent? : True

====TEST CR(334, 40, 80)====
Is IST_0 spanning? : True
Is IST_1 spanning? : True
Is IST_2 spanning? : True
Is IST_3 spanning? : True
Is IST_4 spanning? : True
Is IST_5 spanning? : True
Are all ISTs independent? : True

====TEST CR(335, 40, 80)====
Is IST_0 spanning? : True
Is IST_1 spanning? : True
Is IST_2 spanning? : True
Is IST_3 spanning? : True
Is IST_4 spanning? : True
Is IST_5 spanning? : True
Are all ISTs independent? : True

====TEST CR(336, 40, 80)====
Is IST_0 spanning? : True
Is IST_1 spanning? : True
Is IST_2 spanning? : True
Is IST_3 spanning? : True
Is IST_4 spanning? : True
Is IST_5 spanning? : True
Are all ISTs independent? : True

====TEST CR(337, 40, 80)====
Is IST_0 spanning? : True
Is IST_1 spanning? : True
Is IST_2 spanning? : True
Is IST_3 spanning? : True
Is IST_4 spanning? : True
Is IST_5 spanning? : True
Are all ISTs independent? : True

====TEST CR(338, 40, 80)====
Is IST_0 spanning? : True
Is IST_1 spanning? : True
Is IST_2 spanning? : True
Is IST_3 spanning? : True
Is IST_4 spanning? : True
Is IST_5 spanning? : True
Are all ISTs independent? : True

====TEST CR(339, 40, 80)====
Is IST_0 spanning? : True
Is IST_1 spanning? : True
Is IST_2 spanning? : True
Is IST_3 spanning? : True
Is IST_4 spanning? : True
Is IST_5 spanning? : True
Are all ISTs independent? : True

====TEST CR(340, 40, 80)====
Is IST_0 spanning? : True
Is IST_1 spanning? : True
Is IST_2 spanning? : True
Is IST_3 spanning? : True
Is IST_4 spanning? : True
Is IST_5 spanning? : True
Are all ISTs independent? : True

====TEST CR(341, 40, 80)====
Is IST_0 spanning? : True
Is IST_1 spanning? : True
Is IST_2 spanning? : True
Is IST_3 spanning? : True
Is IST_4 spanning? : True
Is IST_5 spanning? : True
Are all ISTs independent? : True

====TEST CR(342, 40, 80)====
Is IST_0 spanning? : True
Is IST_1 spanning? : True
Is IST_2 spanning? : True
Is IST_3 spanning? : True
Is IST_4 spanning? : True
Is IST_5 spanning? : True
Are all ISTs independent? : True

====TEST CR(343, 40, 80)====
Is IST_0 spanning? : True
Is IST_1 spanning? : True
Is IST_2 spanning? : True
Is IST_3 spanning? : True
Is IST_4 spanning? : True
Is IST_5 spanning? : True
Are all ISTs independent? : True

====TEST CR(344, 40, 80)====
Is IST_0 spanning? : True
Is IST_1 spanning? : True
Is IST_2 spanning? : True
Is IST_3 spanning? : True
Is IST_4 spanning? : True
Is IST_5 spanning? : True
Are all ISTs independent? : True

====TEST CR(345, 40, 80)====
Is IST_0 spanning? : True
Is IST_1 spanning? : True
Is IST_2 spanning? : True
Is IST_3 spanning? : True
Is IST_4 spanning? : True
Is IST_5 spanning? : True
Are all ISTs independent? : True

====TEST CR(346, 40, 80)====
Is IST_0 spanning? : True
Is IST_1 spanning? : True
Is IST_2 spanning? : True
Is IST_3 spanning? : True
Is IST_4 spanning? : True
Is IST_5 spanning? : True
Are all ISTs independent? : True

====TEST CR(347, 40, 80)====
Is IST_0 spanning? : True
Is IST_1 spanning? : True
Is IST_2 spanning? : True
Is IST_3 spanning? : True
Is IST_4 spanning? : True
Is IST_5 spanning? : True
Are all ISTs independent? : True

====TEST CR(348, 40, 80)====
Is IST_0 spanning? : True
Is IST_1 spanning? : True
Is IST_2 spanning? : True
Is IST_3 spanning? : True
Is IST_4 spanning? : True
Is IST_5 spanning? : True
Are all ISTs independent? : True

====TEST CR(349, 40, 80)====
Is IST_0 spanning? : True
Is IST_1 spanning? : True
Is IST_2 spanning? : True
Is IST_3 spanning? : True
Is IST_4 spanning? : True
Is IST_5 spanning? : True
Are all ISTs independent? : True

====TEST CR(350, 40, 80)====
Is IST_0 spanning? : True
Is IST_1 spanning? : True
Is IST_2 spanning? : True
Is IST_3 spanning? : True
Is IST_4 spanning? : True
Is IST_5 spanning? : True
Are all ISTs independent? : True

====TEST CR(351, 40, 80)====
Is IST_0 spanning? : True
Is IST_1 spanning? : True
Is IST_2 spanning? : True
Is IST_3 spanning? : True
Is IST_4 spanning? : True
Is IST_5 spanning? : True
Are all ISTs independent? : True

====TEST CR(352, 40, 80)====
Is IST_0 spanning? : True
Is IST_1 spanning? : True
Is IST_2 spanning? : True
Is IST_3 spanning? : True
Is IST_4 spanning? : True
Is IST_5 spanning? : True
Are all ISTs independent? : True

====TEST CR(353, 40, 80)====
Is IST_0 spanning? : True
Is IST_1 spanning? : True
Is IST_2 spanning? : True
Is IST_3 spanning? : True
Is IST_4 spanning? : True
Is IST_5 spanning? : True
Are all ISTs independent? : True

====TEST CR(354, 40, 80)====
Is IST_0 spanning? : True
Is IST_1 spanning? : True
Is IST_2 spanning? : True
Is IST_3 spanning? : True
Is IST_4 spanning? : True
Is IST_5 spanning? : True
Are all ISTs independent? : True

====TEST CR(355, 40, 80)====
Is IST_0 spanning? : True
Is IST_1 spanning? : True
Is IST_2 spanning? : True
Is IST_3 spanning? : True
Is IST_4 spanning? : True
Is IST_5 spanning? : True
Are all ISTs independent? : True

====TEST CR(356, 40, 80)====
Is IST_0 spanning? : True
Is IST_1 spanning? : True
Is IST_2 spanning? : True
Is IST_3 spanning? : True
Is IST_4 spanning? : True
Is IST_5 spanning? : True
Are all ISTs independent? : True

====TEST CR(357, 40, 80)====
Is IST_0 spanning? : True
Is IST_1 spanning? : True
Is IST_2 spanning? : True
Is IST_3 spanning? : True
Is IST_4 spanning? : True
Is IST_5 spanning? : True
Are all ISTs independent? : True

====TEST CR(358, 40, 80)====
Is IST_0 spanning? : True
Is IST_1 spanning? : True
Is IST_2 spanning? : True
Is IST_3 spanning? : True
Is IST_4 spanning? : True
Is IST_5 spanning? : True
Are all ISTs independent? : True

====TEST CR(359, 40, 80)====
Is IST_0 spanning? : True
Is IST_1 spanning? : True
Is IST_2 spanning? : True
Is IST_3 spanning? : True
Is IST_4 spanning? : True
Is IST_5 spanning? : True
Are all ISTs independent? : True

====TEST CR(360, 40, 80)====
Is IST_0 spanning? : True
Is IST_1 spanning? : True
Is IST_2 spanning? : True
Is IST_3 spanning? : True
Is IST_4 spanning? : True
Is IST_5 spanning? : True
Are all ISTs independent? : True

====TEST CR(361, 40, 80)====
Is IST_0 spanning? : True
Is IST_1 spanning? : True
Is IST_2 spanning? : True
Is IST_3 spanning? : True
Is IST_4 spanning? : True
Is IST_5 spanning? : True
Are all ISTs independent? : True

====TEST CR(362, 40, 80)====
Is IST_0 spanning? : True
Is IST_1 spanning? : True
Is IST_2 spanning? : True
Is IST_3 spanning? : True
Is IST_4 spanning? : True
Is IST_5 spanning? : True
Are all ISTs independent? : True

====TEST CR(363, 40, 80)====
Is IST_0 spanning? : True
Is IST_1 spanning? : True
Is IST_2 spanning? : True
Is IST_3 spanning? : True
Is IST_4 spanning? : True
Is IST_5 spanning? : True
Are all ISTs independent? : True

====TEST CR(364, 40, 80)====
Is IST_0 spanning? : True
Is IST_1 spanning? : True
Is IST_2 spanning? : True
Is IST_3 spanning? : True
Is IST_4 spanning? : True
Is IST_5 spanning? : True
Are all ISTs independent? : True

====TEST CR(365, 40, 80)====
Is IST_0 spanning? : True
Is IST_1 spanning? : True
Is IST_2 spanning? : True
Is IST_3 spanning? : True
Is IST_4 spanning? : True
Is IST_5 spanning? : True
Are all ISTs independent? : True

====TEST CR(366, 40, 80)====
Is IST_0 spanning? : True
Is IST_1 spanning? : True
Is IST_2 spanning? : True
Is IST_3 spanning? : True
Is IST_4 spanning? : True
Is IST_5 spanning? : True
Are all ISTs independent? : True

====TEST CR(367, 40, 80)====
Is IST_0 spanning? : True
Is IST_1 spanning? : True
Is IST_2 spanning? : True
Is IST_3 spanning? : True
Is IST_4 spanning? : True
Is IST_5 spanning? : True
Are all ISTs independent? : True

====TEST CR(368, 40, 80)====
Is IST_0 spanning? : True
Is IST_1 spanning? : True
Is IST_2 spanning? : True
Is IST_3 spanning? : True
Is IST_4 spanning? : True
Is IST_5 spanning? : True
Are all ISTs independent? : True

====TEST CR(246, 41, 82)====
Is IST_0 spanning? : True
Is IST_1 spanning? : True
Is IST_2 spanning? : True
Is IST_3 spanning? : True
Is IST_4 spanning? : True
Is IST_5 spanning? : True
Are all ISTs independent? : True

====TEST CR(247, 41, 82)====
Is IST_0 spanning? : True
Is IST_1 spanning? : True
Is IST_2 spanning? : True
Is IST_3 spanning? : True
Is IST_4 spanning? : True
Is IST_5 spanning? : True
Are all ISTs independent? : True

====TEST CR(248, 41, 82)====
Is IST_0 spanning? : True
Is IST_1 spanning? : True
Is IST_2 spanning? : True
Is IST_3 spanning? : True
Is IST_4 spanning? : True
Is IST_5 spanning? : True
Are all ISTs independent? : True

====TEST CR(249, 41, 82)====
Is IST_0 spanning? : True
Is IST_1 spanning? : True
Is IST_2 spanning? : True
Is IST_3 spanning? : True
Is IST_4 spanning? : True
Is IST_5 spanning? : True
Are all ISTs independent? : True

====TEST CR(250, 41, 82)====
Is IST_0 spanning? : True
Is IST_1 spanning? : True
Is IST_2 spanning? : True
Is IST_3 spanning? : True
Is IST_4 spanning? : True
Is IST_5 spanning? : True
Are all ISTs independent? : True

====TEST CR(251, 41, 82)====
Is IST_0 spanning? : True
Is IST_1 spanning? : True
Is IST_2 spanning? : True
Is IST_3 spanning? : True
Is IST_4 spanning? : True
Is IST_5 spanning? : True
Are all ISTs independent? : True

====TEST CR(252, 41, 82)====
Is IST_0 spanning? : True
Is IST_1 spanning? : True
Is IST_2 spanning? : True
Is IST_3 spanning? : True
Is IST_4 spanning? : True
Is IST_5 spanning? : True
Are all ISTs independent? : True

====TEST CR(253, 41, 82)====
Is IST_0 spanning? : True
Is IST_1 spanning? : True
Is IST_2 spanning? : True
Is IST_3 spanning? : True
Is IST_4 spanning? : True
Is IST_5 spanning? : True
Are all ISTs independent? : True

====TEST CR(254, 41, 82)====
Is IST_0 spanning? : True
Is IST_1 spanning? : True
Is IST_2 spanning? : True
Is IST_3 spanning? : True
Is IST_4 spanning? : True
Is IST_5 spanning? : True
Are all ISTs independent? : True

====TEST CR(255, 41, 82)====
Is IST_0 spanning? : True
Is IST_1 spanning? : True
Is IST_2 spanning? : True
Is IST_3 spanning? : True
Is IST_4 spanning? : True
Is IST_5 spanning? : True
Are all ISTs independent? : True

====TEST CR(256, 41, 82)====
Is IST_0 spanning? : True
Is IST_1 spanning? : True
Is IST_2 spanning? : True
Is IST_3 spanning? : True
Is IST_4 spanning? : True
Is IST_5 spanning? : True
Are all ISTs independent? : True

====TEST CR(257, 41, 82)====
Is IST_0 spanning? : True
Is IST_1 spanning? : True
Is IST_2 spanning? : True
Is IST_3 spanning? : True
Is IST_4 spanning? : True
Is IST_5 spanning? : True
Are all ISTs independent? : True

====TEST CR(258, 41, 82)====
Is IST_0 spanning? : True
Is IST_1 spanning? : True
Is IST_2 spanning? : True
Is IST_3 spanning? : True
Is IST_4 spanning? : True
Is IST_5 spanning? : True
Are all ISTs independent? : True

====TEST CR(259, 41, 82)====
Is IST_0 spanning? : True
Is IST_1 spanning? : True
Is IST_2 spanning? : True
Is IST_3 spanning? : True
Is IST_4 spanning? : True
Is IST_5 spanning? : True
Are all ISTs independent? : True

====TEST CR(260, 41, 82)====
Is IST_0 spanning? : True
Is IST_1 spanning? : True
Is IST_2 spanning? : True
Is IST_3 spanning? : True
Is IST_4 spanning? : True
Is IST_5 spanning? : True
Are all ISTs independent? : True

====TEST CR(261, 41, 82)====
Is IST_0 spanning? : True
Is IST_1 spanning? : True
Is IST_2 spanning? : True
Is IST_3 spanning? : True
Is IST_4 spanning? : True
Is IST_5 spanning? : True
Are all ISTs independent? : True

====TEST CR(262, 41, 82)====
Is IST_0 spanning? : True
Is IST_1 spanning? : True
Is IST_2 spanning? : True
Is IST_3 spanning? : True
Is IST_4 spanning? : True
Is IST_5 spanning? : True
Are all ISTs independent? : True

====TEST CR(263, 41, 82)====
Is IST_0 spanning? : True
Is IST_1 spanning? : True
Is IST_2 spanning? : True
Is IST_3 spanning? : True
Is IST_4 spanning? : True
Is IST_5 spanning? : True
Are all ISTs independent? : True

====TEST CR(264, 41, 82)====
Is IST_0 spanning? : True
Is IST_1 spanning? : True
Is IST_2 spanning? : True
Is IST_3 spanning? : True
Is IST_4 spanning? : True
Is IST_5 spanning? : True
Are all ISTs independent? : True

====TEST CR(265, 41, 82)====
Is IST_0 spanning? : True
Is IST_1 spanning? : True
Is IST_2 spanning? : True
Is IST_3 spanning? : True
Is IST_4 spanning? : True
Is IST_5 spanning? : True
Are all ISTs independent? : True

====TEST CR(266, 41, 82)====
Is IST_0 spanning? : True
Is IST_1 spanning? : True
Is IST_2 spanning? : True
Is IST_3 spanning? : True
Is IST_4 spanning? : True
Is IST_5 spanning? : True
Are all ISTs independent? : True

====TEST CR(267, 41, 82)====
Is IST_0 spanning? : True
Is IST_1 spanning? : True
Is IST_2 spanning? : True
Is IST_3 spanning? : True
Is IST_4 spanning? : True
Is IST_5 spanning? : True
Are all ISTs independent? : True

====TEST CR(268, 41, 82)====
Is IST_0 spanning? : True
Is IST_1 spanning? : True
Is IST_2 spanning? : True
Is IST_3 spanning? : True
Is IST_4 spanning? : True
Is IST_5 spanning? : True
Are all ISTs independent? : True

====TEST CR(269, 41, 82)====
Is IST_0 spanning? : True
Is IST_1 spanning? : True
Is IST_2 spanning? : True
Is IST_3 spanning? : True
Is IST_4 spanning? : True
Is IST_5 spanning? : True
Are all ISTs independent? : True

====TEST CR(270, 41, 82)====
Is IST_0 spanning? : True
Is IST_1 spanning? : True
Is IST_2 spanning? : True
Is IST_3 spanning? : True
Is IST_4 spanning? : True
Is IST_5 spanning? : True
Are all ISTs independent? : True

====TEST CR(271, 41, 82)====
Is IST_0 spanning? : True
Is IST_1 spanning? : True
Is IST_2 spanning? : True
Is IST_3 spanning? : True
Is IST_4 spanning? : True
Is IST_5 spanning? : True
Are all ISTs independent? : True

====TEST CR(272, 41, 82)====
Is IST_0 spanning? : True
Is IST_1 spanning? : True
Is IST_2 spanning? : True
Is IST_3 spanning? : True
Is IST_4 spanning? : True
Is IST_5 spanning? : True
Are all ISTs independent? : True

====TEST CR(273, 41, 82)====
Is IST_0 spanning? : True
Is IST_1 spanning? : True
Is IST_2 spanning? : True
Is IST_3 spanning? : True
Is IST_4 spanning? : True
Is IST_5 spanning? : True
Are all ISTs independent? : True

====TEST CR(274, 41, 82)====
Is IST_0 spanning? : True
Is IST_1 spanning? : True
Is IST_2 spanning? : True
Is IST_3 spanning? : True
Is IST_4 spanning? : True
Is IST_5 spanning? : True
Are all ISTs independent? : True

====TEST CR(275, 41, 82)====
Is IST_0 spanning? : True
Is IST_1 spanning? : True
Is IST_2 spanning? : True
Is IST_3 spanning? : True
Is IST_4 spanning? : True
Is IST_5 spanning? : True
Are all ISTs independent? : True

====TEST CR(276, 41, 82)====
Is IST_0 spanning? : True
Is IST_1 spanning? : True
Is IST_2 spanning? : True
Is IST_3 spanning? : True
Is IST_4 spanning? : True
Is IST_5 spanning? : True
Are all ISTs independent? : True

====TEST CR(277, 41, 82)====
Is IST_0 spanning? : True
Is IST_1 spanning? : True
Is IST_2 spanning? : True
Is IST_3 spanning? : True
Is IST_4 spanning? : True
Is IST_5 spanning? : True
Are all ISTs independent? : True

====TEST CR(278, 41, 82)====
Is IST_0 spanning? : True
Is IST_1 spanning? : True
Is IST_2 spanning? : True
Is IST_3 spanning? : True
Is IST_4 spanning? : True
Is IST_5 spanning? : True
Are all ISTs independent? : True

====TEST CR(279, 41, 82)====
Is IST_0 spanning? : True
Is IST_1 spanning? : True
Is IST_2 spanning? : True
Is IST_3 spanning? : True
Is IST_4 spanning? : True
Is IST_5 spanning? : True
Are all ISTs independent? : True

====TEST CR(280, 41, 82)====
Is IST_0 spanning? : True
Is IST_1 spanning? : True
Is IST_2 spanning? : True
Is IST_3 spanning? : True
Is IST_4 spanning? : True
Is IST_5 spanning? : True
Are all ISTs independent? : True

====TEST CR(281, 41, 82)====
Is IST_0 spanning? : True
Is IST_1 spanning? : True
Is IST_2 spanning? : True
Is IST_3 spanning? : True
Is IST_4 spanning? : True
Is IST_5 spanning? : True
Are all ISTs independent? : True

====TEST CR(282, 41, 82)====
Is IST_0 spanning? : True
Is IST_1 spanning? : True
Is IST_2 spanning? : True
Is IST_3 spanning? : True
Is IST_4 spanning? : True
Is IST_5 spanning? : True
Are all ISTs independent? : True

====TEST CR(283, 41, 82)====
Is IST_0 spanning? : True
Is IST_1 spanning? : True
Is IST_2 spanning? : True
Is IST_3 spanning? : True
Is IST_4 spanning? : True
Is IST_5 spanning? : True
Are all ISTs independent? : True

====TEST CR(284, 41, 82)====
Is IST_0 spanning? : True
Is IST_1 spanning? : True
Is IST_2 spanning? : True
Is IST_3 spanning? : True
Is IST_4 spanning? : True
Is IST_5 spanning? : True
Are all ISTs independent? : True

====TEST CR(285, 41, 82)====
Is IST_0 spanning? : True
Is IST_1 spanning? : True
Is IST_2 spanning? : True
Is IST_3 spanning? : True
Is IST_4 spanning? : True
Is IST_5 spanning? : True
Are all ISTs independent? : True

====TEST CR(286, 41, 82)====
Is IST_0 spanning? : True
Is IST_1 spanning? : True
Is IST_2 spanning? : True
Is IST_3 spanning? : True
Is IST_4 spanning? : True
Is IST_5 spanning? : True
Are all ISTs independent? : True

====TEST CR(287, 41, 82)====
Is IST_0 spanning? : True
Is IST_1 spanning? : True
Is IST_2 spanning? : True
Is IST_3 spanning? : True
Is IST_4 spanning? : True
Is IST_5 spanning? : True
Are all ISTs independent? : True

====TEST CR(288, 41, 82)====
Is IST_0 spanning? : True
Is IST_1 spanning? : True
Is IST_2 spanning? : True
Is IST_3 spanning? : True
Is IST_4 spanning? : True
Is IST_5 spanning? : True
Are all ISTs independent? : True

====TEST CR(289, 41, 82)====
Is IST_0 spanning? : True
Is IST_1 spanning? : True
Is IST_2 spanning? : True
Is IST_3 spanning? : True
Is IST_4 spanning? : True
Is IST_5 spanning? : True
Are all ISTs independent? : True

====TEST CR(290, 41, 82)====
Is IST_0 spanning? : True
Is IST_1 spanning? : True
Is IST_2 spanning? : True
Is IST_3 spanning? : True
Is IST_4 spanning? : True
Is IST_5 spanning? : True
Are all ISTs independent? : True

====TEST CR(291, 41, 82)====
Is IST_0 spanning? : True
Is IST_1 spanning? : True
Is IST_2 spanning? : True
Is IST_3 spanning? : True
Is IST_4 spanning? : True
Is IST_5 spanning? : True
Are all ISTs independent? : True

====TEST CR(292, 41, 82)====
Is IST_0 spanning? : True
Is IST_1 spanning? : True
Is IST_2 spanning? : True
Is IST_3 spanning? : True
Is IST_4 spanning? : True
Is IST_5 spanning? : True
Are all ISTs independent? : True

====TEST CR(293, 41, 82)====
Is IST_0 spanning? : True
Is IST_1 spanning? : True
Is IST_2 spanning? : True
Is IST_3 spanning? : True
Is IST_4 spanning? : True
Is IST_5 spanning? : True
Are all ISTs independent? : True

====TEST CR(294, 41, 82)====
Is IST_0 spanning? : True
Is IST_1 spanning? : True
Is IST_2 spanning? : True
Is IST_3 spanning? : True
Is IST_4 spanning? : True
Is IST_5 spanning? : True
Are all ISTs independent? : True

====TEST CR(295, 41, 82)====
Is IST_0 spanning? : True
Is IST_1 spanning? : True
Is IST_2 spanning? : True
Is IST_3 spanning? : True
Is IST_4 spanning? : True
Is IST_5 spanning? : True
Are all ISTs independent? : True

====TEST CR(296, 41, 82)====
Is IST_0 spanning? : True
Is IST_1 spanning? : True
Is IST_2 spanning? : True
Is IST_3 spanning? : True
Is IST_4 spanning? : True
Is IST_5 spanning? : True
Are all ISTs independent? : True

====TEST CR(297, 41, 82)====
Is IST_0 spanning? : True
Is IST_1 spanning? : True
Is IST_2 spanning? : True
Is IST_3 spanning? : True
Is IST_4 spanning? : True
Is IST_5 spanning? : True
Are all ISTs independent? : True

====TEST CR(298, 41, 82)====
Is IST_0 spanning? : True
Is IST_1 spanning? : True
Is IST_2 spanning? : True
Is IST_3 spanning? : True
Is IST_4 spanning? : True
Is IST_5 spanning? : True
Are all ISTs independent? : True

====TEST CR(299, 41, 82)====
Is IST_0 spanning? : True
Is IST_1 spanning? : True
Is IST_2 spanning? : True
Is IST_3 spanning? : True
Is IST_4 spanning? : True
Is IST_5 spanning? : True
Are all ISTs independent? : True

====TEST CR(300, 41, 82)====
Is IST_0 spanning? : True
Is IST_1 spanning? : True
Is IST_2 spanning? : True
Is IST_3 spanning? : True
Is IST_4 spanning? : True
Is IST_5 spanning? : True
Are all ISTs independent? : True

====TEST CR(301, 41, 82)====
Is IST_0 spanning? : True
Is IST_1 spanning? : True
Is IST_2 spanning? : True
Is IST_3 spanning? : True
Is IST_4 spanning? : True
Is IST_5 spanning? : True
Are all ISTs independent? : True

====TEST CR(302, 41, 82)====
Is IST_0 spanning? : True
Is IST_1 spanning? : True
Is IST_2 spanning? : True
Is IST_3 spanning? : True
Is IST_4 spanning? : True
Is IST_5 spanning? : True
Are all ISTs independent? : True

====TEST CR(303, 41, 82)====
Is IST_0 spanning? : True
Is IST_1 spanning? : True
Is IST_2 spanning? : True
Is IST_3 spanning? : True
Is IST_4 spanning? : True
Is IST_5 spanning? : True
Are all ISTs independent? : True

====TEST CR(304, 41, 82)====
Is IST_0 spanning? : True
Is IST_1 spanning? : True
Is IST_2 spanning? : True
Is IST_3 spanning? : True
Is IST_4 spanning? : True
Is IST_5 spanning? : True
Are all ISTs independent? : True

====TEST CR(305, 41, 82)====
Is IST_0 spanning? : True
Is IST_1 spanning? : True
Is IST_2 spanning? : True
Is IST_3 spanning? : True
Is IST_4 spanning? : True
Is IST_5 spanning? : True
Are all ISTs independent? : True

====TEST CR(306, 41, 82)====
Is IST_0 spanning? : True
Is IST_1 spanning? : True
Is IST_2 spanning? : True
Is IST_3 spanning? : True
Is IST_4 spanning? : True
Is IST_5 spanning? : True
Are all ISTs independent? : True

====TEST CR(307, 41, 82)====
Is IST_0 spanning? : True
Is IST_1 spanning? : True
Is IST_2 spanning? : True
Is IST_3 spanning? : True
Is IST_4 spanning? : True
Is IST_5 spanning? : True
Are all ISTs independent? : True

====TEST CR(308, 41, 82)====
Is IST_0 spanning? : True
Is IST_1 spanning? : True
Is IST_2 spanning? : True
Is IST_3 spanning? : True
Is IST_4 spanning? : True
Is IST_5 spanning? : True
Are all ISTs independent? : True

====TEST CR(309, 41, 82)====
Is IST_0 spanning? : True
Is IST_1 spanning? : True
Is IST_2 spanning? : True
Is IST_3 spanning? : True
Is IST_4 spanning? : True
Is IST_5 spanning? : True
Are all ISTs independent? : True

====TEST CR(310, 41, 82)====
Is IST_0 spanning? : True
Is IST_1 spanning? : True
Is IST_2 spanning? : True
Is IST_3 spanning? : True
Is IST_4 spanning? : True
Is IST_5 spanning? : True
Are all ISTs independent? : True

====TEST CR(311, 41, 82)====
Is IST_0 spanning? : True
Is IST_1 spanning? : True
Is IST_2 spanning? : True
Is IST_3 spanning? : True
Is IST_4 spanning? : True
Is IST_5 spanning? : True
Are all ISTs independent? : True

====TEST CR(312, 41, 82)====
Is IST_0 spanning? : True
Is IST_1 spanning? : True
Is IST_2 spanning? : True
Is IST_3 spanning? : True
Is IST_4 spanning? : True
Is IST_5 spanning? : True
Are all ISTs independent? : True

====TEST CR(313, 41, 82)====
Is IST_0 spanning? : True
Is IST_1 spanning? : True
Is IST_2 spanning? : True
Is IST_3 spanning? : True
Is IST_4 spanning? : True
Is IST_5 spanning? : True
Are all ISTs independent? : True

====TEST CR(314, 41, 82)====
Is IST_0 spanning? : True
Is IST_1 spanning? : True
Is IST_2 spanning? : True
Is IST_3 spanning? : True
Is IST_4 spanning? : True
Is IST_5 spanning? : True
Are all ISTs independent? : True

====TEST CR(315, 41, 82)====
Is IST_0 spanning? : True
Is IST_1 spanning? : True
Is IST_2 spanning? : True
Is IST_3 spanning? : True
Is IST_4 spanning? : True
Is IST_5 spanning? : True
Are all ISTs independent? : True

====TEST CR(316, 41, 82)====
Is IST_0 spanning? : True
Is IST_1 spanning? : True
Is IST_2 spanning? : True
Is IST_3 spanning? : True
Is IST_4 spanning? : True
Is IST_5 spanning? : True
Are all ISTs independent? : True

====TEST CR(317, 41, 82)====
Is IST_0 spanning? : True
Is IST_1 spanning? : True
Is IST_2 spanning? : True
Is IST_3 spanning? : True
Is IST_4 spanning? : True
Is IST_5 spanning? : True
Are all ISTs independent? : True

====TEST CR(318, 41, 82)====
Is IST_0 spanning? : True
Is IST_1 spanning? : True
Is IST_2 spanning? : True
Is IST_3 spanning? : True
Is IST_4 spanning? : True
Is IST_5 spanning? : True
Are all ISTs independent? : True

====TEST CR(319, 41, 82)====
Is IST_0 spanning? : True
Is IST_1 spanning? : True
Is IST_2 spanning? : True
Is IST_3 spanning? : True
Is IST_4 spanning? : True
Is IST_5 spanning? : True
Are all ISTs independent? : True

====TEST CR(320, 41, 82)====
Is IST_0 spanning? : True
Is IST_1 spanning? : True
Is IST_2 spanning? : True
Is IST_3 spanning? : True
Is IST_4 spanning? : True
Is IST_5 spanning? : True
Are all ISTs independent? : True

====TEST CR(321, 41, 82)====
Is IST_0 spanning? : True
Is IST_1 spanning? : True
Is IST_2 spanning? : True
Is IST_3 spanning? : True
Is IST_4 spanning? : True
Is IST_5 spanning? : True
Are all ISTs independent? : True

====TEST CR(322, 41, 82)====
Is IST_0 spanning? : True
Is IST_1 spanning? : True
Is IST_2 spanning? : True
Is IST_3 spanning? : True
Is IST_4 spanning? : True
Is IST_5 spanning? : True
Are all ISTs independent? : True

====TEST CR(323, 41, 82)====
Is IST_0 spanning? : True
Is IST_1 spanning? : True
Is IST_2 spanning? : True
Is IST_3 spanning? : True
Is IST_4 spanning? : True
Is IST_5 spanning? : True
Are all ISTs independent? : True

====TEST CR(324, 41, 82)====
Is IST_0 spanning? : True
Is IST_1 spanning? : True
Is IST_2 spanning? : True
Is IST_3 spanning? : True
Is IST_4 spanning? : True
Is IST_5 spanning? : True
Are all ISTs independent? : True

====TEST CR(325, 41, 82)====
Is IST_0 spanning? : True
Is IST_1 spanning? : True
Is IST_2 spanning? : True
Is IST_3 spanning? : True
Is IST_4 spanning? : True
Is IST_5 spanning? : True
Are all ISTs independent? : True

====TEST CR(326, 41, 82)====
Is IST_0 spanning? : True
Is IST_1 spanning? : True
Is IST_2 spanning? : True
Is IST_3 spanning? : True
Is IST_4 spanning? : True
Is IST_5 spanning? : True
Are all ISTs independent? : True

====TEST CR(327, 41, 82)====
Is IST_0 spanning? : True
Is IST_1 spanning? : True
Is IST_2 spanning? : True
Is IST_3 spanning? : True
Is IST_4 spanning? : True
Is IST_5 spanning? : True
Are all ISTs independent? : True

====TEST CR(328, 41, 82)====
Is IST_0 spanning? : True
Is IST_1 spanning? : True
Is IST_2 spanning? : True
Is IST_3 spanning? : True
Is IST_4 spanning? : True
Is IST_5 spanning? : True
Are all ISTs independent? : True

====TEST CR(329, 41, 82)====
Is IST_0 spanning? : True
Is IST_1 spanning? : True
Is IST_2 spanning? : True
Is IST_3 spanning? : True
Is IST_4 spanning? : True
Is IST_5 spanning? : True
Are all ISTs independent? : True

====TEST CR(330, 41, 82)====
Is IST_0 spanning? : True
Is IST_1 spanning? : True
Is IST_2 spanning? : True
Is IST_3 spanning? : True
Is IST_4 spanning? : True
Is IST_5 spanning? : True
Are all ISTs independent? : True

====TEST CR(331, 41, 82)====
Is IST_0 spanning? : True
Is IST_1 spanning? : True
Is IST_2 spanning? : True
Is IST_3 spanning? : True
Is IST_4 spanning? : True
Is IST_5 spanning? : True
Are all ISTs independent? : True

====TEST CR(332, 41, 82)====
Is IST_0 spanning? : True
Is IST_1 spanning? : True
Is IST_2 spanning? : True
Is IST_3 spanning? : True
Is IST_4 spanning? : True
Is IST_5 spanning? : True
Are all ISTs independent? : True

====TEST CR(333, 41, 82)====
Is IST_0 spanning? : True
Is IST_1 spanning? : True
Is IST_2 spanning? : True
Is IST_3 spanning? : True
Is IST_4 spanning? : True
Is IST_5 spanning? : True
Are all ISTs independent? : True

====TEST CR(334, 41, 82)====
Is IST_0 spanning? : True
Is IST_1 spanning? : True
Is IST_2 spanning? : True
Is IST_3 spanning? : True
Is IST_4 spanning? : True
Is IST_5 spanning? : True
Are all ISTs independent? : True

====TEST CR(335, 41, 82)====
Is IST_0 spanning? : True
Is IST_1 spanning? : True
Is IST_2 spanning? : True
Is IST_3 spanning? : True
Is IST_4 spanning? : True
Is IST_5 spanning? : True
Are all ISTs independent? : True

====TEST CR(336, 41, 82)====
Is IST_0 spanning? : True
Is IST_1 spanning? : True
Is IST_2 spanning? : True
Is IST_3 spanning? : True
Is IST_4 spanning? : True
Is IST_5 spanning? : True
Are all ISTs independent? : True

====TEST CR(337, 41, 82)====
Is IST_0 spanning? : True
Is IST_1 spanning? : True
Is IST_2 spanning? : True
Is IST_3 spanning? : True
Is IST_4 spanning? : True
Is IST_5 spanning? : True
Are all ISTs independent? : True

====TEST CR(338, 41, 82)====
Is IST_0 spanning? : True
Is IST_1 spanning? : True
Is IST_2 spanning? : True
Is IST_3 spanning? : True
Is IST_4 spanning? : True
Is IST_5 spanning? : True
Are all ISTs independent? : True

====TEST CR(339, 41, 82)====
Is IST_0 spanning? : True
Is IST_1 spanning? : True
Is IST_2 spanning? : True
Is IST_3 spanning? : True
Is IST_4 spanning? : True
Is IST_5 spanning? : True
Are all ISTs independent? : True

====TEST CR(340, 41, 82)====
Is IST_0 spanning? : True
Is IST_1 spanning? : True
Is IST_2 spanning? : True
Is IST_3 spanning? : True
Is IST_4 spanning? : True
Is IST_5 spanning? : True
Are all ISTs independent? : True

====TEST CR(341, 41, 82)====
Is IST_0 spanning? : True
Is IST_1 spanning? : True
Is IST_2 spanning? : True
Is IST_3 spanning? : True
Is IST_4 spanning? : True
Is IST_5 spanning? : True
Are all ISTs independent? : True

====TEST CR(342, 41, 82)====
Is IST_0 spanning? : True
Is IST_1 spanning? : True
Is IST_2 spanning? : True
Is IST_3 spanning? : True
Is IST_4 spanning? : True
Is IST_5 spanning? : True
Are all ISTs independent? : True

====TEST CR(343, 41, 82)====
Is IST_0 spanning? : True
Is IST_1 spanning? : True
Is IST_2 spanning? : True
Is IST_3 spanning? : True
Is IST_4 spanning? : True
Is IST_5 spanning? : True
Are all ISTs independent? : True

====TEST CR(344, 41, 82)====
Is IST_0 spanning? : True
Is IST_1 spanning? : True
Is IST_2 spanning? : True
Is IST_3 spanning? : True
Is IST_4 spanning? : True
Is IST_5 spanning? : True
Are all ISTs independent? : True

====TEST CR(345, 41, 82)====
Is IST_0 spanning? : True
Is IST_1 spanning? : True
Is IST_2 spanning? : True
Is IST_3 spanning? : True
Is IST_4 spanning? : True
Is IST_5 spanning? : True
Are all ISTs independent? : True

====TEST CR(346, 41, 82)====
Is IST_0 spanning? : True
Is IST_1 spanning? : True
Is IST_2 spanning? : True
Is IST_3 spanning? : True
Is IST_4 spanning? : True
Is IST_5 spanning? : True
Are all ISTs independent? : True

====TEST CR(347, 41, 82)====
Is IST_0 spanning? : True
Is IST_1 spanning? : True
Is IST_2 spanning? : True
Is IST_3 spanning? : True
Is IST_4 spanning? : True
Is IST_5 spanning? : True
Are all ISTs independent? : True

====TEST CR(348, 41, 82)====
Is IST_0 spanning? : True
Is IST_1 spanning? : True
Is IST_2 spanning? : True
Is IST_3 spanning? : True
Is IST_4 spanning? : True
Is IST_5 spanning? : True
Are all ISTs independent? : True

====TEST CR(349, 41, 82)====
Is IST_0 spanning? : True
Is IST_1 spanning? : True
Is IST_2 spanning? : True
Is IST_3 spanning? : True
Is IST_4 spanning? : True
Is IST_5 spanning? : True
Are all ISTs independent? : True

====TEST CR(350, 41, 82)====
Is IST_0 spanning? : True
Is IST_1 spanning? : True
Is IST_2 spanning? : True
Is IST_3 spanning? : True
Is IST_4 spanning? : True
Is IST_5 spanning? : True
Are all ISTs independent? : True

====TEST CR(351, 41, 82)====
Is IST_0 spanning? : True
Is IST_1 spanning? : True
Is IST_2 spanning? : True
Is IST_3 spanning? : True
Is IST_4 spanning? : True
Is IST_5 spanning? : True
Are all ISTs independent? : True

====TEST CR(352, 41, 82)====
Is IST_0 spanning? : True
Is IST_1 spanning? : True
Is IST_2 spanning? : True
Is IST_3 spanning? : True
Is IST_4 spanning? : True
Is IST_5 spanning? : True
Are all ISTs independent? : True

====TEST CR(353, 41, 82)====
Is IST_0 spanning? : True
Is IST_1 spanning? : True
Is IST_2 spanning? : True
Is IST_3 spanning? : True
Is IST_4 spanning? : True
Is IST_5 spanning? : True
Are all ISTs independent? : True

====TEST CR(354, 41, 82)====
Is IST_0 spanning? : True
Is IST_1 spanning? : True
Is IST_2 spanning? : True
Is IST_3 spanning? : True
Is IST_4 spanning? : True
Is IST_5 spanning? : True
Are all ISTs independent? : True

====TEST CR(355, 41, 82)====
Is IST_0 spanning? : True
Is IST_1 spanning? : True
Is IST_2 spanning? : True
Is IST_3 spanning? : True
Is IST_4 spanning? : True
Is IST_5 spanning? : True
Are all ISTs independent? : True

====TEST CR(356, 41, 82)====
Is IST_0 spanning? : True
Is IST_1 spanning? : True
Is IST_2 spanning? : True
Is IST_3 spanning? : True
Is IST_4 spanning? : True
Is IST_5 spanning? : True
Are all ISTs independent? : True

====TEST CR(357, 41, 82)====
Is IST_0 spanning? : True
Is IST_1 spanning? : True
Is IST_2 spanning? : True
Is IST_3 spanning? : True
Is IST_4 spanning? : True
Is IST_5 spanning? : True
Are all ISTs independent? : True

====TEST CR(358, 41, 82)====
Is IST_0 spanning? : True
Is IST_1 spanning? : True
Is IST_2 spanning? : True
Is IST_3 spanning? : True
Is IST_4 spanning? : True
Is IST_5 spanning? : True
Are all ISTs independent? : True

====TEST CR(359, 41, 82)====
Is IST_0 spanning? : True
Is IST_1 spanning? : True
Is IST_2 spanning? : True
Is IST_3 spanning? : True
Is IST_4 spanning? : True
Is IST_5 spanning? : True
Are all ISTs independent? : True

====TEST CR(360, 41, 82)====
Is IST_0 spanning? : True
Is IST_1 spanning? : True
Is IST_2 spanning? : True
Is IST_3 spanning? : True
Is IST_4 spanning? : True
Is IST_5 spanning? : True
Are all ISTs independent? : True

====TEST CR(361, 41, 82)====
Is IST_0 spanning? : True
Is IST_1 spanning? : True
Is IST_2 spanning? : True
Is IST_3 spanning? : True
Is IST_4 spanning? : True
Is IST_5 spanning? : True
Are all ISTs independent? : True

====TEST CR(362, 41, 82)====
Is IST_0 spanning? : True
Is IST_1 spanning? : True
Is IST_2 spanning? : True
Is IST_3 spanning? : True
Is IST_4 spanning? : True
Is IST_5 spanning? : True
Are all ISTs independent? : True

====TEST CR(363, 41, 82)====
Is IST_0 spanning? : True
Is IST_1 spanning? : True
Is IST_2 spanning? : True
Is IST_3 spanning? : True
Is IST_4 spanning? : True
Is IST_5 spanning? : True
Are all ISTs independent? : True

====TEST CR(364, 41, 82)====
Is IST_0 spanning? : True
Is IST_1 spanning? : True
Is IST_2 spanning? : True
Is IST_3 spanning? : True
Is IST_4 spanning? : True
Is IST_5 spanning? : True
Are all ISTs independent? : True

====TEST CR(365, 41, 82)====
Is IST_0 spanning? : True
Is IST_1 spanning? : True
Is IST_2 spanning? : True
Is IST_3 spanning? : True
Is IST_4 spanning? : True
Is IST_5 spanning? : True
Are all ISTs independent? : True

====TEST CR(366, 41, 82)====
Is IST_0 spanning? : True
Is IST_1 spanning? : True
Is IST_2 spanning? : True
Is IST_3 spanning? : True
Is IST_4 spanning? : True
Is IST_5 spanning? : True
Are all ISTs independent? : True

====TEST CR(367, 41, 82)====
Is IST_0 spanning? : True
Is IST_1 spanning? : True
Is IST_2 spanning? : True
Is IST_3 spanning? : True
Is IST_4 spanning? : True
Is IST_5 spanning? : True
Are all ISTs independent? : True

====TEST CR(368, 41, 82)====
Is IST_0 spanning? : True
Is IST_1 spanning? : True
Is IST_2 spanning? : True
Is IST_3 spanning? : True
Is IST_4 spanning? : True
Is IST_5 spanning? : True
Are all ISTs independent? : True

====TEST CR(369, 41, 82)====
Is IST_0 spanning? : True
Is IST_1 spanning? : True
Is IST_2 spanning? : True
Is IST_3 spanning? : True
Is IST_4 spanning? : True
Is IST_5 spanning? : True
Are all ISTs independent? : True

====TEST CR(370, 41, 82)====
Is IST_0 spanning? : True
Is IST_1 spanning? : True
Is IST_2 spanning? : True
Is IST_3 spanning? : True
Is IST_4 spanning? : True
Is IST_5 spanning? : True
Are all ISTs independent? : True

====TEST CR(371, 41, 82)====
Is IST_0 spanning? : True
Is IST_1 spanning? : True
Is IST_2 spanning? : True
Is IST_3 spanning? : True
Is IST_4 spanning? : True
Is IST_5 spanning? : True
Are all ISTs independent? : True

====TEST CR(372, 41, 82)====
Is IST_0 spanning? : True
Is IST_1 spanning? : True
Is IST_2 spanning? : True
Is IST_3 spanning? : True
Is IST_4 spanning? : True
Is IST_5 spanning? : True
Are all ISTs independent? : True

====TEST CR(373, 41, 82)====
Is IST_0 spanning? : True
Is IST_1 spanning? : True
Is IST_2 spanning? : True
Is IST_3 spanning? : True
Is IST_4 spanning? : True
Is IST_5 spanning? : True
Are all ISTs independent? : True

====TEST CR(374, 41, 82)====
Is IST_0 spanning? : True
Is IST_1 spanning? : True
Is IST_2 spanning? : True
Is IST_3 spanning? : True
Is IST_4 spanning? : True
Is IST_5 spanning? : True
Are all ISTs independent? : True

====TEST CR(252, 42, 84)====
Is IST_0 spanning? : True
Is IST_1 spanning? : True
Is IST_2 spanning? : True
Is IST_3 spanning? : True
Is IST_4 spanning? : True
Is IST_5 spanning? : True
Are all ISTs independent? : True

====TEST CR(253, 42, 84)====
Is IST_0 spanning? : True
Is IST_1 spanning? : True
Is IST_2 spanning? : True
Is IST_3 spanning? : True
Is IST_4 spanning? : True
Is IST_5 spanning? : True
Are all ISTs independent? : True

====TEST CR(254, 42, 84)====
Is IST_0 spanning? : True
Is IST_1 spanning? : True
Is IST_2 spanning? : True
Is IST_3 spanning? : True
Is IST_4 spanning? : True
Is IST_5 spanning? : True
Are all ISTs independent? : True

====TEST CR(255, 42, 84)====
Is IST_0 spanning? : True
Is IST_1 spanning? : True
Is IST_2 spanning? : True
Is IST_3 spanning? : True
Is IST_4 spanning? : True
Is IST_5 spanning? : True
Are all ISTs independent? : True

====TEST CR(256, 42, 84)====
Is IST_0 spanning? : True
Is IST_1 spanning? : True
Is IST_2 spanning? : True
Is IST_3 spanning? : True
Is IST_4 spanning? : True
Is IST_5 spanning? : True
Are all ISTs independent? : True

====TEST CR(257, 42, 84)====
Is IST_0 spanning? : True
Is IST_1 spanning? : True
Is IST_2 spanning? : True
Is IST_3 spanning? : True
Is IST_4 spanning? : True
Is IST_5 spanning? : True
Are all ISTs independent? : True

====TEST CR(258, 42, 84)====
Is IST_0 spanning? : True
Is IST_1 spanning? : True
Is IST_2 spanning? : True
Is IST_3 spanning? : True
Is IST_4 spanning? : True
Is IST_5 spanning? : True
Are all ISTs independent? : True

====TEST CR(259, 42, 84)====
Is IST_0 spanning? : True
Is IST_1 spanning? : True
Is IST_2 spanning? : True
Is IST_3 spanning? : True
Is IST_4 spanning? : True
Is IST_5 spanning? : True
Are all ISTs independent? : True

====TEST CR(260, 42, 84)====
Is IST_0 spanning? : True
Is IST_1 spanning? : True
Is IST_2 spanning? : True
Is IST_3 spanning? : True
Is IST_4 spanning? : True
Is IST_5 spanning? : True
Are all ISTs independent? : True

====TEST CR(261, 42, 84)====
Is IST_0 spanning? : True
Is IST_1 spanning? : True
Is IST_2 spanning? : True
Is IST_3 spanning? : True
Is IST_4 spanning? : True
Is IST_5 spanning? : True
Are all ISTs independent? : True

====TEST CR(262, 42, 84)====
Is IST_0 spanning? : True
Is IST_1 spanning? : True
Is IST_2 spanning? : True
Is IST_3 spanning? : True
Is IST_4 spanning? : True
Is IST_5 spanning? : True
Are all ISTs independent? : True

====TEST CR(263, 42, 84)====
Is IST_0 spanning? : True
Is IST_1 spanning? : True
Is IST_2 spanning? : True
Is IST_3 spanning? : True
Is IST_4 spanning? : True
Is IST_5 spanning? : True
Are all ISTs independent? : True

====TEST CR(264, 42, 84)====
Is IST_0 spanning? : True
Is IST_1 spanning? : True
Is IST_2 spanning? : True
Is IST_3 spanning? : True
Is IST_4 spanning? : True
Is IST_5 spanning? : True
Are all ISTs independent? : True

====TEST CR(265, 42, 84)====
Is IST_0 spanning? : True
Is IST_1 spanning? : True
Is IST_2 spanning? : True
Is IST_3 spanning? : True
Is IST_4 spanning? : True
Is IST_5 spanning? : True
Are all ISTs independent? : True

====TEST CR(266, 42, 84)====
Is IST_0 spanning? : True
Is IST_1 spanning? : True
Is IST_2 spanning? : True
Is IST_3 spanning? : True
Is IST_4 spanning? : True
Is IST_5 spanning? : True
Are all ISTs independent? : True

====TEST CR(267, 42, 84)====
Is IST_0 spanning? : True
Is IST_1 spanning? : True
Is IST_2 spanning? : True
Is IST_3 spanning? : True
Is IST_4 spanning? : True
Is IST_5 spanning? : True
Are all ISTs independent? : True

====TEST CR(268, 42, 84)====
Is IST_0 spanning? : True
Is IST_1 spanning? : True
Is IST_2 spanning? : True
Is IST_3 spanning? : True
Is IST_4 spanning? : True
Is IST_5 spanning? : True
Are all ISTs independent? : True

====TEST CR(269, 42, 84)====
Is IST_0 spanning? : True
Is IST_1 spanning? : True
Is IST_2 spanning? : True
Is IST_3 spanning? : True
Is IST_4 spanning? : True
Is IST_5 spanning? : True
Are all ISTs independent? : True

====TEST CR(270, 42, 84)====
Is IST_0 spanning? : True
Is IST_1 spanning? : True
Is IST_2 spanning? : True
Is IST_3 spanning? : True
Is IST_4 spanning? : True
Is IST_5 spanning? : True
Are all ISTs independent? : True

====TEST CR(271, 42, 84)====
Is IST_0 spanning? : True
Is IST_1 spanning? : True
Is IST_2 spanning? : True
Is IST_3 spanning? : True
Is IST_4 spanning? : True
Is IST_5 spanning? : True
Are all ISTs independent? : True

====TEST CR(272, 42, 84)====
Is IST_0 spanning? : True
Is IST_1 spanning? : True
Is IST_2 spanning? : True
Is IST_3 spanning? : True
Is IST_4 spanning? : True
Is IST_5 spanning? : True
Are all ISTs independent? : True

====TEST CR(273, 42, 84)====
Is IST_0 spanning? : True
Is IST_1 spanning? : True
Is IST_2 spanning? : True
Is IST_3 spanning? : True
Is IST_4 spanning? : True
Is IST_5 spanning? : True
Are all ISTs independent? : True

====TEST CR(274, 42, 84)====
Is IST_0 spanning? : True
Is IST_1 spanning? : True
Is IST_2 spanning? : True
Is IST_3 spanning? : True
Is IST_4 spanning? : True
Is IST_5 spanning? : True
Are all ISTs independent? : True

====TEST CR(275, 42, 84)====
Is IST_0 spanning? : True
Is IST_1 spanning? : True
Is IST_2 spanning? : True
Is IST_3 spanning? : True
Is IST_4 spanning? : True
Is IST_5 spanning? : True
Are all ISTs independent? : True

====TEST CR(276, 42, 84)====
Is IST_0 spanning? : True
Is IST_1 spanning? : True
Is IST_2 spanning? : True
Is IST_3 spanning? : True
Is IST_4 spanning? : True
Is IST_5 spanning? : True
Are all ISTs independent? : True

====TEST CR(277, 42, 84)====
Is IST_0 spanning? : True
Is IST_1 spanning? : True
Is IST_2 spanning? : True
Is IST_3 spanning? : True
Is IST_4 spanning? : True
Is IST_5 spanning? : True
Are all ISTs independent? : True

====TEST CR(278, 42, 84)====
Is IST_0 spanning? : True
Is IST_1 spanning? : True
Is IST_2 spanning? : True
Is IST_3 spanning? : True
Is IST_4 spanning? : True
Is IST_5 spanning? : True
Are all ISTs independent? : True

====TEST CR(279, 42, 84)====
Is IST_0 spanning? : True
Is IST_1 spanning? : True
Is IST_2 spanning? : True
Is IST_3 spanning? : True
Is IST_4 spanning? : True
Is IST_5 spanning? : True
Are all ISTs independent? : True

====TEST CR(280, 42, 84)====
Is IST_0 spanning? : True
Is IST_1 spanning? : True
Is IST_2 spanning? : True
Is IST_3 spanning? : True
Is IST_4 spanning? : True
Is IST_5 spanning? : True
Are all ISTs independent? : True

====TEST CR(281, 42, 84)====
Is IST_0 spanning? : True
Is IST_1 spanning? : True
Is IST_2 spanning? : True
Is IST_3 spanning? : True
Is IST_4 spanning? : True
Is IST_5 spanning? : True
Are all ISTs independent? : True

====TEST CR(282, 42, 84)====
Is IST_0 spanning? : True
Is IST_1 spanning? : True
Is IST_2 spanning? : True
Is IST_3 spanning? : True
Is IST_4 spanning? : True
Is IST_5 spanning? : True
Are all ISTs independent? : True

====TEST CR(283, 42, 84)====
Is IST_0 spanning? : True
Is IST_1 spanning? : True
Is IST_2 spanning? : True
Is IST_3 spanning? : True
Is IST_4 spanning? : True
Is IST_5 spanning? : True
Are all ISTs independent? : True

====TEST CR(284, 42, 84)====
Is IST_0 spanning? : True
Is IST_1 spanning? : True
Is IST_2 spanning? : True
Is IST_3 spanning? : True
Is IST_4 spanning? : True
Is IST_5 spanning? : True
Are all ISTs independent? : True

====TEST CR(285, 42, 84)====
Is IST_0 spanning? : True
Is IST_1 spanning? : True
Is IST_2 spanning? : True
Is IST_3 spanning? : True
Is IST_4 spanning? : True
Is IST_5 spanning? : True
Are all ISTs independent? : True

====TEST CR(286, 42, 84)====
Is IST_0 spanning? : True
Is IST_1 spanning? : True
Is IST_2 spanning? : True
Is IST_3 spanning? : True
Is IST_4 spanning? : True
Is IST_5 spanning? : True
Are all ISTs independent? : True

====TEST CR(287, 42, 84)====
Is IST_0 spanning? : True
Is IST_1 spanning? : True
Is IST_2 spanning? : True
Is IST_3 spanning? : True
Is IST_4 spanning? : True
Is IST_5 spanning? : True
Are all ISTs independent? : True

====TEST CR(288, 42, 84)====
Is IST_0 spanning? : True
Is IST_1 spanning? : True
Is IST_2 spanning? : True
Is IST_3 spanning? : True
Is IST_4 spanning? : True
Is IST_5 spanning? : True
Are all ISTs independent? : True

====TEST CR(289, 42, 84)====
Is IST_0 spanning? : True
Is IST_1 spanning? : True
Is IST_2 spanning? : True
Is IST_3 spanning? : True
Is IST_4 spanning? : True
Is IST_5 spanning? : True
Are all ISTs independent? : True

====TEST CR(290, 42, 84)====
Is IST_0 spanning? : True
Is IST_1 spanning? : True
Is IST_2 spanning? : True
Is IST_3 spanning? : True
Is IST_4 spanning? : True
Is IST_5 spanning? : True
Are all ISTs independent? : True

====TEST CR(291, 42, 84)====
Is IST_0 spanning? : True
Is IST_1 spanning? : True
Is IST_2 spanning? : True
Is IST_3 spanning? : True
Is IST_4 spanning? : True
Is IST_5 spanning? : True
Are all ISTs independent? : True

====TEST CR(292, 42, 84)====
Is IST_0 spanning? : True
Is IST_1 spanning? : True
Is IST_2 spanning? : True
Is IST_3 spanning? : True
Is IST_4 spanning? : True
Is IST_5 spanning? : True
Are all ISTs independent? : True

====TEST CR(293, 42, 84)====
Is IST_0 spanning? : True
Is IST_1 spanning? : True
Is IST_2 spanning? : True
Is IST_3 spanning? : True
Is IST_4 spanning? : True
Is IST_5 spanning? : True
Are all ISTs independent? : True

====TEST CR(294, 42, 84)====
Is IST_0 spanning? : True
Is IST_1 spanning? : True
Is IST_2 spanning? : True
Is IST_3 spanning? : True
Is IST_4 spanning? : True
Is IST_5 spanning? : True
Are all ISTs independent? : True

====TEST CR(295, 42, 84)====
Is IST_0 spanning? : True
Is IST_1 spanning? : True
Is IST_2 spanning? : True
Is IST_3 spanning? : True
Is IST_4 spanning? : True
Is IST_5 spanning? : True
Are all ISTs independent? : True

====TEST CR(296, 42, 84)====
Is IST_0 spanning? : True
Is IST_1 spanning? : True
Is IST_2 spanning? : True
Is IST_3 spanning? : True
Is IST_4 spanning? : True
Is IST_5 spanning? : True
Are all ISTs independent? : True

====TEST CR(297, 42, 84)====
Is IST_0 spanning? : True
Is IST_1 spanning? : True
Is IST_2 spanning? : True
Is IST_3 spanning? : True
Is IST_4 spanning? : True
Is IST_5 spanning? : True
Are all ISTs independent? : True

====TEST CR(298, 42, 84)====
Is IST_0 spanning? : True
Is IST_1 spanning? : True
Is IST_2 spanning? : True
Is IST_3 spanning? : True
Is IST_4 spanning? : True
Is IST_5 spanning? : True
Are all ISTs independent? : True

====TEST CR(299, 42, 84)====
Is IST_0 spanning? : True
Is IST_1 spanning? : True
Is IST_2 spanning? : True
Is IST_3 spanning? : True
Is IST_4 spanning? : True
Is IST_5 spanning? : True
Are all ISTs independent? : True

====TEST CR(300, 42, 84)====
Is IST_0 spanning? : True
Is IST_1 spanning? : True
Is IST_2 spanning? : True
Is IST_3 spanning? : True
Is IST_4 spanning? : True
Is IST_5 spanning? : True
Are all ISTs independent? : True

====TEST CR(301, 42, 84)====
Is IST_0 spanning? : True
Is IST_1 spanning? : True
Is IST_2 spanning? : True
Is IST_3 spanning? : True
Is IST_4 spanning? : True
Is IST_5 spanning? : True
Are all ISTs independent? : True

====TEST CR(302, 42, 84)====
Is IST_0 spanning? : True
Is IST_1 spanning? : True
Is IST_2 spanning? : True
Is IST_3 spanning? : True
Is IST_4 spanning? : True
Is IST_5 spanning? : True
Are all ISTs independent? : True

====TEST CR(303, 42, 84)====
Is IST_0 spanning? : True
Is IST_1 spanning? : True
Is IST_2 spanning? : True
Is IST_3 spanning? : True
Is IST_4 spanning? : True
Is IST_5 spanning? : True
Are all ISTs independent? : True

====TEST CR(304, 42, 84)====
Is IST_0 spanning? : True
Is IST_1 spanning? : True
Is IST_2 spanning? : True
Is IST_3 spanning? : True
Is IST_4 spanning? : True
Is IST_5 spanning? : True
Are all ISTs independent? : True

====TEST CR(305, 42, 84)====
Is IST_0 spanning? : True
Is IST_1 spanning? : True
Is IST_2 spanning? : True
Is IST_3 spanning? : True
Is IST_4 spanning? : True
Is IST_5 spanning? : True
Are all ISTs independent? : True

====TEST CR(306, 42, 84)====
Is IST_0 spanning? : True
Is IST_1 spanning? : True
Is IST_2 spanning? : True
Is IST_3 spanning? : True
Is IST_4 spanning? : True
Is IST_5 spanning? : True
Are all ISTs independent? : True

====TEST CR(307, 42, 84)====
Is IST_0 spanning? : True
Is IST_1 spanning? : True
Is IST_2 spanning? : True
Is IST_3 spanning? : True
Is IST_4 spanning? : True
Is IST_5 spanning? : True
Are all ISTs independent? : True

====TEST CR(308, 42, 84)====
Is IST_0 spanning? : True
Is IST_1 spanning? : True
Is IST_2 spanning? : True
Is IST_3 spanning? : True
Is IST_4 spanning? : True
Is IST_5 spanning? : True
Are all ISTs independent? : True

====TEST CR(309, 42, 84)====
Is IST_0 spanning? : True
Is IST_1 spanning? : True
Is IST_2 spanning? : True
Is IST_3 spanning? : True
Is IST_4 spanning? : True
Is IST_5 spanning? : True
Are all ISTs independent? : True

====TEST CR(310, 42, 84)====
Is IST_0 spanning? : True
Is IST_1 spanning? : True
Is IST_2 spanning? : True
Is IST_3 spanning? : True
Is IST_4 spanning? : True
Is IST_5 spanning? : True
Are all ISTs independent? : True

====TEST CR(311, 42, 84)====
Is IST_0 spanning? : True
Is IST_1 spanning? : True
Is IST_2 spanning? : True
Is IST_3 spanning? : True
Is IST_4 spanning? : True
Is IST_5 spanning? : True
Are all ISTs independent? : True

====TEST CR(312, 42, 84)====
Is IST_0 spanning? : True
Is IST_1 spanning? : True
Is IST_2 spanning? : True
Is IST_3 spanning? : True
Is IST_4 spanning? : True
Is IST_5 spanning? : True
Are all ISTs independent? : True

====TEST CR(313, 42, 84)====
Is IST_0 spanning? : True
Is IST_1 spanning? : True
Is IST_2 spanning? : True
Is IST_3 spanning? : True
Is IST_4 spanning? : True
Is IST_5 spanning? : True
Are all ISTs independent? : True

====TEST CR(314, 42, 84)====
Is IST_0 spanning? : True
Is IST_1 spanning? : True
Is IST_2 spanning? : True
Is IST_3 spanning? : True
Is IST_4 spanning? : True
Is IST_5 spanning? : True
Are all ISTs independent? : True

====TEST CR(315, 42, 84)====
Is IST_0 spanning? : True
Is IST_1 spanning? : True
Is IST_2 spanning? : True
Is IST_3 spanning? : True
Is IST_4 spanning? : True
Is IST_5 spanning? : True
Are all ISTs independent? : True

====TEST CR(316, 42, 84)====
Is IST_0 spanning? : True
Is IST_1 spanning? : True
Is IST_2 spanning? : True
Is IST_3 spanning? : True
Is IST_4 spanning? : True
Is IST_5 spanning? : True
Are all ISTs independent? : True

====TEST CR(317, 42, 84)====
Is IST_0 spanning? : True
Is IST_1 spanning? : True
Is IST_2 spanning? : True
Is IST_3 spanning? : True
Is IST_4 spanning? : True
Is IST_5 spanning? : True
Are all ISTs independent? : True

====TEST CR(318, 42, 84)====
Is IST_0 spanning? : True
Is IST_1 spanning? : True
Is IST_2 spanning? : True
Is IST_3 spanning? : True
Is IST_4 spanning? : True
Is IST_5 spanning? : True
Are all ISTs independent? : True

====TEST CR(319, 42, 84)====
Is IST_0 spanning? : True
Is IST_1 spanning? : True
Is IST_2 spanning? : True
Is IST_3 spanning? : True
Is IST_4 spanning? : True
Is IST_5 spanning? : True
Are all ISTs independent? : True

====TEST CR(320, 42, 84)====
Is IST_0 spanning? : True
Is IST_1 spanning? : True
Is IST_2 spanning? : True
Is IST_3 spanning? : True
Is IST_4 spanning? : True
Is IST_5 spanning? : True
Are all ISTs independent? : True

====TEST CR(321, 42, 84)====
Is IST_0 spanning? : True
Is IST_1 spanning? : True
Is IST_2 spanning? : True
Is IST_3 spanning? : True
Is IST_4 spanning? : True
Is IST_5 spanning? : True
Are all ISTs independent? : True

====TEST CR(322, 42, 84)====
Is IST_0 spanning? : True
Is IST_1 spanning? : True
Is IST_2 spanning? : True
Is IST_3 spanning? : True
Is IST_4 spanning? : True
Is IST_5 spanning? : True
Are all ISTs independent? : True

====TEST CR(323, 42, 84)====
Is IST_0 spanning? : True
Is IST_1 spanning? : True
Is IST_2 spanning? : True
Is IST_3 spanning? : True
Is IST_4 spanning? : True
Is IST_5 spanning? : True
Are all ISTs independent? : True

====TEST CR(324, 42, 84)====
Is IST_0 spanning? : True
Is IST_1 spanning? : True
Is IST_2 spanning? : True
Is IST_3 spanning? : True
Is IST_4 spanning? : True
Is IST_5 spanning? : True
Are all ISTs independent? : True

====TEST CR(325, 42, 84)====
Is IST_0 spanning? : True
Is IST_1 spanning? : True
Is IST_2 spanning? : True
Is IST_3 spanning? : True
Is IST_4 spanning? : True
Is IST_5 spanning? : True
Are all ISTs independent? : True

====TEST CR(326, 42, 84)====
Is IST_0 spanning? : True
Is IST_1 spanning? : True
Is IST_2 spanning? : True
Is IST_3 spanning? : True
Is IST_4 spanning? : True
Is IST_5 spanning? : True
Are all ISTs independent? : True

====TEST CR(327, 42, 84)====
Is IST_0 spanning? : True
Is IST_1 spanning? : True
Is IST_2 spanning? : True
Is IST_3 spanning? : True
Is IST_4 spanning? : True
Is IST_5 spanning? : True
Are all ISTs independent? : True

====TEST CR(328, 42, 84)====
Is IST_0 spanning? : True
Is IST_1 spanning? : True
Is IST_2 spanning? : True
Is IST_3 spanning? : True
Is IST_4 spanning? : True
Is IST_5 spanning? : True
Are all ISTs independent? : True

====TEST CR(329, 42, 84)====
Is IST_0 spanning? : True
Is IST_1 spanning? : True
Is IST_2 spanning? : True
Is IST_3 spanning? : True
Is IST_4 spanning? : True
Is IST_5 spanning? : True
Are all ISTs independent? : True

====TEST CR(330, 42, 84)====
Is IST_0 spanning? : True
Is IST_1 spanning? : True
Is IST_2 spanning? : True
Is IST_3 spanning? : True
Is IST_4 spanning? : True
Is IST_5 spanning? : True
Are all ISTs independent? : True

====TEST CR(331, 42, 84)====
Is IST_0 spanning? : True
Is IST_1 spanning? : True
Is IST_2 spanning? : True
Is IST_3 spanning? : True
Is IST_4 spanning? : True
Is IST_5 spanning? : True
Are all ISTs independent? : True

====TEST CR(332, 42, 84)====
Is IST_0 spanning? : True
Is IST_1 spanning? : True
Is IST_2 spanning? : True
Is IST_3 spanning? : True
Is IST_4 spanning? : True
Is IST_5 spanning? : True
Are all ISTs independent? : True

====TEST CR(333, 42, 84)====
Is IST_0 spanning? : True
Is IST_1 spanning? : True
Is IST_2 spanning? : True
Is IST_3 spanning? : True
Is IST_4 spanning? : True
Is IST_5 spanning? : True
Are all ISTs independent? : True

====TEST CR(334, 42, 84)====
Is IST_0 spanning? : True
Is IST_1 spanning? : True
Is IST_2 spanning? : True
Is IST_3 spanning? : True
Is IST_4 spanning? : True
Is IST_5 spanning? : True
Are all ISTs independent? : True

====TEST CR(335, 42, 84)====
Is IST_0 spanning? : True
Is IST_1 spanning? : True
Is IST_2 spanning? : True
Is IST_3 spanning? : True
Is IST_4 spanning? : True
Is IST_5 spanning? : True
Are all ISTs independent? : True

====TEST CR(336, 42, 84)====
Is IST_0 spanning? : True
Is IST_1 spanning? : True
Is IST_2 spanning? : True
Is IST_3 spanning? : True
Is IST_4 spanning? : True
Is IST_5 spanning? : True
Are all ISTs independent? : True

====TEST CR(337, 42, 84)====
Is IST_0 spanning? : True
Is IST_1 spanning? : True
Is IST_2 spanning? : True
Is IST_3 spanning? : True
Is IST_4 spanning? : True
Is IST_5 spanning? : True
Are all ISTs independent? : True

====TEST CR(338, 42, 84)====
Is IST_0 spanning? : True
Is IST_1 spanning? : True
Is IST_2 spanning? : True
Is IST_3 spanning? : True
Is IST_4 spanning? : True
Is IST_5 spanning? : True
Are all ISTs independent? : True

====TEST CR(339, 42, 84)====
Is IST_0 spanning? : True
Is IST_1 spanning? : True
Is IST_2 spanning? : True
Is IST_3 spanning? : True
Is IST_4 spanning? : True
Is IST_5 spanning? : True
Are all ISTs independent? : True

====TEST CR(340, 42, 84)====
Is IST_0 spanning? : True
Is IST_1 spanning? : True
Is IST_2 spanning? : True
Is IST_3 spanning? : True
Is IST_4 spanning? : True
Is IST_5 spanning? : True
Are all ISTs independent? : True

====TEST CR(341, 42, 84)====
Is IST_0 spanning? : True
Is IST_1 spanning? : True
Is IST_2 spanning? : True
Is IST_3 spanning? : True
Is IST_4 spanning? : True
Is IST_5 spanning? : True
Are all ISTs independent? : True

====TEST CR(342, 42, 84)====
Is IST_0 spanning? : True
Is IST_1 spanning? : True
Is IST_2 spanning? : True
Is IST_3 spanning? : True
Is IST_4 spanning? : True
Is IST_5 spanning? : True
Are all ISTs independent? : True

====TEST CR(343, 42, 84)====
Is IST_0 spanning? : True
Is IST_1 spanning? : True
Is IST_2 spanning? : True
Is IST_3 spanning? : True
Is IST_4 spanning? : True
Is IST_5 spanning? : True
Are all ISTs independent? : True

====TEST CR(344, 42, 84)====
Is IST_0 spanning? : True
Is IST_1 spanning? : True
Is IST_2 spanning? : True
Is IST_3 spanning? : True
Is IST_4 spanning? : True
Is IST_5 spanning? : True
Are all ISTs independent? : True

====TEST CR(345, 42, 84)====
Is IST_0 spanning? : True
Is IST_1 spanning? : True
Is IST_2 spanning? : True
Is IST_3 spanning? : True
Is IST_4 spanning? : True
Is IST_5 spanning? : True
Are all ISTs independent? : True

====TEST CR(346, 42, 84)====
Is IST_0 spanning? : True
Is IST_1 spanning? : True
Is IST_2 spanning? : True
Is IST_3 spanning? : True
Is IST_4 spanning? : True
Is IST_5 spanning? : True
Are all ISTs independent? : True

====TEST CR(347, 42, 84)====
Is IST_0 spanning? : True
Is IST_1 spanning? : True
Is IST_2 spanning? : True
Is IST_3 spanning? : True
Is IST_4 spanning? : True
Is IST_5 spanning? : True
Are all ISTs independent? : True

====TEST CR(348, 42, 84)====
Is IST_0 spanning? : True
Is IST_1 spanning? : True
Is IST_2 spanning? : True
Is IST_3 spanning? : True
Is IST_4 spanning? : True
Is IST_5 spanning? : True
Are all ISTs independent? : True

====TEST CR(349, 42, 84)====
Is IST_0 spanning? : True
Is IST_1 spanning? : True
Is IST_2 spanning? : True
Is IST_3 spanning? : True
Is IST_4 spanning? : True
Is IST_5 spanning? : True
Are all ISTs independent? : True

====TEST CR(350, 42, 84)====
Is IST_0 spanning? : True
Is IST_1 spanning? : True
Is IST_2 spanning? : True
Is IST_3 spanning? : True
Is IST_4 spanning? : True
Is IST_5 spanning? : True
Are all ISTs independent? : True

====TEST CR(351, 42, 84)====
Is IST_0 spanning? : True
Is IST_1 spanning? : True
Is IST_2 spanning? : True
Is IST_3 spanning? : True
Is IST_4 spanning? : True
Is IST_5 spanning? : True
Are all ISTs independent? : True

====TEST CR(352, 42, 84)====
Is IST_0 spanning? : True
Is IST_1 spanning? : True
Is IST_2 spanning? : True
Is IST_3 spanning? : True
Is IST_4 spanning? : True
Is IST_5 spanning? : True
Are all ISTs independent? : True

====TEST CR(353, 42, 84)====
Is IST_0 spanning? : True
Is IST_1 spanning? : True
Is IST_2 spanning? : True
Is IST_3 spanning? : True
Is IST_4 spanning? : True
Is IST_5 spanning? : True
Are all ISTs independent? : True

====TEST CR(354, 42, 84)====
Is IST_0 spanning? : True
Is IST_1 spanning? : True
Is IST_2 spanning? : True
Is IST_3 spanning? : True
Is IST_4 spanning? : True
Is IST_5 spanning? : True
Are all ISTs independent? : True

====TEST CR(355, 42, 84)====
Is IST_0 spanning? : True
Is IST_1 spanning? : True
Is IST_2 spanning? : True
Is IST_3 spanning? : True
Is IST_4 spanning? : True
Is IST_5 spanning? : True
Are all ISTs independent? : True

====TEST CR(356, 42, 84)====
Is IST_0 spanning? : True
Is IST_1 spanning? : True
Is IST_2 spanning? : True
Is IST_3 spanning? : True
Is IST_4 spanning? : True
Is IST_5 spanning? : True
Are all ISTs independent? : True

====TEST CR(357, 42, 84)====
Is IST_0 spanning? : True
Is IST_1 spanning? : True
Is IST_2 spanning? : True
Is IST_3 spanning? : True
Is IST_4 spanning? : True
Is IST_5 spanning? : True
Are all ISTs independent? : True

====TEST CR(358, 42, 84)====
Is IST_0 spanning? : True
Is IST_1 spanning? : True
Is IST_2 spanning? : True
Is IST_3 spanning? : True
Is IST_4 spanning? : True
Is IST_5 spanning? : True
Are all ISTs independent? : True

====TEST CR(359, 42, 84)====
Is IST_0 spanning? : True
Is IST_1 spanning? : True
Is IST_2 spanning? : True
Is IST_3 spanning? : True
Is IST_4 spanning? : True
Is IST_5 spanning? : True
Are all ISTs independent? : True

====TEST CR(360, 42, 84)====
Is IST_0 spanning? : True
Is IST_1 spanning? : True
Is IST_2 spanning? : True
Is IST_3 spanning? : True
Is IST_4 spanning? : True
Is IST_5 spanning? : True
Are all ISTs independent? : True

====TEST CR(361, 42, 84)====
Is IST_0 spanning? : True
Is IST_1 spanning? : True
Is IST_2 spanning? : True
Is IST_3 spanning? : True
Is IST_4 spanning? : True
Is IST_5 spanning? : True
Are all ISTs independent? : True

====TEST CR(362, 42, 84)====
Is IST_0 spanning? : True
Is IST_1 spanning? : True
Is IST_2 spanning? : True
Is IST_3 spanning? : True
Is IST_4 spanning? : True
Is IST_5 spanning? : True
Are all ISTs independent? : True

====TEST CR(363, 42, 84)====
Is IST_0 spanning? : True
Is IST_1 spanning? : True
Is IST_2 spanning? : True
Is IST_3 spanning? : True
Is IST_4 spanning? : True
Is IST_5 spanning? : True
Are all ISTs independent? : True

====TEST CR(364, 42, 84)====
Is IST_0 spanning? : True
Is IST_1 spanning? : True
Is IST_2 spanning? : True
Is IST_3 spanning? : True
Is IST_4 spanning? : True
Is IST_5 spanning? : True
Are all ISTs independent? : True

====TEST CR(365, 42, 84)====
Is IST_0 spanning? : True
Is IST_1 spanning? : True
Is IST_2 spanning? : True
Is IST_3 spanning? : True
Is IST_4 spanning? : True
Is IST_5 spanning? : True
Are all ISTs independent? : True

====TEST CR(366, 42, 84)====
Is IST_0 spanning? : True
Is IST_1 spanning? : True
Is IST_2 spanning? : True
Is IST_3 spanning? : True
Is IST_4 spanning? : True
Is IST_5 spanning? : True
Are all ISTs independent? : True

====TEST CR(367, 42, 84)====
Is IST_0 spanning? : True
Is IST_1 spanning? : True
Is IST_2 spanning? : True
Is IST_3 spanning? : True
Is IST_4 spanning? : True
Is IST_5 spanning? : True
Are all ISTs independent? : True

====TEST CR(368, 42, 84)====
Is IST_0 spanning? : True
Is IST_1 spanning? : True
Is IST_2 spanning? : True
Is IST_3 spanning? : True
Is IST_4 spanning? : True
Is IST_5 spanning? : True
Are all ISTs independent? : True

====TEST CR(369, 42, 84)====
Is IST_0 spanning? : True
Is IST_1 spanning? : True
Is IST_2 spanning? : True
Is IST_3 spanning? : True
Is IST_4 spanning? : True
Is IST_5 spanning? : True
Are all ISTs independent? : True

====TEST CR(370, 42, 84)====
Is IST_0 spanning? : True
Is IST_1 spanning? : True
Is IST_2 spanning? : True
Is IST_3 spanning? : True
Is IST_4 spanning? : True
Is IST_5 spanning? : True
Are all ISTs independent? : True

====TEST CR(371, 42, 84)====
Is IST_0 spanning? : True
Is IST_1 spanning? : True
Is IST_2 spanning? : True
Is IST_3 spanning? : True
Is IST_4 spanning? : True
Is IST_5 spanning? : True
Are all ISTs independent? : True

====TEST CR(372, 42, 84)====
Is IST_0 spanning? : True
Is IST_1 spanning? : True
Is IST_2 spanning? : True
Is IST_3 spanning? : True
Is IST_4 spanning? : True
Is IST_5 spanning? : True
Are all ISTs independent? : True

====TEST CR(373, 42, 84)====
Is IST_0 spanning? : True
Is IST_1 spanning? : True
Is IST_2 spanning? : True
Is IST_3 spanning? : True
Is IST_4 spanning? : True
Is IST_5 spanning? : True
Are all ISTs independent? : True

====TEST CR(374, 42, 84)====
Is IST_0 spanning? : True
Is IST_1 spanning? : True
Is IST_2 spanning? : True
Is IST_3 spanning? : True
Is IST_4 spanning? : True
Is IST_5 spanning? : True
Are all ISTs independent? : True

====TEST CR(375, 42, 84)====
Is IST_0 spanning? : True
Is IST_1 spanning? : True
Is IST_2 spanning? : True
Is IST_3 spanning? : True
Is IST_4 spanning? : True
Is IST_5 spanning? : True
Are all ISTs independent? : True

====TEST CR(376, 42, 84)====
Is IST_0 spanning? : True
Is IST_1 spanning? : True
Is IST_2 spanning? : True
Is IST_3 spanning? : True
Is IST_4 spanning? : True
Is IST_5 spanning? : True
Are all ISTs independent? : True

====TEST CR(377, 42, 84)====
Is IST_0 spanning? : True
Is IST_1 spanning? : True
Is IST_2 spanning? : True
Is IST_3 spanning? : True
Is IST_4 spanning? : True
Is IST_5 spanning? : True
Are all ISTs independent? : True

====TEST CR(378, 42, 84)====
Is IST_0 spanning? : True
Is IST_1 spanning? : True
Is IST_2 spanning? : True
Is IST_3 spanning? : True
Is IST_4 spanning? : True
Is IST_5 spanning? : True
Are all ISTs independent? : True

====TEST CR(379, 42, 84)====
Is IST_0 spanning? : True
Is IST_1 spanning? : True
Is IST_2 spanning? : True
Is IST_3 spanning? : True
Is IST_4 spanning? : True
Is IST_5 spanning? : True
Are all ISTs independent? : True

====TEST CR(380, 42, 84)====
Is IST_0 spanning? : True
Is IST_1 spanning? : True
Is IST_2 spanning? : True
Is IST_3 spanning? : True
Is IST_4 spanning? : True
Is IST_5 spanning? : True
Are all ISTs independent? : True

====TEST CR(258, 43, 86)====
Is IST_0 spanning? : True
Is IST_1 spanning? : True
Is IST_2 spanning? : True
Is IST_3 spanning? : True
Is IST_4 spanning? : True
Is IST_5 spanning? : True
Are all ISTs independent? : True

====TEST CR(259, 43, 86)====
Is IST_0 spanning? : True
Is IST_1 spanning? : True
Is IST_2 spanning? : True
Is IST_3 spanning? : True
Is IST_4 spanning? : True
Is IST_5 spanning? : True
Are all ISTs independent? : True

====TEST CR(260, 43, 86)====
Is IST_0 spanning? : True
Is IST_1 spanning? : True
Is IST_2 spanning? : True
Is IST_3 spanning? : True
Is IST_4 spanning? : True
Is IST_5 spanning? : True
Are all ISTs independent? : True

====TEST CR(261, 43, 86)====
Is IST_0 spanning? : True
Is IST_1 spanning? : True
Is IST_2 spanning? : True
Is IST_3 spanning? : True
Is IST_4 spanning? : True
Is IST_5 spanning? : True
Are all ISTs independent? : True

====TEST CR(262, 43, 86)====
Is IST_0 spanning? : True
Is IST_1 spanning? : True
Is IST_2 spanning? : True
Is IST_3 spanning? : True
Is IST_4 spanning? : True
Is IST_5 spanning? : True
Are all ISTs independent? : True

====TEST CR(263, 43, 86)====
Is IST_0 spanning? : True
Is IST_1 spanning? : True
Is IST_2 spanning? : True
Is IST_3 spanning? : True
Is IST_4 spanning? : True
Is IST_5 spanning? : True
Are all ISTs independent? : True

====TEST CR(264, 43, 86)====
Is IST_0 spanning? : True
Is IST_1 spanning? : True
Is IST_2 spanning? : True
Is IST_3 spanning? : True
Is IST_4 spanning? : True
Is IST_5 spanning? : True
Are all ISTs independent? : True

====TEST CR(265, 43, 86)====
Is IST_0 spanning? : True
Is IST_1 spanning? : True
Is IST_2 spanning? : True
Is IST_3 spanning? : True
Is IST_4 spanning? : True
Is IST_5 spanning? : True
Are all ISTs independent? : True

====TEST CR(266, 43, 86)====
Is IST_0 spanning? : True
Is IST_1 spanning? : True
Is IST_2 spanning? : True
Is IST_3 spanning? : True
Is IST_4 spanning? : True
Is IST_5 spanning? : True
Are all ISTs independent? : True

====TEST CR(267, 43, 86)====
Is IST_0 spanning? : True
Is IST_1 spanning? : True
Is IST_2 spanning? : True
Is IST_3 spanning? : True
Is IST_4 spanning? : True
Is IST_5 spanning? : True
Are all ISTs independent? : True

====TEST CR(268, 43, 86)====
Is IST_0 spanning? : True
Is IST_1 spanning? : True
Is IST_2 spanning? : True
Is IST_3 spanning? : True
Is IST_4 spanning? : True
Is IST_5 spanning? : True
Are all ISTs independent? : True

====TEST CR(269, 43, 86)====
Is IST_0 spanning? : True
Is IST_1 spanning? : True
Is IST_2 spanning? : True
Is IST_3 spanning? : True
Is IST_4 spanning? : True
Is IST_5 spanning? : True
Are all ISTs independent? : True

====TEST CR(270, 43, 86)====
Is IST_0 spanning? : True
Is IST_1 spanning? : True
Is IST_2 spanning? : True
Is IST_3 spanning? : True
Is IST_4 spanning? : True
Is IST_5 spanning? : True
Are all ISTs independent? : True

====TEST CR(271, 43, 86)====
Is IST_0 spanning? : True
Is IST_1 spanning? : True
Is IST_2 spanning? : True
Is IST_3 spanning? : True
Is IST_4 spanning? : True
Is IST_5 spanning? : True
Are all ISTs independent? : True

====TEST CR(272, 43, 86)====
Is IST_0 spanning? : True
Is IST_1 spanning? : True
Is IST_2 spanning? : True
Is IST_3 spanning? : True
Is IST_4 spanning? : True
Is IST_5 spanning? : True
Are all ISTs independent? : True

====TEST CR(273, 43, 86)====
Is IST_0 spanning? : True
Is IST_1 spanning? : True
Is IST_2 spanning? : True
Is IST_3 spanning? : True
Is IST_4 spanning? : True
Is IST_5 spanning? : True
Are all ISTs independent? : True

====TEST CR(274, 43, 86)====
Is IST_0 spanning? : True
Is IST_1 spanning? : True
Is IST_2 spanning? : True
Is IST_3 spanning? : True
Is IST_4 spanning? : True
Is IST_5 spanning? : True
Are all ISTs independent? : True

====TEST CR(275, 43, 86)====
Is IST_0 spanning? : True
Is IST_1 spanning? : True
Is IST_2 spanning? : True
Is IST_3 spanning? : True
Is IST_4 spanning? : True
Is IST_5 spanning? : True
Are all ISTs independent? : True

====TEST CR(276, 43, 86)====
Is IST_0 spanning? : True
Is IST_1 spanning? : True
Is IST_2 spanning? : True
Is IST_3 spanning? : True
Is IST_4 spanning? : True
Is IST_5 spanning? : True
Are all ISTs independent? : True

====TEST CR(277, 43, 86)====
Is IST_0 spanning? : True
Is IST_1 spanning? : True
Is IST_2 spanning? : True
Is IST_3 spanning? : True
Is IST_4 spanning? : True
Is IST_5 spanning? : True
Are all ISTs independent? : True

====TEST CR(278, 43, 86)====
Is IST_0 spanning? : True
Is IST_1 spanning? : True
Is IST_2 spanning? : True
Is IST_3 spanning? : True
Is IST_4 spanning? : True
Is IST_5 spanning? : True
Are all ISTs independent? : True

====TEST CR(279, 43, 86)====
Is IST_0 spanning? : True
Is IST_1 spanning? : True
Is IST_2 spanning? : True
Is IST_3 spanning? : True
Is IST_4 spanning? : True
Is IST_5 spanning? : True
Are all ISTs independent? : True

====TEST CR(280, 43, 86)====
Is IST_0 spanning? : True
Is IST_1 spanning? : True
Is IST_2 spanning? : True
Is IST_3 spanning? : True
Is IST_4 spanning? : True
Is IST_5 spanning? : True
Are all ISTs independent? : True

====TEST CR(281, 43, 86)====
Is IST_0 spanning? : True
Is IST_1 spanning? : True
Is IST_2 spanning? : True
Is IST_3 spanning? : True
Is IST_4 spanning? : True
Is IST_5 spanning? : True
Are all ISTs independent? : True

====TEST CR(282, 43, 86)====
Is IST_0 spanning? : True
Is IST_1 spanning? : True
Is IST_2 spanning? : True
Is IST_3 spanning? : True
Is IST_4 spanning? : True
Is IST_5 spanning? : True
Are all ISTs independent? : True

====TEST CR(283, 43, 86)====
Is IST_0 spanning? : True
Is IST_1 spanning? : True
Is IST_2 spanning? : True
Is IST_3 spanning? : True
Is IST_4 spanning? : True
Is IST_5 spanning? : True
Are all ISTs independent? : True

====TEST CR(284, 43, 86)====
Is IST_0 spanning? : True
Is IST_1 spanning? : True
Is IST_2 spanning? : True
Is IST_3 spanning? : True
Is IST_4 spanning? : True
Is IST_5 spanning? : True
Are all ISTs independent? : True

====TEST CR(285, 43, 86)====
Is IST_0 spanning? : True
Is IST_1 spanning? : True
Is IST_2 spanning? : True
Is IST_3 spanning? : True
Is IST_4 spanning? : True
Is IST_5 spanning? : True
Are all ISTs independent? : True

====TEST CR(286, 43, 86)====
Is IST_0 spanning? : True
Is IST_1 spanning? : True
Is IST_2 spanning? : True
Is IST_3 spanning? : True
Is IST_4 spanning? : True
Is IST_5 spanning? : True
Are all ISTs independent? : True

====TEST CR(287, 43, 86)====
Is IST_0 spanning? : True
Is IST_1 spanning? : True
Is IST_2 spanning? : True
Is IST_3 spanning? : True
Is IST_4 spanning? : True
Is IST_5 spanning? : True
Are all ISTs independent? : True

====TEST CR(288, 43, 86)====
Is IST_0 spanning? : True
Is IST_1 spanning? : True
Is IST_2 spanning? : True
Is IST_3 spanning? : True
Is IST_4 spanning? : True
Is IST_5 spanning? : True
Are all ISTs independent? : True

====TEST CR(289, 43, 86)====
Is IST_0 spanning? : True
Is IST_1 spanning? : True
Is IST_2 spanning? : True
Is IST_3 spanning? : True
Is IST_4 spanning? : True
Is IST_5 spanning? : True
Are all ISTs independent? : True

====TEST CR(290, 43, 86)====
Is IST_0 spanning? : True
Is IST_1 spanning? : True
Is IST_2 spanning? : True
Is IST_3 spanning? : True
Is IST_4 spanning? : True
Is IST_5 spanning? : True
Are all ISTs independent? : True

====TEST CR(291, 43, 86)====
Is IST_0 spanning? : True
Is IST_1 spanning? : True
Is IST_2 spanning? : True
Is IST_3 spanning? : True
Is IST_4 spanning? : True
Is IST_5 spanning? : True
Are all ISTs independent? : True

====TEST CR(292, 43, 86)====
Is IST_0 spanning? : True
Is IST_1 spanning? : True
Is IST_2 spanning? : True
Is IST_3 spanning? : True
Is IST_4 spanning? : True
Is IST_5 spanning? : True
Are all ISTs independent? : True

====TEST CR(293, 43, 86)====
Is IST_0 spanning? : True
Is IST_1 spanning? : True
Is IST_2 spanning? : True
Is IST_3 spanning? : True
Is IST_4 spanning? : True
Is IST_5 spanning? : True
Are all ISTs independent? : True

====TEST CR(294, 43, 86)====
Is IST_0 spanning? : True
Is IST_1 spanning? : True
Is IST_2 spanning? : True
Is IST_3 spanning? : True
Is IST_4 spanning? : True
Is IST_5 spanning? : True
Are all ISTs independent? : True

====TEST CR(295, 43, 86)====
Is IST_0 spanning? : True
Is IST_1 spanning? : True
Is IST_2 spanning? : True
Is IST_3 spanning? : True
Is IST_4 spanning? : True
Is IST_5 spanning? : True
Are all ISTs independent? : True

====TEST CR(296, 43, 86)====
Is IST_0 spanning? : True
Is IST_1 spanning? : True
Is IST_2 spanning? : True
Is IST_3 spanning? : True
Is IST_4 spanning? : True
Is IST_5 spanning? : True
Are all ISTs independent? : True

====TEST CR(297, 43, 86)====
Is IST_0 spanning? : True
Is IST_1 spanning? : True
Is IST_2 spanning? : True
Is IST_3 spanning? : True
Is IST_4 spanning? : True
Is IST_5 spanning? : True
Are all ISTs independent? : True

====TEST CR(298, 43, 86)====
Is IST_0 spanning? : True
Is IST_1 spanning? : True
Is IST_2 spanning? : True
Is IST_3 spanning? : True
Is IST_4 spanning? : True
Is IST_5 spanning? : True
Are all ISTs independent? : True

====TEST CR(299, 43, 86)====
Is IST_0 spanning? : True
Is IST_1 spanning? : True
Is IST_2 spanning? : True
Is IST_3 spanning? : True
Is IST_4 spanning? : True
Is IST_5 spanning? : True
Are all ISTs independent? : True

====TEST CR(300, 43, 86)====
Is IST_0 spanning? : True
Is IST_1 spanning? : True
Is IST_2 spanning? : True
Is IST_3 spanning? : True
Is IST_4 spanning? : True
Is IST_5 spanning? : True
Are all ISTs independent? : True

====TEST CR(301, 43, 86)====
Is IST_0 spanning? : True
Is IST_1 spanning? : True
Is IST_2 spanning? : True
Is IST_3 spanning? : True
Is IST_4 spanning? : True
Is IST_5 spanning? : True
Are all ISTs independent? : True

====TEST CR(302, 43, 86)====
Is IST_0 spanning? : True
Is IST_1 spanning? : True
Is IST_2 spanning? : True
Is IST_3 spanning? : True
Is IST_4 spanning? : True
Is IST_5 spanning? : True
Are all ISTs independent? : True

====TEST CR(303, 43, 86)====
Is IST_0 spanning? : True
Is IST_1 spanning? : True
Is IST_2 spanning? : True
Is IST_3 spanning? : True
Is IST_4 spanning? : True
Is IST_5 spanning? : True
Are all ISTs independent? : True

====TEST CR(304, 43, 86)====
Is IST_0 spanning? : True
Is IST_1 spanning? : True
Is IST_2 spanning? : True
Is IST_3 spanning? : True
Is IST_4 spanning? : True
Is IST_5 spanning? : True
Are all ISTs independent? : True

====TEST CR(305, 43, 86)====
Is IST_0 spanning? : True
Is IST_1 spanning? : True
Is IST_2 spanning? : True
Is IST_3 spanning? : True
Is IST_4 spanning? : True
Is IST_5 spanning? : True
Are all ISTs independent? : True

====TEST CR(306, 43, 86)====
Is IST_0 spanning? : True
Is IST_1 spanning? : True
Is IST_2 spanning? : True
Is IST_3 spanning? : True
Is IST_4 spanning? : True
Is IST_5 spanning? : True
Are all ISTs independent? : True

====TEST CR(307, 43, 86)====
Is IST_0 spanning? : True
Is IST_1 spanning? : True
Is IST_2 spanning? : True
Is IST_3 spanning? : True
Is IST_4 spanning? : True
Is IST_5 spanning? : True
Are all ISTs independent? : True

====TEST CR(308, 43, 86)====
Is IST_0 spanning? : True
Is IST_1 spanning? : True
Is IST_2 spanning? : True
Is IST_3 spanning? : True
Is IST_4 spanning? : True
Is IST_5 spanning? : True
Are all ISTs independent? : True

====TEST CR(309, 43, 86)====
Is IST_0 spanning? : True
Is IST_1 spanning? : True
Is IST_2 spanning? : True
Is IST_3 spanning? : True
Is IST_4 spanning? : True
Is IST_5 spanning? : True
Are all ISTs independent? : True

====TEST CR(310, 43, 86)====
Is IST_0 spanning? : True
Is IST_1 spanning? : True
Is IST_2 spanning? : True
Is IST_3 spanning? : True
Is IST_4 spanning? : True
Is IST_5 spanning? : True
Are all ISTs independent? : True

====TEST CR(311, 43, 86)====
Is IST_0 spanning? : True
Is IST_1 spanning? : True
Is IST_2 spanning? : True
Is IST_3 spanning? : True
Is IST_4 spanning? : True
Is IST_5 spanning? : True
Are all ISTs independent? : True

====TEST CR(312, 43, 86)====
Is IST_0 spanning? : True
Is IST_1 spanning? : True
Is IST_2 spanning? : True
Is IST_3 spanning? : True
Is IST_4 spanning? : True
Is IST_5 spanning? : True
Are all ISTs independent? : True

====TEST CR(313, 43, 86)====
Is IST_0 spanning? : True
Is IST_1 spanning? : True
Is IST_2 spanning? : True
Is IST_3 spanning? : True
Is IST_4 spanning? : True
Is IST_5 spanning? : True
Are all ISTs independent? : True

====TEST CR(314, 43, 86)====
Is IST_0 spanning? : True
Is IST_1 spanning? : True
Is IST_2 spanning? : True
Is IST_3 spanning? : True
Is IST_4 spanning? : True
Is IST_5 spanning? : True
Are all ISTs independent? : True

====TEST CR(315, 43, 86)====
Is IST_0 spanning? : True
Is IST_1 spanning? : True
Is IST_2 spanning? : True
Is IST_3 spanning? : True
Is IST_4 spanning? : True
Is IST_5 spanning? : True
Are all ISTs independent? : True

====TEST CR(316, 43, 86)====
Is IST_0 spanning? : True
Is IST_1 spanning? : True
Is IST_2 spanning? : True
Is IST_3 spanning? : True
Is IST_4 spanning? : True
Is IST_5 spanning? : True
Are all ISTs independent? : True

====TEST CR(317, 43, 86)====
Is IST_0 spanning? : True
Is IST_1 spanning? : True
Is IST_2 spanning? : True
Is IST_3 spanning? : True
Is IST_4 spanning? : True
Is IST_5 spanning? : True
Are all ISTs independent? : True

====TEST CR(318, 43, 86)====
Is IST_0 spanning? : True
Is IST_1 spanning? : True
Is IST_2 spanning? : True
Is IST_3 spanning? : True
Is IST_4 spanning? : True
Is IST_5 spanning? : True
Are all ISTs independent? : True

====TEST CR(319, 43, 86)====
Is IST_0 spanning? : True
Is IST_1 spanning? : True
Is IST_2 spanning? : True
Is IST_3 spanning? : True
Is IST_4 spanning? : True
Is IST_5 spanning? : True
Are all ISTs independent? : True

====TEST CR(320, 43, 86)====
Is IST_0 spanning? : True
Is IST_1 spanning? : True
Is IST_2 spanning? : True
Is IST_3 spanning? : True
Is IST_4 spanning? : True
Is IST_5 spanning? : True
Are all ISTs independent? : True

====TEST CR(321, 43, 86)====
Is IST_0 spanning? : True
Is IST_1 spanning? : True
Is IST_2 spanning? : True
Is IST_3 spanning? : True
Is IST_4 spanning? : True
Is IST_5 spanning? : True
Are all ISTs independent? : True

====TEST CR(322, 43, 86)====
Is IST_0 spanning? : True
Is IST_1 spanning? : True
Is IST_2 spanning? : True
Is IST_3 spanning? : True
Is IST_4 spanning? : True
Is IST_5 spanning? : True
Are all ISTs independent? : True

====TEST CR(323, 43, 86)====
Is IST_0 spanning? : True
Is IST_1 spanning? : True
Is IST_2 spanning? : True
Is IST_3 spanning? : True
Is IST_4 spanning? : True
Is IST_5 spanning? : True
Are all ISTs independent? : True

====TEST CR(324, 43, 86)====
Is IST_0 spanning? : True
Is IST_1 spanning? : True
Is IST_2 spanning? : True
Is IST_3 spanning? : True
Is IST_4 spanning? : True
Is IST_5 spanning? : True
Are all ISTs independent? : True

====TEST CR(325, 43, 86)====
Is IST_0 spanning? : True
Is IST_1 spanning? : True
Is IST_2 spanning? : True
Is IST_3 spanning? : True
Is IST_4 spanning? : True
Is IST_5 spanning? : True
Are all ISTs independent? : True

====TEST CR(326, 43, 86)====
Is IST_0 spanning? : True
Is IST_1 spanning? : True
Is IST_2 spanning? : True
Is IST_3 spanning? : True
Is IST_4 spanning? : True
Is IST_5 spanning? : True
Are all ISTs independent? : True

====TEST CR(327, 43, 86)====
Is IST_0 spanning? : True
Is IST_1 spanning? : True
Is IST_2 spanning? : True
Is IST_3 spanning? : True
Is IST_4 spanning? : True
Is IST_5 spanning? : True
Are all ISTs independent? : True

====TEST CR(328, 43, 86)====
Is IST_0 spanning? : True
Is IST_1 spanning? : True
Is IST_2 spanning? : True
Is IST_3 spanning? : True
Is IST_4 spanning? : True
Is IST_5 spanning? : True
Are all ISTs independent? : True

====TEST CR(329, 43, 86)====
Is IST_0 spanning? : True
Is IST_1 spanning? : True
Is IST_2 spanning? : True
Is IST_3 spanning? : True
Is IST_4 spanning? : True
Is IST_5 spanning? : True
Are all ISTs independent? : True

====TEST CR(330, 43, 86)====
Is IST_0 spanning? : True
Is IST_1 spanning? : True
Is IST_2 spanning? : True
Is IST_3 spanning? : True
Is IST_4 spanning? : True
Is IST_5 spanning? : True
Are all ISTs independent? : True

====TEST CR(331, 43, 86)====
Is IST_0 spanning? : True
Is IST_1 spanning? : True
Is IST_2 spanning? : True
Is IST_3 spanning? : True
Is IST_4 spanning? : True
Is IST_5 spanning? : True
Are all ISTs independent? : True

====TEST CR(332, 43, 86)====
Is IST_0 spanning? : True
Is IST_1 spanning? : True
Is IST_2 spanning? : True
Is IST_3 spanning? : True
Is IST_4 spanning? : True
Is IST_5 spanning? : True
Are all ISTs independent? : True

====TEST CR(333, 43, 86)====
Is IST_0 spanning? : True
Is IST_1 spanning? : True
Is IST_2 spanning? : True
Is IST_3 spanning? : True
Is IST_4 spanning? : True
Is IST_5 spanning? : True
Are all ISTs independent? : True

====TEST CR(334, 43, 86)====
Is IST_0 spanning? : True
Is IST_1 spanning? : True
Is IST_2 spanning? : True
Is IST_3 spanning? : True
Is IST_4 spanning? : True
Is IST_5 spanning? : True
Are all ISTs independent? : True

====TEST CR(335, 43, 86)====
Is IST_0 spanning? : True
Is IST_1 spanning? : True
Is IST_2 spanning? : True
Is IST_3 spanning? : True
Is IST_4 spanning? : True
Is IST_5 spanning? : True
Are all ISTs independent? : True

====TEST CR(336, 43, 86)====
Is IST_0 spanning? : True
Is IST_1 spanning? : True
Is IST_2 spanning? : True
Is IST_3 spanning? : True
Is IST_4 spanning? : True
Is IST_5 spanning? : True
Are all ISTs independent? : True

====TEST CR(337, 43, 86)====
Is IST_0 spanning? : True
Is IST_1 spanning? : True
Is IST_2 spanning? : True
Is IST_3 spanning? : True
Is IST_4 spanning? : True
Is IST_5 spanning? : True
Are all ISTs independent? : True

====TEST CR(338, 43, 86)====
Is IST_0 spanning? : True
Is IST_1 spanning? : True
Is IST_2 spanning? : True
Is IST_3 spanning? : True
Is IST_4 spanning? : True
Is IST_5 spanning? : True
Are all ISTs independent? : True

====TEST CR(339, 43, 86)====
Is IST_0 spanning? : True
Is IST_1 spanning? : True
Is IST_2 spanning? : True
Is IST_3 spanning? : True
Is IST_4 spanning? : True
Is IST_5 spanning? : True
Are all ISTs independent? : True

====TEST CR(340, 43, 86)====
Is IST_0 spanning? : True
Is IST_1 spanning? : True
Is IST_2 spanning? : True
Is IST_3 spanning? : True
Is IST_4 spanning? : True
Is IST_5 spanning? : True
Are all ISTs independent? : True

====TEST CR(341, 43, 86)====
Is IST_0 spanning? : True
Is IST_1 spanning? : True
Is IST_2 spanning? : True
Is IST_3 spanning? : True
Is IST_4 spanning? : True
Is IST_5 spanning? : True
Are all ISTs independent? : True

====TEST CR(342, 43, 86)====
Is IST_0 spanning? : True
Is IST_1 spanning? : True
Is IST_2 spanning? : True
Is IST_3 spanning? : True
Is IST_4 spanning? : True
Is IST_5 spanning? : True
Are all ISTs independent? : True

====TEST CR(343, 43, 86)====
Is IST_0 spanning? : True
Is IST_1 spanning? : True
Is IST_2 spanning? : True
Is IST_3 spanning? : True
Is IST_4 spanning? : True
Is IST_5 spanning? : True
Are all ISTs independent? : True

====TEST CR(344, 43, 86)====
Is IST_0 spanning? : True
Is IST_1 spanning? : True
Is IST_2 spanning? : True
Is IST_3 spanning? : True
Is IST_4 spanning? : True
Is IST_5 spanning? : True
Are all ISTs independent? : True

====TEST CR(345, 43, 86)====
Is IST_0 spanning? : True
Is IST_1 spanning? : True
Is IST_2 spanning? : True
Is IST_3 spanning? : True
Is IST_4 spanning? : True
Is IST_5 spanning? : True
Are all ISTs independent? : True

====TEST CR(346, 43, 86)====
Is IST_0 spanning? : True
Is IST_1 spanning? : True
Is IST_2 spanning? : True
Is IST_3 spanning? : True
Is IST_4 spanning? : True
Is IST_5 spanning? : True
Are all ISTs independent? : True

====TEST CR(347, 43, 86)====
Is IST_0 spanning? : True
Is IST_1 spanning? : True
Is IST_2 spanning? : True
Is IST_3 spanning? : True
Is IST_4 spanning? : True
Is IST_5 spanning? : True
Are all ISTs independent? : True

====TEST CR(348, 43, 86)====
Is IST_0 spanning? : True
Is IST_1 spanning? : True
Is IST_2 spanning? : True
Is IST_3 spanning? : True
Is IST_4 spanning? : True
Is IST_5 spanning? : True
Are all ISTs independent? : True

====TEST CR(349, 43, 86)====
Is IST_0 spanning? : True
Is IST_1 spanning? : True
Is IST_2 spanning? : True
Is IST_3 spanning? : True
Is IST_4 spanning? : True
Is IST_5 spanning? : True
Are all ISTs independent? : True

====TEST CR(350, 43, 86)====
Is IST_0 spanning? : True
Is IST_1 spanning? : True
Is IST_2 spanning? : True
Is IST_3 spanning? : True
Is IST_4 spanning? : True
Is IST_5 spanning? : True
Are all ISTs independent? : True

====TEST CR(351, 43, 86)====
Is IST_0 spanning? : True
Is IST_1 spanning? : True
Is IST_2 spanning? : True
Is IST_3 spanning? : True
Is IST_4 spanning? : True
Is IST_5 spanning? : True
Are all ISTs independent? : True

====TEST CR(352, 43, 86)====
Is IST_0 spanning? : True
Is IST_1 spanning? : True
Is IST_2 spanning? : True
Is IST_3 spanning? : True
Is IST_4 spanning? : True
Is IST_5 spanning? : True
Are all ISTs independent? : True

====TEST CR(353, 43, 86)====
Is IST_0 spanning? : True
Is IST_1 spanning? : True
Is IST_2 spanning? : True
Is IST_3 spanning? : True
Is IST_4 spanning? : True
Is IST_5 spanning? : True
Are all ISTs independent? : True

====TEST CR(354, 43, 86)====
Is IST_0 spanning? : True
Is IST_1 spanning? : True
Is IST_2 spanning? : True
Is IST_3 spanning? : True
Is IST_4 spanning? : True
Is IST_5 spanning? : True
Are all ISTs independent? : True

====TEST CR(355, 43, 86)====
Is IST_0 spanning? : True
Is IST_1 spanning? : True
Is IST_2 spanning? : True
Is IST_3 spanning? : True
Is IST_4 spanning? : True
Is IST_5 spanning? : True
Are all ISTs independent? : True

====TEST CR(356, 43, 86)====
Is IST_0 spanning? : True
Is IST_1 spanning? : True
Is IST_2 spanning? : True
Is IST_3 spanning? : True
Is IST_4 spanning? : True
Is IST_5 spanning? : True
Are all ISTs independent? : True

====TEST CR(357, 43, 86)====
Is IST_0 spanning? : True
Is IST_1 spanning? : True
Is IST_2 spanning? : True
Is IST_3 spanning? : True
Is IST_4 spanning? : True
Is IST_5 spanning? : True
Are all ISTs independent? : True

====TEST CR(358, 43, 86)====
Is IST_0 spanning? : True
Is IST_1 spanning? : True
Is IST_2 spanning? : True
Is IST_3 spanning? : True
Is IST_4 spanning? : True
Is IST_5 spanning? : True
Are all ISTs independent? : True

====TEST CR(359, 43, 86)====
Is IST_0 spanning? : True
Is IST_1 spanning? : True
Is IST_2 spanning? : True
Is IST_3 spanning? : True
Is IST_4 spanning? : True
Is IST_5 spanning? : True
Are all ISTs independent? : True

====TEST CR(360, 43, 86)====
Is IST_0 spanning? : True
Is IST_1 spanning? : True
Is IST_2 spanning? : True
Is IST_3 spanning? : True
Is IST_4 spanning? : True
Is IST_5 spanning? : True
Are all ISTs independent? : True

====TEST CR(361, 43, 86)====
Is IST_0 spanning? : True
Is IST_1 spanning? : True
Is IST_2 spanning? : True
Is IST_3 spanning? : True
Is IST_4 spanning? : True
Is IST_5 spanning? : True
Are all ISTs independent? : True

====TEST CR(362, 43, 86)====
Is IST_0 spanning? : True
Is IST_1 spanning? : True
Is IST_2 spanning? : True
Is IST_3 spanning? : True
Is IST_4 spanning? : True
Is IST_5 spanning? : True
Are all ISTs independent? : True

====TEST CR(363, 43, 86)====
Is IST_0 spanning? : True
Is IST_1 spanning? : True
Is IST_2 spanning? : True
Is IST_3 spanning? : True
Is IST_4 spanning? : True
Is IST_5 spanning? : True
Are all ISTs independent? : True

====TEST CR(364, 43, 86)====
Is IST_0 spanning? : True
Is IST_1 spanning? : True
Is IST_2 spanning? : True
Is IST_3 spanning? : True
Is IST_4 spanning? : True
Is IST_5 spanning? : True
Are all ISTs independent? : True

====TEST CR(365, 43, 86)====
Is IST_0 spanning? : True
Is IST_1 spanning? : True
Is IST_2 spanning? : True
Is IST_3 spanning? : True
Is IST_4 spanning? : True
Is IST_5 spanning? : True
Are all ISTs independent? : True

====TEST CR(366, 43, 86)====
Is IST_0 spanning? : True
Is IST_1 spanning? : True
Is IST_2 spanning? : True
Is IST_3 spanning? : True
Is IST_4 spanning? : True
Is IST_5 spanning? : True
Are all ISTs independent? : True

====TEST CR(367, 43, 86)====
Is IST_0 spanning? : True
Is IST_1 spanning? : True
Is IST_2 spanning? : True
Is IST_3 spanning? : True
Is IST_4 spanning? : True
Is IST_5 spanning? : True
Are all ISTs independent? : True

====TEST CR(368, 43, 86)====
Is IST_0 spanning? : True
Is IST_1 spanning? : True
Is IST_2 spanning? : True
Is IST_3 spanning? : True
Is IST_4 spanning? : True
Is IST_5 spanning? : True
Are all ISTs independent? : True

====TEST CR(369, 43, 86)====
Is IST_0 spanning? : True
Is IST_1 spanning? : True
Is IST_2 spanning? : True
Is IST_3 spanning? : True
Is IST_4 spanning? : True
Is IST_5 spanning? : True
Are all ISTs independent? : True

====TEST CR(370, 43, 86)====
Is IST_0 spanning? : True
Is IST_1 spanning? : True
Is IST_2 spanning? : True
Is IST_3 spanning? : True
Is IST_4 spanning? : True
Is IST_5 spanning? : True
Are all ISTs independent? : True

====TEST CR(371, 43, 86)====
Is IST_0 spanning? : True
Is IST_1 spanning? : True
Is IST_2 spanning? : True
Is IST_3 spanning? : True
Is IST_4 spanning? : True
Is IST_5 spanning? : True
Are all ISTs independent? : True

====TEST CR(372, 43, 86)====
Is IST_0 spanning? : True
Is IST_1 spanning? : True
Is IST_2 spanning? : True
Is IST_3 spanning? : True
Is IST_4 spanning? : True
Is IST_5 spanning? : True
Are all ISTs independent? : True

====TEST CR(373, 43, 86)====
Is IST_0 spanning? : True
Is IST_1 spanning? : True
Is IST_2 spanning? : True
Is IST_3 spanning? : True
Is IST_4 spanning? : True
Is IST_5 spanning? : True
Are all ISTs independent? : True

====TEST CR(374, 43, 86)====
Is IST_0 spanning? : True
Is IST_1 spanning? : True
Is IST_2 spanning? : True
Is IST_3 spanning? : True
Is IST_4 spanning? : True
Is IST_5 spanning? : True
Are all ISTs independent? : True

====TEST CR(375, 43, 86)====
Is IST_0 spanning? : True
Is IST_1 spanning? : True
Is IST_2 spanning? : True
Is IST_3 spanning? : True
Is IST_4 spanning? : True
Is IST_5 spanning? : True
Are all ISTs independent? : True

====TEST CR(376, 43, 86)====
Is IST_0 spanning? : True
Is IST_1 spanning? : True
Is IST_2 spanning? : True
Is IST_3 spanning? : True
Is IST_4 spanning? : True
Is IST_5 spanning? : True
Are all ISTs independent? : True

====TEST CR(377, 43, 86)====
Is IST_0 spanning? : True
Is IST_1 spanning? : True
Is IST_2 spanning? : True
Is IST_3 spanning? : True
Is IST_4 spanning? : True
Is IST_5 spanning? : True
Are all ISTs independent? : True

====TEST CR(378, 43, 86)====
Is IST_0 spanning? : True
Is IST_1 spanning? : True
Is IST_2 spanning? : True
Is IST_3 spanning? : True
Is IST_4 spanning? : True
Is IST_5 spanning? : True
Are all ISTs independent? : True

====TEST CR(379, 43, 86)====
Is IST_0 spanning? : True
Is IST_1 spanning? : True
Is IST_2 spanning? : True
Is IST_3 spanning? : True
Is IST_4 spanning? : True
Is IST_5 spanning? : True
Are all ISTs independent? : True

====TEST CR(380, 43, 86)====
Is IST_0 spanning? : True
Is IST_1 spanning? : True
Is IST_2 spanning? : True
Is IST_3 spanning? : True
Is IST_4 spanning? : True
Is IST_5 spanning? : True
Are all ISTs independent? : True

====TEST CR(381, 43, 86)====
Is IST_0 spanning? : True
Is IST_1 spanning? : True
Is IST_2 spanning? : True
Is IST_3 spanning? : True
Is IST_4 spanning? : True
Is IST_5 spanning? : True
Are all ISTs independent? : True

====TEST CR(382, 43, 86)====
Is IST_0 spanning? : True
Is IST_1 spanning? : True
Is IST_2 spanning? : True
Is IST_3 spanning? : True
Is IST_4 spanning? : True
Is IST_5 spanning? : True
Are all ISTs independent? : True

====TEST CR(383, 43, 86)====
Is IST_0 spanning? : True
Is IST_1 spanning? : True
Is IST_2 spanning? : True
Is IST_3 spanning? : True
Is IST_4 spanning? : True
Is IST_5 spanning? : True
Are all ISTs independent? : True

====TEST CR(384, 43, 86)====
Is IST_0 spanning? : True
Is IST_1 spanning? : True
Is IST_2 spanning? : True
Is IST_3 spanning? : True
Is IST_4 spanning? : True
Is IST_5 spanning? : True
Are all ISTs independent? : True

====TEST CR(385, 43, 86)====
Is IST_0 spanning? : True
Is IST_1 spanning? : True
Is IST_2 spanning? : True
Is IST_3 spanning? : True
Is IST_4 spanning? : True
Is IST_5 spanning? : True
Are all ISTs independent? : True

====TEST CR(386, 43, 86)====
Is IST_0 spanning? : True
Is IST_1 spanning? : True
Is IST_2 spanning? : True
Is IST_3 spanning? : True
Is IST_4 spanning? : True
Is IST_5 spanning? : True
Are all ISTs independent? : True

====TEST CR(264, 44, 88)====
Is IST_0 spanning? : True
Is IST_1 spanning? : True
Is IST_2 spanning? : True
Is IST_3 spanning? : True
Is IST_4 spanning? : True
Is IST_5 spanning? : True
Are all ISTs independent? : True

====TEST CR(265, 44, 88)====
Is IST_0 spanning? : True
Is IST_1 spanning? : True
Is IST_2 spanning? : True
Is IST_3 spanning? : True
Is IST_4 spanning? : True
Is IST_5 spanning? : True
Are all ISTs independent? : True

====TEST CR(266, 44, 88)====
Is IST_0 spanning? : True
Is IST_1 spanning? : True
Is IST_2 spanning? : True
Is IST_3 spanning? : True
Is IST_4 spanning? : True
Is IST_5 spanning? : True
Are all ISTs independent? : True

====TEST CR(267, 44, 88)====
Is IST_0 spanning? : True
Is IST_1 spanning? : True
Is IST_2 spanning? : True
Is IST_3 spanning? : True
Is IST_4 spanning? : True
Is IST_5 spanning? : True
Are all ISTs independent? : True

====TEST CR(268, 44, 88)====
Is IST_0 spanning? : True
Is IST_1 spanning? : True
Is IST_2 spanning? : True
Is IST_3 spanning? : True
Is IST_4 spanning? : True
Is IST_5 spanning? : True
Are all ISTs independent? : True

====TEST CR(269, 44, 88)====
Is IST_0 spanning? : True
Is IST_1 spanning? : True
Is IST_2 spanning? : True
Is IST_3 spanning? : True
Is IST_4 spanning? : True
Is IST_5 spanning? : True
Are all ISTs independent? : True

====TEST CR(270, 44, 88)====
Is IST_0 spanning? : True
Is IST_1 spanning? : True
Is IST_2 spanning? : True
Is IST_3 spanning? : True
Is IST_4 spanning? : True
Is IST_5 spanning? : True
Are all ISTs independent? : True

====TEST CR(271, 44, 88)====
Is IST_0 spanning? : True
Is IST_1 spanning? : True
Is IST_2 spanning? : True
Is IST_3 spanning? : True
Is IST_4 spanning? : True
Is IST_5 spanning? : True
Are all ISTs independent? : True

====TEST CR(272, 44, 88)====
Is IST_0 spanning? : True
Is IST_1 spanning? : True
Is IST_2 spanning? : True
Is IST_3 spanning? : True
Is IST_4 spanning? : True
Is IST_5 spanning? : True
Are all ISTs independent? : True

====TEST CR(273, 44, 88)====
Is IST_0 spanning? : True
Is IST_1 spanning? : True
Is IST_2 spanning? : True
Is IST_3 spanning? : True
Is IST_4 spanning? : True
Is IST_5 spanning? : True
Are all ISTs independent? : True

====TEST CR(274, 44, 88)====
Is IST_0 spanning? : True
Is IST_1 spanning? : True
Is IST_2 spanning? : True
Is IST_3 spanning? : True
Is IST_4 spanning? : True
Is IST_5 spanning? : True
Are all ISTs independent? : True

====TEST CR(275, 44, 88)====
Is IST_0 spanning? : True
Is IST_1 spanning? : True
Is IST_2 spanning? : True
Is IST_3 spanning? : True
Is IST_4 spanning? : True
Is IST_5 spanning? : True
Are all ISTs independent? : True

====TEST CR(276, 44, 88)====
Is IST_0 spanning? : True
Is IST_1 spanning? : True
Is IST_2 spanning? : True
Is IST_3 spanning? : True
Is IST_4 spanning? : True
Is IST_5 spanning? : True
Are all ISTs independent? : True

====TEST CR(277, 44, 88)====
Is IST_0 spanning? : True
Is IST_1 spanning? : True
Is IST_2 spanning? : True
Is IST_3 spanning? : True
Is IST_4 spanning? : True
Is IST_5 spanning? : True
Are all ISTs independent? : True

====TEST CR(278, 44, 88)====
Is IST_0 spanning? : True
Is IST_1 spanning? : True
Is IST_2 spanning? : True
Is IST_3 spanning? : True
Is IST_4 spanning? : True
Is IST_5 spanning? : True
Are all ISTs independent? : True

====TEST CR(279, 44, 88)====
Is IST_0 spanning? : True
Is IST_1 spanning? : True
Is IST_2 spanning? : True
Is IST_3 spanning? : True
Is IST_4 spanning? : True
Is IST_5 spanning? : True
Are all ISTs independent? : True

====TEST CR(280, 44, 88)====
Is IST_0 spanning? : True
Is IST_1 spanning? : True
Is IST_2 spanning? : True
Is IST_3 spanning? : True
Is IST_4 spanning? : True
Is IST_5 spanning? : True
Are all ISTs independent? : True

====TEST CR(281, 44, 88)====
Is IST_0 spanning? : True
Is IST_1 spanning? : True
Is IST_2 spanning? : True
Is IST_3 spanning? : True
Is IST_4 spanning? : True
Is IST_5 spanning? : True
Are all ISTs independent? : True

====TEST CR(282, 44, 88)====
Is IST_0 spanning? : True
Is IST_1 spanning? : True
Is IST_2 spanning? : True
Is IST_3 spanning? : True
Is IST_4 spanning? : True
Is IST_5 spanning? : True
Are all ISTs independent? : True

====TEST CR(283, 44, 88)====
Is IST_0 spanning? : True
Is IST_1 spanning? : True
Is IST_2 spanning? : True
Is IST_3 spanning? : True
Is IST_4 spanning? : True
Is IST_5 spanning? : True
Are all ISTs independent? : True

====TEST CR(284, 44, 88)====
Is IST_0 spanning? : True
Is IST_1 spanning? : True
Is IST_2 spanning? : True
Is IST_3 spanning? : True
Is IST_4 spanning? : True
Is IST_5 spanning? : True
Are all ISTs independent? : True

====TEST CR(285, 44, 88)====
Is IST_0 spanning? : True
Is IST_1 spanning? : True
Is IST_2 spanning? : True
Is IST_3 spanning? : True
Is IST_4 spanning? : True
Is IST_5 spanning? : True
Are all ISTs independent? : True

====TEST CR(286, 44, 88)====
Is IST_0 spanning? : True
Is IST_1 spanning? : True
Is IST_2 spanning? : True
Is IST_3 spanning? : True
Is IST_4 spanning? : True
Is IST_5 spanning? : True
Are all ISTs independent? : True

====TEST CR(287, 44, 88)====
Is IST_0 spanning? : True
Is IST_1 spanning? : True
Is IST_2 spanning? : True
Is IST_3 spanning? : True
Is IST_4 spanning? : True
Is IST_5 spanning? : True
Are all ISTs independent? : True

====TEST CR(288, 44, 88)====
Is IST_0 spanning? : True
Is IST_1 spanning? : True
Is IST_2 spanning? : True
Is IST_3 spanning? : True
Is IST_4 spanning? : True
Is IST_5 spanning? : True
Are all ISTs independent? : True

====TEST CR(289, 44, 88)====
Is IST_0 spanning? : True
Is IST_1 spanning? : True
Is IST_2 spanning? : True
Is IST_3 spanning? : True
Is IST_4 spanning? : True
Is IST_5 spanning? : True
Are all ISTs independent? : True

====TEST CR(290, 44, 88)====
Is IST_0 spanning? : True
Is IST_1 spanning? : True
Is IST_2 spanning? : True
Is IST_3 spanning? : True
Is IST_4 spanning? : True
Is IST_5 spanning? : True
Are all ISTs independent? : True

====TEST CR(291, 44, 88)====
Is IST_0 spanning? : True
Is IST_1 spanning? : True
Is IST_2 spanning? : True
Is IST_3 spanning? : True
Is IST_4 spanning? : True
Is IST_5 spanning? : True
Are all ISTs independent? : True

====TEST CR(292, 44, 88)====
Is IST_0 spanning? : True
Is IST_1 spanning? : True
Is IST_2 spanning? : True
Is IST_3 spanning? : True
Is IST_4 spanning? : True
Is IST_5 spanning? : True
Are all ISTs independent? : True

====TEST CR(293, 44, 88)====
Is IST_0 spanning? : True
Is IST_1 spanning? : True
Is IST_2 spanning? : True
Is IST_3 spanning? : True
Is IST_4 spanning? : True
Is IST_5 spanning? : True
Are all ISTs independent? : True

====TEST CR(294, 44, 88)====
Is IST_0 spanning? : True
Is IST_1 spanning? : True
Is IST_2 spanning? : True
Is IST_3 spanning? : True
Is IST_4 spanning? : True
Is IST_5 spanning? : True
Are all ISTs independent? : True

====TEST CR(295, 44, 88)====
Is IST_0 spanning? : True
Is IST_1 spanning? : True
Is IST_2 spanning? : True
Is IST_3 spanning? : True
Is IST_4 spanning? : True
Is IST_5 spanning? : True
Are all ISTs independent? : True

====TEST CR(296, 44, 88)====
Is IST_0 spanning? : True
Is IST_1 spanning? : True
Is IST_2 spanning? : True
Is IST_3 spanning? : True
Is IST_4 spanning? : True
Is IST_5 spanning? : True
Are all ISTs independent? : True

====TEST CR(297, 44, 88)====
Is IST_0 spanning? : True
Is IST_1 spanning? : True
Is IST_2 spanning? : True
Is IST_3 spanning? : True
Is IST_4 spanning? : True
Is IST_5 spanning? : True
Are all ISTs independent? : True

====TEST CR(298, 44, 88)====
Is IST_0 spanning? : True
Is IST_1 spanning? : True
Is IST_2 spanning? : True
Is IST_3 spanning? : True
Is IST_4 spanning? : True
Is IST_5 spanning? : True
Are all ISTs independent? : True

====TEST CR(299, 44, 88)====
Is IST_0 spanning? : True
Is IST_1 spanning? : True
Is IST_2 spanning? : True
Is IST_3 spanning? : True
Is IST_4 spanning? : True
Is IST_5 spanning? : True
Are all ISTs independent? : True

====TEST CR(300, 44, 88)====
Is IST_0 spanning? : True
Is IST_1 spanning? : True
Is IST_2 spanning? : True
Is IST_3 spanning? : True
Is IST_4 spanning? : True
Is IST_5 spanning? : True
Are all ISTs independent? : True

====TEST CR(301, 44, 88)====
Is IST_0 spanning? : True
Is IST_1 spanning? : True
Is IST_2 spanning? : True
Is IST_3 spanning? : True
Is IST_4 spanning? : True
Is IST_5 spanning? : True
Are all ISTs independent? : True

====TEST CR(302, 44, 88)====
Is IST_0 spanning? : True
Is IST_1 spanning? : True
Is IST_2 spanning? : True
Is IST_3 spanning? : True
Is IST_4 spanning? : True
Is IST_5 spanning? : True
Are all ISTs independent? : True

====TEST CR(303, 44, 88)====
Is IST_0 spanning? : True
Is IST_1 spanning? : True
Is IST_2 spanning? : True
Is IST_3 spanning? : True
Is IST_4 spanning? : True
Is IST_5 spanning? : True
Are all ISTs independent? : True

====TEST CR(304, 44, 88)====
Is IST_0 spanning? : True
Is IST_1 spanning? : True
Is IST_2 spanning? : True
Is IST_3 spanning? : True
Is IST_4 spanning? : True
Is IST_5 spanning? : True
Are all ISTs independent? : True

====TEST CR(305, 44, 88)====
Is IST_0 spanning? : True
Is IST_1 spanning? : True
Is IST_2 spanning? : True
Is IST_3 spanning? : True
Is IST_4 spanning? : True
Is IST_5 spanning? : True
Are all ISTs independent? : True

====TEST CR(306, 44, 88)====
Is IST_0 spanning? : True
Is IST_1 spanning? : True
Is IST_2 spanning? : True
Is IST_3 spanning? : True
Is IST_4 spanning? : True
Is IST_5 spanning? : True
Are all ISTs independent? : True

====TEST CR(307, 44, 88)====
Is IST_0 spanning? : True
Is IST_1 spanning? : True
Is IST_2 spanning? : True
Is IST_3 spanning? : True
Is IST_4 spanning? : True
Is IST_5 spanning? : True
Are all ISTs independent? : True

====TEST CR(308, 44, 88)====
Is IST_0 spanning? : True
Is IST_1 spanning? : True
Is IST_2 spanning? : True
Is IST_3 spanning? : True
Is IST_4 spanning? : True
Is IST_5 spanning? : True
Are all ISTs independent? : True

====TEST CR(309, 44, 88)====
Is IST_0 spanning? : True
Is IST_1 spanning? : True
Is IST_2 spanning? : True
Is IST_3 spanning? : True
Is IST_4 spanning? : True
Is IST_5 spanning? : True
Are all ISTs independent? : True

====TEST CR(310, 44, 88)====
Is IST_0 spanning? : True
Is IST_1 spanning? : True
Is IST_2 spanning? : True
Is IST_3 spanning? : True
Is IST_4 spanning? : True
Is IST_5 spanning? : True
Are all ISTs independent? : True

====TEST CR(311, 44, 88)====
Is IST_0 spanning? : True
Is IST_1 spanning? : True
Is IST_2 spanning? : True
Is IST_3 spanning? : True
Is IST_4 spanning? : True
Is IST_5 spanning? : True
Are all ISTs independent? : True

====TEST CR(312, 44, 88)====
Is IST_0 spanning? : True
Is IST_1 spanning? : True
Is IST_2 spanning? : True
Is IST_3 spanning? : True
Is IST_4 spanning? : True
Is IST_5 spanning? : True
Are all ISTs independent? : True

====TEST CR(313, 44, 88)====
Is IST_0 spanning? : True
Is IST_1 spanning? : True
Is IST_2 spanning? : True
Is IST_3 spanning? : True
Is IST_4 spanning? : True
Is IST_5 spanning? : True
Are all ISTs independent? : True

====TEST CR(314, 44, 88)====
Is IST_0 spanning? : True
Is IST_1 spanning? : True
Is IST_2 spanning? : True
Is IST_3 spanning? : True
Is IST_4 spanning? : True
Is IST_5 spanning? : True
Are all ISTs independent? : True

====TEST CR(315, 44, 88)====
Is IST_0 spanning? : True
Is IST_1 spanning? : True
Is IST_2 spanning? : True
Is IST_3 spanning? : True
Is IST_4 spanning? : True
Is IST_5 spanning? : True
Are all ISTs independent? : True

====TEST CR(316, 44, 88)====
Is IST_0 spanning? : True
Is IST_1 spanning? : True
Is IST_2 spanning? : True
Is IST_3 spanning? : True
Is IST_4 spanning? : True
Is IST_5 spanning? : True
Are all ISTs independent? : True

====TEST CR(317, 44, 88)====
Is IST_0 spanning? : True
Is IST_1 spanning? : True
Is IST_2 spanning? : True
Is IST_3 spanning? : True
Is IST_4 spanning? : True
Is IST_5 spanning? : True
Are all ISTs independent? : True

====TEST CR(318, 44, 88)====
Is IST_0 spanning? : True
Is IST_1 spanning? : True
Is IST_2 spanning? : True
Is IST_3 spanning? : True
Is IST_4 spanning? : True
Is IST_5 spanning? : True
Are all ISTs independent? : True

====TEST CR(319, 44, 88)====
Is IST_0 spanning? : True
Is IST_1 spanning? : True
Is IST_2 spanning? : True
Is IST_3 spanning? : True
Is IST_4 spanning? : True
Is IST_5 spanning? : True
Are all ISTs independent? : True

====TEST CR(320, 44, 88)====
Is IST_0 spanning? : True
Is IST_1 spanning? : True
Is IST_2 spanning? : True
Is IST_3 spanning? : True
Is IST_4 spanning? : True
Is IST_5 spanning? : True
Are all ISTs independent? : True

====TEST CR(321, 44, 88)====
Is IST_0 spanning? : True
Is IST_1 spanning? : True
Is IST_2 spanning? : True
Is IST_3 spanning? : True
Is IST_4 spanning? : True
Is IST_5 spanning? : True
Are all ISTs independent? : True

====TEST CR(322, 44, 88)====
Is IST_0 spanning? : True
Is IST_1 spanning? : True
Is IST_2 spanning? : True
Is IST_3 spanning? : True
Is IST_4 spanning? : True
Is IST_5 spanning? : True
Are all ISTs independent? : True

====TEST CR(323, 44, 88)====
Is IST_0 spanning? : True
Is IST_1 spanning? : True
Is IST_2 spanning? : True
Is IST_3 spanning? : True
Is IST_4 spanning? : True
Is IST_5 spanning? : True
Are all ISTs independent? : True

====TEST CR(324, 44, 88)====
Is IST_0 spanning? : True
Is IST_1 spanning? : True
Is IST_2 spanning? : True
Is IST_3 spanning? : True
Is IST_4 spanning? : True
Is IST_5 spanning? : True
Are all ISTs independent? : True

====TEST CR(325, 44, 88)====
Is IST_0 spanning? : True
Is IST_1 spanning? : True
Is IST_2 spanning? : True
Is IST_3 spanning? : True
Is IST_4 spanning? : True
Is IST_5 spanning? : True
Are all ISTs independent? : True

====TEST CR(326, 44, 88)====
Is IST_0 spanning? : True
Is IST_1 spanning? : True
Is IST_2 spanning? : True
Is IST_3 spanning? : True
Is IST_4 spanning? : True
Is IST_5 spanning? : True
Are all ISTs independent? : True

====TEST CR(327, 44, 88)====
Is IST_0 spanning? : True
Is IST_1 spanning? : True
Is IST_2 spanning? : True
Is IST_3 spanning? : True
Is IST_4 spanning? : True
Is IST_5 spanning? : True
Are all ISTs independent? : True

====TEST CR(328, 44, 88)====
Is IST_0 spanning? : True
Is IST_1 spanning? : True
Is IST_2 spanning? : True
Is IST_3 spanning? : True
Is IST_4 spanning? : True
Is IST_5 spanning? : True
Are all ISTs independent? : True

====TEST CR(329, 44, 88)====
Is IST_0 spanning? : True
Is IST_1 spanning? : True
Is IST_2 spanning? : True
Is IST_3 spanning? : True
Is IST_4 spanning? : True
Is IST_5 spanning? : True
Are all ISTs independent? : True

====TEST CR(330, 44, 88)====
Is IST_0 spanning? : True
Is IST_1 spanning? : True
Is IST_2 spanning? : True
Is IST_3 spanning? : True
Is IST_4 spanning? : True
Is IST_5 spanning? : True
Are all ISTs independent? : True

====TEST CR(331, 44, 88)====
Is IST_0 spanning? : True
Is IST_1 spanning? : True
Is IST_2 spanning? : True
Is IST_3 spanning? : True
Is IST_4 spanning? : True
Is IST_5 spanning? : True
Are all ISTs independent? : True

====TEST CR(332, 44, 88)====
Is IST_0 spanning? : True
Is IST_1 spanning? : True
Is IST_2 spanning? : True
Is IST_3 spanning? : True
Is IST_4 spanning? : True
Is IST_5 spanning? : True
Are all ISTs independent? : True

====TEST CR(333, 44, 88)====
Is IST_0 spanning? : True
Is IST_1 spanning? : True
Is IST_2 spanning? : True
Is IST_3 spanning? : True
Is IST_4 spanning? : True
Is IST_5 spanning? : True
Are all ISTs independent? : True

====TEST CR(334, 44, 88)====
Is IST_0 spanning? : True
Is IST_1 spanning? : True
Is IST_2 spanning? : True
Is IST_3 spanning? : True
Is IST_4 spanning? : True
Is IST_5 spanning? : True
Are all ISTs independent? : True

====TEST CR(335, 44, 88)====
Is IST_0 spanning? : True
Is IST_1 spanning? : True
Is IST_2 spanning? : True
Is IST_3 spanning? : True
Is IST_4 spanning? : True
Is IST_5 spanning? : True
Are all ISTs independent? : True

====TEST CR(336, 44, 88)====
Is IST_0 spanning? : True
Is IST_1 spanning? : True
Is IST_2 spanning? : True
Is IST_3 spanning? : True
Is IST_4 spanning? : True
Is IST_5 spanning? : True
Are all ISTs independent? : True

====TEST CR(337, 44, 88)====
Is IST_0 spanning? : True
Is IST_1 spanning? : True
Is IST_2 spanning? : True
Is IST_3 spanning? : True
Is IST_4 spanning? : True
Is IST_5 spanning? : True
Are all ISTs independent? : True

====TEST CR(338, 44, 88)====
Is IST_0 spanning? : True
Is IST_1 spanning? : True
Is IST_2 spanning? : True
Is IST_3 spanning? : True
Is IST_4 spanning? : True
Is IST_5 spanning? : True
Are all ISTs independent? : True

====TEST CR(339, 44, 88)====
Is IST_0 spanning? : True
Is IST_1 spanning? : True
Is IST_2 spanning? : True
Is IST_3 spanning? : True
Is IST_4 spanning? : True
Is IST_5 spanning? : True
Are all ISTs independent? : True

====TEST CR(340, 44, 88)====
Is IST_0 spanning? : True
Is IST_1 spanning? : True
Is IST_2 spanning? : True
Is IST_3 spanning? : True
Is IST_4 spanning? : True
Is IST_5 spanning? : True
Are all ISTs independent? : True

====TEST CR(341, 44, 88)====
Is IST_0 spanning? : True
Is IST_1 spanning? : True
Is IST_2 spanning? : True
Is IST_3 spanning? : True
Is IST_4 spanning? : True
Is IST_5 spanning? : True
Are all ISTs independent? : True

====TEST CR(342, 44, 88)====
Is IST_0 spanning? : True
Is IST_1 spanning? : True
Is IST_2 spanning? : True
Is IST_3 spanning? : True
Is IST_4 spanning? : True
Is IST_5 spanning? : True
Are all ISTs independent? : True

====TEST CR(343, 44, 88)====
Is IST_0 spanning? : True
Is IST_1 spanning? : True
Is IST_2 spanning? : True
Is IST_3 spanning? : True
Is IST_4 spanning? : True
Is IST_5 spanning? : True
Are all ISTs independent? : True

====TEST CR(344, 44, 88)====
Is IST_0 spanning? : True
Is IST_1 spanning? : True
Is IST_2 spanning? : True
Is IST_3 spanning? : True
Is IST_4 spanning? : True
Is IST_5 spanning? : True
Are all ISTs independent? : True

====TEST CR(345, 44, 88)====
Is IST_0 spanning? : True
Is IST_1 spanning? : True
Is IST_2 spanning? : True
Is IST_3 spanning? : True
Is IST_4 spanning? : True
Is IST_5 spanning? : True
Are all ISTs independent? : True

====TEST CR(346, 44, 88)====
Is IST_0 spanning? : True
Is IST_1 spanning? : True
Is IST_2 spanning? : True
Is IST_3 spanning? : True
Is IST_4 spanning? : True
Is IST_5 spanning? : True
Are all ISTs independent? : True

====TEST CR(347, 44, 88)====
Is IST_0 spanning? : True
Is IST_1 spanning? : True
Is IST_2 spanning? : True
Is IST_3 spanning? : True
Is IST_4 spanning? : True
Is IST_5 spanning? : True
Are all ISTs independent? : True

====TEST CR(348, 44, 88)====
Is IST_0 spanning? : True
Is IST_1 spanning? : True
Is IST_2 spanning? : True
Is IST_3 spanning? : True
Is IST_4 spanning? : True
Is IST_5 spanning? : True
Are all ISTs independent? : True

====TEST CR(349, 44, 88)====
Is IST_0 spanning? : True
Is IST_1 spanning? : True
Is IST_2 spanning? : True
Is IST_3 spanning? : True
Is IST_4 spanning? : True
Is IST_5 spanning? : True
Are all ISTs independent? : True

====TEST CR(350, 44, 88)====
Is IST_0 spanning? : True
Is IST_1 spanning? : True
Is IST_2 spanning? : True
Is IST_3 spanning? : True
Is IST_4 spanning? : True
Is IST_5 spanning? : True
Are all ISTs independent? : True

====TEST CR(351, 44, 88)====
Is IST_0 spanning? : True
Is IST_1 spanning? : True
Is IST_2 spanning? : True
Is IST_3 spanning? : True
Is IST_4 spanning? : True
Is IST_5 spanning? : True
Are all ISTs independent? : True

====TEST CR(352, 44, 88)====
Is IST_0 spanning? : True
Is IST_1 spanning? : True
Is IST_2 spanning? : True
Is IST_3 spanning? : True
Is IST_4 spanning? : True
Is IST_5 spanning? : True
Are all ISTs independent? : True

====TEST CR(353, 44, 88)====
Is IST_0 spanning? : True
Is IST_1 spanning? : True
Is IST_2 spanning? : True
Is IST_3 spanning? : True
Is IST_4 spanning? : True
Is IST_5 spanning? : True
Are all ISTs independent? : True

====TEST CR(354, 44, 88)====
Is IST_0 spanning? : True
Is IST_1 spanning? : True
Is IST_2 spanning? : True
Is IST_3 spanning? : True
Is IST_4 spanning? : True
Is IST_5 spanning? : True
Are all ISTs independent? : True

====TEST CR(355, 44, 88)====
Is IST_0 spanning? : True
Is IST_1 spanning? : True
Is IST_2 spanning? : True
Is IST_3 spanning? : True
Is IST_4 spanning? : True
Is IST_5 spanning? : True
Are all ISTs independent? : True

====TEST CR(356, 44, 88)====
Is IST_0 spanning? : True
Is IST_1 spanning? : True
Is IST_2 spanning? : True
Is IST_3 spanning? : True
Is IST_4 spanning? : True
Is IST_5 spanning? : True
Are all ISTs independent? : True

====TEST CR(357, 44, 88)====
Is IST_0 spanning? : True
Is IST_1 spanning? : True
Is IST_2 spanning? : True
Is IST_3 spanning? : True
Is IST_4 spanning? : True
Is IST_5 spanning? : True
Are all ISTs independent? : True

====TEST CR(358, 44, 88)====
Is IST_0 spanning? : True
Is IST_1 spanning? : True
Is IST_2 spanning? : True
Is IST_3 spanning? : True
Is IST_4 spanning? : True
Is IST_5 spanning? : True
Are all ISTs independent? : True

====TEST CR(359, 44, 88)====
Is IST_0 spanning? : True
Is IST_1 spanning? : True
Is IST_2 spanning? : True
Is IST_3 spanning? : True
Is IST_4 spanning? : True
Is IST_5 spanning? : True
Are all ISTs independent? : True

====TEST CR(360, 44, 88)====
Is IST_0 spanning? : True
Is IST_1 spanning? : True
Is IST_2 spanning? : True
Is IST_3 spanning? : True
Is IST_4 spanning? : True
Is IST_5 spanning? : True
Are all ISTs independent? : True

====TEST CR(361, 44, 88)====
Is IST_0 spanning? : True
Is IST_1 spanning? : True
Is IST_2 spanning? : True
Is IST_3 spanning? : True
Is IST_4 spanning? : True
Is IST_5 spanning? : True
Are all ISTs independent? : True

====TEST CR(362, 44, 88)====
Is IST_0 spanning? : True
Is IST_1 spanning? : True
Is IST_2 spanning? : True
Is IST_3 spanning? : True
Is IST_4 spanning? : True
Is IST_5 spanning? : True
Are all ISTs independent? : True

====TEST CR(363, 44, 88)====
Is IST_0 spanning? : True
Is IST_1 spanning? : True
Is IST_2 spanning? : True
Is IST_3 spanning? : True
Is IST_4 spanning? : True
Is IST_5 spanning? : True
Are all ISTs independent? : True

====TEST CR(364, 44, 88)====
Is IST_0 spanning? : True
Is IST_1 spanning? : True
Is IST_2 spanning? : True
Is IST_3 spanning? : True
Is IST_4 spanning? : True
Is IST_5 spanning? : True
Are all ISTs independent? : True

====TEST CR(365, 44, 88)====
Is IST_0 spanning? : True
Is IST_1 spanning? : True
Is IST_2 spanning? : True
Is IST_3 spanning? : True
Is IST_4 spanning? : True
Is IST_5 spanning? : True
Are all ISTs independent? : True

====TEST CR(366, 44, 88)====
Is IST_0 spanning? : True
Is IST_1 spanning? : True
Is IST_2 spanning? : True
Is IST_3 spanning? : True
Is IST_4 spanning? : True
Is IST_5 spanning? : True
Are all ISTs independent? : True

====TEST CR(367, 44, 88)====
Is IST_0 spanning? : True
Is IST_1 spanning? : True
Is IST_2 spanning? : True
Is IST_3 spanning? : True
Is IST_4 spanning? : True
Is IST_5 spanning? : True
Are all ISTs independent? : True

====TEST CR(368, 44, 88)====
Is IST_0 spanning? : True
Is IST_1 spanning? : True
Is IST_2 spanning? : True
Is IST_3 spanning? : True
Is IST_4 spanning? : True
Is IST_5 spanning? : True
Are all ISTs independent? : True

====TEST CR(369, 44, 88)====
Is IST_0 spanning? : True
Is IST_1 spanning? : True
Is IST_2 spanning? : True
Is IST_3 spanning? : True
Is IST_4 spanning? : True
Is IST_5 spanning? : True
Are all ISTs independent? : True

====TEST CR(370, 44, 88)====
Is IST_0 spanning? : True
Is IST_1 spanning? : True
Is IST_2 spanning? : True
Is IST_3 spanning? : True
Is IST_4 spanning? : True
Is IST_5 spanning? : True
Are all ISTs independent? : True

====TEST CR(371, 44, 88)====
Is IST_0 spanning? : True
Is IST_1 spanning? : True
Is IST_2 spanning? : True
Is IST_3 spanning? : True
Is IST_4 spanning? : True
Is IST_5 spanning? : True
Are all ISTs independent? : True

====TEST CR(372, 44, 88)====
Is IST_0 spanning? : True
Is IST_1 spanning? : True
Is IST_2 spanning? : True
Is IST_3 spanning? : True
Is IST_4 spanning? : True
Is IST_5 spanning? : True
Are all ISTs independent? : True

====TEST CR(373, 44, 88)====
Is IST_0 spanning? : True
Is IST_1 spanning? : True
Is IST_2 spanning? : True
Is IST_3 spanning? : True
Is IST_4 spanning? : True
Is IST_5 spanning? : True
Are all ISTs independent? : True

====TEST CR(374, 44, 88)====
Is IST_0 spanning? : True
Is IST_1 spanning? : True
Is IST_2 spanning? : True
Is IST_3 spanning? : True
Is IST_4 spanning? : True
Is IST_5 spanning? : True
Are all ISTs independent? : True

====TEST CR(375, 44, 88)====
Is IST_0 spanning? : True
Is IST_1 spanning? : True
Is IST_2 spanning? : True
Is IST_3 spanning? : True
Is IST_4 spanning? : True
Is IST_5 spanning? : True
Are all ISTs independent? : True

====TEST CR(376, 44, 88)====
Is IST_0 spanning? : True
Is IST_1 spanning? : True
Is IST_2 spanning? : True
Is IST_3 spanning? : True
Is IST_4 spanning? : True
Is IST_5 spanning? : True
Are all ISTs independent? : True

====TEST CR(377, 44, 88)====
Is IST_0 spanning? : True
Is IST_1 spanning? : True
Is IST_2 spanning? : True
Is IST_3 spanning? : True
Is IST_4 spanning? : True
Is IST_5 spanning? : True
Are all ISTs independent? : True

====TEST CR(378, 44, 88)====
Is IST_0 spanning? : True
Is IST_1 spanning? : True
Is IST_2 spanning? : True
Is IST_3 spanning? : True
Is IST_4 spanning? : True
Is IST_5 spanning? : True
Are all ISTs independent? : True

====TEST CR(379, 44, 88)====
Is IST_0 spanning? : True
Is IST_1 spanning? : True
Is IST_2 spanning? : True
Is IST_3 spanning? : True
Is IST_4 spanning? : True
Is IST_5 spanning? : True
Are all ISTs independent? : True

====TEST CR(380, 44, 88)====
Is IST_0 spanning? : True
Is IST_1 spanning? : True
Is IST_2 spanning? : True
Is IST_3 spanning? : True
Is IST_4 spanning? : True
Is IST_5 spanning? : True
Are all ISTs independent? : True

====TEST CR(381, 44, 88)====
Is IST_0 spanning? : True
Is IST_1 spanning? : True
Is IST_2 spanning? : True
Is IST_3 spanning? : True
Is IST_4 spanning? : True
Is IST_5 spanning? : True
Are all ISTs independent? : True

====TEST CR(382, 44, 88)====
Is IST_0 spanning? : True
Is IST_1 spanning? : True
Is IST_2 spanning? : True
Is IST_3 spanning? : True
Is IST_4 spanning? : True
Is IST_5 spanning? : True
Are all ISTs independent? : True

====TEST CR(383, 44, 88)====
Is IST_0 spanning? : True
Is IST_1 spanning? : True
Is IST_2 spanning? : True
Is IST_3 spanning? : True
Is IST_4 spanning? : True
Is IST_5 spanning? : True
Are all ISTs independent? : True

====TEST CR(384, 44, 88)====
Is IST_0 spanning? : True
Is IST_1 spanning? : True
Is IST_2 spanning? : True
Is IST_3 spanning? : True
Is IST_4 spanning? : True
Is IST_5 spanning? : True
Are all ISTs independent? : True

====TEST CR(385, 44, 88)====
Is IST_0 spanning? : True
Is IST_1 spanning? : True
Is IST_2 spanning? : True
Is IST_3 spanning? : True
Is IST_4 spanning? : True
Is IST_5 spanning? : True
Are all ISTs independent? : True

====TEST CR(386, 44, 88)====
Is IST_0 spanning? : True
Is IST_1 spanning? : True
Is IST_2 spanning? : True
Is IST_3 spanning? : True
Is IST_4 spanning? : True
Is IST_5 spanning? : True
Are all ISTs independent? : True

====TEST CR(387, 44, 88)====
Is IST_0 spanning? : True
Is IST_1 spanning? : True
Is IST_2 spanning? : True
Is IST_3 spanning? : True
Is IST_4 spanning? : True
Is IST_5 spanning? : True
Are all ISTs independent? : True

====TEST CR(388, 44, 88)====
Is IST_0 spanning? : True
Is IST_1 spanning? : True
Is IST_2 spanning? : True
Is IST_3 spanning? : True
Is IST_4 spanning? : True
Is IST_5 spanning? : True
Are all ISTs independent? : True

====TEST CR(389, 44, 88)====
Is IST_0 spanning? : True
Is IST_1 spanning? : True
Is IST_2 spanning? : True
Is IST_3 spanning? : True
Is IST_4 spanning? : True
Is IST_5 spanning? : True
Are all ISTs independent? : True

====TEST CR(390, 44, 88)====
Is IST_0 spanning? : True
Is IST_1 spanning? : True
Is IST_2 spanning? : True
Is IST_3 spanning? : True
Is IST_4 spanning? : True
Is IST_5 spanning? : True
Are all ISTs independent? : True

====TEST CR(391, 44, 88)====
Is IST_0 spanning? : True
Is IST_1 spanning? : True
Is IST_2 spanning? : True
Is IST_3 spanning? : True
Is IST_4 spanning? : True
Is IST_5 spanning? : True
Are all ISTs independent? : True

====TEST CR(392, 44, 88)====
Is IST_0 spanning? : True
Is IST_1 spanning? : True
Is IST_2 spanning? : True
Is IST_3 spanning? : True
Is IST_4 spanning? : True
Is IST_5 spanning? : True
Are all ISTs independent? : True

====TEST CR(270, 45, 90)====
Is IST_0 spanning? : True
Is IST_1 spanning? : True
Is IST_2 spanning? : True
Is IST_3 spanning? : True
Is IST_4 spanning? : True
Is IST_5 spanning? : True
Are all ISTs independent? : True

====TEST CR(271, 45, 90)====
Is IST_0 spanning? : True
Is IST_1 spanning? : True
Is IST_2 spanning? : True
Is IST_3 spanning? : True
Is IST_4 spanning? : True
Is IST_5 spanning? : True
Are all ISTs independent? : True

====TEST CR(272, 45, 90)====
Is IST_0 spanning? : True
Is IST_1 spanning? : True
Is IST_2 spanning? : True
Is IST_3 spanning? : True
Is IST_4 spanning? : True
Is IST_5 spanning? : True
Are all ISTs independent? : True

====TEST CR(273, 45, 90)====
Is IST_0 spanning? : True
Is IST_1 spanning? : True
Is IST_2 spanning? : True
Is IST_3 spanning? : True
Is IST_4 spanning? : True
Is IST_5 spanning? : True
Are all ISTs independent? : True

====TEST CR(274, 45, 90)====
Is IST_0 spanning? : True
Is IST_1 spanning? : True
Is IST_2 spanning? : True
Is IST_3 spanning? : True
Is IST_4 spanning? : True
Is IST_5 spanning? : True
Are all ISTs independent? : True

====TEST CR(275, 45, 90)====
Is IST_0 spanning? : True
Is IST_1 spanning? : True
Is IST_2 spanning? : True
Is IST_3 spanning? : True
Is IST_4 spanning? : True
Is IST_5 spanning? : True
Are all ISTs independent? : True

====TEST CR(276, 45, 90)====
Is IST_0 spanning? : True
Is IST_1 spanning? : True
Is IST_2 spanning? : True
Is IST_3 spanning? : True
Is IST_4 spanning? : True
Is IST_5 spanning? : True
Are all ISTs independent? : True

====TEST CR(277, 45, 90)====
Is IST_0 spanning? : True
Is IST_1 spanning? : True
Is IST_2 spanning? : True
Is IST_3 spanning? : True
Is IST_4 spanning? : True
Is IST_5 spanning? : True
Are all ISTs independent? : True

====TEST CR(278, 45, 90)====
Is IST_0 spanning? : True
Is IST_1 spanning? : True
Is IST_2 spanning? : True
Is IST_3 spanning? : True
Is IST_4 spanning? : True
Is IST_5 spanning? : True
Are all ISTs independent? : True

====TEST CR(279, 45, 90)====
Is IST_0 spanning? : True
Is IST_1 spanning? : True
Is IST_2 spanning? : True
Is IST_3 spanning? : True
Is IST_4 spanning? : True
Is IST_5 spanning? : True
Are all ISTs independent? : True

====TEST CR(280, 45, 90)====
Is IST_0 spanning? : True
Is IST_1 spanning? : True
Is IST_2 spanning? : True
Is IST_3 spanning? : True
Is IST_4 spanning? : True
Is IST_5 spanning? : True
Are all ISTs independent? : True

====TEST CR(281, 45, 90)====
Is IST_0 spanning? : True
Is IST_1 spanning? : True
Is IST_2 spanning? : True
Is IST_3 spanning? : True
Is IST_4 spanning? : True
Is IST_5 spanning? : True
Are all ISTs independent? : True

====TEST CR(282, 45, 90)====
Is IST_0 spanning? : True
Is IST_1 spanning? : True
Is IST_2 spanning? : True
Is IST_3 spanning? : True
Is IST_4 spanning? : True
Is IST_5 spanning? : True
Are all ISTs independent? : True

====TEST CR(283, 45, 90)====
Is IST_0 spanning? : True
Is IST_1 spanning? : True
Is IST_2 spanning? : True
Is IST_3 spanning? : True
Is IST_4 spanning? : True
Is IST_5 spanning? : True
Are all ISTs independent? : True

====TEST CR(284, 45, 90)====
Is IST_0 spanning? : True
Is IST_1 spanning? : True
Is IST_2 spanning? : True
Is IST_3 spanning? : True
Is IST_4 spanning? : True
Is IST_5 spanning? : True
Are all ISTs independent? : True

====TEST CR(285, 45, 90)====
Is IST_0 spanning? : True
Is IST_1 spanning? : True
Is IST_2 spanning? : True
Is IST_3 spanning? : True
Is IST_4 spanning? : True
Is IST_5 spanning? : True
Are all ISTs independent? : True

====TEST CR(286, 45, 90)====
Is IST_0 spanning? : True
Is IST_1 spanning? : True
Is IST_2 spanning? : True
Is IST_3 spanning? : True
Is IST_4 spanning? : True
Is IST_5 spanning? : True
Are all ISTs independent? : True

====TEST CR(287, 45, 90)====
Is IST_0 spanning? : True
Is IST_1 spanning? : True
Is IST_2 spanning? : True
Is IST_3 spanning? : True
Is IST_4 spanning? : True
Is IST_5 spanning? : True
Are all ISTs independent? : True

====TEST CR(288, 45, 90)====
Is IST_0 spanning? : True
Is IST_1 spanning? : True
Is IST_2 spanning? : True
Is IST_3 spanning? : True
Is IST_4 spanning? : True
Is IST_5 spanning? : True
Are all ISTs independent? : True

====TEST CR(289, 45, 90)====
Is IST_0 spanning? : True
Is IST_1 spanning? : True
Is IST_2 spanning? : True
Is IST_3 spanning? : True
Is IST_4 spanning? : True
Is IST_5 spanning? : True
Are all ISTs independent? : True

====TEST CR(290, 45, 90)====
Is IST_0 spanning? : True
Is IST_1 spanning? : True
Is IST_2 spanning? : True
Is IST_3 spanning? : True
Is IST_4 spanning? : True
Is IST_5 spanning? : True
Are all ISTs independent? : True

====TEST CR(291, 45, 90)====
Is IST_0 spanning? : True
Is IST_1 spanning? : True
Is IST_2 spanning? : True
Is IST_3 spanning? : True
Is IST_4 spanning? : True
Is IST_5 spanning? : True
Are all ISTs independent? : True

====TEST CR(292, 45, 90)====
Is IST_0 spanning? : True
Is IST_1 spanning? : True
Is IST_2 spanning? : True
Is IST_3 spanning? : True
Is IST_4 spanning? : True
Is IST_5 spanning? : True
Are all ISTs independent? : True

====TEST CR(293, 45, 90)====
Is IST_0 spanning? : True
Is IST_1 spanning? : True
Is IST_2 spanning? : True
Is IST_3 spanning? : True
Is IST_4 spanning? : True
Is IST_5 spanning? : True
Are all ISTs independent? : True

====TEST CR(294, 45, 90)====
Is IST_0 spanning? : True
Is IST_1 spanning? : True
Is IST_2 spanning? : True
Is IST_3 spanning? : True
Is IST_4 spanning? : True
Is IST_5 spanning? : True
Are all ISTs independent? : True

====TEST CR(295, 45, 90)====
Is IST_0 spanning? : True
Is IST_1 spanning? : True
Is IST_2 spanning? : True
Is IST_3 spanning? : True
Is IST_4 spanning? : True
Is IST_5 spanning? : True
Are all ISTs independent? : True

====TEST CR(296, 45, 90)====
Is IST_0 spanning? : True
Is IST_1 spanning? : True
Is IST_2 spanning? : True
Is IST_3 spanning? : True
Is IST_4 spanning? : True
Is IST_5 spanning? : True
Are all ISTs independent? : True

====TEST CR(297, 45, 90)====
Is IST_0 spanning? : True
Is IST_1 spanning? : True
Is IST_2 spanning? : True
Is IST_3 spanning? : True
Is IST_4 spanning? : True
Is IST_5 spanning? : True
Are all ISTs independent? : True

====TEST CR(298, 45, 90)====
Is IST_0 spanning? : True
Is IST_1 spanning? : True
Is IST_2 spanning? : True
Is IST_3 spanning? : True
Is IST_4 spanning? : True
Is IST_5 spanning? : True
Are all ISTs independent? : True

====TEST CR(299, 45, 90)====
Is IST_0 spanning? : True
Is IST_1 spanning? : True
Is IST_2 spanning? : True
Is IST_3 spanning? : True
Is IST_4 spanning? : True
Is IST_5 spanning? : True
Are all ISTs independent? : True

====TEST CR(300, 45, 90)====
Is IST_0 spanning? : True
Is IST_1 spanning? : True
Is IST_2 spanning? : True
Is IST_3 spanning? : True
Is IST_4 spanning? : True
Is IST_5 spanning? : True
Are all ISTs independent? : True

====TEST CR(301, 45, 90)====
Is IST_0 spanning? : True
Is IST_1 spanning? : True
Is IST_2 spanning? : True
Is IST_3 spanning? : True
Is IST_4 spanning? : True
Is IST_5 spanning? : True
Are all ISTs independent? : True

====TEST CR(302, 45, 90)====
Is IST_0 spanning? : True
Is IST_1 spanning? : True
Is IST_2 spanning? : True
Is IST_3 spanning? : True
Is IST_4 spanning? : True
Is IST_5 spanning? : True
Are all ISTs independent? : True

====TEST CR(303, 45, 90)====
Is IST_0 spanning? : True
Is IST_1 spanning? : True
Is IST_2 spanning? : True
Is IST_3 spanning? : True
Is IST_4 spanning? : True
Is IST_5 spanning? : True
Are all ISTs independent? : True

====TEST CR(304, 45, 90)====
Is IST_0 spanning? : True
Is IST_1 spanning? : True
Is IST_2 spanning? : True
Is IST_3 spanning? : True
Is IST_4 spanning? : True
Is IST_5 spanning? : True
Are all ISTs independent? : True

====TEST CR(305, 45, 90)====
Is IST_0 spanning? : True
Is IST_1 spanning? : True
Is IST_2 spanning? : True
Is IST_3 spanning? : True
Is IST_4 spanning? : True
Is IST_5 spanning? : True
Are all ISTs independent? : True

====TEST CR(306, 45, 90)====
Is IST_0 spanning? : True
Is IST_1 spanning? : True
Is IST_2 spanning? : True
Is IST_3 spanning? : True
Is IST_4 spanning? : True
Is IST_5 spanning? : True
Are all ISTs independent? : True

====TEST CR(307, 45, 90)====
Is IST_0 spanning? : True
Is IST_1 spanning? : True
Is IST_2 spanning? : True
Is IST_3 spanning? : True
Is IST_4 spanning? : True
Is IST_5 spanning? : True
Are all ISTs independent? : True

====TEST CR(308, 45, 90)====
Is IST_0 spanning? : True
Is IST_1 spanning? : True
Is IST_2 spanning? : True
Is IST_3 spanning? : True
Is IST_4 spanning? : True
Is IST_5 spanning? : True
Are all ISTs independent? : True

====TEST CR(309, 45, 90)====
Is IST_0 spanning? : True
Is IST_1 spanning? : True
Is IST_2 spanning? : True
Is IST_3 spanning? : True
Is IST_4 spanning? : True
Is IST_5 spanning? : True
Are all ISTs independent? : True

====TEST CR(310, 45, 90)====
Is IST_0 spanning? : True
Is IST_1 spanning? : True
Is IST_2 spanning? : True
Is IST_3 spanning? : True
Is IST_4 spanning? : True
Is IST_5 spanning? : True
Are all ISTs independent? : True

====TEST CR(311, 45, 90)====
Is IST_0 spanning? : True
Is IST_1 spanning? : True
Is IST_2 spanning? : True
Is IST_3 spanning? : True
Is IST_4 spanning? : True
Is IST_5 spanning? : True
Are all ISTs independent? : True

====TEST CR(312, 45, 90)====
Is IST_0 spanning? : True
Is IST_1 spanning? : True
Is IST_2 spanning? : True
Is IST_3 spanning? : True
Is IST_4 spanning? : True
Is IST_5 spanning? : True
Are all ISTs independent? : True

====TEST CR(313, 45, 90)====
Is IST_0 spanning? : True
Is IST_1 spanning? : True
Is IST_2 spanning? : True
Is IST_3 spanning? : True
Is IST_4 spanning? : True
Is IST_5 spanning? : True
Are all ISTs independent? : True

====TEST CR(314, 45, 90)====
Is IST_0 spanning? : True
Is IST_1 spanning? : True
Is IST_2 spanning? : True
Is IST_3 spanning? : True
Is IST_4 spanning? : True
Is IST_5 spanning? : True
Are all ISTs independent? : True

====TEST CR(315, 45, 90)====
Is IST_0 spanning? : True
Is IST_1 spanning? : True
Is IST_2 spanning? : True
Is IST_3 spanning? : True
Is IST_4 spanning? : True
Is IST_5 spanning? : True
Are all ISTs independent? : True

====TEST CR(316, 45, 90)====
Is IST_0 spanning? : True
Is IST_1 spanning? : True
Is IST_2 spanning? : True
Is IST_3 spanning? : True
Is IST_4 spanning? : True
Is IST_5 spanning? : True
Are all ISTs independent? : True

====TEST CR(317, 45, 90)====
Is IST_0 spanning? : True
Is IST_1 spanning? : True
Is IST_2 spanning? : True
Is IST_3 spanning? : True
Is IST_4 spanning? : True
Is IST_5 spanning? : True
Are all ISTs independent? : True

====TEST CR(318, 45, 90)====
Is IST_0 spanning? : True
Is IST_1 spanning? : True
Is IST_2 spanning? : True
Is IST_3 spanning? : True
Is IST_4 spanning? : True
Is IST_5 spanning? : True
Are all ISTs independent? : True

====TEST CR(319, 45, 90)====
Is IST_0 spanning? : True
Is IST_1 spanning? : True
Is IST_2 spanning? : True
Is IST_3 spanning? : True
Is IST_4 spanning? : True
Is IST_5 spanning? : True
Are all ISTs independent? : True

====TEST CR(320, 45, 90)====
Is IST_0 spanning? : True
Is IST_1 spanning? : True
Is IST_2 spanning? : True
Is IST_3 spanning? : True
Is IST_4 spanning? : True
Is IST_5 spanning? : True
Are all ISTs independent? : True

====TEST CR(321, 45, 90)====
Is IST_0 spanning? : True
Is IST_1 spanning? : True
Is IST_2 spanning? : True
Is IST_3 spanning? : True
Is IST_4 spanning? : True
Is IST_5 spanning? : True
Are all ISTs independent? : True

====TEST CR(322, 45, 90)====
Is IST_0 spanning? : True
Is IST_1 spanning? : True
Is IST_2 spanning? : True
Is IST_3 spanning? : True
Is IST_4 spanning? : True
Is IST_5 spanning? : True
Are all ISTs independent? : True

====TEST CR(323, 45, 90)====
Is IST_0 spanning? : True
Is IST_1 spanning? : True
Is IST_2 spanning? : True
Is IST_3 spanning? : True
Is IST_4 spanning? : True
Is IST_5 spanning? : True
Are all ISTs independent? : True

====TEST CR(324, 45, 90)====
Is IST_0 spanning? : True
Is IST_1 spanning? : True
Is IST_2 spanning? : True
Is IST_3 spanning? : True
Is IST_4 spanning? : True
Is IST_5 spanning? : True
Are all ISTs independent? : True

====TEST CR(325, 45, 90)====
Is IST_0 spanning? : True
Is IST_1 spanning? : True
Is IST_2 spanning? : True
Is IST_3 spanning? : True
Is IST_4 spanning? : True
Is IST_5 spanning? : True
Are all ISTs independent? : True

====TEST CR(326, 45, 90)====
Is IST_0 spanning? : True
Is IST_1 spanning? : True
Is IST_2 spanning? : True
Is IST_3 spanning? : True
Is IST_4 spanning? : True
Is IST_5 spanning? : True
Are all ISTs independent? : True

====TEST CR(327, 45, 90)====
Is IST_0 spanning? : True
Is IST_1 spanning? : True
Is IST_2 spanning? : True
Is IST_3 spanning? : True
Is IST_4 spanning? : True
Is IST_5 spanning? : True
Are all ISTs independent? : True

====TEST CR(328, 45, 90)====
Is IST_0 spanning? : True
Is IST_1 spanning? : True
Is IST_2 spanning? : True
Is IST_3 spanning? : True
Is IST_4 spanning? : True
Is IST_5 spanning? : True
Are all ISTs independent? : True

====TEST CR(329, 45, 90)====
Is IST_0 spanning? : True
Is IST_1 spanning? : True
Is IST_2 spanning? : True
Is IST_3 spanning? : True
Is IST_4 spanning? : True
Is IST_5 spanning? : True
Are all ISTs independent? : True

====TEST CR(330, 45, 90)====
Is IST_0 spanning? : True
Is IST_1 spanning? : True
Is IST_2 spanning? : True
Is IST_3 spanning? : True
Is IST_4 spanning? : True
Is IST_5 spanning? : True
Are all ISTs independent? : True

====TEST CR(331, 45, 90)====
Is IST_0 spanning? : True
Is IST_1 spanning? : True
Is IST_2 spanning? : True
Is IST_3 spanning? : True
Is IST_4 spanning? : True
Is IST_5 spanning? : True
Are all ISTs independent? : True

====TEST CR(332, 45, 90)====
Is IST_0 spanning? : True
Is IST_1 spanning? : True
Is IST_2 spanning? : True
Is IST_3 spanning? : True
Is IST_4 spanning? : True
Is IST_5 spanning? : True
Are all ISTs independent? : True

====TEST CR(333, 45, 90)====
Is IST_0 spanning? : True
Is IST_1 spanning? : True
Is IST_2 spanning? : True
Is IST_3 spanning? : True
Is IST_4 spanning? : True
Is IST_5 spanning? : True
Are all ISTs independent? : True

====TEST CR(334, 45, 90)====
Is IST_0 spanning? : True
Is IST_1 spanning? : True
Is IST_2 spanning? : True
Is IST_3 spanning? : True
Is IST_4 spanning? : True
Is IST_5 spanning? : True
Are all ISTs independent? : True

====TEST CR(335, 45, 90)====
Is IST_0 spanning? : True
Is IST_1 spanning? : True
Is IST_2 spanning? : True
Is IST_3 spanning? : True
Is IST_4 spanning? : True
Is IST_5 spanning? : True
Are all ISTs independent? : True

====TEST CR(336, 45, 90)====
Is IST_0 spanning? : True
Is IST_1 spanning? : True
Is IST_2 spanning? : True
Is IST_3 spanning? : True
Is IST_4 spanning? : True
Is IST_5 spanning? : True
Are all ISTs independent? : True

====TEST CR(337, 45, 90)====
Is IST_0 spanning? : True
Is IST_1 spanning? : True
Is IST_2 spanning? : True
Is IST_3 spanning? : True
Is IST_4 spanning? : True
Is IST_5 spanning? : True
Are all ISTs independent? : True

====TEST CR(338, 45, 90)====
Is IST_0 spanning? : True
Is IST_1 spanning? : True
Is IST_2 spanning? : True
Is IST_3 spanning? : True
Is IST_4 spanning? : True
Is IST_5 spanning? : True
Are all ISTs independent? : True

====TEST CR(339, 45, 90)====
Is IST_0 spanning? : True
Is IST_1 spanning? : True
Is IST_2 spanning? : True
Is IST_3 spanning? : True
Is IST_4 spanning? : True
Is IST_5 spanning? : True
Are all ISTs independent? : True

====TEST CR(340, 45, 90)====
Is IST_0 spanning? : True
Is IST_1 spanning? : True
Is IST_2 spanning? : True
Is IST_3 spanning? : True
Is IST_4 spanning? : True
Is IST_5 spanning? : True
Are all ISTs independent? : True

====TEST CR(341, 45, 90)====
Is IST_0 spanning? : True
Is IST_1 spanning? : True
Is IST_2 spanning? : True
Is IST_3 spanning? : True
Is IST_4 spanning? : True
Is IST_5 spanning? : True
Are all ISTs independent? : True

====TEST CR(342, 45, 90)====
Is IST_0 spanning? : True
Is IST_1 spanning? : True
Is IST_2 spanning? : True
Is IST_3 spanning? : True
Is IST_4 spanning? : True
Is IST_5 spanning? : True
Are all ISTs independent? : True

====TEST CR(343, 45, 90)====
Is IST_0 spanning? : True
Is IST_1 spanning? : True
Is IST_2 spanning? : True
Is IST_3 spanning? : True
Is IST_4 spanning? : True
Is IST_5 spanning? : True
Are all ISTs independent? : True

====TEST CR(344, 45, 90)====
Is IST_0 spanning? : True
Is IST_1 spanning? : True
Is IST_2 spanning? : True
Is IST_3 spanning? : True
Is IST_4 spanning? : True
Is IST_5 spanning? : True
Are all ISTs independent? : True

====TEST CR(345, 45, 90)====
Is IST_0 spanning? : True
Is IST_1 spanning? : True
Is IST_2 spanning? : True
Is IST_3 spanning? : True
Is IST_4 spanning? : True
Is IST_5 spanning? : True
Are all ISTs independent? : True

====TEST CR(346, 45, 90)====
Is IST_0 spanning? : True
Is IST_1 spanning? : True
Is IST_2 spanning? : True
Is IST_3 spanning? : True
Is IST_4 spanning? : True
Is IST_5 spanning? : True
Are all ISTs independent? : True

====TEST CR(347, 45, 90)====
Is IST_0 spanning? : True
Is IST_1 spanning? : True
Is IST_2 spanning? : True
Is IST_3 spanning? : True
Is IST_4 spanning? : True
Is IST_5 spanning? : True
Are all ISTs independent? : True

====TEST CR(348, 45, 90)====
Is IST_0 spanning? : True
Is IST_1 spanning? : True
Is IST_2 spanning? : True
Is IST_3 spanning? : True
Is IST_4 spanning? : True
Is IST_5 spanning? : True
Are all ISTs independent? : True

====TEST CR(349, 45, 90)====
Is IST_0 spanning? : True
Is IST_1 spanning? : True
Is IST_2 spanning? : True
Is IST_3 spanning? : True
Is IST_4 spanning? : True
Is IST_5 spanning? : True
Are all ISTs independent? : True

====TEST CR(350, 45, 90)====
Is IST_0 spanning? : True
Is IST_1 spanning? : True
Is IST_2 spanning? : True
Is IST_3 spanning? : True
Is IST_4 spanning? : True
Is IST_5 spanning? : True
Are all ISTs independent? : True

====TEST CR(351, 45, 90)====
Is IST_0 spanning? : True
Is IST_1 spanning? : True
Is IST_2 spanning? : True
Is IST_3 spanning? : True
Is IST_4 spanning? : True
Is IST_5 spanning? : True
Are all ISTs independent? : True

====TEST CR(352, 45, 90)====
Is IST_0 spanning? : True
Is IST_1 spanning? : True
Is IST_2 spanning? : True
Is IST_3 spanning? : True
Is IST_4 spanning? : True
Is IST_5 spanning? : True
Are all ISTs independent? : True

====TEST CR(353, 45, 90)====
Is IST_0 spanning? : True
Is IST_1 spanning? : True
Is IST_2 spanning? : True
Is IST_3 spanning? : True
Is IST_4 spanning? : True
Is IST_5 spanning? : True
Are all ISTs independent? : True

====TEST CR(354, 45, 90)====
Is IST_0 spanning? : True
Is IST_1 spanning? : True
Is IST_2 spanning? : True
Is IST_3 spanning? : True
Is IST_4 spanning? : True
Is IST_5 spanning? : True
Are all ISTs independent? : True

====TEST CR(355, 45, 90)====
Is IST_0 spanning? : True
Is IST_1 spanning? : True
Is IST_2 spanning? : True
Is IST_3 spanning? : True
Is IST_4 spanning? : True
Is IST_5 spanning? : True
Are all ISTs independent? : True

====TEST CR(356, 45, 90)====
Is IST_0 spanning? : True
Is IST_1 spanning? : True
Is IST_2 spanning? : True
Is IST_3 spanning? : True
Is IST_4 spanning? : True
Is IST_5 spanning? : True
Are all ISTs independent? : True

====TEST CR(357, 45, 90)====
Is IST_0 spanning? : True
Is IST_1 spanning? : True
Is IST_2 spanning? : True
Is IST_3 spanning? : True
Is IST_4 spanning? : True
Is IST_5 spanning? : True
Are all ISTs independent? : True

====TEST CR(358, 45, 90)====
Is IST_0 spanning? : True
Is IST_1 spanning? : True
Is IST_2 spanning? : True
Is IST_3 spanning? : True
Is IST_4 spanning? : True
Is IST_5 spanning? : True
Are all ISTs independent? : True

====TEST CR(359, 45, 90)====
Is IST_0 spanning? : True
Is IST_1 spanning? : True
Is IST_2 spanning? : True
Is IST_3 spanning? : True
Is IST_4 spanning? : True
Is IST_5 spanning? : True
Are all ISTs independent? : True

====TEST CR(360, 45, 90)====
Is IST_0 spanning? : True
Is IST_1 spanning? : True
Is IST_2 spanning? : True
Is IST_3 spanning? : True
Is IST_4 spanning? : True
Is IST_5 spanning? : True
Are all ISTs independent? : True

====TEST CR(361, 45, 90)====
Is IST_0 spanning? : True
Is IST_1 spanning? : True
Is IST_2 spanning? : True
Is IST_3 spanning? : True
Is IST_4 spanning? : True
Is IST_5 spanning? : True
Are all ISTs independent? : True

====TEST CR(362, 45, 90)====
Is IST_0 spanning? : True
Is IST_1 spanning? : True
Is IST_2 spanning? : True
Is IST_3 spanning? : True
Is IST_4 spanning? : True
Is IST_5 spanning? : True
Are all ISTs independent? : True

====TEST CR(363, 45, 90)====
Is IST_0 spanning? : True
Is IST_1 spanning? : True
Is IST_2 spanning? : True
Is IST_3 spanning? : True
Is IST_4 spanning? : True
Is IST_5 spanning? : True
Are all ISTs independent? : True

====TEST CR(364, 45, 90)====
Is IST_0 spanning? : True
Is IST_1 spanning? : True
Is IST_2 spanning? : True
Is IST_3 spanning? : True
Is IST_4 spanning? : True
Is IST_5 spanning? : True
Are all ISTs independent? : True

====TEST CR(365, 45, 90)====
Is IST_0 spanning? : True
Is IST_1 spanning? : True
Is IST_2 spanning? : True
Is IST_3 spanning? : True
Is IST_4 spanning? : True
Is IST_5 spanning? : True
Are all ISTs independent? : True

====TEST CR(366, 45, 90)====
Is IST_0 spanning? : True
Is IST_1 spanning? : True
Is IST_2 spanning? : True
Is IST_3 spanning? : True
Is IST_4 spanning? : True
Is IST_5 spanning? : True
Are all ISTs independent? : True

====TEST CR(367, 45, 90)====
Is IST_0 spanning? : True
Is IST_1 spanning? : True
Is IST_2 spanning? : True
Is IST_3 spanning? : True
Is IST_4 spanning? : True
Is IST_5 spanning? : True
Are all ISTs independent? : True

====TEST CR(368, 45, 90)====
Is IST_0 spanning? : True
Is IST_1 spanning? : True
Is IST_2 spanning? : True
Is IST_3 spanning? : True
Is IST_4 spanning? : True
Is IST_5 spanning? : True
Are all ISTs independent? : True

====TEST CR(369, 45, 90)====
Is IST_0 spanning? : True
Is IST_1 spanning? : True
Is IST_2 spanning? : True
Is IST_3 spanning? : True
Is IST_4 spanning? : True
Is IST_5 spanning? : True
Are all ISTs independent? : True

====TEST CR(370, 45, 90)====
Is IST_0 spanning? : True
Is IST_1 spanning? : True
Is IST_2 spanning? : True
Is IST_3 spanning? : True
Is IST_4 spanning? : True
Is IST_5 spanning? : True
Are all ISTs independent? : True

====TEST CR(371, 45, 90)====
Is IST_0 spanning? : True
Is IST_1 spanning? : True
Is IST_2 spanning? : True
Is IST_3 spanning? : True
Is IST_4 spanning? : True
Is IST_5 spanning? : True
Are all ISTs independent? : True

====TEST CR(372, 45, 90)====
Is IST_0 spanning? : True
Is IST_1 spanning? : True
Is IST_2 spanning? : True
Is IST_3 spanning? : True
Is IST_4 spanning? : True
Is IST_5 spanning? : True
Are all ISTs independent? : True

====TEST CR(373, 45, 90)====
Is IST_0 spanning? : True
Is IST_1 spanning? : True
Is IST_2 spanning? : True
Is IST_3 spanning? : True
Is IST_4 spanning? : True
Is IST_5 spanning? : True
Are all ISTs independent? : True

====TEST CR(374, 45, 90)====
Is IST_0 spanning? : True
Is IST_1 spanning? : True
Is IST_2 spanning? : True
Is IST_3 spanning? : True
Is IST_4 spanning? : True
Is IST_5 spanning? : True
Are all ISTs independent? : True

====TEST CR(375, 45, 90)====
Is IST_0 spanning? : True
Is IST_1 spanning? : True
Is IST_2 spanning? : True
Is IST_3 spanning? : True
Is IST_4 spanning? : True
Is IST_5 spanning? : True
Are all ISTs independent? : True

====TEST CR(376, 45, 90)====
Is IST_0 spanning? : True
Is IST_1 spanning? : True
Is IST_2 spanning? : True
Is IST_3 spanning? : True
Is IST_4 spanning? : True
Is IST_5 spanning? : True
Are all ISTs independent? : True

====TEST CR(377, 45, 90)====
Is IST_0 spanning? : True
Is IST_1 spanning? : True
Is IST_2 spanning? : True
Is IST_3 spanning? : True
Is IST_4 spanning? : True
Is IST_5 spanning? : True
Are all ISTs independent? : True

====TEST CR(378, 45, 90)====
Is IST_0 spanning? : True
Is IST_1 spanning? : True
Is IST_2 spanning? : True
Is IST_3 spanning? : True
Is IST_4 spanning? : True
Is IST_5 spanning? : True
Are all ISTs independent? : True

====TEST CR(379, 45, 90)====
Is IST_0 spanning? : True
Is IST_1 spanning? : True
Is IST_2 spanning? : True
Is IST_3 spanning? : True
Is IST_4 spanning? : True
Is IST_5 spanning? : True
Are all ISTs independent? : True

====TEST CR(380, 45, 90)====
Is IST_0 spanning? : True
Is IST_1 spanning? : True
Is IST_2 spanning? : True
Is IST_3 spanning? : True
Is IST_4 spanning? : True
Is IST_5 spanning? : True
Are all ISTs independent? : True

====TEST CR(381, 45, 90)====
Is IST_0 spanning? : True
Is IST_1 spanning? : True
Is IST_2 spanning? : True
Is IST_3 spanning? : True
Is IST_4 spanning? : True
Is IST_5 spanning? : True
Are all ISTs independent? : True

====TEST CR(382, 45, 90)====
Is IST_0 spanning? : True
Is IST_1 spanning? : True
Is IST_2 spanning? : True
Is IST_3 spanning? : True
Is IST_4 spanning? : True
Is IST_5 spanning? : True
Are all ISTs independent? : True

====TEST CR(383, 45, 90)====
Is IST_0 spanning? : True
Is IST_1 spanning? : True
Is IST_2 spanning? : True
Is IST_3 spanning? : True
Is IST_4 spanning? : True
Is IST_5 spanning? : True
Are all ISTs independent? : True

====TEST CR(384, 45, 90)====
Is IST_0 spanning? : True
Is IST_1 spanning? : True
Is IST_2 spanning? : True
Is IST_3 spanning? : True
Is IST_4 spanning? : True
Is IST_5 spanning? : True
Are all ISTs independent? : True

====TEST CR(385, 45, 90)====
Is IST_0 spanning? : True
Is IST_1 spanning? : True
Is IST_2 spanning? : True
Is IST_3 spanning? : True
Is IST_4 spanning? : True
Is IST_5 spanning? : True
Are all ISTs independent? : True

====TEST CR(386, 45, 90)====
Is IST_0 spanning? : True
Is IST_1 spanning? : True
Is IST_2 spanning? : True
Is IST_3 spanning? : True
Is IST_4 spanning? : True
Is IST_5 spanning? : True
Are all ISTs independent? : True

====TEST CR(387, 45, 90)====
Is IST_0 spanning? : True
Is IST_1 spanning? : True
Is IST_2 spanning? : True
Is IST_3 spanning? : True
Is IST_4 spanning? : True
Is IST_5 spanning? : True
Are all ISTs independent? : True

====TEST CR(388, 45, 90)====
Is IST_0 spanning? : True
Is IST_1 spanning? : True
Is IST_2 spanning? : True
Is IST_3 spanning? : True
Is IST_4 spanning? : True
Is IST_5 spanning? : True
Are all ISTs independent? : True

====TEST CR(389, 45, 90)====
Is IST_0 spanning? : True
Is IST_1 spanning? : True
Is IST_2 spanning? : True
Is IST_3 spanning? : True
Is IST_4 spanning? : True
Is IST_5 spanning? : True
Are all ISTs independent? : True

====TEST CR(390, 45, 90)====
Is IST_0 spanning? : True
Is IST_1 spanning? : True
Is IST_2 spanning? : True
Is IST_3 spanning? : True
Is IST_4 spanning? : True
Is IST_5 spanning? : True
Are all ISTs independent? : True

====TEST CR(391, 45, 90)====
Is IST_0 spanning? : True
Is IST_1 spanning? : True
Is IST_2 spanning? : True
Is IST_3 spanning? : True
Is IST_4 spanning? : True
Is IST_5 spanning? : True
Are all ISTs independent? : True

====TEST CR(392, 45, 90)====
Is IST_0 spanning? : True
Is IST_1 spanning? : True
Is IST_2 spanning? : True
Is IST_3 spanning? : True
Is IST_4 spanning? : True
Is IST_5 spanning? : True
Are all ISTs independent? : True

====TEST CR(393, 45, 90)====
Is IST_0 spanning? : True
Is IST_1 spanning? : True
Is IST_2 spanning? : True
Is IST_3 spanning? : True
Is IST_4 spanning? : True
Is IST_5 spanning? : True
Are all ISTs independent? : True

====TEST CR(394, 45, 90)====
Is IST_0 spanning? : True
Is IST_1 spanning? : True
Is IST_2 spanning? : True
Is IST_3 spanning? : True
Is IST_4 spanning? : True
Is IST_5 spanning? : True
Are all ISTs independent? : True

====TEST CR(395, 45, 90)====
Is IST_0 spanning? : True
Is IST_1 spanning? : True
Is IST_2 spanning? : True
Is IST_3 spanning? : True
Is IST_4 spanning? : True
Is IST_5 spanning? : True
Are all ISTs independent? : True

====TEST CR(396, 45, 90)====
Is IST_0 spanning? : True
Is IST_1 spanning? : True
Is IST_2 spanning? : True
Is IST_3 spanning? : True
Is IST_4 spanning? : True
Is IST_5 spanning? : True
Are all ISTs independent? : True

====TEST CR(397, 45, 90)====
Is IST_0 spanning? : True
Is IST_1 spanning? : True
Is IST_2 spanning? : True
Is IST_3 spanning? : True
Is IST_4 spanning? : True
Is IST_5 spanning? : True
Are all ISTs independent? : True

====TEST CR(398, 45, 90)====
Is IST_0 spanning? : True
Is IST_1 spanning? : True
Is IST_2 spanning? : True
Is IST_3 spanning? : True
Is IST_4 spanning? : True
Is IST_5 spanning? : True
Are all ISTs independent? : True

====TEST CR(276, 46, 92)====
Is IST_0 spanning? : True
Is IST_1 spanning? : True
Is IST_2 spanning? : True
Is IST_3 spanning? : True
Is IST_4 spanning? : True
Is IST_5 spanning? : True
Are all ISTs independent? : True

====TEST CR(277, 46, 92)====
Is IST_0 spanning? : True
Is IST_1 spanning? : True
Is IST_2 spanning? : True
Is IST_3 spanning? : True
Is IST_4 spanning? : True
Is IST_5 spanning? : True
Are all ISTs independent? : True

====TEST CR(278, 46, 92)====
Is IST_0 spanning? : True
Is IST_1 spanning? : True
Is IST_2 spanning? : True
Is IST_3 spanning? : True
Is IST_4 spanning? : True
Is IST_5 spanning? : True
Are all ISTs independent? : True

====TEST CR(279, 46, 92)====
Is IST_0 spanning? : True
Is IST_1 spanning? : True
Is IST_2 spanning? : True
Is IST_3 spanning? : True
Is IST_4 spanning? : True
Is IST_5 spanning? : True
Are all ISTs independent? : True

====TEST CR(280, 46, 92)====
Is IST_0 spanning? : True
Is IST_1 spanning? : True
Is IST_2 spanning? : True
Is IST_3 spanning? : True
Is IST_4 spanning? : True
Is IST_5 spanning? : True
Are all ISTs independent? : True

====TEST CR(281, 46, 92)====
Is IST_0 spanning? : True
Is IST_1 spanning? : True
Is IST_2 spanning? : True
Is IST_3 spanning? : True
Is IST_4 spanning? : True
Is IST_5 spanning? : True
Are all ISTs independent? : True

====TEST CR(282, 46, 92)====
Is IST_0 spanning? : True
Is IST_1 spanning? : True
Is IST_2 spanning? : True
Is IST_3 spanning? : True
Is IST_4 spanning? : True
Is IST_5 spanning? : True
Are all ISTs independent? : True

====TEST CR(283, 46, 92)====
Is IST_0 spanning? : True
Is IST_1 spanning? : True
Is IST_2 spanning? : True
Is IST_3 spanning? : True
Is IST_4 spanning? : True
Is IST_5 spanning? : True
Are all ISTs independent? : True

====TEST CR(284, 46, 92)====
Is IST_0 spanning? : True
Is IST_1 spanning? : True
Is IST_2 spanning? : True
Is IST_3 spanning? : True
Is IST_4 spanning? : True
Is IST_5 spanning? : True
Are all ISTs independent? : True

====TEST CR(285, 46, 92)====
Is IST_0 spanning? : True
Is IST_1 spanning? : True
Is IST_2 spanning? : True
Is IST_3 spanning? : True
Is IST_4 spanning? : True
Is IST_5 spanning? : True
Are all ISTs independent? : True

====TEST CR(286, 46, 92)====
Is IST_0 spanning? : True
Is IST_1 spanning? : True
Is IST_2 spanning? : True
Is IST_3 spanning? : True
Is IST_4 spanning? : True
Is IST_5 spanning? : True
Are all ISTs independent? : True

====TEST CR(287, 46, 92)====
Is IST_0 spanning? : True
Is IST_1 spanning? : True
Is IST_2 spanning? : True
Is IST_3 spanning? : True
Is IST_4 spanning? : True
Is IST_5 spanning? : True
Are all ISTs independent? : True

====TEST CR(288, 46, 92)====
Is IST_0 spanning? : True
Is IST_1 spanning? : True
Is IST_2 spanning? : True
Is IST_3 spanning? : True
Is IST_4 spanning? : True
Is IST_5 spanning? : True
Are all ISTs independent? : True

====TEST CR(289, 46, 92)====
Is IST_0 spanning? : True
Is IST_1 spanning? : True
Is IST_2 spanning? : True
Is IST_3 spanning? : True
Is IST_4 spanning? : True
Is IST_5 spanning? : True
Are all ISTs independent? : True

====TEST CR(290, 46, 92)====
Is IST_0 spanning? : True
Is IST_1 spanning? : True
Is IST_2 spanning? : True
Is IST_3 spanning? : True
Is IST_4 spanning? : True
Is IST_5 spanning? : True
Are all ISTs independent? : True

====TEST CR(291, 46, 92)====
Is IST_0 spanning? : True
Is IST_1 spanning? : True
Is IST_2 spanning? : True
Is IST_3 spanning? : True
Is IST_4 spanning? : True
Is IST_5 spanning? : True
Are all ISTs independent? : True

====TEST CR(292, 46, 92)====
Is IST_0 spanning? : True
Is IST_1 spanning? : True
Is IST_2 spanning? : True
Is IST_3 spanning? : True
Is IST_4 spanning? : True
Is IST_5 spanning? : True
Are all ISTs independent? : True

====TEST CR(293, 46, 92)====
Is IST_0 spanning? : True
Is IST_1 spanning? : True
Is IST_2 spanning? : True
Is IST_3 spanning? : True
Is IST_4 spanning? : True
Is IST_5 spanning? : True
Are all ISTs independent? : True

====TEST CR(294, 46, 92)====
Is IST_0 spanning? : True
Is IST_1 spanning? : True
Is IST_2 spanning? : True
Is IST_3 spanning? : True
Is IST_4 spanning? : True
Is IST_5 spanning? : True
Are all ISTs independent? : True

====TEST CR(295, 46, 92)====
Is IST_0 spanning? : True
Is IST_1 spanning? : True
Is IST_2 spanning? : True
Is IST_3 spanning? : True
Is IST_4 spanning? : True
Is IST_5 spanning? : True
Are all ISTs independent? : True

====TEST CR(296, 46, 92)====
Is IST_0 spanning? : True
Is IST_1 spanning? : True
Is IST_2 spanning? : True
Is IST_3 spanning? : True
Is IST_4 spanning? : True
Is IST_5 spanning? : True
Are all ISTs independent? : True

====TEST CR(297, 46, 92)====
Is IST_0 spanning? : True
Is IST_1 spanning? : True
Is IST_2 spanning? : True
Is IST_3 spanning? : True
Is IST_4 spanning? : True
Is IST_5 spanning? : True
Are all ISTs independent? : True

====TEST CR(298, 46, 92)====
Is IST_0 spanning? : True
Is IST_1 spanning? : True
Is IST_2 spanning? : True
Is IST_3 spanning? : True
Is IST_4 spanning? : True
Is IST_5 spanning? : True
Are all ISTs independent? : True

====TEST CR(299, 46, 92)====
Is IST_0 spanning? : True
Is IST_1 spanning? : True
Is IST_2 spanning? : True
Is IST_3 spanning? : True
Is IST_4 spanning? : True
Is IST_5 spanning? : True
Are all ISTs independent? : True

====TEST CR(300, 46, 92)====
Is IST_0 spanning? : True
Is IST_1 spanning? : True
Is IST_2 spanning? : True
Is IST_3 spanning? : True
Is IST_4 spanning? : True
Is IST_5 spanning? : True
Are all ISTs independent? : True

====TEST CR(301, 46, 92)====
Is IST_0 spanning? : True
Is IST_1 spanning? : True
Is IST_2 spanning? : True
Is IST_3 spanning? : True
Is IST_4 spanning? : True
Is IST_5 spanning? : True
Are all ISTs independent? : True

====TEST CR(302, 46, 92)====
Is IST_0 spanning? : True
Is IST_1 spanning? : True
Is IST_2 spanning? : True
Is IST_3 spanning? : True
Is IST_4 spanning? : True
Is IST_5 spanning? : True
Are all ISTs independent? : True

====TEST CR(303, 46, 92)====
Is IST_0 spanning? : True
Is IST_1 spanning? : True
Is IST_2 spanning? : True
Is IST_3 spanning? : True
Is IST_4 spanning? : True
Is IST_5 spanning? : True
Are all ISTs independent? : True

====TEST CR(304, 46, 92)====
Is IST_0 spanning? : True
Is IST_1 spanning? : True
Is IST_2 spanning? : True
Is IST_3 spanning? : True
Is IST_4 spanning? : True
Is IST_5 spanning? : True
Are all ISTs independent? : True

====TEST CR(305, 46, 92)====
Is IST_0 spanning? : True
Is IST_1 spanning? : True
Is IST_2 spanning? : True
Is IST_3 spanning? : True
Is IST_4 spanning? : True
Is IST_5 spanning? : True
Are all ISTs independent? : True

====TEST CR(306, 46, 92)====
Is IST_0 spanning? : True
Is IST_1 spanning? : True
Is IST_2 spanning? : True
Is IST_3 spanning? : True
Is IST_4 spanning? : True
Is IST_5 spanning? : True
Are all ISTs independent? : True

====TEST CR(307, 46, 92)====
Is IST_0 spanning? : True
Is IST_1 spanning? : True
Is IST_2 spanning? : True
Is IST_3 spanning? : True
Is IST_4 spanning? : True
Is IST_5 spanning? : True
Are all ISTs independent? : True

====TEST CR(308, 46, 92)====
Is IST_0 spanning? : True
Is IST_1 spanning? : True
Is IST_2 spanning? : True
Is IST_3 spanning? : True
Is IST_4 spanning? : True
Is IST_5 spanning? : True
Are all ISTs independent? : True

====TEST CR(309, 46, 92)====
Is IST_0 spanning? : True
Is IST_1 spanning? : True
Is IST_2 spanning? : True
Is IST_3 spanning? : True
Is IST_4 spanning? : True
Is IST_5 spanning? : True
Are all ISTs independent? : True

====TEST CR(310, 46, 92)====
Is IST_0 spanning? : True
Is IST_1 spanning? : True
Is IST_2 spanning? : True
Is IST_3 spanning? : True
Is IST_4 spanning? : True
Is IST_5 spanning? : True
Are all ISTs independent? : True

====TEST CR(311, 46, 92)====
Is IST_0 spanning? : True
Is IST_1 spanning? : True
Is IST_2 spanning? : True
Is IST_3 spanning? : True
Is IST_4 spanning? : True
Is IST_5 spanning? : True
Are all ISTs independent? : True

====TEST CR(312, 46, 92)====
Is IST_0 spanning? : True
Is IST_1 spanning? : True
Is IST_2 spanning? : True
Is IST_3 spanning? : True
Is IST_4 spanning? : True
Is IST_5 spanning? : True
Are all ISTs independent? : True

====TEST CR(313, 46, 92)====
Is IST_0 spanning? : True
Is IST_1 spanning? : True
Is IST_2 spanning? : True
Is IST_3 spanning? : True
Is IST_4 spanning? : True
Is IST_5 spanning? : True
Are all ISTs independent? : True

====TEST CR(314, 46, 92)====
Is IST_0 spanning? : True
Is IST_1 spanning? : True
Is IST_2 spanning? : True
Is IST_3 spanning? : True
Is IST_4 spanning? : True
Is IST_5 spanning? : True
Are all ISTs independent? : True

====TEST CR(315, 46, 92)====
Is IST_0 spanning? : True
Is IST_1 spanning? : True
Is IST_2 spanning? : True
Is IST_3 spanning? : True
Is IST_4 spanning? : True
Is IST_5 spanning? : True
Are all ISTs independent? : True

====TEST CR(316, 46, 92)====
Is IST_0 spanning? : True
Is IST_1 spanning? : True
Is IST_2 spanning? : True
Is IST_3 spanning? : True
Is IST_4 spanning? : True
Is IST_5 spanning? : True
Are all ISTs independent? : True

====TEST CR(317, 46, 92)====
Is IST_0 spanning? : True
Is IST_1 spanning? : True
Is IST_2 spanning? : True
Is IST_3 spanning? : True
Is IST_4 spanning? : True
Is IST_5 spanning? : True
Are all ISTs independent? : True

====TEST CR(318, 46, 92)====
Is IST_0 spanning? : True
Is IST_1 spanning? : True
Is IST_2 spanning? : True
Is IST_3 spanning? : True
Is IST_4 spanning? : True
Is IST_5 spanning? : True
Are all ISTs independent? : True

====TEST CR(319, 46, 92)====
Is IST_0 spanning? : True
Is IST_1 spanning? : True
Is IST_2 spanning? : True
Is IST_3 spanning? : True
Is IST_4 spanning? : True
Is IST_5 spanning? : True
Are all ISTs independent? : True

====TEST CR(320, 46, 92)====
Is IST_0 spanning? : True
Is IST_1 spanning? : True
Is IST_2 spanning? : True
Is IST_3 spanning? : True
Is IST_4 spanning? : True
Is IST_5 spanning? : True
Are all ISTs independent? : True

====TEST CR(321, 46, 92)====
Is IST_0 spanning? : True
Is IST_1 spanning? : True
Is IST_2 spanning? : True
Is IST_3 spanning? : True
Is IST_4 spanning? : True
Is IST_5 spanning? : True
Are all ISTs independent? : True

====TEST CR(322, 46, 92)====
Is IST_0 spanning? : True
Is IST_1 spanning? : True
Is IST_2 spanning? : True
Is IST_3 spanning? : True
Is IST_4 spanning? : True
Is IST_5 spanning? : True
Are all ISTs independent? : True

====TEST CR(323, 46, 92)====
Is IST_0 spanning? : True
Is IST_1 spanning? : True
Is IST_2 spanning? : True
Is IST_3 spanning? : True
Is IST_4 spanning? : True
Is IST_5 spanning? : True
Are all ISTs independent? : True

====TEST CR(324, 46, 92)====
Is IST_0 spanning? : True
Is IST_1 spanning? : True
Is IST_2 spanning? : True
Is IST_3 spanning? : True
Is IST_4 spanning? : True
Is IST_5 spanning? : True
Are all ISTs independent? : True

====TEST CR(325, 46, 92)====
Is IST_0 spanning? : True
Is IST_1 spanning? : True
Is IST_2 spanning? : True
Is IST_3 spanning? : True
Is IST_4 spanning? : True
Is IST_5 spanning? : True
Are all ISTs independent? : True

====TEST CR(326, 46, 92)====
Is IST_0 spanning? : True
Is IST_1 spanning? : True
Is IST_2 spanning? : True
Is IST_3 spanning? : True
Is IST_4 spanning? : True
Is IST_5 spanning? : True
Are all ISTs independent? : True

====TEST CR(327, 46, 92)====
Is IST_0 spanning? : True
Is IST_1 spanning? : True
Is IST_2 spanning? : True
Is IST_3 spanning? : True
Is IST_4 spanning? : True
Is IST_5 spanning? : True
Are all ISTs independent? : True

====TEST CR(328, 46, 92)====
Is IST_0 spanning? : True
Is IST_1 spanning? : True
Is IST_2 spanning? : True
Is IST_3 spanning? : True
Is IST_4 spanning? : True
Is IST_5 spanning? : True
Are all ISTs independent? : True

====TEST CR(329, 46, 92)====
Is IST_0 spanning? : True
Is IST_1 spanning? : True
Is IST_2 spanning? : True
Is IST_3 spanning? : True
Is IST_4 spanning? : True
Is IST_5 spanning? : True
Are all ISTs independent? : True

====TEST CR(330, 46, 92)====
Is IST_0 spanning? : True
Is IST_1 spanning? : True
Is IST_2 spanning? : True
Is IST_3 spanning? : True
Is IST_4 spanning? : True
Is IST_5 spanning? : True
Are all ISTs independent? : True

====TEST CR(331, 46, 92)====
Is IST_0 spanning? : True
Is IST_1 spanning? : True
Is IST_2 spanning? : True
Is IST_3 spanning? : True
Is IST_4 spanning? : True
Is IST_5 spanning? : True
Are all ISTs independent? : True

====TEST CR(332, 46, 92)====
Is IST_0 spanning? : True
Is IST_1 spanning? : True
Is IST_2 spanning? : True
Is IST_3 spanning? : True
Is IST_4 spanning? : True
Is IST_5 spanning? : True
Are all ISTs independent? : True

====TEST CR(333, 46, 92)====
Is IST_0 spanning? : True
Is IST_1 spanning? : True
Is IST_2 spanning? : True
Is IST_3 spanning? : True
Is IST_4 spanning? : True
Is IST_5 spanning? : True
Are all ISTs independent? : True

====TEST CR(334, 46, 92)====
Is IST_0 spanning? : True
Is IST_1 spanning? : True
Is IST_2 spanning? : True
Is IST_3 spanning? : True
Is IST_4 spanning? : True
Is IST_5 spanning? : True
Are all ISTs independent? : True

====TEST CR(335, 46, 92)====
Is IST_0 spanning? : True
Is IST_1 spanning? : True
Is IST_2 spanning? : True
Is IST_3 spanning? : True
Is IST_4 spanning? : True
Is IST_5 spanning? : True
Are all ISTs independent? : True

====TEST CR(336, 46, 92)====
Is IST_0 spanning? : True
Is IST_1 spanning? : True
Is IST_2 spanning? : True
Is IST_3 spanning? : True
Is IST_4 spanning? : True
Is IST_5 spanning? : True
Are all ISTs independent? : True

====TEST CR(337, 46, 92)====
Is IST_0 spanning? : True
Is IST_1 spanning? : True
Is IST_2 spanning? : True
Is IST_3 spanning? : True
Is IST_4 spanning? : True
Is IST_5 spanning? : True
Are all ISTs independent? : True

====TEST CR(338, 46, 92)====
Is IST_0 spanning? : True
Is IST_1 spanning? : True
Is IST_2 spanning? : True
Is IST_3 spanning? : True
Is IST_4 spanning? : True
Is IST_5 spanning? : True
Are all ISTs independent? : True

====TEST CR(339, 46, 92)====
Is IST_0 spanning? : True
Is IST_1 spanning? : True
Is IST_2 spanning? : True
Is IST_3 spanning? : True
Is IST_4 spanning? : True
Is IST_5 spanning? : True
Are all ISTs independent? : True

====TEST CR(340, 46, 92)====
Is IST_0 spanning? : True
Is IST_1 spanning? : True
Is IST_2 spanning? : True
Is IST_3 spanning? : True
Is IST_4 spanning? : True
Is IST_5 spanning? : True
Are all ISTs independent? : True

====TEST CR(341, 46, 92)====
Is IST_0 spanning? : True
Is IST_1 spanning? : True
Is IST_2 spanning? : True
Is IST_3 spanning? : True
Is IST_4 spanning? : True
Is IST_5 spanning? : True
Are all ISTs independent? : True

====TEST CR(342, 46, 92)====
Is IST_0 spanning? : True
Is IST_1 spanning? : True
Is IST_2 spanning? : True
Is IST_3 spanning? : True
Is IST_4 spanning? : True
Is IST_5 spanning? : True
Are all ISTs independent? : True

====TEST CR(343, 46, 92)====
Is IST_0 spanning? : True
Is IST_1 spanning? : True
Is IST_2 spanning? : True
Is IST_3 spanning? : True
Is IST_4 spanning? : True
Is IST_5 spanning? : True
Are all ISTs independent? : True

====TEST CR(344, 46, 92)====
Is IST_0 spanning? : True
Is IST_1 spanning? : True
Is IST_2 spanning? : True
Is IST_3 spanning? : True
Is IST_4 spanning? : True
Is IST_5 spanning? : True
Are all ISTs independent? : True

====TEST CR(345, 46, 92)====
Is IST_0 spanning? : True
Is IST_1 spanning? : True
Is IST_2 spanning? : True
Is IST_3 spanning? : True
Is IST_4 spanning? : True
Is IST_5 spanning? : True
Are all ISTs independent? : True

====TEST CR(346, 46, 92)====
Is IST_0 spanning? : True
Is IST_1 spanning? : True
Is IST_2 spanning? : True
Is IST_3 spanning? : True
Is IST_4 spanning? : True
Is IST_5 spanning? : True
Are all ISTs independent? : True

====TEST CR(347, 46, 92)====
Is IST_0 spanning? : True
Is IST_1 spanning? : True
Is IST_2 spanning? : True
Is IST_3 spanning? : True
Is IST_4 spanning? : True
Is IST_5 spanning? : True
Are all ISTs independent? : True

====TEST CR(348, 46, 92)====
Is IST_0 spanning? : True
Is IST_1 spanning? : True
Is IST_2 spanning? : True
Is IST_3 spanning? : True
Is IST_4 spanning? : True
Is IST_5 spanning? : True
Are all ISTs independent? : True

====TEST CR(349, 46, 92)====
Is IST_0 spanning? : True
Is IST_1 spanning? : True
Is IST_2 spanning? : True
Is IST_3 spanning? : True
Is IST_4 spanning? : True
Is IST_5 spanning? : True
Are all ISTs independent? : True

====TEST CR(350, 46, 92)====
Is IST_0 spanning? : True
Is IST_1 spanning? : True
Is IST_2 spanning? : True
Is IST_3 spanning? : True
Is IST_4 spanning? : True
Is IST_5 spanning? : True
Are all ISTs independent? : True

====TEST CR(351, 46, 92)====
Is IST_0 spanning? : True
Is IST_1 spanning? : True
Is IST_2 spanning? : True
Is IST_3 spanning? : True
Is IST_4 spanning? : True
Is IST_5 spanning? : True
Are all ISTs independent? : True

====TEST CR(352, 46, 92)====
Is IST_0 spanning? : True
Is IST_1 spanning? : True
Is IST_2 spanning? : True
Is IST_3 spanning? : True
Is IST_4 spanning? : True
Is IST_5 spanning? : True
Are all ISTs independent? : True

====TEST CR(353, 46, 92)====
Is IST_0 spanning? : True
Is IST_1 spanning? : True
Is IST_2 spanning? : True
Is IST_3 spanning? : True
Is IST_4 spanning? : True
Is IST_5 spanning? : True
Are all ISTs independent? : True

====TEST CR(354, 46, 92)====
Is IST_0 spanning? : True
Is IST_1 spanning? : True
Is IST_2 spanning? : True
Is IST_3 spanning? : True
Is IST_4 spanning? : True
Is IST_5 spanning? : True
Are all ISTs independent? : True

====TEST CR(355, 46, 92)====
Is IST_0 spanning? : True
Is IST_1 spanning? : True
Is IST_2 spanning? : True
Is IST_3 spanning? : True
Is IST_4 spanning? : True
Is IST_5 spanning? : True
Are all ISTs independent? : True

====TEST CR(356, 46, 92)====
Is IST_0 spanning? : True
Is IST_1 spanning? : True
Is IST_2 spanning? : True
Is IST_3 spanning? : True
Is IST_4 spanning? : True
Is IST_5 spanning? : True
Are all ISTs independent? : True

====TEST CR(357, 46, 92)====
Is IST_0 spanning? : True
Is IST_1 spanning? : True
Is IST_2 spanning? : True
Is IST_3 spanning? : True
Is IST_4 spanning? : True
Is IST_5 spanning? : True
Are all ISTs independent? : True

====TEST CR(358, 46, 92)====
Is IST_0 spanning? : True
Is IST_1 spanning? : True
Is IST_2 spanning? : True
Is IST_3 spanning? : True
Is IST_4 spanning? : True
Is IST_5 spanning? : True
Are all ISTs independent? : True

====TEST CR(359, 46, 92)====
Is IST_0 spanning? : True
Is IST_1 spanning? : True
Is IST_2 spanning? : True
Is IST_3 spanning? : True
Is IST_4 spanning? : True
Is IST_5 spanning? : True
Are all ISTs independent? : True

====TEST CR(360, 46, 92)====
Is IST_0 spanning? : True
Is IST_1 spanning? : True
Is IST_2 spanning? : True
Is IST_3 spanning? : True
Is IST_4 spanning? : True
Is IST_5 spanning? : True
Are all ISTs independent? : True

====TEST CR(361, 46, 92)====
Is IST_0 spanning? : True
Is IST_1 spanning? : True
Is IST_2 spanning? : True
Is IST_3 spanning? : True
Is IST_4 spanning? : True
Is IST_5 spanning? : True
Are all ISTs independent? : True

====TEST CR(362, 46, 92)====
Is IST_0 spanning? : True
Is IST_1 spanning? : True
Is IST_2 spanning? : True
Is IST_3 spanning? : True
Is IST_4 spanning? : True
Is IST_5 spanning? : True
Are all ISTs independent? : True

====TEST CR(363, 46, 92)====
Is IST_0 spanning? : True
Is IST_1 spanning? : True
Is IST_2 spanning? : True
Is IST_3 spanning? : True
Is IST_4 spanning? : True
Is IST_5 spanning? : True
Are all ISTs independent? : True

====TEST CR(364, 46, 92)====
Is IST_0 spanning? : True
Is IST_1 spanning? : True
Is IST_2 spanning? : True
Is IST_3 spanning? : True
Is IST_4 spanning? : True
Is IST_5 spanning? : True
Are all ISTs independent? : True

====TEST CR(365, 46, 92)====
Is IST_0 spanning? : True
Is IST_1 spanning? : True
Is IST_2 spanning? : True
Is IST_3 spanning? : True
Is IST_4 spanning? : True
Is IST_5 spanning? : True
Are all ISTs independent? : True

====TEST CR(366, 46, 92)====
Is IST_0 spanning? : True
Is IST_1 spanning? : True
Is IST_2 spanning? : True
Is IST_3 spanning? : True
Is IST_4 spanning? : True
Is IST_5 spanning? : True
Are all ISTs independent? : True

====TEST CR(367, 46, 92)====
Is IST_0 spanning? : True
Is IST_1 spanning? : True
Is IST_2 spanning? : True
Is IST_3 spanning? : True
Is IST_4 spanning? : True
Is IST_5 spanning? : True
Are all ISTs independent? : True

====TEST CR(368, 46, 92)====
Is IST_0 spanning? : True
Is IST_1 spanning? : True
Is IST_2 spanning? : True
Is IST_3 spanning? : True
Is IST_4 spanning? : True
Is IST_5 spanning? : True
Are all ISTs independent? : True

====TEST CR(369, 46, 92)====
Is IST_0 spanning? : True
Is IST_1 spanning? : True
Is IST_2 spanning? : True
Is IST_3 spanning? : True
Is IST_4 spanning? : True
Is IST_5 spanning? : True
Are all ISTs independent? : True

====TEST CR(370, 46, 92)====
Is IST_0 spanning? : True
Is IST_1 spanning? : True
Is IST_2 spanning? : True
Is IST_3 spanning? : True
Is IST_4 spanning? : True
Is IST_5 spanning? : True
Are all ISTs independent? : True

====TEST CR(371, 46, 92)====
Is IST_0 spanning? : True
Is IST_1 spanning? : True
Is IST_2 spanning? : True
Is IST_3 spanning? : True
Is IST_4 spanning? : True
Is IST_5 spanning? : True
Are all ISTs independent? : True

====TEST CR(372, 46, 92)====
Is IST_0 spanning? : True
Is IST_1 spanning? : True
Is IST_2 spanning? : True
Is IST_3 spanning? : True
Is IST_4 spanning? : True
Is IST_5 spanning? : True
Are all ISTs independent? : True

====TEST CR(373, 46, 92)====
Is IST_0 spanning? : True
Is IST_1 spanning? : True
Is IST_2 spanning? : True
Is IST_3 spanning? : True
Is IST_4 spanning? : True
Is IST_5 spanning? : True
Are all ISTs independent? : True

====TEST CR(374, 46, 92)====
Is IST_0 spanning? : True
Is IST_1 spanning? : True
Is IST_2 spanning? : True
Is IST_3 spanning? : True
Is IST_4 spanning? : True
Is IST_5 spanning? : True
Are all ISTs independent? : True

====TEST CR(375, 46, 92)====
Is IST_0 spanning? : True
Is IST_1 spanning? : True
Is IST_2 spanning? : True
Is IST_3 spanning? : True
Is IST_4 spanning? : True
Is IST_5 spanning? : True
Are all ISTs independent? : True

====TEST CR(376, 46, 92)====
Is IST_0 spanning? : True
Is IST_1 spanning? : True
Is IST_2 spanning? : True
Is IST_3 spanning? : True
Is IST_4 spanning? : True
Is IST_5 spanning? : True
Are all ISTs independent? : True

====TEST CR(377, 46, 92)====
Is IST_0 spanning? : True
Is IST_1 spanning? : True
Is IST_2 spanning? : True
Is IST_3 spanning? : True
Is IST_4 spanning? : True
Is IST_5 spanning? : True
Are all ISTs independent? : True

====TEST CR(378, 46, 92)====
Is IST_0 spanning? : True
Is IST_1 spanning? : True
Is IST_2 spanning? : True
Is IST_3 spanning? : True
Is IST_4 spanning? : True
Is IST_5 spanning? : True
Are all ISTs independent? : True

====TEST CR(379, 46, 92)====
Is IST_0 spanning? : True
Is IST_1 spanning? : True
Is IST_2 spanning? : True
Is IST_3 spanning? : True
Is IST_4 spanning? : True
Is IST_5 spanning? : True
Are all ISTs independent? : True

====TEST CR(380, 46, 92)====
Is IST_0 spanning? : True
Is IST_1 spanning? : True
Is IST_2 spanning? : True
Is IST_3 spanning? : True
Is IST_4 spanning? : True
Is IST_5 spanning? : True
Are all ISTs independent? : True

====TEST CR(381, 46, 92)====
Is IST_0 spanning? : True
Is IST_1 spanning? : True
Is IST_2 spanning? : True
Is IST_3 spanning? : True
Is IST_4 spanning? : True
Is IST_5 spanning? : True
Are all ISTs independent? : True

====TEST CR(382, 46, 92)====
Is IST_0 spanning? : True
Is IST_1 spanning? : True
Is IST_2 spanning? : True
Is IST_3 spanning? : True
Is IST_4 spanning? : True
Is IST_5 spanning? : True
Are all ISTs independent? : True

====TEST CR(383, 46, 92)====
Is IST_0 spanning? : True
Is IST_1 spanning? : True
Is IST_2 spanning? : True
Is IST_3 spanning? : True
Is IST_4 spanning? : True
Is IST_5 spanning? : True
Are all ISTs independent? : True

====TEST CR(384, 46, 92)====
Is IST_0 spanning? : True
Is IST_1 spanning? : True
Is IST_2 spanning? : True
Is IST_3 spanning? : True
Is IST_4 spanning? : True
Is IST_5 spanning? : True
Are all ISTs independent? : True

====TEST CR(385, 46, 92)====
Is IST_0 spanning? : True
Is IST_1 spanning? : True
Is IST_2 spanning? : True
Is IST_3 spanning? : True
Is IST_4 spanning? : True
Is IST_5 spanning? : True
Are all ISTs independent? : True

====TEST CR(386, 46, 92)====
Is IST_0 spanning? : True
Is IST_1 spanning? : True
Is IST_2 spanning? : True
Is IST_3 spanning? : True
Is IST_4 spanning? : True
Is IST_5 spanning? : True
Are all ISTs independent? : True

====TEST CR(387, 46, 92)====
Is IST_0 spanning? : True
Is IST_1 spanning? : True
Is IST_2 spanning? : True
Is IST_3 spanning? : True
Is IST_4 spanning? : True
Is IST_5 spanning? : True
Are all ISTs independent? : True

====TEST CR(388, 46, 92)====
Is IST_0 spanning? : True
Is IST_1 spanning? : True
Is IST_2 spanning? : True
Is IST_3 spanning? : True
Is IST_4 spanning? : True
Is IST_5 spanning? : True
Are all ISTs independent? : True

====TEST CR(389, 46, 92)====
Is IST_0 spanning? : True
Is IST_1 spanning? : True
Is IST_2 spanning? : True
Is IST_3 spanning? : True
Is IST_4 spanning? : True
Is IST_5 spanning? : True
Are all ISTs independent? : True

====TEST CR(390, 46, 92)====
Is IST_0 spanning? : True
Is IST_1 spanning? : True
Is IST_2 spanning? : True
Is IST_3 spanning? : True
Is IST_4 spanning? : True
Is IST_5 spanning? : True
Are all ISTs independent? : True

====TEST CR(391, 46, 92)====
Is IST_0 spanning? : True
Is IST_1 spanning? : True
Is IST_2 spanning? : True
Is IST_3 spanning? : True
Is IST_4 spanning? : True
Is IST_5 spanning? : True
Are all ISTs independent? : True

====TEST CR(392, 46, 92)====
Is IST_0 spanning? : True
Is IST_1 spanning? : True
Is IST_2 spanning? : True
Is IST_3 spanning? : True
Is IST_4 spanning? : True
Is IST_5 spanning? : True
Are all ISTs independent? : True

====TEST CR(393, 46, 92)====
Is IST_0 spanning? : True
Is IST_1 spanning? : True
Is IST_2 spanning? : True
Is IST_3 spanning? : True
Is IST_4 spanning? : True
Is IST_5 spanning? : True
Are all ISTs independent? : True

====TEST CR(394, 46, 92)====
Is IST_0 spanning? : True
Is IST_1 spanning? : True
Is IST_2 spanning? : True
Is IST_3 spanning? : True
Is IST_4 spanning? : True
Is IST_5 spanning? : True
Are all ISTs independent? : True

====TEST CR(395, 46, 92)====
Is IST_0 spanning? : True
Is IST_1 spanning? : True
Is IST_2 spanning? : True
Is IST_3 spanning? : True
Is IST_4 spanning? : True
Is IST_5 spanning? : True
Are all ISTs independent? : True

====TEST CR(396, 46, 92)====
Is IST_0 spanning? : True
Is IST_1 spanning? : True
Is IST_2 spanning? : True
Is IST_3 spanning? : True
Is IST_4 spanning? : True
Is IST_5 spanning? : True
Are all ISTs independent? : True

====TEST CR(397, 46, 92)====
Is IST_0 spanning? : True
Is IST_1 spanning? : True
Is IST_2 spanning? : True
Is IST_3 spanning? : True
Is IST_4 spanning? : True
Is IST_5 spanning? : True
Are all ISTs independent? : True

====TEST CR(398, 46, 92)====
Is IST_0 spanning? : True
Is IST_1 spanning? : True
Is IST_2 spanning? : True
Is IST_3 spanning? : True
Is IST_4 spanning? : True
Is IST_5 spanning? : True
Are all ISTs independent? : True

====TEST CR(399, 46, 92)====
Is IST_0 spanning? : True
Is IST_1 spanning? : True
Is IST_2 spanning? : True
Is IST_3 spanning? : True
Is IST_4 spanning? : True
Is IST_5 spanning? : True
Are all ISTs independent? : True

====TEST CR(400, 46, 92)====
Is IST_0 spanning? : True
Is IST_1 spanning? : True
Is IST_2 spanning? : True
Is IST_3 spanning? : True
Is IST_4 spanning? : True
Is IST_5 spanning? : True
Are all ISTs independent? : True

====TEST CR(401, 46, 92)====
Is IST_0 spanning? : True
Is IST_1 spanning? : True
Is IST_2 spanning? : True
Is IST_3 spanning? : True
Is IST_4 spanning? : True
Is IST_5 spanning? : True
Are all ISTs independent? : True

====TEST CR(402, 46, 92)====
Is IST_0 spanning? : True
Is IST_1 spanning? : True
Is IST_2 spanning? : True
Is IST_3 spanning? : True
Is IST_4 spanning? : True
Is IST_5 spanning? : True
Are all ISTs independent? : True

====TEST CR(403, 46, 92)====
Is IST_0 spanning? : True
Is IST_1 spanning? : True
Is IST_2 spanning? : True
Is IST_3 spanning? : True
Is IST_4 spanning? : True
Is IST_5 spanning? : True
Are all ISTs independent? : True

====TEST CR(404, 46, 92)====
Is IST_0 spanning? : True
Is IST_1 spanning? : True
Is IST_2 spanning? : True
Is IST_3 spanning? : True
Is IST_4 spanning? : True
Is IST_5 spanning? : True
Are all ISTs independent? : True

====TEST CR(282, 47, 94)====
Is IST_0 spanning? : True
Is IST_1 spanning? : True
Is IST_2 spanning? : True
Is IST_3 spanning? : True
Is IST_4 spanning? : True
Is IST_5 spanning? : True
Are all ISTs independent? : True

====TEST CR(283, 47, 94)====
Is IST_0 spanning? : True
Is IST_1 spanning? : True
Is IST_2 spanning? : True
Is IST_3 spanning? : True
Is IST_4 spanning? : True
Is IST_5 spanning? : True
Are all ISTs independent? : True

====TEST CR(284, 47, 94)====
Is IST_0 spanning? : True
Is IST_1 spanning? : True
Is IST_2 spanning? : True
Is IST_3 spanning? : True
Is IST_4 spanning? : True
Is IST_5 spanning? : True
Are all ISTs independent? : True

====TEST CR(285, 47, 94)====
Is IST_0 spanning? : True
Is IST_1 spanning? : True
Is IST_2 spanning? : True
Is IST_3 spanning? : True
Is IST_4 spanning? : True
Is IST_5 spanning? : True
Are all ISTs independent? : True

====TEST CR(286, 47, 94)====
Is IST_0 spanning? : True
Is IST_1 spanning? : True
Is IST_2 spanning? : True
Is IST_3 spanning? : True
Is IST_4 spanning? : True
Is IST_5 spanning? : True
Are all ISTs independent? : True

====TEST CR(287, 47, 94)====
Is IST_0 spanning? : True
Is IST_1 spanning? : True
Is IST_2 spanning? : True
Is IST_3 spanning? : True
Is IST_4 spanning? : True
Is IST_5 spanning? : True
Are all ISTs independent? : True

====TEST CR(288, 47, 94)====
Is IST_0 spanning? : True
Is IST_1 spanning? : True
Is IST_2 spanning? : True
Is IST_3 spanning? : True
Is IST_4 spanning? : True
Is IST_5 spanning? : True
Are all ISTs independent? : True

====TEST CR(289, 47, 94)====
Is IST_0 spanning? : True
Is IST_1 spanning? : True
Is IST_2 spanning? : True
Is IST_3 spanning? : True
Is IST_4 spanning? : True
Is IST_5 spanning? : True
Are all ISTs independent? : True

====TEST CR(290, 47, 94)====
Is IST_0 spanning? : True
Is IST_1 spanning? : True
Is IST_2 spanning? : True
Is IST_3 spanning? : True
Is IST_4 spanning? : True
Is IST_5 spanning? : True
Are all ISTs independent? : True

====TEST CR(291, 47, 94)====
Is IST_0 spanning? : True
Is IST_1 spanning? : True
Is IST_2 spanning? : True
Is IST_3 spanning? : True
Is IST_4 spanning? : True
Is IST_5 spanning? : True
Are all ISTs independent? : True

====TEST CR(292, 47, 94)====
Is IST_0 spanning? : True
Is IST_1 spanning? : True
Is IST_2 spanning? : True
Is IST_3 spanning? : True
Is IST_4 spanning? : True
Is IST_5 spanning? : True
Are all ISTs independent? : True

====TEST CR(293, 47, 94)====
Is IST_0 spanning? : True
Is IST_1 spanning? : True
Is IST_2 spanning? : True
Is IST_3 spanning? : True
Is IST_4 spanning? : True
Is IST_5 spanning? : True
Are all ISTs independent? : True

====TEST CR(294, 47, 94)====
Is IST_0 spanning? : True
Is IST_1 spanning? : True
Is IST_2 spanning? : True
Is IST_3 spanning? : True
Is IST_4 spanning? : True
Is IST_5 spanning? : True
Are all ISTs independent? : True

====TEST CR(295, 47, 94)====
Is IST_0 spanning? : True
Is IST_1 spanning? : True
Is IST_2 spanning? : True
Is IST_3 spanning? : True
Is IST_4 spanning? : True
Is IST_5 spanning? : True
Are all ISTs independent? : True

====TEST CR(296, 47, 94)====
Is IST_0 spanning? : True
Is IST_1 spanning? : True
Is IST_2 spanning? : True
Is IST_3 spanning? : True
Is IST_4 spanning? : True
Is IST_5 spanning? : True
Are all ISTs independent? : True

====TEST CR(297, 47, 94)====
Is IST_0 spanning? : True
Is IST_1 spanning? : True
Is IST_2 spanning? : True
Is IST_3 spanning? : True
Is IST_4 spanning? : True
Is IST_5 spanning? : True
Are all ISTs independent? : True

====TEST CR(298, 47, 94)====
Is IST_0 spanning? : True
Is IST_1 spanning? : True
Is IST_2 spanning? : True
Is IST_3 spanning? : True
Is IST_4 spanning? : True
Is IST_5 spanning? : True
Are all ISTs independent? : True

====TEST CR(299, 47, 94)====
Is IST_0 spanning? : True
Is IST_1 spanning? : True
Is IST_2 spanning? : True
Is IST_3 spanning? : True
Is IST_4 spanning? : True
Is IST_5 spanning? : True
Are all ISTs independent? : True

====TEST CR(300, 47, 94)====
Is IST_0 spanning? : True
Is IST_1 spanning? : True
Is IST_2 spanning? : True
Is IST_3 spanning? : True
Is IST_4 spanning? : True
Is IST_5 spanning? : True
Are all ISTs independent? : True

====TEST CR(301, 47, 94)====
Is IST_0 spanning? : True
Is IST_1 spanning? : True
Is IST_2 spanning? : True
Is IST_3 spanning? : True
Is IST_4 spanning? : True
Is IST_5 spanning? : True
Are all ISTs independent? : True

====TEST CR(302, 47, 94)====
Is IST_0 spanning? : True
Is IST_1 spanning? : True
Is IST_2 spanning? : True
Is IST_3 spanning? : True
Is IST_4 spanning? : True
Is IST_5 spanning? : True
Are all ISTs independent? : True

====TEST CR(303, 47, 94)====
Is IST_0 spanning? : True
Is IST_1 spanning? : True
Is IST_2 spanning? : True
Is IST_3 spanning? : True
Is IST_4 spanning? : True
Is IST_5 spanning? : True
Are all ISTs independent? : True

====TEST CR(304, 47, 94)====
Is IST_0 spanning? : True
Is IST_1 spanning? : True
Is IST_2 spanning? : True
Is IST_3 spanning? : True
Is IST_4 spanning? : True
Is IST_5 spanning? : True
Are all ISTs independent? : True

====TEST CR(305, 47, 94)====
Is IST_0 spanning? : True
Is IST_1 spanning? : True
Is IST_2 spanning? : True
Is IST_3 spanning? : True
Is IST_4 spanning? : True
Is IST_5 spanning? : True
Are all ISTs independent? : True

====TEST CR(306, 47, 94)====
Is IST_0 spanning? : True
Is IST_1 spanning? : True
Is IST_2 spanning? : True
Is IST_3 spanning? : True
Is IST_4 spanning? : True
Is IST_5 spanning? : True
Are all ISTs independent? : True

====TEST CR(307, 47, 94)====
Is IST_0 spanning? : True
Is IST_1 spanning? : True
Is IST_2 spanning? : True
Is IST_3 spanning? : True
Is IST_4 spanning? : True
Is IST_5 spanning? : True
Are all ISTs independent? : True

====TEST CR(308, 47, 94)====
Is IST_0 spanning? : True
Is IST_1 spanning? : True
Is IST_2 spanning? : True
Is IST_3 spanning? : True
Is IST_4 spanning? : True
Is IST_5 spanning? : True
Are all ISTs independent? : True

====TEST CR(309, 47, 94)====
Is IST_0 spanning? : True
Is IST_1 spanning? : True
Is IST_2 spanning? : True
Is IST_3 spanning? : True
Is IST_4 spanning? : True
Is IST_5 spanning? : True
Are all ISTs independent? : True

====TEST CR(310, 47, 94)====
Is IST_0 spanning? : True
Is IST_1 spanning? : True
Is IST_2 spanning? : True
Is IST_3 spanning? : True
Is IST_4 spanning? : True
Is IST_5 spanning? : True
Are all ISTs independent? : True

====TEST CR(311, 47, 94)====
Is IST_0 spanning? : True
Is IST_1 spanning? : True
Is IST_2 spanning? : True
Is IST_3 spanning? : True
Is IST_4 spanning? : True
Is IST_5 spanning? : True
Are all ISTs independent? : True

====TEST CR(312, 47, 94)====
Is IST_0 spanning? : True
Is IST_1 spanning? : True
Is IST_2 spanning? : True
Is IST_3 spanning? : True
Is IST_4 spanning? : True
Is IST_5 spanning? : True
Are all ISTs independent? : True

====TEST CR(313, 47, 94)====
Is IST_0 spanning? : True
Is IST_1 spanning? : True
Is IST_2 spanning? : True
Is IST_3 spanning? : True
Is IST_4 spanning? : True
Is IST_5 spanning? : True
Are all ISTs independent? : True

====TEST CR(314, 47, 94)====
Is IST_0 spanning? : True
Is IST_1 spanning? : True
Is IST_2 spanning? : True
Is IST_3 spanning? : True
Is IST_4 spanning? : True
Is IST_5 spanning? : True
Are all ISTs independent? : True

====TEST CR(315, 47, 94)====
Is IST_0 spanning? : True
Is IST_1 spanning? : True
Is IST_2 spanning? : True
Is IST_3 spanning? : True
Is IST_4 spanning? : True
Is IST_5 spanning? : True
Are all ISTs independent? : True

====TEST CR(316, 47, 94)====
Is IST_0 spanning? : True
Is IST_1 spanning? : True
Is IST_2 spanning? : True
Is IST_3 spanning? : True
Is IST_4 spanning? : True
Is IST_5 spanning? : True
Are all ISTs independent? : True

====TEST CR(317, 47, 94)====
Is IST_0 spanning? : True
Is IST_1 spanning? : True
Is IST_2 spanning? : True
Is IST_3 spanning? : True
Is IST_4 spanning? : True
Is IST_5 spanning? : True
Are all ISTs independent? : True

====TEST CR(318, 47, 94)====
Is IST_0 spanning? : True
Is IST_1 spanning? : True
Is IST_2 spanning? : True
Is IST_3 spanning? : True
Is IST_4 spanning? : True
Is IST_5 spanning? : True
Are all ISTs independent? : True

====TEST CR(319, 47, 94)====
Is IST_0 spanning? : True
Is IST_1 spanning? : True
Is IST_2 spanning? : True
Is IST_3 spanning? : True
Is IST_4 spanning? : True
Is IST_5 spanning? : True
Are all ISTs independent? : True

====TEST CR(320, 47, 94)====
Is IST_0 spanning? : True
Is IST_1 spanning? : True
Is IST_2 spanning? : True
Is IST_3 spanning? : True
Is IST_4 spanning? : True
Is IST_5 spanning? : True
Are all ISTs independent? : True

====TEST CR(321, 47, 94)====
Is IST_0 spanning? : True
Is IST_1 spanning? : True
Is IST_2 spanning? : True
Is IST_3 spanning? : True
Is IST_4 spanning? : True
Is IST_5 spanning? : True
Are all ISTs independent? : True

====TEST CR(322, 47, 94)====
Is IST_0 spanning? : True
Is IST_1 spanning? : True
Is IST_2 spanning? : True
Is IST_3 spanning? : True
Is IST_4 spanning? : True
Is IST_5 spanning? : True
Are all ISTs independent? : True

====TEST CR(323, 47, 94)====
Is IST_0 spanning? : True
Is IST_1 spanning? : True
Is IST_2 spanning? : True
Is IST_3 spanning? : True
Is IST_4 spanning? : True
Is IST_5 spanning? : True
Are all ISTs independent? : True

====TEST CR(324, 47, 94)====
Is IST_0 spanning? : True
Is IST_1 spanning? : True
Is IST_2 spanning? : True
Is IST_3 spanning? : True
Is IST_4 spanning? : True
Is IST_5 spanning? : True
Are all ISTs independent? : True

====TEST CR(325, 47, 94)====
Is IST_0 spanning? : True
Is IST_1 spanning? : True
Is IST_2 spanning? : True
Is IST_3 spanning? : True
Is IST_4 spanning? : True
Is IST_5 spanning? : True
Are all ISTs independent? : True

====TEST CR(326, 47, 94)====
Is IST_0 spanning? : True
Is IST_1 spanning? : True
Is IST_2 spanning? : True
Is IST_3 spanning? : True
Is IST_4 spanning? : True
Is IST_5 spanning? : True
Are all ISTs independent? : True

====TEST CR(327, 47, 94)====
Is IST_0 spanning? : True
Is IST_1 spanning? : True
Is IST_2 spanning? : True
Is IST_3 spanning? : True
Is IST_4 spanning? : True
Is IST_5 spanning? : True
Are all ISTs independent? : True

====TEST CR(328, 47, 94)====
Is IST_0 spanning? : True
Is IST_1 spanning? : True
Is IST_2 spanning? : True
Is IST_3 spanning? : True
Is IST_4 spanning? : True
Is IST_5 spanning? : True
Are all ISTs independent? : True

====TEST CR(329, 47, 94)====
Is IST_0 spanning? : True
Is IST_1 spanning? : True
Is IST_2 spanning? : True
Is IST_3 spanning? : True
Is IST_4 spanning? : True
Is IST_5 spanning? : True
Are all ISTs independent? : True

====TEST CR(330, 47, 94)====
Is IST_0 spanning? : True
Is IST_1 spanning? : True
Is IST_2 spanning? : True
Is IST_3 spanning? : True
Is IST_4 spanning? : True
Is IST_5 spanning? : True
Are all ISTs independent? : True

====TEST CR(331, 47, 94)====
Is IST_0 spanning? : True
Is IST_1 spanning? : True
Is IST_2 spanning? : True
Is IST_3 spanning? : True
Is IST_4 spanning? : True
Is IST_5 spanning? : True
Are all ISTs independent? : True

====TEST CR(332, 47, 94)====
Is IST_0 spanning? : True
Is IST_1 spanning? : True
Is IST_2 spanning? : True
Is IST_3 spanning? : True
Is IST_4 spanning? : True
Is IST_5 spanning? : True
Are all ISTs independent? : True

====TEST CR(333, 47, 94)====
Is IST_0 spanning? : True
Is IST_1 spanning? : True
Is IST_2 spanning? : True
Is IST_3 spanning? : True
Is IST_4 spanning? : True
Is IST_5 spanning? : True
Are all ISTs independent? : True

====TEST CR(334, 47, 94)====
Is IST_0 spanning? : True
Is IST_1 spanning? : True
Is IST_2 spanning? : True
Is IST_3 spanning? : True
Is IST_4 spanning? : True
Is IST_5 spanning? : True
Are all ISTs independent? : True

====TEST CR(335, 47, 94)====
Is IST_0 spanning? : True
Is IST_1 spanning? : True
Is IST_2 spanning? : True
Is IST_3 spanning? : True
Is IST_4 spanning? : True
Is IST_5 spanning? : True
Are all ISTs independent? : True

====TEST CR(336, 47, 94)====
Is IST_0 spanning? : True
Is IST_1 spanning? : True
Is IST_2 spanning? : True
Is IST_3 spanning? : True
Is IST_4 spanning? : True
Is IST_5 spanning? : True
Are all ISTs independent? : True

====TEST CR(337, 47, 94)====
Is IST_0 spanning? : True
Is IST_1 spanning? : True
Is IST_2 spanning? : True
Is IST_3 spanning? : True
Is IST_4 spanning? : True
Is IST_5 spanning? : True
Are all ISTs independent? : True

====TEST CR(338, 47, 94)====
Is IST_0 spanning? : True
Is IST_1 spanning? : True
Is IST_2 spanning? : True
Is IST_3 spanning? : True
Is IST_4 spanning? : True
Is IST_5 spanning? : True
Are all ISTs independent? : True

====TEST CR(339, 47, 94)====
Is IST_0 spanning? : True
Is IST_1 spanning? : True
Is IST_2 spanning? : True
Is IST_3 spanning? : True
Is IST_4 spanning? : True
Is IST_5 spanning? : True
Are all ISTs independent? : True

====TEST CR(340, 47, 94)====
Is IST_0 spanning? : True
Is IST_1 spanning? : True
Is IST_2 spanning? : True
Is IST_3 spanning? : True
Is IST_4 spanning? : True
Is IST_5 spanning? : True
Are all ISTs independent? : True

====TEST CR(341, 47, 94)====
Is IST_0 spanning? : True
Is IST_1 spanning? : True
Is IST_2 spanning? : True
Is IST_3 spanning? : True
Is IST_4 spanning? : True
Is IST_5 spanning? : True
Are all ISTs independent? : True

====TEST CR(342, 47, 94)====
Is IST_0 spanning? : True
Is IST_1 spanning? : True
Is IST_2 spanning? : True
Is IST_3 spanning? : True
Is IST_4 spanning? : True
Is IST_5 spanning? : True
Are all ISTs independent? : True

====TEST CR(343, 47, 94)====
Is IST_0 spanning? : True
Is IST_1 spanning? : True
Is IST_2 spanning? : True
Is IST_3 spanning? : True
Is IST_4 spanning? : True
Is IST_5 spanning? : True
Are all ISTs independent? : True

====TEST CR(344, 47, 94)====
Is IST_0 spanning? : True
Is IST_1 spanning? : True
Is IST_2 spanning? : True
Is IST_3 spanning? : True
Is IST_4 spanning? : True
Is IST_5 spanning? : True
Are all ISTs independent? : True

====TEST CR(345, 47, 94)====
Is IST_0 spanning? : True
Is IST_1 spanning? : True
Is IST_2 spanning? : True
Is IST_3 spanning? : True
Is IST_4 spanning? : True
Is IST_5 spanning? : True
Are all ISTs independent? : True

====TEST CR(346, 47, 94)====
Is IST_0 spanning? : True
Is IST_1 spanning? : True
Is IST_2 spanning? : True
Is IST_3 spanning? : True
Is IST_4 spanning? : True
Is IST_5 spanning? : True
Are all ISTs independent? : True

====TEST CR(347, 47, 94)====
Is IST_0 spanning? : True
Is IST_1 spanning? : True
Is IST_2 spanning? : True
Is IST_3 spanning? : True
Is IST_4 spanning? : True
Is IST_5 spanning? : True
Are all ISTs independent? : True

====TEST CR(348, 47, 94)====
Is IST_0 spanning? : True
Is IST_1 spanning? : True
Is IST_2 spanning? : True
Is IST_3 spanning? : True
Is IST_4 spanning? : True
Is IST_5 spanning? : True
Are all ISTs independent? : True

====TEST CR(349, 47, 94)====
Is IST_0 spanning? : True
Is IST_1 spanning? : True
Is IST_2 spanning? : True
Is IST_3 spanning? : True
Is IST_4 spanning? : True
Is IST_5 spanning? : True
Are all ISTs independent? : True

====TEST CR(350, 47, 94)====
Is IST_0 spanning? : True
Is IST_1 spanning? : True
Is IST_2 spanning? : True
Is IST_3 spanning? : True
Is IST_4 spanning? : True
Is IST_5 spanning? : True
Are all ISTs independent? : True

====TEST CR(351, 47, 94)====
Is IST_0 spanning? : True
Is IST_1 spanning? : True
Is IST_2 spanning? : True
Is IST_3 spanning? : True
Is IST_4 spanning? : True
Is IST_5 spanning? : True
Are all ISTs independent? : True

====TEST CR(352, 47, 94)====
Is IST_0 spanning? : True
Is IST_1 spanning? : True
Is IST_2 spanning? : True
Is IST_3 spanning? : True
Is IST_4 spanning? : True
Is IST_5 spanning? : True
Are all ISTs independent? : True

====TEST CR(353, 47, 94)====
Is IST_0 spanning? : True
Is IST_1 spanning? : True
Is IST_2 spanning? : True
Is IST_3 spanning? : True
Is IST_4 spanning? : True
Is IST_5 spanning? : True
Are all ISTs independent? : True

====TEST CR(354, 47, 94)====
Is IST_0 spanning? : True
Is IST_1 spanning? : True
Is IST_2 spanning? : True
Is IST_3 spanning? : True
Is IST_4 spanning? : True
Is IST_5 spanning? : True
Are all ISTs independent? : True

====TEST CR(355, 47, 94)====
Is IST_0 spanning? : True
Is IST_1 spanning? : True
Is IST_2 spanning? : True
Is IST_3 spanning? : True
Is IST_4 spanning? : True
Is IST_5 spanning? : True
Are all ISTs independent? : True

====TEST CR(356, 47, 94)====
Is IST_0 spanning? : True
Is IST_1 spanning? : True
Is IST_2 spanning? : True
Is IST_3 spanning? : True
Is IST_4 spanning? : True
Is IST_5 spanning? : True
Are all ISTs independent? : True

====TEST CR(357, 47, 94)====
Is IST_0 spanning? : True
Is IST_1 spanning? : True
Is IST_2 spanning? : True
Is IST_3 spanning? : True
Is IST_4 spanning? : True
Is IST_5 spanning? : True
Are all ISTs independent? : True

====TEST CR(358, 47, 94)====
Is IST_0 spanning? : True
Is IST_1 spanning? : True
Is IST_2 spanning? : True
Is IST_3 spanning? : True
Is IST_4 spanning? : True
Is IST_5 spanning? : True
Are all ISTs independent? : True

====TEST CR(359, 47, 94)====
Is IST_0 spanning? : True
Is IST_1 spanning? : True
Is IST_2 spanning? : True
Is IST_3 spanning? : True
Is IST_4 spanning? : True
Is IST_5 spanning? : True
Are all ISTs independent? : True

====TEST CR(360, 47, 94)====
Is IST_0 spanning? : True
Is IST_1 spanning? : True
Is IST_2 spanning? : True
Is IST_3 spanning? : True
Is IST_4 spanning? : True
Is IST_5 spanning? : True
Are all ISTs independent? : True

====TEST CR(361, 47, 94)====
Is IST_0 spanning? : True
Is IST_1 spanning? : True
Is IST_2 spanning? : True
Is IST_3 spanning? : True
Is IST_4 spanning? : True
Is IST_5 spanning? : True
Are all ISTs independent? : True

====TEST CR(362, 47, 94)====
Is IST_0 spanning? : True
Is IST_1 spanning? : True
Is IST_2 spanning? : True
Is IST_3 spanning? : True
Is IST_4 spanning? : True
Is IST_5 spanning? : True
Are all ISTs independent? : True

====TEST CR(363, 47, 94)====
Is IST_0 spanning? : True
Is IST_1 spanning? : True
Is IST_2 spanning? : True
Is IST_3 spanning? : True
Is IST_4 spanning? : True
Is IST_5 spanning? : True
Are all ISTs independent? : True

====TEST CR(364, 47, 94)====
Is IST_0 spanning? : True
Is IST_1 spanning? : True
Is IST_2 spanning? : True
Is IST_3 spanning? : True
Is IST_4 spanning? : True
Is IST_5 spanning? : True
Are all ISTs independent? : True

====TEST CR(365, 47, 94)====
Is IST_0 spanning? : True
Is IST_1 spanning? : True
Is IST_2 spanning? : True
Is IST_3 spanning? : True
Is IST_4 spanning? : True
Is IST_5 spanning? : True
Are all ISTs independent? : True

====TEST CR(366, 47, 94)====
Is IST_0 spanning? : True
Is IST_1 spanning? : True
Is IST_2 spanning? : True
Is IST_3 spanning? : True
Is IST_4 spanning? : True
Is IST_5 spanning? : True
Are all ISTs independent? : True

====TEST CR(367, 47, 94)====
Is IST_0 spanning? : True
Is IST_1 spanning? : True
Is IST_2 spanning? : True
Is IST_3 spanning? : True
Is IST_4 spanning? : True
Is IST_5 spanning? : True
Are all ISTs independent? : True

====TEST CR(368, 47, 94)====
Is IST_0 spanning? : True
Is IST_1 spanning? : True
Is IST_2 spanning? : True
Is IST_3 spanning? : True
Is IST_4 spanning? : True
Is IST_5 spanning? : True
Are all ISTs independent? : True

====TEST CR(369, 47, 94)====
Is IST_0 spanning? : True
Is IST_1 spanning? : True
Is IST_2 spanning? : True
Is IST_3 spanning? : True
Is IST_4 spanning? : True
Is IST_5 spanning? : True
Are all ISTs independent? : True

====TEST CR(370, 47, 94)====
Is IST_0 spanning? : True
Is IST_1 spanning? : True
Is IST_2 spanning? : True
Is IST_3 spanning? : True
Is IST_4 spanning? : True
Is IST_5 spanning? : True
Are all ISTs independent? : True

====TEST CR(371, 47, 94)====
Is IST_0 spanning? : True
Is IST_1 spanning? : True
Is IST_2 spanning? : True
Is IST_3 spanning? : True
Is IST_4 spanning? : True
Is IST_5 spanning? : True
Are all ISTs independent? : True

====TEST CR(372, 47, 94)====
Is IST_0 spanning? : True
Is IST_1 spanning? : True
Is IST_2 spanning? : True
Is IST_3 spanning? : True
Is IST_4 spanning? : True
Is IST_5 spanning? : True
Are all ISTs independent? : True

====TEST CR(373, 47, 94)====
Is IST_0 spanning? : True
Is IST_1 spanning? : True
Is IST_2 spanning? : True
Is IST_3 spanning? : True
Is IST_4 spanning? : True
Is IST_5 spanning? : True
Are all ISTs independent? : True

====TEST CR(374, 47, 94)====
Is IST_0 spanning? : True
Is IST_1 spanning? : True
Is IST_2 spanning? : True
Is IST_3 spanning? : True
Is IST_4 spanning? : True
Is IST_5 spanning? : True
Are all ISTs independent? : True

====TEST CR(375, 47, 94)====
Is IST_0 spanning? : True
Is IST_1 spanning? : True
Is IST_2 spanning? : True
Is IST_3 spanning? : True
Is IST_4 spanning? : True
Is IST_5 spanning? : True
Are all ISTs independent? : True

====TEST CR(376, 47, 94)====
Is IST_0 spanning? : True
Is IST_1 spanning? : True
Is IST_2 spanning? : True
Is IST_3 spanning? : True
Is IST_4 spanning? : True
Is IST_5 spanning? : True
Are all ISTs independent? : True

====TEST CR(377, 47, 94)====
Is IST_0 spanning? : True
Is IST_1 spanning? : True
Is IST_2 spanning? : True
Is IST_3 spanning? : True
Is IST_4 spanning? : True
Is IST_5 spanning? : True
Are all ISTs independent? : True

====TEST CR(378, 47, 94)====
Is IST_0 spanning? : True
Is IST_1 spanning? : True
Is IST_2 spanning? : True
Is IST_3 spanning? : True
Is IST_4 spanning? : True
Is IST_5 spanning? : True
Are all ISTs independent? : True

====TEST CR(379, 47, 94)====
Is IST_0 spanning? : True
Is IST_1 spanning? : True
Is IST_2 spanning? : True
Is IST_3 spanning? : True
Is IST_4 spanning? : True
Is IST_5 spanning? : True
Are all ISTs independent? : True

====TEST CR(380, 47, 94)====
Is IST_0 spanning? : True
Is IST_1 spanning? : True
Is IST_2 spanning? : True
Is IST_3 spanning? : True
Is IST_4 spanning? : True
Is IST_5 spanning? : True
Are all ISTs independent? : True

====TEST CR(381, 47, 94)====
Is IST_0 spanning? : True
Is IST_1 spanning? : True
Is IST_2 spanning? : True
Is IST_3 spanning? : True
Is IST_4 spanning? : True
Is IST_5 spanning? : True
Are all ISTs independent? : True

====TEST CR(382, 47, 94)====
Is IST_0 spanning? : True
Is IST_1 spanning? : True
Is IST_2 spanning? : True
Is IST_3 spanning? : True
Is IST_4 spanning? : True
Is IST_5 spanning? : True
Are all ISTs independent? : True

====TEST CR(383, 47, 94)====
Is IST_0 spanning? : True
Is IST_1 spanning? : True
Is IST_2 spanning? : True
Is IST_3 spanning? : True
Is IST_4 spanning? : True
Is IST_5 spanning? : True
Are all ISTs independent? : True

====TEST CR(384, 47, 94)====
Is IST_0 spanning? : True
Is IST_1 spanning? : True
Is IST_2 spanning? : True
Is IST_3 spanning? : True
Is IST_4 spanning? : True
Is IST_5 spanning? : True
Are all ISTs independent? : True

====TEST CR(385, 47, 94)====
Is IST_0 spanning? : True
Is IST_1 spanning? : True
Is IST_2 spanning? : True
Is IST_3 spanning? : True
Is IST_4 spanning? : True
Is IST_5 spanning? : True
Are all ISTs independent? : True

====TEST CR(386, 47, 94)====
Is IST_0 spanning? : True
Is IST_1 spanning? : True
Is IST_2 spanning? : True
Is IST_3 spanning? : True
Is IST_4 spanning? : True
Is IST_5 spanning? : True
Are all ISTs independent? : True

====TEST CR(387, 47, 94)====
Is IST_0 spanning? : True
Is IST_1 spanning? : True
Is IST_2 spanning? : True
Is IST_3 spanning? : True
Is IST_4 spanning? : True
Is IST_5 spanning? : True
Are all ISTs independent? : True

====TEST CR(388, 47, 94)====
Is IST_0 spanning? : True
Is IST_1 spanning? : True
Is IST_2 spanning? : True
Is IST_3 spanning? : True
Is IST_4 spanning? : True
Is IST_5 spanning? : True
Are all ISTs independent? : True

====TEST CR(389, 47, 94)====
Is IST_0 spanning? : True
Is IST_1 spanning? : True
Is IST_2 spanning? : True
Is IST_3 spanning? : True
Is IST_4 spanning? : True
Is IST_5 spanning? : True
Are all ISTs independent? : True

====TEST CR(390, 47, 94)====
Is IST_0 spanning? : True
Is IST_1 spanning? : True
Is IST_2 spanning? : True
Is IST_3 spanning? : True
Is IST_4 spanning? : True
Is IST_5 spanning? : True
Are all ISTs independent? : True

====TEST CR(391, 47, 94)====
Is IST_0 spanning? : True
Is IST_1 spanning? : True
Is IST_2 spanning? : True
Is IST_3 spanning? : True
Is IST_4 spanning? : True
Is IST_5 spanning? : True
Are all ISTs independent? : True

====TEST CR(392, 47, 94)====
Is IST_0 spanning? : True
Is IST_1 spanning? : True
Is IST_2 spanning? : True
Is IST_3 spanning? : True
Is IST_4 spanning? : True
Is IST_5 spanning? : True
Are all ISTs independent? : True

====TEST CR(393, 47, 94)====
Is IST_0 spanning? : True
Is IST_1 spanning? : True
Is IST_2 spanning? : True
Is IST_3 spanning? : True
Is IST_4 spanning? : True
Is IST_5 spanning? : True
Are all ISTs independent? : True

====TEST CR(394, 47, 94)====
Is IST_0 spanning? : True
Is IST_1 spanning? : True
Is IST_2 spanning? : True
Is IST_3 spanning? : True
Is IST_4 spanning? : True
Is IST_5 spanning? : True
Are all ISTs independent? : True

====TEST CR(395, 47, 94)====
Is IST_0 spanning? : True
Is IST_1 spanning? : True
Is IST_2 spanning? : True
Is IST_3 spanning? : True
Is IST_4 spanning? : True
Is IST_5 spanning? : True
Are all ISTs independent? : True

====TEST CR(396, 47, 94)====
Is IST_0 spanning? : True
Is IST_1 spanning? : True
Is IST_2 spanning? : True
Is IST_3 spanning? : True
Is IST_4 spanning? : True
Is IST_5 spanning? : True
Are all ISTs independent? : True

====TEST CR(397, 47, 94)====
Is IST_0 spanning? : True
Is IST_1 spanning? : True
Is IST_2 spanning? : True
Is IST_3 spanning? : True
Is IST_4 spanning? : True
Is IST_5 spanning? : True
Are all ISTs independent? : True

====TEST CR(398, 47, 94)====
Is IST_0 spanning? : True
Is IST_1 spanning? : True
Is IST_2 spanning? : True
Is IST_3 spanning? : True
Is IST_4 spanning? : True
Is IST_5 spanning? : True
Are all ISTs independent? : True

====TEST CR(399, 47, 94)====
Is IST_0 spanning? : True
Is IST_1 spanning? : True
Is IST_2 spanning? : True
Is IST_3 spanning? : True
Is IST_4 spanning? : True
Is IST_5 spanning? : True
Are all ISTs independent? : True

====TEST CR(400, 47, 94)====
Is IST_0 spanning? : True
Is IST_1 spanning? : True
Is IST_2 spanning? : True
Is IST_3 spanning? : True
Is IST_4 spanning? : True
Is IST_5 spanning? : True
Are all ISTs independent? : True

====TEST CR(401, 47, 94)====
Is IST_0 spanning? : True
Is IST_1 spanning? : True
Is IST_2 spanning? : True
Is IST_3 spanning? : True
Is IST_4 spanning? : True
Is IST_5 spanning? : True
Are all ISTs independent? : True

====TEST CR(402, 47, 94)====
Is IST_0 spanning? : True
Is IST_1 spanning? : True
Is IST_2 spanning? : True
Is IST_3 spanning? : True
Is IST_4 spanning? : True
Is IST_5 spanning? : True
Are all ISTs independent? : True

====TEST CR(403, 47, 94)====
Is IST_0 spanning? : True
Is IST_1 spanning? : True
Is IST_2 spanning? : True
Is IST_3 spanning? : True
Is IST_4 spanning? : True
Is IST_5 spanning? : True
Are all ISTs independent? : True

====TEST CR(404, 47, 94)====
Is IST_0 spanning? : True
Is IST_1 spanning? : True
Is IST_2 spanning? : True
Is IST_3 spanning? : True
Is IST_4 spanning? : True
Is IST_5 spanning? : True
Are all ISTs independent? : True

====TEST CR(405, 47, 94)====
Is IST_0 spanning? : True
Is IST_1 spanning? : True
Is IST_2 spanning? : True
Is IST_3 spanning? : True
Is IST_4 spanning? : True
Is IST_5 spanning? : True
Are all ISTs independent? : True

====TEST CR(406, 47, 94)====
Is IST_0 spanning? : True
Is IST_1 spanning? : True
Is IST_2 spanning? : True
Is IST_3 spanning? : True
Is IST_4 spanning? : True
Is IST_5 spanning? : True
Are all ISTs independent? : True

====TEST CR(407, 47, 94)====
Is IST_0 spanning? : True
Is IST_1 spanning? : True
Is IST_2 spanning? : True
Is IST_3 spanning? : True
Is IST_4 spanning? : True
Is IST_5 spanning? : True
Are all ISTs independent? : True

====TEST CR(408, 47, 94)====
Is IST_0 spanning? : True
Is IST_1 spanning? : True
Is IST_2 spanning? : True
Is IST_3 spanning? : True
Is IST_4 spanning? : True
Is IST_5 spanning? : True
Are all ISTs independent? : True

====TEST CR(409, 47, 94)====
Is IST_0 spanning? : True
Is IST_1 spanning? : True
Is IST_2 spanning? : True
Is IST_3 spanning? : True
Is IST_4 spanning? : True
Is IST_5 spanning? : True
Are all ISTs independent? : True

====TEST CR(410, 47, 94)====
Is IST_0 spanning? : True
Is IST_1 spanning? : True
Is IST_2 spanning? : True
Is IST_3 spanning? : True
Is IST_4 spanning? : True
Is IST_5 spanning? : True
Are all ISTs independent? : True

====TEST CR(288, 48, 96)====
Is IST_0 spanning? : True
Is IST_1 spanning? : True
Is IST_2 spanning? : True
Is IST_3 spanning? : True
Is IST_4 spanning? : True
Is IST_5 spanning? : True
Are all ISTs independent? : True

====TEST CR(289, 48, 96)====
Is IST_0 spanning? : True
Is IST_1 spanning? : True
Is IST_2 spanning? : True
Is IST_3 spanning? : True
Is IST_4 spanning? : True
Is IST_5 spanning? : True
Are all ISTs independent? : True

====TEST CR(290, 48, 96)====
Is IST_0 spanning? : True
Is IST_1 spanning? : True
Is IST_2 spanning? : True
Is IST_3 spanning? : True
Is IST_4 spanning? : True
Is IST_5 spanning? : True
Are all ISTs independent? : True

====TEST CR(291, 48, 96)====
Is IST_0 spanning? : True
Is IST_1 spanning? : True
Is IST_2 spanning? : True
Is IST_3 spanning? : True
Is IST_4 spanning? : True
Is IST_5 spanning? : True
Are all ISTs independent? : True

====TEST CR(292, 48, 96)====
Is IST_0 spanning? : True
Is IST_1 spanning? : True
Is IST_2 spanning? : True
Is IST_3 spanning? : True
Is IST_4 spanning? : True
Is IST_5 spanning? : True
Are all ISTs independent? : True

====TEST CR(293, 48, 96)====
Is IST_0 spanning? : True
Is IST_1 spanning? : True
Is IST_2 spanning? : True
Is IST_3 spanning? : True
Is IST_4 spanning? : True
Is IST_5 spanning? : True
Are all ISTs independent? : True

====TEST CR(294, 48, 96)====
Is IST_0 spanning? : True
Is IST_1 spanning? : True
Is IST_2 spanning? : True
Is IST_3 spanning? : True
Is IST_4 spanning? : True
Is IST_5 spanning? : True
Are all ISTs independent? : True

====TEST CR(295, 48, 96)====
Is IST_0 spanning? : True
Is IST_1 spanning? : True
Is IST_2 spanning? : True
Is IST_3 spanning? : True
Is IST_4 spanning? : True
Is IST_5 spanning? : True
Are all ISTs independent? : True

====TEST CR(296, 48, 96)====
Is IST_0 spanning? : True
Is IST_1 spanning? : True
Is IST_2 spanning? : True
Is IST_3 spanning? : True
Is IST_4 spanning? : True
Is IST_5 spanning? : True
Are all ISTs independent? : True

====TEST CR(297, 48, 96)====
Is IST_0 spanning? : True
Is IST_1 spanning? : True
Is IST_2 spanning? : True
Is IST_3 spanning? : True
Is IST_4 spanning? : True
Is IST_5 spanning? : True
Are all ISTs independent? : True

====TEST CR(298, 48, 96)====
Is IST_0 spanning? : True
Is IST_1 spanning? : True
Is IST_2 spanning? : True
Is IST_3 spanning? : True
Is IST_4 spanning? : True
Is IST_5 spanning? : True
Are all ISTs independent? : True

====TEST CR(299, 48, 96)====
Is IST_0 spanning? : True
Is IST_1 spanning? : True
Is IST_2 spanning? : True
Is IST_3 spanning? : True
Is IST_4 spanning? : True
Is IST_5 spanning? : True
Are all ISTs independent? : True

====TEST CR(300, 48, 96)====
Is IST_0 spanning? : True
Is IST_1 spanning? : True
Is IST_2 spanning? : True
Is IST_3 spanning? : True
Is IST_4 spanning? : True
Is IST_5 spanning? : True
Are all ISTs independent? : True

====TEST CR(301, 48, 96)====
Is IST_0 spanning? : True
Is IST_1 spanning? : True
Is IST_2 spanning? : True
Is IST_3 spanning? : True
Is IST_4 spanning? : True
Is IST_5 spanning? : True
Are all ISTs independent? : True

====TEST CR(302, 48, 96)====
Is IST_0 spanning? : True
Is IST_1 spanning? : True
Is IST_2 spanning? : True
Is IST_3 spanning? : True
Is IST_4 spanning? : True
Is IST_5 spanning? : True
Are all ISTs independent? : True

====TEST CR(303, 48, 96)====
Is IST_0 spanning? : True
Is IST_1 spanning? : True
Is IST_2 spanning? : True
Is IST_3 spanning? : True
Is IST_4 spanning? : True
Is IST_5 spanning? : True
Are all ISTs independent? : True

====TEST CR(304, 48, 96)====
Is IST_0 spanning? : True
Is IST_1 spanning? : True
Is IST_2 spanning? : True
Is IST_3 spanning? : True
Is IST_4 spanning? : True
Is IST_5 spanning? : True
Are all ISTs independent? : True

====TEST CR(305, 48, 96)====
Is IST_0 spanning? : True
Is IST_1 spanning? : True
Is IST_2 spanning? : True
Is IST_3 spanning? : True
Is IST_4 spanning? : True
Is IST_5 spanning? : True
Are all ISTs independent? : True

====TEST CR(306, 48, 96)====
Is IST_0 spanning? : True
Is IST_1 spanning? : True
Is IST_2 spanning? : True
Is IST_3 spanning? : True
Is IST_4 spanning? : True
Is IST_5 spanning? : True
Are all ISTs independent? : True

====TEST CR(307, 48, 96)====
Is IST_0 spanning? : True
Is IST_1 spanning? : True
Is IST_2 spanning? : True
Is IST_3 spanning? : True
Is IST_4 spanning? : True
Is IST_5 spanning? : True
Are all ISTs independent? : True

====TEST CR(308, 48, 96)====
Is IST_0 spanning? : True
Is IST_1 spanning? : True
Is IST_2 spanning? : True
Is IST_3 spanning? : True
Is IST_4 spanning? : True
Is IST_5 spanning? : True
Are all ISTs independent? : True

====TEST CR(309, 48, 96)====
Is IST_0 spanning? : True
Is IST_1 spanning? : True
Is IST_2 spanning? : True
Is IST_3 spanning? : True
Is IST_4 spanning? : True
Is IST_5 spanning? : True
Are all ISTs independent? : True

====TEST CR(310, 48, 96)====
Is IST_0 spanning? : True
Is IST_1 spanning? : True
Is IST_2 spanning? : True
Is IST_3 spanning? : True
Is IST_4 spanning? : True
Is IST_5 spanning? : True
Are all ISTs independent? : True

====TEST CR(311, 48, 96)====
Is IST_0 spanning? : True
Is IST_1 spanning? : True
Is IST_2 spanning? : True
Is IST_3 spanning? : True
Is IST_4 spanning? : True
Is IST_5 spanning? : True
Are all ISTs independent? : True

====TEST CR(312, 48, 96)====
Is IST_0 spanning? : True
Is IST_1 spanning? : True
Is IST_2 spanning? : True
Is IST_3 spanning? : True
Is IST_4 spanning? : True
Is IST_5 spanning? : True
Are all ISTs independent? : True

====TEST CR(313, 48, 96)====
Is IST_0 spanning? : True
Is IST_1 spanning? : True
Is IST_2 spanning? : True
Is IST_3 spanning? : True
Is IST_4 spanning? : True
Is IST_5 spanning? : True
Are all ISTs independent? : True

====TEST CR(314, 48, 96)====
Is IST_0 spanning? : True
Is IST_1 spanning? : True
Is IST_2 spanning? : True
Is IST_3 spanning? : True
Is IST_4 spanning? : True
Is IST_5 spanning? : True
Are all ISTs independent? : True

====TEST CR(315, 48, 96)====
Is IST_0 spanning? : True
Is IST_1 spanning? : True
Is IST_2 spanning? : True
Is IST_3 spanning? : True
Is IST_4 spanning? : True
Is IST_5 spanning? : True
Are all ISTs independent? : True

====TEST CR(316, 48, 96)====
Is IST_0 spanning? : True
Is IST_1 spanning? : True
Is IST_2 spanning? : True
Is IST_3 spanning? : True
Is IST_4 spanning? : True
Is IST_5 spanning? : True
Are all ISTs independent? : True

====TEST CR(317, 48, 96)====
Is IST_0 spanning? : True
Is IST_1 spanning? : True
Is IST_2 spanning? : True
Is IST_3 spanning? : True
Is IST_4 spanning? : True
Is IST_5 spanning? : True
Are all ISTs independent? : True

====TEST CR(318, 48, 96)====
Is IST_0 spanning? : True
Is IST_1 spanning? : True
Is IST_2 spanning? : True
Is IST_3 spanning? : True
Is IST_4 spanning? : True
Is IST_5 spanning? : True
Are all ISTs independent? : True

====TEST CR(319, 48, 96)====
Is IST_0 spanning? : True
Is IST_1 spanning? : True
Is IST_2 spanning? : True
Is IST_3 spanning? : True
Is IST_4 spanning? : True
Is IST_5 spanning? : True
Are all ISTs independent? : True

====TEST CR(320, 48, 96)====
Is IST_0 spanning? : True
Is IST_1 spanning? : True
Is IST_2 spanning? : True
Is IST_3 spanning? : True
Is IST_4 spanning? : True
Is IST_5 spanning? : True
Are all ISTs independent? : True

====TEST CR(321, 48, 96)====
Is IST_0 spanning? : True
Is IST_1 spanning? : True
Is IST_2 spanning? : True
Is IST_3 spanning? : True
Is IST_4 spanning? : True
Is IST_5 spanning? : True
Are all ISTs independent? : True

====TEST CR(322, 48, 96)====
Is IST_0 spanning? : True
Is IST_1 spanning? : True
Is IST_2 spanning? : True
Is IST_3 spanning? : True
Is IST_4 spanning? : True
Is IST_5 spanning? : True
Are all ISTs independent? : True

====TEST CR(323, 48, 96)====
Is IST_0 spanning? : True
Is IST_1 spanning? : True
Is IST_2 spanning? : True
Is IST_3 spanning? : True
Is IST_4 spanning? : True
Is IST_5 spanning? : True
Are all ISTs independent? : True

====TEST CR(324, 48, 96)====
Is IST_0 spanning? : True
Is IST_1 spanning? : True
Is IST_2 spanning? : True
Is IST_3 spanning? : True
Is IST_4 spanning? : True
Is IST_5 spanning? : True
Are all ISTs independent? : True

====TEST CR(325, 48, 96)====
Is IST_0 spanning? : True
Is IST_1 spanning? : True
Is IST_2 spanning? : True
Is IST_3 spanning? : True
Is IST_4 spanning? : True
Is IST_5 spanning? : True
Are all ISTs independent? : True

====TEST CR(326, 48, 96)====
Is IST_0 spanning? : True
Is IST_1 spanning? : True
Is IST_2 spanning? : True
Is IST_3 spanning? : True
Is IST_4 spanning? : True
Is IST_5 spanning? : True
Are all ISTs independent? : True

====TEST CR(327, 48, 96)====
Is IST_0 spanning? : True
Is IST_1 spanning? : True
Is IST_2 spanning? : True
Is IST_3 spanning? : True
Is IST_4 spanning? : True
Is IST_5 spanning? : True
Are all ISTs independent? : True

====TEST CR(328, 48, 96)====
Is IST_0 spanning? : True
Is IST_1 spanning? : True
Is IST_2 spanning? : True
Is IST_3 spanning? : True
Is IST_4 spanning? : True
Is IST_5 spanning? : True
Are all ISTs independent? : True

====TEST CR(329, 48, 96)====
Is IST_0 spanning? : True
Is IST_1 spanning? : True
Is IST_2 spanning? : True
Is IST_3 spanning? : True
Is IST_4 spanning? : True
Is IST_5 spanning? : True
Are all ISTs independent? : True

====TEST CR(330, 48, 96)====
Is IST_0 spanning? : True
Is IST_1 spanning? : True
Is IST_2 spanning? : True
Is IST_3 spanning? : True
Is IST_4 spanning? : True
Is IST_5 spanning? : True
Are all ISTs independent? : True

====TEST CR(331, 48, 96)====
Is IST_0 spanning? : True
Is IST_1 spanning? : True
Is IST_2 spanning? : True
Is IST_3 spanning? : True
Is IST_4 spanning? : True
Is IST_5 spanning? : True
Are all ISTs independent? : True

====TEST CR(332, 48, 96)====
Is IST_0 spanning? : True
Is IST_1 spanning? : True
Is IST_2 spanning? : True
Is IST_3 spanning? : True
Is IST_4 spanning? : True
Is IST_5 spanning? : True
Are all ISTs independent? : True

====TEST CR(333, 48, 96)====
Is IST_0 spanning? : True
Is IST_1 spanning? : True
Is IST_2 spanning? : True
Is IST_3 spanning? : True
Is IST_4 spanning? : True
Is IST_5 spanning? : True
Are all ISTs independent? : True

====TEST CR(334, 48, 96)====
Is IST_0 spanning? : True
Is IST_1 spanning? : True
Is IST_2 spanning? : True
Is IST_3 spanning? : True
Is IST_4 spanning? : True
Is IST_5 spanning? : True
Are all ISTs independent? : True

====TEST CR(335, 48, 96)====
Is IST_0 spanning? : True
Is IST_1 spanning? : True
Is IST_2 spanning? : True
Is IST_3 spanning? : True
Is IST_4 spanning? : True
Is IST_5 spanning? : True
Are all ISTs independent? : True

====TEST CR(336, 48, 96)====
Is IST_0 spanning? : True
Is IST_1 spanning? : True
Is IST_2 spanning? : True
Is IST_3 spanning? : True
Is IST_4 spanning? : True
Is IST_5 spanning? : True
Are all ISTs independent? : True

====TEST CR(337, 48, 96)====
Is IST_0 spanning? : True
Is IST_1 spanning? : True
Is IST_2 spanning? : True
Is IST_3 spanning? : True
Is IST_4 spanning? : True
Is IST_5 spanning? : True
Are all ISTs independent? : True

====TEST CR(338, 48, 96)====
Is IST_0 spanning? : True
Is IST_1 spanning? : True
Is IST_2 spanning? : True
Is IST_3 spanning? : True
Is IST_4 spanning? : True
Is IST_5 spanning? : True
Are all ISTs independent? : True

====TEST CR(339, 48, 96)====
Is IST_0 spanning? : True
Is IST_1 spanning? : True
Is IST_2 spanning? : True
Is IST_3 spanning? : True
Is IST_4 spanning? : True
Is IST_5 spanning? : True
Are all ISTs independent? : True

====TEST CR(340, 48, 96)====
Is IST_0 spanning? : True
Is IST_1 spanning? : True
Is IST_2 spanning? : True
Is IST_3 spanning? : True
Is IST_4 spanning? : True
Is IST_5 spanning? : True
Are all ISTs independent? : True

====TEST CR(341, 48, 96)====
Is IST_0 spanning? : True
Is IST_1 spanning? : True
Is IST_2 spanning? : True
Is IST_3 spanning? : True
Is IST_4 spanning? : True
Is IST_5 spanning? : True
Are all ISTs independent? : True

====TEST CR(342, 48, 96)====
Is IST_0 spanning? : True
Is IST_1 spanning? : True
Is IST_2 spanning? : True
Is IST_3 spanning? : True
Is IST_4 spanning? : True
Is IST_5 spanning? : True
Are all ISTs independent? : True

====TEST CR(343, 48, 96)====
Is IST_0 spanning? : True
Is IST_1 spanning? : True
Is IST_2 spanning? : True
Is IST_3 spanning? : True
Is IST_4 spanning? : True
Is IST_5 spanning? : True
Are all ISTs independent? : True

====TEST CR(344, 48, 96)====
Is IST_0 spanning? : True
Is IST_1 spanning? : True
Is IST_2 spanning? : True
Is IST_3 spanning? : True
Is IST_4 spanning? : True
Is IST_5 spanning? : True
Are all ISTs independent? : True

====TEST CR(345, 48, 96)====
Is IST_0 spanning? : True
Is IST_1 spanning? : True
Is IST_2 spanning? : True
Is IST_3 spanning? : True
Is IST_4 spanning? : True
Is IST_5 spanning? : True
Are all ISTs independent? : True

====TEST CR(346, 48, 96)====
Is IST_0 spanning? : True
Is IST_1 spanning? : True
Is IST_2 spanning? : True
Is IST_3 spanning? : True
Is IST_4 spanning? : True
Is IST_5 spanning? : True
Are all ISTs independent? : True

====TEST CR(347, 48, 96)====
Is IST_0 spanning? : True
Is IST_1 spanning? : True
Is IST_2 spanning? : True
Is IST_3 spanning? : True
Is IST_4 spanning? : True
Is IST_5 spanning? : True
Are all ISTs independent? : True

====TEST CR(348, 48, 96)====
Is IST_0 spanning? : True
Is IST_1 spanning? : True
Is IST_2 spanning? : True
Is IST_3 spanning? : True
Is IST_4 spanning? : True
Is IST_5 spanning? : True
Are all ISTs independent? : True

====TEST CR(349, 48, 96)====
Is IST_0 spanning? : True
Is IST_1 spanning? : True
Is IST_2 spanning? : True
Is IST_3 spanning? : True
Is IST_4 spanning? : True
Is IST_5 spanning? : True
Are all ISTs independent? : True

====TEST CR(350, 48, 96)====
Is IST_0 spanning? : True
Is IST_1 spanning? : True
Is IST_2 spanning? : True
Is IST_3 spanning? : True
Is IST_4 spanning? : True
Is IST_5 spanning? : True
Are all ISTs independent? : True

====TEST CR(351, 48, 96)====
Is IST_0 spanning? : True
Is IST_1 spanning? : True
Is IST_2 spanning? : True
Is IST_3 spanning? : True
Is IST_4 spanning? : True
Is IST_5 spanning? : True
Are all ISTs independent? : True

====TEST CR(352, 48, 96)====
Is IST_0 spanning? : True
Is IST_1 spanning? : True
Is IST_2 spanning? : True
Is IST_3 spanning? : True
Is IST_4 spanning? : True
Is IST_5 spanning? : True
Are all ISTs independent? : True

====TEST CR(353, 48, 96)====
Is IST_0 spanning? : True
Is IST_1 spanning? : True
Is IST_2 spanning? : True
Is IST_3 spanning? : True
Is IST_4 spanning? : True
Is IST_5 spanning? : True
Are all ISTs independent? : True

====TEST CR(354, 48, 96)====
Is IST_0 spanning? : True
Is IST_1 spanning? : True
Is IST_2 spanning? : True
Is IST_3 spanning? : True
Is IST_4 spanning? : True
Is IST_5 spanning? : True
Are all ISTs independent? : True

====TEST CR(355, 48, 96)====
Is IST_0 spanning? : True
Is IST_1 spanning? : True
Is IST_2 spanning? : True
Is IST_3 spanning? : True
Is IST_4 spanning? : True
Is IST_5 spanning? : True
Are all ISTs independent? : True

====TEST CR(356, 48, 96)====
Is IST_0 spanning? : True
Is IST_1 spanning? : True
Is IST_2 spanning? : True
Is IST_3 spanning? : True
Is IST_4 spanning? : True
Is IST_5 spanning? : True
Are all ISTs independent? : True

====TEST CR(357, 48, 96)====
Is IST_0 spanning? : True
Is IST_1 spanning? : True
Is IST_2 spanning? : True
Is IST_3 spanning? : True
Is IST_4 spanning? : True
Is IST_5 spanning? : True
Are all ISTs independent? : True

====TEST CR(358, 48, 96)====
Is IST_0 spanning? : True
Is IST_1 spanning? : True
Is IST_2 spanning? : True
Is IST_3 spanning? : True
Is IST_4 spanning? : True
Is IST_5 spanning? : True
Are all ISTs independent? : True

====TEST CR(359, 48, 96)====
Is IST_0 spanning? : True
Is IST_1 spanning? : True
Is IST_2 spanning? : True
Is IST_3 spanning? : True
Is IST_4 spanning? : True
Is IST_5 spanning? : True
Are all ISTs independent? : True

====TEST CR(360, 48, 96)====
Is IST_0 spanning? : True
Is IST_1 spanning? : True
Is IST_2 spanning? : True
Is IST_3 spanning? : True
Is IST_4 spanning? : True
Is IST_5 spanning? : True
Are all ISTs independent? : True

====TEST CR(361, 48, 96)====
Is IST_0 spanning? : True
Is IST_1 spanning? : True
Is IST_2 spanning? : True
Is IST_3 spanning? : True
Is IST_4 spanning? : True
Is IST_5 spanning? : True
Are all ISTs independent? : True

====TEST CR(362, 48, 96)====
Is IST_0 spanning? : True
Is IST_1 spanning? : True
Is IST_2 spanning? : True
Is IST_3 spanning? : True
Is IST_4 spanning? : True
Is IST_5 spanning? : True
Are all ISTs independent? : True

====TEST CR(363, 48, 96)====
Is IST_0 spanning? : True
Is IST_1 spanning? : True
Is IST_2 spanning? : True
Is IST_3 spanning? : True
Is IST_4 spanning? : True
Is IST_5 spanning? : True
Are all ISTs independent? : True

====TEST CR(364, 48, 96)====
Is IST_0 spanning? : True
Is IST_1 spanning? : True
Is IST_2 spanning? : True
Is IST_3 spanning? : True
Is IST_4 spanning? : True
Is IST_5 spanning? : True
Are all ISTs independent? : True

====TEST CR(365, 48, 96)====
Is IST_0 spanning? : True
Is IST_1 spanning? : True
Is IST_2 spanning? : True
Is IST_3 spanning? : True
Is IST_4 spanning? : True
Is IST_5 spanning? : True
Are all ISTs independent? : True

====TEST CR(366, 48, 96)====
Is IST_0 spanning? : True
Is IST_1 spanning? : True
Is IST_2 spanning? : True
Is IST_3 spanning? : True
Is IST_4 spanning? : True
Is IST_5 spanning? : True
Are all ISTs independent? : True

====TEST CR(367, 48, 96)====
Is IST_0 spanning? : True
Is IST_1 spanning? : True
Is IST_2 spanning? : True
Is IST_3 spanning? : True
Is IST_4 spanning? : True
Is IST_5 spanning? : True
Are all ISTs independent? : True

====TEST CR(368, 48, 96)====
Is IST_0 spanning? : True
Is IST_1 spanning? : True
Is IST_2 spanning? : True
Is IST_3 spanning? : True
Is IST_4 spanning? : True
Is IST_5 spanning? : True
Are all ISTs independent? : True

====TEST CR(369, 48, 96)====
Is IST_0 spanning? : True
Is IST_1 spanning? : True
Is IST_2 spanning? : True
Is IST_3 spanning? : True
Is IST_4 spanning? : True
Is IST_5 spanning? : True
Are all ISTs independent? : True

====TEST CR(370, 48, 96)====
Is IST_0 spanning? : True
Is IST_1 spanning? : True
Is IST_2 spanning? : True
Is IST_3 spanning? : True
Is IST_4 spanning? : True
Is IST_5 spanning? : True
Are all ISTs independent? : True

====TEST CR(371, 48, 96)====
Is IST_0 spanning? : True
Is IST_1 spanning? : True
Is IST_2 spanning? : True
Is IST_3 spanning? : True
Is IST_4 spanning? : True
Is IST_5 spanning? : True
Are all ISTs independent? : True

====TEST CR(372, 48, 96)====
Is IST_0 spanning? : True
Is IST_1 spanning? : True
Is IST_2 spanning? : True
Is IST_3 spanning? : True
Is IST_4 spanning? : True
Is IST_5 spanning? : True
Are all ISTs independent? : True

====TEST CR(373, 48, 96)====
Is IST_0 spanning? : True
Is IST_1 spanning? : True
Is IST_2 spanning? : True
Is IST_3 spanning? : True
Is IST_4 spanning? : True
Is IST_5 spanning? : True
Are all ISTs independent? : True

====TEST CR(374, 48, 96)====
Is IST_0 spanning? : True
Is IST_1 spanning? : True
Is IST_2 spanning? : True
Is IST_3 spanning? : True
Is IST_4 spanning? : True
Is IST_5 spanning? : True
Are all ISTs independent? : True

====TEST CR(375, 48, 96)====
Is IST_0 spanning? : True
Is IST_1 spanning? : True
Is IST_2 spanning? : True
Is IST_3 spanning? : True
Is IST_4 spanning? : True
Is IST_5 spanning? : True
Are all ISTs independent? : True

====TEST CR(376, 48, 96)====
Is IST_0 spanning? : True
Is IST_1 spanning? : True
Is IST_2 spanning? : True
Is IST_3 spanning? : True
Is IST_4 spanning? : True
Is IST_5 spanning? : True
Are all ISTs independent? : True

====TEST CR(377, 48, 96)====
Is IST_0 spanning? : True
Is IST_1 spanning? : True
Is IST_2 spanning? : True
Is IST_3 spanning? : True
Is IST_4 spanning? : True
Is IST_5 spanning? : True
Are all ISTs independent? : True

====TEST CR(378, 48, 96)====
Is IST_0 spanning? : True
Is IST_1 spanning? : True
Is IST_2 spanning? : True
Is IST_3 spanning? : True
Is IST_4 spanning? : True
Is IST_5 spanning? : True
Are all ISTs independent? : True

====TEST CR(379, 48, 96)====
Is IST_0 spanning? : True
Is IST_1 spanning? : True
Is IST_2 spanning? : True
Is IST_3 spanning? : True
Is IST_4 spanning? : True
Is IST_5 spanning? : True
Are all ISTs independent? : True

====TEST CR(380, 48, 96)====
Is IST_0 spanning? : True
Is IST_1 spanning? : True
Is IST_2 spanning? : True
Is IST_3 spanning? : True
Is IST_4 spanning? : True
Is IST_5 spanning? : True
Are all ISTs independent? : True

====TEST CR(381, 48, 96)====
Is IST_0 spanning? : True
Is IST_1 spanning? : True
Is IST_2 spanning? : True
Is IST_3 spanning? : True
Is IST_4 spanning? : True
Is IST_5 spanning? : True
Are all ISTs independent? : True

====TEST CR(382, 48, 96)====
Is IST_0 spanning? : True
Is IST_1 spanning? : True
Is IST_2 spanning? : True
Is IST_3 spanning? : True
Is IST_4 spanning? : True
Is IST_5 spanning? : True
Are all ISTs independent? : True

====TEST CR(383, 48, 96)====
Is IST_0 spanning? : True
Is IST_1 spanning? : True
Is IST_2 spanning? : True
Is IST_3 spanning? : True
Is IST_4 spanning? : True
Is IST_5 spanning? : True
Are all ISTs independent? : True

====TEST CR(384, 48, 96)====
Is IST_0 spanning? : True
Is IST_1 spanning? : True
Is IST_2 spanning? : True
Is IST_3 spanning? : True
Is IST_4 spanning? : True
Is IST_5 spanning? : True
Are all ISTs independent? : True

====TEST CR(385, 48, 96)====
Is IST_0 spanning? : True
Is IST_1 spanning? : True
Is IST_2 spanning? : True
Is IST_3 spanning? : True
Is IST_4 spanning? : True
Is IST_5 spanning? : True
Are all ISTs independent? : True

====TEST CR(386, 48, 96)====
Is IST_0 spanning? : True
Is IST_1 spanning? : True
Is IST_2 spanning? : True
Is IST_3 spanning? : True
Is IST_4 spanning? : True
Is IST_5 spanning? : True
Are all ISTs independent? : True

====TEST CR(387, 48, 96)====
Is IST_0 spanning? : True
Is IST_1 spanning? : True
Is IST_2 spanning? : True
Is IST_3 spanning? : True
Is IST_4 spanning? : True
Is IST_5 spanning? : True
Are all ISTs independent? : True

====TEST CR(388, 48, 96)====
Is IST_0 spanning? : True
Is IST_1 spanning? : True
Is IST_2 spanning? : True
Is IST_3 spanning? : True
Is IST_4 spanning? : True
Is IST_5 spanning? : True
Are all ISTs independent? : True

====TEST CR(389, 48, 96)====
Is IST_0 spanning? : True
Is IST_1 spanning? : True
Is IST_2 spanning? : True
Is IST_3 spanning? : True
Is IST_4 spanning? : True
Is IST_5 spanning? : True
Are all ISTs independent? : True

====TEST CR(390, 48, 96)====
Is IST_0 spanning? : True
Is IST_1 spanning? : True
Is IST_2 spanning? : True
Is IST_3 spanning? : True
Is IST_4 spanning? : True
Is IST_5 spanning? : True
Are all ISTs independent? : True

====TEST CR(391, 48, 96)====
Is IST_0 spanning? : True
Is IST_1 spanning? : True
Is IST_2 spanning? : True
Is IST_3 spanning? : True
Is IST_4 spanning? : True
Is IST_5 spanning? : True
Are all ISTs independent? : True

====TEST CR(392, 48, 96)====
Is IST_0 spanning? : True
Is IST_1 spanning? : True
Is IST_2 spanning? : True
Is IST_3 spanning? : True
Is IST_4 spanning? : True
Is IST_5 spanning? : True
Are all ISTs independent? : True

====TEST CR(393, 48, 96)====
Is IST_0 spanning? : True
Is IST_1 spanning? : True
Is IST_2 spanning? : True
Is IST_3 spanning? : True
Is IST_4 spanning? : True
Is IST_5 spanning? : True
Are all ISTs independent? : True

====TEST CR(394, 48, 96)====
Is IST_0 spanning? : True
Is IST_1 spanning? : True
Is IST_2 spanning? : True
Is IST_3 spanning? : True
Is IST_4 spanning? : True
Is IST_5 spanning? : True
Are all ISTs independent? : True

====TEST CR(395, 48, 96)====
Is IST_0 spanning? : True
Is IST_1 spanning? : True
Is IST_2 spanning? : True
Is IST_3 spanning? : True
Is IST_4 spanning? : True
Is IST_5 spanning? : True
Are all ISTs independent? : True

====TEST CR(396, 48, 96)====
Is IST_0 spanning? : True
Is IST_1 spanning? : True
Is IST_2 spanning? : True
Is IST_3 spanning? : True
Is IST_4 spanning? : True
Is IST_5 spanning? : True
Are all ISTs independent? : True

====TEST CR(397, 48, 96)====
Is IST_0 spanning? : True
Is IST_1 spanning? : True
Is IST_2 spanning? : True
Is IST_3 spanning? : True
Is IST_4 spanning? : True
Is IST_5 spanning? : True
Are all ISTs independent? : True

====TEST CR(398, 48, 96)====
Is IST_0 spanning? : True
Is IST_1 spanning? : True
Is IST_2 spanning? : True
Is IST_3 spanning? : True
Is IST_4 spanning? : True
Is IST_5 spanning? : True
Are all ISTs independent? : True

====TEST CR(399, 48, 96)====
Is IST_0 spanning? : True
Is IST_1 spanning? : True
Is IST_2 spanning? : True
Is IST_3 spanning? : True
Is IST_4 spanning? : True
Is IST_5 spanning? : True
Are all ISTs independent? : True

====TEST CR(400, 48, 96)====
Is IST_0 spanning? : True
Is IST_1 spanning? : True
Is IST_2 spanning? : True
Is IST_3 spanning? : True
Is IST_4 spanning? : True
Is IST_5 spanning? : True
Are all ISTs independent? : True

====TEST CR(401, 48, 96)====
Is IST_0 spanning? : True
Is IST_1 spanning? : True
Is IST_2 spanning? : True
Is IST_3 spanning? : True
Is IST_4 spanning? : True
Is IST_5 spanning? : True
Are all ISTs independent? : True

====TEST CR(402, 48, 96)====
Is IST_0 spanning? : True
Is IST_1 spanning? : True
Is IST_2 spanning? : True
Is IST_3 spanning? : True
Is IST_4 spanning? : True
Is IST_5 spanning? : True
Are all ISTs independent? : True

====TEST CR(403, 48, 96)====
Is IST_0 spanning? : True
Is IST_1 spanning? : True
Is IST_2 spanning? : True
Is IST_3 spanning? : True
Is IST_4 spanning? : True
Is IST_5 spanning? : True
Are all ISTs independent? : True

====TEST CR(404, 48, 96)====
Is IST_0 spanning? : True
Is IST_1 spanning? : True
Is IST_2 spanning? : True
Is IST_3 spanning? : True
Is IST_4 spanning? : True
Is IST_5 spanning? : True
Are all ISTs independent? : True

====TEST CR(405, 48, 96)====
Is IST_0 spanning? : True
Is IST_1 spanning? : True
Is IST_2 spanning? : True
Is IST_3 spanning? : True
Is IST_4 spanning? : True
Is IST_5 spanning? : True
Are all ISTs independent? : True

====TEST CR(406, 48, 96)====
Is IST_0 spanning? : True
Is IST_1 spanning? : True
Is IST_2 spanning? : True
Is IST_3 spanning? : True
Is IST_4 spanning? : True
Is IST_5 spanning? : True
Are all ISTs independent? : True

====TEST CR(407, 48, 96)====
Is IST_0 spanning? : True
Is IST_1 spanning? : True
Is IST_2 spanning? : True
Is IST_3 spanning? : True
Is IST_4 spanning? : True
Is IST_5 spanning? : True
Are all ISTs independent? : True

====TEST CR(408, 48, 96)====
Is IST_0 spanning? : True
Is IST_1 spanning? : True
Is IST_2 spanning? : True
Is IST_3 spanning? : True
Is IST_4 spanning? : True
Is IST_5 spanning? : True
Are all ISTs independent? : True

====TEST CR(409, 48, 96)====
Is IST_0 spanning? : True
Is IST_1 spanning? : True
Is IST_2 spanning? : True
Is IST_3 spanning? : True
Is IST_4 spanning? : True
Is IST_5 spanning? : True
Are all ISTs independent? : True

====TEST CR(410, 48, 96)====
Is IST_0 spanning? : True
Is IST_1 spanning? : True
Is IST_2 spanning? : True
Is IST_3 spanning? : True
Is IST_4 spanning? : True
Is IST_5 spanning? : True
Are all ISTs independent? : True

====TEST CR(411, 48, 96)====
Is IST_0 spanning? : True
Is IST_1 spanning? : True
Is IST_2 spanning? : True
Is IST_3 spanning? : True
Is IST_4 spanning? : True
Is IST_5 spanning? : True
Are all ISTs independent? : True

====TEST CR(412, 48, 96)====
Is IST_0 spanning? : True
Is IST_1 spanning? : True
Is IST_2 spanning? : True
Is IST_3 spanning? : True
Is IST_4 spanning? : True
Is IST_5 spanning? : True
Are all ISTs independent? : True

====TEST CR(413, 48, 96)====
Is IST_0 spanning? : True
Is IST_1 spanning? : True
Is IST_2 spanning? : True
Is IST_3 spanning? : True
Is IST_4 spanning? : True
Is IST_5 spanning? : True
Are all ISTs independent? : True

====TEST CR(414, 48, 96)====
Is IST_0 spanning? : True
Is IST_1 spanning? : True
Is IST_2 spanning? : True
Is IST_3 spanning? : True
Is IST_4 spanning? : True
Is IST_5 spanning? : True
Are all ISTs independent? : True

====TEST CR(415, 48, 96)====
Is IST_0 spanning? : True
Is IST_1 spanning? : True
Is IST_2 spanning? : True
Is IST_3 spanning? : True
Is IST_4 spanning? : True
Is IST_5 spanning? : True
Are all ISTs independent? : True

====TEST CR(416, 48, 96)====
Is IST_0 spanning? : True
Is IST_1 spanning? : True
Is IST_2 spanning? : True
Is IST_3 spanning? : True
Is IST_4 spanning? : True
Is IST_5 spanning? : True
Are all ISTs independent? : True

====TEST CR(294, 49, 98)====
Is IST_0 spanning? : True
Is IST_1 spanning? : True
Is IST_2 spanning? : True
Is IST_3 spanning? : True
Is IST_4 spanning? : True
Is IST_5 spanning? : True
Are all ISTs independent? : True

====TEST CR(295, 49, 98)====
Is IST_0 spanning? : True
Is IST_1 spanning? : True
Is IST_2 spanning? : True
Is IST_3 spanning? : True
Is IST_4 spanning? : True
Is IST_5 spanning? : True
Are all ISTs independent? : True

====TEST CR(296, 49, 98)====
Is IST_0 spanning? : True
Is IST_1 spanning? : True
Is IST_2 spanning? : True
Is IST_3 spanning? : True
Is IST_4 spanning? : True
Is IST_5 spanning? : True
Are all ISTs independent? : True

====TEST CR(297, 49, 98)====
Is IST_0 spanning? : True
Is IST_1 spanning? : True
Is IST_2 spanning? : True
Is IST_3 spanning? : True
Is IST_4 spanning? : True
Is IST_5 spanning? : True
Are all ISTs independent? : True

====TEST CR(298, 49, 98)====
Is IST_0 spanning? : True
Is IST_1 spanning? : True
Is IST_2 spanning? : True
Is IST_3 spanning? : True
Is IST_4 spanning? : True
Is IST_5 spanning? : True
Are all ISTs independent? : True

====TEST CR(299, 49, 98)====
Is IST_0 spanning? : True
Is IST_1 spanning? : True
Is IST_2 spanning? : True
Is IST_3 spanning? : True
Is IST_4 spanning? : True
Is IST_5 spanning? : True
Are all ISTs independent? : True

====TEST CR(300, 49, 98)====
Is IST_0 spanning? : True
Is IST_1 spanning? : True
Is IST_2 spanning? : True
Is IST_3 spanning? : True
Is IST_4 spanning? : True
Is IST_5 spanning? : True
Are all ISTs independent? : True

====TEST CR(301, 49, 98)====
Is IST_0 spanning? : True
Is IST_1 spanning? : True
Is IST_2 spanning? : True
Is IST_3 spanning? : True
Is IST_4 spanning? : True
Is IST_5 spanning? : True
Are all ISTs independent? : True

====TEST CR(302, 49, 98)====
Is IST_0 spanning? : True
Is IST_1 spanning? : True
Is IST_2 spanning? : True
Is IST_3 spanning? : True
Is IST_4 spanning? : True
Is IST_5 spanning? : True
Are all ISTs independent? : True

====TEST CR(303, 49, 98)====
Is IST_0 spanning? : True
Is IST_1 spanning? : True
Is IST_2 spanning? : True
Is IST_3 spanning? : True
Is IST_4 spanning? : True
Is IST_5 spanning? : True
Are all ISTs independent? : True

====TEST CR(304, 49, 98)====
Is IST_0 spanning? : True
Is IST_1 spanning? : True
Is IST_2 spanning? : True
Is IST_3 spanning? : True
Is IST_4 spanning? : True
Is IST_5 spanning? : True
Are all ISTs independent? : True

====TEST CR(305, 49, 98)====
Is IST_0 spanning? : True
Is IST_1 spanning? : True
Is IST_2 spanning? : True
Is IST_3 spanning? : True
Is IST_4 spanning? : True
Is IST_5 spanning? : True
Are all ISTs independent? : True

====TEST CR(306, 49, 98)====
Is IST_0 spanning? : True
Is IST_1 spanning? : True
Is IST_2 spanning? : True
Is IST_3 spanning? : True
Is IST_4 spanning? : True
Is IST_5 spanning? : True
Are all ISTs independent? : True

====TEST CR(307, 49, 98)====
Is IST_0 spanning? : True
Is IST_1 spanning? : True
Is IST_2 spanning? : True
Is IST_3 spanning? : True
Is IST_4 spanning? : True
Is IST_5 spanning? : True
Are all ISTs independent? : True

====TEST CR(308, 49, 98)====
Is IST_0 spanning? : True
Is IST_1 spanning? : True
Is IST_2 spanning? : True
Is IST_3 spanning? : True
Is IST_4 spanning? : True
Is IST_5 spanning? : True
Are all ISTs independent? : True

====TEST CR(309, 49, 98)====
Is IST_0 spanning? : True
Is IST_1 spanning? : True
Is IST_2 spanning? : True
Is IST_3 spanning? : True
Is IST_4 spanning? : True
Is IST_5 spanning? : True
Are all ISTs independent? : True

====TEST CR(310, 49, 98)====
Is IST_0 spanning? : True
Is IST_1 spanning? : True
Is IST_2 spanning? : True
Is IST_3 spanning? : True
Is IST_4 spanning? : True
Is IST_5 spanning? : True
Are all ISTs independent? : True

====TEST CR(311, 49, 98)====
Is IST_0 spanning? : True
Is IST_1 spanning? : True
Is IST_2 spanning? : True
Is IST_3 spanning? : True
Is IST_4 spanning? : True
Is IST_5 spanning? : True
Are all ISTs independent? : True

====TEST CR(312, 49, 98)====
Is IST_0 spanning? : True
Is IST_1 spanning? : True
Is IST_2 spanning? : True
Is IST_3 spanning? : True
Is IST_4 spanning? : True
Is IST_5 spanning? : True
Are all ISTs independent? : True

====TEST CR(313, 49, 98)====
Is IST_0 spanning? : True
Is IST_1 spanning? : True
Is IST_2 spanning? : True
Is IST_3 spanning? : True
Is IST_4 spanning? : True
Is IST_5 spanning? : True
Are all ISTs independent? : True

====TEST CR(314, 49, 98)====
Is IST_0 spanning? : True
Is IST_1 spanning? : True
Is IST_2 spanning? : True
Is IST_3 spanning? : True
Is IST_4 spanning? : True
Is IST_5 spanning? : True
Are all ISTs independent? : True

====TEST CR(315, 49, 98)====
Is IST_0 spanning? : True
Is IST_1 spanning? : True
Is IST_2 spanning? : True
Is IST_3 spanning? : True
Is IST_4 spanning? : True
Is IST_5 spanning? : True
Are all ISTs independent? : True

====TEST CR(316, 49, 98)====
Is IST_0 spanning? : True
Is IST_1 spanning? : True
Is IST_2 spanning? : True
Is IST_3 spanning? : True
Is IST_4 spanning? : True
Is IST_5 spanning? : True
Are all ISTs independent? : True

====TEST CR(317, 49, 98)====
Is IST_0 spanning? : True
Is IST_1 spanning? : True
Is IST_2 spanning? : True
Is IST_3 spanning? : True
Is IST_4 spanning? : True
Is IST_5 spanning? : True
Are all ISTs independent? : True

====TEST CR(318, 49, 98)====
Is IST_0 spanning? : True
Is IST_1 spanning? : True
Is IST_2 spanning? : True
Is IST_3 spanning? : True
Is IST_4 spanning? : True
Is IST_5 spanning? : True
Are all ISTs independent? : True

====TEST CR(319, 49, 98)====
Is IST_0 spanning? : True
Is IST_1 spanning? : True
Is IST_2 spanning? : True
Is IST_3 spanning? : True
Is IST_4 spanning? : True
Is IST_5 spanning? : True
Are all ISTs independent? : True

====TEST CR(320, 49, 98)====
Is IST_0 spanning? : True
Is IST_1 spanning? : True
Is IST_2 spanning? : True
Is IST_3 spanning? : True
Is IST_4 spanning? : True
Is IST_5 spanning? : True
Are all ISTs independent? : True

====TEST CR(321, 49, 98)====
Is IST_0 spanning? : True
Is IST_1 spanning? : True
Is IST_2 spanning? : True
Is IST_3 spanning? : True
Is IST_4 spanning? : True
Is IST_5 spanning? : True
Are all ISTs independent? : True

====TEST CR(322, 49, 98)====
Is IST_0 spanning? : True
Is IST_1 spanning? : True
Is IST_2 spanning? : True
Is IST_3 spanning? : True
Is IST_4 spanning? : True
Is IST_5 spanning? : True
Are all ISTs independent? : True

====TEST CR(323, 49, 98)====
Is IST_0 spanning? : True
Is IST_1 spanning? : True
Is IST_2 spanning? : True
Is IST_3 spanning? : True
Is IST_4 spanning? : True
Is IST_5 spanning? : True
Are all ISTs independent? : True

====TEST CR(324, 49, 98)====
Is IST_0 spanning? : True
Is IST_1 spanning? : True
Is IST_2 spanning? : True
Is IST_3 spanning? : True
Is IST_4 spanning? : True
Is IST_5 spanning? : True
Are all ISTs independent? : True

====TEST CR(325, 49, 98)====
Is IST_0 spanning? : True
Is IST_1 spanning? : True
Is IST_2 spanning? : True
Is IST_3 spanning? : True
Is IST_4 spanning? : True
Is IST_5 spanning? : True
Are all ISTs independent? : True

====TEST CR(326, 49, 98)====
Is IST_0 spanning? : True
Is IST_1 spanning? : True
Is IST_2 spanning? : True
Is IST_3 spanning? : True
Is IST_4 spanning? : True
Is IST_5 spanning? : True
Are all ISTs independent? : True

====TEST CR(327, 49, 98)====
Is IST_0 spanning? : True
Is IST_1 spanning? : True
Is IST_2 spanning? : True
Is IST_3 spanning? : True
Is IST_4 spanning? : True
Is IST_5 spanning? : True
Are all ISTs independent? : True

====TEST CR(328, 49, 98)====
Is IST_0 spanning? : True
Is IST_1 spanning? : True
Is IST_2 spanning? : True
Is IST_3 spanning? : True
Is IST_4 spanning? : True
Is IST_5 spanning? : True
Are all ISTs independent? : True

====TEST CR(329, 49, 98)====
Is IST_0 spanning? : True
Is IST_1 spanning? : True
Is IST_2 spanning? : True
Is IST_3 spanning? : True
Is IST_4 spanning? : True
Is IST_5 spanning? : True
Are all ISTs independent? : True

====TEST CR(330, 49, 98)====
Is IST_0 spanning? : True
Is IST_1 spanning? : True
Is IST_2 spanning? : True
Is IST_3 spanning? : True
Is IST_4 spanning? : True
Is IST_5 spanning? : True
Are all ISTs independent? : True

====TEST CR(331, 49, 98)====
Is IST_0 spanning? : True
Is IST_1 spanning? : True
Is IST_2 spanning? : True
Is IST_3 spanning? : True
Is IST_4 spanning? : True
Is IST_5 spanning? : True
Are all ISTs independent? : True

====TEST CR(332, 49, 98)====
Is IST_0 spanning? : True
Is IST_1 spanning? : True
Is IST_2 spanning? : True
Is IST_3 spanning? : True
Is IST_4 spanning? : True
Is IST_5 spanning? : True
Are all ISTs independent? : True

====TEST CR(333, 49, 98)====
Is IST_0 spanning? : True
Is IST_1 spanning? : True
Is IST_2 spanning? : True
Is IST_3 spanning? : True
Is IST_4 spanning? : True
Is IST_5 spanning? : True
Are all ISTs independent? : True

====TEST CR(334, 49, 98)====
Is IST_0 spanning? : True
Is IST_1 spanning? : True
Is IST_2 spanning? : True
Is IST_3 spanning? : True
Is IST_4 spanning? : True
Is IST_5 spanning? : True
Are all ISTs independent? : True

====TEST CR(335, 49, 98)====
Is IST_0 spanning? : True
Is IST_1 spanning? : True
Is IST_2 spanning? : True
Is IST_3 spanning? : True
Is IST_4 spanning? : True
Is IST_5 spanning? : True
Are all ISTs independent? : True

====TEST CR(336, 49, 98)====
Is IST_0 spanning? : True
Is IST_1 spanning? : True
Is IST_2 spanning? : True
Is IST_3 spanning? : True
Is IST_4 spanning? : True
Is IST_5 spanning? : True
Are all ISTs independent? : True

====TEST CR(337, 49, 98)====
Is IST_0 spanning? : True
Is IST_1 spanning? : True
Is IST_2 spanning? : True
Is IST_3 spanning? : True
Is IST_4 spanning? : True
Is IST_5 spanning? : True
Are all ISTs independent? : True

====TEST CR(338, 49, 98)====
Is IST_0 spanning? : True
Is IST_1 spanning? : True
Is IST_2 spanning? : True
Is IST_3 spanning? : True
Is IST_4 spanning? : True
Is IST_5 spanning? : True
Are all ISTs independent? : True

====TEST CR(339, 49, 98)====
Is IST_0 spanning? : True
Is IST_1 spanning? : True
Is IST_2 spanning? : True
Is IST_3 spanning? : True
Is IST_4 spanning? : True
Is IST_5 spanning? : True
Are all ISTs independent? : True

====TEST CR(340, 49, 98)====
Is IST_0 spanning? : True
Is IST_1 spanning? : True
Is IST_2 spanning? : True
Is IST_3 spanning? : True
Is IST_4 spanning? : True
Is IST_5 spanning? : True
Are all ISTs independent? : True

====TEST CR(341, 49, 98)====
Is IST_0 spanning? : True
Is IST_1 spanning? : True
Is IST_2 spanning? : True
Is IST_3 spanning? : True
Is IST_4 spanning? : True
Is IST_5 spanning? : True
Are all ISTs independent? : True

====TEST CR(342, 49, 98)====
Is IST_0 spanning? : True
Is IST_1 spanning? : True
Is IST_2 spanning? : True
Is IST_3 spanning? : True
Is IST_4 spanning? : True
Is IST_5 spanning? : True
Are all ISTs independent? : True

====TEST CR(343, 49, 98)====
Is IST_0 spanning? : True
Is IST_1 spanning? : True
Is IST_2 spanning? : True
Is IST_3 spanning? : True
Is IST_4 spanning? : True
Is IST_5 spanning? : True
Are all ISTs independent? : True

====TEST CR(344, 49, 98)====
Is IST_0 spanning? : True
Is IST_1 spanning? : True
Is IST_2 spanning? : True
Is IST_3 spanning? : True
Is IST_4 spanning? : True
Is IST_5 spanning? : True
Are all ISTs independent? : True

====TEST CR(345, 49, 98)====
Is IST_0 spanning? : True
Is IST_1 spanning? : True
Is IST_2 spanning? : True
Is IST_3 spanning? : True
Is IST_4 spanning? : True
Is IST_5 spanning? : True
Are all ISTs independent? : True

====TEST CR(346, 49, 98)====
Is IST_0 spanning? : True
Is IST_1 spanning? : True
Is IST_2 spanning? : True
Is IST_3 spanning? : True
Is IST_4 spanning? : True
Is IST_5 spanning? : True
Are all ISTs independent? : True

====TEST CR(347, 49, 98)====
Is IST_0 spanning? : True
Is IST_1 spanning? : True
Is IST_2 spanning? : True
Is IST_3 spanning? : True
Is IST_4 spanning? : True
Is IST_5 spanning? : True
Are all ISTs independent? : True

====TEST CR(348, 49, 98)====
Is IST_0 spanning? : True
Is IST_1 spanning? : True
Is IST_2 spanning? : True
Is IST_3 spanning? : True
Is IST_4 spanning? : True
Is IST_5 spanning? : True
Are all ISTs independent? : True

====TEST CR(349, 49, 98)====
Is IST_0 spanning? : True
Is IST_1 spanning? : True
Is IST_2 spanning? : True
Is IST_3 spanning? : True
Is IST_4 spanning? : True
Is IST_5 spanning? : True
Are all ISTs independent? : True

====TEST CR(350, 49, 98)====
Is IST_0 spanning? : True
Is IST_1 spanning? : True
Is IST_2 spanning? : True
Is IST_3 spanning? : True
Is IST_4 spanning? : True
Is IST_5 spanning? : True
Are all ISTs independent? : True

====TEST CR(351, 49, 98)====
Is IST_0 spanning? : True
Is IST_1 spanning? : True
Is IST_2 spanning? : True
Is IST_3 spanning? : True
Is IST_4 spanning? : True
Is IST_5 spanning? : True
Are all ISTs independent? : True

====TEST CR(352, 49, 98)====
Is IST_0 spanning? : True
Is IST_1 spanning? : True
Is IST_2 spanning? : True
Is IST_3 spanning? : True
Is IST_4 spanning? : True
Is IST_5 spanning? : True
Are all ISTs independent? : True

====TEST CR(353, 49, 98)====
Is IST_0 spanning? : True
Is IST_1 spanning? : True
Is IST_2 spanning? : True
Is IST_3 spanning? : True
Is IST_4 spanning? : True
Is IST_5 spanning? : True
Are all ISTs independent? : True

====TEST CR(354, 49, 98)====
Is IST_0 spanning? : True
Is IST_1 spanning? : True
Is IST_2 spanning? : True
Is IST_3 spanning? : True
Is IST_4 spanning? : True
Is IST_5 spanning? : True
Are all ISTs independent? : True

====TEST CR(355, 49, 98)====
Is IST_0 spanning? : True
Is IST_1 spanning? : True
Is IST_2 spanning? : True
Is IST_3 spanning? : True
Is IST_4 spanning? : True
Is IST_5 spanning? : True
Are all ISTs independent? : True

====TEST CR(356, 49, 98)====
Is IST_0 spanning? : True
Is IST_1 spanning? : True
Is IST_2 spanning? : True
Is IST_3 spanning? : True
Is IST_4 spanning? : True
Is IST_5 spanning? : True
Are all ISTs independent? : True

====TEST CR(357, 49, 98)====
Is IST_0 spanning? : True
Is IST_1 spanning? : True
Is IST_2 spanning? : True
Is IST_3 spanning? : True
Is IST_4 spanning? : True
Is IST_5 spanning? : True
Are all ISTs independent? : True

====TEST CR(358, 49, 98)====
Is IST_0 spanning? : True
Is IST_1 spanning? : True
Is IST_2 spanning? : True
Is IST_3 spanning? : True
Is IST_4 spanning? : True
Is IST_5 spanning? : True
Are all ISTs independent? : True

====TEST CR(359, 49, 98)====
Is IST_0 spanning? : True
Is IST_1 spanning? : True
Is IST_2 spanning? : True
Is IST_3 spanning? : True
Is IST_4 spanning? : True
Is IST_5 spanning? : True
Are all ISTs independent? : True

====TEST CR(360, 49, 98)====
Is IST_0 spanning? : True
Is IST_1 spanning? : True
Is IST_2 spanning? : True
Is IST_3 spanning? : True
Is IST_4 spanning? : True
Is IST_5 spanning? : True
Are all ISTs independent? : True

====TEST CR(361, 49, 98)====
Is IST_0 spanning? : True
Is IST_1 spanning? : True
Is IST_2 spanning? : True
Is IST_3 spanning? : True
Is IST_4 spanning? : True
Is IST_5 spanning? : True
Are all ISTs independent? : True

====TEST CR(362, 49, 98)====
Is IST_0 spanning? : True
Is IST_1 spanning? : True
Is IST_2 spanning? : True
Is IST_3 spanning? : True
Is IST_4 spanning? : True
Is IST_5 spanning? : True
Are all ISTs independent? : True

====TEST CR(363, 49, 98)====
Is IST_0 spanning? : True
Is IST_1 spanning? : True
Is IST_2 spanning? : True
Is IST_3 spanning? : True
Is IST_4 spanning? : True
Is IST_5 spanning? : True
Are all ISTs independent? : True

====TEST CR(364, 49, 98)====
Is IST_0 spanning? : True
Is IST_1 spanning? : True
Is IST_2 spanning? : True
Is IST_3 spanning? : True
Is IST_4 spanning? : True
Is IST_5 spanning? : True
Are all ISTs independent? : True

====TEST CR(365, 49, 98)====
Is IST_0 spanning? : True
Is IST_1 spanning? : True
Is IST_2 spanning? : True
Is IST_3 spanning? : True
Is IST_4 spanning? : True
Is IST_5 spanning? : True
Are all ISTs independent? : True

====TEST CR(366, 49, 98)====
Is IST_0 spanning? : True
Is IST_1 spanning? : True
Is IST_2 spanning? : True
Is IST_3 spanning? : True
Is IST_4 spanning? : True
Is IST_5 spanning? : True
Are all ISTs independent? : True

====TEST CR(367, 49, 98)====
Is IST_0 spanning? : True
Is IST_1 spanning? : True
Is IST_2 spanning? : True
Is IST_3 spanning? : True
Is IST_4 spanning? : True
Is IST_5 spanning? : True
Are all ISTs independent? : True

====TEST CR(368, 49, 98)====
Is IST_0 spanning? : True
Is IST_1 spanning? : True
Is IST_2 spanning? : True
Is IST_3 spanning? : True
Is IST_4 spanning? : True
Is IST_5 spanning? : True
Are all ISTs independent? : True

====TEST CR(369, 49, 98)====
Is IST_0 spanning? : True
Is IST_1 spanning? : True
Is IST_2 spanning? : True
Is IST_3 spanning? : True
Is IST_4 spanning? : True
Is IST_5 spanning? : True
Are all ISTs independent? : True

====TEST CR(370, 49, 98)====
Is IST_0 spanning? : True
Is IST_1 spanning? : True
Is IST_2 spanning? : True
Is IST_3 spanning? : True
Is IST_4 spanning? : True
Is IST_5 spanning? : True
Are all ISTs independent? : True

====TEST CR(371, 49, 98)====
Is IST_0 spanning? : True
Is IST_1 spanning? : True
Is IST_2 spanning? : True
Is IST_3 spanning? : True
Is IST_4 spanning? : True
Is IST_5 spanning? : True
Are all ISTs independent? : True

====TEST CR(372, 49, 98)====
Is IST_0 spanning? : True
Is IST_1 spanning? : True
Is IST_2 spanning? : True
Is IST_3 spanning? : True
Is IST_4 spanning? : True
Is IST_5 spanning? : True
Are all ISTs independent? : True

====TEST CR(373, 49, 98)====
Is IST_0 spanning? : True
Is IST_1 spanning? : True
Is IST_2 spanning? : True
Is IST_3 spanning? : True
Is IST_4 spanning? : True
Is IST_5 spanning? : True
Are all ISTs independent? : True

====TEST CR(374, 49, 98)====
Is IST_0 spanning? : True
Is IST_1 spanning? : True
Is IST_2 spanning? : True
Is IST_3 spanning? : True
Is IST_4 spanning? : True
Is IST_5 spanning? : True
Are all ISTs independent? : True

====TEST CR(375, 49, 98)====
Is IST_0 spanning? : True
Is IST_1 spanning? : True
Is IST_2 spanning? : True
Is IST_3 spanning? : True
Is IST_4 spanning? : True
Is IST_5 spanning? : True
Are all ISTs independent? : True

====TEST CR(376, 49, 98)====
Is IST_0 spanning? : True
Is IST_1 spanning? : True
Is IST_2 spanning? : True
Is IST_3 spanning? : True
Is IST_4 spanning? : True
Is IST_5 spanning? : True
Are all ISTs independent? : True

====TEST CR(377, 49, 98)====
Is IST_0 spanning? : True
Is IST_1 spanning? : True
Is IST_2 spanning? : True
Is IST_3 spanning? : True
Is IST_4 spanning? : True
Is IST_5 spanning? : True
Are all ISTs independent? : True

====TEST CR(378, 49, 98)====
Is IST_0 spanning? : True
Is IST_1 spanning? : True
Is IST_2 spanning? : True
Is IST_3 spanning? : True
Is IST_4 spanning? : True
Is IST_5 spanning? : True
Are all ISTs independent? : True

====TEST CR(379, 49, 98)====
Is IST_0 spanning? : True
Is IST_1 spanning? : True
Is IST_2 spanning? : True
Is IST_3 spanning? : True
Is IST_4 spanning? : True
Is IST_5 spanning? : True
Are all ISTs independent? : True

====TEST CR(380, 49, 98)====
Is IST_0 spanning? : True
Is IST_1 spanning? : True
Is IST_2 spanning? : True
Is IST_3 spanning? : True
Is IST_4 spanning? : True
Is IST_5 spanning? : True
Are all ISTs independent? : True

====TEST CR(381, 49, 98)====
Is IST_0 spanning? : True
Is IST_1 spanning? : True
Is IST_2 spanning? : True
Is IST_3 spanning? : True
Is IST_4 spanning? : True
Is IST_5 spanning? : True
Are all ISTs independent? : True

====TEST CR(382, 49, 98)====
Is IST_0 spanning? : True
Is IST_1 spanning? : True
Is IST_2 spanning? : True
Is IST_3 spanning? : True
Is IST_4 spanning? : True
Is IST_5 spanning? : True
Are all ISTs independent? : True

====TEST CR(383, 49, 98)====
Is IST_0 spanning? : True
Is IST_1 spanning? : True
Is IST_2 spanning? : True
Is IST_3 spanning? : True
Is IST_4 spanning? : True
Is IST_5 spanning? : True
Are all ISTs independent? : True

====TEST CR(384, 49, 98)====
Is IST_0 spanning? : True
Is IST_1 spanning? : True
Is IST_2 spanning? : True
Is IST_3 spanning? : True
Is IST_4 spanning? : True
Is IST_5 spanning? : True
Are all ISTs independent? : True

====TEST CR(385, 49, 98)====
Is IST_0 spanning? : True
Is IST_1 spanning? : True
Is IST_2 spanning? : True
Is IST_3 spanning? : True
Is IST_4 spanning? : True
Is IST_5 spanning? : True
Are all ISTs independent? : True

====TEST CR(386, 49, 98)====
Is IST_0 spanning? : True
Is IST_1 spanning? : True
Is IST_2 spanning? : True
Is IST_3 spanning? : True
Is IST_4 spanning? : True
Is IST_5 spanning? : True
Are all ISTs independent? : True

====TEST CR(387, 49, 98)====
Is IST_0 spanning? : True
Is IST_1 spanning? : True
Is IST_2 spanning? : True
Is IST_3 spanning? : True
Is IST_4 spanning? : True
Is IST_5 spanning? : True
Are all ISTs independent? : True

====TEST CR(388, 49, 98)====
Is IST_0 spanning? : True
Is IST_1 spanning? : True
Is IST_2 spanning? : True
Is IST_3 spanning? : True
Is IST_4 spanning? : True
Is IST_5 spanning? : True
Are all ISTs independent? : True

====TEST CR(389, 49, 98)====
Is IST_0 spanning? : True
Is IST_1 spanning? : True
Is IST_2 spanning? : True
Is IST_3 spanning? : True
Is IST_4 spanning? : True
Is IST_5 spanning? : True
Are all ISTs independent? : True

====TEST CR(390, 49, 98)====
Is IST_0 spanning? : True
Is IST_1 spanning? : True
Is IST_2 spanning? : True
Is IST_3 spanning? : True
Is IST_4 spanning? : True
Is IST_5 spanning? : True
Are all ISTs independent? : True

====TEST CR(391, 49, 98)====
Is IST_0 spanning? : True
Is IST_1 spanning? : True
Is IST_2 spanning? : True
Is IST_3 spanning? : True
Is IST_4 spanning? : True
Is IST_5 spanning? : True
Are all ISTs independent? : True

====TEST CR(392, 49, 98)====
Is IST_0 spanning? : True
Is IST_1 spanning? : True
Is IST_2 spanning? : True
Is IST_3 spanning? : True
Is IST_4 spanning? : True
Is IST_5 spanning? : True
Are all ISTs independent? : True

====TEST CR(393, 49, 98)====
Is IST_0 spanning? : True
Is IST_1 spanning? : True
Is IST_2 spanning? : True
Is IST_3 spanning? : True
Is IST_4 spanning? : True
Is IST_5 spanning? : True
Are all ISTs independent? : True

====TEST CR(394, 49, 98)====
Is IST_0 spanning? : True
Is IST_1 spanning? : True
Is IST_2 spanning? : True
Is IST_3 spanning? : True
Is IST_4 spanning? : True
Is IST_5 spanning? : True
Are all ISTs independent? : True

====TEST CR(395, 49, 98)====
Is IST_0 spanning? : True
Is IST_1 spanning? : True
Is IST_2 spanning? : True
Is IST_3 spanning? : True
Is IST_4 spanning? : True
Is IST_5 spanning? : True
Are all ISTs independent? : True

====TEST CR(396, 49, 98)====
Is IST_0 spanning? : True
Is IST_1 spanning? : True
Is IST_2 spanning? : True
Is IST_3 spanning? : True
Is IST_4 spanning? : True
Is IST_5 spanning? : True
Are all ISTs independent? : True

====TEST CR(397, 49, 98)====
Is IST_0 spanning? : True
Is IST_1 spanning? : True
Is IST_2 spanning? : True
Is IST_3 spanning? : True
Is IST_4 spanning? : True
Is IST_5 spanning? : True
Are all ISTs independent? : True

====TEST CR(398, 49, 98)====
Is IST_0 spanning? : True
Is IST_1 spanning? : True
Is IST_2 spanning? : True
Is IST_3 spanning? : True
Is IST_4 spanning? : True
Is IST_5 spanning? : True
Are all ISTs independent? : True

====TEST CR(399, 49, 98)====
Is IST_0 spanning? : True
Is IST_1 spanning? : True
Is IST_2 spanning? : True
Is IST_3 spanning? : True
Is IST_4 spanning? : True
Is IST_5 spanning? : True
Are all ISTs independent? : True

====TEST CR(400, 49, 98)====
Is IST_0 spanning? : True
Is IST_1 spanning? : True
Is IST_2 spanning? : True
Is IST_3 spanning? : True
Is IST_4 spanning? : True
Is IST_5 spanning? : True
Are all ISTs independent? : True

====TEST CR(401, 49, 98)====
Is IST_0 spanning? : True
Is IST_1 spanning? : True
Is IST_2 spanning? : True
Is IST_3 spanning? : True
Is IST_4 spanning? : True
Is IST_5 spanning? : True
Are all ISTs independent? : True

====TEST CR(402, 49, 98)====
Is IST_0 spanning? : True
Is IST_1 spanning? : True
Is IST_2 spanning? : True
Is IST_3 spanning? : True
Is IST_4 spanning? : True
Is IST_5 spanning? : True
Are all ISTs independent? : True

====TEST CR(403, 49, 98)====
Is IST_0 spanning? : True
Is IST_1 spanning? : True
Is IST_2 spanning? : True
Is IST_3 spanning? : True
Is IST_4 spanning? : True
Is IST_5 spanning? : True
Are all ISTs independent? : True

====TEST CR(404, 49, 98)====
Is IST_0 spanning? : True
Is IST_1 spanning? : True
Is IST_2 spanning? : True
Is IST_3 spanning? : True
Is IST_4 spanning? : True
Is IST_5 spanning? : True
Are all ISTs independent? : True

====TEST CR(405, 49, 98)====
Is IST_0 spanning? : True
Is IST_1 spanning? : True
Is IST_2 spanning? : True
Is IST_3 spanning? : True
Is IST_4 spanning? : True
Is IST_5 spanning? : True
Are all ISTs independent? : True

====TEST CR(406, 49, 98)====
Is IST_0 spanning? : True
Is IST_1 spanning? : True
Is IST_2 spanning? : True
Is IST_3 spanning? : True
Is IST_4 spanning? : True
Is IST_5 spanning? : True
Are all ISTs independent? : True

====TEST CR(407, 49, 98)====
Is IST_0 spanning? : True
Is IST_1 spanning? : True
Is IST_2 spanning? : True
Is IST_3 spanning? : True
Is IST_4 spanning? : True
Is IST_5 spanning? : True
Are all ISTs independent? : True

====TEST CR(408, 49, 98)====
Is IST_0 spanning? : True
Is IST_1 spanning? : True
Is IST_2 spanning? : True
Is IST_3 spanning? : True
Is IST_4 spanning? : True
Is IST_5 spanning? : True
Are all ISTs independent? : True

====TEST CR(409, 49, 98)====
Is IST_0 spanning? : True
Is IST_1 spanning? : True
Is IST_2 spanning? : True
Is IST_3 spanning? : True
Is IST_4 spanning? : True
Is IST_5 spanning? : True
Are all ISTs independent? : True

====TEST CR(410, 49, 98)====
Is IST_0 spanning? : True
Is IST_1 spanning? : True
Is IST_2 spanning? : True
Is IST_3 spanning? : True
Is IST_4 spanning? : True
Is IST_5 spanning? : True
Are all ISTs independent? : True

====TEST CR(411, 49, 98)====
Is IST_0 spanning? : True
Is IST_1 spanning? : True
Is IST_2 spanning? : True
Is IST_3 spanning? : True
Is IST_4 spanning? : True
Is IST_5 spanning? : True
Are all ISTs independent? : True

====TEST CR(412, 49, 98)====
Is IST_0 spanning? : True
Is IST_1 spanning? : True
Is IST_2 spanning? : True
Is IST_3 spanning? : True
Is IST_4 spanning? : True
Is IST_5 spanning? : True
Are all ISTs independent? : True

====TEST CR(413, 49, 98)====
Is IST_0 spanning? : True
Is IST_1 spanning? : True
Is IST_2 spanning? : True
Is IST_3 spanning? : True
Is IST_4 spanning? : True
Is IST_5 spanning? : True
Are all ISTs independent? : True

====TEST CR(414, 49, 98)====
Is IST_0 spanning? : True
Is IST_1 spanning? : True
Is IST_2 spanning? : True
Is IST_3 spanning? : True
Is IST_4 spanning? : True
Is IST_5 spanning? : True
Are all ISTs independent? : True

====TEST CR(415, 49, 98)====
Is IST_0 spanning? : True
Is IST_1 spanning? : True
Is IST_2 spanning? : True
Is IST_3 spanning? : True
Is IST_4 spanning? : True
Is IST_5 spanning? : True
Are all ISTs independent? : True

====TEST CR(416, 49, 98)====
Is IST_0 spanning? : True
Is IST_1 spanning? : True
Is IST_2 spanning? : True
Is IST_3 spanning? : True
Is IST_4 spanning? : True
Is IST_5 spanning? : True
Are all ISTs independent? : True

====TEST CR(417, 49, 98)====
Is IST_0 spanning? : True
Is IST_1 spanning? : True
Is IST_2 spanning? : True
Is IST_3 spanning? : True
Is IST_4 spanning? : True
Is IST_5 spanning? : True
Are all ISTs independent? : True

====TEST CR(418, 49, 98)====
Is IST_0 spanning? : True
Is IST_1 spanning? : True
Is IST_2 spanning? : True
Is IST_3 spanning? : True
Is IST_4 spanning? : True
Is IST_5 spanning? : True
Are all ISTs independent? : True

====TEST CR(419, 49, 98)====
Is IST_0 spanning? : True
Is IST_1 spanning? : True
Is IST_2 spanning? : True
Is IST_3 spanning? : True
Is IST_4 spanning? : True
Is IST_5 spanning? : True
Are all ISTs independent? : True

====TEST CR(420, 49, 98)====
Is IST_0 spanning? : True
Is IST_1 spanning? : True
Is IST_2 spanning? : True
Is IST_3 spanning? : True
Is IST_4 spanning? : True
Is IST_5 spanning? : True
Are all ISTs independent? : True

====TEST CR(421, 49, 98)====
Is IST_0 spanning? : True
Is IST_1 spanning? : True
Is IST_2 spanning? : True
Is IST_3 spanning? : True
Is IST_4 spanning? : True
Is IST_5 spanning? : True
Are all ISTs independent? : True

====TEST CR(422, 49, 98)====
Is IST_0 spanning? : True
Is IST_1 spanning? : True
Is IST_2 spanning? : True
Is IST_3 spanning? : True
Is IST_4 spanning? : True
Is IST_5 spanning? : True
Are all ISTs independent? : True

====TEST CR(300, 50, 100)====
Is IST_0 spanning? : True
Is IST_1 spanning? : True
Is IST_2 spanning? : True
Is IST_3 spanning? : True
Is IST_4 spanning? : True
Is IST_5 spanning? : True
Are all ISTs independent? : True

====TEST CR(301, 50, 100)====
Is IST_0 spanning? : True
Is IST_1 spanning? : True
Is IST_2 spanning? : True
Is IST_3 spanning? : True
Is IST_4 spanning? : True
Is IST_5 spanning? : True
Are all ISTs independent? : True

====TEST CR(302, 50, 100)====
Is IST_0 spanning? : True
Is IST_1 spanning? : True
Is IST_2 spanning? : True
Is IST_3 spanning? : True
Is IST_4 spanning? : True
Is IST_5 spanning? : True
Are all ISTs independent? : True

====TEST CR(303, 50, 100)====
Is IST_0 spanning? : True
Is IST_1 spanning? : True
Is IST_2 spanning? : True
Is IST_3 spanning? : True
Is IST_4 spanning? : True
Is IST_5 spanning? : True
Are all ISTs independent? : True

====TEST CR(304, 50, 100)====
Is IST_0 spanning? : True
Is IST_1 spanning? : True
Is IST_2 spanning? : True
Is IST_3 spanning? : True
Is IST_4 spanning? : True
Is IST_5 spanning? : True
Are all ISTs independent? : True

====TEST CR(305, 50, 100)====
Is IST_0 spanning? : True
Is IST_1 spanning? : True
Is IST_2 spanning? : True
Is IST_3 spanning? : True
Is IST_4 spanning? : True
Is IST_5 spanning? : True
Are all ISTs independent? : True

====TEST CR(306, 50, 100)====
Is IST_0 spanning? : True
Is IST_1 spanning? : True
Is IST_2 spanning? : True
Is IST_3 spanning? : True
Is IST_4 spanning? : True
Is IST_5 spanning? : True
Are all ISTs independent? : True

====TEST CR(307, 50, 100)====
Is IST_0 spanning? : True
Is IST_1 spanning? : True
Is IST_2 spanning? : True
Is IST_3 spanning? : True
Is IST_4 spanning? : True
Is IST_5 spanning? : True
Are all ISTs independent? : True

====TEST CR(308, 50, 100)====
Is IST_0 spanning? : True
Is IST_1 spanning? : True
Is IST_2 spanning? : True
Is IST_3 spanning? : True
Is IST_4 spanning? : True
Is IST_5 spanning? : True
Are all ISTs independent? : True

====TEST CR(309, 50, 100)====
Is IST_0 spanning? : True
Is IST_1 spanning? : True
Is IST_2 spanning? : True
Is IST_3 spanning? : True
Is IST_4 spanning? : True
Is IST_5 spanning? : True
Are all ISTs independent? : True

====TEST CR(310, 50, 100)====
Is IST_0 spanning? : True
Is IST_1 spanning? : True
Is IST_2 spanning? : True
Is IST_3 spanning? : True
Is IST_4 spanning? : True
Is IST_5 spanning? : True
Are all ISTs independent? : True

====TEST CR(311, 50, 100)====
Is IST_0 spanning? : True
Is IST_1 spanning? : True
Is IST_2 spanning? : True
Is IST_3 spanning? : True
Is IST_4 spanning? : True
Is IST_5 spanning? : True
Are all ISTs independent? : True

====TEST CR(312, 50, 100)====
Is IST_0 spanning? : True
Is IST_1 spanning? : True
Is IST_2 spanning? : True
Is IST_3 spanning? : True
Is IST_4 spanning? : True
Is IST_5 spanning? : True
Are all ISTs independent? : True

====TEST CR(313, 50, 100)====
Is IST_0 spanning? : True
Is IST_1 spanning? : True
Is IST_2 spanning? : True
Is IST_3 spanning? : True
Is IST_4 spanning? : True
Is IST_5 spanning? : True
Are all ISTs independent? : True

====TEST CR(314, 50, 100)====
Is IST_0 spanning? : True
Is IST_1 spanning? : True
Is IST_2 spanning? : True
Is IST_3 spanning? : True
Is IST_4 spanning? : True
Is IST_5 spanning? : True
Are all ISTs independent? : True

====TEST CR(315, 50, 100)====
Is IST_0 spanning? : True
Is IST_1 spanning? : True
Is IST_2 spanning? : True
Is IST_3 spanning? : True
Is IST_4 spanning? : True
Is IST_5 spanning? : True
Are all ISTs independent? : True

====TEST CR(316, 50, 100)====
Is IST_0 spanning? : True
Is IST_1 spanning? : True
Is IST_2 spanning? : True
Is IST_3 spanning? : True
Is IST_4 spanning? : True
Is IST_5 spanning? : True
Are all ISTs independent? : True

====TEST CR(317, 50, 100)====
Is IST_0 spanning? : True
Is IST_1 spanning? : True
Is IST_2 spanning? : True
Is IST_3 spanning? : True
Is IST_4 spanning? : True
Is IST_5 spanning? : True
Are all ISTs independent? : True

====TEST CR(318, 50, 100)====
Is IST_0 spanning? : True
Is IST_1 spanning? : True
Is IST_2 spanning? : True
Is IST_3 spanning? : True
Is IST_4 spanning? : True
Is IST_5 spanning? : True
Are all ISTs independent? : True

====TEST CR(319, 50, 100)====
Is IST_0 spanning? : True
Is IST_1 spanning? : True
Is IST_2 spanning? : True
Is IST_3 spanning? : True
Is IST_4 spanning? : True
Is IST_5 spanning? : True
Are all ISTs independent? : True

====TEST CR(320, 50, 100)====
Is IST_0 spanning? : True
Is IST_1 spanning? : True
Is IST_2 spanning? : True
Is IST_3 spanning? : True
Is IST_4 spanning? : True
Is IST_5 spanning? : True
Are all ISTs independent? : True

====TEST CR(321, 50, 100)====
Is IST_0 spanning? : True
Is IST_1 spanning? : True
Is IST_2 spanning? : True
Is IST_3 spanning? : True
Is IST_4 spanning? : True
Is IST_5 spanning? : True
Are all ISTs independent? : True

====TEST CR(322, 50, 100)====
Is IST_0 spanning? : True
Is IST_1 spanning? : True
Is IST_2 spanning? : True
Is IST_3 spanning? : True
Is IST_4 spanning? : True
Is IST_5 spanning? : True
Are all ISTs independent? : True

====TEST CR(323, 50, 100)====
Is IST_0 spanning? : True
Is IST_1 spanning? : True
Is IST_2 spanning? : True
Is IST_3 spanning? : True
Is IST_4 spanning? : True
Is IST_5 spanning? : True
Are all ISTs independent? : True

====TEST CR(324, 50, 100)====
Is IST_0 spanning? : True
Is IST_1 spanning? : True
Is IST_2 spanning? : True
Is IST_3 spanning? : True
Is IST_4 spanning? : True
Is IST_5 spanning? : True
Are all ISTs independent? : True

====TEST CR(325, 50, 100)====
Is IST_0 spanning? : True
Is IST_1 spanning? : True
Is IST_2 spanning? : True
Is IST_3 spanning? : True
Is IST_4 spanning? : True
Is IST_5 spanning? : True
Are all ISTs independent? : True

====TEST CR(326, 50, 100)====
Is IST_0 spanning? : True
Is IST_1 spanning? : True
Is IST_2 spanning? : True
Is IST_3 spanning? : True
Is IST_4 spanning? : True
Is IST_5 spanning? : True
Are all ISTs independent? : True

====TEST CR(327, 50, 100)====
Is IST_0 spanning? : True
Is IST_1 spanning? : True
Is IST_2 spanning? : True
Is IST_3 spanning? : True
Is IST_4 spanning? : True
Is IST_5 spanning? : True
Are all ISTs independent? : True

====TEST CR(328, 50, 100)====
Is IST_0 spanning? : True
Is IST_1 spanning? : True
Is IST_2 spanning? : True
Is IST_3 spanning? : True
Is IST_4 spanning? : True
Is IST_5 spanning? : True
Are all ISTs independent? : True

====TEST CR(329, 50, 100)====
Is IST_0 spanning? : True
Is IST_1 spanning? : True
Is IST_2 spanning? : True
Is IST_3 spanning? : True
Is IST_4 spanning? : True
Is IST_5 spanning? : True
Are all ISTs independent? : True

====TEST CR(330, 50, 100)====
Is IST_0 spanning? : True
Is IST_1 spanning? : True
Is IST_2 spanning? : True
Is IST_3 spanning? : True
Is IST_4 spanning? : True
Is IST_5 spanning? : True
Are all ISTs independent? : True

====TEST CR(331, 50, 100)====
Is IST_0 spanning? : True
Is IST_1 spanning? : True
Is IST_2 spanning? : True
Is IST_3 spanning? : True
Is IST_4 spanning? : True
Is IST_5 spanning? : True
Are all ISTs independent? : True

====TEST CR(332, 50, 100)====
Is IST_0 spanning? : True
Is IST_1 spanning? : True
Is IST_2 spanning? : True
Is IST_3 spanning? : True
Is IST_4 spanning? : True
Is IST_5 spanning? : True
Are all ISTs independent? : True

====TEST CR(333, 50, 100)====
Is IST_0 spanning? : True
Is IST_1 spanning? : True
Is IST_2 spanning? : True
Is IST_3 spanning? : True
Is IST_4 spanning? : True
Is IST_5 spanning? : True
Are all ISTs independent? : True

====TEST CR(334, 50, 100)====
Is IST_0 spanning? : True
Is IST_1 spanning? : True
Is IST_2 spanning? : True
Is IST_3 spanning? : True
Is IST_4 spanning? : True
Is IST_5 spanning? : True
Are all ISTs independent? : True

====TEST CR(335, 50, 100)====
Is IST_0 spanning? : True
Is IST_1 spanning? : True
Is IST_2 spanning? : True
Is IST_3 spanning? : True
Is IST_4 spanning? : True
Is IST_5 spanning? : True
Are all ISTs independent? : True

====TEST CR(336, 50, 100)====
Is IST_0 spanning? : True
Is IST_1 spanning? : True
Is IST_2 spanning? : True
Is IST_3 spanning? : True
Is IST_4 spanning? : True
Is IST_5 spanning? : True
Are all ISTs independent? : True

====TEST CR(337, 50, 100)====
Is IST_0 spanning? : True
Is IST_1 spanning? : True
Is IST_2 spanning? : True
Is IST_3 spanning? : True
Is IST_4 spanning? : True
Is IST_5 spanning? : True
Are all ISTs independent? : True

====TEST CR(338, 50, 100)====
Is IST_0 spanning? : True
Is IST_1 spanning? : True
Is IST_2 spanning? : True
Is IST_3 spanning? : True
Is IST_4 spanning? : True
Is IST_5 spanning? : True
Are all ISTs independent? : True

====TEST CR(339, 50, 100)====
Is IST_0 spanning? : True
Is IST_1 spanning? : True
Is IST_2 spanning? : True
Is IST_3 spanning? : True
Is IST_4 spanning? : True
Is IST_5 spanning? : True
Are all ISTs independent? : True

====TEST CR(340, 50, 100)====
Is IST_0 spanning? : True
Is IST_1 spanning? : True
Is IST_2 spanning? : True
Is IST_3 spanning? : True
Is IST_4 spanning? : True
Is IST_5 spanning? : True
Are all ISTs independent? : True

====TEST CR(341, 50, 100)====
Is IST_0 spanning? : True
Is IST_1 spanning? : True
Is IST_2 spanning? : True
Is IST_3 spanning? : True
Is IST_4 spanning? : True
Is IST_5 spanning? : True
Are all ISTs independent? : True

====TEST CR(342, 50, 100)====
Is IST_0 spanning? : True
Is IST_1 spanning? : True
Is IST_2 spanning? : True
Is IST_3 spanning? : True
Is IST_4 spanning? : True
Is IST_5 spanning? : True
Are all ISTs independent? : True

====TEST CR(343, 50, 100)====
Is IST_0 spanning? : True
Is IST_1 spanning? : True
Is IST_2 spanning? : True
Is IST_3 spanning? : True
Is IST_4 spanning? : True
Is IST_5 spanning? : True
Are all ISTs independent? : True

====TEST CR(344, 50, 100)====
Is IST_0 spanning? : True
Is IST_1 spanning? : True
Is IST_2 spanning? : True
Is IST_3 spanning? : True
Is IST_4 spanning? : True
Is IST_5 spanning? : True
Are all ISTs independent? : True

====TEST CR(345, 50, 100)====
Is IST_0 spanning? : True
Is IST_1 spanning? : True
Is IST_2 spanning? : True
Is IST_3 spanning? : True
Is IST_4 spanning? : True
Is IST_5 spanning? : True
Are all ISTs independent? : True

====TEST CR(346, 50, 100)====
Is IST_0 spanning? : True
Is IST_1 spanning? : True
Is IST_2 spanning? : True
Is IST_3 spanning? : True
Is IST_4 spanning? : True
Is IST_5 spanning? : True
Are all ISTs independent? : True

====TEST CR(347, 50, 100)====
Is IST_0 spanning? : True
Is IST_1 spanning? : True
Is IST_2 spanning? : True
Is IST_3 spanning? : True
Is IST_4 spanning? : True
Is IST_5 spanning? : True
Are all ISTs independent? : True

====TEST CR(348, 50, 100)====
Is IST_0 spanning? : True
Is IST_1 spanning? : True
Is IST_2 spanning? : True
Is IST_3 spanning? : True
Is IST_4 spanning? : True
Is IST_5 spanning? : True
Are all ISTs independent? : True

====TEST CR(349, 50, 100)====
Is IST_0 spanning? : True
Is IST_1 spanning? : True
Is IST_2 spanning? : True
Is IST_3 spanning? : True
Is IST_4 spanning? : True
Is IST_5 spanning? : True
Are all ISTs independent? : True

====TEST CR(350, 50, 100)====
Is IST_0 spanning? : True
Is IST_1 spanning? : True
Is IST_2 spanning? : True
Is IST_3 spanning? : True
Is IST_4 spanning? : True
Is IST_5 spanning? : True
Are all ISTs independent? : True

====TEST CR(351, 50, 100)====
Is IST_0 spanning? : True
Is IST_1 spanning? : True
Is IST_2 spanning? : True
Is IST_3 spanning? : True
Is IST_4 spanning? : True
Is IST_5 spanning? : True
Are all ISTs independent? : True

====TEST CR(352, 50, 100)====
Is IST_0 spanning? : True
Is IST_1 spanning? : True
Is IST_2 spanning? : True
Is IST_3 spanning? : True
Is IST_4 spanning? : True
Is IST_5 spanning? : True
Are all ISTs independent? : True

====TEST CR(353, 50, 100)====
Is IST_0 spanning? : True
Is IST_1 spanning? : True
Is IST_2 spanning? : True
Is IST_3 spanning? : True
Is IST_4 spanning? : True
Is IST_5 spanning? : True
Are all ISTs independent? : True

====TEST CR(354, 50, 100)====
Is IST_0 spanning? : True
Is IST_1 spanning? : True
Is IST_2 spanning? : True
Is IST_3 spanning? : True
Is IST_4 spanning? : True
Is IST_5 spanning? : True
Are all ISTs independent? : True

====TEST CR(355, 50, 100)====
Is IST_0 spanning? : True
Is IST_1 spanning? : True
Is IST_2 spanning? : True
Is IST_3 spanning? : True
Is IST_4 spanning? : True
Is IST_5 spanning? : True
Are all ISTs independent? : True

====TEST CR(356, 50, 100)====
Is IST_0 spanning? : True
Is IST_1 spanning? : True
Is IST_2 spanning? : True
Is IST_3 spanning? : True
Is IST_4 spanning? : True
Is IST_5 spanning? : True
Are all ISTs independent? : True

====TEST CR(357, 50, 100)====
Is IST_0 spanning? : True
Is IST_1 spanning? : True
Is IST_2 spanning? : True
Is IST_3 spanning? : True
Is IST_4 spanning? : True
Is IST_5 spanning? : True
Are all ISTs independent? : True

====TEST CR(358, 50, 100)====
Is IST_0 spanning? : True
Is IST_1 spanning? : True
Is IST_2 spanning? : True
Is IST_3 spanning? : True
Is IST_4 spanning? : True
Is IST_5 spanning? : True
Are all ISTs independent? : True

====TEST CR(359, 50, 100)====
Is IST_0 spanning? : True
Is IST_1 spanning? : True
Is IST_2 spanning? : True
Is IST_3 spanning? : True
Is IST_4 spanning? : True
Is IST_5 spanning? : True
Are all ISTs independent? : True

====TEST CR(360, 50, 100)====
Is IST_0 spanning? : True
Is IST_1 spanning? : True
Is IST_2 spanning? : True
Is IST_3 spanning? : True
Is IST_4 spanning? : True
Is IST_5 spanning? : True
Are all ISTs independent? : True

====TEST CR(361, 50, 100)====
Is IST_0 spanning? : True
Is IST_1 spanning? : True
Is IST_2 spanning? : True
Is IST_3 spanning? : True
Is IST_4 spanning? : True
Is IST_5 spanning? : True
Are all ISTs independent? : True

====TEST CR(362, 50, 100)====
Is IST_0 spanning? : True
Is IST_1 spanning? : True
Is IST_2 spanning? : True
Is IST_3 spanning? : True
Is IST_4 spanning? : True
Is IST_5 spanning? : True
Are all ISTs independent? : True

====TEST CR(363, 50, 100)====
Is IST_0 spanning? : True
Is IST_1 spanning? : True
Is IST_2 spanning? : True
Is IST_3 spanning? : True
Is IST_4 spanning? : True
Is IST_5 spanning? : True
Are all ISTs independent? : True

====TEST CR(364, 50, 100)====
Is IST_0 spanning? : True
Is IST_1 spanning? : True
Is IST_2 spanning? : True
Is IST_3 spanning? : True
Is IST_4 spanning? : True
Is IST_5 spanning? : True
Are all ISTs independent? : True

====TEST CR(365, 50, 100)====
Is IST_0 spanning? : True
Is IST_1 spanning? : True
Is IST_2 spanning? : True
Is IST_3 spanning? : True
Is IST_4 spanning? : True
Is IST_5 spanning? : True
Are all ISTs independent? : True

====TEST CR(366, 50, 100)====
Is IST_0 spanning? : True
Is IST_1 spanning? : True
Is IST_2 spanning? : True
Is IST_3 spanning? : True
Is IST_4 spanning? : True
Is IST_5 spanning? : True
Are all ISTs independent? : True

====TEST CR(367, 50, 100)====
Is IST_0 spanning? : True
Is IST_1 spanning? : True
Is IST_2 spanning? : True
Is IST_3 spanning? : True
Is IST_4 spanning? : True
Is IST_5 spanning? : True
Are all ISTs independent? : True

====TEST CR(368, 50, 100)====
Is IST_0 spanning? : True
Is IST_1 spanning? : True
Is IST_2 spanning? : True
Is IST_3 spanning? : True
Is IST_4 spanning? : True
Is IST_5 spanning? : True
Are all ISTs independent? : True

====TEST CR(369, 50, 100)====
Is IST_0 spanning? : True
Is IST_1 spanning? : True
Is IST_2 spanning? : True
Is IST_3 spanning? : True
Is IST_4 spanning? : True
Is IST_5 spanning? : True
Are all ISTs independent? : True

====TEST CR(370, 50, 100)====
Is IST_0 spanning? : True
Is IST_1 spanning? : True
Is IST_2 spanning? : True
Is IST_3 spanning? : True
Is IST_4 spanning? : True
Is IST_5 spanning? : True
Are all ISTs independent? : True

====TEST CR(371, 50, 100)====
Is IST_0 spanning? : True
Is IST_1 spanning? : True
Is IST_2 spanning? : True
Is IST_3 spanning? : True
Is IST_4 spanning? : True
Is IST_5 spanning? : True
Are all ISTs independent? : True

====TEST CR(372, 50, 100)====
Is IST_0 spanning? : True
Is IST_1 spanning? : True
Is IST_2 spanning? : True
Is IST_3 spanning? : True
Is IST_4 spanning? : True
Is IST_5 spanning? : True
Are all ISTs independent? : True

====TEST CR(373, 50, 100)====
Is IST_0 spanning? : True
Is IST_1 spanning? : True
Is IST_2 spanning? : True
Is IST_3 spanning? : True
Is IST_4 spanning? : True
Is IST_5 spanning? : True
Are all ISTs independent? : True

====TEST CR(374, 50, 100)====
Is IST_0 spanning? : True
Is IST_1 spanning? : True
Is IST_2 spanning? : True
Is IST_3 spanning? : True
Is IST_4 spanning? : True
Is IST_5 spanning? : True
Are all ISTs independent? : True

====TEST CR(375, 50, 100)====
Is IST_0 spanning? : True
Is IST_1 spanning? : True
Is IST_2 spanning? : True
Is IST_3 spanning? : True
Is IST_4 spanning? : True
Is IST_5 spanning? : True
Are all ISTs independent? : True

====TEST CR(376, 50, 100)====
Is IST_0 spanning? : True
Is IST_1 spanning? : True
Is IST_2 spanning? : True
Is IST_3 spanning? : True
Is IST_4 spanning? : True
Is IST_5 spanning? : True
Are all ISTs independent? : True

====TEST CR(377, 50, 100)====
Is IST_0 spanning? : True
Is IST_1 spanning? : True
Is IST_2 spanning? : True
Is IST_3 spanning? : True
Is IST_4 spanning? : True
Is IST_5 spanning? : True
Are all ISTs independent? : True

====TEST CR(378, 50, 100)====
Is IST_0 spanning? : True
Is IST_1 spanning? : True
Is IST_2 spanning? : True
Is IST_3 spanning? : True
Is IST_4 spanning? : True
Is IST_5 spanning? : True
Are all ISTs independent? : True

====TEST CR(379, 50, 100)====
Is IST_0 spanning? : True
Is IST_1 spanning? : True
Is IST_2 spanning? : True
Is IST_3 spanning? : True
Is IST_4 spanning? : True
Is IST_5 spanning? : True
Are all ISTs independent? : True

====TEST CR(380, 50, 100)====
Is IST_0 spanning? : True
Is IST_1 spanning? : True
Is IST_2 spanning? : True
Is IST_3 spanning? : True
Is IST_4 spanning? : True
Is IST_5 spanning? : True
Are all ISTs independent? : True

====TEST CR(381, 50, 100)====
Is IST_0 spanning? : True
Is IST_1 spanning? : True
Is IST_2 spanning? : True
Is IST_3 spanning? : True
Is IST_4 spanning? : True
Is IST_5 spanning? : True
Are all ISTs independent? : True

====TEST CR(382, 50, 100)====
Is IST_0 spanning? : True
Is IST_1 spanning? : True
Is IST_2 spanning? : True
Is IST_3 spanning? : True
Is IST_4 spanning? : True
Is IST_5 spanning? : True
Are all ISTs independent? : True

====TEST CR(383, 50, 100)====
Is IST_0 spanning? : True
Is IST_1 spanning? : True
Is IST_2 spanning? : True
Is IST_3 spanning? : True
Is IST_4 spanning? : True
Is IST_5 spanning? : True
Are all ISTs independent? : True

====TEST CR(384, 50, 100)====
Is IST_0 spanning? : True
Is IST_1 spanning? : True
Is IST_2 spanning? : True
Is IST_3 spanning? : True
Is IST_4 spanning? : True
Is IST_5 spanning? : True
Are all ISTs independent? : True

====TEST CR(385, 50, 100)====
Is IST_0 spanning? : True
Is IST_1 spanning? : True
Is IST_2 spanning? : True
Is IST_3 spanning? : True
Is IST_4 spanning? : True
Is IST_5 spanning? : True
Are all ISTs independent? : True

====TEST CR(386, 50, 100)====
Is IST_0 spanning? : True
Is IST_1 spanning? : True
Is IST_2 spanning? : True
Is IST_3 spanning? : True
Is IST_4 spanning? : True
Is IST_5 spanning? : True
Are all ISTs independent? : True

====TEST CR(387, 50, 100)====
Is IST_0 spanning? : True
Is IST_1 spanning? : True
Is IST_2 spanning? : True
Is IST_3 spanning? : True
Is IST_4 spanning? : True
Is IST_5 spanning? : True
Are all ISTs independent? : True

====TEST CR(388, 50, 100)====
Is IST_0 spanning? : True
Is IST_1 spanning? : True
Is IST_2 spanning? : True
Is IST_3 spanning? : True
Is IST_4 spanning? : True
Is IST_5 spanning? : True
Are all ISTs independent? : True

====TEST CR(389, 50, 100)====
Is IST_0 spanning? : True
Is IST_1 spanning? : True
Is IST_2 spanning? : True
Is IST_3 spanning? : True
Is IST_4 spanning? : True
Is IST_5 spanning? : True
Are all ISTs independent? : True

====TEST CR(390, 50, 100)====
Is IST_0 spanning? : True
Is IST_1 spanning? : True
Is IST_2 spanning? : True
Is IST_3 spanning? : True
Is IST_4 spanning? : True
Is IST_5 spanning? : True
Are all ISTs independent? : True

====TEST CR(391, 50, 100)====
Is IST_0 spanning? : True
Is IST_1 spanning? : True
Is IST_2 spanning? : True
Is IST_3 spanning? : True
Is IST_4 spanning? : True
Is IST_5 spanning? : True
Are all ISTs independent? : True

====TEST CR(392, 50, 100)====
Is IST_0 spanning? : True
Is IST_1 spanning? : True
Is IST_2 spanning? : True
Is IST_3 spanning? : True
Is IST_4 spanning? : True
Is IST_5 spanning? : True
Are all ISTs independent? : True

====TEST CR(393, 50, 100)====
Is IST_0 spanning? : True
Is IST_1 spanning? : True
Is IST_2 spanning? : True
Is IST_3 spanning? : True
Is IST_4 spanning? : True
Is IST_5 spanning? : True
Are all ISTs independent? : True

====TEST CR(394, 50, 100)====
Is IST_0 spanning? : True
Is IST_1 spanning? : True
Is IST_2 spanning? : True
Is IST_3 spanning? : True
Is IST_4 spanning? : True
Is IST_5 spanning? : True
Are all ISTs independent? : True

====TEST CR(395, 50, 100)====
Is IST_0 spanning? : True
Is IST_1 spanning? : True
Is IST_2 spanning? : True
Is IST_3 spanning? : True
Is IST_4 spanning? : True
Is IST_5 spanning? : True
Are all ISTs independent? : True

====TEST CR(396, 50, 100)====
Is IST_0 spanning? : True
Is IST_1 spanning? : True
Is IST_2 spanning? : True
Is IST_3 spanning? : True
Is IST_4 spanning? : True
Is IST_5 spanning? : True
Are all ISTs independent? : True

====TEST CR(397, 50, 100)====
Is IST_0 spanning? : True
Is IST_1 spanning? : True
Is IST_2 spanning? : True
Is IST_3 spanning? : True
Is IST_4 spanning? : True
Is IST_5 spanning? : True
Are all ISTs independent? : True

====TEST CR(398, 50, 100)====
Is IST_0 spanning? : True
Is IST_1 spanning? : True
Is IST_2 spanning? : True
Is IST_3 spanning? : True
Is IST_4 spanning? : True
Is IST_5 spanning? : True
Are all ISTs independent? : True

====TEST CR(399, 50, 100)====
Is IST_0 spanning? : True
Is IST_1 spanning? : True
Is IST_2 spanning? : True
Is IST_3 spanning? : True
Is IST_4 spanning? : True
Is IST_5 spanning? : True
Are all ISTs independent? : True

====TEST CR(400, 50, 100)====
Is IST_0 spanning? : True
Is IST_1 spanning? : True
Is IST_2 spanning? : True
Is IST_3 spanning? : True
Is IST_4 spanning? : True
Is IST_5 spanning? : True
Are all ISTs independent? : True

====TEST CR(401, 50, 100)====
Is IST_0 spanning? : True
Is IST_1 spanning? : True
Is IST_2 spanning? : True
Is IST_3 spanning? : True
Is IST_4 spanning? : True
Is IST_5 spanning? : True
Are all ISTs independent? : True

====TEST CR(402, 50, 100)====
Is IST_0 spanning? : True
Is IST_1 spanning? : True
Is IST_2 spanning? : True
Is IST_3 spanning? : True
Is IST_4 spanning? : True
Is IST_5 spanning? : True
Are all ISTs independent? : True

====TEST CR(403, 50, 100)====
Is IST_0 spanning? : True
Is IST_1 spanning? : True
Is IST_2 spanning? : True
Is IST_3 spanning? : True
Is IST_4 spanning? : True
Is IST_5 spanning? : True
Are all ISTs independent? : True

====TEST CR(404, 50, 100)====
Is IST_0 spanning? : True
Is IST_1 spanning? : True
Is IST_2 spanning? : True
Is IST_3 spanning? : True
Is IST_4 spanning? : True
Is IST_5 spanning? : True
Are all ISTs independent? : True

====TEST CR(405, 50, 100)====
Is IST_0 spanning? : True
Is IST_1 spanning? : True
Is IST_2 spanning? : True
Is IST_3 spanning? : True
Is IST_4 spanning? : True
Is IST_5 spanning? : True
Are all ISTs independent? : True

====TEST CR(406, 50, 100)====
Is IST_0 spanning? : True
Is IST_1 spanning? : True
Is IST_2 spanning? : True
Is IST_3 spanning? : True
Is IST_4 spanning? : True
Is IST_5 spanning? : True
Are all ISTs independent? : True

====TEST CR(407, 50, 100)====
Is IST_0 spanning? : True
Is IST_1 spanning? : True
Is IST_2 spanning? : True
Is IST_3 spanning? : True
Is IST_4 spanning? : True
Is IST_5 spanning? : True
Are all ISTs independent? : True

====TEST CR(408, 50, 100)====
Is IST_0 spanning? : True
Is IST_1 spanning? : True
Is IST_2 spanning? : True
Is IST_3 spanning? : True
Is IST_4 spanning? : True
Is IST_5 spanning? : True
Are all ISTs independent? : True

====TEST CR(409, 50, 100)====
Is IST_0 spanning? : True
Is IST_1 spanning? : True
Is IST_2 spanning? : True
Is IST_3 spanning? : True
Is IST_4 spanning? : True
Is IST_5 spanning? : True
Are all ISTs independent? : True

====TEST CR(410, 50, 100)====
Is IST_0 spanning? : True
Is IST_1 spanning? : True
Is IST_2 spanning? : True
Is IST_3 spanning? : True
Is IST_4 spanning? : True
Is IST_5 spanning? : True
Are all ISTs independent? : True

====TEST CR(411, 50, 100)====
Is IST_0 spanning? : True
Is IST_1 spanning? : True
Is IST_2 spanning? : True
Is IST_3 spanning? : True
Is IST_4 spanning? : True
Is IST_5 spanning? : True
Are all ISTs independent? : True

====TEST CR(412, 50, 100)====
Is IST_0 spanning? : True
Is IST_1 spanning? : True
Is IST_2 spanning? : True
Is IST_3 spanning? : True
Is IST_4 spanning? : True
Is IST_5 spanning? : True
Are all ISTs independent? : True

====TEST CR(413, 50, 100)====
Is IST_0 spanning? : True
Is IST_1 spanning? : True
Is IST_2 spanning? : True
Is IST_3 spanning? : True
Is IST_4 spanning? : True
Is IST_5 spanning? : True
Are all ISTs independent? : True

====TEST CR(414, 50, 100)====
Is IST_0 spanning? : True
Is IST_1 spanning? : True
Is IST_2 spanning? : True
Is IST_3 spanning? : True
Is IST_4 spanning? : True
Is IST_5 spanning? : True
Are all ISTs independent? : True

====TEST CR(415, 50, 100)====
Is IST_0 spanning? : True
Is IST_1 spanning? : True
Is IST_2 spanning? : True
Is IST_3 spanning? : True
Is IST_4 spanning? : True
Is IST_5 spanning? : True
Are all ISTs independent? : True

====TEST CR(416, 50, 100)====
Is IST_0 spanning? : True
Is IST_1 spanning? : True
Is IST_2 spanning? : True
Is IST_3 spanning? : True
Is IST_4 spanning? : True
Is IST_5 spanning? : True
Are all ISTs independent? : True

====TEST CR(417, 50, 100)====
Is IST_0 spanning? : True
Is IST_1 spanning? : True
Is IST_2 spanning? : True
Is IST_3 spanning? : True
Is IST_4 spanning? : True
Is IST_5 spanning? : True
Are all ISTs independent? : True

====TEST CR(418, 50, 100)====
Is IST_0 spanning? : True
Is IST_1 spanning? : True
Is IST_2 spanning? : True
Is IST_3 spanning? : True
Is IST_4 spanning? : True
Is IST_5 spanning? : True
Are all ISTs independent? : True

====TEST CR(419, 50, 100)====
Is IST_0 spanning? : True
Is IST_1 spanning? : True
Is IST_2 spanning? : True
Is IST_3 spanning? : True
Is IST_4 spanning? : True
Is IST_5 spanning? : True
Are all ISTs independent? : True

====TEST CR(420, 50, 100)====
Is IST_0 spanning? : True
Is IST_1 spanning? : True
Is IST_2 spanning? : True
Is IST_3 spanning? : True
Is IST_4 spanning? : True
Is IST_5 spanning? : True
Are all ISTs independent? : True

====TEST CR(421, 50, 100)====
Is IST_0 spanning? : True
Is IST_1 spanning? : True
Is IST_2 spanning? : True
Is IST_3 spanning? : True
Is IST_4 spanning? : True
Is IST_5 spanning? : True
Are all ISTs independent? : True

====TEST CR(422, 50, 100)====
Is IST_0 spanning? : True
Is IST_1 spanning? : True
Is IST_2 spanning? : True
Is IST_3 spanning? : True
Is IST_4 spanning? : True
Is IST_5 spanning? : True
Are all ISTs independent? : True

====TEST CR(423, 50, 100)====
Is IST_0 spanning? : True
Is IST_1 spanning? : True
Is IST_2 spanning? : True
Is IST_3 spanning? : True
Is IST_4 spanning? : True
Is IST_5 spanning? : True
Are all ISTs independent? : True

====TEST CR(424, 50, 100)====
Is IST_0 spanning? : True
Is IST_1 spanning? : True
Is IST_2 spanning? : True
Is IST_3 spanning? : True
Is IST_4 spanning? : True
Is IST_5 spanning? : True
Are all ISTs independent? : True

====TEST CR(425, 50, 100)====
Is IST_0 spanning? : True
Is IST_1 spanning? : True
Is IST_2 spanning? : True
Is IST_3 spanning? : True
Is IST_4 spanning? : True
Is IST_5 spanning? : True
Are all ISTs independent? : True

====TEST CR(426, 50, 100)====
Is IST_0 spanning? : True
Is IST_1 spanning? : True
Is IST_2 spanning? : True
Is IST_3 spanning? : True
Is IST_4 spanning? : True
Is IST_5 spanning? : True
Are all ISTs independent? : True

====TEST CR(427, 50, 100)====
Is IST_0 spanning? : True
Is IST_1 spanning? : True
Is IST_2 spanning? : True
Is IST_3 spanning? : True
Is IST_4 spanning? : True
Is IST_5 spanning? : True
Are all ISTs independent? : True

====TEST CR(428, 50, 100)====
Is IST_0 spanning? : True
Is IST_1 spanning? : True
Is IST_2 spanning? : True
Is IST_3 spanning? : True
Is IST_4 spanning? : True
Is IST_5 spanning? : True
Are all ISTs independent? : True

====TEST CR(306, 51, 102)====
Is IST_0 spanning? : True
Is IST_1 spanning? : True
Is IST_2 spanning? : True
Is IST_3 spanning? : True
Is IST_4 spanning? : True
Is IST_5 spanning? : True
Are all ISTs independent? : True

====TEST CR(307, 51, 102)====
Is IST_0 spanning? : True
Is IST_1 spanning? : True
Is IST_2 spanning? : True
Is IST_3 spanning? : True
Is IST_4 spanning? : True
Is IST_5 spanning? : True
Are all ISTs independent? : True

====TEST CR(308, 51, 102)====
Is IST_0 spanning? : True
Is IST_1 spanning? : True
Is IST_2 spanning? : True
Is IST_3 spanning? : True
Is IST_4 spanning? : True
Is IST_5 spanning? : True
Are all ISTs independent? : True

====TEST CR(309, 51, 102)====
Is IST_0 spanning? : True
Is IST_1 spanning? : True
Is IST_2 spanning? : True
Is IST_3 spanning? : True
Is IST_4 spanning? : True
Is IST_5 spanning? : True
Are all ISTs independent? : True

====TEST CR(310, 51, 102)====
Is IST_0 spanning? : True
Is IST_1 spanning? : True
Is IST_2 spanning? : True
Is IST_3 spanning? : True
Is IST_4 spanning? : True
Is IST_5 spanning? : True
Are all ISTs independent? : True

====TEST CR(311, 51, 102)====
Is IST_0 spanning? : True
Is IST_1 spanning? : True
Is IST_2 spanning? : True
Is IST_3 spanning? : True
Is IST_4 spanning? : True
Is IST_5 spanning? : True
Are all ISTs independent? : True

====TEST CR(312, 51, 102)====
Is IST_0 spanning? : True
Is IST_1 spanning? : True
Is IST_2 spanning? : True
Is IST_3 spanning? : True
Is IST_4 spanning? : True
Is IST_5 spanning? : True
Are all ISTs independent? : True

====TEST CR(313, 51, 102)====
Is IST_0 spanning? : True
Is IST_1 spanning? : True
Is IST_2 spanning? : True
Is IST_3 spanning? : True
Is IST_4 spanning? : True
Is IST_5 spanning? : True
Are all ISTs independent? : True

====TEST CR(314, 51, 102)====
Is IST_0 spanning? : True
Is IST_1 spanning? : True
Is IST_2 spanning? : True
Is IST_3 spanning? : True
Is IST_4 spanning? : True
Is IST_5 spanning? : True
Are all ISTs independent? : True

====TEST CR(315, 51, 102)====
Is IST_0 spanning? : True
Is IST_1 spanning? : True
Is IST_2 spanning? : True
Is IST_3 spanning? : True
Is IST_4 spanning? : True
Is IST_5 spanning? : True
Are all ISTs independent? : True

====TEST CR(316, 51, 102)====
Is IST_0 spanning? : True
Is IST_1 spanning? : True
Is IST_2 spanning? : True
Is IST_3 spanning? : True
Is IST_4 spanning? : True
Is IST_5 spanning? : True
Are all ISTs independent? : True

====TEST CR(317, 51, 102)====
Is IST_0 spanning? : True
Is IST_1 spanning? : True
Is IST_2 spanning? : True
Is IST_3 spanning? : True
Is IST_4 spanning? : True
Is IST_5 spanning? : True
Are all ISTs independent? : True

====TEST CR(318, 51, 102)====
Is IST_0 spanning? : True
Is IST_1 spanning? : True
Is IST_2 spanning? : True
Is IST_3 spanning? : True
Is IST_4 spanning? : True
Is IST_5 spanning? : True
Are all ISTs independent? : True

====TEST CR(319, 51, 102)====
Is IST_0 spanning? : True
Is IST_1 spanning? : True
Is IST_2 spanning? : True
Is IST_3 spanning? : True
Is IST_4 spanning? : True
Is IST_5 spanning? : True
Are all ISTs independent? : True

====TEST CR(320, 51, 102)====
Is IST_0 spanning? : True
Is IST_1 spanning? : True
Is IST_2 spanning? : True
Is IST_3 spanning? : True
Is IST_4 spanning? : True
Is IST_5 spanning? : True
Are all ISTs independent? : True

====TEST CR(321, 51, 102)====
Is IST_0 spanning? : True
Is IST_1 spanning? : True
Is IST_2 spanning? : True
Is IST_3 spanning? : True
Is IST_4 spanning? : True
Is IST_5 spanning? : True
Are all ISTs independent? : True

====TEST CR(322, 51, 102)====
Is IST_0 spanning? : True
Is IST_1 spanning? : True
Is IST_2 spanning? : True
Is IST_3 spanning? : True
Is IST_4 spanning? : True
Is IST_5 spanning? : True
Are all ISTs independent? : True

====TEST CR(323, 51, 102)====
Is IST_0 spanning? : True
Is IST_1 spanning? : True
Is IST_2 spanning? : True
Is IST_3 spanning? : True
Is IST_4 spanning? : True
Is IST_5 spanning? : True
Are all ISTs independent? : True

====TEST CR(324, 51, 102)====
Is IST_0 spanning? : True
Is IST_1 spanning? : True
Is IST_2 spanning? : True
Is IST_3 spanning? : True
Is IST_4 spanning? : True
Is IST_5 spanning? : True
Are all ISTs independent? : True

====TEST CR(325, 51, 102)====
Is IST_0 spanning? : True
Is IST_1 spanning? : True
Is IST_2 spanning? : True
Is IST_3 spanning? : True
Is IST_4 spanning? : True
Is IST_5 spanning? : True
Are all ISTs independent? : True

====TEST CR(326, 51, 102)====
Is IST_0 spanning? : True
Is IST_1 spanning? : True
Is IST_2 spanning? : True
Is IST_3 spanning? : True
Is IST_4 spanning? : True
Is IST_5 spanning? : True
Are all ISTs independent? : True

====TEST CR(327, 51, 102)====
Is IST_0 spanning? : True
Is IST_1 spanning? : True
Is IST_2 spanning? : True
Is IST_3 spanning? : True
Is IST_4 spanning? : True
Is IST_5 spanning? : True
Are all ISTs independent? : True

====TEST CR(328, 51, 102)====
Is IST_0 spanning? : True
Is IST_1 spanning? : True
Is IST_2 spanning? : True
Is IST_3 spanning? : True
Is IST_4 spanning? : True
Is IST_5 spanning? : True
Are all ISTs independent? : True

====TEST CR(329, 51, 102)====
Is IST_0 spanning? : True
Is IST_1 spanning? : True
Is IST_2 spanning? : True
Is IST_3 spanning? : True
Is IST_4 spanning? : True
Is IST_5 spanning? : True
Are all ISTs independent? : True

====TEST CR(330, 51, 102)====
Is IST_0 spanning? : True
Is IST_1 spanning? : True
Is IST_2 spanning? : True
Is IST_3 spanning? : True
Is IST_4 spanning? : True
Is IST_5 spanning? : True
Are all ISTs independent? : True

====TEST CR(331, 51, 102)====
Is IST_0 spanning? : True
Is IST_1 spanning? : True
Is IST_2 spanning? : True
Is IST_3 spanning? : True
Is IST_4 spanning? : True
Is IST_5 spanning? : True
Are all ISTs independent? : True

====TEST CR(332, 51, 102)====
Is IST_0 spanning? : True
Is IST_1 spanning? : True
Is IST_2 spanning? : True
Is IST_3 spanning? : True
Is IST_4 spanning? : True
Is IST_5 spanning? : True
Are all ISTs independent? : True

====TEST CR(333, 51, 102)====
Is IST_0 spanning? : True
Is IST_1 spanning? : True
Is IST_2 spanning? : True
Is IST_3 spanning? : True
Is IST_4 spanning? : True
Is IST_5 spanning? : True
Are all ISTs independent? : True

====TEST CR(334, 51, 102)====
Is IST_0 spanning? : True
Is IST_1 spanning? : True
Is IST_2 spanning? : True
Is IST_3 spanning? : True
Is IST_4 spanning? : True
Is IST_5 spanning? : True
Are all ISTs independent? : True

====TEST CR(335, 51, 102)====
Is IST_0 spanning? : True
Is IST_1 spanning? : True
Is IST_2 spanning? : True
Is IST_3 spanning? : True
Is IST_4 spanning? : True
Is IST_5 spanning? : True
Are all ISTs independent? : True

====TEST CR(336, 51, 102)====
Is IST_0 spanning? : True
Is IST_1 spanning? : True
Is IST_2 spanning? : True
Is IST_3 spanning? : True
Is IST_4 spanning? : True
Is IST_5 spanning? : True
Are all ISTs independent? : True

====TEST CR(337, 51, 102)====
Is IST_0 spanning? : True
Is IST_1 spanning? : True
Is IST_2 spanning? : True
Is IST_3 spanning? : True
Is IST_4 spanning? : True
Is IST_5 spanning? : True
Are all ISTs independent? : True

====TEST CR(338, 51, 102)====
Is IST_0 spanning? : True
Is IST_1 spanning? : True
Is IST_2 spanning? : True
Is IST_3 spanning? : True
Is IST_4 spanning? : True
Is IST_5 spanning? : True
Are all ISTs independent? : True

====TEST CR(339, 51, 102)====
Is IST_0 spanning? : True
Is IST_1 spanning? : True
Is IST_2 spanning? : True
Is IST_3 spanning? : True
Is IST_4 spanning? : True
Is IST_5 spanning? : True
Are all ISTs independent? : True

====TEST CR(340, 51, 102)====
Is IST_0 spanning? : True
Is IST_1 spanning? : True
Is IST_2 spanning? : True
Is IST_3 spanning? : True
Is IST_4 spanning? : True
Is IST_5 spanning? : True
Are all ISTs independent? : True

====TEST CR(341, 51, 102)====
Is IST_0 spanning? : True
Is IST_1 spanning? : True
Is IST_2 spanning? : True
Is IST_3 spanning? : True
Is IST_4 spanning? : True
Is IST_5 spanning? : True
Are all ISTs independent? : True

====TEST CR(342, 51, 102)====
Is IST_0 spanning? : True
Is IST_1 spanning? : True
Is IST_2 spanning? : True
Is IST_3 spanning? : True
Is IST_4 spanning? : True
Is IST_5 spanning? : True
Are all ISTs independent? : True

====TEST CR(343, 51, 102)====
Is IST_0 spanning? : True
Is IST_1 spanning? : True
Is IST_2 spanning? : True
Is IST_3 spanning? : True
Is IST_4 spanning? : True
Is IST_5 spanning? : True
Are all ISTs independent? : True

====TEST CR(344, 51, 102)====
Is IST_0 spanning? : True
Is IST_1 spanning? : True
Is IST_2 spanning? : True
Is IST_3 spanning? : True
Is IST_4 spanning? : True
Is IST_5 spanning? : True
Are all ISTs independent? : True

====TEST CR(345, 51, 102)====
Is IST_0 spanning? : True
Is IST_1 spanning? : True
Is IST_2 spanning? : True
Is IST_3 spanning? : True
Is IST_4 spanning? : True
Is IST_5 spanning? : True
Are all ISTs independent? : True

====TEST CR(346, 51, 102)====
Is IST_0 spanning? : True
Is IST_1 spanning? : True
Is IST_2 spanning? : True
Is IST_3 spanning? : True
Is IST_4 spanning? : True
Is IST_5 spanning? : True
Are all ISTs independent? : True

====TEST CR(347, 51, 102)====
Is IST_0 spanning? : True
Is IST_1 spanning? : True
Is IST_2 spanning? : True
Is IST_3 spanning? : True
Is IST_4 spanning? : True
Is IST_5 spanning? : True
Are all ISTs independent? : True

====TEST CR(348, 51, 102)====
Is IST_0 spanning? : True
Is IST_1 spanning? : True
Is IST_2 spanning? : True
Is IST_3 spanning? : True
Is IST_4 spanning? : True
Is IST_5 spanning? : True
Are all ISTs independent? : True

====TEST CR(349, 51, 102)====
Is IST_0 spanning? : True
Is IST_1 spanning? : True
Is IST_2 spanning? : True
Is IST_3 spanning? : True
Is IST_4 spanning? : True
Is IST_5 spanning? : True
Are all ISTs independent? : True

====TEST CR(350, 51, 102)====
Is IST_0 spanning? : True
Is IST_1 spanning? : True
Is IST_2 spanning? : True
Is IST_3 spanning? : True
Is IST_4 spanning? : True
Is IST_5 spanning? : True
Are all ISTs independent? : True

====TEST CR(351, 51, 102)====
Is IST_0 spanning? : True
Is IST_1 spanning? : True
Is IST_2 spanning? : True
Is IST_3 spanning? : True
Is IST_4 spanning? : True
Is IST_5 spanning? : True
Are all ISTs independent? : True

====TEST CR(352, 51, 102)====
Is IST_0 spanning? : True
Is IST_1 spanning? : True
Is IST_2 spanning? : True
Is IST_3 spanning? : True
Is IST_4 spanning? : True
Is IST_5 spanning? : True
Are all ISTs independent? : True

====TEST CR(353, 51, 102)====
Is IST_0 spanning? : True
Is IST_1 spanning? : True
Is IST_2 spanning? : True
Is IST_3 spanning? : True
Is IST_4 spanning? : True
Is IST_5 spanning? : True
Are all ISTs independent? : True

====TEST CR(354, 51, 102)====
Is IST_0 spanning? : True
Is IST_1 spanning? : True
Is IST_2 spanning? : True
Is IST_3 spanning? : True
Is IST_4 spanning? : True
Is IST_5 spanning? : True
Are all ISTs independent? : True

====TEST CR(355, 51, 102)====
Is IST_0 spanning? : True
Is IST_1 spanning? : True
Is IST_2 spanning? : True
Is IST_3 spanning? : True
Is IST_4 spanning? : True
Is IST_5 spanning? : True
Are all ISTs independent? : True

====TEST CR(356, 51, 102)====
Is IST_0 spanning? : True
Is IST_1 spanning? : True
Is IST_2 spanning? : True
Is IST_3 spanning? : True
Is IST_4 spanning? : True
Is IST_5 spanning? : True
Are all ISTs independent? : True

====TEST CR(357, 51, 102)====
Is IST_0 spanning? : True
Is IST_1 spanning? : True
Is IST_2 spanning? : True
Is IST_3 spanning? : True
Is IST_4 spanning? : True
Is IST_5 spanning? : True
Are all ISTs independent? : True

====TEST CR(358, 51, 102)====
Is IST_0 spanning? : True
Is IST_1 spanning? : True
Is IST_2 spanning? : True
Is IST_3 spanning? : True
Is IST_4 spanning? : True
Is IST_5 spanning? : True
Are all ISTs independent? : True

====TEST CR(359, 51, 102)====
Is IST_0 spanning? : True
Is IST_1 spanning? : True
Is IST_2 spanning? : True
Is IST_3 spanning? : True
Is IST_4 spanning? : True
Is IST_5 spanning? : True
Are all ISTs independent? : True

====TEST CR(360, 51, 102)====
Is IST_0 spanning? : True
Is IST_1 spanning? : True
Is IST_2 spanning? : True
Is IST_3 spanning? : True
Is IST_4 spanning? : True
Is IST_5 spanning? : True
Are all ISTs independent? : True

====TEST CR(361, 51, 102)====
Is IST_0 spanning? : True
Is IST_1 spanning? : True
Is IST_2 spanning? : True
Is IST_3 spanning? : True
Is IST_4 spanning? : True
Is IST_5 spanning? : True
Are all ISTs independent? : True

====TEST CR(362, 51, 102)====
Is IST_0 spanning? : True
Is IST_1 spanning? : True
Is IST_2 spanning? : True
Is IST_3 spanning? : True
Is IST_4 spanning? : True
Is IST_5 spanning? : True
Are all ISTs independent? : True

====TEST CR(363, 51, 102)====
Is IST_0 spanning? : True
Is IST_1 spanning? : True
Is IST_2 spanning? : True
Is IST_3 spanning? : True
Is IST_4 spanning? : True
Is IST_5 spanning? : True
Are all ISTs independent? : True

====TEST CR(364, 51, 102)====
Is IST_0 spanning? : True
Is IST_1 spanning? : True
Is IST_2 spanning? : True
Is IST_3 spanning? : True
Is IST_4 spanning? : True
Is IST_5 spanning? : True
Are all ISTs independent? : True

====TEST CR(365, 51, 102)====
Is IST_0 spanning? : True
Is IST_1 spanning? : True
Is IST_2 spanning? : True
Is IST_3 spanning? : True
Is IST_4 spanning? : True
Is IST_5 spanning? : True
Are all ISTs independent? : True

====TEST CR(366, 51, 102)====
Is IST_0 spanning? : True
Is IST_1 spanning? : True
Is IST_2 spanning? : True
Is IST_3 spanning? : True
Is IST_4 spanning? : True
Is IST_5 spanning? : True
Are all ISTs independent? : True

====TEST CR(367, 51, 102)====
Is IST_0 spanning? : True
Is IST_1 spanning? : True
Is IST_2 spanning? : True
Is IST_3 spanning? : True
Is IST_4 spanning? : True
Is IST_5 spanning? : True
Are all ISTs independent? : True

====TEST CR(368, 51, 102)====
Is IST_0 spanning? : True
Is IST_1 spanning? : True
Is IST_2 spanning? : True
Is IST_3 spanning? : True
Is IST_4 spanning? : True
Is IST_5 spanning? : True
Are all ISTs independent? : True

====TEST CR(369, 51, 102)====
Is IST_0 spanning? : True
Is IST_1 spanning? : True
Is IST_2 spanning? : True
Is IST_3 spanning? : True
Is IST_4 spanning? : True
Is IST_5 spanning? : True
Are all ISTs independent? : True

====TEST CR(370, 51, 102)====
Is IST_0 spanning? : True
Is IST_1 spanning? : True
Is IST_2 spanning? : True
Is IST_3 spanning? : True
Is IST_4 spanning? : True
Is IST_5 spanning? : True
Are all ISTs independent? : True

====TEST CR(371, 51, 102)====
Is IST_0 spanning? : True
Is IST_1 spanning? : True
Is IST_2 spanning? : True
Is IST_3 spanning? : True
Is IST_4 spanning? : True
Is IST_5 spanning? : True
Are all ISTs independent? : True

====TEST CR(372, 51, 102)====
Is IST_0 spanning? : True
Is IST_1 spanning? : True
Is IST_2 spanning? : True
Is IST_3 spanning? : True
Is IST_4 spanning? : True
Is IST_5 spanning? : True
Are all ISTs independent? : True

====TEST CR(373, 51, 102)====
Is IST_0 spanning? : True
Is IST_1 spanning? : True
Is IST_2 spanning? : True
Is IST_3 spanning? : True
Is IST_4 spanning? : True
Is IST_5 spanning? : True
Are all ISTs independent? : True

====TEST CR(374, 51, 102)====
Is IST_0 spanning? : True
Is IST_1 spanning? : True
Is IST_2 spanning? : True
Is IST_3 spanning? : True
Is IST_4 spanning? : True
Is IST_5 spanning? : True
Are all ISTs independent? : True

====TEST CR(375, 51, 102)====
Is IST_0 spanning? : True
Is IST_1 spanning? : True
Is IST_2 spanning? : True
Is IST_3 spanning? : True
Is IST_4 spanning? : True
Is IST_5 spanning? : True
Are all ISTs independent? : True

====TEST CR(376, 51, 102)====
Is IST_0 spanning? : True
Is IST_1 spanning? : True
Is IST_2 spanning? : True
Is IST_3 spanning? : True
Is IST_4 spanning? : True
Is IST_5 spanning? : True
Are all ISTs independent? : True

====TEST CR(377, 51, 102)====
Is IST_0 spanning? : True
Is IST_1 spanning? : True
Is IST_2 spanning? : True
Is IST_3 spanning? : True
Is IST_4 spanning? : True
Is IST_5 spanning? : True
Are all ISTs independent? : True

====TEST CR(378, 51, 102)====
Is IST_0 spanning? : True
Is IST_1 spanning? : True
Is IST_2 spanning? : True
Is IST_3 spanning? : True
Is IST_4 spanning? : True
Is IST_5 spanning? : True
Are all ISTs independent? : True

====TEST CR(379, 51, 102)====
Is IST_0 spanning? : True
Is IST_1 spanning? : True
Is IST_2 spanning? : True
Is IST_3 spanning? : True
Is IST_4 spanning? : True
Is IST_5 spanning? : True
Are all ISTs independent? : True

====TEST CR(380, 51, 102)====
Is IST_0 spanning? : True
Is IST_1 spanning? : True
Is IST_2 spanning? : True
Is IST_3 spanning? : True
Is IST_4 spanning? : True
Is IST_5 spanning? : True
Are all ISTs independent? : True

====TEST CR(381, 51, 102)====
Is IST_0 spanning? : True
Is IST_1 spanning? : True
Is IST_2 spanning? : True
Is IST_3 spanning? : True
Is IST_4 spanning? : True
Is IST_5 spanning? : True
Are all ISTs independent? : True

====TEST CR(382, 51, 102)====
Is IST_0 spanning? : True
Is IST_1 spanning? : True
Is IST_2 spanning? : True
Is IST_3 spanning? : True
Is IST_4 spanning? : True
Is IST_5 spanning? : True
Are all ISTs independent? : True

====TEST CR(383, 51, 102)====
Is IST_0 spanning? : True
Is IST_1 spanning? : True
Is IST_2 spanning? : True
Is IST_3 spanning? : True
Is IST_4 spanning? : True
Is IST_5 spanning? : True
Are all ISTs independent? : True

====TEST CR(384, 51, 102)====
Is IST_0 spanning? : True
Is IST_1 spanning? : True
Is IST_2 spanning? : True
Is IST_3 spanning? : True
Is IST_4 spanning? : True
Is IST_5 spanning? : True
Are all ISTs independent? : True

====TEST CR(385, 51, 102)====
Is IST_0 spanning? : True
Is IST_1 spanning? : True
Is IST_2 spanning? : True
Is IST_3 spanning? : True
Is IST_4 spanning? : True
Is IST_5 spanning? : True
Are all ISTs independent? : True

====TEST CR(386, 51, 102)====
Is IST_0 spanning? : True
Is IST_1 spanning? : True
Is IST_2 spanning? : True
Is IST_3 spanning? : True
Is IST_4 spanning? : True
Is IST_5 spanning? : True
Are all ISTs independent? : True

====TEST CR(387, 51, 102)====
Is IST_0 spanning? : True
Is IST_1 spanning? : True
Is IST_2 spanning? : True
Is IST_3 spanning? : True
Is IST_4 spanning? : True
Is IST_5 spanning? : True
Are all ISTs independent? : True

====TEST CR(388, 51, 102)====
Is IST_0 spanning? : True
Is IST_1 spanning? : True
Is IST_2 spanning? : True
Is IST_3 spanning? : True
Is IST_4 spanning? : True
Is IST_5 spanning? : True
Are all ISTs independent? : True

====TEST CR(389, 51, 102)====
Is IST_0 spanning? : True
Is IST_1 spanning? : True
Is IST_2 spanning? : True
Is IST_3 spanning? : True
Is IST_4 spanning? : True
Is IST_5 spanning? : True
Are all ISTs independent? : True

====TEST CR(390, 51, 102)====
Is IST_0 spanning? : True
Is IST_1 spanning? : True
Is IST_2 spanning? : True
Is IST_3 spanning? : True
Is IST_4 spanning? : True
Is IST_5 spanning? : True
Are all ISTs independent? : True

====TEST CR(391, 51, 102)====
Is IST_0 spanning? : True
Is IST_1 spanning? : True
Is IST_2 spanning? : True
Is IST_3 spanning? : True
Is IST_4 spanning? : True
Is IST_5 spanning? : True
Are all ISTs independent? : True

====TEST CR(392, 51, 102)====
Is IST_0 spanning? : True
Is IST_1 spanning? : True
Is IST_2 spanning? : True
Is IST_3 spanning? : True
Is IST_4 spanning? : True
Is IST_5 spanning? : True
Are all ISTs independent? : True

====TEST CR(393, 51, 102)====
Is IST_0 spanning? : True
Is IST_1 spanning? : True
Is IST_2 spanning? : True
Is IST_3 spanning? : True
Is IST_4 spanning? : True
Is IST_5 spanning? : True
Are all ISTs independent? : True

====TEST CR(394, 51, 102)====
Is IST_0 spanning? : True
Is IST_1 spanning? : True
Is IST_2 spanning? : True
Is IST_3 spanning? : True
Is IST_4 spanning? : True
Is IST_5 spanning? : True
Are all ISTs independent? : True

====TEST CR(395, 51, 102)====
Is IST_0 spanning? : True
Is IST_1 spanning? : True
Is IST_2 spanning? : True
Is IST_3 spanning? : True
Is IST_4 spanning? : True
Is IST_5 spanning? : True
Are all ISTs independent? : True

====TEST CR(396, 51, 102)====
Is IST_0 spanning? : True
Is IST_1 spanning? : True
Is IST_2 spanning? : True
Is IST_3 spanning? : True
Is IST_4 spanning? : True
Is IST_5 spanning? : True
Are all ISTs independent? : True

====TEST CR(397, 51, 102)====
Is IST_0 spanning? : True
Is IST_1 spanning? : True
Is IST_2 spanning? : True
Is IST_3 spanning? : True
Is IST_4 spanning? : True
Is IST_5 spanning? : True
Are all ISTs independent? : True

====TEST CR(398, 51, 102)====
Is IST_0 spanning? : True
Is IST_1 spanning? : True
Is IST_2 spanning? : True
Is IST_3 spanning? : True
Is IST_4 spanning? : True
Is IST_5 spanning? : True
Are all ISTs independent? : True

====TEST CR(399, 51, 102)====
Is IST_0 spanning? : True
Is IST_1 spanning? : True
Is IST_2 spanning? : True
Is IST_3 spanning? : True
Is IST_4 spanning? : True
Is IST_5 spanning? : True
Are all ISTs independent? : True

====TEST CR(400, 51, 102)====
Is IST_0 spanning? : True
Is IST_1 spanning? : True
Is IST_2 spanning? : True
Is IST_3 spanning? : True
Is IST_4 spanning? : True
Is IST_5 spanning? : True
Are all ISTs independent? : True

====TEST CR(401, 51, 102)====
Is IST_0 spanning? : True
Is IST_1 spanning? : True
Is IST_2 spanning? : True
Is IST_3 spanning? : True
Is IST_4 spanning? : True
Is IST_5 spanning? : True
Are all ISTs independent? : True

====TEST CR(402, 51, 102)====
Is IST_0 spanning? : True
Is IST_1 spanning? : True
Is IST_2 spanning? : True
Is IST_3 spanning? : True
Is IST_4 spanning? : True
Is IST_5 spanning? : True
Are all ISTs independent? : True

====TEST CR(403, 51, 102)====
Is IST_0 spanning? : True
Is IST_1 spanning? : True
Is IST_2 spanning? : True
Is IST_3 spanning? : True
Is IST_4 spanning? : True
Is IST_5 spanning? : True
Are all ISTs independent? : True

====TEST CR(404, 51, 102)====
Is IST_0 spanning? : True
Is IST_1 spanning? : True
Is IST_2 spanning? : True
Is IST_3 spanning? : True
Is IST_4 spanning? : True
Is IST_5 spanning? : True
Are all ISTs independent? : True

====TEST CR(405, 51, 102)====
Is IST_0 spanning? : True
Is IST_1 spanning? : True
Is IST_2 spanning? : True
Is IST_3 spanning? : True
Is IST_4 spanning? : True
Is IST_5 spanning? : True
Are all ISTs independent? : True

====TEST CR(406, 51, 102)====
Is IST_0 spanning? : True
Is IST_1 spanning? : True
Is IST_2 spanning? : True
Is IST_3 spanning? : True
Is IST_4 spanning? : True
Is IST_5 spanning? : True
Are all ISTs independent? : True

====TEST CR(407, 51, 102)====
Is IST_0 spanning? : True
Is IST_1 spanning? : True
Is IST_2 spanning? : True
Is IST_3 spanning? : True
Is IST_4 spanning? : True
Is IST_5 spanning? : True
Are all ISTs independent? : True

====TEST CR(408, 51, 102)====
Is IST_0 spanning? : True
Is IST_1 spanning? : True
Is IST_2 spanning? : True
Is IST_3 spanning? : True
Is IST_4 spanning? : True
Is IST_5 spanning? : True
Are all ISTs independent? : True

====TEST CR(409, 51, 102)====
Is IST_0 spanning? : True
Is IST_1 spanning? : True
Is IST_2 spanning? : True
Is IST_3 spanning? : True
Is IST_4 spanning? : True
Is IST_5 spanning? : True
Are all ISTs independent? : True

====TEST CR(410, 51, 102)====
Is IST_0 spanning? : True
Is IST_1 spanning? : True
Is IST_2 spanning? : True
Is IST_3 spanning? : True
Is IST_4 spanning? : True
Is IST_5 spanning? : True
Are all ISTs independent? : True

====TEST CR(411, 51, 102)====
Is IST_0 spanning? : True
Is IST_1 spanning? : True
Is IST_2 spanning? : True
Is IST_3 spanning? : True
Is IST_4 spanning? : True
Is IST_5 spanning? : True
Are all ISTs independent? : True

====TEST CR(412, 51, 102)====
Is IST_0 spanning? : True
Is IST_1 spanning? : True
Is IST_2 spanning? : True
Is IST_3 spanning? : True
Is IST_4 spanning? : True
Is IST_5 spanning? : True
Are all ISTs independent? : True

====TEST CR(413, 51, 102)====
Is IST_0 spanning? : True
Is IST_1 spanning? : True
Is IST_2 spanning? : True
Is IST_3 spanning? : True
Is IST_4 spanning? : True
Is IST_5 spanning? : True
Are all ISTs independent? : True

====TEST CR(414, 51, 102)====
Is IST_0 spanning? : True
Is IST_1 spanning? : True
Is IST_2 spanning? : True
Is IST_3 spanning? : True
Is IST_4 spanning? : True
Is IST_5 spanning? : True
Are all ISTs independent? : True

====TEST CR(415, 51, 102)====
Is IST_0 spanning? : True
Is IST_1 spanning? : True
Is IST_2 spanning? : True
Is IST_3 spanning? : True
Is IST_4 spanning? : True
Is IST_5 spanning? : True
Are all ISTs independent? : True

====TEST CR(416, 51, 102)====
Is IST_0 spanning? : True
Is IST_1 spanning? : True
Is IST_2 spanning? : True
Is IST_3 spanning? : True
Is IST_4 spanning? : True
Is IST_5 spanning? : True
Are all ISTs independent? : True

====TEST CR(417, 51, 102)====
Is IST_0 spanning? : True
Is IST_1 spanning? : True
Is IST_2 spanning? : True
Is IST_3 spanning? : True
Is IST_4 spanning? : True
Is IST_5 spanning? : True
Are all ISTs independent? : True

====TEST CR(418, 51, 102)====
Is IST_0 spanning? : True
Is IST_1 spanning? : True
Is IST_2 spanning? : True
Is IST_3 spanning? : True
Is IST_4 spanning? : True
Is IST_5 spanning? : True
Are all ISTs independent? : True

====TEST CR(419, 51, 102)====
Is IST_0 spanning? : True
Is IST_1 spanning? : True
Is IST_2 spanning? : True
Is IST_3 spanning? : True
Is IST_4 spanning? : True
Is IST_5 spanning? : True
Are all ISTs independent? : True

====TEST CR(420, 51, 102)====
Is IST_0 spanning? : True
Is IST_1 spanning? : True
Is IST_2 spanning? : True
Is IST_3 spanning? : True
Is IST_4 spanning? : True
Is IST_5 spanning? : True
Are all ISTs independent? : True

====TEST CR(421, 51, 102)====
Is IST_0 spanning? : True
Is IST_1 spanning? : True
Is IST_2 spanning? : True
Is IST_3 spanning? : True
Is IST_4 spanning? : True
Is IST_5 spanning? : True
Are all ISTs independent? : True

====TEST CR(422, 51, 102)====
Is IST_0 spanning? : True
Is IST_1 spanning? : True
Is IST_2 spanning? : True
Is IST_3 spanning? : True
Is IST_4 spanning? : True
Is IST_5 spanning? : True
Are all ISTs independent? : True

====TEST CR(423, 51, 102)====
Is IST_0 spanning? : True
Is IST_1 spanning? : True
Is IST_2 spanning? : True
Is IST_3 spanning? : True
Is IST_4 spanning? : True
Is IST_5 spanning? : True
Are all ISTs independent? : True

====TEST CR(424, 51, 102)====
Is IST_0 spanning? : True
Is IST_1 spanning? : True
Is IST_2 spanning? : True
Is IST_3 spanning? : True
Is IST_4 spanning? : True
Is IST_5 spanning? : True
Are all ISTs independent? : True

====TEST CR(425, 51, 102)====
Is IST_0 spanning? : True
Is IST_1 spanning? : True
Is IST_2 spanning? : True
Is IST_3 spanning? : True
Is IST_4 spanning? : True
Is IST_5 spanning? : True
Are all ISTs independent? : True

====TEST CR(426, 51, 102)====
Is IST_0 spanning? : True
Is IST_1 spanning? : True
Is IST_2 spanning? : True
Is IST_3 spanning? : True
Is IST_4 spanning? : True
Is IST_5 spanning? : True
Are all ISTs independent? : True

====TEST CR(427, 51, 102)====
Is IST_0 spanning? : True
Is IST_1 spanning? : True
Is IST_2 spanning? : True
Is IST_3 spanning? : True
Is IST_4 spanning? : True
Is IST_5 spanning? : True
Are all ISTs independent? : True

====TEST CR(428, 51, 102)====
Is IST_0 spanning? : True
Is IST_1 spanning? : True
Is IST_2 spanning? : True
Is IST_3 spanning? : True
Is IST_4 spanning? : True
Is IST_5 spanning? : True
Are all ISTs independent? : True

====TEST CR(429, 51, 102)====
Is IST_0 spanning? : True
Is IST_1 spanning? : True
Is IST_2 spanning? : True
Is IST_3 spanning? : True
Is IST_4 spanning? : True
Is IST_5 spanning? : True
Are all ISTs independent? : True

====TEST CR(430, 51, 102)====
Is IST_0 spanning? : True
Is IST_1 spanning? : True
Is IST_2 spanning? : True
Is IST_3 spanning? : True
Is IST_4 spanning? : True
Is IST_5 spanning? : True
Are all ISTs independent? : True

====TEST CR(431, 51, 102)====
Is IST_0 spanning? : True
Is IST_1 spanning? : True
Is IST_2 spanning? : True
Is IST_3 spanning? : True
Is IST_4 spanning? : True
Is IST_5 spanning? : True
Are all ISTs independent? : True

====TEST CR(432, 51, 102)====
Is IST_0 spanning? : True
Is IST_1 spanning? : True
Is IST_2 spanning? : True
Is IST_3 spanning? : True
Is IST_4 spanning? : True
Is IST_5 spanning? : True
Are all ISTs independent? : True

====TEST CR(433, 51, 102)====
Is IST_0 spanning? : True
Is IST_1 spanning? : True
Is IST_2 spanning? : True
Is IST_3 spanning? : True
Is IST_4 spanning? : True
Is IST_5 spanning? : True
Are all ISTs independent? : True

====TEST CR(434, 51, 102)====
Is IST_0 spanning? : True
Is IST_1 spanning? : True
Is IST_2 spanning? : True
Is IST_3 spanning? : True
Is IST_4 spanning? : True
Is IST_5 spanning? : True
Are all ISTs independent? : True

====TEST CR(312, 52, 104)====
Is IST_0 spanning? : True
Is IST_1 spanning? : True
Is IST_2 spanning? : True
Is IST_3 spanning? : True
Is IST_4 spanning? : True
Is IST_5 spanning? : True
Are all ISTs independent? : True

====TEST CR(313, 52, 104)====
Is IST_0 spanning? : True
Is IST_1 spanning? : True
Is IST_2 spanning? : True
Is IST_3 spanning? : True
Is IST_4 spanning? : True
Is IST_5 spanning? : True
Are all ISTs independent? : True

====TEST CR(314, 52, 104)====
Is IST_0 spanning? : True
Is IST_1 spanning? : True
Is IST_2 spanning? : True
Is IST_3 spanning? : True
Is IST_4 spanning? : True
Is IST_5 spanning? : True
Are all ISTs independent? : True

====TEST CR(315, 52, 104)====
Is IST_0 spanning? : True
Is IST_1 spanning? : True
Is IST_2 spanning? : True
Is IST_3 spanning? : True
Is IST_4 spanning? : True
Is IST_5 spanning? : True
Are all ISTs independent? : True

====TEST CR(316, 52, 104)====
Is IST_0 spanning? : True
Is IST_1 spanning? : True
Is IST_2 spanning? : True
Is IST_3 spanning? : True
Is IST_4 spanning? : True
Is IST_5 spanning? : True
Are all ISTs independent? : True

====TEST CR(317, 52, 104)====
Is IST_0 spanning? : True
Is IST_1 spanning? : True
Is IST_2 spanning? : True
Is IST_3 spanning? : True
Is IST_4 spanning? : True
Is IST_5 spanning? : True
Are all ISTs independent? : True

====TEST CR(318, 52, 104)====
Is IST_0 spanning? : True
Is IST_1 spanning? : True
Is IST_2 spanning? : True
Is IST_3 spanning? : True
Is IST_4 spanning? : True
Is IST_5 spanning? : True
Are all ISTs independent? : True

====TEST CR(319, 52, 104)====
Is IST_0 spanning? : True
Is IST_1 spanning? : True
Is IST_2 spanning? : True
Is IST_3 spanning? : True
Is IST_4 spanning? : True
Is IST_5 spanning? : True
Are all ISTs independent? : True

====TEST CR(320, 52, 104)====
Is IST_0 spanning? : True
Is IST_1 spanning? : True
Is IST_2 spanning? : True
Is IST_3 spanning? : True
Is IST_4 spanning? : True
Is IST_5 spanning? : True
Are all ISTs independent? : True

====TEST CR(321, 52, 104)====
Is IST_0 spanning? : True
Is IST_1 spanning? : True
Is IST_2 spanning? : True
Is IST_3 spanning? : True
Is IST_4 spanning? : True
Is IST_5 spanning? : True
Are all ISTs independent? : True

====TEST CR(322, 52, 104)====
Is IST_0 spanning? : True
Is IST_1 spanning? : True
Is IST_2 spanning? : True
Is IST_3 spanning? : True
Is IST_4 spanning? : True
Is IST_5 spanning? : True
Are all ISTs independent? : True

====TEST CR(323, 52, 104)====
Is IST_0 spanning? : True
Is IST_1 spanning? : True
Is IST_2 spanning? : True
Is IST_3 spanning? : True
Is IST_4 spanning? : True
Is IST_5 spanning? : True
Are all ISTs independent? : True

====TEST CR(324, 52, 104)====
Is IST_0 spanning? : True
Is IST_1 spanning? : True
Is IST_2 spanning? : True
Is IST_3 spanning? : True
Is IST_4 spanning? : True
Is IST_5 spanning? : True
Are all ISTs independent? : True

====TEST CR(325, 52, 104)====
Is IST_0 spanning? : True
Is IST_1 spanning? : True
Is IST_2 spanning? : True
Is IST_3 spanning? : True
Is IST_4 spanning? : True
Is IST_5 spanning? : True
Are all ISTs independent? : True

====TEST CR(326, 52, 104)====
Is IST_0 spanning? : True
Is IST_1 spanning? : True
Is IST_2 spanning? : True
Is IST_3 spanning? : True
Is IST_4 spanning? : True
Is IST_5 spanning? : True
Are all ISTs independent? : True

====TEST CR(327, 52, 104)====
Is IST_0 spanning? : True
Is IST_1 spanning? : True
Is IST_2 spanning? : True
Is IST_3 spanning? : True
Is IST_4 spanning? : True
Is IST_5 spanning? : True
Are all ISTs independent? : True

====TEST CR(328, 52, 104)====
Is IST_0 spanning? : True
Is IST_1 spanning? : True
Is IST_2 spanning? : True
Is IST_3 spanning? : True
Is IST_4 spanning? : True
Is IST_5 spanning? : True
Are all ISTs independent? : True

====TEST CR(329, 52, 104)====
Is IST_0 spanning? : True
Is IST_1 spanning? : True
Is IST_2 spanning? : True
Is IST_3 spanning? : True
Is IST_4 spanning? : True
Is IST_5 spanning? : True
Are all ISTs independent? : True

====TEST CR(330, 52, 104)====
Is IST_0 spanning? : True
Is IST_1 spanning? : True
Is IST_2 spanning? : True
Is IST_3 spanning? : True
Is IST_4 spanning? : True
Is IST_5 spanning? : True
Are all ISTs independent? : True

====TEST CR(331, 52, 104)====
Is IST_0 spanning? : True
Is IST_1 spanning? : True
Is IST_2 spanning? : True
Is IST_3 spanning? : True
Is IST_4 spanning? : True
Is IST_5 spanning? : True
Are all ISTs independent? : True

====TEST CR(332, 52, 104)====
Is IST_0 spanning? : True
Is IST_1 spanning? : True
Is IST_2 spanning? : True
Is IST_3 spanning? : True
Is IST_4 spanning? : True
Is IST_5 spanning? : True
Are all ISTs independent? : True

====TEST CR(333, 52, 104)====
Is IST_0 spanning? : True
Is IST_1 spanning? : True
Is IST_2 spanning? : True
Is IST_3 spanning? : True
Is IST_4 spanning? : True
Is IST_5 spanning? : True
Are all ISTs independent? : True

====TEST CR(334, 52, 104)====
Is IST_0 spanning? : True
Is IST_1 spanning? : True
Is IST_2 spanning? : True
Is IST_3 spanning? : True
Is IST_4 spanning? : True
Is IST_5 spanning? : True
Are all ISTs independent? : True

====TEST CR(335, 52, 104)====
Is IST_0 spanning? : True
Is IST_1 spanning? : True
Is IST_2 spanning? : True
Is IST_3 spanning? : True
Is IST_4 spanning? : True
Is IST_5 spanning? : True
Are all ISTs independent? : True

====TEST CR(336, 52, 104)====
Is IST_0 spanning? : True
Is IST_1 spanning? : True
Is IST_2 spanning? : True
Is IST_3 spanning? : True
Is IST_4 spanning? : True
Is IST_5 spanning? : True
Are all ISTs independent? : True

====TEST CR(337, 52, 104)====
Is IST_0 spanning? : True
Is IST_1 spanning? : True
Is IST_2 spanning? : True
Is IST_3 spanning? : True
Is IST_4 spanning? : True
Is IST_5 spanning? : True
Are all ISTs independent? : True

====TEST CR(338, 52, 104)====
Is IST_0 spanning? : True
Is IST_1 spanning? : True
Is IST_2 spanning? : True
Is IST_3 spanning? : True
Is IST_4 spanning? : True
Is IST_5 spanning? : True
Are all ISTs independent? : True

====TEST CR(339, 52, 104)====
Is IST_0 spanning? : True
Is IST_1 spanning? : True
Is IST_2 spanning? : True
Is IST_3 spanning? : True
Is IST_4 spanning? : True
Is IST_5 spanning? : True
Are all ISTs independent? : True

====TEST CR(340, 52, 104)====
Is IST_0 spanning? : True
Is IST_1 spanning? : True
Is IST_2 spanning? : True
Is IST_3 spanning? : True
Is IST_4 spanning? : True
Is IST_5 spanning? : True
Are all ISTs independent? : True

====TEST CR(341, 52, 104)====
Is IST_0 spanning? : True
Is IST_1 spanning? : True
Is IST_2 spanning? : True
Is IST_3 spanning? : True
Is IST_4 spanning? : True
Is IST_5 spanning? : True
Are all ISTs independent? : True

====TEST CR(342, 52, 104)====
Is IST_0 spanning? : True
Is IST_1 spanning? : True
Is IST_2 spanning? : True
Is IST_3 spanning? : True
Is IST_4 spanning? : True
Is IST_5 spanning? : True
Are all ISTs independent? : True

====TEST CR(343, 52, 104)====
Is IST_0 spanning? : True
Is IST_1 spanning? : True
Is IST_2 spanning? : True
Is IST_3 spanning? : True
Is IST_4 spanning? : True
Is IST_5 spanning? : True
Are all ISTs independent? : True

====TEST CR(344, 52, 104)====
Is IST_0 spanning? : True
Is IST_1 spanning? : True
Is IST_2 spanning? : True
Is IST_3 spanning? : True
Is IST_4 spanning? : True
Is IST_5 spanning? : True
Are all ISTs independent? : True

====TEST CR(345, 52, 104)====
Is IST_0 spanning? : True
Is IST_1 spanning? : True
Is IST_2 spanning? : True
Is IST_3 spanning? : True
Is IST_4 spanning? : True
Is IST_5 spanning? : True
Are all ISTs independent? : True

====TEST CR(346, 52, 104)====
Is IST_0 spanning? : True
Is IST_1 spanning? : True
Is IST_2 spanning? : True
Is IST_3 spanning? : True
Is IST_4 spanning? : True
Is IST_5 spanning? : True
Are all ISTs independent? : True

====TEST CR(347, 52, 104)====
Is IST_0 spanning? : True
Is IST_1 spanning? : True
Is IST_2 spanning? : True
Is IST_3 spanning? : True
Is IST_4 spanning? : True
Is IST_5 spanning? : True
Are all ISTs independent? : True

====TEST CR(348, 52, 104)====
Is IST_0 spanning? : True
Is IST_1 spanning? : True
Is IST_2 spanning? : True
Is IST_3 spanning? : True
Is IST_4 spanning? : True
Is IST_5 spanning? : True
Are all ISTs independent? : True

====TEST CR(349, 52, 104)====
Is IST_0 spanning? : True
Is IST_1 spanning? : True
Is IST_2 spanning? : True
Is IST_3 spanning? : True
Is IST_4 spanning? : True
Is IST_5 spanning? : True
Are all ISTs independent? : True

====TEST CR(350, 52, 104)====
Is IST_0 spanning? : True
Is IST_1 spanning? : True
Is IST_2 spanning? : True
Is IST_3 spanning? : True
Is IST_4 spanning? : True
Is IST_5 spanning? : True
Are all ISTs independent? : True

====TEST CR(351, 52, 104)====
Is IST_0 spanning? : True
Is IST_1 spanning? : True
Is IST_2 spanning? : True
Is IST_3 spanning? : True
Is IST_4 spanning? : True
Is IST_5 spanning? : True
Are all ISTs independent? : True

====TEST CR(352, 52, 104)====
Is IST_0 spanning? : True
Is IST_1 spanning? : True
Is IST_2 spanning? : True
Is IST_3 spanning? : True
Is IST_4 spanning? : True
Is IST_5 spanning? : True
Are all ISTs independent? : True

====TEST CR(353, 52, 104)====
Is IST_0 spanning? : True
Is IST_1 spanning? : True
Is IST_2 spanning? : True
Is IST_3 spanning? : True
Is IST_4 spanning? : True
Is IST_5 spanning? : True
Are all ISTs independent? : True

====TEST CR(354, 52, 104)====
Is IST_0 spanning? : True
Is IST_1 spanning? : True
Is IST_2 spanning? : True
Is IST_3 spanning? : True
Is IST_4 spanning? : True
Is IST_5 spanning? : True
Are all ISTs independent? : True

====TEST CR(355, 52, 104)====
Is IST_0 spanning? : True
Is IST_1 spanning? : True
Is IST_2 spanning? : True
Is IST_3 spanning? : True
Is IST_4 spanning? : True
Is IST_5 spanning? : True
Are all ISTs independent? : True

====TEST CR(356, 52, 104)====
Is IST_0 spanning? : True
Is IST_1 spanning? : True
Is IST_2 spanning? : True
Is IST_3 spanning? : True
Is IST_4 spanning? : True
Is IST_5 spanning? : True
Are all ISTs independent? : True

====TEST CR(357, 52, 104)====
Is IST_0 spanning? : True
Is IST_1 spanning? : True
Is IST_2 spanning? : True
Is IST_3 spanning? : True
Is IST_4 spanning? : True
Is IST_5 spanning? : True
Are all ISTs independent? : True

====TEST CR(358, 52, 104)====
Is IST_0 spanning? : True
Is IST_1 spanning? : True
Is IST_2 spanning? : True
Is IST_3 spanning? : True
Is IST_4 spanning? : True
Is IST_5 spanning? : True
Are all ISTs independent? : True

====TEST CR(359, 52, 104)====
Is IST_0 spanning? : True
Is IST_1 spanning? : True
Is IST_2 spanning? : True
Is IST_3 spanning? : True
Is IST_4 spanning? : True
Is IST_5 spanning? : True
Are all ISTs independent? : True

====TEST CR(360, 52, 104)====
Is IST_0 spanning? : True
Is IST_1 spanning? : True
Is IST_2 spanning? : True
Is IST_3 spanning? : True
Is IST_4 spanning? : True
Is IST_5 spanning? : True
Are all ISTs independent? : True

====TEST CR(361, 52, 104)====
Is IST_0 spanning? : True
Is IST_1 spanning? : True
Is IST_2 spanning? : True
Is IST_3 spanning? : True
Is IST_4 spanning? : True
Is IST_5 spanning? : True
Are all ISTs independent? : True

====TEST CR(362, 52, 104)====
Is IST_0 spanning? : True
Is IST_1 spanning? : True
Is IST_2 spanning? : True
Is IST_3 spanning? : True
Is IST_4 spanning? : True
Is IST_5 spanning? : True
Are all ISTs independent? : True

====TEST CR(363, 52, 104)====
Is IST_0 spanning? : True
Is IST_1 spanning? : True
Is IST_2 spanning? : True
Is IST_3 spanning? : True
Is IST_4 spanning? : True
Is IST_5 spanning? : True
Are all ISTs independent? : True

====TEST CR(364, 52, 104)====
Is IST_0 spanning? : True
Is IST_1 spanning? : True
Is IST_2 spanning? : True
Is IST_3 spanning? : True
Is IST_4 spanning? : True
Is IST_5 spanning? : True
Are all ISTs independent? : True

====TEST CR(365, 52, 104)====
Is IST_0 spanning? : True
Is IST_1 spanning? : True
Is IST_2 spanning? : True
Is IST_3 spanning? : True
Is IST_4 spanning? : True
Is IST_5 spanning? : True
Are all ISTs independent? : True

====TEST CR(366, 52, 104)====
Is IST_0 spanning? : True
Is IST_1 spanning? : True
Is IST_2 spanning? : True
Is IST_3 spanning? : True
Is IST_4 spanning? : True
Is IST_5 spanning? : True
Are all ISTs independent? : True

====TEST CR(367, 52, 104)====
Is IST_0 spanning? : True
Is IST_1 spanning? : True
Is IST_2 spanning? : True
Is IST_3 spanning? : True
Is IST_4 spanning? : True
Is IST_5 spanning? : True
Are all ISTs independent? : True

====TEST CR(368, 52, 104)====
Is IST_0 spanning? : True
Is IST_1 spanning? : True
Is IST_2 spanning? : True
Is IST_3 spanning? : True
Is IST_4 spanning? : True
Is IST_5 spanning? : True
Are all ISTs independent? : True

====TEST CR(369, 52, 104)====
Is IST_0 spanning? : True
Is IST_1 spanning? : True
Is IST_2 spanning? : True
Is IST_3 spanning? : True
Is IST_4 spanning? : True
Is IST_5 spanning? : True
Are all ISTs independent? : True

====TEST CR(370, 52, 104)====
Is IST_0 spanning? : True
Is IST_1 spanning? : True
Is IST_2 spanning? : True
Is IST_3 spanning? : True
Is IST_4 spanning? : True
Is IST_5 spanning? : True
Are all ISTs independent? : True

====TEST CR(371, 52, 104)====
Is IST_0 spanning? : True
Is IST_1 spanning? : True
Is IST_2 spanning? : True
Is IST_3 spanning? : True
Is IST_4 spanning? : True
Is IST_5 spanning? : True
Are all ISTs independent? : True

====TEST CR(372, 52, 104)====
Is IST_0 spanning? : True
Is IST_1 spanning? : True
Is IST_2 spanning? : True
Is IST_3 spanning? : True
Is IST_4 spanning? : True
Is IST_5 spanning? : True
Are all ISTs independent? : True

====TEST CR(373, 52, 104)====
Is IST_0 spanning? : True
Is IST_1 spanning? : True
Is IST_2 spanning? : True
Is IST_3 spanning? : True
Is IST_4 spanning? : True
Is IST_5 spanning? : True
Are all ISTs independent? : True

====TEST CR(374, 52, 104)====
Is IST_0 spanning? : True
Is IST_1 spanning? : True
Is IST_2 spanning? : True
Is IST_3 spanning? : True
Is IST_4 spanning? : True
Is IST_5 spanning? : True
Are all ISTs independent? : True

====TEST CR(375, 52, 104)====
Is IST_0 spanning? : True
Is IST_1 spanning? : True
Is IST_2 spanning? : True
Is IST_3 spanning? : True
Is IST_4 spanning? : True
Is IST_5 spanning? : True
Are all ISTs independent? : True

====TEST CR(376, 52, 104)====
Is IST_0 spanning? : True
Is IST_1 spanning? : True
Is IST_2 spanning? : True
Is IST_3 spanning? : True
Is IST_4 spanning? : True
Is IST_5 spanning? : True
Are all ISTs independent? : True

====TEST CR(377, 52, 104)====
Is IST_0 spanning? : True
Is IST_1 spanning? : True
Is IST_2 spanning? : True
Is IST_3 spanning? : True
Is IST_4 spanning? : True
Is IST_5 spanning? : True
Are all ISTs independent? : True

====TEST CR(378, 52, 104)====
Is IST_0 spanning? : True
Is IST_1 spanning? : True
Is IST_2 spanning? : True
Is IST_3 spanning? : True
Is IST_4 spanning? : True
Is IST_5 spanning? : True
Are all ISTs independent? : True

====TEST CR(379, 52, 104)====
Is IST_0 spanning? : True
Is IST_1 spanning? : True
Is IST_2 spanning? : True
Is IST_3 spanning? : True
Is IST_4 spanning? : True
Is IST_5 spanning? : True
Are all ISTs independent? : True

====TEST CR(380, 52, 104)====
Is IST_0 spanning? : True
Is IST_1 spanning? : True
Is IST_2 spanning? : True
Is IST_3 spanning? : True
Is IST_4 spanning? : True
Is IST_5 spanning? : True
Are all ISTs independent? : True

====TEST CR(381, 52, 104)====
Is IST_0 spanning? : True
Is IST_1 spanning? : True
Is IST_2 spanning? : True
Is IST_3 spanning? : True
Is IST_4 spanning? : True
Is IST_5 spanning? : True
Are all ISTs independent? : True

====TEST CR(382, 52, 104)====
Is IST_0 spanning? : True
Is IST_1 spanning? : True
Is IST_2 spanning? : True
Is IST_3 spanning? : True
Is IST_4 spanning? : True
Is IST_5 spanning? : True
Are all ISTs independent? : True

====TEST CR(383, 52, 104)====
Is IST_0 spanning? : True
Is IST_1 spanning? : True
Is IST_2 spanning? : True
Is IST_3 spanning? : True
Is IST_4 spanning? : True
Is IST_5 spanning? : True
Are all ISTs independent? : True

====TEST CR(384, 52, 104)====
Is IST_0 spanning? : True
Is IST_1 spanning? : True
Is IST_2 spanning? : True
Is IST_3 spanning? : True
Is IST_4 spanning? : True
Is IST_5 spanning? : True
Are all ISTs independent? : True

====TEST CR(385, 52, 104)====
Is IST_0 spanning? : True
Is IST_1 spanning? : True
Is IST_2 spanning? : True
Is IST_3 spanning? : True
Is IST_4 spanning? : True
Is IST_5 spanning? : True
Are all ISTs independent? : True

====TEST CR(386, 52, 104)====
Is IST_0 spanning? : True
Is IST_1 spanning? : True
Is IST_2 spanning? : True
Is IST_3 spanning? : True
Is IST_4 spanning? : True
Is IST_5 spanning? : True
Are all ISTs independent? : True

====TEST CR(387, 52, 104)====
Is IST_0 spanning? : True
Is IST_1 spanning? : True
Is IST_2 spanning? : True
Is IST_3 spanning? : True
Is IST_4 spanning? : True
Is IST_5 spanning? : True
Are all ISTs independent? : True

====TEST CR(388, 52, 104)====
Is IST_0 spanning? : True
Is IST_1 spanning? : True
Is IST_2 spanning? : True
Is IST_3 spanning? : True
Is IST_4 spanning? : True
Is IST_5 spanning? : True
Are all ISTs independent? : True

====TEST CR(389, 52, 104)====
Is IST_0 spanning? : True
Is IST_1 spanning? : True
Is IST_2 spanning? : True
Is IST_3 spanning? : True
Is IST_4 spanning? : True
Is IST_5 spanning? : True
Are all ISTs independent? : True

====TEST CR(390, 52, 104)====
Is IST_0 spanning? : True
Is IST_1 spanning? : True
Is IST_2 spanning? : True
Is IST_3 spanning? : True
Is IST_4 spanning? : True
Is IST_5 spanning? : True
Are all ISTs independent? : True

====TEST CR(391, 52, 104)====
Is IST_0 spanning? : True
Is IST_1 spanning? : True
Is IST_2 spanning? : True
Is IST_3 spanning? : True
Is IST_4 spanning? : True
Is IST_5 spanning? : True
Are all ISTs independent? : True

====TEST CR(392, 52, 104)====
Is IST_0 spanning? : True
Is IST_1 spanning? : True
Is IST_2 spanning? : True
Is IST_3 spanning? : True
Is IST_4 spanning? : True
Is IST_5 spanning? : True
Are all ISTs independent? : True

====TEST CR(393, 52, 104)====
Is IST_0 spanning? : True
Is IST_1 spanning? : True
Is IST_2 spanning? : True
Is IST_3 spanning? : True
Is IST_4 spanning? : True
Is IST_5 spanning? : True
Are all ISTs independent? : True

====TEST CR(394, 52, 104)====
Is IST_0 spanning? : True
Is IST_1 spanning? : True
Is IST_2 spanning? : True
Is IST_3 spanning? : True
Is IST_4 spanning? : True
Is IST_5 spanning? : True
Are all ISTs independent? : True

====TEST CR(395, 52, 104)====
Is IST_0 spanning? : True
Is IST_1 spanning? : True
Is IST_2 spanning? : True
Is IST_3 spanning? : True
Is IST_4 spanning? : True
Is IST_5 spanning? : True
Are all ISTs independent? : True

====TEST CR(396, 52, 104)====
Is IST_0 spanning? : True
Is IST_1 spanning? : True
Is IST_2 spanning? : True
Is IST_3 spanning? : True
Is IST_4 spanning? : True
Is IST_5 spanning? : True
Are all ISTs independent? : True

====TEST CR(397, 52, 104)====
Is IST_0 spanning? : True
Is IST_1 spanning? : True
Is IST_2 spanning? : True
Is IST_3 spanning? : True
Is IST_4 spanning? : True
Is IST_5 spanning? : True
Are all ISTs independent? : True

====TEST CR(398, 52, 104)====
Is IST_0 spanning? : True
Is IST_1 spanning? : True
Is IST_2 spanning? : True
Is IST_3 spanning? : True
Is IST_4 spanning? : True
Is IST_5 spanning? : True
Are all ISTs independent? : True

====TEST CR(399, 52, 104)====
Is IST_0 spanning? : True
Is IST_1 spanning? : True
Is IST_2 spanning? : True
Is IST_3 spanning? : True
Is IST_4 spanning? : True
Is IST_5 spanning? : True
Are all ISTs independent? : True

====TEST CR(400, 52, 104)====
Is IST_0 spanning? : True
Is IST_1 spanning? : True
Is IST_2 spanning? : True
Is IST_3 spanning? : True
Is IST_4 spanning? : True
Is IST_5 spanning? : True
Are all ISTs independent? : True

====TEST CR(401, 52, 104)====
Is IST_0 spanning? : True
Is IST_1 spanning? : True
Is IST_2 spanning? : True
Is IST_3 spanning? : True
Is IST_4 spanning? : True
Is IST_5 spanning? : True
Are all ISTs independent? : True

====TEST CR(402, 52, 104)====
Is IST_0 spanning? : True
Is IST_1 spanning? : True
Is IST_2 spanning? : True
Is IST_3 spanning? : True
Is IST_4 spanning? : True
Is IST_5 spanning? : True
Are all ISTs independent? : True

====TEST CR(403, 52, 104)====
Is IST_0 spanning? : True
Is IST_1 spanning? : True
Is IST_2 spanning? : True
Is IST_3 spanning? : True
Is IST_4 spanning? : True
Is IST_5 spanning? : True
Are all ISTs independent? : True

====TEST CR(404, 52, 104)====
Is IST_0 spanning? : True
Is IST_1 spanning? : True
Is IST_2 spanning? : True
Is IST_3 spanning? : True
Is IST_4 spanning? : True
Is IST_5 spanning? : True
Are all ISTs independent? : True

====TEST CR(405, 52, 104)====
Is IST_0 spanning? : True
Is IST_1 spanning? : True
Is IST_2 spanning? : True
Is IST_3 spanning? : True
Is IST_4 spanning? : True
Is IST_5 spanning? : True
Are all ISTs independent? : True

====TEST CR(406, 52, 104)====
Is IST_0 spanning? : True
Is IST_1 spanning? : True
Is IST_2 spanning? : True
Is IST_3 spanning? : True
Is IST_4 spanning? : True
Is IST_5 spanning? : True
Are all ISTs independent? : True

====TEST CR(407, 52, 104)====
Is IST_0 spanning? : True
Is IST_1 spanning? : True
Is IST_2 spanning? : True
Is IST_3 spanning? : True
Is IST_4 spanning? : True
Is IST_5 spanning? : True
Are all ISTs independent? : True

====TEST CR(408, 52, 104)====
Is IST_0 spanning? : True
Is IST_1 spanning? : True
Is IST_2 spanning? : True
Is IST_3 spanning? : True
Is IST_4 spanning? : True
Is IST_5 spanning? : True
Are all ISTs independent? : True

====TEST CR(409, 52, 104)====
Is IST_0 spanning? : True
Is IST_1 spanning? : True
Is IST_2 spanning? : True
Is IST_3 spanning? : True
Is IST_4 spanning? : True
Is IST_5 spanning? : True
Are all ISTs independent? : True

====TEST CR(410, 52, 104)====
Is IST_0 spanning? : True
Is IST_1 spanning? : True
Is IST_2 spanning? : True
Is IST_3 spanning? : True
Is IST_4 spanning? : True
Is IST_5 spanning? : True
Are all ISTs independent? : True

====TEST CR(411, 52, 104)====
Is IST_0 spanning? : True
Is IST_1 spanning? : True
Is IST_2 spanning? : True
Is IST_3 spanning? : True
Is IST_4 spanning? : True
Is IST_5 spanning? : True
Are all ISTs independent? : True

====TEST CR(412, 52, 104)====
Is IST_0 spanning? : True
Is IST_1 spanning? : True
Is IST_2 spanning? : True
Is IST_3 spanning? : True
Is IST_4 spanning? : True
Is IST_5 spanning? : True
Are all ISTs independent? : True

====TEST CR(413, 52, 104)====
Is IST_0 spanning? : True
Is IST_1 spanning? : True
Is IST_2 spanning? : True
Is IST_3 spanning? : True
Is IST_4 spanning? : True
Is IST_5 spanning? : True
Are all ISTs independent? : True

====TEST CR(414, 52, 104)====
Is IST_0 spanning? : True
Is IST_1 spanning? : True
Is IST_2 spanning? : True
Is IST_3 spanning? : True
Is IST_4 spanning? : True
Is IST_5 spanning? : True
Are all ISTs independent? : True

====TEST CR(415, 52, 104)====
Is IST_0 spanning? : True
Is IST_1 spanning? : True
Is IST_2 spanning? : True
Is IST_3 spanning? : True
Is IST_4 spanning? : True
Is IST_5 spanning? : True
Are all ISTs independent? : True

====TEST CR(416, 52, 104)====
Is IST_0 spanning? : True
Is IST_1 spanning? : True
Is IST_2 spanning? : True
Is IST_3 spanning? : True
Is IST_4 spanning? : True
Is IST_5 spanning? : True
Are all ISTs independent? : True

====TEST CR(417, 52, 104)====
Is IST_0 spanning? : True
Is IST_1 spanning? : True
Is IST_2 spanning? : True
Is IST_3 spanning? : True
Is IST_4 spanning? : True
Is IST_5 spanning? : True
Are all ISTs independent? : True

====TEST CR(418, 52, 104)====
Is IST_0 spanning? : True
Is IST_1 spanning? : True
Is IST_2 spanning? : True
Is IST_3 spanning? : True
Is IST_4 spanning? : True
Is IST_5 spanning? : True
Are all ISTs independent? : True

====TEST CR(419, 52, 104)====
Is IST_0 spanning? : True
Is IST_1 spanning? : True
Is IST_2 spanning? : True
Is IST_3 spanning? : True
Is IST_4 spanning? : True
Is IST_5 spanning? : True
Are all ISTs independent? : True

====TEST CR(420, 52, 104)====
Is IST_0 spanning? : True
Is IST_1 spanning? : True
Is IST_2 spanning? : True
Is IST_3 spanning? : True
Is IST_4 spanning? : True
Is IST_5 spanning? : True
Are all ISTs independent? : True

====TEST CR(421, 52, 104)====
Is IST_0 spanning? : True
Is IST_1 spanning? : True
Is IST_2 spanning? : True
Is IST_3 spanning? : True
Is IST_4 spanning? : True
Is IST_5 spanning? : True
Are all ISTs independent? : True

====TEST CR(422, 52, 104)====
Is IST_0 spanning? : True
Is IST_1 spanning? : True
Is IST_2 spanning? : True
Is IST_3 spanning? : True
Is IST_4 spanning? : True
Is IST_5 spanning? : True
Are all ISTs independent? : True

====TEST CR(423, 52, 104)====
Is IST_0 spanning? : True
Is IST_1 spanning? : True
Is IST_2 spanning? : True
Is IST_3 spanning? : True
Is IST_4 spanning? : True
Is IST_5 spanning? : True
Are all ISTs independent? : True

====TEST CR(424, 52, 104)====
Is IST_0 spanning? : True
Is IST_1 spanning? : True
Is IST_2 spanning? : True
Is IST_3 spanning? : True
Is IST_4 spanning? : True
Is IST_5 spanning? : True
Are all ISTs independent? : True

====TEST CR(425, 52, 104)====
Is IST_0 spanning? : True
Is IST_1 spanning? : True
Is IST_2 spanning? : True
Is IST_3 spanning? : True
Is IST_4 spanning? : True
Is IST_5 spanning? : True
Are all ISTs independent? : True

====TEST CR(426, 52, 104)====
Is IST_0 spanning? : True
Is IST_1 spanning? : True
Is IST_2 spanning? : True
Is IST_3 spanning? : True
Is IST_4 spanning? : True
Is IST_5 spanning? : True
Are all ISTs independent? : True

====TEST CR(427, 52, 104)====
Is IST_0 spanning? : True
Is IST_1 spanning? : True
Is IST_2 spanning? : True
Is IST_3 spanning? : True
Is IST_4 spanning? : True
Is IST_5 spanning? : True
Are all ISTs independent? : True

====TEST CR(428, 52, 104)====
Is IST_0 spanning? : True
Is IST_1 spanning? : True
Is IST_2 spanning? : True
Is IST_3 spanning? : True
Is IST_4 spanning? : True
Is IST_5 spanning? : True
Are all ISTs independent? : True

====TEST CR(429, 52, 104)====
Is IST_0 spanning? : True
Is IST_1 spanning? : True
Is IST_2 spanning? : True
Is IST_3 spanning? : True
Is IST_4 spanning? : True
Is IST_5 spanning? : True
Are all ISTs independent? : True

====TEST CR(430, 52, 104)====
Is IST_0 spanning? : True
Is IST_1 spanning? : True
Is IST_2 spanning? : True
Is IST_3 spanning? : True
Is IST_4 spanning? : True
Is IST_5 spanning? : True
Are all ISTs independent? : True

====TEST CR(431, 52, 104)====
Is IST_0 spanning? : True
Is IST_1 spanning? : True
Is IST_2 spanning? : True
Is IST_3 spanning? : True
Is IST_4 spanning? : True
Is IST_5 spanning? : True
Are all ISTs independent? : True

====TEST CR(432, 52, 104)====
Is IST_0 spanning? : True
Is IST_1 spanning? : True
Is IST_2 spanning? : True
Is IST_3 spanning? : True
Is IST_4 spanning? : True
Is IST_5 spanning? : True
Are all ISTs independent? : True

====TEST CR(433, 52, 104)====
Is IST_0 spanning? : True
Is IST_1 spanning? : True
Is IST_2 spanning? : True
Is IST_3 spanning? : True
Is IST_4 spanning? : True
Is IST_5 spanning? : True
Are all ISTs independent? : True

====TEST CR(434, 52, 104)====
Is IST_0 spanning? : True
Is IST_1 spanning? : True
Is IST_2 spanning? : True
Is IST_3 spanning? : True
Is IST_4 spanning? : True
Is IST_5 spanning? : True
Are all ISTs independent? : True

====TEST CR(435, 52, 104)====
Is IST_0 spanning? : True
Is IST_1 spanning? : True
Is IST_2 spanning? : True
Is IST_3 spanning? : True
Is IST_4 spanning? : True
Is IST_5 spanning? : True
Are all ISTs independent? : True

====TEST CR(436, 52, 104)====
Is IST_0 spanning? : True
Is IST_1 spanning? : True
Is IST_2 spanning? : True
Is IST_3 spanning? : True
Is IST_4 spanning? : True
Is IST_5 spanning? : True
Are all ISTs independent? : True

====TEST CR(437, 52, 104)====
Is IST_0 spanning? : True
Is IST_1 spanning? : True
Is IST_2 spanning? : True
Is IST_3 spanning? : True
Is IST_4 spanning? : True
Is IST_5 spanning? : True
Are all ISTs independent? : True

====TEST CR(438, 52, 104)====
Is IST_0 spanning? : True
Is IST_1 spanning? : True
Is IST_2 spanning? : True
Is IST_3 spanning? : True
Is IST_4 spanning? : True
Is IST_5 spanning? : True
Are all ISTs independent? : True

====TEST CR(439, 52, 104)====
Is IST_0 spanning? : True
Is IST_1 spanning? : True
Is IST_2 spanning? : True
Is IST_3 spanning? : True
Is IST_4 spanning? : True
Is IST_5 spanning? : True
Are all ISTs independent? : True

====TEST CR(440, 52, 104)====
Is IST_0 spanning? : True
Is IST_1 spanning? : True
Is IST_2 spanning? : True
Is IST_3 spanning? : True
Is IST_4 spanning? : True
Is IST_5 spanning? : True
Are all ISTs independent? : True

====TEST CR(318, 53, 106)====
Is IST_0 spanning? : True
Is IST_1 spanning? : True
Is IST_2 spanning? : True
Is IST_3 spanning? : True
Is IST_4 spanning? : True
Is IST_5 spanning? : True
Are all ISTs independent? : True

====TEST CR(319, 53, 106)====
Is IST_0 spanning? : True
Is IST_1 spanning? : True
Is IST_2 spanning? : True
Is IST_3 spanning? : True
Is IST_4 spanning? : True
Is IST_5 spanning? : True
Are all ISTs independent? : True

====TEST CR(320, 53, 106)====
Is IST_0 spanning? : True
Is IST_1 spanning? : True
Is IST_2 spanning? : True
Is IST_3 spanning? : True
Is IST_4 spanning? : True
Is IST_5 spanning? : True
Are all ISTs independent? : True

====TEST CR(321, 53, 106)====
Is IST_0 spanning? : True
Is IST_1 spanning? : True
Is IST_2 spanning? : True
Is IST_3 spanning? : True
Is IST_4 spanning? : True
Is IST_5 spanning? : True
Are all ISTs independent? : True

====TEST CR(322, 53, 106)====
Is IST_0 spanning? : True
Is IST_1 spanning? : True
Is IST_2 spanning? : True
Is IST_3 spanning? : True
Is IST_4 spanning? : True
Is IST_5 spanning? : True
Are all ISTs independent? : True

====TEST CR(323, 53, 106)====
Is IST_0 spanning? : True
Is IST_1 spanning? : True
Is IST_2 spanning? : True
Is IST_3 spanning? : True
Is IST_4 spanning? : True
Is IST_5 spanning? : True
Are all ISTs independent? : True

====TEST CR(324, 53, 106)====
Is IST_0 spanning? : True
Is IST_1 spanning? : True
Is IST_2 spanning? : True
Is IST_3 spanning? : True
Is IST_4 spanning? : True
Is IST_5 spanning? : True
Are all ISTs independent? : True

====TEST CR(325, 53, 106)====
Is IST_0 spanning? : True
Is IST_1 spanning? : True
Is IST_2 spanning? : True
Is IST_3 spanning? : True
Is IST_4 spanning? : True
Is IST_5 spanning? : True
Are all ISTs independent? : True

====TEST CR(326, 53, 106)====
Is IST_0 spanning? : True
Is IST_1 spanning? : True
Is IST_2 spanning? : True
Is IST_3 spanning? : True
Is IST_4 spanning? : True
Is IST_5 spanning? : True
Are all ISTs independent? : True

====TEST CR(327, 53, 106)====
Is IST_0 spanning? : True
Is IST_1 spanning? : True
Is IST_2 spanning? : True
Is IST_3 spanning? : True
Is IST_4 spanning? : True
Is IST_5 spanning? : True
Are all ISTs independent? : True

====TEST CR(328, 53, 106)====
Is IST_0 spanning? : True
Is IST_1 spanning? : True
Is IST_2 spanning? : True
Is IST_3 spanning? : True
Is IST_4 spanning? : True
Is IST_5 spanning? : True
Are all ISTs independent? : True

====TEST CR(329, 53, 106)====
Is IST_0 spanning? : True
Is IST_1 spanning? : True
Is IST_2 spanning? : True
Is IST_3 spanning? : True
Is IST_4 spanning? : True
Is IST_5 spanning? : True
Are all ISTs independent? : True

====TEST CR(330, 53, 106)====
Is IST_0 spanning? : True
Is IST_1 spanning? : True
Is IST_2 spanning? : True
Is IST_3 spanning? : True
Is IST_4 spanning? : True
Is IST_5 spanning? : True
Are all ISTs independent? : True

====TEST CR(331, 53, 106)====
Is IST_0 spanning? : True
Is IST_1 spanning? : True
Is IST_2 spanning? : True
Is IST_3 spanning? : True
Is IST_4 spanning? : True
Is IST_5 spanning? : True
Are all ISTs independent? : True

====TEST CR(332, 53, 106)====
Is IST_0 spanning? : True
Is IST_1 spanning? : True
Is IST_2 spanning? : True
Is IST_3 spanning? : True
Is IST_4 spanning? : True
Is IST_5 spanning? : True
Are all ISTs independent? : True

====TEST CR(333, 53, 106)====
Is IST_0 spanning? : True
Is IST_1 spanning? : True
Is IST_2 spanning? : True
Is IST_3 spanning? : True
Is IST_4 spanning? : True
Is IST_5 spanning? : True
Are all ISTs independent? : True

====TEST CR(334, 53, 106)====
Is IST_0 spanning? : True
Is IST_1 spanning? : True
Is IST_2 spanning? : True
Is IST_3 spanning? : True
Is IST_4 spanning? : True
Is IST_5 spanning? : True
Are all ISTs independent? : True

====TEST CR(335, 53, 106)====
Is IST_0 spanning? : True
Is IST_1 spanning? : True
Is IST_2 spanning? : True
Is IST_3 spanning? : True
Is IST_4 spanning? : True
Is IST_5 spanning? : True
Are all ISTs independent? : True

====TEST CR(336, 53, 106)====
Is IST_0 spanning? : True
Is IST_1 spanning? : True
Is IST_2 spanning? : True
Is IST_3 spanning? : True
Is IST_4 spanning? : True
Is IST_5 spanning? : True
Are all ISTs independent? : True

====TEST CR(337, 53, 106)====
Is IST_0 spanning? : True
Is IST_1 spanning? : True
Is IST_2 spanning? : True
Is IST_3 spanning? : True
Is IST_4 spanning? : True
Is IST_5 spanning? : True
Are all ISTs independent? : True

====TEST CR(338, 53, 106)====
Is IST_0 spanning? : True
Is IST_1 spanning? : True
Is IST_2 spanning? : True
Is IST_3 spanning? : True
Is IST_4 spanning? : True
Is IST_5 spanning? : True
Are all ISTs independent? : True

====TEST CR(339, 53, 106)====
Is IST_0 spanning? : True
Is IST_1 spanning? : True
Is IST_2 spanning? : True
Is IST_3 spanning? : True
Is IST_4 spanning? : True
Is IST_5 spanning? : True
Are all ISTs independent? : True

====TEST CR(340, 53, 106)====
Is IST_0 spanning? : True
Is IST_1 spanning? : True
Is IST_2 spanning? : True
Is IST_3 spanning? : True
Is IST_4 spanning? : True
Is IST_5 spanning? : True
Are all ISTs independent? : True

====TEST CR(341, 53, 106)====
Is IST_0 spanning? : True
Is IST_1 spanning? : True
Is IST_2 spanning? : True
Is IST_3 spanning? : True
Is IST_4 spanning? : True
Is IST_5 spanning? : True
Are all ISTs independent? : True

====TEST CR(342, 53, 106)====
Is IST_0 spanning? : True
Is IST_1 spanning? : True
Is IST_2 spanning? : True
Is IST_3 spanning? : True
Is IST_4 spanning? : True
Is IST_5 spanning? : True
Are all ISTs independent? : True

====TEST CR(343, 53, 106)====
Is IST_0 spanning? : True
Is IST_1 spanning? : True
Is IST_2 spanning? : True
Is IST_3 spanning? : True
Is IST_4 spanning? : True
Is IST_5 spanning? : True
Are all ISTs independent? : True

====TEST CR(344, 53, 106)====
Is IST_0 spanning? : True
Is IST_1 spanning? : True
Is IST_2 spanning? : True
Is IST_3 spanning? : True
Is IST_4 spanning? : True
Is IST_5 spanning? : True
Are all ISTs independent? : True

====TEST CR(345, 53, 106)====
Is IST_0 spanning? : True
Is IST_1 spanning? : True
Is IST_2 spanning? : True
Is IST_3 spanning? : True
Is IST_4 spanning? : True
Is IST_5 spanning? : True
Are all ISTs independent? : True

====TEST CR(346, 53, 106)====
Is IST_0 spanning? : True
Is IST_1 spanning? : True
Is IST_2 spanning? : True
Is IST_3 spanning? : True
Is IST_4 spanning? : True
Is IST_5 spanning? : True
Are all ISTs independent? : True

====TEST CR(347, 53, 106)====
Is IST_0 spanning? : True
Is IST_1 spanning? : True
Is IST_2 spanning? : True
Is IST_3 spanning? : True
Is IST_4 spanning? : True
Is IST_5 spanning? : True
Are all ISTs independent? : True

====TEST CR(348, 53, 106)====
Is IST_0 spanning? : True
Is IST_1 spanning? : True
Is IST_2 spanning? : True
Is IST_3 spanning? : True
Is IST_4 spanning? : True
Is IST_5 spanning? : True
Are all ISTs independent? : True

====TEST CR(349, 53, 106)====
Is IST_0 spanning? : True
Is IST_1 spanning? : True
Is IST_2 spanning? : True
Is IST_3 spanning? : True
Is IST_4 spanning? : True
Is IST_5 spanning? : True
Are all ISTs independent? : True

====TEST CR(350, 53, 106)====
Is IST_0 spanning? : True
Is IST_1 spanning? : True
Is IST_2 spanning? : True
Is IST_3 spanning? : True
Is IST_4 spanning? : True
Is IST_5 spanning? : True
Are all ISTs independent? : True

====TEST CR(351, 53, 106)====
Is IST_0 spanning? : True
Is IST_1 spanning? : True
Is IST_2 spanning? : True
Is IST_3 spanning? : True
Is IST_4 spanning? : True
Is IST_5 spanning? : True
Are all ISTs independent? : True

====TEST CR(352, 53, 106)====
Is IST_0 spanning? : True
Is IST_1 spanning? : True
Is IST_2 spanning? : True
Is IST_3 spanning? : True
Is IST_4 spanning? : True
Is IST_5 spanning? : True
Are all ISTs independent? : True

====TEST CR(353, 53, 106)====
Is IST_0 spanning? : True
Is IST_1 spanning? : True
Is IST_2 spanning? : True
Is IST_3 spanning? : True
Is IST_4 spanning? : True
Is IST_5 spanning? : True
Are all ISTs independent? : True

====TEST CR(354, 53, 106)====
Is IST_0 spanning? : True
Is IST_1 spanning? : True
Is IST_2 spanning? : True
Is IST_3 spanning? : True
Is IST_4 spanning? : True
Is IST_5 spanning? : True
Are all ISTs independent? : True

====TEST CR(355, 53, 106)====
Is IST_0 spanning? : True
Is IST_1 spanning? : True
Is IST_2 spanning? : True
Is IST_3 spanning? : True
Is IST_4 spanning? : True
Is IST_5 spanning? : True
Are all ISTs independent? : True

====TEST CR(356, 53, 106)====
Is IST_0 spanning? : True
Is IST_1 spanning? : True
Is IST_2 spanning? : True
Is IST_3 spanning? : True
Is IST_4 spanning? : True
Is IST_5 spanning? : True
Are all ISTs independent? : True

====TEST CR(357, 53, 106)====
Is IST_0 spanning? : True
Is IST_1 spanning? : True
Is IST_2 spanning? : True
Is IST_3 spanning? : True
Is IST_4 spanning? : True
Is IST_5 spanning? : True
Are all ISTs independent? : True

====TEST CR(358, 53, 106)====
Is IST_0 spanning? : True
Is IST_1 spanning? : True
Is IST_2 spanning? : True
Is IST_3 spanning? : True
Is IST_4 spanning? : True
Is IST_5 spanning? : True
Are all ISTs independent? : True

====TEST CR(359, 53, 106)====
Is IST_0 spanning? : True
Is IST_1 spanning? : True
Is IST_2 spanning? : True
Is IST_3 spanning? : True
Is IST_4 spanning? : True
Is IST_5 spanning? : True
Are all ISTs independent? : True

====TEST CR(360, 53, 106)====
Is IST_0 spanning? : True
Is IST_1 spanning? : True
Is IST_2 spanning? : True
Is IST_3 spanning? : True
Is IST_4 spanning? : True
Is IST_5 spanning? : True
Are all ISTs independent? : True

====TEST CR(361, 53, 106)====
Is IST_0 spanning? : True
Is IST_1 spanning? : True
Is IST_2 spanning? : True
Is IST_3 spanning? : True
Is IST_4 spanning? : True
Is IST_5 spanning? : True
Are all ISTs independent? : True

====TEST CR(362, 53, 106)====
Is IST_0 spanning? : True
Is IST_1 spanning? : True
Is IST_2 spanning? : True
Is IST_3 spanning? : True
Is IST_4 spanning? : True
Is IST_5 spanning? : True
Are all ISTs independent? : True

====TEST CR(363, 53, 106)====
Is IST_0 spanning? : True
Is IST_1 spanning? : True
Is IST_2 spanning? : True
Is IST_3 spanning? : True
Is IST_4 spanning? : True
Is IST_5 spanning? : True
Are all ISTs independent? : True

====TEST CR(364, 53, 106)====
Is IST_0 spanning? : True
Is IST_1 spanning? : True
Is IST_2 spanning? : True
Is IST_3 spanning? : True
Is IST_4 spanning? : True
Is IST_5 spanning? : True
Are all ISTs independent? : True

====TEST CR(365, 53, 106)====
Is IST_0 spanning? : True
Is IST_1 spanning? : True
Is IST_2 spanning? : True
Is IST_3 spanning? : True
Is IST_4 spanning? : True
Is IST_5 spanning? : True
Are all ISTs independent? : True

====TEST CR(366, 53, 106)====
Is IST_0 spanning? : True
Is IST_1 spanning? : True
Is IST_2 spanning? : True
Is IST_3 spanning? : True
Is IST_4 spanning? : True
Is IST_5 spanning? : True
Are all ISTs independent? : True

====TEST CR(367, 53, 106)====
Is IST_0 spanning? : True
Is IST_1 spanning? : True
Is IST_2 spanning? : True
Is IST_3 spanning? : True
Is IST_4 spanning? : True
Is IST_5 spanning? : True
Are all ISTs independent? : True

====TEST CR(368, 53, 106)====
Is IST_0 spanning? : True
Is IST_1 spanning? : True
Is IST_2 spanning? : True
Is IST_3 spanning? : True
Is IST_4 spanning? : True
Is IST_5 spanning? : True
Are all ISTs independent? : True

====TEST CR(369, 53, 106)====
Is IST_0 spanning? : True
Is IST_1 spanning? : True
Is IST_2 spanning? : True
Is IST_3 spanning? : True
Is IST_4 spanning? : True
Is IST_5 spanning? : True
Are all ISTs independent? : True

====TEST CR(370, 53, 106)====
Is IST_0 spanning? : True
Is IST_1 spanning? : True
Is IST_2 spanning? : True
Is IST_3 spanning? : True
Is IST_4 spanning? : True
Is IST_5 spanning? : True
Are all ISTs independent? : True

====TEST CR(371, 53, 106)====
Is IST_0 spanning? : True
Is IST_1 spanning? : True
Is IST_2 spanning? : True
Is IST_3 spanning? : True
Is IST_4 spanning? : True
Is IST_5 spanning? : True
Are all ISTs independent? : True

====TEST CR(372, 53, 106)====
Is IST_0 spanning? : True
Is IST_1 spanning? : True
Is IST_2 spanning? : True
Is IST_3 spanning? : True
Is IST_4 spanning? : True
Is IST_5 spanning? : True
Are all ISTs independent? : True

====TEST CR(373, 53, 106)====
Is IST_0 spanning? : True
Is IST_1 spanning? : True
Is IST_2 spanning? : True
Is IST_3 spanning? : True
Is IST_4 spanning? : True
Is IST_5 spanning? : True
Are all ISTs independent? : True

====TEST CR(374, 53, 106)====
Is IST_0 spanning? : True
Is IST_1 spanning? : True
Is IST_2 spanning? : True
Is IST_3 spanning? : True
Is IST_4 spanning? : True
Is IST_5 spanning? : True
Are all ISTs independent? : True

====TEST CR(375, 53, 106)====
Is IST_0 spanning? : True
Is IST_1 spanning? : True
Is IST_2 spanning? : True
Is IST_3 spanning? : True
Is IST_4 spanning? : True
Is IST_5 spanning? : True
Are all ISTs independent? : True

====TEST CR(376, 53, 106)====
Is IST_0 spanning? : True
Is IST_1 spanning? : True
Is IST_2 spanning? : True
Is IST_3 spanning? : True
Is IST_4 spanning? : True
Is IST_5 spanning? : True
Are all ISTs independent? : True

====TEST CR(377, 53, 106)====
Is IST_0 spanning? : True
Is IST_1 spanning? : True
Is IST_2 spanning? : True
Is IST_3 spanning? : True
Is IST_4 spanning? : True
Is IST_5 spanning? : True
Are all ISTs independent? : True

====TEST CR(378, 53, 106)====
Is IST_0 spanning? : True
Is IST_1 spanning? : True
Is IST_2 spanning? : True
Is IST_3 spanning? : True
Is IST_4 spanning? : True
Is IST_5 spanning? : True
Are all ISTs independent? : True

====TEST CR(379, 53, 106)====
Is IST_0 spanning? : True
Is IST_1 spanning? : True
Is IST_2 spanning? : True
Is IST_3 spanning? : True
Is IST_4 spanning? : True
Is IST_5 spanning? : True
Are all ISTs independent? : True

====TEST CR(380, 53, 106)====
Is IST_0 spanning? : True
Is IST_1 spanning? : True
Is IST_2 spanning? : True
Is IST_3 spanning? : True
Is IST_4 spanning? : True
Is IST_5 spanning? : True
Are all ISTs independent? : True

====TEST CR(381, 53, 106)====
Is IST_0 spanning? : True
Is IST_1 spanning? : True
Is IST_2 spanning? : True
Is IST_3 spanning? : True
Is IST_4 spanning? : True
Is IST_5 spanning? : True
Are all ISTs independent? : True

====TEST CR(382, 53, 106)====
Is IST_0 spanning? : True
Is IST_1 spanning? : True
Is IST_2 spanning? : True
Is IST_3 spanning? : True
Is IST_4 spanning? : True
Is IST_5 spanning? : True
Are all ISTs independent? : True

====TEST CR(383, 53, 106)====
Is IST_0 spanning? : True
Is IST_1 spanning? : True
Is IST_2 spanning? : True
Is IST_3 spanning? : True
Is IST_4 spanning? : True
Is IST_5 spanning? : True
Are all ISTs independent? : True

====TEST CR(384, 53, 106)====
Is IST_0 spanning? : True
Is IST_1 spanning? : True
Is IST_2 spanning? : True
Is IST_3 spanning? : True
Is IST_4 spanning? : True
Is IST_5 spanning? : True
Are all ISTs independent? : True

====TEST CR(385, 53, 106)====
Is IST_0 spanning? : True
Is IST_1 spanning? : True
Is IST_2 spanning? : True
Is IST_3 spanning? : True
Is IST_4 spanning? : True
Is IST_5 spanning? : True
Are all ISTs independent? : True

====TEST CR(386, 53, 106)====
Is IST_0 spanning? : True
Is IST_1 spanning? : True
Is IST_2 spanning? : True
Is IST_3 spanning? : True
Is IST_4 spanning? : True
Is IST_5 spanning? : True
Are all ISTs independent? : True

====TEST CR(387, 53, 106)====
Is IST_0 spanning? : True
Is IST_1 spanning? : True
Is IST_2 spanning? : True
Is IST_3 spanning? : True
Is IST_4 spanning? : True
Is IST_5 spanning? : True
Are all ISTs independent? : True

====TEST CR(388, 53, 106)====
Is IST_0 spanning? : True
Is IST_1 spanning? : True
Is IST_2 spanning? : True
Is IST_3 spanning? : True
Is IST_4 spanning? : True
Is IST_5 spanning? : True
Are all ISTs independent? : True

====TEST CR(389, 53, 106)====
Is IST_0 spanning? : True
Is IST_1 spanning? : True
Is IST_2 spanning? : True
Is IST_3 spanning? : True
Is IST_4 spanning? : True
Is IST_5 spanning? : True
Are all ISTs independent? : True

====TEST CR(390, 53, 106)====
Is IST_0 spanning? : True
Is IST_1 spanning? : True
Is IST_2 spanning? : True
Is IST_3 spanning? : True
Is IST_4 spanning? : True
Is IST_5 spanning? : True
Are all ISTs independent? : True

====TEST CR(391, 53, 106)====
Is IST_0 spanning? : True
Is IST_1 spanning? : True
Is IST_2 spanning? : True
Is IST_3 spanning? : True
Is IST_4 spanning? : True
Is IST_5 spanning? : True
Are all ISTs independent? : True

====TEST CR(392, 53, 106)====
Is IST_0 spanning? : True
Is IST_1 spanning? : True
Is IST_2 spanning? : True
Is IST_3 spanning? : True
Is IST_4 spanning? : True
Is IST_5 spanning? : True
Are all ISTs independent? : True

====TEST CR(393, 53, 106)====
Is IST_0 spanning? : True
Is IST_1 spanning? : True
Is IST_2 spanning? : True
Is IST_3 spanning? : True
Is IST_4 spanning? : True
Is IST_5 spanning? : True
Are all ISTs independent? : True

====TEST CR(394, 53, 106)====
Is IST_0 spanning? : True
Is IST_1 spanning? : True
Is IST_2 spanning? : True
Is IST_3 spanning? : True
Is IST_4 spanning? : True
Is IST_5 spanning? : True
Are all ISTs independent? : True

====TEST CR(395, 53, 106)====
Is IST_0 spanning? : True
Is IST_1 spanning? : True
Is IST_2 spanning? : True
Is IST_3 spanning? : True
Is IST_4 spanning? : True
Is IST_5 spanning? : True
Are all ISTs independent? : True

====TEST CR(396, 53, 106)====
Is IST_0 spanning? : True
Is IST_1 spanning? : True
Is IST_2 spanning? : True
Is IST_3 spanning? : True
Is IST_4 spanning? : True
Is IST_5 spanning? : True
Are all ISTs independent? : True

====TEST CR(397, 53, 106)====
Is IST_0 spanning? : True
Is IST_1 spanning? : True
Is IST_2 spanning? : True
Is IST_3 spanning? : True
Is IST_4 spanning? : True
Is IST_5 spanning? : True
Are all ISTs independent? : True

====TEST CR(398, 53, 106)====
Is IST_0 spanning? : True
Is IST_1 spanning? : True
Is IST_2 spanning? : True
Is IST_3 spanning? : True
Is IST_4 spanning? : True
Is IST_5 spanning? : True
Are all ISTs independent? : True

====TEST CR(399, 53, 106)====
Is IST_0 spanning? : True
Is IST_1 spanning? : True
Is IST_2 spanning? : True
Is IST_3 spanning? : True
Is IST_4 spanning? : True
Is IST_5 spanning? : True
Are all ISTs independent? : True

====TEST CR(400, 53, 106)====
Is IST_0 spanning? : True
Is IST_1 spanning? : True
Is IST_2 spanning? : True
Is IST_3 spanning? : True
Is IST_4 spanning? : True
Is IST_5 spanning? : True
Are all ISTs independent? : True

====TEST CR(401, 53, 106)====
Is IST_0 spanning? : True
Is IST_1 spanning? : True
Is IST_2 spanning? : True
Is IST_3 spanning? : True
Is IST_4 spanning? : True
Is IST_5 spanning? : True
Are all ISTs independent? : True

====TEST CR(402, 53, 106)====
Is IST_0 spanning? : True
Is IST_1 spanning? : True
Is IST_2 spanning? : True
Is IST_3 spanning? : True
Is IST_4 spanning? : True
Is IST_5 spanning? : True
Are all ISTs independent? : True

====TEST CR(403, 53, 106)====
Is IST_0 spanning? : True
Is IST_1 spanning? : True
Is IST_2 spanning? : True
Is IST_3 spanning? : True
Is IST_4 spanning? : True
Is IST_5 spanning? : True
Are all ISTs independent? : True

====TEST CR(404, 53, 106)====
Is IST_0 spanning? : True
Is IST_1 spanning? : True
Is IST_2 spanning? : True
Is IST_3 spanning? : True
Is IST_4 spanning? : True
Is IST_5 spanning? : True
Are all ISTs independent? : True

====TEST CR(405, 53, 106)====
Is IST_0 spanning? : True
Is IST_1 spanning? : True
Is IST_2 spanning? : True
Is IST_3 spanning? : True
Is IST_4 spanning? : True
Is IST_5 spanning? : True
Are all ISTs independent? : True

====TEST CR(406, 53, 106)====
Is IST_0 spanning? : True
Is IST_1 spanning? : True
Is IST_2 spanning? : True
Is IST_3 spanning? : True
Is IST_4 spanning? : True
Is IST_5 spanning? : True
Are all ISTs independent? : True

====TEST CR(407, 53, 106)====
Is IST_0 spanning? : True
Is IST_1 spanning? : True
Is IST_2 spanning? : True
Is IST_3 spanning? : True
Is IST_4 spanning? : True
Is IST_5 spanning? : True
Are all ISTs independent? : True

====TEST CR(408, 53, 106)====
Is IST_0 spanning? : True
Is IST_1 spanning? : True
Is IST_2 spanning? : True
Is IST_3 spanning? : True
Is IST_4 spanning? : True
Is IST_5 spanning? : True
Are all ISTs independent? : True

====TEST CR(409, 53, 106)====
Is IST_0 spanning? : True
Is IST_1 spanning? : True
Is IST_2 spanning? : True
Is IST_3 spanning? : True
Is IST_4 spanning? : True
Is IST_5 spanning? : True
Are all ISTs independent? : True

====TEST CR(410, 53, 106)====
Is IST_0 spanning? : True
Is IST_1 spanning? : True
Is IST_2 spanning? : True
Is IST_3 spanning? : True
Is IST_4 spanning? : True
Is IST_5 spanning? : True
Are all ISTs independent? : True

====TEST CR(411, 53, 106)====
Is IST_0 spanning? : True
Is IST_1 spanning? : True
Is IST_2 spanning? : True
Is IST_3 spanning? : True
Is IST_4 spanning? : True
Is IST_5 spanning? : True
Are all ISTs independent? : True

====TEST CR(412, 53, 106)====
Is IST_0 spanning? : True
Is IST_1 spanning? : True
Is IST_2 spanning? : True
Is IST_3 spanning? : True
Is IST_4 spanning? : True
Is IST_5 spanning? : True
Are all ISTs independent? : True

====TEST CR(413, 53, 106)====
Is IST_0 spanning? : True
Is IST_1 spanning? : True
Is IST_2 spanning? : True
Is IST_3 spanning? : True
Is IST_4 spanning? : True
Is IST_5 spanning? : True
Are all ISTs independent? : True

====TEST CR(414, 53, 106)====
Is IST_0 spanning? : True
Is IST_1 spanning? : True
Is IST_2 spanning? : True
Is IST_3 spanning? : True
Is IST_4 spanning? : True
Is IST_5 spanning? : True
Are all ISTs independent? : True

====TEST CR(415, 53, 106)====
Is IST_0 spanning? : True
Is IST_1 spanning? : True
Is IST_2 spanning? : True
Is IST_3 spanning? : True
Is IST_4 spanning? : True
Is IST_5 spanning? : True
Are all ISTs independent? : True

====TEST CR(416, 53, 106)====
Is IST_0 spanning? : True
Is IST_1 spanning? : True
Is IST_2 spanning? : True
Is IST_3 spanning? : True
Is IST_4 spanning? : True
Is IST_5 spanning? : True
Are all ISTs independent? : True

====TEST CR(417, 53, 106)====
Is IST_0 spanning? : True
Is IST_1 spanning? : True
Is IST_2 spanning? : True
Is IST_3 spanning? : True
Is IST_4 spanning? : True
Is IST_5 spanning? : True
Are all ISTs independent? : True

====TEST CR(418, 53, 106)====
Is IST_0 spanning? : True
Is IST_1 spanning? : True
Is IST_2 spanning? : True
Is IST_3 spanning? : True
Is IST_4 spanning? : True
Is IST_5 spanning? : True
Are all ISTs independent? : True

====TEST CR(419, 53, 106)====
Is IST_0 spanning? : True
Is IST_1 spanning? : True
Is IST_2 spanning? : True
Is IST_3 spanning? : True
Is IST_4 spanning? : True
Is IST_5 spanning? : True
Are all ISTs independent? : True

====TEST CR(420, 53, 106)====
Is IST_0 spanning? : True
Is IST_1 spanning? : True
Is IST_2 spanning? : True
Is IST_3 spanning? : True
Is IST_4 spanning? : True
Is IST_5 spanning? : True
Are all ISTs independent? : True

====TEST CR(421, 53, 106)====
Is IST_0 spanning? : True
Is IST_1 spanning? : True
Is IST_2 spanning? : True
Is IST_3 spanning? : True
Is IST_4 spanning? : True
Is IST_5 spanning? : True
Are all ISTs independent? : True

====TEST CR(422, 53, 106)====
Is IST_0 spanning? : True
Is IST_1 spanning? : True
Is IST_2 spanning? : True
Is IST_3 spanning? : True
Is IST_4 spanning? : True
Is IST_5 spanning? : True
Are all ISTs independent? : True

====TEST CR(423, 53, 106)====
Is IST_0 spanning? : True
Is IST_1 spanning? : True
Is IST_2 spanning? : True
Is IST_3 spanning? : True
Is IST_4 spanning? : True
Is IST_5 spanning? : True
Are all ISTs independent? : True

====TEST CR(424, 53, 106)====
Is IST_0 spanning? : True
Is IST_1 spanning? : True
Is IST_2 spanning? : True
Is IST_3 spanning? : True
Is IST_4 spanning? : True
Is IST_5 spanning? : True
Are all ISTs independent? : True

====TEST CR(425, 53, 106)====
Is IST_0 spanning? : True
Is IST_1 spanning? : True
Is IST_2 spanning? : True
Is IST_3 spanning? : True
Is IST_4 spanning? : True
Is IST_5 spanning? : True
Are all ISTs independent? : True

====TEST CR(426, 53, 106)====
Is IST_0 spanning? : True
Is IST_1 spanning? : True
Is IST_2 spanning? : True
Is IST_3 spanning? : True
Is IST_4 spanning? : True
Is IST_5 spanning? : True
Are all ISTs independent? : True

====TEST CR(427, 53, 106)====
Is IST_0 spanning? : True
Is IST_1 spanning? : True
Is IST_2 spanning? : True
Is IST_3 spanning? : True
Is IST_4 spanning? : True
Is IST_5 spanning? : True
Are all ISTs independent? : True

====TEST CR(428, 53, 106)====
Is IST_0 spanning? : True
Is IST_1 spanning? : True
Is IST_2 spanning? : True
Is IST_3 spanning? : True
Is IST_4 spanning? : True
Is IST_5 spanning? : True
Are all ISTs independent? : True

====TEST CR(429, 53, 106)====
Is IST_0 spanning? : True
Is IST_1 spanning? : True
Is IST_2 spanning? : True
Is IST_3 spanning? : True
Is IST_4 spanning? : True
Is IST_5 spanning? : True
Are all ISTs independent? : True

====TEST CR(430, 53, 106)====
Is IST_0 spanning? : True
Is IST_1 spanning? : True
Is IST_2 spanning? : True
Is IST_3 spanning? : True
Is IST_4 spanning? : True
Is IST_5 spanning? : True
Are all ISTs independent? : True

====TEST CR(431, 53, 106)====
Is IST_0 spanning? : True
Is IST_1 spanning? : True
Is IST_2 spanning? : True
Is IST_3 spanning? : True
Is IST_4 spanning? : True
Is IST_5 spanning? : True
Are all ISTs independent? : True

====TEST CR(432, 53, 106)====
Is IST_0 spanning? : True
Is IST_1 spanning? : True
Is IST_2 spanning? : True
Is IST_3 spanning? : True
Is IST_4 spanning? : True
Is IST_5 spanning? : True
Are all ISTs independent? : True

====TEST CR(433, 53, 106)====
Is IST_0 spanning? : True
Is IST_1 spanning? : True
Is IST_2 spanning? : True
Is IST_3 spanning? : True
Is IST_4 spanning? : True
Is IST_5 spanning? : True
Are all ISTs independent? : True

====TEST CR(434, 53, 106)====
Is IST_0 spanning? : True
Is IST_1 spanning? : True
Is IST_2 spanning? : True
Is IST_3 spanning? : True
Is IST_4 spanning? : True
Is IST_5 spanning? : True
Are all ISTs independent? : True

====TEST CR(435, 53, 106)====
Is IST_0 spanning? : True
Is IST_1 spanning? : True
Is IST_2 spanning? : True
Is IST_3 spanning? : True
Is IST_4 spanning? : True
Is IST_5 spanning? : True
Are all ISTs independent? : True

====TEST CR(436, 53, 106)====
Is IST_0 spanning? : True
Is IST_1 spanning? : True
Is IST_2 spanning? : True
Is IST_3 spanning? : True
Is IST_4 spanning? : True
Is IST_5 spanning? : True
Are all ISTs independent? : True

====TEST CR(437, 53, 106)====
Is IST_0 spanning? : True
Is IST_1 spanning? : True
Is IST_2 spanning? : True
Is IST_3 spanning? : True
Is IST_4 spanning? : True
Is IST_5 spanning? : True
Are all ISTs independent? : True

====TEST CR(438, 53, 106)====
Is IST_0 spanning? : True
Is IST_1 spanning? : True
Is IST_2 spanning? : True
Is IST_3 spanning? : True
Is IST_4 spanning? : True
Is IST_5 spanning? : True
Are all ISTs independent? : True

====TEST CR(439, 53, 106)====
Is IST_0 spanning? : True
Is IST_1 spanning? : True
Is IST_2 spanning? : True
Is IST_3 spanning? : True
Is IST_4 spanning? : True
Is IST_5 spanning? : True
Are all ISTs independent? : True

====TEST CR(440, 53, 106)====
Is IST_0 spanning? : True
Is IST_1 spanning? : True
Is IST_2 spanning? : True
Is IST_3 spanning? : True
Is IST_4 spanning? : True
Is IST_5 spanning? : True
Are all ISTs independent? : True

====TEST CR(441, 53, 106)====
Is IST_0 spanning? : True
Is IST_1 spanning? : True
Is IST_2 spanning? : True
Is IST_3 spanning? : True
Is IST_4 spanning? : True
Is IST_5 spanning? : True
Are all ISTs independent? : True

====TEST CR(442, 53, 106)====
Is IST_0 spanning? : True
Is IST_1 spanning? : True
Is IST_2 spanning? : True
Is IST_3 spanning? : True
Is IST_4 spanning? : True
Is IST_5 spanning? : True
Are all ISTs independent? : True

====TEST CR(443, 53, 106)====
Is IST_0 spanning? : True
Is IST_1 spanning? : True
Is IST_2 spanning? : True
Is IST_3 spanning? : True
Is IST_4 spanning? : True
Is IST_5 spanning? : True
Are all ISTs independent? : True

====TEST CR(444, 53, 106)====
Is IST_0 spanning? : True
Is IST_1 spanning? : True
Is IST_2 spanning? : True
Is IST_3 spanning? : True
Is IST_4 spanning? : True
Is IST_5 spanning? : True
Are all ISTs independent? : True

====TEST CR(445, 53, 106)====
Is IST_0 spanning? : True
Is IST_1 spanning? : True
Is IST_2 spanning? : True
Is IST_3 spanning? : True
Is IST_4 spanning? : True
Is IST_5 spanning? : True
Are all ISTs independent? : True

====TEST CR(446, 53, 106)====
Is IST_0 spanning? : True
Is IST_1 spanning? : True
Is IST_2 spanning? : True
Is IST_3 spanning? : True
Is IST_4 spanning? : True
Is IST_5 spanning? : True
Are all ISTs independent? : True

====TEST CR(324, 54, 108)====
Is IST_0 spanning? : True
Is IST_1 spanning? : True
Is IST_2 spanning? : True
Is IST_3 spanning? : True
Is IST_4 spanning? : True
Is IST_5 spanning? : True
Are all ISTs independent? : True

====TEST CR(325, 54, 108)====
Is IST_0 spanning? : True
Is IST_1 spanning? : True
Is IST_2 spanning? : True
Is IST_3 spanning? : True
Is IST_4 spanning? : True
Is IST_5 spanning? : True
Are all ISTs independent? : True

====TEST CR(326, 54, 108)====
Is IST_0 spanning? : True
Is IST_1 spanning? : True
Is IST_2 spanning? : True
Is IST_3 spanning? : True
Is IST_4 spanning? : True
Is IST_5 spanning? : True
Are all ISTs independent? : True

====TEST CR(327, 54, 108)====
Is IST_0 spanning? : True
Is IST_1 spanning? : True
Is IST_2 spanning? : True
Is IST_3 spanning? : True
Is IST_4 spanning? : True
Is IST_5 spanning? : True
Are all ISTs independent? : True

====TEST CR(328, 54, 108)====
Is IST_0 spanning? : True
Is IST_1 spanning? : True
Is IST_2 spanning? : True
Is IST_3 spanning? : True
Is IST_4 spanning? : True
Is IST_5 spanning? : True
Are all ISTs independent? : True

====TEST CR(329, 54, 108)====
Is IST_0 spanning? : True
Is IST_1 spanning? : True
Is IST_2 spanning? : True
Is IST_3 spanning? : True
Is IST_4 spanning? : True
Is IST_5 spanning? : True
Are all ISTs independent? : True

====TEST CR(330, 54, 108)====
Is IST_0 spanning? : True
Is IST_1 spanning? : True
Is IST_2 spanning? : True
Is IST_3 spanning? : True
Is IST_4 spanning? : True
Is IST_5 spanning? : True
Are all ISTs independent? : True

====TEST CR(331, 54, 108)====
Is IST_0 spanning? : True
Is IST_1 spanning? : True
Is IST_2 spanning? : True
Is IST_3 spanning? : True
Is IST_4 spanning? : True
Is IST_5 spanning? : True
Are all ISTs independent? : True

====TEST CR(332, 54, 108)====
Is IST_0 spanning? : True
Is IST_1 spanning? : True
Is IST_2 spanning? : True
Is IST_3 spanning? : True
Is IST_4 spanning? : True
Is IST_5 spanning? : True
Are all ISTs independent? : True

====TEST CR(333, 54, 108)====
Is IST_0 spanning? : True
Is IST_1 spanning? : True
Is IST_2 spanning? : True
Is IST_3 spanning? : True
Is IST_4 spanning? : True
Is IST_5 spanning? : True
Are all ISTs independent? : True

====TEST CR(334, 54, 108)====
Is IST_0 spanning? : True
Is IST_1 spanning? : True
Is IST_2 spanning? : True
Is IST_3 spanning? : True
Is IST_4 spanning? : True
Is IST_5 spanning? : True
Are all ISTs independent? : True

====TEST CR(335, 54, 108)====
Is IST_0 spanning? : True
Is IST_1 spanning? : True
Is IST_2 spanning? : True
Is IST_3 spanning? : True
Is IST_4 spanning? : True
Is IST_5 spanning? : True
Are all ISTs independent? : True

====TEST CR(336, 54, 108)====
Is IST_0 spanning? : True
Is IST_1 spanning? : True
Is IST_2 spanning? : True
Is IST_3 spanning? : True
Is IST_4 spanning? : True
Is IST_5 spanning? : True
Are all ISTs independent? : True

====TEST CR(337, 54, 108)====
Is IST_0 spanning? : True
Is IST_1 spanning? : True
Is IST_2 spanning? : True
Is IST_3 spanning? : True
Is IST_4 spanning? : True
Is IST_5 spanning? : True
Are all ISTs independent? : True

====TEST CR(338, 54, 108)====
Is IST_0 spanning? : True
Is IST_1 spanning? : True
Is IST_2 spanning? : True
Is IST_3 spanning? : True
Is IST_4 spanning? : True
Is IST_5 spanning? : True
Are all ISTs independent? : True

====TEST CR(339, 54, 108)====
Is IST_0 spanning? : True
Is IST_1 spanning? : True
Is IST_2 spanning? : True
Is IST_3 spanning? : True
Is IST_4 spanning? : True
Is IST_5 spanning? : True
Are all ISTs independent? : True

====TEST CR(340, 54, 108)====
Is IST_0 spanning? : True
Is IST_1 spanning? : True
Is IST_2 spanning? : True
Is IST_3 spanning? : True
Is IST_4 spanning? : True
Is IST_5 spanning? : True
Are all ISTs independent? : True

====TEST CR(341, 54, 108)====
Is IST_0 spanning? : True
Is IST_1 spanning? : True
Is IST_2 spanning? : True
Is IST_3 spanning? : True
Is IST_4 spanning? : True
Is IST_5 spanning? : True
Are all ISTs independent? : True

====TEST CR(342, 54, 108)====
Is IST_0 spanning? : True
Is IST_1 spanning? : True
Is IST_2 spanning? : True
Is IST_3 spanning? : True
Is IST_4 spanning? : True
Is IST_5 spanning? : True
Are all ISTs independent? : True

====TEST CR(343, 54, 108)====
Is IST_0 spanning? : True
Is IST_1 spanning? : True
Is IST_2 spanning? : True
Is IST_3 spanning? : True
Is IST_4 spanning? : True
Is IST_5 spanning? : True
Are all ISTs independent? : True

====TEST CR(344, 54, 108)====
Is IST_0 spanning? : True
Is IST_1 spanning? : True
Is IST_2 spanning? : True
Is IST_3 spanning? : True
Is IST_4 spanning? : True
Is IST_5 spanning? : True
Are all ISTs independent? : True

====TEST CR(345, 54, 108)====
Is IST_0 spanning? : True
Is IST_1 spanning? : True
Is IST_2 spanning? : True
Is IST_3 spanning? : True
Is IST_4 spanning? : True
Is IST_5 spanning? : True
Are all ISTs independent? : True

====TEST CR(346, 54, 108)====
Is IST_0 spanning? : True
Is IST_1 spanning? : True
Is IST_2 spanning? : True
Is IST_3 spanning? : True
Is IST_4 spanning? : True
Is IST_5 spanning? : True
Are all ISTs independent? : True

====TEST CR(347, 54, 108)====
Is IST_0 spanning? : True
Is IST_1 spanning? : True
Is IST_2 spanning? : True
Is IST_3 spanning? : True
Is IST_4 spanning? : True
Is IST_5 spanning? : True
Are all ISTs independent? : True

====TEST CR(348, 54, 108)====
Is IST_0 spanning? : True
Is IST_1 spanning? : True
Is IST_2 spanning? : True
Is IST_3 spanning? : True
Is IST_4 spanning? : True
Is IST_5 spanning? : True
Are all ISTs independent? : True

====TEST CR(349, 54, 108)====
Is IST_0 spanning? : True
Is IST_1 spanning? : True
Is IST_2 spanning? : True
Is IST_3 spanning? : True
Is IST_4 spanning? : True
Is IST_5 spanning? : True
Are all ISTs independent? : True

====TEST CR(350, 54, 108)====
Is IST_0 spanning? : True
Is IST_1 spanning? : True
Is IST_2 spanning? : True
Is IST_3 spanning? : True
Is IST_4 spanning? : True
Is IST_5 spanning? : True
Are all ISTs independent? : True

====TEST CR(351, 54, 108)====
Is IST_0 spanning? : True
Is IST_1 spanning? : True
Is IST_2 spanning? : True
Is IST_3 spanning? : True
Is IST_4 spanning? : True
Is IST_5 spanning? : True
Are all ISTs independent? : True

====TEST CR(352, 54, 108)====
Is IST_0 spanning? : True
Is IST_1 spanning? : True
Is IST_2 spanning? : True
Is IST_3 spanning? : True
Is IST_4 spanning? : True
Is IST_5 spanning? : True
Are all ISTs independent? : True

====TEST CR(353, 54, 108)====
Is IST_0 spanning? : True
Is IST_1 spanning? : True
Is IST_2 spanning? : True
Is IST_3 spanning? : True
Is IST_4 spanning? : True
Is IST_5 spanning? : True
Are all ISTs independent? : True

====TEST CR(354, 54, 108)====
Is IST_0 spanning? : True
Is IST_1 spanning? : True
Is IST_2 spanning? : True
Is IST_3 spanning? : True
Is IST_4 spanning? : True
Is IST_5 spanning? : True
Are all ISTs independent? : True

====TEST CR(355, 54, 108)====
Is IST_0 spanning? : True
Is IST_1 spanning? : True
Is IST_2 spanning? : True
Is IST_3 spanning? : True
Is IST_4 spanning? : True
Is IST_5 spanning? : True
Are all ISTs independent? : True

====TEST CR(356, 54, 108)====
Is IST_0 spanning? : True
Is IST_1 spanning? : True
Is IST_2 spanning? : True
Is IST_3 spanning? : True
Is IST_4 spanning? : True
Is IST_5 spanning? : True
Are all ISTs independent? : True

====TEST CR(357, 54, 108)====
Is IST_0 spanning? : True
Is IST_1 spanning? : True
Is IST_2 spanning? : True
Is IST_3 spanning? : True
Is IST_4 spanning? : True
Is IST_5 spanning? : True
Are all ISTs independent? : True

====TEST CR(358, 54, 108)====
Is IST_0 spanning? : True
Is IST_1 spanning? : True
Is IST_2 spanning? : True
Is IST_3 spanning? : True
Is IST_4 spanning? : True
Is IST_5 spanning? : True
Are all ISTs independent? : True

====TEST CR(359, 54, 108)====
Is IST_0 spanning? : True
Is IST_1 spanning? : True
Is IST_2 spanning? : True
Is IST_3 spanning? : True
Is IST_4 spanning? : True
Is IST_5 spanning? : True
Are all ISTs independent? : True

====TEST CR(360, 54, 108)====
Is IST_0 spanning? : True
Is IST_1 spanning? : True
Is IST_2 spanning? : True
Is IST_3 spanning? : True
Is IST_4 spanning? : True
Is IST_5 spanning? : True
Are all ISTs independent? : True

====TEST CR(361, 54, 108)====
Is IST_0 spanning? : True
Is IST_1 spanning? : True
Is IST_2 spanning? : True
Is IST_3 spanning? : True
Is IST_4 spanning? : True
Is IST_5 spanning? : True
Are all ISTs independent? : True

====TEST CR(362, 54, 108)====
Is IST_0 spanning? : True
Is IST_1 spanning? : True
Is IST_2 spanning? : True
Is IST_3 spanning? : True
Is IST_4 spanning? : True
Is IST_5 spanning? : True
Are all ISTs independent? : True

====TEST CR(363, 54, 108)====
Is IST_0 spanning? : True
Is IST_1 spanning? : True
Is IST_2 spanning? : True
Is IST_3 spanning? : True
Is IST_4 spanning? : True
Is IST_5 spanning? : True
Are all ISTs independent? : True

====TEST CR(364, 54, 108)====
Is IST_0 spanning? : True
Is IST_1 spanning? : True
Is IST_2 spanning? : True
Is IST_3 spanning? : True
Is IST_4 spanning? : True
Is IST_5 spanning? : True
Are all ISTs independent? : True

====TEST CR(365, 54, 108)====
Is IST_0 spanning? : True
Is IST_1 spanning? : True
Is IST_2 spanning? : True
Is IST_3 spanning? : True
Is IST_4 spanning? : True
Is IST_5 spanning? : True
Are all ISTs independent? : True

====TEST CR(366, 54, 108)====
Is IST_0 spanning? : True
Is IST_1 spanning? : True
Is IST_2 spanning? : True
Is IST_3 spanning? : True
Is IST_4 spanning? : True
Is IST_5 spanning? : True
Are all ISTs independent? : True

====TEST CR(367, 54, 108)====
Is IST_0 spanning? : True
Is IST_1 spanning? : True
Is IST_2 spanning? : True
Is IST_3 spanning? : True
Is IST_4 spanning? : True
Is IST_5 spanning? : True
Are all ISTs independent? : True

====TEST CR(368, 54, 108)====
Is IST_0 spanning? : True
Is IST_1 spanning? : True
Is IST_2 spanning? : True
Is IST_3 spanning? : True
Is IST_4 spanning? : True
Is IST_5 spanning? : True
Are all ISTs independent? : True

====TEST CR(369, 54, 108)====
Is IST_0 spanning? : True
Is IST_1 spanning? : True
Is IST_2 spanning? : True
Is IST_3 spanning? : True
Is IST_4 spanning? : True
Is IST_5 spanning? : True
Are all ISTs independent? : True

====TEST CR(370, 54, 108)====
Is IST_0 spanning? : True
Is IST_1 spanning? : True
Is IST_2 spanning? : True
Is IST_3 spanning? : True
Is IST_4 spanning? : True
Is IST_5 spanning? : True
Are all ISTs independent? : True

====TEST CR(371, 54, 108)====
Is IST_0 spanning? : True
Is IST_1 spanning? : True
Is IST_2 spanning? : True
Is IST_3 spanning? : True
Is IST_4 spanning? : True
Is IST_5 spanning? : True
Are all ISTs independent? : True

====TEST CR(372, 54, 108)====
Is IST_0 spanning? : True
Is IST_1 spanning? : True
Is IST_2 spanning? : True
Is IST_3 spanning? : True
Is IST_4 spanning? : True
Is IST_5 spanning? : True
Are all ISTs independent? : True

====TEST CR(373, 54, 108)====
Is IST_0 spanning? : True
Is IST_1 spanning? : True
Is IST_2 spanning? : True
Is IST_3 spanning? : True
Is IST_4 spanning? : True
Is IST_5 spanning? : True
Are all ISTs independent? : True

====TEST CR(374, 54, 108)====
Is IST_0 spanning? : True
Is IST_1 spanning? : True
Is IST_2 spanning? : True
Is IST_3 spanning? : True
Is IST_4 spanning? : True
Is IST_5 spanning? : True
Are all ISTs independent? : True

====TEST CR(375, 54, 108)====
Is IST_0 spanning? : True
Is IST_1 spanning? : True
Is IST_2 spanning? : True
Is IST_3 spanning? : True
Is IST_4 spanning? : True
Is IST_5 spanning? : True
Are all ISTs independent? : True

====TEST CR(376, 54, 108)====
Is IST_0 spanning? : True
Is IST_1 spanning? : True
Is IST_2 spanning? : True
Is IST_3 spanning? : True
Is IST_4 spanning? : True
Is IST_5 spanning? : True
Are all ISTs independent? : True

====TEST CR(377, 54, 108)====
Is IST_0 spanning? : True
Is IST_1 spanning? : True
Is IST_2 spanning? : True
Is IST_3 spanning? : True
Is IST_4 spanning? : True
Is IST_5 spanning? : True
Are all ISTs independent? : True

====TEST CR(378, 54, 108)====
Is IST_0 spanning? : True
Is IST_1 spanning? : True
Is IST_2 spanning? : True
Is IST_3 spanning? : True
Is IST_4 spanning? : True
Is IST_5 spanning? : True
Are all ISTs independent? : True

====TEST CR(379, 54, 108)====
Is IST_0 spanning? : True
Is IST_1 spanning? : True
Is IST_2 spanning? : True
Is IST_3 spanning? : True
Is IST_4 spanning? : True
Is IST_5 spanning? : True
Are all ISTs independent? : True

====TEST CR(380, 54, 108)====
Is IST_0 spanning? : True
Is IST_1 spanning? : True
Is IST_2 spanning? : True
Is IST_3 spanning? : True
Is IST_4 spanning? : True
Is IST_5 spanning? : True
Are all ISTs independent? : True

====TEST CR(381, 54, 108)====
Is IST_0 spanning? : True
Is IST_1 spanning? : True
Is IST_2 spanning? : True
Is IST_3 spanning? : True
Is IST_4 spanning? : True
Is IST_5 spanning? : True
Are all ISTs independent? : True

====TEST CR(382, 54, 108)====
Is IST_0 spanning? : True
Is IST_1 spanning? : True
Is IST_2 spanning? : True
Is IST_3 spanning? : True
Is IST_4 spanning? : True
Is IST_5 spanning? : True
Are all ISTs independent? : True

====TEST CR(383, 54, 108)====
Is IST_0 spanning? : True
Is IST_1 spanning? : True
Is IST_2 spanning? : True
Is IST_3 spanning? : True
Is IST_4 spanning? : True
Is IST_5 spanning? : True
Are all ISTs independent? : True

====TEST CR(384, 54, 108)====
Is IST_0 spanning? : True
Is IST_1 spanning? : True
Is IST_2 spanning? : True
Is IST_3 spanning? : True
Is IST_4 spanning? : True
Is IST_5 spanning? : True
Are all ISTs independent? : True

====TEST CR(385, 54, 108)====
Is IST_0 spanning? : True
Is IST_1 spanning? : True
Is IST_2 spanning? : True
Is IST_3 spanning? : True
Is IST_4 spanning? : True
Is IST_5 spanning? : True
Are all ISTs independent? : True

====TEST CR(386, 54, 108)====
Is IST_0 spanning? : True
Is IST_1 spanning? : True
Is IST_2 spanning? : True
Is IST_3 spanning? : True
Is IST_4 spanning? : True
Is IST_5 spanning? : True
Are all ISTs independent? : True

====TEST CR(387, 54, 108)====
Is IST_0 spanning? : True
Is IST_1 spanning? : True
Is IST_2 spanning? : True
Is IST_3 spanning? : True
Is IST_4 spanning? : True
Is IST_5 spanning? : True
Are all ISTs independent? : True

====TEST CR(388, 54, 108)====
Is IST_0 spanning? : True
Is IST_1 spanning? : True
Is IST_2 spanning? : True
Is IST_3 spanning? : True
Is IST_4 spanning? : True
Is IST_5 spanning? : True
Are all ISTs independent? : True

====TEST CR(389, 54, 108)====
Is IST_0 spanning? : True
Is IST_1 spanning? : True
Is IST_2 spanning? : True
Is IST_3 spanning? : True
Is IST_4 spanning? : True
Is IST_5 spanning? : True
Are all ISTs independent? : True

====TEST CR(390, 54, 108)====
Is IST_0 spanning? : True
Is IST_1 spanning? : True
Is IST_2 spanning? : True
Is IST_3 spanning? : True
Is IST_4 spanning? : True
Is IST_5 spanning? : True
Are all ISTs independent? : True

====TEST CR(391, 54, 108)====
Is IST_0 spanning? : True
Is IST_1 spanning? : True
Is IST_2 spanning? : True
Is IST_3 spanning? : True
Is IST_4 spanning? : True
Is IST_5 spanning? : True
Are all ISTs independent? : True

====TEST CR(392, 54, 108)====
Is IST_0 spanning? : True
Is IST_1 spanning? : True
Is IST_2 spanning? : True
Is IST_3 spanning? : True
Is IST_4 spanning? : True
Is IST_5 spanning? : True
Are all ISTs independent? : True

====TEST CR(393, 54, 108)====
Is IST_0 spanning? : True
Is IST_1 spanning? : True
Is IST_2 spanning? : True
Is IST_3 spanning? : True
Is IST_4 spanning? : True
Is IST_5 spanning? : True
Are all ISTs independent? : True

====TEST CR(394, 54, 108)====
Is IST_0 spanning? : True
Is IST_1 spanning? : True
Is IST_2 spanning? : True
Is IST_3 spanning? : True
Is IST_4 spanning? : True
Is IST_5 spanning? : True
Are all ISTs independent? : True

====TEST CR(395, 54, 108)====
Is IST_0 spanning? : True
Is IST_1 spanning? : True
Is IST_2 spanning? : True
Is IST_3 spanning? : True
Is IST_4 spanning? : True
Is IST_5 spanning? : True
Are all ISTs independent? : True

====TEST CR(396, 54, 108)====
Is IST_0 spanning? : True
Is IST_1 spanning? : True
Is IST_2 spanning? : True
Is IST_3 spanning? : True
Is IST_4 spanning? : True
Is IST_5 spanning? : True
Are all ISTs independent? : True

====TEST CR(397, 54, 108)====
Is IST_0 spanning? : True
Is IST_1 spanning? : True
Is IST_2 spanning? : True
Is IST_3 spanning? : True
Is IST_4 spanning? : True
Is IST_5 spanning? : True
Are all ISTs independent? : True

====TEST CR(398, 54, 108)====
Is IST_0 spanning? : True
Is IST_1 spanning? : True
Is IST_2 spanning? : True
Is IST_3 spanning? : True
Is IST_4 spanning? : True
Is IST_5 spanning? : True
Are all ISTs independent? : True

====TEST CR(399, 54, 108)====
Is IST_0 spanning? : True
Is IST_1 spanning? : True
Is IST_2 spanning? : True
Is IST_3 spanning? : True
Is IST_4 spanning? : True
Is IST_5 spanning? : True
Are all ISTs independent? : True

====TEST CR(400, 54, 108)====
Is IST_0 spanning? : True
Is IST_1 spanning? : True
Is IST_2 spanning? : True
Is IST_3 spanning? : True
Is IST_4 spanning? : True
Is IST_5 spanning? : True
Are all ISTs independent? : True

====TEST CR(401, 54, 108)====
Is IST_0 spanning? : True
Is IST_1 spanning? : True
Is IST_2 spanning? : True
Is IST_3 spanning? : True
Is IST_4 spanning? : True
Is IST_5 spanning? : True
Are all ISTs independent? : True

====TEST CR(402, 54, 108)====
Is IST_0 spanning? : True
Is IST_1 spanning? : True
Is IST_2 spanning? : True
Is IST_3 spanning? : True
Is IST_4 spanning? : True
Is IST_5 spanning? : True
Are all ISTs independent? : True

====TEST CR(403, 54, 108)====
Is IST_0 spanning? : True
Is IST_1 spanning? : True
Is IST_2 spanning? : True
Is IST_3 spanning? : True
Is IST_4 spanning? : True
Is IST_5 spanning? : True
Are all ISTs independent? : True

====TEST CR(404, 54, 108)====
Is IST_0 spanning? : True
Is IST_1 spanning? : True
Is IST_2 spanning? : True
Is IST_3 spanning? : True
Is IST_4 spanning? : True
Is IST_5 spanning? : True
Are all ISTs independent? : True

====TEST CR(405, 54, 108)====
Is IST_0 spanning? : True
Is IST_1 spanning? : True
Is IST_2 spanning? : True
Is IST_3 spanning? : True
Is IST_4 spanning? : True
Is IST_5 spanning? : True
Are all ISTs independent? : True

====TEST CR(406, 54, 108)====
Is IST_0 spanning? : True
Is IST_1 spanning? : True
Is IST_2 spanning? : True
Is IST_3 spanning? : True
Is IST_4 spanning? : True
Is IST_5 spanning? : True
Are all ISTs independent? : True

====TEST CR(407, 54, 108)====
Is IST_0 spanning? : True
Is IST_1 spanning? : True
Is IST_2 spanning? : True
Is IST_3 spanning? : True
Is IST_4 spanning? : True
Is IST_5 spanning? : True
Are all ISTs independent? : True

====TEST CR(408, 54, 108)====
Is IST_0 spanning? : True
Is IST_1 spanning? : True
Is IST_2 spanning? : True
Is IST_3 spanning? : True
Is IST_4 spanning? : True
Is IST_5 spanning? : True
Are all ISTs independent? : True

====TEST CR(409, 54, 108)====
Is IST_0 spanning? : True
Is IST_1 spanning? : True
Is IST_2 spanning? : True
Is IST_3 spanning? : True
Is IST_4 spanning? : True
Is IST_5 spanning? : True
Are all ISTs independent? : True

====TEST CR(410, 54, 108)====
Is IST_0 spanning? : True
Is IST_1 spanning? : True
Is IST_2 spanning? : True
Is IST_3 spanning? : True
Is IST_4 spanning? : True
Is IST_5 spanning? : True
Are all ISTs independent? : True

====TEST CR(411, 54, 108)====
Is IST_0 spanning? : True
Is IST_1 spanning? : True
Is IST_2 spanning? : True
Is IST_3 spanning? : True
Is IST_4 spanning? : True
Is IST_5 spanning? : True
Are all ISTs independent? : True

====TEST CR(412, 54, 108)====
Is IST_0 spanning? : True
Is IST_1 spanning? : True
Is IST_2 spanning? : True
Is IST_3 spanning? : True
Is IST_4 spanning? : True
Is IST_5 spanning? : True
Are all ISTs independent? : True

====TEST CR(413, 54, 108)====
Is IST_0 spanning? : True
Is IST_1 spanning? : True
Is IST_2 spanning? : True
Is IST_3 spanning? : True
Is IST_4 spanning? : True
Is IST_5 spanning? : True
Are all ISTs independent? : True

====TEST CR(414, 54, 108)====
Is IST_0 spanning? : True
Is IST_1 spanning? : True
Is IST_2 spanning? : True
Is IST_3 spanning? : True
Is IST_4 spanning? : True
Is IST_5 spanning? : True
Are all ISTs independent? : True

====TEST CR(415, 54, 108)====
Is IST_0 spanning? : True
Is IST_1 spanning? : True
Is IST_2 spanning? : True
Is IST_3 spanning? : True
Is IST_4 spanning? : True
Is IST_5 spanning? : True
Are all ISTs independent? : True

====TEST CR(416, 54, 108)====
Is IST_0 spanning? : True
Is IST_1 spanning? : True
Is IST_2 spanning? : True
Is IST_3 spanning? : True
Is IST_4 spanning? : True
Is IST_5 spanning? : True
Are all ISTs independent? : True

====TEST CR(417, 54, 108)====
Is IST_0 spanning? : True
Is IST_1 spanning? : True
Is IST_2 spanning? : True
Is IST_3 spanning? : True
Is IST_4 spanning? : True
Is IST_5 spanning? : True
Are all ISTs independent? : True

====TEST CR(418, 54, 108)====
Is IST_0 spanning? : True
Is IST_1 spanning? : True
Is IST_2 spanning? : True
Is IST_3 spanning? : True
Is IST_4 spanning? : True
Is IST_5 spanning? : True
Are all ISTs independent? : True

====TEST CR(419, 54, 108)====
Is IST_0 spanning? : True
Is IST_1 spanning? : True
Is IST_2 spanning? : True
Is IST_3 spanning? : True
Is IST_4 spanning? : True
Is IST_5 spanning? : True
Are all ISTs independent? : True

====TEST CR(420, 54, 108)====
Is IST_0 spanning? : True
Is IST_1 spanning? : True
Is IST_2 spanning? : True
Is IST_3 spanning? : True
Is IST_4 spanning? : True
Is IST_5 spanning? : True
Are all ISTs independent? : True

====TEST CR(421, 54, 108)====
Is IST_0 spanning? : True
Is IST_1 spanning? : True
Is IST_2 spanning? : True
Is IST_3 spanning? : True
Is IST_4 spanning? : True
Is IST_5 spanning? : True
Are all ISTs independent? : True

====TEST CR(422, 54, 108)====
Is IST_0 spanning? : True
Is IST_1 spanning? : True
Is IST_2 spanning? : True
Is IST_3 spanning? : True
Is IST_4 spanning? : True
Is IST_5 spanning? : True
Are all ISTs independent? : True

====TEST CR(423, 54, 108)====
Is IST_0 spanning? : True
Is IST_1 spanning? : True
Is IST_2 spanning? : True
Is IST_3 spanning? : True
Is IST_4 spanning? : True
Is IST_5 spanning? : True
Are all ISTs independent? : True

====TEST CR(424, 54, 108)====
Is IST_0 spanning? : True
Is IST_1 spanning? : True
Is IST_2 spanning? : True
Is IST_3 spanning? : True
Is IST_4 spanning? : True
Is IST_5 spanning? : True
Are all ISTs independent? : True

====TEST CR(425, 54, 108)====
Is IST_0 spanning? : True
Is IST_1 spanning? : True
Is IST_2 spanning? : True
Is IST_3 spanning? : True
Is IST_4 spanning? : True
Is IST_5 spanning? : True
Are all ISTs independent? : True

====TEST CR(426, 54, 108)====
Is IST_0 spanning? : True
Is IST_1 spanning? : True
Is IST_2 spanning? : True
Is IST_3 spanning? : True
Is IST_4 spanning? : True
Is IST_5 spanning? : True
Are all ISTs independent? : True

====TEST CR(427, 54, 108)====
Is IST_0 spanning? : True
Is IST_1 spanning? : True
Is IST_2 spanning? : True
Is IST_3 spanning? : True
Is IST_4 spanning? : True
Is IST_5 spanning? : True
Are all ISTs independent? : True

====TEST CR(428, 54, 108)====
Is IST_0 spanning? : True
Is IST_1 spanning? : True
Is IST_2 spanning? : True
Is IST_3 spanning? : True
Is IST_4 spanning? : True
Is IST_5 spanning? : True
Are all ISTs independent? : True

====TEST CR(429, 54, 108)====
Is IST_0 spanning? : True
Is IST_1 spanning? : True
Is IST_2 spanning? : True
Is IST_3 spanning? : True
Is IST_4 spanning? : True
Is IST_5 spanning? : True
Are all ISTs independent? : True

====TEST CR(430, 54, 108)====
Is IST_0 spanning? : True
Is IST_1 spanning? : True
Is IST_2 spanning? : True
Is IST_3 spanning? : True
Is IST_4 spanning? : True
Is IST_5 spanning? : True
Are all ISTs independent? : True

====TEST CR(431, 54, 108)====
Is IST_0 spanning? : True
Is IST_1 spanning? : True
Is IST_2 spanning? : True
Is IST_3 spanning? : True
Is IST_4 spanning? : True
Is IST_5 spanning? : True
Are all ISTs independent? : True

====TEST CR(432, 54, 108)====
Is IST_0 spanning? : True
Is IST_1 spanning? : True
Is IST_2 spanning? : True
Is IST_3 spanning? : True
Is IST_4 spanning? : True
Is IST_5 spanning? : True
Are all ISTs independent? : True

====TEST CR(433, 54, 108)====
Is IST_0 spanning? : True
Is IST_1 spanning? : True
Is IST_2 spanning? : True
Is IST_3 spanning? : True
Is IST_4 spanning? : True
Is IST_5 spanning? : True
Are all ISTs independent? : True

====TEST CR(434, 54, 108)====
Is IST_0 spanning? : True
Is IST_1 spanning? : True
Is IST_2 spanning? : True
Is IST_3 spanning? : True
Is IST_4 spanning? : True
Is IST_5 spanning? : True
Are all ISTs independent? : True

====TEST CR(435, 54, 108)====
Is IST_0 spanning? : True
Is IST_1 spanning? : True
Is IST_2 spanning? : True
Is IST_3 spanning? : True
Is IST_4 spanning? : True
Is IST_5 spanning? : True
Are all ISTs independent? : True

====TEST CR(436, 54, 108)====
Is IST_0 spanning? : True
Is IST_1 spanning? : True
Is IST_2 spanning? : True
Is IST_3 spanning? : True
Is IST_4 spanning? : True
Is IST_5 spanning? : True
Are all ISTs independent? : True

====TEST CR(437, 54, 108)====
Is IST_0 spanning? : True
Is IST_1 spanning? : True
Is IST_2 spanning? : True
Is IST_3 spanning? : True
Is IST_4 spanning? : True
Is IST_5 spanning? : True
Are all ISTs independent? : True

====TEST CR(438, 54, 108)====
Is IST_0 spanning? : True
Is IST_1 spanning? : True
Is IST_2 spanning? : True
Is IST_3 spanning? : True
Is IST_4 spanning? : True
Is IST_5 spanning? : True
Are all ISTs independent? : True

====TEST CR(439, 54, 108)====
Is IST_0 spanning? : True
Is IST_1 spanning? : True
Is IST_2 spanning? : True
Is IST_3 spanning? : True
Is IST_4 spanning? : True
Is IST_5 spanning? : True
Are all ISTs independent? : True

====TEST CR(440, 54, 108)====
Is IST_0 spanning? : True
Is IST_1 spanning? : True
Is IST_2 spanning? : True
Is IST_3 spanning? : True
Is IST_4 spanning? : True
Is IST_5 spanning? : True
Are all ISTs independent? : True

====TEST CR(441, 54, 108)====
Is IST_0 spanning? : True
Is IST_1 spanning? : True
Is IST_2 spanning? : True
Is IST_3 spanning? : True
Is IST_4 spanning? : True
Is IST_5 spanning? : True
Are all ISTs independent? : True

====TEST CR(442, 54, 108)====
Is IST_0 spanning? : True
Is IST_1 spanning? : True
Is IST_2 spanning? : True
Is IST_3 spanning? : True
Is IST_4 spanning? : True
Is IST_5 spanning? : True
Are all ISTs independent? : True

====TEST CR(443, 54, 108)====
Is IST_0 spanning? : True
Is IST_1 spanning? : True
Is IST_2 spanning? : True
Is IST_3 spanning? : True
Is IST_4 spanning? : True
Is IST_5 spanning? : True
Are all ISTs independent? : True

====TEST CR(444, 54, 108)====
Is IST_0 spanning? : True
Is IST_1 spanning? : True
Is IST_2 spanning? : True
Is IST_3 spanning? : True
Is IST_4 spanning? : True
Is IST_5 spanning? : True
Are all ISTs independent? : True

====TEST CR(445, 54, 108)====
Is IST_0 spanning? : True
Is IST_1 spanning? : True
Is IST_2 spanning? : True
Is IST_3 spanning? : True
Is IST_4 spanning? : True
Is IST_5 spanning? : True
Are all ISTs independent? : True

====TEST CR(446, 54, 108)====
Is IST_0 spanning? : True
Is IST_1 spanning? : True
Is IST_2 spanning? : True
Is IST_3 spanning? : True
Is IST_4 spanning? : True
Is IST_5 spanning? : True
Are all ISTs independent? : True

====TEST CR(447, 54, 108)====
Is IST_0 spanning? : True
Is IST_1 spanning? : True
Is IST_2 spanning? : True
Is IST_3 spanning? : True
Is IST_4 spanning? : True
Is IST_5 spanning? : True
Are all ISTs independent? : True

====TEST CR(448, 54, 108)====
Is IST_0 spanning? : True
Is IST_1 spanning? : True
Is IST_2 spanning? : True
Is IST_3 spanning? : True
Is IST_4 spanning? : True
Is IST_5 spanning? : True
Are all ISTs independent? : True

====TEST CR(449, 54, 108)====
Is IST_0 spanning? : True
Is IST_1 spanning? : True
Is IST_2 spanning? : True
Is IST_3 spanning? : True
Is IST_4 spanning? : True
Is IST_5 spanning? : True
Are all ISTs independent? : True

====TEST CR(450, 54, 108)====
Is IST_0 spanning? : True
Is IST_1 spanning? : True
Is IST_2 spanning? : True
Is IST_3 spanning? : True
Is IST_4 spanning? : True
Is IST_5 spanning? : True
Are all ISTs independent? : True

====TEST CR(451, 54, 108)====
Is IST_0 spanning? : True
Is IST_1 spanning? : True
Is IST_2 spanning? : True
Is IST_3 spanning? : True
Is IST_4 spanning? : True
Is IST_5 spanning? : True
Are all ISTs independent? : True

====TEST CR(452, 54, 108)====
Is IST_0 spanning? : True
Is IST_1 spanning? : True
Is IST_2 spanning? : True
Is IST_3 spanning? : True
Is IST_4 spanning? : True
Is IST_5 spanning? : True
Are all ISTs independent? : True

====TEST CR(330, 55, 110)====
Is IST_0 spanning? : True
Is IST_1 spanning? : True
Is IST_2 spanning? : True
Is IST_3 spanning? : True
Is IST_4 spanning? : True
Is IST_5 spanning? : True
Are all ISTs independent? : True

====TEST CR(331, 55, 110)====
Is IST_0 spanning? : True
Is IST_1 spanning? : True
Is IST_2 spanning? : True
Is IST_3 spanning? : True
Is IST_4 spanning? : True
Is IST_5 spanning? : True
Are all ISTs independent? : True

====TEST CR(332, 55, 110)====
Is IST_0 spanning? : True
Is IST_1 spanning? : True
Is IST_2 spanning? : True
Is IST_3 spanning? : True
Is IST_4 spanning? : True
Is IST_5 spanning? : True
Are all ISTs independent? : True

====TEST CR(333, 55, 110)====
Is IST_0 spanning? : True
Is IST_1 spanning? : True
Is IST_2 spanning? : True
Is IST_3 spanning? : True
Is IST_4 spanning? : True
Is IST_5 spanning? : True
Are all ISTs independent? : True

====TEST CR(334, 55, 110)====
Is IST_0 spanning? : True
Is IST_1 spanning? : True
Is IST_2 spanning? : True
Is IST_3 spanning? : True
Is IST_4 spanning? : True
Is IST_5 spanning? : True
Are all ISTs independent? : True

====TEST CR(335, 55, 110)====
Is IST_0 spanning? : True
Is IST_1 spanning? : True
Is IST_2 spanning? : True
Is IST_3 spanning? : True
Is IST_4 spanning? : True
Is IST_5 spanning? : True
Are all ISTs independent? : True

====TEST CR(336, 55, 110)====
Is IST_0 spanning? : True
Is IST_1 spanning? : True
Is IST_2 spanning? : True
Is IST_3 spanning? : True
Is IST_4 spanning? : True
Is IST_5 spanning? : True
Are all ISTs independent? : True

====TEST CR(337, 55, 110)====
Is IST_0 spanning? : True
Is IST_1 spanning? : True
Is IST_2 spanning? : True
Is IST_3 spanning? : True
Is IST_4 spanning? : True
Is IST_5 spanning? : True
Are all ISTs independent? : True

====TEST CR(338, 55, 110)====
Is IST_0 spanning? : True
Is IST_1 spanning? : True
Is IST_2 spanning? : True
Is IST_3 spanning? : True
Is IST_4 spanning? : True
Is IST_5 spanning? : True
Are all ISTs independent? : True

====TEST CR(339, 55, 110)====
Is IST_0 spanning? : True
Is IST_1 spanning? : True
Is IST_2 spanning? : True
Is IST_3 spanning? : True
Is IST_4 spanning? : True
Is IST_5 spanning? : True
Are all ISTs independent? : True

====TEST CR(340, 55, 110)====
Is IST_0 spanning? : True
Is IST_1 spanning? : True
Is IST_2 spanning? : True
Is IST_3 spanning? : True
Is IST_4 spanning? : True
Is IST_5 spanning? : True
Are all ISTs independent? : True

====TEST CR(341, 55, 110)====
Is IST_0 spanning? : True
Is IST_1 spanning? : True
Is IST_2 spanning? : True
Is IST_3 spanning? : True
Is IST_4 spanning? : True
Is IST_5 spanning? : True
Are all ISTs independent? : True

====TEST CR(342, 55, 110)====
Is IST_0 spanning? : True
Is IST_1 spanning? : True
Is IST_2 spanning? : True
Is IST_3 spanning? : True
Is IST_4 spanning? : True
Is IST_5 spanning? : True
Are all ISTs independent? : True

====TEST CR(343, 55, 110)====
Is IST_0 spanning? : True
Is IST_1 spanning? : True
Is IST_2 spanning? : True
Is IST_3 spanning? : True
Is IST_4 spanning? : True
Is IST_5 spanning? : True
Are all ISTs independent? : True

====TEST CR(344, 55, 110)====
Is IST_0 spanning? : True
Is IST_1 spanning? : True
Is IST_2 spanning? : True
Is IST_3 spanning? : True
Is IST_4 spanning? : True
Is IST_5 spanning? : True
Are all ISTs independent? : True

====TEST CR(345, 55, 110)====
Is IST_0 spanning? : True
Is IST_1 spanning? : True
Is IST_2 spanning? : True
Is IST_3 spanning? : True
Is IST_4 spanning? : True
Is IST_5 spanning? : True
Are all ISTs independent? : True

====TEST CR(346, 55, 110)====
Is IST_0 spanning? : True
Is IST_1 spanning? : True
Is IST_2 spanning? : True
Is IST_3 spanning? : True
Is IST_4 spanning? : True
Is IST_5 spanning? : True
Are all ISTs independent? : True

====TEST CR(347, 55, 110)====
Is IST_0 spanning? : True
Is IST_1 spanning? : True
Is IST_2 spanning? : True
Is IST_3 spanning? : True
Is IST_4 spanning? : True
Is IST_5 spanning? : True
Are all ISTs independent? : True

====TEST CR(348, 55, 110)====
Is IST_0 spanning? : True
Is IST_1 spanning? : True
Is IST_2 spanning? : True
Is IST_3 spanning? : True
Is IST_4 spanning? : True
Is IST_5 spanning? : True
Are all ISTs independent? : True

====TEST CR(349, 55, 110)====
Is IST_0 spanning? : True
Is IST_1 spanning? : True
Is IST_2 spanning? : True
Is IST_3 spanning? : True
Is IST_4 spanning? : True
Is IST_5 spanning? : True
Are all ISTs independent? : True

====TEST CR(350, 55, 110)====
Is IST_0 spanning? : True
Is IST_1 spanning? : True
Is IST_2 spanning? : True
Is IST_3 spanning? : True
Is IST_4 spanning? : True
Is IST_5 spanning? : True
Are all ISTs independent? : True

====TEST CR(351, 55, 110)====
Is IST_0 spanning? : True
Is IST_1 spanning? : True
Is IST_2 spanning? : True
Is IST_3 spanning? : True
Is IST_4 spanning? : True
Is IST_5 spanning? : True
Are all ISTs independent? : True

====TEST CR(352, 55, 110)====
Is IST_0 spanning? : True
Is IST_1 spanning? : True
Is IST_2 spanning? : True
Is IST_3 spanning? : True
Is IST_4 spanning? : True
Is IST_5 spanning? : True
Are all ISTs independent? : True

====TEST CR(353, 55, 110)====
Is IST_0 spanning? : True
Is IST_1 spanning? : True
Is IST_2 spanning? : True
Is IST_3 spanning? : True
Is IST_4 spanning? : True
Is IST_5 spanning? : True
Are all ISTs independent? : True

====TEST CR(354, 55, 110)====
Is IST_0 spanning? : True
Is IST_1 spanning? : True
Is IST_2 spanning? : True
Is IST_3 spanning? : True
Is IST_4 spanning? : True
Is IST_5 spanning? : True
Are all ISTs independent? : True

====TEST CR(355, 55, 110)====
Is IST_0 spanning? : True
Is IST_1 spanning? : True
Is IST_2 spanning? : True
Is IST_3 spanning? : True
Is IST_4 spanning? : True
Is IST_5 spanning? : True
Are all ISTs independent? : True

====TEST CR(356, 55, 110)====
Is IST_0 spanning? : True
Is IST_1 spanning? : True
Is IST_2 spanning? : True
Is IST_3 spanning? : True
Is IST_4 spanning? : True
Is IST_5 spanning? : True
Are all ISTs independent? : True

====TEST CR(357, 55, 110)====
Is IST_0 spanning? : True
Is IST_1 spanning? : True
Is IST_2 spanning? : True
Is IST_3 spanning? : True
Is IST_4 spanning? : True
Is IST_5 spanning? : True
Are all ISTs independent? : True

====TEST CR(358, 55, 110)====
Is IST_0 spanning? : True
Is IST_1 spanning? : True
Is IST_2 spanning? : True
Is IST_3 spanning? : True
Is IST_4 spanning? : True
Is IST_5 spanning? : True
Are all ISTs independent? : True

====TEST CR(359, 55, 110)====
Is IST_0 spanning? : True
Is IST_1 spanning? : True
Is IST_2 spanning? : True
Is IST_3 spanning? : True
Is IST_4 spanning? : True
Is IST_5 spanning? : True
Are all ISTs independent? : True

====TEST CR(360, 55, 110)====
Is IST_0 spanning? : True
Is IST_1 spanning? : True
Is IST_2 spanning? : True
Is IST_3 spanning? : True
Is IST_4 spanning? : True
Is IST_5 spanning? : True
Are all ISTs independent? : True

====TEST CR(361, 55, 110)====
Is IST_0 spanning? : True
Is IST_1 spanning? : True
Is IST_2 spanning? : True
Is IST_3 spanning? : True
Is IST_4 spanning? : True
Is IST_5 spanning? : True
Are all ISTs independent? : True

====TEST CR(362, 55, 110)====
Is IST_0 spanning? : True
Is IST_1 spanning? : True
Is IST_2 spanning? : True
Is IST_3 spanning? : True
Is IST_4 spanning? : True
Is IST_5 spanning? : True
Are all ISTs independent? : True

====TEST CR(363, 55, 110)====
Is IST_0 spanning? : True
Is IST_1 spanning? : True
Is IST_2 spanning? : True
Is IST_3 spanning? : True
Is IST_4 spanning? : True
Is IST_5 spanning? : True
Are all ISTs independent? : True

====TEST CR(364, 55, 110)====
Is IST_0 spanning? : True
Is IST_1 spanning? : True
Is IST_2 spanning? : True
Is IST_3 spanning? : True
Is IST_4 spanning? : True
Is IST_5 spanning? : True
Are all ISTs independent? : True

====TEST CR(365, 55, 110)====
Is IST_0 spanning? : True
Is IST_1 spanning? : True
Is IST_2 spanning? : True
Is IST_3 spanning? : True
Is IST_4 spanning? : True
Is IST_5 spanning? : True
Are all ISTs independent? : True

====TEST CR(366, 55, 110)====
Is IST_0 spanning? : True
Is IST_1 spanning? : True
Is IST_2 spanning? : True
Is IST_3 spanning? : True
Is IST_4 spanning? : True
Is IST_5 spanning? : True
Are all ISTs independent? : True

====TEST CR(367, 55, 110)====
Is IST_0 spanning? : True
Is IST_1 spanning? : True
Is IST_2 spanning? : True
Is IST_3 spanning? : True
Is IST_4 spanning? : True
Is IST_5 spanning? : True
Are all ISTs independent? : True

====TEST CR(368, 55, 110)====
Is IST_0 spanning? : True
Is IST_1 spanning? : True
Is IST_2 spanning? : True
Is IST_3 spanning? : True
Is IST_4 spanning? : True
Is IST_5 spanning? : True
Are all ISTs independent? : True

====TEST CR(369, 55, 110)====
Is IST_0 spanning? : True
Is IST_1 spanning? : True
Is IST_2 spanning? : True
Is IST_3 spanning? : True
Is IST_4 spanning? : True
Is IST_5 spanning? : True
Are all ISTs independent? : True

====TEST CR(370, 55, 110)====
Is IST_0 spanning? : True
Is IST_1 spanning? : True
Is IST_2 spanning? : True
Is IST_3 spanning? : True
Is IST_4 spanning? : True
Is IST_5 spanning? : True
Are all ISTs independent? : True

====TEST CR(371, 55, 110)====
Is IST_0 spanning? : True
Is IST_1 spanning? : True
Is IST_2 spanning? : True
Is IST_3 spanning? : True
Is IST_4 spanning? : True
Is IST_5 spanning? : True
Are all ISTs independent? : True

====TEST CR(372, 55, 110)====
Is IST_0 spanning? : True
Is IST_1 spanning? : True
Is IST_2 spanning? : True
Is IST_3 spanning? : True
Is IST_4 spanning? : True
Is IST_5 spanning? : True
Are all ISTs independent? : True

====TEST CR(373, 55, 110)====
Is IST_0 spanning? : True
Is IST_1 spanning? : True
Is IST_2 spanning? : True
Is IST_3 spanning? : True
Is IST_4 spanning? : True
Is IST_5 spanning? : True
Are all ISTs independent? : True

====TEST CR(374, 55, 110)====
Is IST_0 spanning? : True
Is IST_1 spanning? : True
Is IST_2 spanning? : True
Is IST_3 spanning? : True
Is IST_4 spanning? : True
Is IST_5 spanning? : True
Are all ISTs independent? : True

====TEST CR(375, 55, 110)====
Is IST_0 spanning? : True
Is IST_1 spanning? : True
Is IST_2 spanning? : True
Is IST_3 spanning? : True
Is IST_4 spanning? : True
Is IST_5 spanning? : True
Are all ISTs independent? : True

====TEST CR(376, 55, 110)====
Is IST_0 spanning? : True
Is IST_1 spanning? : True
Is IST_2 spanning? : True
Is IST_3 spanning? : True
Is IST_4 spanning? : True
Is IST_5 spanning? : True
Are all ISTs independent? : True

====TEST CR(377, 55, 110)====
Is IST_0 spanning? : True
Is IST_1 spanning? : True
Is IST_2 spanning? : True
Is IST_3 spanning? : True
Is IST_4 spanning? : True
Is IST_5 spanning? : True
Are all ISTs independent? : True

====TEST CR(378, 55, 110)====
Is IST_0 spanning? : True
Is IST_1 spanning? : True
Is IST_2 spanning? : True
Is IST_3 spanning? : True
Is IST_4 spanning? : True
Is IST_5 spanning? : True
Are all ISTs independent? : True

====TEST CR(379, 55, 110)====
Is IST_0 spanning? : True
Is IST_1 spanning? : True
Is IST_2 spanning? : True
Is IST_3 spanning? : True
Is IST_4 spanning? : True
Is IST_5 spanning? : True
Are all ISTs independent? : True

====TEST CR(380, 55, 110)====
Is IST_0 spanning? : True
Is IST_1 spanning? : True
Is IST_2 spanning? : True
Is IST_3 spanning? : True
Is IST_4 spanning? : True
Is IST_5 spanning? : True
Are all ISTs independent? : True

====TEST CR(381, 55, 110)====
Is IST_0 spanning? : True
Is IST_1 spanning? : True
Is IST_2 spanning? : True
Is IST_3 spanning? : True
Is IST_4 spanning? : True
Is IST_5 spanning? : True
Are all ISTs independent? : True

====TEST CR(382, 55, 110)====
Is IST_0 spanning? : True
Is IST_1 spanning? : True
Is IST_2 spanning? : True
Is IST_3 spanning? : True
Is IST_4 spanning? : True
Is IST_5 spanning? : True
Are all ISTs independent? : True

====TEST CR(383, 55, 110)====
Is IST_0 spanning? : True
Is IST_1 spanning? : True
Is IST_2 spanning? : True
Is IST_3 spanning? : True
Is IST_4 spanning? : True
Is IST_5 spanning? : True
Are all ISTs independent? : True

====TEST CR(384, 55, 110)====
Is IST_0 spanning? : True
Is IST_1 spanning? : True
Is IST_2 spanning? : True
Is IST_3 spanning? : True
Is IST_4 spanning? : True
Is IST_5 spanning? : True
Are all ISTs independent? : True

====TEST CR(385, 55, 110)====
Is IST_0 spanning? : True
Is IST_1 spanning? : True
Is IST_2 spanning? : True
Is IST_3 spanning? : True
Is IST_4 spanning? : True
Is IST_5 spanning? : True
Are all ISTs independent? : True

====TEST CR(386, 55, 110)====
Is IST_0 spanning? : True
Is IST_1 spanning? : True
Is IST_2 spanning? : True
Is IST_3 spanning? : True
Is IST_4 spanning? : True
Is IST_5 spanning? : True
Are all ISTs independent? : True

====TEST CR(387, 55, 110)====
Is IST_0 spanning? : True
Is IST_1 spanning? : True
Is IST_2 spanning? : True
Is IST_3 spanning? : True
Is IST_4 spanning? : True
Is IST_5 spanning? : True
Are all ISTs independent? : True

====TEST CR(388, 55, 110)====
Is IST_0 spanning? : True
Is IST_1 spanning? : True
Is IST_2 spanning? : True
Is IST_3 spanning? : True
Is IST_4 spanning? : True
Is IST_5 spanning? : True
Are all ISTs independent? : True

====TEST CR(389, 55, 110)====
Is IST_0 spanning? : True
Is IST_1 spanning? : True
Is IST_2 spanning? : True
Is IST_3 spanning? : True
Is IST_4 spanning? : True
Is IST_5 spanning? : True
Are all ISTs independent? : True

====TEST CR(390, 55, 110)====
Is IST_0 spanning? : True
Is IST_1 spanning? : True
Is IST_2 spanning? : True
Is IST_3 spanning? : True
Is IST_4 spanning? : True
Is IST_5 spanning? : True
Are all ISTs independent? : True

====TEST CR(391, 55, 110)====
Is IST_0 spanning? : True
Is IST_1 spanning? : True
Is IST_2 spanning? : True
Is IST_3 spanning? : True
Is IST_4 spanning? : True
Is IST_5 spanning? : True
Are all ISTs independent? : True

====TEST CR(392, 55, 110)====
Is IST_0 spanning? : True
Is IST_1 spanning? : True
Is IST_2 spanning? : True
Is IST_3 spanning? : True
Is IST_4 spanning? : True
Is IST_5 spanning? : True
Are all ISTs independent? : True

====TEST CR(393, 55, 110)====
Is IST_0 spanning? : True
Is IST_1 spanning? : True
Is IST_2 spanning? : True
Is IST_3 spanning? : True
Is IST_4 spanning? : True
Is IST_5 spanning? : True
Are all ISTs independent? : True

====TEST CR(394, 55, 110)====
Is IST_0 spanning? : True
Is IST_1 spanning? : True
Is IST_2 spanning? : True
Is IST_3 spanning? : True
Is IST_4 spanning? : True
Is IST_5 spanning? : True
Are all ISTs independent? : True

====TEST CR(395, 55, 110)====
Is IST_0 spanning? : True
Is IST_1 spanning? : True
Is IST_2 spanning? : True
Is IST_3 spanning? : True
Is IST_4 spanning? : True
Is IST_5 spanning? : True
Are all ISTs independent? : True

====TEST CR(396, 55, 110)====
Is IST_0 spanning? : True
Is IST_1 spanning? : True
Is IST_2 spanning? : True
Is IST_3 spanning? : True
Is IST_4 spanning? : True
Is IST_5 spanning? : True
Are all ISTs independent? : True

====TEST CR(397, 55, 110)====
Is IST_0 spanning? : True
Is IST_1 spanning? : True
Is IST_2 spanning? : True
Is IST_3 spanning? : True
Is IST_4 spanning? : True
Is IST_5 spanning? : True
Are all ISTs independent? : True

====TEST CR(398, 55, 110)====
Is IST_0 spanning? : True
Is IST_1 spanning? : True
Is IST_2 spanning? : True
Is IST_3 spanning? : True
Is IST_4 spanning? : True
Is IST_5 spanning? : True
Are all ISTs independent? : True

====TEST CR(399, 55, 110)====
Is IST_0 spanning? : True
Is IST_1 spanning? : True
Is IST_2 spanning? : True
Is IST_3 spanning? : True
Is IST_4 spanning? : True
Is IST_5 spanning? : True
Are all ISTs independent? : True

====TEST CR(400, 55, 110)====
Is IST_0 spanning? : True
Is IST_1 spanning? : True
Is IST_2 spanning? : True
Is IST_3 spanning? : True
Is IST_4 spanning? : True
Is IST_5 spanning? : True
Are all ISTs independent? : True

====TEST CR(401, 55, 110)====
Is IST_0 spanning? : True
Is IST_1 spanning? : True
Is IST_2 spanning? : True
Is IST_3 spanning? : True
Is IST_4 spanning? : True
Is IST_5 spanning? : True
Are all ISTs independent? : True

====TEST CR(402, 55, 110)====
Is IST_0 spanning? : True
Is IST_1 spanning? : True
Is IST_2 spanning? : True
Is IST_3 spanning? : True
Is IST_4 spanning? : True
Is IST_5 spanning? : True
Are all ISTs independent? : True

====TEST CR(403, 55, 110)====
Is IST_0 spanning? : True
Is IST_1 spanning? : True
Is IST_2 spanning? : True
Is IST_3 spanning? : True
Is IST_4 spanning? : True
Is IST_5 spanning? : True
Are all ISTs independent? : True

====TEST CR(404, 55, 110)====
Is IST_0 spanning? : True
Is IST_1 spanning? : True
Is IST_2 spanning? : True
Is IST_3 spanning? : True
Is IST_4 spanning? : True
Is IST_5 spanning? : True
Are all ISTs independent? : True

====TEST CR(405, 55, 110)====
Is IST_0 spanning? : True
Is IST_1 spanning? : True
Is IST_2 spanning? : True
Is IST_3 spanning? : True
Is IST_4 spanning? : True
Is IST_5 spanning? : True
Are all ISTs independent? : True

====TEST CR(406, 55, 110)====
Is IST_0 spanning? : True
Is IST_1 spanning? : True
Is IST_2 spanning? : True
Is IST_3 spanning? : True
Is IST_4 spanning? : True
Is IST_5 spanning? : True
Are all ISTs independent? : True

====TEST CR(407, 55, 110)====
Is IST_0 spanning? : True
Is IST_1 spanning? : True
Is IST_2 spanning? : True
Is IST_3 spanning? : True
Is IST_4 spanning? : True
Is IST_5 spanning? : True
Are all ISTs independent? : True

====TEST CR(408, 55, 110)====
Is IST_0 spanning? : True
Is IST_1 spanning? : True
Is IST_2 spanning? : True
Is IST_3 spanning? : True
Is IST_4 spanning? : True
Is IST_5 spanning? : True
Are all ISTs independent? : True

====TEST CR(409, 55, 110)====
Is IST_0 spanning? : True
Is IST_1 spanning? : True
Is IST_2 spanning? : True
Is IST_3 spanning? : True
Is IST_4 spanning? : True
Is IST_5 spanning? : True
Are all ISTs independent? : True

====TEST CR(410, 55, 110)====
Is IST_0 spanning? : True
Is IST_1 spanning? : True
Is IST_2 spanning? : True
Is IST_3 spanning? : True
Is IST_4 spanning? : True
Is IST_5 spanning? : True
Are all ISTs independent? : True

====TEST CR(411, 55, 110)====
Is IST_0 spanning? : True
Is IST_1 spanning? : True
Is IST_2 spanning? : True
Is IST_3 spanning? : True
Is IST_4 spanning? : True
Is IST_5 spanning? : True
Are all ISTs independent? : True

====TEST CR(412, 55, 110)====
Is IST_0 spanning? : True
Is IST_1 spanning? : True
Is IST_2 spanning? : True
Is IST_3 spanning? : True
Is IST_4 spanning? : True
Is IST_5 spanning? : True
Are all ISTs independent? : True

====TEST CR(413, 55, 110)====
Is IST_0 spanning? : True
Is IST_1 spanning? : True
Is IST_2 spanning? : True
Is IST_3 spanning? : True
Is IST_4 spanning? : True
Is IST_5 spanning? : True
Are all ISTs independent? : True

====TEST CR(414, 55, 110)====
Is IST_0 spanning? : True
Is IST_1 spanning? : True
Is IST_2 spanning? : True
Is IST_3 spanning? : True
Is IST_4 spanning? : True
Is IST_5 spanning? : True
Are all ISTs independent? : True

====TEST CR(415, 55, 110)====
Is IST_0 spanning? : True
Is IST_1 spanning? : True
Is IST_2 spanning? : True
Is IST_3 spanning? : True
Is IST_4 spanning? : True
Is IST_5 spanning? : True
Are all ISTs independent? : True

====TEST CR(416, 55, 110)====
Is IST_0 spanning? : True
Is IST_1 spanning? : True
Is IST_2 spanning? : True
Is IST_3 spanning? : True
Is IST_4 spanning? : True
Is IST_5 spanning? : True
Are all ISTs independent? : True

====TEST CR(417, 55, 110)====
Is IST_0 spanning? : True
Is IST_1 spanning? : True
Is IST_2 spanning? : True
Is IST_3 spanning? : True
Is IST_4 spanning? : True
Is IST_5 spanning? : True
Are all ISTs independent? : True

====TEST CR(418, 55, 110)====
Is IST_0 spanning? : True
Is IST_1 spanning? : True
Is IST_2 spanning? : True
Is IST_3 spanning? : True
Is IST_4 spanning? : True
Is IST_5 spanning? : True
Are all ISTs independent? : True

====TEST CR(419, 55, 110)====
Is IST_0 spanning? : True
Is IST_1 spanning? : True
Is IST_2 spanning? : True
Is IST_3 spanning? : True
Is IST_4 spanning? : True
Is IST_5 spanning? : True
Are all ISTs independent? : True

====TEST CR(420, 55, 110)====
Is IST_0 spanning? : True
Is IST_1 spanning? : True
Is IST_2 spanning? : True
Is IST_3 spanning? : True
Is IST_4 spanning? : True
Is IST_5 spanning? : True
Are all ISTs independent? : True

====TEST CR(421, 55, 110)====
Is IST_0 spanning? : True
Is IST_1 spanning? : True
Is IST_2 spanning? : True
Is IST_3 spanning? : True
Is IST_4 spanning? : True
Is IST_5 spanning? : True
Are all ISTs independent? : True

====TEST CR(422, 55, 110)====
Is IST_0 spanning? : True
Is IST_1 spanning? : True
Is IST_2 spanning? : True
Is IST_3 spanning? : True
Is IST_4 spanning? : True
Is IST_5 spanning? : True
Are all ISTs independent? : True

====TEST CR(423, 55, 110)====
Is IST_0 spanning? : True
Is IST_1 spanning? : True
Is IST_2 spanning? : True
Is IST_3 spanning? : True
Is IST_4 spanning? : True
Is IST_5 spanning? : True
Are all ISTs independent? : True

====TEST CR(424, 55, 110)====
Is IST_0 spanning? : True
Is IST_1 spanning? : True
Is IST_2 spanning? : True
Is IST_3 spanning? : True
Is IST_4 spanning? : True
Is IST_5 spanning? : True
Are all ISTs independent? : True

====TEST CR(425, 55, 110)====
Is IST_0 spanning? : True
Is IST_1 spanning? : True
Is IST_2 spanning? : True
Is IST_3 spanning? : True
Is IST_4 spanning? : True
Is IST_5 spanning? : True
Are all ISTs independent? : True

====TEST CR(426, 55, 110)====
Is IST_0 spanning? : True
Is IST_1 spanning? : True
Is IST_2 spanning? : True
Is IST_3 spanning? : True
Is IST_4 spanning? : True
Is IST_5 spanning? : True
Are all ISTs independent? : True

====TEST CR(427, 55, 110)====
Is IST_0 spanning? : True
Is IST_1 spanning? : True
Is IST_2 spanning? : True
Is IST_3 spanning? : True
Is IST_4 spanning? : True
Is IST_5 spanning? : True
Are all ISTs independent? : True

====TEST CR(428, 55, 110)====
Is IST_0 spanning? : True
Is IST_1 spanning? : True
Is IST_2 spanning? : True
Is IST_3 spanning? : True
Is IST_4 spanning? : True
Is IST_5 spanning? : True
Are all ISTs independent? : True

====TEST CR(429, 55, 110)====
Is IST_0 spanning? : True
Is IST_1 spanning? : True
Is IST_2 spanning? : True
Is IST_3 spanning? : True
Is IST_4 spanning? : True
Is IST_5 spanning? : True
Are all ISTs independent? : True

====TEST CR(430, 55, 110)====
Is IST_0 spanning? : True
Is IST_1 spanning? : True
Is IST_2 spanning? : True
Is IST_3 spanning? : True
Is IST_4 spanning? : True
Is IST_5 spanning? : True
Are all ISTs independent? : True

====TEST CR(431, 55, 110)====
Is IST_0 spanning? : True
Is IST_1 spanning? : True
Is IST_2 spanning? : True
Is IST_3 spanning? : True
Is IST_4 spanning? : True
Is IST_5 spanning? : True
Are all ISTs independent? : True

====TEST CR(432, 55, 110)====
Is IST_0 spanning? : True
Is IST_1 spanning? : True
Is IST_2 spanning? : True
Is IST_3 spanning? : True
Is IST_4 spanning? : True
Is IST_5 spanning? : True
Are all ISTs independent? : True

====TEST CR(433, 55, 110)====
Is IST_0 spanning? : True
Is IST_1 spanning? : True
Is IST_2 spanning? : True
Is IST_3 spanning? : True
Is IST_4 spanning? : True
Is IST_5 spanning? : True
Are all ISTs independent? : True

====TEST CR(434, 55, 110)====
Is IST_0 spanning? : True
Is IST_1 spanning? : True
Is IST_2 spanning? : True
Is IST_3 spanning? : True
Is IST_4 spanning? : True
Is IST_5 spanning? : True
Are all ISTs independent? : True

====TEST CR(435, 55, 110)====
Is IST_0 spanning? : True
Is IST_1 spanning? : True
Is IST_2 spanning? : True
Is IST_3 spanning? : True
Is IST_4 spanning? : True
Is IST_5 spanning? : True
Are all ISTs independent? : True

====TEST CR(436, 55, 110)====
Is IST_0 spanning? : True
Is IST_1 spanning? : True
Is IST_2 spanning? : True
Is IST_3 spanning? : True
Is IST_4 spanning? : True
Is IST_5 spanning? : True
Are all ISTs independent? : True

====TEST CR(437, 55, 110)====
Is IST_0 spanning? : True
Is IST_1 spanning? : True
Is IST_2 spanning? : True
Is IST_3 spanning? : True
Is IST_4 spanning? : True
Is IST_5 spanning? : True
Are all ISTs independent? : True

====TEST CR(438, 55, 110)====
Is IST_0 spanning? : True
Is IST_1 spanning? : True
Is IST_2 spanning? : True
Is IST_3 spanning? : True
Is IST_4 spanning? : True
Is IST_5 spanning? : True
Are all ISTs independent? : True

====TEST CR(439, 55, 110)====
Is IST_0 spanning? : True
Is IST_1 spanning? : True
Is IST_2 spanning? : True
Is IST_3 spanning? : True
Is IST_4 spanning? : True
Is IST_5 spanning? : True
Are all ISTs independent? : True

====TEST CR(440, 55, 110)====
Is IST_0 spanning? : True
Is IST_1 spanning? : True
Is IST_2 spanning? : True
Is IST_3 spanning? : True
Is IST_4 spanning? : True
Is IST_5 spanning? : True
Are all ISTs independent? : True

====TEST CR(441, 55, 110)====
Is IST_0 spanning? : True
Is IST_1 spanning? : True
Is IST_2 spanning? : True
Is IST_3 spanning? : True
Is IST_4 spanning? : True
Is IST_5 spanning? : True
Are all ISTs independent? : True

====TEST CR(442, 55, 110)====
Is IST_0 spanning? : True
Is IST_1 spanning? : True
Is IST_2 spanning? : True
Is IST_3 spanning? : True
Is IST_4 spanning? : True
Is IST_5 spanning? : True
Are all ISTs independent? : True

====TEST CR(443, 55, 110)====
Is IST_0 spanning? : True
Is IST_1 spanning? : True
Is IST_2 spanning? : True
Is IST_3 spanning? : True
Is IST_4 spanning? : True
Is IST_5 spanning? : True
Are all ISTs independent? : True

====TEST CR(444, 55, 110)====
Is IST_0 spanning? : True
Is IST_1 spanning? : True
Is IST_2 spanning? : True
Is IST_3 spanning? : True
Is IST_4 spanning? : True
Is IST_5 spanning? : True
Are all ISTs independent? : True

====TEST CR(445, 55, 110)====
Is IST_0 spanning? : True
Is IST_1 spanning? : True
Is IST_2 spanning? : True
Is IST_3 spanning? : True
Is IST_4 spanning? : True
Is IST_5 spanning? : True
Are all ISTs independent? : True

====TEST CR(446, 55, 110)====
Is IST_0 spanning? : True
Is IST_1 spanning? : True
Is IST_2 spanning? : True
Is IST_3 spanning? : True
Is IST_4 spanning? : True
Is IST_5 spanning? : True
Are all ISTs independent? : True

====TEST CR(447, 55, 110)====
Is IST_0 spanning? : True
Is IST_1 spanning? : True
Is IST_2 spanning? : True
Is IST_3 spanning? : True
Is IST_4 spanning? : True
Is IST_5 spanning? : True
Are all ISTs independent? : True

====TEST CR(448, 55, 110)====
Is IST_0 spanning? : True
Is IST_1 spanning? : True
Is IST_2 spanning? : True
Is IST_3 spanning? : True
Is IST_4 spanning? : True
Is IST_5 spanning? : True
Are all ISTs independent? : True

====TEST CR(449, 55, 110)====
Is IST_0 spanning? : True
Is IST_1 spanning? : True
Is IST_2 spanning? : True
Is IST_3 spanning? : True
Is IST_4 spanning? : True
Is IST_5 spanning? : True
Are all ISTs independent? : True

====TEST CR(450, 55, 110)====
Is IST_0 spanning? : True
Is IST_1 spanning? : True
Is IST_2 spanning? : True
Is IST_3 spanning? : True
Is IST_4 spanning? : True
Is IST_5 spanning? : True
Are all ISTs independent? : True

====TEST CR(451, 55, 110)====
Is IST_0 spanning? : True
Is IST_1 spanning? : True
Is IST_2 spanning? : True
Is IST_3 spanning? : True
Is IST_4 spanning? : True
Is IST_5 spanning? : True
Are all ISTs independent? : True

====TEST CR(452, 55, 110)====
Is IST_0 spanning? : True
Is IST_1 spanning? : True
Is IST_2 spanning? : True
Is IST_3 spanning? : True
Is IST_4 spanning? : True
Is IST_5 spanning? : True
Are all ISTs independent? : True

====TEST CR(453, 55, 110)====
Is IST_0 spanning? : True
Is IST_1 spanning? : True
Is IST_2 spanning? : True
Is IST_3 spanning? : True
Is IST_4 spanning? : True
Is IST_5 spanning? : True
Are all ISTs independent? : True

====TEST CR(454, 55, 110)====
Is IST_0 spanning? : True
Is IST_1 spanning? : True
Is IST_2 spanning? : True
Is IST_3 spanning? : True
Is IST_4 spanning? : True
Is IST_5 spanning? : True
Are all ISTs independent? : True

====TEST CR(455, 55, 110)====
Is IST_0 spanning? : True
Is IST_1 spanning? : True
Is IST_2 spanning? : True
Is IST_3 spanning? : True
Is IST_4 spanning? : True
Is IST_5 spanning? : True
Are all ISTs independent? : True

====TEST CR(456, 55, 110)====
Is IST_0 spanning? : True
Is IST_1 spanning? : True
Is IST_2 spanning? : True
Is IST_3 spanning? : True
Is IST_4 spanning? : True
Is IST_5 spanning? : True
Are all ISTs independent? : True

====TEST CR(457, 55, 110)====
Is IST_0 spanning? : True
Is IST_1 spanning? : True
Is IST_2 spanning? : True
Is IST_3 spanning? : True
Is IST_4 spanning? : True
Is IST_5 spanning? : True
Are all ISTs independent? : True

====TEST CR(458, 55, 110)====
Is IST_0 spanning? : True
Is IST_1 spanning? : True
Is IST_2 spanning? : True
Is IST_3 spanning? : True
Is IST_4 spanning? : True
Is IST_5 spanning? : True
Are all ISTs independent? : True

====TEST CR(336, 56, 112)====
Is IST_0 spanning? : True
Is IST_1 spanning? : True
Is IST_2 spanning? : True
Is IST_3 spanning? : True
Is IST_4 spanning? : True
Is IST_5 spanning? : True
Are all ISTs independent? : True

====TEST CR(337, 56, 112)====
Is IST_0 spanning? : True
Is IST_1 spanning? : True
Is IST_2 spanning? : True
Is IST_3 spanning? : True
Is IST_4 spanning? : True
Is IST_5 spanning? : True
Are all ISTs independent? : True

====TEST CR(338, 56, 112)====
Is IST_0 spanning? : True
Is IST_1 spanning? : True
Is IST_2 spanning? : True
Is IST_3 spanning? : True
Is IST_4 spanning? : True
Is IST_5 spanning? : True
Are all ISTs independent? : True

====TEST CR(339, 56, 112)====
Is IST_0 spanning? : True
Is IST_1 spanning? : True
Is IST_2 spanning? : True
Is IST_3 spanning? : True
Is IST_4 spanning? : True
Is IST_5 spanning? : True
Are all ISTs independent? : True

====TEST CR(340, 56, 112)====
Is IST_0 spanning? : True
Is IST_1 spanning? : True
Is IST_2 spanning? : True
Is IST_3 spanning? : True
Is IST_4 spanning? : True
Is IST_5 spanning? : True
Are all ISTs independent? : True

====TEST CR(341, 56, 112)====
Is IST_0 spanning? : True
Is IST_1 spanning? : True
Is IST_2 spanning? : True
Is IST_3 spanning? : True
Is IST_4 spanning? : True
Is IST_5 spanning? : True
Are all ISTs independent? : True

====TEST CR(342, 56, 112)====
Is IST_0 spanning? : True
Is IST_1 spanning? : True
Is IST_2 spanning? : True
Is IST_3 spanning? : True
Is IST_4 spanning? : True
Is IST_5 spanning? : True
Are all ISTs independent? : True

====TEST CR(343, 56, 112)====
Is IST_0 spanning? : True
Is IST_1 spanning? : True
Is IST_2 spanning? : True
Is IST_3 spanning? : True
Is IST_4 spanning? : True
Is IST_5 spanning? : True
Are all ISTs independent? : True

====TEST CR(344, 56, 112)====
Is IST_0 spanning? : True
Is IST_1 spanning? : True
Is IST_2 spanning? : True
Is IST_3 spanning? : True
Is IST_4 spanning? : True
Is IST_5 spanning? : True
Are all ISTs independent? : True

====TEST CR(345, 56, 112)====
Is IST_0 spanning? : True
Is IST_1 spanning? : True
Is IST_2 spanning? : True
Is IST_3 spanning? : True
Is IST_4 spanning? : True
Is IST_5 spanning? : True
Are all ISTs independent? : True

====TEST CR(346, 56, 112)====
Is IST_0 spanning? : True
Is IST_1 spanning? : True
Is IST_2 spanning? : True
Is IST_3 spanning? : True
Is IST_4 spanning? : True
Is IST_5 spanning? : True
Are all ISTs independent? : True

====TEST CR(347, 56, 112)====
Is IST_0 spanning? : True
Is IST_1 spanning? : True
Is IST_2 spanning? : True
Is IST_3 spanning? : True
Is IST_4 spanning? : True
Is IST_5 spanning? : True
Are all ISTs independent? : True

====TEST CR(348, 56, 112)====
Is IST_0 spanning? : True
Is IST_1 spanning? : True
Is IST_2 spanning? : True
Is IST_3 spanning? : True
Is IST_4 spanning? : True
Is IST_5 spanning? : True
Are all ISTs independent? : True

====TEST CR(349, 56, 112)====
Is IST_0 spanning? : True
Is IST_1 spanning? : True
Is IST_2 spanning? : True
Is IST_3 spanning? : True
Is IST_4 spanning? : True
Is IST_5 spanning? : True
Are all ISTs independent? : True

====TEST CR(350, 56, 112)====
Is IST_0 spanning? : True
Is IST_1 spanning? : True
Is IST_2 spanning? : True
Is IST_3 spanning? : True
Is IST_4 spanning? : True
Is IST_5 spanning? : True
Are all ISTs independent? : True

====TEST CR(351, 56, 112)====
Is IST_0 spanning? : True
Is IST_1 spanning? : True
Is IST_2 spanning? : True
Is IST_3 spanning? : True
Is IST_4 spanning? : True
Is IST_5 spanning? : True
Are all ISTs independent? : True

====TEST CR(352, 56, 112)====
Is IST_0 spanning? : True
Is IST_1 spanning? : True
Is IST_2 spanning? : True
Is IST_3 spanning? : True
Is IST_4 spanning? : True
Is IST_5 spanning? : True
Are all ISTs independent? : True

====TEST CR(353, 56, 112)====
Is IST_0 spanning? : True
Is IST_1 spanning? : True
Is IST_2 spanning? : True
Is IST_3 spanning? : True
Is IST_4 spanning? : True
Is IST_5 spanning? : True
Are all ISTs independent? : True

====TEST CR(354, 56, 112)====
Is IST_0 spanning? : True
Is IST_1 spanning? : True
Is IST_2 spanning? : True
Is IST_3 spanning? : True
Is IST_4 spanning? : True
Is IST_5 spanning? : True
Are all ISTs independent? : True

====TEST CR(355, 56, 112)====
Is IST_0 spanning? : True
Is IST_1 spanning? : True
Is IST_2 spanning? : True
Is IST_3 spanning? : True
Is IST_4 spanning? : True
Is IST_5 spanning? : True
Are all ISTs independent? : True

====TEST CR(356, 56, 112)====
Is IST_0 spanning? : True
Is IST_1 spanning? : True
Is IST_2 spanning? : True
Is IST_3 spanning? : True
Is IST_4 spanning? : True
Is IST_5 spanning? : True
Are all ISTs independent? : True

====TEST CR(357, 56, 112)====
Is IST_0 spanning? : True
Is IST_1 spanning? : True
Is IST_2 spanning? : True
Is IST_3 spanning? : True
Is IST_4 spanning? : True
Is IST_5 spanning? : True
Are all ISTs independent? : True

====TEST CR(358, 56, 112)====
Is IST_0 spanning? : True
Is IST_1 spanning? : True
Is IST_2 spanning? : True
Is IST_3 spanning? : True
Is IST_4 spanning? : True
Is IST_5 spanning? : True
Are all ISTs independent? : True

====TEST CR(359, 56, 112)====
Is IST_0 spanning? : True
Is IST_1 spanning? : True
Is IST_2 spanning? : True
Is IST_3 spanning? : True
Is IST_4 spanning? : True
Is IST_5 spanning? : True
Are all ISTs independent? : True

====TEST CR(360, 56, 112)====
Is IST_0 spanning? : True
Is IST_1 spanning? : True
Is IST_2 spanning? : True
Is IST_3 spanning? : True
Is IST_4 spanning? : True
Is IST_5 spanning? : True
Are all ISTs independent? : True

====TEST CR(361, 56, 112)====
Is IST_0 spanning? : True
Is IST_1 spanning? : True
Is IST_2 spanning? : True
Is IST_3 spanning? : True
Is IST_4 spanning? : True
Is IST_5 spanning? : True
Are all ISTs independent? : True

====TEST CR(362, 56, 112)====
Is IST_0 spanning? : True
Is IST_1 spanning? : True
Is IST_2 spanning? : True
Is IST_3 spanning? : True
Is IST_4 spanning? : True
Is IST_5 spanning? : True
Are all ISTs independent? : True

====TEST CR(363, 56, 112)====
Is IST_0 spanning? : True
Is IST_1 spanning? : True
Is IST_2 spanning? : True
Is IST_3 spanning? : True
Is IST_4 spanning? : True
Is IST_5 spanning? : True
Are all ISTs independent? : True

====TEST CR(364, 56, 112)====
Is IST_0 spanning? : True
Is IST_1 spanning? : True
Is IST_2 spanning? : True
Is IST_3 spanning? : True
Is IST_4 spanning? : True
Is IST_5 spanning? : True
Are all ISTs independent? : True

====TEST CR(365, 56, 112)====
Is IST_0 spanning? : True
Is IST_1 spanning? : True
Is IST_2 spanning? : True
Is IST_3 spanning? : True
Is IST_4 spanning? : True
Is IST_5 spanning? : True
Are all ISTs independent? : True

====TEST CR(366, 56, 112)====
Is IST_0 spanning? : True
Is IST_1 spanning? : True
Is IST_2 spanning? : True
Is IST_3 spanning? : True
Is IST_4 spanning? : True
Is IST_5 spanning? : True
Are all ISTs independent? : True

====TEST CR(367, 56, 112)====
Is IST_0 spanning? : True
Is IST_1 spanning? : True
Is IST_2 spanning? : True
Is IST_3 spanning? : True
Is IST_4 spanning? : True
Is IST_5 spanning? : True
Are all ISTs independent? : True

====TEST CR(368, 56, 112)====
Is IST_0 spanning? : True
Is IST_1 spanning? : True
Is IST_2 spanning? : True
Is IST_3 spanning? : True
Is IST_4 spanning? : True
Is IST_5 spanning? : True
Are all ISTs independent? : True

====TEST CR(369, 56, 112)====
Is IST_0 spanning? : True
Is IST_1 spanning? : True
Is IST_2 spanning? : True
Is IST_3 spanning? : True
Is IST_4 spanning? : True
Is IST_5 spanning? : True
Are all ISTs independent? : True

====TEST CR(370, 56, 112)====
Is IST_0 spanning? : True
Is IST_1 spanning? : True
Is IST_2 spanning? : True
Is IST_3 spanning? : True
Is IST_4 spanning? : True
Is IST_5 spanning? : True
Are all ISTs independent? : True

====TEST CR(371, 56, 112)====
Is IST_0 spanning? : True
Is IST_1 spanning? : True
Is IST_2 spanning? : True
Is IST_3 spanning? : True
Is IST_4 spanning? : True
Is IST_5 spanning? : True
Are all ISTs independent? : True

====TEST CR(372, 56, 112)====
Is IST_0 spanning? : True
Is IST_1 spanning? : True
Is IST_2 spanning? : True
Is IST_3 spanning? : True
Is IST_4 spanning? : True
Is IST_5 spanning? : True
Are all ISTs independent? : True

====TEST CR(373, 56, 112)====
Is IST_0 spanning? : True
Is IST_1 spanning? : True
Is IST_2 spanning? : True
Is IST_3 spanning? : True
Is IST_4 spanning? : True
Is IST_5 spanning? : True
Are all ISTs independent? : True

====TEST CR(374, 56, 112)====
Is IST_0 spanning? : True
Is IST_1 spanning? : True
Is IST_2 spanning? : True
Is IST_3 spanning? : True
Is IST_4 spanning? : True
Is IST_5 spanning? : True
Are all ISTs independent? : True

====TEST CR(375, 56, 112)====
Is IST_0 spanning? : True
Is IST_1 spanning? : True
Is IST_2 spanning? : True
Is IST_3 spanning? : True
Is IST_4 spanning? : True
Is IST_5 spanning? : True
Are all ISTs independent? : True

====TEST CR(376, 56, 112)====
Is IST_0 spanning? : True
Is IST_1 spanning? : True
Is IST_2 spanning? : True
Is IST_3 spanning? : True
Is IST_4 spanning? : True
Is IST_5 spanning? : True
Are all ISTs independent? : True

====TEST CR(377, 56, 112)====
Is IST_0 spanning? : True
Is IST_1 spanning? : True
Is IST_2 spanning? : True
Is IST_3 spanning? : True
Is IST_4 spanning? : True
Is IST_5 spanning? : True
Are all ISTs independent? : True

====TEST CR(378, 56, 112)====
Is IST_0 spanning? : True
Is IST_1 spanning? : True
Is IST_2 spanning? : True
Is IST_3 spanning? : True
Is IST_4 spanning? : True
Is IST_5 spanning? : True
Are all ISTs independent? : True

====TEST CR(379, 56, 112)====
Is IST_0 spanning? : True
Is IST_1 spanning? : True
Is IST_2 spanning? : True
Is IST_3 spanning? : True
Is IST_4 spanning? : True
Is IST_5 spanning? : True
Are all ISTs independent? : True

====TEST CR(380, 56, 112)====
Is IST_0 spanning? : True
Is IST_1 spanning? : True
Is IST_2 spanning? : True
Is IST_3 spanning? : True
Is IST_4 spanning? : True
Is IST_5 spanning? : True
Are all ISTs independent? : True

====TEST CR(381, 56, 112)====
Is IST_0 spanning? : True
Is IST_1 spanning? : True
Is IST_2 spanning? : True
Is IST_3 spanning? : True
Is IST_4 spanning? : True
Is IST_5 spanning? : True
Are all ISTs independent? : True

====TEST CR(382, 56, 112)====
Is IST_0 spanning? : True
Is IST_1 spanning? : True
Is IST_2 spanning? : True
Is IST_3 spanning? : True
Is IST_4 spanning? : True
Is IST_5 spanning? : True
Are all ISTs independent? : True

====TEST CR(383, 56, 112)====
Is IST_0 spanning? : True
Is IST_1 spanning? : True
Is IST_2 spanning? : True
Is IST_3 spanning? : True
Is IST_4 spanning? : True
Is IST_5 spanning? : True
Are all ISTs independent? : True

====TEST CR(384, 56, 112)====
Is IST_0 spanning? : True
Is IST_1 spanning? : True
Is IST_2 spanning? : True
Is IST_3 spanning? : True
Is IST_4 spanning? : True
Is IST_5 spanning? : True
Are all ISTs independent? : True

====TEST CR(385, 56, 112)====
Is IST_0 spanning? : True
Is IST_1 spanning? : True
Is IST_2 spanning? : True
Is IST_3 spanning? : True
Is IST_4 spanning? : True
Is IST_5 spanning? : True
Are all ISTs independent? : True

====TEST CR(386, 56, 112)====
Is IST_0 spanning? : True
Is IST_1 spanning? : True
Is IST_2 spanning? : True
Is IST_3 spanning? : True
Is IST_4 spanning? : True
Is IST_5 spanning? : True
Are all ISTs independent? : True

====TEST CR(387, 56, 112)====
Is IST_0 spanning? : True
Is IST_1 spanning? : True
Is IST_2 spanning? : True
Is IST_3 spanning? : True
Is IST_4 spanning? : True
Is IST_5 spanning? : True
Are all ISTs independent? : True

====TEST CR(388, 56, 112)====
Is IST_0 spanning? : True
Is IST_1 spanning? : True
Is IST_2 spanning? : True
Is IST_3 spanning? : True
Is IST_4 spanning? : True
Is IST_5 spanning? : True
Are all ISTs independent? : True

====TEST CR(389, 56, 112)====
Is IST_0 spanning? : True
Is IST_1 spanning? : True
Is IST_2 spanning? : True
Is IST_3 spanning? : True
Is IST_4 spanning? : True
Is IST_5 spanning? : True
Are all ISTs independent? : True

====TEST CR(390, 56, 112)====
Is IST_0 spanning? : True
Is IST_1 spanning? : True
Is IST_2 spanning? : True
Is IST_3 spanning? : True
Is IST_4 spanning? : True
Is IST_5 spanning? : True
Are all ISTs independent? : True

====TEST CR(391, 56, 112)====
Is IST_0 spanning? : True
Is IST_1 spanning? : True
Is IST_2 spanning? : True
Is IST_3 spanning? : True
Is IST_4 spanning? : True
Is IST_5 spanning? : True
Are all ISTs independent? : True

====TEST CR(392, 56, 112)====
Is IST_0 spanning? : True
Is IST_1 spanning? : True
Is IST_2 spanning? : True
Is IST_3 spanning? : True
Is IST_4 spanning? : True
Is IST_5 spanning? : True
Are all ISTs independent? : True

====TEST CR(393, 56, 112)====
Is IST_0 spanning? : True
Is IST_1 spanning? : True
Is IST_2 spanning? : True
Is IST_3 spanning? : True
Is IST_4 spanning? : True
Is IST_5 spanning? : True
Are all ISTs independent? : True

====TEST CR(394, 56, 112)====
Is IST_0 spanning? : True
Is IST_1 spanning? : True
Is IST_2 spanning? : True
Is IST_3 spanning? : True
Is IST_4 spanning? : True
Is IST_5 spanning? : True
Are all ISTs independent? : True

====TEST CR(395, 56, 112)====
Is IST_0 spanning? : True
Is IST_1 spanning? : True
Is IST_2 spanning? : True
Is IST_3 spanning? : True
Is IST_4 spanning? : True
Is IST_5 spanning? : True
Are all ISTs independent? : True

====TEST CR(396, 56, 112)====
Is IST_0 spanning? : True
Is IST_1 spanning? : True
Is IST_2 spanning? : True
Is IST_3 spanning? : True
Is IST_4 spanning? : True
Is IST_5 spanning? : True
Are all ISTs independent? : True

====TEST CR(397, 56, 112)====
Is IST_0 spanning? : True
Is IST_1 spanning? : True
Is IST_2 spanning? : True
Is IST_3 spanning? : True
Is IST_4 spanning? : True
Is IST_5 spanning? : True
Are all ISTs independent? : True

====TEST CR(398, 56, 112)====
Is IST_0 spanning? : True
Is IST_1 spanning? : True
Is IST_2 spanning? : True
Is IST_3 spanning? : True
Is IST_4 spanning? : True
Is IST_5 spanning? : True
Are all ISTs independent? : True

====TEST CR(399, 56, 112)====
Is IST_0 spanning? : True
Is IST_1 spanning? : True
Is IST_2 spanning? : True
Is IST_3 spanning? : True
Is IST_4 spanning? : True
Is IST_5 spanning? : True
Are all ISTs independent? : True

====TEST CR(400, 56, 112)====
Is IST_0 spanning? : True
Is IST_1 spanning? : True
Is IST_2 spanning? : True
Is IST_3 spanning? : True
Is IST_4 spanning? : True
Is IST_5 spanning? : True
Are all ISTs independent? : True

====TEST CR(401, 56, 112)====
Is IST_0 spanning? : True
Is IST_1 spanning? : True
Is IST_2 spanning? : True
Is IST_3 spanning? : True
Is IST_4 spanning? : True
Is IST_5 spanning? : True
Are all ISTs independent? : True

====TEST CR(402, 56, 112)====
Is IST_0 spanning? : True
Is IST_1 spanning? : True
Is IST_2 spanning? : True
Is IST_3 spanning? : True
Is IST_4 spanning? : True
Is IST_5 spanning? : True
Are all ISTs independent? : True

====TEST CR(403, 56, 112)====
Is IST_0 spanning? : True
Is IST_1 spanning? : True
Is IST_2 spanning? : True
Is IST_3 spanning? : True
Is IST_4 spanning? : True
Is IST_5 spanning? : True
Are all ISTs independent? : True

====TEST CR(404, 56, 112)====
Is IST_0 spanning? : True
Is IST_1 spanning? : True
Is IST_2 spanning? : True
Is IST_3 spanning? : True
Is IST_4 spanning? : True
Is IST_5 spanning? : True
Are all ISTs independent? : True

====TEST CR(405, 56, 112)====
Is IST_0 spanning? : True
Is IST_1 spanning? : True
Is IST_2 spanning? : True
Is IST_3 spanning? : True
Is IST_4 spanning? : True
Is IST_5 spanning? : True
Are all ISTs independent? : True

====TEST CR(406, 56, 112)====
Is IST_0 spanning? : True
Is IST_1 spanning? : True
Is IST_2 spanning? : True
Is IST_3 spanning? : True
Is IST_4 spanning? : True
Is IST_5 spanning? : True
Are all ISTs independent? : True

====TEST CR(407, 56, 112)====
Is IST_0 spanning? : True
Is IST_1 spanning? : True
Is IST_2 spanning? : True
Is IST_3 spanning? : True
Is IST_4 spanning? : True
Is IST_5 spanning? : True
Are all ISTs independent? : True

====TEST CR(408, 56, 112)====
Is IST_0 spanning? : True
Is IST_1 spanning? : True
Is IST_2 spanning? : True
Is IST_3 spanning? : True
Is IST_4 spanning? : True
Is IST_5 spanning? : True
Are all ISTs independent? : True

====TEST CR(409, 56, 112)====
Is IST_0 spanning? : True
Is IST_1 spanning? : True
Is IST_2 spanning? : True
Is IST_3 spanning? : True
Is IST_4 spanning? : True
Is IST_5 spanning? : True
Are all ISTs independent? : True

====TEST CR(410, 56, 112)====
Is IST_0 spanning? : True
Is IST_1 spanning? : True
Is IST_2 spanning? : True
Is IST_3 spanning? : True
Is IST_4 spanning? : True
Is IST_5 spanning? : True
Are all ISTs independent? : True

====TEST CR(411, 56, 112)====
Is IST_0 spanning? : True
Is IST_1 spanning? : True
Is IST_2 spanning? : True
Is IST_3 spanning? : True
Is IST_4 spanning? : True
Is IST_5 spanning? : True
Are all ISTs independent? : True

====TEST CR(412, 56, 112)====
Is IST_0 spanning? : True
Is IST_1 spanning? : True
Is IST_2 spanning? : True
Is IST_3 spanning? : True
Is IST_4 spanning? : True
Is IST_5 spanning? : True
Are all ISTs independent? : True

====TEST CR(413, 56, 112)====
Is IST_0 spanning? : True
Is IST_1 spanning? : True
Is IST_2 spanning? : True
Is IST_3 spanning? : True
Is IST_4 spanning? : True
Is IST_5 spanning? : True
Are all ISTs independent? : True

====TEST CR(414, 56, 112)====
Is IST_0 spanning? : True
Is IST_1 spanning? : True
Is IST_2 spanning? : True
Is IST_3 spanning? : True
Is IST_4 spanning? : True
Is IST_5 spanning? : True
Are all ISTs independent? : True

====TEST CR(415, 56, 112)====
Is IST_0 spanning? : True
Is IST_1 spanning? : True
Is IST_2 spanning? : True
Is IST_3 spanning? : True
Is IST_4 spanning? : True
Is IST_5 spanning? : True
Are all ISTs independent? : True

====TEST CR(416, 56, 112)====
Is IST_0 spanning? : True
Is IST_1 spanning? : True
Is IST_2 spanning? : True
Is IST_3 spanning? : True
Is IST_4 spanning? : True
Is IST_5 spanning? : True
Are all ISTs independent? : True

====TEST CR(417, 56, 112)====
Is IST_0 spanning? : True
Is IST_1 spanning? : True
Is IST_2 spanning? : True
Is IST_3 spanning? : True
Is IST_4 spanning? : True
Is IST_5 spanning? : True
Are all ISTs independent? : True

====TEST CR(418, 56, 112)====
Is IST_0 spanning? : True
Is IST_1 spanning? : True
Is IST_2 spanning? : True
Is IST_3 spanning? : True
Is IST_4 spanning? : True
Is IST_5 spanning? : True
Are all ISTs independent? : True

====TEST CR(419, 56, 112)====
Is IST_0 spanning? : True
Is IST_1 spanning? : True
Is IST_2 spanning? : True
Is IST_3 spanning? : True
Is IST_4 spanning? : True
Is IST_5 spanning? : True
Are all ISTs independent? : True

====TEST CR(420, 56, 112)====
Is IST_0 spanning? : True
Is IST_1 spanning? : True
Is IST_2 spanning? : True
Is IST_3 spanning? : True
Is IST_4 spanning? : True
Is IST_5 spanning? : True
Are all ISTs independent? : True

====TEST CR(421, 56, 112)====
Is IST_0 spanning? : True
Is IST_1 spanning? : True
Is IST_2 spanning? : True
Is IST_3 spanning? : True
Is IST_4 spanning? : True
Is IST_5 spanning? : True
Are all ISTs independent? : True

====TEST CR(422, 56, 112)====
Is IST_0 spanning? : True
Is IST_1 spanning? : True
Is IST_2 spanning? : True
Is IST_3 spanning? : True
Is IST_4 spanning? : True
Is IST_5 spanning? : True
Are all ISTs independent? : True

====TEST CR(423, 56, 112)====
Is IST_0 spanning? : True
Is IST_1 spanning? : True
Is IST_2 spanning? : True
Is IST_3 spanning? : True
Is IST_4 spanning? : True
Is IST_5 spanning? : True
Are all ISTs independent? : True

====TEST CR(424, 56, 112)====
Is IST_0 spanning? : True
Is IST_1 spanning? : True
Is IST_2 spanning? : True
Is IST_3 spanning? : True
Is IST_4 spanning? : True
Is IST_5 spanning? : True
Are all ISTs independent? : True

====TEST CR(425, 56, 112)====
Is IST_0 spanning? : True
Is IST_1 spanning? : True
Is IST_2 spanning? : True
Is IST_3 spanning? : True
Is IST_4 spanning? : True
Is IST_5 spanning? : True
Are all ISTs independent? : True

====TEST CR(426, 56, 112)====
Is IST_0 spanning? : True
Is IST_1 spanning? : True
Is IST_2 spanning? : True
Is IST_3 spanning? : True
Is IST_4 spanning? : True
Is IST_5 spanning? : True
Are all ISTs independent? : True

====TEST CR(427, 56, 112)====
Is IST_0 spanning? : True
Is IST_1 spanning? : True
Is IST_2 spanning? : True
Is IST_3 spanning? : True
Is IST_4 spanning? : True
Is IST_5 spanning? : True
Are all ISTs independent? : True

====TEST CR(428, 56, 112)====
Is IST_0 spanning? : True
Is IST_1 spanning? : True
Is IST_2 spanning? : True
Is IST_3 spanning? : True
Is IST_4 spanning? : True
Is IST_5 spanning? : True
Are all ISTs independent? : True

====TEST CR(429, 56, 112)====
Is IST_0 spanning? : True
Is IST_1 spanning? : True
Is IST_2 spanning? : True
Is IST_3 spanning? : True
Is IST_4 spanning? : True
Is IST_5 spanning? : True
Are all ISTs independent? : True

====TEST CR(430, 56, 112)====
Is IST_0 spanning? : True
Is IST_1 spanning? : True
Is IST_2 spanning? : True
Is IST_3 spanning? : True
Is IST_4 spanning? : True
Is IST_5 spanning? : True
Are all ISTs independent? : True

====TEST CR(431, 56, 112)====
Is IST_0 spanning? : True
Is IST_1 spanning? : True
Is IST_2 spanning? : True
Is IST_3 spanning? : True
Is IST_4 spanning? : True
Is IST_5 spanning? : True
Are all ISTs independent? : True

====TEST CR(432, 56, 112)====
Is IST_0 spanning? : True
Is IST_1 spanning? : True
Is IST_2 spanning? : True
Is IST_3 spanning? : True
Is IST_4 spanning? : True
Is IST_5 spanning? : True
Are all ISTs independent? : True

====TEST CR(433, 56, 112)====
Is IST_0 spanning? : True
Is IST_1 spanning? : True
Is IST_2 spanning? : True
Is IST_3 spanning? : True
Is IST_4 spanning? : True
Is IST_5 spanning? : True
Are all ISTs independent? : True

====TEST CR(434, 56, 112)====
Is IST_0 spanning? : True
Is IST_1 spanning? : True
Is IST_2 spanning? : True
Is IST_3 spanning? : True
Is IST_4 spanning? : True
Is IST_5 spanning? : True
Are all ISTs independent? : True

====TEST CR(435, 56, 112)====
Is IST_0 spanning? : True
Is IST_1 spanning? : True
Is IST_2 spanning? : True
Is IST_3 spanning? : True
Is IST_4 spanning? : True
Is IST_5 spanning? : True
Are all ISTs independent? : True

====TEST CR(436, 56, 112)====
Is IST_0 spanning? : True
Is IST_1 spanning? : True
Is IST_2 spanning? : True
Is IST_3 spanning? : True
Is IST_4 spanning? : True
Is IST_5 spanning? : True
Are all ISTs independent? : True

====TEST CR(437, 56, 112)====
Is IST_0 spanning? : True
Is IST_1 spanning? : True
Is IST_2 spanning? : True
Is IST_3 spanning? : True
Is IST_4 spanning? : True
Is IST_5 spanning? : True
Are all ISTs independent? : True

====TEST CR(438, 56, 112)====
Is IST_0 spanning? : True
Is IST_1 spanning? : True
Is IST_2 spanning? : True
Is IST_3 spanning? : True
Is IST_4 spanning? : True
Is IST_5 spanning? : True
Are all ISTs independent? : True

====TEST CR(439, 56, 112)====
Is IST_0 spanning? : True
Is IST_1 spanning? : True
Is IST_2 spanning? : True
Is IST_3 spanning? : True
Is IST_4 spanning? : True
Is IST_5 spanning? : True
Are all ISTs independent? : True

====TEST CR(440, 56, 112)====
Is IST_0 spanning? : True
Is IST_1 spanning? : True
Is IST_2 spanning? : True
Is IST_3 spanning? : True
Is IST_4 spanning? : True
Is IST_5 spanning? : True
Are all ISTs independent? : True

====TEST CR(441, 56, 112)====
Is IST_0 spanning? : True
Is IST_1 spanning? : True
Is IST_2 spanning? : True
Is IST_3 spanning? : True
Is IST_4 spanning? : True
Is IST_5 spanning? : True
Are all ISTs independent? : True

====TEST CR(442, 56, 112)====
Is IST_0 spanning? : True
Is IST_1 spanning? : True
Is IST_2 spanning? : True
Is IST_3 spanning? : True
Is IST_4 spanning? : True
Is IST_5 spanning? : True
Are all ISTs independent? : True

====TEST CR(443, 56, 112)====
Is IST_0 spanning? : True
Is IST_1 spanning? : True
Is IST_2 spanning? : True
Is IST_3 spanning? : True
Is IST_4 spanning? : True
Is IST_5 spanning? : True
Are all ISTs independent? : True

====TEST CR(444, 56, 112)====
Is IST_0 spanning? : True
Is IST_1 spanning? : True
Is IST_2 spanning? : True
Is IST_3 spanning? : True
Is IST_4 spanning? : True
Is IST_5 spanning? : True
Are all ISTs independent? : True

====TEST CR(445, 56, 112)====
Is IST_0 spanning? : True
Is IST_1 spanning? : True
Is IST_2 spanning? : True
Is IST_3 spanning? : True
Is IST_4 spanning? : True
Is IST_5 spanning? : True
Are all ISTs independent? : True

====TEST CR(446, 56, 112)====
Is IST_0 spanning? : True
Is IST_1 spanning? : True
Is IST_2 spanning? : True
Is IST_3 spanning? : True
Is IST_4 spanning? : True
Is IST_5 spanning? : True
Are all ISTs independent? : True

====TEST CR(447, 56, 112)====
Is IST_0 spanning? : True
Is IST_1 spanning? : True
Is IST_2 spanning? : True
Is IST_3 spanning? : True
Is IST_4 spanning? : True
Is IST_5 spanning? : True
Are all ISTs independent? : True

====TEST CR(448, 56, 112)====
Is IST_0 spanning? : True
Is IST_1 spanning? : True
Is IST_2 spanning? : True
Is IST_3 spanning? : True
Is IST_4 spanning? : True
Is IST_5 spanning? : True
Are all ISTs independent? : True

====TEST CR(449, 56, 112)====
Is IST_0 spanning? : True
Is IST_1 spanning? : True
Is IST_2 spanning? : True
Is IST_3 spanning? : True
Is IST_4 spanning? : True
Is IST_5 spanning? : True
Are all ISTs independent? : True

====TEST CR(450, 56, 112)====
Is IST_0 spanning? : True
Is IST_1 spanning? : True
Is IST_2 spanning? : True
Is IST_3 spanning? : True
Is IST_4 spanning? : True
Is IST_5 spanning? : True
Are all ISTs independent? : True

====TEST CR(451, 56, 112)====
Is IST_0 spanning? : True
Is IST_1 spanning? : True
Is IST_2 spanning? : True
Is IST_3 spanning? : True
Is IST_4 spanning? : True
Is IST_5 spanning? : True
Are all ISTs independent? : True

====TEST CR(452, 56, 112)====
Is IST_0 spanning? : True
Is IST_1 spanning? : True
Is IST_2 spanning? : True
Is IST_3 spanning? : True
Is IST_4 spanning? : True
Is IST_5 spanning? : True
Are all ISTs independent? : True

====TEST CR(453, 56, 112)====
Is IST_0 spanning? : True
Is IST_1 spanning? : True
Is IST_2 spanning? : True
Is IST_3 spanning? : True
Is IST_4 spanning? : True
Is IST_5 spanning? : True
Are all ISTs independent? : True

====TEST CR(454, 56, 112)====
Is IST_0 spanning? : True
Is IST_1 spanning? : True
Is IST_2 spanning? : True
Is IST_3 spanning? : True
Is IST_4 spanning? : True
Is IST_5 spanning? : True
Are all ISTs independent? : True

====TEST CR(455, 56, 112)====
Is IST_0 spanning? : True
Is IST_1 spanning? : True
Is IST_2 spanning? : True
Is IST_3 spanning? : True
Is IST_4 spanning? : True
Is IST_5 spanning? : True
Are all ISTs independent? : True

====TEST CR(456, 56, 112)====
Is IST_0 spanning? : True
Is IST_1 spanning? : True
Is IST_2 spanning? : True
Is IST_3 spanning? : True
Is IST_4 spanning? : True
Is IST_5 spanning? : True
Are all ISTs independent? : True

====TEST CR(457, 56, 112)====
Is IST_0 spanning? : True
Is IST_1 spanning? : True
Is IST_2 spanning? : True
Is IST_3 spanning? : True
Is IST_4 spanning? : True
Is IST_5 spanning? : True
Are all ISTs independent? : True

====TEST CR(458, 56, 112)====
Is IST_0 spanning? : True
Is IST_1 spanning? : True
Is IST_2 spanning? : True
Is IST_3 spanning? : True
Is IST_4 spanning? : True
Is IST_5 spanning? : True
Are all ISTs independent? : True

====TEST CR(459, 56, 112)====
Is IST_0 spanning? : True
Is IST_1 spanning? : True
Is IST_2 spanning? : True
Is IST_3 spanning? : True
Is IST_4 spanning? : True
Is IST_5 spanning? : True
Are all ISTs independent? : True

====TEST CR(460, 56, 112)====
Is IST_0 spanning? : True
Is IST_1 spanning? : True
Is IST_2 spanning? : True
Is IST_3 spanning? : True
Is IST_4 spanning? : True
Is IST_5 spanning? : True
Are all ISTs independent? : True

====TEST CR(461, 56, 112)====
Is IST_0 spanning? : True
Is IST_1 spanning? : True
Is IST_2 spanning? : True
Is IST_3 spanning? : True
Is IST_4 spanning? : True
Is IST_5 spanning? : True
Are all ISTs independent? : True

====TEST CR(462, 56, 112)====
Is IST_0 spanning? : True
Is IST_1 spanning? : True
Is IST_2 spanning? : True
Is IST_3 spanning? : True
Is IST_4 spanning? : True
Is IST_5 spanning? : True
Are all ISTs independent? : True

====TEST CR(463, 56, 112)====
Is IST_0 spanning? : True
Is IST_1 spanning? : True
Is IST_2 spanning? : True
Is IST_3 spanning? : True
Is IST_4 spanning? : True
Is IST_5 spanning? : True
Are all ISTs independent? : True

====TEST CR(464, 56, 112)====
Is IST_0 spanning? : True
Is IST_1 spanning? : True
Is IST_2 spanning? : True
Is IST_3 spanning? : True
Is IST_4 spanning? : True
Is IST_5 spanning? : True
Are all ISTs independent? : True

====TEST CR(342, 57, 114)====
Is IST_0 spanning? : True
Is IST_1 spanning? : True
Is IST_2 spanning? : True
Is IST_3 spanning? : True
Is IST_4 spanning? : True
Is IST_5 spanning? : True
Are all ISTs independent? : True

====TEST CR(343, 57, 114)====
Is IST_0 spanning? : True
Is IST_1 spanning? : True
Is IST_2 spanning? : True
Is IST_3 spanning? : True
Is IST_4 spanning? : True
Is IST_5 spanning? : True
Are all ISTs independent? : True

====TEST CR(344, 57, 114)====
Is IST_0 spanning? : True
Is IST_1 spanning? : True
Is IST_2 spanning? : True
Is IST_3 spanning? : True
Is IST_4 spanning? : True
Is IST_5 spanning? : True
Are all ISTs independent? : True

====TEST CR(345, 57, 114)====
Is IST_0 spanning? : True
Is IST_1 spanning? : True
Is IST_2 spanning? : True
Is IST_3 spanning? : True
Is IST_4 spanning? : True
Is IST_5 spanning? : True
Are all ISTs independent? : True

====TEST CR(346, 57, 114)====
Is IST_0 spanning? : True
Is IST_1 spanning? : True
Is IST_2 spanning? : True
Is IST_3 spanning? : True
Is IST_4 spanning? : True
Is IST_5 spanning? : True
Are all ISTs independent? : True

====TEST CR(347, 57, 114)====
Is IST_0 spanning? : True
Is IST_1 spanning? : True
Is IST_2 spanning? : True
Is IST_3 spanning? : True
Is IST_4 spanning? : True
Is IST_5 spanning? : True
Are all ISTs independent? : True

====TEST CR(348, 57, 114)====
Is IST_0 spanning? : True
Is IST_1 spanning? : True
Is IST_2 spanning? : True
Is IST_3 spanning? : True
Is IST_4 spanning? : True
Is IST_5 spanning? : True
Are all ISTs independent? : True

====TEST CR(349, 57, 114)====
Is IST_0 spanning? : True
Is IST_1 spanning? : True
Is IST_2 spanning? : True
Is IST_3 spanning? : True
Is IST_4 spanning? : True
Is IST_5 spanning? : True
Are all ISTs independent? : True

====TEST CR(350, 57, 114)====
Is IST_0 spanning? : True
Is IST_1 spanning? : True
Is IST_2 spanning? : True
Is IST_3 spanning? : True
Is IST_4 spanning? : True
Is IST_5 spanning? : True
Are all ISTs independent? : True

====TEST CR(351, 57, 114)====
Is IST_0 spanning? : True
Is IST_1 spanning? : True
Is IST_2 spanning? : True
Is IST_3 spanning? : True
Is IST_4 spanning? : True
Is IST_5 spanning? : True
Are all ISTs independent? : True

====TEST CR(352, 57, 114)====
Is IST_0 spanning? : True
Is IST_1 spanning? : True
Is IST_2 spanning? : True
Is IST_3 spanning? : True
Is IST_4 spanning? : True
Is IST_5 spanning? : True
Are all ISTs independent? : True

====TEST CR(353, 57, 114)====
Is IST_0 spanning? : True
Is IST_1 spanning? : True
Is IST_2 spanning? : True
Is IST_3 spanning? : True
Is IST_4 spanning? : True
Is IST_5 spanning? : True
Are all ISTs independent? : True

====TEST CR(354, 57, 114)====
Is IST_0 spanning? : True
Is IST_1 spanning? : True
Is IST_2 spanning? : True
Is IST_3 spanning? : True
Is IST_4 spanning? : True
Is IST_5 spanning? : True
Are all ISTs independent? : True

====TEST CR(355, 57, 114)====
Is IST_0 spanning? : True
Is IST_1 spanning? : True
Is IST_2 spanning? : True
Is IST_3 spanning? : True
Is IST_4 spanning? : True
Is IST_5 spanning? : True
Are all ISTs independent? : True

====TEST CR(356, 57, 114)====
Is IST_0 spanning? : True
Is IST_1 spanning? : True
Is IST_2 spanning? : True
Is IST_3 spanning? : True
Is IST_4 spanning? : True
Is IST_5 spanning? : True
Are all ISTs independent? : True

====TEST CR(357, 57, 114)====
Is IST_0 spanning? : True
Is IST_1 spanning? : True
Is IST_2 spanning? : True
Is IST_3 spanning? : True
Is IST_4 spanning? : True
Is IST_5 spanning? : True
Are all ISTs independent? : True

====TEST CR(358, 57, 114)====
Is IST_0 spanning? : True
Is IST_1 spanning? : True
Is IST_2 spanning? : True
Is IST_3 spanning? : True
Is IST_4 spanning? : True
Is IST_5 spanning? : True
Are all ISTs independent? : True

====TEST CR(359, 57, 114)====
Is IST_0 spanning? : True
Is IST_1 spanning? : True
Is IST_2 spanning? : True
Is IST_3 spanning? : True
Is IST_4 spanning? : True
Is IST_5 spanning? : True
Are all ISTs independent? : True

====TEST CR(360, 57, 114)====
Is IST_0 spanning? : True
Is IST_1 spanning? : True
Is IST_2 spanning? : True
Is IST_3 spanning? : True
Is IST_4 spanning? : True
Is IST_5 spanning? : True
Are all ISTs independent? : True

====TEST CR(361, 57, 114)====
Is IST_0 spanning? : True
Is IST_1 spanning? : True
Is IST_2 spanning? : True
Is IST_3 spanning? : True
Is IST_4 spanning? : True
Is IST_5 spanning? : True
Are all ISTs independent? : True

====TEST CR(362, 57, 114)====
Is IST_0 spanning? : True
Is IST_1 spanning? : True
Is IST_2 spanning? : True
Is IST_3 spanning? : True
Is IST_4 spanning? : True
Is IST_5 spanning? : True
Are all ISTs independent? : True

====TEST CR(363, 57, 114)====
Is IST_0 spanning? : True
Is IST_1 spanning? : True
Is IST_2 spanning? : True
Is IST_3 spanning? : True
Is IST_4 spanning? : True
Is IST_5 spanning? : True
Are all ISTs independent? : True

====TEST CR(364, 57, 114)====
Is IST_0 spanning? : True
Is IST_1 spanning? : True
Is IST_2 spanning? : True
Is IST_3 spanning? : True
Is IST_4 spanning? : True
Is IST_5 spanning? : True
Are all ISTs independent? : True

====TEST CR(365, 57, 114)====
Is IST_0 spanning? : True
Is IST_1 spanning? : True
Is IST_2 spanning? : True
Is IST_3 spanning? : True
Is IST_4 spanning? : True
Is IST_5 spanning? : True
Are all ISTs independent? : True

====TEST CR(366, 57, 114)====
Is IST_0 spanning? : True
Is IST_1 spanning? : True
Is IST_2 spanning? : True
Is IST_3 spanning? : True
Is IST_4 spanning? : True
Is IST_5 spanning? : True
Are all ISTs independent? : True

====TEST CR(367, 57, 114)====
Is IST_0 spanning? : True
Is IST_1 spanning? : True
Is IST_2 spanning? : True
Is IST_3 spanning? : True
Is IST_4 spanning? : True
Is IST_5 spanning? : True
Are all ISTs independent? : True

====TEST CR(368, 57, 114)====
Is IST_0 spanning? : True
Is IST_1 spanning? : True
Is IST_2 spanning? : True
Is IST_3 spanning? : True
Is IST_4 spanning? : True
Is IST_5 spanning? : True
Are all ISTs independent? : True

====TEST CR(369, 57, 114)====
Is IST_0 spanning? : True
Is IST_1 spanning? : True
Is IST_2 spanning? : True
Is IST_3 spanning? : True
Is IST_4 spanning? : True
Is IST_5 spanning? : True
Are all ISTs independent? : True

====TEST CR(370, 57, 114)====
Is IST_0 spanning? : True
Is IST_1 spanning? : True
Is IST_2 spanning? : True
Is IST_3 spanning? : True
Is IST_4 spanning? : True
Is IST_5 spanning? : True
Are all ISTs independent? : True

====TEST CR(371, 57, 114)====
Is IST_0 spanning? : True
Is IST_1 spanning? : True
Is IST_2 spanning? : True
Is IST_3 spanning? : True
Is IST_4 spanning? : True
Is IST_5 spanning? : True
Are all ISTs independent? : True

====TEST CR(372, 57, 114)====
Is IST_0 spanning? : True
Is IST_1 spanning? : True
Is IST_2 spanning? : True
Is IST_3 spanning? : True
Is IST_4 spanning? : True
Is IST_5 spanning? : True
Are all ISTs independent? : True

====TEST CR(373, 57, 114)====
Is IST_0 spanning? : True
Is IST_1 spanning? : True
Is IST_2 spanning? : True
Is IST_3 spanning? : True
Is IST_4 spanning? : True
Is IST_5 spanning? : True
Are all ISTs independent? : True

====TEST CR(374, 57, 114)====
Is IST_0 spanning? : True
Is IST_1 spanning? : True
Is IST_2 spanning? : True
Is IST_3 spanning? : True
Is IST_4 spanning? : True
Is IST_5 spanning? : True
Are all ISTs independent? : True

====TEST CR(375, 57, 114)====
Is IST_0 spanning? : True
Is IST_1 spanning? : True
Is IST_2 spanning? : True
Is IST_3 spanning? : True
Is IST_4 spanning? : True
Is IST_5 spanning? : True
Are all ISTs independent? : True

====TEST CR(376, 57, 114)====
Is IST_0 spanning? : True
Is IST_1 spanning? : True
Is IST_2 spanning? : True
Is IST_3 spanning? : True
Is IST_4 spanning? : True
Is IST_5 spanning? : True
Are all ISTs independent? : True

====TEST CR(377, 57, 114)====
Is IST_0 spanning? : True
Is IST_1 spanning? : True
Is IST_2 spanning? : True
Is IST_3 spanning? : True
Is IST_4 spanning? : True
Is IST_5 spanning? : True
Are all ISTs independent? : True

====TEST CR(378, 57, 114)====
Is IST_0 spanning? : True
Is IST_1 spanning? : True
Is IST_2 spanning? : True
Is IST_3 spanning? : True
Is IST_4 spanning? : True
Is IST_5 spanning? : True
Are all ISTs independent? : True

====TEST CR(379, 57, 114)====
Is IST_0 spanning? : True
Is IST_1 spanning? : True
Is IST_2 spanning? : True
Is IST_3 spanning? : True
Is IST_4 spanning? : True
Is IST_5 spanning? : True
Are all ISTs independent? : True

====TEST CR(380, 57, 114)====
Is IST_0 spanning? : True
Is IST_1 spanning? : True
Is IST_2 spanning? : True
Is IST_3 spanning? : True
Is IST_4 spanning? : True
Is IST_5 spanning? : True
Are all ISTs independent? : True

====TEST CR(381, 57, 114)====
Is IST_0 spanning? : True
Is IST_1 spanning? : True
Is IST_2 spanning? : True
Is IST_3 spanning? : True
Is IST_4 spanning? : True
Is IST_5 spanning? : True
Are all ISTs independent? : True

====TEST CR(382, 57, 114)====
Is IST_0 spanning? : True
Is IST_1 spanning? : True
Is IST_2 spanning? : True
Is IST_3 spanning? : True
Is IST_4 spanning? : True
Is IST_5 spanning? : True
Are all ISTs independent? : True

====TEST CR(383, 57, 114)====
Is IST_0 spanning? : True
Is IST_1 spanning? : True
Is IST_2 spanning? : True
Is IST_3 spanning? : True
Is IST_4 spanning? : True
Is IST_5 spanning? : True
Are all ISTs independent? : True

====TEST CR(384, 57, 114)====
Is IST_0 spanning? : True
Is IST_1 spanning? : True
Is IST_2 spanning? : True
Is IST_3 spanning? : True
Is IST_4 spanning? : True
Is IST_5 spanning? : True
Are all ISTs independent? : True

====TEST CR(385, 57, 114)====
Is IST_0 spanning? : True
Is IST_1 spanning? : True
Is IST_2 spanning? : True
Is IST_3 spanning? : True
Is IST_4 spanning? : True
Is IST_5 spanning? : True
Are all ISTs independent? : True

====TEST CR(386, 57, 114)====
Is IST_0 spanning? : True
Is IST_1 spanning? : True
Is IST_2 spanning? : True
Is IST_3 spanning? : True
Is IST_4 spanning? : True
Is IST_5 spanning? : True
Are all ISTs independent? : True

====TEST CR(387, 57, 114)====
Is IST_0 spanning? : True
Is IST_1 spanning? : True
Is IST_2 spanning? : True
Is IST_3 spanning? : True
Is IST_4 spanning? : True
Is IST_5 spanning? : True
Are all ISTs independent? : True

====TEST CR(388, 57, 114)====
Is IST_0 spanning? : True
Is IST_1 spanning? : True
Is IST_2 spanning? : True
Is IST_3 spanning? : True
Is IST_4 spanning? : True
Is IST_5 spanning? : True
Are all ISTs independent? : True

====TEST CR(389, 57, 114)====
Is IST_0 spanning? : True
Is IST_1 spanning? : True
Is IST_2 spanning? : True
Is IST_3 spanning? : True
Is IST_4 spanning? : True
Is IST_5 spanning? : True
Are all ISTs independent? : True

====TEST CR(390, 57, 114)====
Is IST_0 spanning? : True
Is IST_1 spanning? : True
Is IST_2 spanning? : True
Is IST_3 spanning? : True
Is IST_4 spanning? : True
Is IST_5 spanning? : True
Are all ISTs independent? : True

====TEST CR(391, 57, 114)====
Is IST_0 spanning? : True
Is IST_1 spanning? : True
Is IST_2 spanning? : True
Is IST_3 spanning? : True
Is IST_4 spanning? : True
Is IST_5 spanning? : True
Are all ISTs independent? : True

====TEST CR(392, 57, 114)====
Is IST_0 spanning? : True
Is IST_1 spanning? : True
Is IST_2 spanning? : True
Is IST_3 spanning? : True
Is IST_4 spanning? : True
Is IST_5 spanning? : True
Are all ISTs independent? : True

====TEST CR(393, 57, 114)====
Is IST_0 spanning? : True
Is IST_1 spanning? : True
Is IST_2 spanning? : True
Is IST_3 spanning? : True
Is IST_4 spanning? : True
Is IST_5 spanning? : True
Are all ISTs independent? : True

====TEST CR(394, 57, 114)====
Is IST_0 spanning? : True
Is IST_1 spanning? : True
Is IST_2 spanning? : True
Is IST_3 spanning? : True
Is IST_4 spanning? : True
Is IST_5 spanning? : True
Are all ISTs independent? : True

====TEST CR(395, 57, 114)====
Is IST_0 spanning? : True
Is IST_1 spanning? : True
Is IST_2 spanning? : True
Is IST_3 spanning? : True
Is IST_4 spanning? : True
Is IST_5 spanning? : True
Are all ISTs independent? : True

====TEST CR(396, 57, 114)====
Is IST_0 spanning? : True
Is IST_1 spanning? : True
Is IST_2 spanning? : True
Is IST_3 spanning? : True
Is IST_4 spanning? : True
Is IST_5 spanning? : True
Are all ISTs independent? : True

====TEST CR(397, 57, 114)====
Is IST_0 spanning? : True
Is IST_1 spanning? : True
Is IST_2 spanning? : True
Is IST_3 spanning? : True
Is IST_4 spanning? : True
Is IST_5 spanning? : True
Are all ISTs independent? : True

====TEST CR(398, 57, 114)====
Is IST_0 spanning? : True
Is IST_1 spanning? : True
Is IST_2 spanning? : True
Is IST_3 spanning? : True
Is IST_4 spanning? : True
Is IST_5 spanning? : True
Are all ISTs independent? : True

====TEST CR(399, 57, 114)====
Is IST_0 spanning? : True
Is IST_1 spanning? : True
Is IST_2 spanning? : True
Is IST_3 spanning? : True
Is IST_4 spanning? : True
Is IST_5 spanning? : True
Are all ISTs independent? : True

====TEST CR(400, 57, 114)====
Is IST_0 spanning? : True
Is IST_1 spanning? : True
Is IST_2 spanning? : True
Is IST_3 spanning? : True
Is IST_4 spanning? : True
Is IST_5 spanning? : True
Are all ISTs independent? : True

====TEST CR(401, 57, 114)====
Is IST_0 spanning? : True
Is IST_1 spanning? : True
Is IST_2 spanning? : True
Is IST_3 spanning? : True
Is IST_4 spanning? : True
Is IST_5 spanning? : True
Are all ISTs independent? : True

====TEST CR(402, 57, 114)====
Is IST_0 spanning? : True
Is IST_1 spanning? : True
Is IST_2 spanning? : True
Is IST_3 spanning? : True
Is IST_4 spanning? : True
Is IST_5 spanning? : True
Are all ISTs independent? : True

====TEST CR(403, 57, 114)====
Is IST_0 spanning? : True
Is IST_1 spanning? : True
Is IST_2 spanning? : True
Is IST_3 spanning? : True
Is IST_4 spanning? : True
Is IST_5 spanning? : True
Are all ISTs independent? : True

====TEST CR(404, 57, 114)====
Is IST_0 spanning? : True
Is IST_1 spanning? : True
Is IST_2 spanning? : True
Is IST_3 spanning? : True
Is IST_4 spanning? : True
Is IST_5 spanning? : True
Are all ISTs independent? : True

====TEST CR(405, 57, 114)====
Is IST_0 spanning? : True
Is IST_1 spanning? : True
Is IST_2 spanning? : True
Is IST_3 spanning? : True
Is IST_4 spanning? : True
Is IST_5 spanning? : True
Are all ISTs independent? : True

====TEST CR(406, 57, 114)====
Is IST_0 spanning? : True
Is IST_1 spanning? : True
Is IST_2 spanning? : True
Is IST_3 spanning? : True
Is IST_4 spanning? : True
Is IST_5 spanning? : True
Are all ISTs independent? : True

====TEST CR(407, 57, 114)====
Is IST_0 spanning? : True
Is IST_1 spanning? : True
Is IST_2 spanning? : True
Is IST_3 spanning? : True
Is IST_4 spanning? : True
Is IST_5 spanning? : True
Are all ISTs independent? : True

====TEST CR(408, 57, 114)====
Is IST_0 spanning? : True
Is IST_1 spanning? : True
Is IST_2 spanning? : True
Is IST_3 spanning? : True
Is IST_4 spanning? : True
Is IST_5 spanning? : True
Are all ISTs independent? : True

====TEST CR(409, 57, 114)====
Is IST_0 spanning? : True
Is IST_1 spanning? : True
Is IST_2 spanning? : True
Is IST_3 spanning? : True
Is IST_4 spanning? : True
Is IST_5 spanning? : True
Are all ISTs independent? : True

====TEST CR(410, 57, 114)====
Is IST_0 spanning? : True
Is IST_1 spanning? : True
Is IST_2 spanning? : True
Is IST_3 spanning? : True
Is IST_4 spanning? : True
Is IST_5 spanning? : True
Are all ISTs independent? : True

====TEST CR(411, 57, 114)====
Is IST_0 spanning? : True
Is IST_1 spanning? : True
Is IST_2 spanning? : True
Is IST_3 spanning? : True
Is IST_4 spanning? : True
Is IST_5 spanning? : True
Are all ISTs independent? : True

====TEST CR(412, 57, 114)====
Is IST_0 spanning? : True
Is IST_1 spanning? : True
Is IST_2 spanning? : True
Is IST_3 spanning? : True
Is IST_4 spanning? : True
Is IST_5 spanning? : True
Are all ISTs independent? : True

====TEST CR(413, 57, 114)====
Is IST_0 spanning? : True
Is IST_1 spanning? : True
Is IST_2 spanning? : True
Is IST_3 spanning? : True
Is IST_4 spanning? : True
Is IST_5 spanning? : True
Are all ISTs independent? : True

====TEST CR(414, 57, 114)====
Is IST_0 spanning? : True
Is IST_1 spanning? : True
Is IST_2 spanning? : True
Is IST_3 spanning? : True
Is IST_4 spanning? : True
Is IST_5 spanning? : True
Are all ISTs independent? : True

====TEST CR(415, 57, 114)====
Is IST_0 spanning? : True
Is IST_1 spanning? : True
Is IST_2 spanning? : True
Is IST_3 spanning? : True
Is IST_4 spanning? : True
Is IST_5 spanning? : True
Are all ISTs independent? : True

====TEST CR(416, 57, 114)====
Is IST_0 spanning? : True
Is IST_1 spanning? : True
Is IST_2 spanning? : True
Is IST_3 spanning? : True
Is IST_4 spanning? : True
Is IST_5 spanning? : True
Are all ISTs independent? : True

====TEST CR(417, 57, 114)====
Is IST_0 spanning? : True
Is IST_1 spanning? : True
Is IST_2 spanning? : True
Is IST_3 spanning? : True
Is IST_4 spanning? : True
Is IST_5 spanning? : True
Are all ISTs independent? : True

====TEST CR(418, 57, 114)====
Is IST_0 spanning? : True
Is IST_1 spanning? : True
Is IST_2 spanning? : True
Is IST_3 spanning? : True
Is IST_4 spanning? : True
Is IST_5 spanning? : True
Are all ISTs independent? : True

====TEST CR(419, 57, 114)====
Is IST_0 spanning? : True
Is IST_1 spanning? : True
Is IST_2 spanning? : True
Is IST_3 spanning? : True
Is IST_4 spanning? : True
Is IST_5 spanning? : True
Are all ISTs independent? : True

====TEST CR(420, 57, 114)====
Is IST_0 spanning? : True
Is IST_1 spanning? : True
Is IST_2 spanning? : True
Is IST_3 spanning? : True
Is IST_4 spanning? : True
Is IST_5 spanning? : True
Are all ISTs independent? : True

====TEST CR(421, 57, 114)====
Is IST_0 spanning? : True
Is IST_1 spanning? : True
Is IST_2 spanning? : True
Is IST_3 spanning? : True
Is IST_4 spanning? : True
Is IST_5 spanning? : True
Are all ISTs independent? : True

====TEST CR(422, 57, 114)====
Is IST_0 spanning? : True
Is IST_1 spanning? : True
Is IST_2 spanning? : True
Is IST_3 spanning? : True
Is IST_4 spanning? : True
Is IST_5 spanning? : True
Are all ISTs independent? : True

====TEST CR(423, 57, 114)====
Is IST_0 spanning? : True
Is IST_1 spanning? : True
Is IST_2 spanning? : True
Is IST_3 spanning? : True
Is IST_4 spanning? : True
Is IST_5 spanning? : True
Are all ISTs independent? : True

====TEST CR(424, 57, 114)====
Is IST_0 spanning? : True
Is IST_1 spanning? : True
Is IST_2 spanning? : True
Is IST_3 spanning? : True
Is IST_4 spanning? : True
Is IST_5 spanning? : True
Are all ISTs independent? : True

====TEST CR(425, 57, 114)====
Is IST_0 spanning? : True
Is IST_1 spanning? : True
Is IST_2 spanning? : True
Is IST_3 spanning? : True
Is IST_4 spanning? : True
Is IST_5 spanning? : True
Are all ISTs independent? : True

====TEST CR(426, 57, 114)====
Is IST_0 spanning? : True
Is IST_1 spanning? : True
Is IST_2 spanning? : True
Is IST_3 spanning? : True
Is IST_4 spanning? : True
Is IST_5 spanning? : True
Are all ISTs independent? : True

====TEST CR(427, 57, 114)====
Is IST_0 spanning? : True
Is IST_1 spanning? : True
Is IST_2 spanning? : True
Is IST_3 spanning? : True
Is IST_4 spanning? : True
Is IST_5 spanning? : True
Are all ISTs independent? : True

====TEST CR(428, 57, 114)====
Is IST_0 spanning? : True
Is IST_1 spanning? : True
Is IST_2 spanning? : True
Is IST_3 spanning? : True
Is IST_4 spanning? : True
Is IST_5 spanning? : True
Are all ISTs independent? : True

====TEST CR(429, 57, 114)====
Is IST_0 spanning? : True
Is IST_1 spanning? : True
Is IST_2 spanning? : True
Is IST_3 spanning? : True
Is IST_4 spanning? : True
Is IST_5 spanning? : True
Are all ISTs independent? : True

====TEST CR(430, 57, 114)====
Is IST_0 spanning? : True
Is IST_1 spanning? : True
Is IST_2 spanning? : True
Is IST_3 spanning? : True
Is IST_4 spanning? : True
Is IST_5 spanning? : True
Are all ISTs independent? : True

====TEST CR(431, 57, 114)====
Is IST_0 spanning? : True
Is IST_1 spanning? : True
Is IST_2 spanning? : True
Is IST_3 spanning? : True
Is IST_4 spanning? : True
Is IST_5 spanning? : True
Are all ISTs independent? : True

====TEST CR(432, 57, 114)====
Is IST_0 spanning? : True
Is IST_1 spanning? : True
Is IST_2 spanning? : True
Is IST_3 spanning? : True
Is IST_4 spanning? : True
Is IST_5 spanning? : True
Are all ISTs independent? : True

====TEST CR(433, 57, 114)====
Is IST_0 spanning? : True
Is IST_1 spanning? : True
Is IST_2 spanning? : True
Is IST_3 spanning? : True
Is IST_4 spanning? : True
Is IST_5 spanning? : True
Are all ISTs independent? : True

====TEST CR(434, 57, 114)====
Is IST_0 spanning? : True
Is IST_1 spanning? : True
Is IST_2 spanning? : True
Is IST_3 spanning? : True
Is IST_4 spanning? : True
Is IST_5 spanning? : True
Are all ISTs independent? : True

====TEST CR(435, 57, 114)====
Is IST_0 spanning? : True
Is IST_1 spanning? : True
Is IST_2 spanning? : True
Is IST_3 spanning? : True
Is IST_4 spanning? : True
Is IST_5 spanning? : True
Are all ISTs independent? : True

====TEST CR(436, 57, 114)====
Is IST_0 spanning? : True
Is IST_1 spanning? : True
Is IST_2 spanning? : True
Is IST_3 spanning? : True
Is IST_4 spanning? : True
Is IST_5 spanning? : True
Are all ISTs independent? : True

====TEST CR(437, 57, 114)====
Is IST_0 spanning? : True
Is IST_1 spanning? : True
Is IST_2 spanning? : True
Is IST_3 spanning? : True
Is IST_4 spanning? : True
Is IST_5 spanning? : True
Are all ISTs independent? : True

====TEST CR(438, 57, 114)====
Is IST_0 spanning? : True
Is IST_1 spanning? : True
Is IST_2 spanning? : True
Is IST_3 spanning? : True
Is IST_4 spanning? : True
Is IST_5 spanning? : True
Are all ISTs independent? : True

====TEST CR(439, 57, 114)====
Is IST_0 spanning? : True
Is IST_1 spanning? : True
Is IST_2 spanning? : True
Is IST_3 spanning? : True
Is IST_4 spanning? : True
Is IST_5 spanning? : True
Are all ISTs independent? : True

====TEST CR(440, 57, 114)====
Is IST_0 spanning? : True
Is IST_1 spanning? : True
Is IST_2 spanning? : True
Is IST_3 spanning? : True
Is IST_4 spanning? : True
Is IST_5 spanning? : True
Are all ISTs independent? : True

====TEST CR(441, 57, 114)====
Is IST_0 spanning? : True
Is IST_1 spanning? : True
Is IST_2 spanning? : True
Is IST_3 spanning? : True
Is IST_4 spanning? : True
Is IST_5 spanning? : True
Are all ISTs independent? : True

====TEST CR(442, 57, 114)====
Is IST_0 spanning? : True
Is IST_1 spanning? : True
Is IST_2 spanning? : True
Is IST_3 spanning? : True
Is IST_4 spanning? : True
Is IST_5 spanning? : True
Are all ISTs independent? : True

====TEST CR(443, 57, 114)====
Is IST_0 spanning? : True
Is IST_1 spanning? : True
Is IST_2 spanning? : True
Is IST_3 spanning? : True
Is IST_4 spanning? : True
Is IST_5 spanning? : True
Are all ISTs independent? : True

====TEST CR(444, 57, 114)====
Is IST_0 spanning? : True
Is IST_1 spanning? : True
Is IST_2 spanning? : True
Is IST_3 spanning? : True
Is IST_4 spanning? : True
Is IST_5 spanning? : True
Are all ISTs independent? : True

====TEST CR(445, 57, 114)====
Is IST_0 spanning? : True
Is IST_1 spanning? : True
Is IST_2 spanning? : True
Is IST_3 spanning? : True
Is IST_4 spanning? : True
Is IST_5 spanning? : True
Are all ISTs independent? : True

====TEST CR(446, 57, 114)====
Is IST_0 spanning? : True
Is IST_1 spanning? : True
Is IST_2 spanning? : True
Is IST_3 spanning? : True
Is IST_4 spanning? : True
Is IST_5 spanning? : True
Are all ISTs independent? : True

====TEST CR(447, 57, 114)====
Is IST_0 spanning? : True
Is IST_1 spanning? : True
Is IST_2 spanning? : True
Is IST_3 spanning? : True
Is IST_4 spanning? : True
Is IST_5 spanning? : True
Are all ISTs independent? : True

====TEST CR(448, 57, 114)====
Is IST_0 spanning? : True
Is IST_1 spanning? : True
Is IST_2 spanning? : True
Is IST_3 spanning? : True
Is IST_4 spanning? : True
Is IST_5 spanning? : True
Are all ISTs independent? : True

====TEST CR(449, 57, 114)====
Is IST_0 spanning? : True
Is IST_1 spanning? : True
Is IST_2 spanning? : True
Is IST_3 spanning? : True
Is IST_4 spanning? : True
Is IST_5 spanning? : True
Are all ISTs independent? : True

====TEST CR(450, 57, 114)====
Is IST_0 spanning? : True
Is IST_1 spanning? : True
Is IST_2 spanning? : True
Is IST_3 spanning? : True
Is IST_4 spanning? : True
Is IST_5 spanning? : True
Are all ISTs independent? : True

====TEST CR(451, 57, 114)====
Is IST_0 spanning? : True
Is IST_1 spanning? : True
Is IST_2 spanning? : True
Is IST_3 spanning? : True
Is IST_4 spanning? : True
Is IST_5 spanning? : True
Are all ISTs independent? : True

====TEST CR(452, 57, 114)====
Is IST_0 spanning? : True
Is IST_1 spanning? : True
Is IST_2 spanning? : True
Is IST_3 spanning? : True
Is IST_4 spanning? : True
Is IST_5 spanning? : True
Are all ISTs independent? : True

====TEST CR(453, 57, 114)====
Is IST_0 spanning? : True
Is IST_1 spanning? : True
Is IST_2 spanning? : True
Is IST_3 spanning? : True
Is IST_4 spanning? : True
Is IST_5 spanning? : True
Are all ISTs independent? : True

====TEST CR(454, 57, 114)====
Is IST_0 spanning? : True
Is IST_1 spanning? : True
Is IST_2 spanning? : True
Is IST_3 spanning? : True
Is IST_4 spanning? : True
Is IST_5 spanning? : True
Are all ISTs independent? : True

====TEST CR(455, 57, 114)====
Is IST_0 spanning? : True
Is IST_1 spanning? : True
Is IST_2 spanning? : True
Is IST_3 spanning? : True
Is IST_4 spanning? : True
Is IST_5 spanning? : True
Are all ISTs independent? : True

====TEST CR(456, 57, 114)====
Is IST_0 spanning? : True
Is IST_1 spanning? : True
Is IST_2 spanning? : True
Is IST_3 spanning? : True
Is IST_4 spanning? : True
Is IST_5 spanning? : True
Are all ISTs independent? : True

====TEST CR(457, 57, 114)====
Is IST_0 spanning? : True
Is IST_1 spanning? : True
Is IST_2 spanning? : True
Is IST_3 spanning? : True
Is IST_4 spanning? : True
Is IST_5 spanning? : True
Are all ISTs independent? : True

====TEST CR(458, 57, 114)====
Is IST_0 spanning? : True
Is IST_1 spanning? : True
Is IST_2 spanning? : True
Is IST_3 spanning? : True
Is IST_4 spanning? : True
Is IST_5 spanning? : True
Are all ISTs independent? : True

====TEST CR(459, 57, 114)====
Is IST_0 spanning? : True
Is IST_1 spanning? : True
Is IST_2 spanning? : True
Is IST_3 spanning? : True
Is IST_4 spanning? : True
Is IST_5 spanning? : True
Are all ISTs independent? : True

====TEST CR(460, 57, 114)====
Is IST_0 spanning? : True
Is IST_1 spanning? : True
Is IST_2 spanning? : True
Is IST_3 spanning? : True
Is IST_4 spanning? : True
Is IST_5 spanning? : True
Are all ISTs independent? : True

====TEST CR(461, 57, 114)====
Is IST_0 spanning? : True
Is IST_1 spanning? : True
Is IST_2 spanning? : True
Is IST_3 spanning? : True
Is IST_4 spanning? : True
Is IST_5 spanning? : True
Are all ISTs independent? : True

====TEST CR(462, 57, 114)====
Is IST_0 spanning? : True
Is IST_1 spanning? : True
Is IST_2 spanning? : True
Is IST_3 spanning? : True
Is IST_4 spanning? : True
Is IST_5 spanning? : True
Are all ISTs independent? : True

====TEST CR(463, 57, 114)====
Is IST_0 spanning? : True
Is IST_1 spanning? : True
Is IST_2 spanning? : True
Is IST_3 spanning? : True
Is IST_4 spanning? : True
Is IST_5 spanning? : True
Are all ISTs independent? : True

====TEST CR(464, 57, 114)====
Is IST_0 spanning? : True
Is IST_1 spanning? : True
Is IST_2 spanning? : True
Is IST_3 spanning? : True
Is IST_4 spanning? : True
Is IST_5 spanning? : True
Are all ISTs independent? : True

====TEST CR(465, 57, 114)====
Is IST_0 spanning? : True
Is IST_1 spanning? : True
Is IST_2 spanning? : True
Is IST_3 spanning? : True
Is IST_4 spanning? : True
Is IST_5 spanning? : True
Are all ISTs independent? : True

====TEST CR(466, 57, 114)====
Is IST_0 spanning? : True
Is IST_1 spanning? : True
Is IST_2 spanning? : True
Is IST_3 spanning? : True
Is IST_4 spanning? : True
Is IST_5 spanning? : True
Are all ISTs independent? : True

====TEST CR(467, 57, 114)====
Is IST_0 spanning? : True
Is IST_1 spanning? : True
Is IST_2 spanning? : True
Is IST_3 spanning? : True
Is IST_4 spanning? : True
Is IST_5 spanning? : True
Are all ISTs independent? : True

====TEST CR(468, 57, 114)====
Is IST_0 spanning? : True
Is IST_1 spanning? : True
Is IST_2 spanning? : True
Is IST_3 spanning? : True
Is IST_4 spanning? : True
Is IST_5 spanning? : True
Are all ISTs independent? : True

====TEST CR(469, 57, 114)====
Is IST_0 spanning? : True
Is IST_1 spanning? : True
Is IST_2 spanning? : True
Is IST_3 spanning? : True
Is IST_4 spanning? : True
Is IST_5 spanning? : True
Are all ISTs independent? : True

====TEST CR(470, 57, 114)====
Is IST_0 spanning? : True
Is IST_1 spanning? : True
Is IST_2 spanning? : True
Is IST_3 spanning? : True
Is IST_4 spanning? : True
Is IST_5 spanning? : True
Are all ISTs independent? : True

====TEST CR(348, 58, 116)====
Is IST_0 spanning? : True
Is IST_1 spanning? : True
Is IST_2 spanning? : True
Is IST_3 spanning? : True
Is IST_4 spanning? : True
Is IST_5 spanning? : True
Are all ISTs independent? : True

====TEST CR(349, 58, 116)====
Is IST_0 spanning? : True
Is IST_1 spanning? : True
Is IST_2 spanning? : True
Is IST_3 spanning? : True
Is IST_4 spanning? : True
Is IST_5 spanning? : True
Are all ISTs independent? : True

====TEST CR(350, 58, 116)====
Is IST_0 spanning? : True
Is IST_1 spanning? : True
Is IST_2 spanning? : True
Is IST_3 spanning? : True
Is IST_4 spanning? : True
Is IST_5 spanning? : True
Are all ISTs independent? : True

====TEST CR(351, 58, 116)====
Is IST_0 spanning? : True
Is IST_1 spanning? : True
Is IST_2 spanning? : True
Is IST_3 spanning? : True
Is IST_4 spanning? : True
Is IST_5 spanning? : True
Are all ISTs independent? : True

====TEST CR(352, 58, 116)====
Is IST_0 spanning? : True
Is IST_1 spanning? : True
Is IST_2 spanning? : True
Is IST_3 spanning? : True
Is IST_4 spanning? : True
Is IST_5 spanning? : True
Are all ISTs independent? : True

====TEST CR(353, 58, 116)====
Is IST_0 spanning? : True
Is IST_1 spanning? : True
Is IST_2 spanning? : True
Is IST_3 spanning? : True
Is IST_4 spanning? : True
Is IST_5 spanning? : True
Are all ISTs independent? : True

====TEST CR(354, 58, 116)====
Is IST_0 spanning? : True
Is IST_1 spanning? : True
Is IST_2 spanning? : True
Is IST_3 spanning? : True
Is IST_4 spanning? : True
Is IST_5 spanning? : True
Are all ISTs independent? : True

====TEST CR(355, 58, 116)====
Is IST_0 spanning? : True
Is IST_1 spanning? : True
Is IST_2 spanning? : True
Is IST_3 spanning? : True
Is IST_4 spanning? : True
Is IST_5 spanning? : True
Are all ISTs independent? : True

====TEST CR(356, 58, 116)====
Is IST_0 spanning? : True
Is IST_1 spanning? : True
Is IST_2 spanning? : True
Is IST_3 spanning? : True
Is IST_4 spanning? : True
Is IST_5 spanning? : True
Are all ISTs independent? : True

====TEST CR(357, 58, 116)====
Is IST_0 spanning? : True
Is IST_1 spanning? : True
Is IST_2 spanning? : True
Is IST_3 spanning? : True
Is IST_4 spanning? : True
Is IST_5 spanning? : True
Are all ISTs independent? : True

====TEST CR(358, 58, 116)====
Is IST_0 spanning? : True
Is IST_1 spanning? : True
Is IST_2 spanning? : True
Is IST_3 spanning? : True
Is IST_4 spanning? : True
Is IST_5 spanning? : True
Are all ISTs independent? : True

====TEST CR(359, 58, 116)====
Is IST_0 spanning? : True
Is IST_1 spanning? : True
Is IST_2 spanning? : True
Is IST_3 spanning? : True
Is IST_4 spanning? : True
Is IST_5 spanning? : True
Are all ISTs independent? : True

====TEST CR(360, 58, 116)====
Is IST_0 spanning? : True
Is IST_1 spanning? : True
Is IST_2 spanning? : True
Is IST_3 spanning? : True
Is IST_4 spanning? : True
Is IST_5 spanning? : True
Are all ISTs independent? : True

====TEST CR(361, 58, 116)====
Is IST_0 spanning? : True
Is IST_1 spanning? : True
Is IST_2 spanning? : True
Is IST_3 spanning? : True
Is IST_4 spanning? : True
Is IST_5 spanning? : True
Are all ISTs independent? : True

====TEST CR(362, 58, 116)====
Is IST_0 spanning? : True
Is IST_1 spanning? : True
Is IST_2 spanning? : True
Is IST_3 spanning? : True
Is IST_4 spanning? : True
Is IST_5 spanning? : True
Are all ISTs independent? : True

====TEST CR(363, 58, 116)====
Is IST_0 spanning? : True
Is IST_1 spanning? : True
Is IST_2 spanning? : True
Is IST_3 spanning? : True
Is IST_4 spanning? : True
Is IST_5 spanning? : True
Are all ISTs independent? : True

====TEST CR(364, 58, 116)====
Is IST_0 spanning? : True
Is IST_1 spanning? : True
Is IST_2 spanning? : True
Is IST_3 spanning? : True
Is IST_4 spanning? : True
Is IST_5 spanning? : True
Are all ISTs independent? : True

====TEST CR(365, 58, 116)====
Is IST_0 spanning? : True
Is IST_1 spanning? : True
Is IST_2 spanning? : True
Is IST_3 spanning? : True
Is IST_4 spanning? : True
Is IST_5 spanning? : True
Are all ISTs independent? : True

====TEST CR(366, 58, 116)====
Is IST_0 spanning? : True
Is IST_1 spanning? : True
Is IST_2 spanning? : True
Is IST_3 spanning? : True
Is IST_4 spanning? : True
Is IST_5 spanning? : True
Are all ISTs independent? : True

====TEST CR(367, 58, 116)====
Is IST_0 spanning? : True
Is IST_1 spanning? : True
Is IST_2 spanning? : True
Is IST_3 spanning? : True
Is IST_4 spanning? : True
Is IST_5 spanning? : True
Are all ISTs independent? : True

====TEST CR(368, 58, 116)====
Is IST_0 spanning? : True
Is IST_1 spanning? : True
Is IST_2 spanning? : True
Is IST_3 spanning? : True
Is IST_4 spanning? : True
Is IST_5 spanning? : True
Are all ISTs independent? : True

====TEST CR(369, 58, 116)====
Is IST_0 spanning? : True
Is IST_1 spanning? : True
Is IST_2 spanning? : True
Is IST_3 spanning? : True
Is IST_4 spanning? : True
Is IST_5 spanning? : True
Are all ISTs independent? : True

====TEST CR(370, 58, 116)====
Is IST_0 spanning? : True
Is IST_1 spanning? : True
Is IST_2 spanning? : True
Is IST_3 spanning? : True
Is IST_4 spanning? : True
Is IST_5 spanning? : True
Are all ISTs independent? : True

====TEST CR(371, 58, 116)====
Is IST_0 spanning? : True
Is IST_1 spanning? : True
Is IST_2 spanning? : True
Is IST_3 spanning? : True
Is IST_4 spanning? : True
Is IST_5 spanning? : True
Are all ISTs independent? : True

====TEST CR(372, 58, 116)====
Is IST_0 spanning? : True
Is IST_1 spanning? : True
Is IST_2 spanning? : True
Is IST_3 spanning? : True
Is IST_4 spanning? : True
Is IST_5 spanning? : True
Are all ISTs independent? : True

====TEST CR(373, 58, 116)====
Is IST_0 spanning? : True
Is IST_1 spanning? : True
Is IST_2 spanning? : True
Is IST_3 spanning? : True
Is IST_4 spanning? : True
Is IST_5 spanning? : True
Are all ISTs independent? : True

====TEST CR(374, 58, 116)====
Is IST_0 spanning? : True
Is IST_1 spanning? : True
Is IST_2 spanning? : True
Is IST_3 spanning? : True
Is IST_4 spanning? : True
Is IST_5 spanning? : True
Are all ISTs independent? : True

====TEST CR(375, 58, 116)====
Is IST_0 spanning? : True
Is IST_1 spanning? : True
Is IST_2 spanning? : True
Is IST_3 spanning? : True
Is IST_4 spanning? : True
Is IST_5 spanning? : True
Are all ISTs independent? : True

====TEST CR(376, 58, 116)====
Is IST_0 spanning? : True
Is IST_1 spanning? : True
Is IST_2 spanning? : True
Is IST_3 spanning? : True
Is IST_4 spanning? : True
Is IST_5 spanning? : True
Are all ISTs independent? : True

====TEST CR(377, 58, 116)====
Is IST_0 spanning? : True
Is IST_1 spanning? : True
Is IST_2 spanning? : True
Is IST_3 spanning? : True
Is IST_4 spanning? : True
Is IST_5 spanning? : True
Are all ISTs independent? : True

====TEST CR(378, 58, 116)====
Is IST_0 spanning? : True
Is IST_1 spanning? : True
Is IST_2 spanning? : True
Is IST_3 spanning? : True
Is IST_4 spanning? : True
Is IST_5 spanning? : True
Are all ISTs independent? : True

====TEST CR(379, 58, 116)====
Is IST_0 spanning? : True
Is IST_1 spanning? : True
Is IST_2 spanning? : True
Is IST_3 spanning? : True
Is IST_4 spanning? : True
Is IST_5 spanning? : True
Are all ISTs independent? : True

====TEST CR(380, 58, 116)====
Is IST_0 spanning? : True
Is IST_1 spanning? : True
Is IST_2 spanning? : True
Is IST_3 spanning? : True
Is IST_4 spanning? : True
Is IST_5 spanning? : True
Are all ISTs independent? : True

====TEST CR(381, 58, 116)====
Is IST_0 spanning? : True
Is IST_1 spanning? : True
Is IST_2 spanning? : True
Is IST_3 spanning? : True
Is IST_4 spanning? : True
Is IST_5 spanning? : True
Are all ISTs independent? : True

====TEST CR(382, 58, 116)====
Is IST_0 spanning? : True
Is IST_1 spanning? : True
Is IST_2 spanning? : True
Is IST_3 spanning? : True
Is IST_4 spanning? : True
Is IST_5 spanning? : True
Are all ISTs independent? : True

====TEST CR(383, 58, 116)====
Is IST_0 spanning? : True
Is IST_1 spanning? : True
Is IST_2 spanning? : True
Is IST_3 spanning? : True
Is IST_4 spanning? : True
Is IST_5 spanning? : True
Are all ISTs independent? : True

====TEST CR(384, 58, 116)====
Is IST_0 spanning? : True
Is IST_1 spanning? : True
Is IST_2 spanning? : True
Is IST_3 spanning? : True
Is IST_4 spanning? : True
Is IST_5 spanning? : True
Are all ISTs independent? : True

====TEST CR(385, 58, 116)====
Is IST_0 spanning? : True
Is IST_1 spanning? : True
Is IST_2 spanning? : True
Is IST_3 spanning? : True
Is IST_4 spanning? : True
Is IST_5 spanning? : True
Are all ISTs independent? : True

====TEST CR(386, 58, 116)====
Is IST_0 spanning? : True
Is IST_1 spanning? : True
Is IST_2 spanning? : True
Is IST_3 spanning? : True
Is IST_4 spanning? : True
Is IST_5 spanning? : True
Are all ISTs independent? : True

====TEST CR(387, 58, 116)====
Is IST_0 spanning? : True
Is IST_1 spanning? : True
Is IST_2 spanning? : True
Is IST_3 spanning? : True
Is IST_4 spanning? : True
Is IST_5 spanning? : True
Are all ISTs independent? : True

====TEST CR(388, 58, 116)====
Is IST_0 spanning? : True
Is IST_1 spanning? : True
Is IST_2 spanning? : True
Is IST_3 spanning? : True
Is IST_4 spanning? : True
Is IST_5 spanning? : True
Are all ISTs independent? : True

====TEST CR(389, 58, 116)====
Is IST_0 spanning? : True
Is IST_1 spanning? : True
Is IST_2 spanning? : True
Is IST_3 spanning? : True
Is IST_4 spanning? : True
Is IST_5 spanning? : True
Are all ISTs independent? : True

====TEST CR(390, 58, 116)====
Is IST_0 spanning? : True
Is IST_1 spanning? : True
Is IST_2 spanning? : True
Is IST_3 spanning? : True
Is IST_4 spanning? : True
Is IST_5 spanning? : True
Are all ISTs independent? : True

====TEST CR(391, 58, 116)====
Is IST_0 spanning? : True
Is IST_1 spanning? : True
Is IST_2 spanning? : True
Is IST_3 spanning? : True
Is IST_4 spanning? : True
Is IST_5 spanning? : True
Are all ISTs independent? : True

====TEST CR(392, 58, 116)====
Is IST_0 spanning? : True
Is IST_1 spanning? : True
Is IST_2 spanning? : True
Is IST_3 spanning? : True
Is IST_4 spanning? : True
Is IST_5 spanning? : True
Are all ISTs independent? : True

====TEST CR(393, 58, 116)====
Is IST_0 spanning? : True
Is IST_1 spanning? : True
Is IST_2 spanning? : True
Is IST_3 spanning? : True
Is IST_4 spanning? : True
Is IST_5 spanning? : True
Are all ISTs independent? : True

====TEST CR(394, 58, 116)====
Is IST_0 spanning? : True
Is IST_1 spanning? : True
Is IST_2 spanning? : True
Is IST_3 spanning? : True
Is IST_4 spanning? : True
Is IST_5 spanning? : True
Are all ISTs independent? : True

====TEST CR(395, 58, 116)====
Is IST_0 spanning? : True
Is IST_1 spanning? : True
Is IST_2 spanning? : True
Is IST_3 spanning? : True
Is IST_4 spanning? : True
Is IST_5 spanning? : True
Are all ISTs independent? : True

====TEST CR(396, 58, 116)====
Is IST_0 spanning? : True
Is IST_1 spanning? : True
Is IST_2 spanning? : True
Is IST_3 spanning? : True
Is IST_4 spanning? : True
Is IST_5 spanning? : True
Are all ISTs independent? : True

====TEST CR(397, 58, 116)====
Is IST_0 spanning? : True
Is IST_1 spanning? : True
Is IST_2 spanning? : True
Is IST_3 spanning? : True
Is IST_4 spanning? : True
Is IST_5 spanning? : True
Are all ISTs independent? : True

====TEST CR(398, 58, 116)====
Is IST_0 spanning? : True
Is IST_1 spanning? : True
Is IST_2 spanning? : True
Is IST_3 spanning? : True
Is IST_4 spanning? : True
Is IST_5 spanning? : True
Are all ISTs independent? : True

====TEST CR(399, 58, 116)====
Is IST_0 spanning? : True
Is IST_1 spanning? : True
Is IST_2 spanning? : True
Is IST_3 spanning? : True
Is IST_4 spanning? : True
Is IST_5 spanning? : True
Are all ISTs independent? : True

====TEST CR(400, 58, 116)====
Is IST_0 spanning? : True
Is IST_1 spanning? : True
Is IST_2 spanning? : True
Is IST_3 spanning? : True
Is IST_4 spanning? : True
Is IST_5 spanning? : True
Are all ISTs independent? : True

====TEST CR(401, 58, 116)====
Is IST_0 spanning? : True
Is IST_1 spanning? : True
Is IST_2 spanning? : True
Is IST_3 spanning? : True
Is IST_4 spanning? : True
Is IST_5 spanning? : True
Are all ISTs independent? : True

====TEST CR(402, 58, 116)====
Is IST_0 spanning? : True
Is IST_1 spanning? : True
Is IST_2 spanning? : True
Is IST_3 spanning? : True
Is IST_4 spanning? : True
Is IST_5 spanning? : True
Are all ISTs independent? : True

====TEST CR(403, 58, 116)====
Is IST_0 spanning? : True
Is IST_1 spanning? : True
Is IST_2 spanning? : True
Is IST_3 spanning? : True
Is IST_4 spanning? : True
Is IST_5 spanning? : True
Are all ISTs independent? : True

====TEST CR(404, 58, 116)====
Is IST_0 spanning? : True
Is IST_1 spanning? : True
Is IST_2 spanning? : True
Is IST_3 spanning? : True
Is IST_4 spanning? : True
Is IST_5 spanning? : True
Are all ISTs independent? : True

====TEST CR(405, 58, 116)====
Is IST_0 spanning? : True
Is IST_1 spanning? : True
Is IST_2 spanning? : True
Is IST_3 spanning? : True
Is IST_4 spanning? : True
Is IST_5 spanning? : True
Are all ISTs independent? : True

====TEST CR(406, 58, 116)====
Is IST_0 spanning? : True
Is IST_1 spanning? : True
Is IST_2 spanning? : True
Is IST_3 spanning? : True
Is IST_4 spanning? : True
Is IST_5 spanning? : True
Are all ISTs independent? : True

====TEST CR(407, 58, 116)====
Is IST_0 spanning? : True
Is IST_1 spanning? : True
Is IST_2 spanning? : True
Is IST_3 spanning? : True
Is IST_4 spanning? : True
Is IST_5 spanning? : True
Are all ISTs independent? : True

====TEST CR(408, 58, 116)====
Is IST_0 spanning? : True
Is IST_1 spanning? : True
Is IST_2 spanning? : True
Is IST_3 spanning? : True
Is IST_4 spanning? : True
Is IST_5 spanning? : True
Are all ISTs independent? : True

====TEST CR(409, 58, 116)====
Is IST_0 spanning? : True
Is IST_1 spanning? : True
Is IST_2 spanning? : True
Is IST_3 spanning? : True
Is IST_4 spanning? : True
Is IST_5 spanning? : True
Are all ISTs independent? : True

====TEST CR(410, 58, 116)====
Is IST_0 spanning? : True
Is IST_1 spanning? : True
Is IST_2 spanning? : True
Is IST_3 spanning? : True
Is IST_4 spanning? : True
Is IST_5 spanning? : True
Are all ISTs independent? : True

====TEST CR(411, 58, 116)====
Is IST_0 spanning? : True
Is IST_1 spanning? : True
Is IST_2 spanning? : True
Is IST_3 spanning? : True
Is IST_4 spanning? : True
Is IST_5 spanning? : True
Are all ISTs independent? : True

====TEST CR(412, 58, 116)====
Is IST_0 spanning? : True
Is IST_1 spanning? : True
Is IST_2 spanning? : True
Is IST_3 spanning? : True
Is IST_4 spanning? : True
Is IST_5 spanning? : True
Are all ISTs independent? : True

====TEST CR(413, 58, 116)====
Is IST_0 spanning? : True
Is IST_1 spanning? : True
Is IST_2 spanning? : True
Is IST_3 spanning? : True
Is IST_4 spanning? : True
Is IST_5 spanning? : True
Are all ISTs independent? : True

====TEST CR(414, 58, 116)====
Is IST_0 spanning? : True
Is IST_1 spanning? : True
Is IST_2 spanning? : True
Is IST_3 spanning? : True
Is IST_4 spanning? : True
Is IST_5 spanning? : True
Are all ISTs independent? : True

====TEST CR(415, 58, 116)====
Is IST_0 spanning? : True
Is IST_1 spanning? : True
Is IST_2 spanning? : True
Is IST_3 spanning? : True
Is IST_4 spanning? : True
Is IST_5 spanning? : True
Are all ISTs independent? : True

====TEST CR(416, 58, 116)====
Is IST_0 spanning? : True
Is IST_1 spanning? : True
Is IST_2 spanning? : True
Is IST_3 spanning? : True
Is IST_4 spanning? : True
Is IST_5 spanning? : True
Are all ISTs independent? : True

====TEST CR(417, 58, 116)====
Is IST_0 spanning? : True
Is IST_1 spanning? : True
Is IST_2 spanning? : True
Is IST_3 spanning? : True
Is IST_4 spanning? : True
Is IST_5 spanning? : True
Are all ISTs independent? : True

====TEST CR(418, 58, 116)====
Is IST_0 spanning? : True
Is IST_1 spanning? : True
Is IST_2 spanning? : True
Is IST_3 spanning? : True
Is IST_4 spanning? : True
Is IST_5 spanning? : True
Are all ISTs independent? : True

====TEST CR(419, 58, 116)====
Is IST_0 spanning? : True
Is IST_1 spanning? : True
Is IST_2 spanning? : True
Is IST_3 spanning? : True
Is IST_4 spanning? : True
Is IST_5 spanning? : True
Are all ISTs independent? : True

====TEST CR(420, 58, 116)====
Is IST_0 spanning? : True
Is IST_1 spanning? : True
Is IST_2 spanning? : True
Is IST_3 spanning? : True
Is IST_4 spanning? : True
Is IST_5 spanning? : True
Are all ISTs independent? : True

====TEST CR(421, 58, 116)====
Is IST_0 spanning? : True
Is IST_1 spanning? : True
Is IST_2 spanning? : True
Is IST_3 spanning? : True
Is IST_4 spanning? : True
Is IST_5 spanning? : True
Are all ISTs independent? : True

====TEST CR(422, 58, 116)====
Is IST_0 spanning? : True
Is IST_1 spanning? : True
Is IST_2 spanning? : True
Is IST_3 spanning? : True
Is IST_4 spanning? : True
Is IST_5 spanning? : True
Are all ISTs independent? : True

====TEST CR(423, 58, 116)====
Is IST_0 spanning? : True
Is IST_1 spanning? : True
Is IST_2 spanning? : True
Is IST_3 spanning? : True
Is IST_4 spanning? : True
Is IST_5 spanning? : True
Are all ISTs independent? : True

====TEST CR(424, 58, 116)====
Is IST_0 spanning? : True
Is IST_1 spanning? : True
Is IST_2 spanning? : True
Is IST_3 spanning? : True
Is IST_4 spanning? : True
Is IST_5 spanning? : True
Are all ISTs independent? : True

====TEST CR(425, 58, 116)====
Is IST_0 spanning? : True
Is IST_1 spanning? : True
Is IST_2 spanning? : True
Is IST_3 spanning? : True
Is IST_4 spanning? : True
Is IST_5 spanning? : True
Are all ISTs independent? : True

====TEST CR(426, 58, 116)====
Is IST_0 spanning? : True
Is IST_1 spanning? : True
Is IST_2 spanning? : True
Is IST_3 spanning? : True
Is IST_4 spanning? : True
Is IST_5 spanning? : True
Are all ISTs independent? : True

====TEST CR(427, 58, 116)====
Is IST_0 spanning? : True
Is IST_1 spanning? : True
Is IST_2 spanning? : True
Is IST_3 spanning? : True
Is IST_4 spanning? : True
Is IST_5 spanning? : True
Are all ISTs independent? : True

====TEST CR(428, 58, 116)====
Is IST_0 spanning? : True
Is IST_1 spanning? : True
Is IST_2 spanning? : True
Is IST_3 spanning? : True
Is IST_4 spanning? : True
Is IST_5 spanning? : True
Are all ISTs independent? : True

====TEST CR(429, 58, 116)====
Is IST_0 spanning? : True
Is IST_1 spanning? : True
Is IST_2 spanning? : True
Is IST_3 spanning? : True
Is IST_4 spanning? : True
Is IST_5 spanning? : True
Are all ISTs independent? : True

====TEST CR(430, 58, 116)====
Is IST_0 spanning? : True
Is IST_1 spanning? : True
Is IST_2 spanning? : True
Is IST_3 spanning? : True
Is IST_4 spanning? : True
Is IST_5 spanning? : True
Are all ISTs independent? : True

====TEST CR(431, 58, 116)====
Is IST_0 spanning? : True
Is IST_1 spanning? : True
Is IST_2 spanning? : True
Is IST_3 spanning? : True
Is IST_4 spanning? : True
Is IST_5 spanning? : True
Are all ISTs independent? : True

====TEST CR(432, 58, 116)====
Is IST_0 spanning? : True
Is IST_1 spanning? : True
Is IST_2 spanning? : True
Is IST_3 spanning? : True
Is IST_4 spanning? : True
Is IST_5 spanning? : True
Are all ISTs independent? : True

====TEST CR(433, 58, 116)====
Is IST_0 spanning? : True
Is IST_1 spanning? : True
Is IST_2 spanning? : True
Is IST_3 spanning? : True
Is IST_4 spanning? : True
Is IST_5 spanning? : True
Are all ISTs independent? : True

====TEST CR(434, 58, 116)====
Is IST_0 spanning? : True
Is IST_1 spanning? : True
Is IST_2 spanning? : True
Is IST_3 spanning? : True
Is IST_4 spanning? : True
Is IST_5 spanning? : True
Are all ISTs independent? : True

====TEST CR(435, 58, 116)====
Is IST_0 spanning? : True
Is IST_1 spanning? : True
Is IST_2 spanning? : True
Is IST_3 spanning? : True
Is IST_4 spanning? : True
Is IST_5 spanning? : True
Are all ISTs independent? : True

====TEST CR(436, 58, 116)====
Is IST_0 spanning? : True
Is IST_1 spanning? : True
Is IST_2 spanning? : True
Is IST_3 spanning? : True
Is IST_4 spanning? : True
Is IST_5 spanning? : True
Are all ISTs independent? : True

====TEST CR(437, 58, 116)====
Is IST_0 spanning? : True
Is IST_1 spanning? : True
Is IST_2 spanning? : True
Is IST_3 spanning? : True
Is IST_4 spanning? : True
Is IST_5 spanning? : True
Are all ISTs independent? : True

====TEST CR(438, 58, 116)====
Is IST_0 spanning? : True
Is IST_1 spanning? : True
Is IST_2 spanning? : True
Is IST_3 spanning? : True
Is IST_4 spanning? : True
Is IST_5 spanning? : True
Are all ISTs independent? : True

====TEST CR(439, 58, 116)====
Is IST_0 spanning? : True
Is IST_1 spanning? : True
Is IST_2 spanning? : True
Is IST_3 spanning? : True
Is IST_4 spanning? : True
Is IST_5 spanning? : True
Are all ISTs independent? : True

====TEST CR(440, 58, 116)====
Is IST_0 spanning? : True
Is IST_1 spanning? : True
Is IST_2 spanning? : True
Is IST_3 spanning? : True
Is IST_4 spanning? : True
Is IST_5 spanning? : True
Are all ISTs independent? : True

====TEST CR(441, 58, 116)====
Is IST_0 spanning? : True
Is IST_1 spanning? : True
Is IST_2 spanning? : True
Is IST_3 spanning? : True
Is IST_4 spanning? : True
Is IST_5 spanning? : True
Are all ISTs independent? : True

====TEST CR(442, 58, 116)====
Is IST_0 spanning? : True
Is IST_1 spanning? : True
Is IST_2 spanning? : True
Is IST_3 spanning? : True
Is IST_4 spanning? : True
Is IST_5 spanning? : True
Are all ISTs independent? : True

====TEST CR(443, 58, 116)====
Is IST_0 spanning? : True
Is IST_1 spanning? : True
Is IST_2 spanning? : True
Is IST_3 spanning? : True
Is IST_4 spanning? : True
Is IST_5 spanning? : True
Are all ISTs independent? : True

====TEST CR(444, 58, 116)====
Is IST_0 spanning? : True
Is IST_1 spanning? : True
Is IST_2 spanning? : True
Is IST_3 spanning? : True
Is IST_4 spanning? : True
Is IST_5 spanning? : True
Are all ISTs independent? : True

====TEST CR(445, 58, 116)====
Is IST_0 spanning? : True
Is IST_1 spanning? : True
Is IST_2 spanning? : True
Is IST_3 spanning? : True
Is IST_4 spanning? : True
Is IST_5 spanning? : True
Are all ISTs independent? : True

====TEST CR(446, 58, 116)====
Is IST_0 spanning? : True
Is IST_1 spanning? : True
Is IST_2 spanning? : True
Is IST_3 spanning? : True
Is IST_4 spanning? : True
Is IST_5 spanning? : True
Are all ISTs independent? : True

====TEST CR(447, 58, 116)====
Is IST_0 spanning? : True
Is IST_1 spanning? : True
Is IST_2 spanning? : True
Is IST_3 spanning? : True
Is IST_4 spanning? : True
Is IST_5 spanning? : True
Are all ISTs independent? : True

====TEST CR(448, 58, 116)====
Is IST_0 spanning? : True
Is IST_1 spanning? : True
Is IST_2 spanning? : True
Is IST_3 spanning? : True
Is IST_4 spanning? : True
Is IST_5 spanning? : True
Are all ISTs independent? : True

====TEST CR(449, 58, 116)====
Is IST_0 spanning? : True
Is IST_1 spanning? : True
Is IST_2 spanning? : True
Is IST_3 spanning? : True
Is IST_4 spanning? : True
Is IST_5 spanning? : True
Are all ISTs independent? : True

====TEST CR(450, 58, 116)====
Is IST_0 spanning? : True
Is IST_1 spanning? : True
Is IST_2 spanning? : True
Is IST_3 spanning? : True
Is IST_4 spanning? : True
Is IST_5 spanning? : True
Are all ISTs independent? : True

====TEST CR(451, 58, 116)====
Is IST_0 spanning? : True
Is IST_1 spanning? : True
Is IST_2 spanning? : True
Is IST_3 spanning? : True
Is IST_4 spanning? : True
Is IST_5 spanning? : True
Are all ISTs independent? : True

====TEST CR(452, 58, 116)====
Is IST_0 spanning? : True
Is IST_1 spanning? : True
Is IST_2 spanning? : True
Is IST_3 spanning? : True
Is IST_4 spanning? : True
Is IST_5 spanning? : True
Are all ISTs independent? : True

====TEST CR(453, 58, 116)====
Is IST_0 spanning? : True
Is IST_1 spanning? : True
Is IST_2 spanning? : True
Is IST_3 spanning? : True
Is IST_4 spanning? : True
Is IST_5 spanning? : True
Are all ISTs independent? : True

====TEST CR(454, 58, 116)====
Is IST_0 spanning? : True
Is IST_1 spanning? : True
Is IST_2 spanning? : True
Is IST_3 spanning? : True
Is IST_4 spanning? : True
Is IST_5 spanning? : True
Are all ISTs independent? : True

====TEST CR(455, 58, 116)====
Is IST_0 spanning? : True
Is IST_1 spanning? : True
Is IST_2 spanning? : True
Is IST_3 spanning? : True
Is IST_4 spanning? : True
Is IST_5 spanning? : True
Are all ISTs independent? : True

====TEST CR(456, 58, 116)====
Is IST_0 spanning? : True
Is IST_1 spanning? : True
Is IST_2 spanning? : True
Is IST_3 spanning? : True
Is IST_4 spanning? : True
Is IST_5 spanning? : True
Are all ISTs independent? : True

====TEST CR(457, 58, 116)====
Is IST_0 spanning? : True
Is IST_1 spanning? : True
Is IST_2 spanning? : True
Is IST_3 spanning? : True
Is IST_4 spanning? : True
Is IST_5 spanning? : True
Are all ISTs independent? : True

====TEST CR(458, 58, 116)====
Is IST_0 spanning? : True
Is IST_1 spanning? : True
Is IST_2 spanning? : True
Is IST_3 spanning? : True
Is IST_4 spanning? : True
Is IST_5 spanning? : True
Are all ISTs independent? : True

====TEST CR(459, 58, 116)====
Is IST_0 spanning? : True
Is IST_1 spanning? : True
Is IST_2 spanning? : True
Is IST_3 spanning? : True
Is IST_4 spanning? : True
Is IST_5 spanning? : True
Are all ISTs independent? : True

====TEST CR(460, 58, 116)====
Is IST_0 spanning? : True
Is IST_1 spanning? : True
Is IST_2 spanning? : True
Is IST_3 spanning? : True
Is IST_4 spanning? : True
Is IST_5 spanning? : True
Are all ISTs independent? : True

====TEST CR(461, 58, 116)====
Is IST_0 spanning? : True
Is IST_1 spanning? : True
Is IST_2 spanning? : True
Is IST_3 spanning? : True
Is IST_4 spanning? : True
Is IST_5 spanning? : True
Are all ISTs independent? : True

====TEST CR(462, 58, 116)====
Is IST_0 spanning? : True
Is IST_1 spanning? : True
Is IST_2 spanning? : True
Is IST_3 spanning? : True
Is IST_4 spanning? : True
Is IST_5 spanning? : True
Are all ISTs independent? : True

====TEST CR(463, 58, 116)====
Is IST_0 spanning? : True
Is IST_1 spanning? : True
Is IST_2 spanning? : True
Is IST_3 spanning? : True
Is IST_4 spanning? : True
Is IST_5 spanning? : True
Are all ISTs independent? : True

====TEST CR(464, 58, 116)====
Is IST_0 spanning? : True
Is IST_1 spanning? : True
Is IST_2 spanning? : True
Is IST_3 spanning? : True
Is IST_4 spanning? : True
Is IST_5 spanning? : True
Are all ISTs independent? : True

====TEST CR(465, 58, 116)====
Is IST_0 spanning? : True
Is IST_1 spanning? : True
Is IST_2 spanning? : True
Is IST_3 spanning? : True
Is IST_4 spanning? : True
Is IST_5 spanning? : True
Are all ISTs independent? : True

====TEST CR(466, 58, 116)====
Is IST_0 spanning? : True
Is IST_1 spanning? : True
Is IST_2 spanning? : True
Is IST_3 spanning? : True
Is IST_4 spanning? : True
Is IST_5 spanning? : True
Are all ISTs independent? : True

====TEST CR(467, 58, 116)====
Is IST_0 spanning? : True
Is IST_1 spanning? : True
Is IST_2 spanning? : True
Is IST_3 spanning? : True
Is IST_4 spanning? : True
Is IST_5 spanning? : True
Are all ISTs independent? : True

====TEST CR(468, 58, 116)====
Is IST_0 spanning? : True
Is IST_1 spanning? : True
Is IST_2 spanning? : True
Is IST_3 spanning? : True
Is IST_4 spanning? : True
Is IST_5 spanning? : True
Are all ISTs independent? : True

====TEST CR(469, 58, 116)====
Is IST_0 spanning? : True
Is IST_1 spanning? : True
Is IST_2 spanning? : True
Is IST_3 spanning? : True
Is IST_4 spanning? : True
Is IST_5 spanning? : True
Are all ISTs independent? : True

====TEST CR(470, 58, 116)====
Is IST_0 spanning? : True
Is IST_1 spanning? : True
Is IST_2 spanning? : True
Is IST_3 spanning? : True
Is IST_4 spanning? : True
Is IST_5 spanning? : True
Are all ISTs independent? : True

====TEST CR(471, 58, 116)====
Is IST_0 spanning? : True
Is IST_1 spanning? : True
Is IST_2 spanning? : True
Is IST_3 spanning? : True
Is IST_4 spanning? : True
Is IST_5 spanning? : True
Are all ISTs independent? : True

====TEST CR(472, 58, 116)====
Is IST_0 spanning? : True
Is IST_1 spanning? : True
Is IST_2 spanning? : True
Is IST_3 spanning? : True
Is IST_4 spanning? : True
Is IST_5 spanning? : True
Are all ISTs independent? : True

====TEST CR(473, 58, 116)====
Is IST_0 spanning? : True
Is IST_1 spanning? : True
Is IST_2 spanning? : True
Is IST_3 spanning? : True
Is IST_4 spanning? : True
Is IST_5 spanning? : True
Are all ISTs independent? : True

====TEST CR(474, 58, 116)====
Is IST_0 spanning? : True
Is IST_1 spanning? : True
Is IST_2 spanning? : True
Is IST_3 spanning? : True
Is IST_4 spanning? : True
Is IST_5 spanning? : True
Are all ISTs independent? : True

====TEST CR(475, 58, 116)====
Is IST_0 spanning? : True
Is IST_1 spanning? : True
Is IST_2 spanning? : True
Is IST_3 spanning? : True
Is IST_4 spanning? : True
Is IST_5 spanning? : True
Are all ISTs independent? : True

====TEST CR(476, 58, 116)====
Is IST_0 spanning? : True
Is IST_1 spanning? : True
Is IST_2 spanning? : True
Is IST_3 spanning? : True
Is IST_4 spanning? : True
Is IST_5 spanning? : True
Are all ISTs independent? : True

====TEST CR(354, 59, 118)====
Is IST_0 spanning? : True
Is IST_1 spanning? : True
Is IST_2 spanning? : True
Is IST_3 spanning? : True
Is IST_4 spanning? : True
Is IST_5 spanning? : True
Are all ISTs independent? : True

====TEST CR(355, 59, 118)====
Is IST_0 spanning? : True
Is IST_1 spanning? : True
Is IST_2 spanning? : True
Is IST_3 spanning? : True
Is IST_4 spanning? : True
Is IST_5 spanning? : True
Are all ISTs independent? : True

====TEST CR(356, 59, 118)====
Is IST_0 spanning? : True
Is IST_1 spanning? : True
Is IST_2 spanning? : True
Is IST_3 spanning? : True
Is IST_4 spanning? : True
Is IST_5 spanning? : True
Are all ISTs independent? : True

====TEST CR(357, 59, 118)====
Is IST_0 spanning? : True
Is IST_1 spanning? : True
Is IST_2 spanning? : True
Is IST_3 spanning? : True
Is IST_4 spanning? : True
Is IST_5 spanning? : True
Are all ISTs independent? : True

====TEST CR(358, 59, 118)====
Is IST_0 spanning? : True
Is IST_1 spanning? : True
Is IST_2 spanning? : True
Is IST_3 spanning? : True
Is IST_4 spanning? : True
Is IST_5 spanning? : True
Are all ISTs independent? : True

====TEST CR(359, 59, 118)====
Is IST_0 spanning? : True
Is IST_1 spanning? : True
Is IST_2 spanning? : True
Is IST_3 spanning? : True
Is IST_4 spanning? : True
Is IST_5 spanning? : True
Are all ISTs independent? : True

====TEST CR(360, 59, 118)====
Is IST_0 spanning? : True
Is IST_1 spanning? : True
Is IST_2 spanning? : True
Is IST_3 spanning? : True
Is IST_4 spanning? : True
Is IST_5 spanning? : True
Are all ISTs independent? : True

====TEST CR(361, 59, 118)====
Is IST_0 spanning? : True
Is IST_1 spanning? : True
Is IST_2 spanning? : True
Is IST_3 spanning? : True
Is IST_4 spanning? : True
Is IST_5 spanning? : True
Are all ISTs independent? : True

====TEST CR(362, 59, 118)====
Is IST_0 spanning? : True
Is IST_1 spanning? : True
Is IST_2 spanning? : True
Is IST_3 spanning? : True
Is IST_4 spanning? : True
Is IST_5 spanning? : True
Are all ISTs independent? : True

====TEST CR(363, 59, 118)====
Is IST_0 spanning? : True
Is IST_1 spanning? : True
Is IST_2 spanning? : True
Is IST_3 spanning? : True
Is IST_4 spanning? : True
Is IST_5 spanning? : True
Are all ISTs independent? : True

====TEST CR(364, 59, 118)====
Is IST_0 spanning? : True
Is IST_1 spanning? : True
Is IST_2 spanning? : True
Is IST_3 spanning? : True
Is IST_4 spanning? : True
Is IST_5 spanning? : True
Are all ISTs independent? : True

====TEST CR(365, 59, 118)====
Is IST_0 spanning? : True
Is IST_1 spanning? : True
Is IST_2 spanning? : True
Is IST_3 spanning? : True
Is IST_4 spanning? : True
Is IST_5 spanning? : True
Are all ISTs independent? : True

====TEST CR(366, 59, 118)====
Is IST_0 spanning? : True
Is IST_1 spanning? : True
Is IST_2 spanning? : True
Is IST_3 spanning? : True
Is IST_4 spanning? : True
Is IST_5 spanning? : True
Are all ISTs independent? : True

====TEST CR(367, 59, 118)====
Is IST_0 spanning? : True
Is IST_1 spanning? : True
Is IST_2 spanning? : True
Is IST_3 spanning? : True
Is IST_4 spanning? : True
Is IST_5 spanning? : True
Are all ISTs independent? : True

====TEST CR(368, 59, 118)====
Is IST_0 spanning? : True
Is IST_1 spanning? : True
Is IST_2 spanning? : True
Is IST_3 spanning? : True
Is IST_4 spanning? : True
Is IST_5 spanning? : True
Are all ISTs independent? : True

====TEST CR(369, 59, 118)====
Is IST_0 spanning? : True
Is IST_1 spanning? : True
Is IST_2 spanning? : True
Is IST_3 spanning? : True
Is IST_4 spanning? : True
Is IST_5 spanning? : True
Are all ISTs independent? : True

====TEST CR(370, 59, 118)====
Is IST_0 spanning? : True
Is IST_1 spanning? : True
Is IST_2 spanning? : True
Is IST_3 spanning? : True
Is IST_4 spanning? : True
Is IST_5 spanning? : True
Are all ISTs independent? : True

====TEST CR(371, 59, 118)====
Is IST_0 spanning? : True
Is IST_1 spanning? : True
Is IST_2 spanning? : True
Is IST_3 spanning? : True
Is IST_4 spanning? : True
Is IST_5 spanning? : True
Are all ISTs independent? : True

====TEST CR(372, 59, 118)====
Is IST_0 spanning? : True
Is IST_1 spanning? : True
Is IST_2 spanning? : True
Is IST_3 spanning? : True
Is IST_4 spanning? : True
Is IST_5 spanning? : True
Are all ISTs independent? : True

====TEST CR(373, 59, 118)====
Is IST_0 spanning? : True
Is IST_1 spanning? : True
Is IST_2 spanning? : True
Is IST_3 spanning? : True
Is IST_4 spanning? : True
Is IST_5 spanning? : True
Are all ISTs independent? : True

====TEST CR(374, 59, 118)====
Is IST_0 spanning? : True
Is IST_1 spanning? : True
Is IST_2 spanning? : True
Is IST_3 spanning? : True
Is IST_4 spanning? : True
Is IST_5 spanning? : True
Are all ISTs independent? : True

====TEST CR(375, 59, 118)====
Is IST_0 spanning? : True
Is IST_1 spanning? : True
Is IST_2 spanning? : True
Is IST_3 spanning? : True
Is IST_4 spanning? : True
Is IST_5 spanning? : True
Are all ISTs independent? : True

====TEST CR(376, 59, 118)====
Is IST_0 spanning? : True
Is IST_1 spanning? : True
Is IST_2 spanning? : True
Is IST_3 spanning? : True
Is IST_4 spanning? : True
Is IST_5 spanning? : True
Are all ISTs independent? : True

====TEST CR(377, 59, 118)====
Is IST_0 spanning? : True
Is IST_1 spanning? : True
Is IST_2 spanning? : True
Is IST_3 spanning? : True
Is IST_4 spanning? : True
Is IST_5 spanning? : True
Are all ISTs independent? : True

====TEST CR(378, 59, 118)====
Is IST_0 spanning? : True
Is IST_1 spanning? : True
Is IST_2 spanning? : True
Is IST_3 spanning? : True
Is IST_4 spanning? : True
Is IST_5 spanning? : True
Are all ISTs independent? : True

====TEST CR(379, 59, 118)====
Is IST_0 spanning? : True
Is IST_1 spanning? : True
Is IST_2 spanning? : True
Is IST_3 spanning? : True
Is IST_4 spanning? : True
Is IST_5 spanning? : True
Are all ISTs independent? : True

====TEST CR(380, 59, 118)====
Is IST_0 spanning? : True
Is IST_1 spanning? : True
Is IST_2 spanning? : True
Is IST_3 spanning? : True
Is IST_4 spanning? : True
Is IST_5 spanning? : True
Are all ISTs independent? : True

====TEST CR(381, 59, 118)====
Is IST_0 spanning? : True
Is IST_1 spanning? : True
Is IST_2 spanning? : True
Is IST_3 spanning? : True
Is IST_4 spanning? : True
Is IST_5 spanning? : True
Are all ISTs independent? : True

====TEST CR(382, 59, 118)====
Is IST_0 spanning? : True
Is IST_1 spanning? : True
Is IST_2 spanning? : True
Is IST_3 spanning? : True
Is IST_4 spanning? : True
Is IST_5 spanning? : True
Are all ISTs independent? : True

====TEST CR(383, 59, 118)====
Is IST_0 spanning? : True
Is IST_1 spanning? : True
Is IST_2 spanning? : True
Is IST_3 spanning? : True
Is IST_4 spanning? : True
Is IST_5 spanning? : True
Are all ISTs independent? : True

====TEST CR(384, 59, 118)====
Is IST_0 spanning? : True
Is IST_1 spanning? : True
Is IST_2 spanning? : True
Is IST_3 spanning? : True
Is IST_4 spanning? : True
Is IST_5 spanning? : True
Are all ISTs independent? : True

====TEST CR(385, 59, 118)====
Is IST_0 spanning? : True
Is IST_1 spanning? : True
Is IST_2 spanning? : True
Is IST_3 spanning? : True
Is IST_4 spanning? : True
Is IST_5 spanning? : True
Are all ISTs independent? : True

====TEST CR(386, 59, 118)====
Is IST_0 spanning? : True
Is IST_1 spanning? : True
Is IST_2 spanning? : True
Is IST_3 spanning? : True
Is IST_4 spanning? : True
Is IST_5 spanning? : True
Are all ISTs independent? : True

====TEST CR(387, 59, 118)====
Is IST_0 spanning? : True
Is IST_1 spanning? : True
Is IST_2 spanning? : True
Is IST_3 spanning? : True
Is IST_4 spanning? : True
Is IST_5 spanning? : True
Are all ISTs independent? : True

====TEST CR(388, 59, 118)====
Is IST_0 spanning? : True
Is IST_1 spanning? : True
Is IST_2 spanning? : True
Is IST_3 spanning? : True
Is IST_4 spanning? : True
Is IST_5 spanning? : True
Are all ISTs independent? : True

====TEST CR(389, 59, 118)====
Is IST_0 spanning? : True
Is IST_1 spanning? : True
Is IST_2 spanning? : True
Is IST_3 spanning? : True
Is IST_4 spanning? : True
Is IST_5 spanning? : True
Are all ISTs independent? : True

====TEST CR(390, 59, 118)====
Is IST_0 spanning? : True
Is IST_1 spanning? : True
Is IST_2 spanning? : True
Is IST_3 spanning? : True
Is IST_4 spanning? : True
Is IST_5 spanning? : True
Are all ISTs independent? : True

====TEST CR(391, 59, 118)====
Is IST_0 spanning? : True
Is IST_1 spanning? : True
Is IST_2 spanning? : True
Is IST_3 spanning? : True
Is IST_4 spanning? : True
Is IST_5 spanning? : True
Are all ISTs independent? : True

====TEST CR(392, 59, 118)====
Is IST_0 spanning? : True
Is IST_1 spanning? : True
Is IST_2 spanning? : True
Is IST_3 spanning? : True
Is IST_4 spanning? : True
Is IST_5 spanning? : True
Are all ISTs independent? : True

====TEST CR(393, 59, 118)====
Is IST_0 spanning? : True
Is IST_1 spanning? : True
Is IST_2 spanning? : True
Is IST_3 spanning? : True
Is IST_4 spanning? : True
Is IST_5 spanning? : True
Are all ISTs independent? : True

====TEST CR(394, 59, 118)====
Is IST_0 spanning? : True
Is IST_1 spanning? : True
Is IST_2 spanning? : True
Is IST_3 spanning? : True
Is IST_4 spanning? : True
Is IST_5 spanning? : True
Are all ISTs independent? : True

====TEST CR(395, 59, 118)====
Is IST_0 spanning? : True
Is IST_1 spanning? : True
Is IST_2 spanning? : True
Is IST_3 spanning? : True
Is IST_4 spanning? : True
Is IST_5 spanning? : True
Are all ISTs independent? : True

====TEST CR(396, 59, 118)====
Is IST_0 spanning? : True
Is IST_1 spanning? : True
Is IST_2 spanning? : True
Is IST_3 spanning? : True
Is IST_4 spanning? : True
Is IST_5 spanning? : True
Are all ISTs independent? : True

====TEST CR(397, 59, 118)====
Is IST_0 spanning? : True
Is IST_1 spanning? : True
Is IST_2 spanning? : True
Is IST_3 spanning? : True
Is IST_4 spanning? : True
Is IST_5 spanning? : True
Are all ISTs independent? : True

====TEST CR(398, 59, 118)====
Is IST_0 spanning? : True
Is IST_1 spanning? : True
Is IST_2 spanning? : True
Is IST_3 spanning? : True
Is IST_4 spanning? : True
Is IST_5 spanning? : True
Are all ISTs independent? : True

====TEST CR(399, 59, 118)====
Is IST_0 spanning? : True
Is IST_1 spanning? : True
Is IST_2 spanning? : True
Is IST_3 spanning? : True
Is IST_4 spanning? : True
Is IST_5 spanning? : True
Are all ISTs independent? : True

====TEST CR(400, 59, 118)====
Is IST_0 spanning? : True
Is IST_1 spanning? : True
Is IST_2 spanning? : True
Is IST_3 spanning? : True
Is IST_4 spanning? : True
Is IST_5 spanning? : True
Are all ISTs independent? : True

====TEST CR(401, 59, 118)====
Is IST_0 spanning? : True
Is IST_1 spanning? : True
Is IST_2 spanning? : True
Is IST_3 spanning? : True
Is IST_4 spanning? : True
Is IST_5 spanning? : True
Are all ISTs independent? : True

====TEST CR(402, 59, 118)====
Is IST_0 spanning? : True
Is IST_1 spanning? : True
Is IST_2 spanning? : True
Is IST_3 spanning? : True
Is IST_4 spanning? : True
Is IST_5 spanning? : True
Are all ISTs independent? : True

====TEST CR(403, 59, 118)====
Is IST_0 spanning? : True
Is IST_1 spanning? : True
Is IST_2 spanning? : True
Is IST_3 spanning? : True
Is IST_4 spanning? : True
Is IST_5 spanning? : True
Are all ISTs independent? : True

====TEST CR(404, 59, 118)====
Is IST_0 spanning? : True
Is IST_1 spanning? : True
Is IST_2 spanning? : True
Is IST_3 spanning? : True
Is IST_4 spanning? : True
Is IST_5 spanning? : True
Are all ISTs independent? : True

====TEST CR(405, 59, 118)====
Is IST_0 spanning? : True
Is IST_1 spanning? : True
Is IST_2 spanning? : True
Is IST_3 spanning? : True
Is IST_4 spanning? : True
Is IST_5 spanning? : True
Are all ISTs independent? : True

====TEST CR(406, 59, 118)====
Is IST_0 spanning? : True
Is IST_1 spanning? : True
Is IST_2 spanning? : True
Is IST_3 spanning? : True
Is IST_4 spanning? : True
Is IST_5 spanning? : True
Are all ISTs independent? : True

====TEST CR(407, 59, 118)====
Is IST_0 spanning? : True
Is IST_1 spanning? : True
Is IST_2 spanning? : True
Is IST_3 spanning? : True
Is IST_4 spanning? : True
Is IST_5 spanning? : True
Are all ISTs independent? : True

====TEST CR(408, 59, 118)====
Is IST_0 spanning? : True
Is IST_1 spanning? : True
Is IST_2 spanning? : True
Is IST_3 spanning? : True
Is IST_4 spanning? : True
Is IST_5 spanning? : True
Are all ISTs independent? : True

====TEST CR(409, 59, 118)====
Is IST_0 spanning? : True
Is IST_1 spanning? : True
Is IST_2 spanning? : True
Is IST_3 spanning? : True
Is IST_4 spanning? : True
Is IST_5 spanning? : True
Are all ISTs independent? : True

====TEST CR(410, 59, 118)====
Is IST_0 spanning? : True
Is IST_1 spanning? : True
Is IST_2 spanning? : True
Is IST_3 spanning? : True
Is IST_4 spanning? : True
Is IST_5 spanning? : True
Are all ISTs independent? : True

====TEST CR(411, 59, 118)====
Is IST_0 spanning? : True
Is IST_1 spanning? : True
Is IST_2 spanning? : True
Is IST_3 spanning? : True
Is IST_4 spanning? : True
Is IST_5 spanning? : True
Are all ISTs independent? : True

====TEST CR(412, 59, 118)====
Is IST_0 spanning? : True
Is IST_1 spanning? : True
Is IST_2 spanning? : True
Is IST_3 spanning? : True
Is IST_4 spanning? : True
Is IST_5 spanning? : True
Are all ISTs independent? : True

====TEST CR(413, 59, 118)====
Is IST_0 spanning? : True
Is IST_1 spanning? : True
Is IST_2 spanning? : True
Is IST_3 spanning? : True
Is IST_4 spanning? : True
Is IST_5 spanning? : True
Are all ISTs independent? : True

====TEST CR(414, 59, 118)====
Is IST_0 spanning? : True
Is IST_1 spanning? : True
Is IST_2 spanning? : True
Is IST_3 spanning? : True
Is IST_4 spanning? : True
Is IST_5 spanning? : True
Are all ISTs independent? : True

====TEST CR(415, 59, 118)====
Is IST_0 spanning? : True
Is IST_1 spanning? : True
Is IST_2 spanning? : True
Is IST_3 spanning? : True
Is IST_4 spanning? : True
Is IST_5 spanning? : True
Are all ISTs independent? : True

====TEST CR(416, 59, 118)====
Is IST_0 spanning? : True
Is IST_1 spanning? : True
Is IST_2 spanning? : True
Is IST_3 spanning? : True
Is IST_4 spanning? : True
Is IST_5 spanning? : True
Are all ISTs independent? : True

====TEST CR(417, 59, 118)====
Is IST_0 spanning? : True
Is IST_1 spanning? : True
Is IST_2 spanning? : True
Is IST_3 spanning? : True
Is IST_4 spanning? : True
Is IST_5 spanning? : True
Are all ISTs independent? : True

====TEST CR(418, 59, 118)====
Is IST_0 spanning? : True
Is IST_1 spanning? : True
Is IST_2 spanning? : True
Is IST_3 spanning? : True
Is IST_4 spanning? : True
Is IST_5 spanning? : True
Are all ISTs independent? : True

====TEST CR(419, 59, 118)====
Is IST_0 spanning? : True
Is IST_1 spanning? : True
Is IST_2 spanning? : True
Is IST_3 spanning? : True
Is IST_4 spanning? : True
Is IST_5 spanning? : True
Are all ISTs independent? : True

====TEST CR(420, 59, 118)====
Is IST_0 spanning? : True
Is IST_1 spanning? : True
Is IST_2 spanning? : True
Is IST_3 spanning? : True
Is IST_4 spanning? : True
Is IST_5 spanning? : True
Are all ISTs independent? : True

====TEST CR(421, 59, 118)====
Is IST_0 spanning? : True
Is IST_1 spanning? : True
Is IST_2 spanning? : True
Is IST_3 spanning? : True
Is IST_4 spanning? : True
Is IST_5 spanning? : True
Are all ISTs independent? : True

====TEST CR(422, 59, 118)====
Is IST_0 spanning? : True
Is IST_1 spanning? : True
Is IST_2 spanning? : True
Is IST_3 spanning? : True
Is IST_4 spanning? : True
Is IST_5 spanning? : True
Are all ISTs independent? : True

====TEST CR(423, 59, 118)====
Is IST_0 spanning? : True
Is IST_1 spanning? : True
Is IST_2 spanning? : True
Is IST_3 spanning? : True
Is IST_4 spanning? : True
Is IST_5 spanning? : True
Are all ISTs independent? : True

====TEST CR(424, 59, 118)====
Is IST_0 spanning? : True
Is IST_1 spanning? : True
Is IST_2 spanning? : True
Is IST_3 spanning? : True
Is IST_4 spanning? : True
Is IST_5 spanning? : True
Are all ISTs independent? : True

====TEST CR(425, 59, 118)====
Is IST_0 spanning? : True
Is IST_1 spanning? : True
Is IST_2 spanning? : True
Is IST_3 spanning? : True
Is IST_4 spanning? : True
Is IST_5 spanning? : True
Are all ISTs independent? : True

====TEST CR(426, 59, 118)====
Is IST_0 spanning? : True
Is IST_1 spanning? : True
Is IST_2 spanning? : True
Is IST_3 spanning? : True
Is IST_4 spanning? : True
Is IST_5 spanning? : True
Are all ISTs independent? : True

====TEST CR(427, 59, 118)====
Is IST_0 spanning? : True
Is IST_1 spanning? : True
Is IST_2 spanning? : True
Is IST_3 spanning? : True
Is IST_4 spanning? : True
Is IST_5 spanning? : True
Are all ISTs independent? : True

====TEST CR(428, 59, 118)====
Is IST_0 spanning? : True
Is IST_1 spanning? : True
Is IST_2 spanning? : True
Is IST_3 spanning? : True
Is IST_4 spanning? : True
Is IST_5 spanning? : True
Are all ISTs independent? : True

====TEST CR(429, 59, 118)====
Is IST_0 spanning? : True
Is IST_1 spanning? : True
Is IST_2 spanning? : True
Is IST_3 spanning? : True
Is IST_4 spanning? : True
Is IST_5 spanning? : True
Are all ISTs independent? : True

====TEST CR(430, 59, 118)====
Is IST_0 spanning? : True
Is IST_1 spanning? : True
Is IST_2 spanning? : True
Is IST_3 spanning? : True
Is IST_4 spanning? : True
Is IST_5 spanning? : True
Are all ISTs independent? : True

====TEST CR(431, 59, 118)====
Is IST_0 spanning? : True
Is IST_1 spanning? : True
Is IST_2 spanning? : True
Is IST_3 spanning? : True
Is IST_4 spanning? : True
Is IST_5 spanning? : True
Are all ISTs independent? : True

====TEST CR(432, 59, 118)====
Is IST_0 spanning? : True
Is IST_1 spanning? : True
Is IST_2 spanning? : True
Is IST_3 spanning? : True
Is IST_4 spanning? : True
Is IST_5 spanning? : True
Are all ISTs independent? : True

====TEST CR(433, 59, 118)====
Is IST_0 spanning? : True
Is IST_1 spanning? : True
Is IST_2 spanning? : True
Is IST_3 spanning? : True
Is IST_4 spanning? : True
Is IST_5 spanning? : True
Are all ISTs independent? : True

====TEST CR(434, 59, 118)====
Is IST_0 spanning? : True
Is IST_1 spanning? : True
Is IST_2 spanning? : True
Is IST_3 spanning? : True
Is IST_4 spanning? : True
Is IST_5 spanning? : True
Are all ISTs independent? : True

====TEST CR(435, 59, 118)====
Is IST_0 spanning? : True
Is IST_1 spanning? : True
Is IST_2 spanning? : True
Is IST_3 spanning? : True
Is IST_4 spanning? : True
Is IST_5 spanning? : True
Are all ISTs independent? : True

====TEST CR(436, 59, 118)====
Is IST_0 spanning? : True
Is IST_1 spanning? : True
Is IST_2 spanning? : True
Is IST_3 spanning? : True
Is IST_4 spanning? : True
Is IST_5 spanning? : True
Are all ISTs independent? : True

====TEST CR(437, 59, 118)====
Is IST_0 spanning? : True
Is IST_1 spanning? : True
Is IST_2 spanning? : True
Is IST_3 spanning? : True
Is IST_4 spanning? : True
Is IST_5 spanning? : True
Are all ISTs independent? : True

====TEST CR(438, 59, 118)====
Is IST_0 spanning? : True
Is IST_1 spanning? : True
Is IST_2 spanning? : True
Is IST_3 spanning? : True
Is IST_4 spanning? : True
Is IST_5 spanning? : True
Are all ISTs independent? : True

====TEST CR(439, 59, 118)====
Is IST_0 spanning? : True
Is IST_1 spanning? : True
Is IST_2 spanning? : True
Is IST_3 spanning? : True
Is IST_4 spanning? : True
Is IST_5 spanning? : True
Are all ISTs independent? : True

====TEST CR(440, 59, 118)====
Is IST_0 spanning? : True
Is IST_1 spanning? : True
Is IST_2 spanning? : True
Is IST_3 spanning? : True
Is IST_4 spanning? : True
Is IST_5 spanning? : True
Are all ISTs independent? : True

====TEST CR(441, 59, 118)====
Is IST_0 spanning? : True
Is IST_1 spanning? : True
Is IST_2 spanning? : True
Is IST_3 spanning? : True
Is IST_4 spanning? : True
Is IST_5 spanning? : True
Are all ISTs independent? : True

====TEST CR(442, 59, 118)====
Is IST_0 spanning? : True
Is IST_1 spanning? : True
Is IST_2 spanning? : True
Is IST_3 spanning? : True
Is IST_4 spanning? : True
Is IST_5 spanning? : True
Are all ISTs independent? : True

====TEST CR(443, 59, 118)====
Is IST_0 spanning? : True
Is IST_1 spanning? : True
Is IST_2 spanning? : True
Is IST_3 spanning? : True
Is IST_4 spanning? : True
Is IST_5 spanning? : True
Are all ISTs independent? : True

====TEST CR(444, 59, 118)====
Is IST_0 spanning? : True
Is IST_1 spanning? : True
Is IST_2 spanning? : True
Is IST_3 spanning? : True
Is IST_4 spanning? : True
Is IST_5 spanning? : True
Are all ISTs independent? : True

====TEST CR(445, 59, 118)====
Is IST_0 spanning? : True
Is IST_1 spanning? : True
Is IST_2 spanning? : True
Is IST_3 spanning? : True
Is IST_4 spanning? : True
Is IST_5 spanning? : True
Are all ISTs independent? : True

====TEST CR(446, 59, 118)====
Is IST_0 spanning? : True
Is IST_1 spanning? : True
Is IST_2 spanning? : True
Is IST_3 spanning? : True
Is IST_4 spanning? : True
Is IST_5 spanning? : True
Are all ISTs independent? : True

====TEST CR(447, 59, 118)====
Is IST_0 spanning? : True
Is IST_1 spanning? : True
Is IST_2 spanning? : True
Is IST_3 spanning? : True
Is IST_4 spanning? : True
Is IST_5 spanning? : True
Are all ISTs independent? : True

====TEST CR(448, 59, 118)====
Is IST_0 spanning? : True
Is IST_1 spanning? : True
Is IST_2 spanning? : True
Is IST_3 spanning? : True
Is IST_4 spanning? : True
Is IST_5 spanning? : True
Are all ISTs independent? : True

====TEST CR(449, 59, 118)====
Is IST_0 spanning? : True
Is IST_1 spanning? : True
Is IST_2 spanning? : True
Is IST_3 spanning? : True
Is IST_4 spanning? : True
Is IST_5 spanning? : True
Are all ISTs independent? : True

====TEST CR(450, 59, 118)====
Is IST_0 spanning? : True
Is IST_1 spanning? : True
Is IST_2 spanning? : True
Is IST_3 spanning? : True
Is IST_4 spanning? : True
Is IST_5 spanning? : True
Are all ISTs independent? : True

====TEST CR(451, 59, 118)====
Is IST_0 spanning? : True
Is IST_1 spanning? : True
Is IST_2 spanning? : True
Is IST_3 spanning? : True
Is IST_4 spanning? : True
Is IST_5 spanning? : True
Are all ISTs independent? : True

====TEST CR(452, 59, 118)====
Is IST_0 spanning? : True
Is IST_1 spanning? : True
Is IST_2 spanning? : True
Is IST_3 spanning? : True
Is IST_4 spanning? : True
Is IST_5 spanning? : True
Are all ISTs independent? : True

====TEST CR(453, 59, 118)====
Is IST_0 spanning? : True
Is IST_1 spanning? : True
Is IST_2 spanning? : True
Is IST_3 spanning? : True
Is IST_4 spanning? : True
Is IST_5 spanning? : True
Are all ISTs independent? : True

====TEST CR(454, 59, 118)====
Is IST_0 spanning? : True
Is IST_1 spanning? : True
Is IST_2 spanning? : True
Is IST_3 spanning? : True
Is IST_4 spanning? : True
Is IST_5 spanning? : True
Are all ISTs independent? : True

====TEST CR(455, 59, 118)====
Is IST_0 spanning? : True
Is IST_1 spanning? : True
Is IST_2 spanning? : True
Is IST_3 spanning? : True
Is IST_4 spanning? : True
Is IST_5 spanning? : True
Are all ISTs independent? : True

====TEST CR(456, 59, 118)====
Is IST_0 spanning? : True
Is IST_1 spanning? : True
Is IST_2 spanning? : True
Is IST_3 spanning? : True
Is IST_4 spanning? : True
Is IST_5 spanning? : True
Are all ISTs independent? : True

====TEST CR(457, 59, 118)====
Is IST_0 spanning? : True
Is IST_1 spanning? : True
Is IST_2 spanning? : True
Is IST_3 spanning? : True
Is IST_4 spanning? : True
Is IST_5 spanning? : True
Are all ISTs independent? : True

====TEST CR(458, 59, 118)====
Is IST_0 spanning? : True
Is IST_1 spanning? : True
Is IST_2 spanning? : True
Is IST_3 spanning? : True
Is IST_4 spanning? : True
Is IST_5 spanning? : True
Are all ISTs independent? : True

====TEST CR(459, 59, 118)====
Is IST_0 spanning? : True
Is IST_1 spanning? : True
Is IST_2 spanning? : True
Is IST_3 spanning? : True
Is IST_4 spanning? : True
Is IST_5 spanning? : True
Are all ISTs independent? : True

====TEST CR(460, 59, 118)====
Is IST_0 spanning? : True
Is IST_1 spanning? : True
Is IST_2 spanning? : True
Is IST_3 spanning? : True
Is IST_4 spanning? : True
Is IST_5 spanning? : True
Are all ISTs independent? : True

====TEST CR(461, 59, 118)====
Is IST_0 spanning? : True
Is IST_1 spanning? : True
Is IST_2 spanning? : True
Is IST_3 spanning? : True
Is IST_4 spanning? : True
Is IST_5 spanning? : True
Are all ISTs independent? : True

====TEST CR(462, 59, 118)====
Is IST_0 spanning? : True
Is IST_1 spanning? : True
Is IST_2 spanning? : True
Is IST_3 spanning? : True
Is IST_4 spanning? : True
Is IST_5 spanning? : True
Are all ISTs independent? : True

====TEST CR(463, 59, 118)====
Is IST_0 spanning? : True
Is IST_1 spanning? : True
Is IST_2 spanning? : True
Is IST_3 spanning? : True
Is IST_4 spanning? : True
Is IST_5 spanning? : True
Are all ISTs independent? : True

====TEST CR(464, 59, 118)====
Is IST_0 spanning? : True
Is IST_1 spanning? : True
Is IST_2 spanning? : True
Is IST_3 spanning? : True
Is IST_4 spanning? : True
Is IST_5 spanning? : True
Are all ISTs independent? : True

====TEST CR(465, 59, 118)====
Is IST_0 spanning? : True
Is IST_1 spanning? : True
Is IST_2 spanning? : True
Is IST_3 spanning? : True
Is IST_4 spanning? : True
Is IST_5 spanning? : True
Are all ISTs independent? : True

====TEST CR(466, 59, 118)====
Is IST_0 spanning? : True
Is IST_1 spanning? : True
Is IST_2 spanning? : True
Is IST_3 spanning? : True
Is IST_4 spanning? : True
Is IST_5 spanning? : True
Are all ISTs independent? : True

====TEST CR(467, 59, 118)====
Is IST_0 spanning? : True
Is IST_1 spanning? : True
Is IST_2 spanning? : True
Is IST_3 spanning? : True
Is IST_4 spanning? : True
Is IST_5 spanning? : True
Are all ISTs independent? : True

====TEST CR(468, 59, 118)====
Is IST_0 spanning? : True
Is IST_1 spanning? : True
Is IST_2 spanning? : True
Is IST_3 spanning? : True
Is IST_4 spanning? : True
Is IST_5 spanning? : True
Are all ISTs independent? : True

====TEST CR(469, 59, 118)====
Is IST_0 spanning? : True
Is IST_1 spanning? : True
Is IST_2 spanning? : True
Is IST_3 spanning? : True
Is IST_4 spanning? : True
Is IST_5 spanning? : True
Are all ISTs independent? : True

====TEST CR(470, 59, 118)====
Is IST_0 spanning? : True
Is IST_1 spanning? : True
Is IST_2 spanning? : True
Is IST_3 spanning? : True
Is IST_4 spanning? : True
Is IST_5 spanning? : True
Are all ISTs independent? : True

====TEST CR(471, 59, 118)====
Is IST_0 spanning? : True
Is IST_1 spanning? : True
Is IST_2 spanning? : True
Is IST_3 spanning? : True
Is IST_4 spanning? : True
Is IST_5 spanning? : True
Are all ISTs independent? : True

====TEST CR(472, 59, 118)====
Is IST_0 spanning? : True
Is IST_1 spanning? : True
Is IST_2 spanning? : True
Is IST_3 spanning? : True
Is IST_4 spanning? : True
Is IST_5 spanning? : True
Are all ISTs independent? : True

====TEST CR(473, 59, 118)====
Is IST_0 spanning? : True
Is IST_1 spanning? : True
Is IST_2 spanning? : True
Is IST_3 spanning? : True
Is IST_4 spanning? : True
Is IST_5 spanning? : True
Are all ISTs independent? : True

====TEST CR(474, 59, 118)====
Is IST_0 spanning? : True
Is IST_1 spanning? : True
Is IST_2 spanning? : True
Is IST_3 spanning? : True
Is IST_4 spanning? : True
Is IST_5 spanning? : True
Are all ISTs independent? : True

====TEST CR(475, 59, 118)====
Is IST_0 spanning? : True
Is IST_1 spanning? : True
Is IST_2 spanning? : True
Is IST_3 spanning? : True
Is IST_4 spanning? : True
Is IST_5 spanning? : True
Are all ISTs independent? : True

====TEST CR(476, 59, 118)====
Is IST_0 spanning? : True
Is IST_1 spanning? : True
Is IST_2 spanning? : True
Is IST_3 spanning? : True
Is IST_4 spanning? : True
Is IST_5 spanning? : True
Are all ISTs independent? : True

====TEST CR(477, 59, 118)====
Is IST_0 spanning? : True
Is IST_1 spanning? : True
Is IST_2 spanning? : True
Is IST_3 spanning? : True
Is IST_4 spanning? : True
Is IST_5 spanning? : True
Are all ISTs independent? : True

====TEST CR(478, 59, 118)====
Is IST_0 spanning? : True
Is IST_1 spanning? : True
Is IST_2 spanning? : True
Is IST_3 spanning? : True
Is IST_4 spanning? : True
Is IST_5 spanning? : True
Are all ISTs independent? : True

====TEST CR(479, 59, 118)====
Is IST_0 spanning? : True
Is IST_1 spanning? : True
Is IST_2 spanning? : True
Is IST_3 spanning? : True
Is IST_4 spanning? : True
Is IST_5 spanning? : True
Are all ISTs independent? : True

====TEST CR(480, 59, 118)====
Is IST_0 spanning? : True
Is IST_1 spanning? : True
Is IST_2 spanning? : True
Is IST_3 spanning? : True
Is IST_4 spanning? : True
Is IST_5 spanning? : True
Are all ISTs independent? : True

====TEST CR(481, 59, 118)====
Is IST_0 spanning? : True
Is IST_1 spanning? : True
Is IST_2 spanning? : True
Is IST_3 spanning? : True
Is IST_4 spanning? : True
Is IST_5 spanning? : True
Are all ISTs independent? : True

====TEST CR(482, 59, 118)====
Is IST_0 spanning? : True
Is IST_1 spanning? : True
Is IST_2 spanning? : True
Is IST_3 spanning? : True
Is IST_4 spanning? : True
Is IST_5 spanning? : True
Are all ISTs independent? : True

====TEST CR(360, 60, 120)====
Is IST_0 spanning? : True
Is IST_1 spanning? : True
Is IST_2 spanning? : True
Is IST_3 spanning? : True
Is IST_4 spanning? : True
Is IST_5 spanning? : True
Are all ISTs independent? : True

====TEST CR(361, 60, 120)====
Is IST_0 spanning? : True
Is IST_1 spanning? : True
Is IST_2 spanning? : True
Is IST_3 spanning? : True
Is IST_4 spanning? : True
Is IST_5 spanning? : True
Are all ISTs independent? : True

====TEST CR(362, 60, 120)====
Is IST_0 spanning? : True
Is IST_1 spanning? : True
Is IST_2 spanning? : True
Is IST_3 spanning? : True
Is IST_4 spanning? : True
Is IST_5 spanning? : True
Are all ISTs independent? : True

====TEST CR(363, 60, 120)====
Is IST_0 spanning? : True
Is IST_1 spanning? : True
Is IST_2 spanning? : True
Is IST_3 spanning? : True
Is IST_4 spanning? : True
Is IST_5 spanning? : True
Are all ISTs independent? : True

====TEST CR(364, 60, 120)====
Is IST_0 spanning? : True
Is IST_1 spanning? : True
Is IST_2 spanning? : True
Is IST_3 spanning? : True
Is IST_4 spanning? : True
Is IST_5 spanning? : True
Are all ISTs independent? : True

====TEST CR(365, 60, 120)====
Is IST_0 spanning? : True
Is IST_1 spanning? : True
Is IST_2 spanning? : True
Is IST_3 spanning? : True
Is IST_4 spanning? : True
Is IST_5 spanning? : True
Are all ISTs independent? : True

====TEST CR(366, 60, 120)====
Is IST_0 spanning? : True
Is IST_1 spanning? : True
Is IST_2 spanning? : True
Is IST_3 spanning? : True
Is IST_4 spanning? : True
Is IST_5 spanning? : True
Are all ISTs independent? : True

====TEST CR(367, 60, 120)====
Is IST_0 spanning? : True
Is IST_1 spanning? : True
Is IST_2 spanning? : True
Is IST_3 spanning? : True
Is IST_4 spanning? : True
Is IST_5 spanning? : True
Are all ISTs independent? : True

====TEST CR(368, 60, 120)====
Is IST_0 spanning? : True
Is IST_1 spanning? : True
Is IST_2 spanning? : True
Is IST_3 spanning? : True
Is IST_4 spanning? : True
Is IST_5 spanning? : True
Are all ISTs independent? : True

====TEST CR(369, 60, 120)====
Is IST_0 spanning? : True
Is IST_1 spanning? : True
Is IST_2 spanning? : True
Is IST_3 spanning? : True
Is IST_4 spanning? : True
Is IST_5 spanning? : True
Are all ISTs independent? : True

====TEST CR(370, 60, 120)====
Is IST_0 spanning? : True
Is IST_1 spanning? : True
Is IST_2 spanning? : True
Is IST_3 spanning? : True
Is IST_4 spanning? : True
Is IST_5 spanning? : True
Are all ISTs independent? : True

====TEST CR(371, 60, 120)====
Is IST_0 spanning? : True
Is IST_1 spanning? : True
Is IST_2 spanning? : True
Is IST_3 spanning? : True
Is IST_4 spanning? : True
Is IST_5 spanning? : True
Are all ISTs independent? : True

====TEST CR(372, 60, 120)====
Is IST_0 spanning? : True
Is IST_1 spanning? : True
Is IST_2 spanning? : True
Is IST_3 spanning? : True
Is IST_4 spanning? : True
Is IST_5 spanning? : True
Are all ISTs independent? : True

====TEST CR(373, 60, 120)====
Is IST_0 spanning? : True
Is IST_1 spanning? : True
Is IST_2 spanning? : True
Is IST_3 spanning? : True
Is IST_4 spanning? : True
Is IST_5 spanning? : True
Are all ISTs independent? : True

====TEST CR(374, 60, 120)====
Is IST_0 spanning? : True
Is IST_1 spanning? : True
Is IST_2 spanning? : True
Is IST_3 spanning? : True
Is IST_4 spanning? : True
Is IST_5 spanning? : True
Are all ISTs independent? : True

====TEST CR(375, 60, 120)====
Is IST_0 spanning? : True
Is IST_1 spanning? : True
Is IST_2 spanning? : True
Is IST_3 spanning? : True
Is IST_4 spanning? : True
Is IST_5 spanning? : True
Are all ISTs independent? : True

====TEST CR(376, 60, 120)====
Is IST_0 spanning? : True
Is IST_1 spanning? : True
Is IST_2 spanning? : True
Is IST_3 spanning? : True
Is IST_4 spanning? : True
Is IST_5 spanning? : True
Are all ISTs independent? : True

====TEST CR(377, 60, 120)====
Is IST_0 spanning? : True
Is IST_1 spanning? : True
Is IST_2 spanning? : True
Is IST_3 spanning? : True
Is IST_4 spanning? : True
Is IST_5 spanning? : True
Are all ISTs independent? : True

====TEST CR(378, 60, 120)====
Is IST_0 spanning? : True
Is IST_1 spanning? : True
Is IST_2 spanning? : True
Is IST_3 spanning? : True
Is IST_4 spanning? : True
Is IST_5 spanning? : True
Are all ISTs independent? : True

====TEST CR(379, 60, 120)====
Is IST_0 spanning? : True
Is IST_1 spanning? : True
Is IST_2 spanning? : True
Is IST_3 spanning? : True
Is IST_4 spanning? : True
Is IST_5 spanning? : True
Are all ISTs independent? : True

====TEST CR(380, 60, 120)====
Is IST_0 spanning? : True
Is IST_1 spanning? : True
Is IST_2 spanning? : True
Is IST_3 spanning? : True
Is IST_4 spanning? : True
Is IST_5 spanning? : True
Are all ISTs independent? : True

====TEST CR(381, 60, 120)====
Is IST_0 spanning? : True
Is IST_1 spanning? : True
Is IST_2 spanning? : True
Is IST_3 spanning? : True
Is IST_4 spanning? : True
Is IST_5 spanning? : True
Are all ISTs independent? : True

====TEST CR(382, 60, 120)====
Is IST_0 spanning? : True
Is IST_1 spanning? : True
Is IST_2 spanning? : True
Is IST_3 spanning? : True
Is IST_4 spanning? : True
Is IST_5 spanning? : True
Are all ISTs independent? : True

====TEST CR(383, 60, 120)====
Is IST_0 spanning? : True
Is IST_1 spanning? : True
Is IST_2 spanning? : True
Is IST_3 spanning? : True
Is IST_4 spanning? : True
Is IST_5 spanning? : True
Are all ISTs independent? : True

====TEST CR(384, 60, 120)====
Is IST_0 spanning? : True
Is IST_1 spanning? : True
Is IST_2 spanning? : True
Is IST_3 spanning? : True
Is IST_4 spanning? : True
Is IST_5 spanning? : True
Are all ISTs independent? : True

====TEST CR(385, 60, 120)====
Is IST_0 spanning? : True
Is IST_1 spanning? : True
Is IST_2 spanning? : True
Is IST_3 spanning? : True
Is IST_4 spanning? : True
Is IST_5 spanning? : True
Are all ISTs independent? : True

====TEST CR(386, 60, 120)====
Is IST_0 spanning? : True
Is IST_1 spanning? : True
Is IST_2 spanning? : True
Is IST_3 spanning? : True
Is IST_4 spanning? : True
Is IST_5 spanning? : True
Are all ISTs independent? : True

====TEST CR(387, 60, 120)====
Is IST_0 spanning? : True
Is IST_1 spanning? : True
Is IST_2 spanning? : True
Is IST_3 spanning? : True
Is IST_4 spanning? : True
Is IST_5 spanning? : True
Are all ISTs independent? : True

====TEST CR(388, 60, 120)====
Is IST_0 spanning? : True
Is IST_1 spanning? : True
Is IST_2 spanning? : True
Is IST_3 spanning? : True
Is IST_4 spanning? : True
Is IST_5 spanning? : True
Are all ISTs independent? : True

====TEST CR(389, 60, 120)====
Is IST_0 spanning? : True
Is IST_1 spanning? : True
Is IST_2 spanning? : True
Is IST_3 spanning? : True
Is IST_4 spanning? : True
Is IST_5 spanning? : True
Are all ISTs independent? : True

====TEST CR(390, 60, 120)====
Is IST_0 spanning? : True
Is IST_1 spanning? : True
Is IST_2 spanning? : True
Is IST_3 spanning? : True
Is IST_4 spanning? : True
Is IST_5 spanning? : True
Are all ISTs independent? : True

====TEST CR(391, 60, 120)====
Is IST_0 spanning? : True
Is IST_1 spanning? : True
Is IST_2 spanning? : True
Is IST_3 spanning? : True
Is IST_4 spanning? : True
Is IST_5 spanning? : True
Are all ISTs independent? : True

====TEST CR(392, 60, 120)====
Is IST_0 spanning? : True
Is IST_1 spanning? : True
Is IST_2 spanning? : True
Is IST_3 spanning? : True
Is IST_4 spanning? : True
Is IST_5 spanning? : True
Are all ISTs independent? : True

====TEST CR(393, 60, 120)====
Is IST_0 spanning? : True
Is IST_1 spanning? : True
Is IST_2 spanning? : True
Is IST_3 spanning? : True
Is IST_4 spanning? : True
Is IST_5 spanning? : True
Are all ISTs independent? : True

====TEST CR(394, 60, 120)====
Is IST_0 spanning? : True
Is IST_1 spanning? : True
Is IST_2 spanning? : True
Is IST_3 spanning? : True
Is IST_4 spanning? : True
Is IST_5 spanning? : True
Are all ISTs independent? : True

====TEST CR(395, 60, 120)====
Is IST_0 spanning? : True
Is IST_1 spanning? : True
Is IST_2 spanning? : True
Is IST_3 spanning? : True
Is IST_4 spanning? : True
Is IST_5 spanning? : True
Are all ISTs independent? : True

====TEST CR(396, 60, 120)====
Is IST_0 spanning? : True
Is IST_1 spanning? : True
Is IST_2 spanning? : True
Is IST_3 spanning? : True
Is IST_4 spanning? : True
Is IST_5 spanning? : True
Are all ISTs independent? : True

====TEST CR(397, 60, 120)====
Is IST_0 spanning? : True
Is IST_1 spanning? : True
Is IST_2 spanning? : True
Is IST_3 spanning? : True
Is IST_4 spanning? : True
Is IST_5 spanning? : True
Are all ISTs independent? : True

====TEST CR(398, 60, 120)====
Is IST_0 spanning? : True
Is IST_1 spanning? : True
Is IST_2 spanning? : True
Is IST_3 spanning? : True
Is IST_4 spanning? : True
Is IST_5 spanning? : True
Are all ISTs independent? : True

====TEST CR(399, 60, 120)====
Is IST_0 spanning? : True
Is IST_1 spanning? : True
Is IST_2 spanning? : True
Is IST_3 spanning? : True
Is IST_4 spanning? : True
Is IST_5 spanning? : True
Are all ISTs independent? : True

====TEST CR(400, 60, 120)====
Is IST_0 spanning? : True
Is IST_1 spanning? : True
Is IST_2 spanning? : True
Is IST_3 spanning? : True
Is IST_4 spanning? : True
Is IST_5 spanning? : True
Are all ISTs independent? : True

====TEST CR(401, 60, 120)====
Is IST_0 spanning? : True
Is IST_1 spanning? : True
Is IST_2 spanning? : True
Is IST_3 spanning? : True
Is IST_4 spanning? : True
Is IST_5 spanning? : True
Are all ISTs independent? : True

====TEST CR(402, 60, 120)====
Is IST_0 spanning? : True
Is IST_1 spanning? : True
Is IST_2 spanning? : True
Is IST_3 spanning? : True
Is IST_4 spanning? : True
Is IST_5 spanning? : True
Are all ISTs independent? : True

====TEST CR(403, 60, 120)====
Is IST_0 spanning? : True
Is IST_1 spanning? : True
Is IST_2 spanning? : True
Is IST_3 spanning? : True
Is IST_4 spanning? : True
Is IST_5 spanning? : True
Are all ISTs independent? : True

====TEST CR(404, 60, 120)====
Is IST_0 spanning? : True
Is IST_1 spanning? : True
Is IST_2 spanning? : True
Is IST_3 spanning? : True
Is IST_4 spanning? : True
Is IST_5 spanning? : True
Are all ISTs independent? : True

====TEST CR(405, 60, 120)====
Is IST_0 spanning? : True
Is IST_1 spanning? : True
Is IST_2 spanning? : True
Is IST_3 spanning? : True
Is IST_4 spanning? : True
Is IST_5 spanning? : True
Are all ISTs independent? : True

====TEST CR(406, 60, 120)====
Is IST_0 spanning? : True
Is IST_1 spanning? : True
Is IST_2 spanning? : True
Is IST_3 spanning? : True
Is IST_4 spanning? : True
Is IST_5 spanning? : True
Are all ISTs independent? : True

====TEST CR(407, 60, 120)====
Is IST_0 spanning? : True
Is IST_1 spanning? : True
Is IST_2 spanning? : True
Is IST_3 spanning? : True
Is IST_4 spanning? : True
Is IST_5 spanning? : True
Are all ISTs independent? : True

====TEST CR(408, 60, 120)====
Is IST_0 spanning? : True
Is IST_1 spanning? : True
Is IST_2 spanning? : True
Is IST_3 spanning? : True
Is IST_4 spanning? : True
Is IST_5 spanning? : True
Are all ISTs independent? : True

====TEST CR(409, 60, 120)====
Is IST_0 spanning? : True
Is IST_1 spanning? : True
Is IST_2 spanning? : True
Is IST_3 spanning? : True
Is IST_4 spanning? : True
Is IST_5 spanning? : True
Are all ISTs independent? : True

====TEST CR(410, 60, 120)====
Is IST_0 spanning? : True
Is IST_1 spanning? : True
Is IST_2 spanning? : True
Is IST_3 spanning? : True
Is IST_4 spanning? : True
Is IST_5 spanning? : True
Are all ISTs independent? : True

====TEST CR(411, 60, 120)====
Is IST_0 spanning? : True
Is IST_1 spanning? : True
Is IST_2 spanning? : True
Is IST_3 spanning? : True
Is IST_4 spanning? : True
Is IST_5 spanning? : True
Are all ISTs independent? : True

====TEST CR(412, 60, 120)====
Is IST_0 spanning? : True
Is IST_1 spanning? : True
Is IST_2 spanning? : True
Is IST_3 spanning? : True
Is IST_4 spanning? : True
Is IST_5 spanning? : True
Are all ISTs independent? : True

====TEST CR(413, 60, 120)====
Is IST_0 spanning? : True
Is IST_1 spanning? : True
Is IST_2 spanning? : True
Is IST_3 spanning? : True
Is IST_4 spanning? : True
Is IST_5 spanning? : True
Are all ISTs independent? : True

====TEST CR(414, 60, 120)====
Is IST_0 spanning? : True
Is IST_1 spanning? : True
Is IST_2 spanning? : True
Is IST_3 spanning? : True
Is IST_4 spanning? : True
Is IST_5 spanning? : True
Are all ISTs independent? : True

====TEST CR(415, 60, 120)====
Is IST_0 spanning? : True
Is IST_1 spanning? : True
Is IST_2 spanning? : True
Is IST_3 spanning? : True
Is IST_4 spanning? : True
Is IST_5 spanning? : True
Are all ISTs independent? : True

====TEST CR(416, 60, 120)====
Is IST_0 spanning? : True
Is IST_1 spanning? : True
Is IST_2 spanning? : True
Is IST_3 spanning? : True
Is IST_4 spanning? : True
Is IST_5 spanning? : True
Are all ISTs independent? : True

====TEST CR(417, 60, 120)====
Is IST_0 spanning? : True
Is IST_1 spanning? : True
Is IST_2 spanning? : True
Is IST_3 spanning? : True
Is IST_4 spanning? : True
Is IST_5 spanning? : True
Are all ISTs independent? : True

====TEST CR(418, 60, 120)====
Is IST_0 spanning? : True
Is IST_1 spanning? : True
Is IST_2 spanning? : True
Is IST_3 spanning? : True
Is IST_4 spanning? : True
Is IST_5 spanning? : True
Are all ISTs independent? : True

====TEST CR(419, 60, 120)====
Is IST_0 spanning? : True
Is IST_1 spanning? : True
Is IST_2 spanning? : True
Is IST_3 spanning? : True
Is IST_4 spanning? : True
Is IST_5 spanning? : True
Are all ISTs independent? : True

====TEST CR(420, 60, 120)====
Is IST_0 spanning? : True
Is IST_1 spanning? : True
Is IST_2 spanning? : True
Is IST_3 spanning? : True
Is IST_4 spanning? : True
Is IST_5 spanning? : True
Are all ISTs independent? : True

====TEST CR(421, 60, 120)====
Is IST_0 spanning? : True
Is IST_1 spanning? : True
Is IST_2 spanning? : True
Is IST_3 spanning? : True
Is IST_4 spanning? : True
Is IST_5 spanning? : True
Are all ISTs independent? : True

====TEST CR(422, 60, 120)====
Is IST_0 spanning? : True
Is IST_1 spanning? : True
Is IST_2 spanning? : True
Is IST_3 spanning? : True
Is IST_4 spanning? : True
Is IST_5 spanning? : True
Are all ISTs independent? : True

====TEST CR(423, 60, 120)====
Is IST_0 spanning? : True
Is IST_1 spanning? : True
Is IST_2 spanning? : True
Is IST_3 spanning? : True
Is IST_4 spanning? : True
Is IST_5 spanning? : True
Are all ISTs independent? : True

====TEST CR(424, 60, 120)====
Is IST_0 spanning? : True
Is IST_1 spanning? : True
Is IST_2 spanning? : True
Is IST_3 spanning? : True
Is IST_4 spanning? : True
Is IST_5 spanning? : True
Are all ISTs independent? : True

====TEST CR(425, 60, 120)====
Is IST_0 spanning? : True
Is IST_1 spanning? : True
Is IST_2 spanning? : True
Is IST_3 spanning? : True
Is IST_4 spanning? : True
Is IST_5 spanning? : True
Are all ISTs independent? : True

====TEST CR(426, 60, 120)====
Is IST_0 spanning? : True
Is IST_1 spanning? : True
Is IST_2 spanning? : True
Is IST_3 spanning? : True
Is IST_4 spanning? : True
Is IST_5 spanning? : True
Are all ISTs independent? : True

====TEST CR(427, 60, 120)====
Is IST_0 spanning? : True
Is IST_1 spanning? : True
Is IST_2 spanning? : True
Is IST_3 spanning? : True
Is IST_4 spanning? : True
Is IST_5 spanning? : True
Are all ISTs independent? : True

====TEST CR(428, 60, 120)====
Is IST_0 spanning? : True
Is IST_1 spanning? : True
Is IST_2 spanning? : True
Is IST_3 spanning? : True
Is IST_4 spanning? : True
Is IST_5 spanning? : True
Are all ISTs independent? : True

====TEST CR(429, 60, 120)====
Is IST_0 spanning? : True
Is IST_1 spanning? : True
Is IST_2 spanning? : True
Is IST_3 spanning? : True
Is IST_4 spanning? : True
Is IST_5 spanning? : True
Are all ISTs independent? : True

====TEST CR(430, 60, 120)====
Is IST_0 spanning? : True
Is IST_1 spanning? : True
Is IST_2 spanning? : True
Is IST_3 spanning? : True
Is IST_4 spanning? : True
Is IST_5 spanning? : True
Are all ISTs independent? : True

====TEST CR(431, 60, 120)====
Is IST_0 spanning? : True
Is IST_1 spanning? : True
Is IST_2 spanning? : True
Is IST_3 spanning? : True
Is IST_4 spanning? : True
Is IST_5 spanning? : True
Are all ISTs independent? : True

====TEST CR(432, 60, 120)====
Is IST_0 spanning? : True
Is IST_1 spanning? : True
Is IST_2 spanning? : True
Is IST_3 spanning? : True
Is IST_4 spanning? : True
Is IST_5 spanning? : True
Are all ISTs independent? : True

====TEST CR(433, 60, 120)====
Is IST_0 spanning? : True
Is IST_1 spanning? : True
Is IST_2 spanning? : True
Is IST_3 spanning? : True
Is IST_4 spanning? : True
Is IST_5 spanning? : True
Are all ISTs independent? : True

====TEST CR(434, 60, 120)====
Is IST_0 spanning? : True
Is IST_1 spanning? : True
Is IST_2 spanning? : True
Is IST_3 spanning? : True
Is IST_4 spanning? : True
Is IST_5 spanning? : True
Are all ISTs independent? : True

====TEST CR(435, 60, 120)====
Is IST_0 spanning? : True
Is IST_1 spanning? : True
Is IST_2 spanning? : True
Is IST_3 spanning? : True
Is IST_4 spanning? : True
Is IST_5 spanning? : True
Are all ISTs independent? : True

====TEST CR(436, 60, 120)====
Is IST_0 spanning? : True
Is IST_1 spanning? : True
Is IST_2 spanning? : True
Is IST_3 spanning? : True
Is IST_4 spanning? : True
Is IST_5 spanning? : True
Are all ISTs independent? : True

====TEST CR(437, 60, 120)====
Is IST_0 spanning? : True
Is IST_1 spanning? : True
Is IST_2 spanning? : True
Is IST_3 spanning? : True
Is IST_4 spanning? : True
Is IST_5 spanning? : True
Are all ISTs independent? : True

====TEST CR(438, 60, 120)====
Is IST_0 spanning? : True
Is IST_1 spanning? : True
Is IST_2 spanning? : True
Is IST_3 spanning? : True
Is IST_4 spanning? : True
Is IST_5 spanning? : True
Are all ISTs independent? : True

====TEST CR(439, 60, 120)====
Is IST_0 spanning? : True
Is IST_1 spanning? : True
Is IST_2 spanning? : True
Is IST_3 spanning? : True
Is IST_4 spanning? : True
Is IST_5 spanning? : True
Are all ISTs independent? : True

====TEST CR(440, 60, 120)====
Is IST_0 spanning? : True
Is IST_1 spanning? : True
Is IST_2 spanning? : True
Is IST_3 spanning? : True
Is IST_4 spanning? : True
Is IST_5 spanning? : True
Are all ISTs independent? : True

====TEST CR(441, 60, 120)====
Is IST_0 spanning? : True
Is IST_1 spanning? : True
Is IST_2 spanning? : True
Is IST_3 spanning? : True
Is IST_4 spanning? : True
Is IST_5 spanning? : True
Are all ISTs independent? : True

====TEST CR(442, 60, 120)====
Is IST_0 spanning? : True
Is IST_1 spanning? : True
Is IST_2 spanning? : True
Is IST_3 spanning? : True
Is IST_4 spanning? : True
Is IST_5 spanning? : True
Are all ISTs independent? : True

====TEST CR(443, 60, 120)====
Is IST_0 spanning? : True
Is IST_1 spanning? : True
Is IST_2 spanning? : True
Is IST_3 spanning? : True
Is IST_4 spanning? : True
Is IST_5 spanning? : True
Are all ISTs independent? : True

====TEST CR(444, 60, 120)====
Is IST_0 spanning? : True
Is IST_1 spanning? : True
Is IST_2 spanning? : True
Is IST_3 spanning? : True
Is IST_4 spanning? : True
Is IST_5 spanning? : True
Are all ISTs independent? : True

====TEST CR(445, 60, 120)====
Is IST_0 spanning? : True
Is IST_1 spanning? : True
Is IST_2 spanning? : True
Is IST_3 spanning? : True
Is IST_4 spanning? : True
Is IST_5 spanning? : True
Are all ISTs independent? : True

====TEST CR(446, 60, 120)====
Is IST_0 spanning? : True
Is IST_1 spanning? : True
Is IST_2 spanning? : True
Is IST_3 spanning? : True
Is IST_4 spanning? : True
Is IST_5 spanning? : True
Are all ISTs independent? : True

====TEST CR(447, 60, 120)====
Is IST_0 spanning? : True
Is IST_1 spanning? : True
Is IST_2 spanning? : True
Is IST_3 spanning? : True
Is IST_4 spanning? : True
Is IST_5 spanning? : True
Are all ISTs independent? : True

====TEST CR(448, 60, 120)====
Is IST_0 spanning? : True
Is IST_1 spanning? : True
Is IST_2 spanning? : True
Is IST_3 spanning? : True
Is IST_4 spanning? : True
Is IST_5 spanning? : True
Are all ISTs independent? : True

====TEST CR(449, 60, 120)====
Is IST_0 spanning? : True
Is IST_1 spanning? : True
Is IST_2 spanning? : True
Is IST_3 spanning? : True
Is IST_4 spanning? : True
Is IST_5 spanning? : True
Are all ISTs independent? : True

====TEST CR(450, 60, 120)====
Is IST_0 spanning? : True
Is IST_1 spanning? : True
Is IST_2 spanning? : True
Is IST_3 spanning? : True
Is IST_4 spanning? : True
Is IST_5 spanning? : True
Are all ISTs independent? : True

====TEST CR(451, 60, 120)====
Is IST_0 spanning? : True
Is IST_1 spanning? : True
Is IST_2 spanning? : True
Is IST_3 spanning? : True
Is IST_4 spanning? : True
Is IST_5 spanning? : True
Are all ISTs independent? : True

====TEST CR(452, 60, 120)====
Is IST_0 spanning? : True
Is IST_1 spanning? : True
Is IST_2 spanning? : True
Is IST_3 spanning? : True
Is IST_4 spanning? : True
Is IST_5 spanning? : True
Are all ISTs independent? : True

====TEST CR(453, 60, 120)====
Is IST_0 spanning? : True
Is IST_1 spanning? : True
Is IST_2 spanning? : True
Is IST_3 spanning? : True
Is IST_4 spanning? : True
Is IST_5 spanning? : True
Are all ISTs independent? : True

====TEST CR(454, 60, 120)====
Is IST_0 spanning? : True
Is IST_1 spanning? : True
Is IST_2 spanning? : True
Is IST_3 spanning? : True
Is IST_4 spanning? : True
Is IST_5 spanning? : True
Are all ISTs independent? : True

====TEST CR(455, 60, 120)====
Is IST_0 spanning? : True
Is IST_1 spanning? : True
Is IST_2 spanning? : True
Is IST_3 spanning? : True
Is IST_4 spanning? : True
Is IST_5 spanning? : True
Are all ISTs independent? : True

====TEST CR(456, 60, 120)====
Is IST_0 spanning? : True
Is IST_1 spanning? : True
Is IST_2 spanning? : True
Is IST_3 spanning? : True
Is IST_4 spanning? : True
Is IST_5 spanning? : True
Are all ISTs independent? : True

====TEST CR(457, 60, 120)====
Is IST_0 spanning? : True
Is IST_1 spanning? : True
Is IST_2 spanning? : True
Is IST_3 spanning? : True
Is IST_4 spanning? : True
Is IST_5 spanning? : True
Are all ISTs independent? : True

====TEST CR(458, 60, 120)====
Is IST_0 spanning? : True
Is IST_1 spanning? : True
Is IST_2 spanning? : True
Is IST_3 spanning? : True
Is IST_4 spanning? : True
Is IST_5 spanning? : True
Are all ISTs independent? : True

====TEST CR(459, 60, 120)====
Is IST_0 spanning? : True
Is IST_1 spanning? : True
Is IST_2 spanning? : True
Is IST_3 spanning? : True
Is IST_4 spanning? : True
Is IST_5 spanning? : True
Are all ISTs independent? : True

====TEST CR(460, 60, 120)====
Is IST_0 spanning? : True
Is IST_1 spanning? : True
Is IST_2 spanning? : True
Is IST_3 spanning? : True
Is IST_4 spanning? : True
Is IST_5 spanning? : True
Are all ISTs independent? : True

====TEST CR(461, 60, 120)====
Is IST_0 spanning? : True
Is IST_1 spanning? : True
Is IST_2 spanning? : True
Is IST_3 spanning? : True
Is IST_4 spanning? : True
Is IST_5 spanning? : True
Are all ISTs independent? : True

====TEST CR(462, 60, 120)====
Is IST_0 spanning? : True
Is IST_1 spanning? : True
Is IST_2 spanning? : True
Is IST_3 spanning? : True
Is IST_4 spanning? : True
Is IST_5 spanning? : True
Are all ISTs independent? : True

====TEST CR(463, 60, 120)====
Is IST_0 spanning? : True
Is IST_1 spanning? : True
Is IST_2 spanning? : True
Is IST_3 spanning? : True
Is IST_4 spanning? : True
Is IST_5 spanning? : True
Are all ISTs independent? : True

====TEST CR(464, 60, 120)====
Is IST_0 spanning? : True
Is IST_1 spanning? : True
Is IST_2 spanning? : True
Is IST_3 spanning? : True
Is IST_4 spanning? : True
Is IST_5 spanning? : True
Are all ISTs independent? : True

====TEST CR(465, 60, 120)====
Is IST_0 spanning? : True
Is IST_1 spanning? : True
Is IST_2 spanning? : True
Is IST_3 spanning? : True
Is IST_4 spanning? : True
Is IST_5 spanning? : True
Are all ISTs independent? : True

====TEST CR(466, 60, 120)====
Is IST_0 spanning? : True
Is IST_1 spanning? : True
Is IST_2 spanning? : True
Is IST_3 spanning? : True
Is IST_4 spanning? : True
Is IST_5 spanning? : True
Are all ISTs independent? : True

====TEST CR(467, 60, 120)====
Is IST_0 spanning? : True
Is IST_1 spanning? : True
Is IST_2 spanning? : True
Is IST_3 spanning? : True
Is IST_4 spanning? : True
Is IST_5 spanning? : True
Are all ISTs independent? : True

====TEST CR(468, 60, 120)====
Is IST_0 spanning? : True
Is IST_1 spanning? : True
Is IST_2 spanning? : True
Is IST_3 spanning? : True
Is IST_4 spanning? : True
Is IST_5 spanning? : True
Are all ISTs independent? : True

====TEST CR(469, 60, 120)====
Is IST_0 spanning? : True
Is IST_1 spanning? : True
Is IST_2 spanning? : True
Is IST_3 spanning? : True
Is IST_4 spanning? : True
Is IST_5 spanning? : True
Are all ISTs independent? : True

====TEST CR(470, 60, 120)====
Is IST_0 spanning? : True
Is IST_1 spanning? : True
Is IST_2 spanning? : True
Is IST_3 spanning? : True
Is IST_4 spanning? : True
Is IST_5 spanning? : True
Are all ISTs independent? : True

====TEST CR(471, 60, 120)====
Is IST_0 spanning? : True
Is IST_1 spanning? : True
Is IST_2 spanning? : True
Is IST_3 spanning? : True
Is IST_4 spanning? : True
Is IST_5 spanning? : True
Are all ISTs independent? : True

====TEST CR(472, 60, 120)====
Is IST_0 spanning? : True
Is IST_1 spanning? : True
Is IST_2 spanning? : True
Is IST_3 spanning? : True
Is IST_4 spanning? : True
Is IST_5 spanning? : True
Are all ISTs independent? : True

====TEST CR(473, 60, 120)====
Is IST_0 spanning? : True
Is IST_1 spanning? : True
Is IST_2 spanning? : True
Is IST_3 spanning? : True
Is IST_4 spanning? : True
Is IST_5 spanning? : True
Are all ISTs independent? : True

====TEST CR(474, 60, 120)====
Is IST_0 spanning? : True
Is IST_1 spanning? : True
Is IST_2 spanning? : True
Is IST_3 spanning? : True
Is IST_4 spanning? : True
Is IST_5 spanning? : True
Are all ISTs independent? : True

====TEST CR(475, 60, 120)====
Is IST_0 spanning? : True
Is IST_1 spanning? : True
Is IST_2 spanning? : True
Is IST_3 spanning? : True
Is IST_4 spanning? : True
Is IST_5 spanning? : True
Are all ISTs independent? : True

====TEST CR(476, 60, 120)====
Is IST_0 spanning? : True
Is IST_1 spanning? : True
Is IST_2 spanning? : True
Is IST_3 spanning? : True
Is IST_4 spanning? : True
Is IST_5 spanning? : True
Are all ISTs independent? : True

====TEST CR(477, 60, 120)====
Is IST_0 spanning? : True
Is IST_1 spanning? : True
Is IST_2 spanning? : True
Is IST_3 spanning? : True
Is IST_4 spanning? : True
Is IST_5 spanning? : True
Are all ISTs independent? : True

====TEST CR(478, 60, 120)====
Is IST_0 spanning? : True
Is IST_1 spanning? : True
Is IST_2 spanning? : True
Is IST_3 spanning? : True
Is IST_4 spanning? : True
Is IST_5 spanning? : True
Are all ISTs independent? : True

====TEST CR(479, 60, 120)====
Is IST_0 spanning? : True
Is IST_1 spanning? : True
Is IST_2 spanning? : True
Is IST_3 spanning? : True
Is IST_4 spanning? : True
Is IST_5 spanning? : True
Are all ISTs independent? : True

====TEST CR(480, 60, 120)====
Is IST_0 spanning? : True
Is IST_1 spanning? : True
Is IST_2 spanning? : True
Is IST_3 spanning? : True
Is IST_4 spanning? : True
Is IST_5 spanning? : True
Are all ISTs independent? : True

====TEST CR(481, 60, 120)====
Is IST_0 spanning? : True
Is IST_1 spanning? : True
Is IST_2 spanning? : True
Is IST_3 spanning? : True
Is IST_4 spanning? : True
Is IST_5 spanning? : True
Are all ISTs independent? : True

====TEST CR(482, 60, 120)====
Is IST_0 spanning? : True
Is IST_1 spanning? : True
Is IST_2 spanning? : True
Is IST_3 spanning? : True
Is IST_4 spanning? : True
Is IST_5 spanning? : True
Are all ISTs independent? : True

====TEST CR(483, 60, 120)====
Is IST_0 spanning? : True
Is IST_1 spanning? : True
Is IST_2 spanning? : True
Is IST_3 spanning? : True
Is IST_4 spanning? : True
Is IST_5 spanning? : True
Are all ISTs independent? : True

====TEST CR(484, 60, 120)====
Is IST_0 spanning? : True
Is IST_1 spanning? : True
Is IST_2 spanning? : True
Is IST_3 spanning? : True
Is IST_4 spanning? : True
Is IST_5 spanning? : True
Are all ISTs independent? : True

====TEST CR(485, 60, 120)====
Is IST_0 spanning? : True
Is IST_1 spanning? : True
Is IST_2 spanning? : True
Is IST_3 spanning? : True
Is IST_4 spanning? : True
Is IST_5 spanning? : True
Are all ISTs independent? : True

====TEST CR(486, 60, 120)====
Is IST_0 spanning? : True
Is IST_1 spanning? : True
Is IST_2 spanning? : True
Is IST_3 spanning? : True
Is IST_4 spanning? : True
Is IST_5 spanning? : True
Are all ISTs independent? : True

====TEST CR(487, 60, 120)====
Is IST_0 spanning? : True
Is IST_1 spanning? : True
Is IST_2 spanning? : True
Is IST_3 spanning? : True
Is IST_4 spanning? : True
Is IST_5 spanning? : True
Are all ISTs independent? : True

====TEST CR(488, 60, 120)====
Is IST_0 spanning? : True
Is IST_1 spanning? : True
Is IST_2 spanning? : True
Is IST_3 spanning? : True
Is IST_4 spanning? : True
Is IST_5 spanning? : True
Are all ISTs independent? : True

====TEST CR(366, 61, 122)====
Is IST_0 spanning? : True
Is IST_1 spanning? : True
Is IST_2 spanning? : True
Is IST_3 spanning? : True
Is IST_4 spanning? : True
Is IST_5 spanning? : True
Are all ISTs independent? : True

====TEST CR(367, 61, 122)====
Is IST_0 spanning? : True
Is IST_1 spanning? : True
Is IST_2 spanning? : True
Is IST_3 spanning? : True
Is IST_4 spanning? : True
Is IST_5 spanning? : True
Are all ISTs independent? : True

====TEST CR(368, 61, 122)====
Is IST_0 spanning? : True
Is IST_1 spanning? : True
Is IST_2 spanning? : True
Is IST_3 spanning? : True
Is IST_4 spanning? : True
Is IST_5 spanning? : True
Are all ISTs independent? : True

====TEST CR(369, 61, 122)====
Is IST_0 spanning? : True
Is IST_1 spanning? : True
Is IST_2 spanning? : True
Is IST_3 spanning? : True
Is IST_4 spanning? : True
Is IST_5 spanning? : True
Are all ISTs independent? : True

====TEST CR(370, 61, 122)====
Is IST_0 spanning? : True
Is IST_1 spanning? : True
Is IST_2 spanning? : True
Is IST_3 spanning? : True
Is IST_4 spanning? : True
Is IST_5 spanning? : True
Are all ISTs independent? : True

====TEST CR(371, 61, 122)====
Is IST_0 spanning? : True
Is IST_1 spanning? : True
Is IST_2 spanning? : True
Is IST_3 spanning? : True
Is IST_4 spanning? : True
Is IST_5 spanning? : True
Are all ISTs independent? : True

====TEST CR(372, 61, 122)====
Is IST_0 spanning? : True
Is IST_1 spanning? : True
Is IST_2 spanning? : True
Is IST_3 spanning? : True
Is IST_4 spanning? : True
Is IST_5 spanning? : True
Are all ISTs independent? : True

====TEST CR(373, 61, 122)====
Is IST_0 spanning? : True
Is IST_1 spanning? : True
Is IST_2 spanning? : True
Is IST_3 spanning? : True
Is IST_4 spanning? : True
Is IST_5 spanning? : True
Are all ISTs independent? : True

====TEST CR(374, 61, 122)====
Is IST_0 spanning? : True
Is IST_1 spanning? : True
Is IST_2 spanning? : True
Is IST_3 spanning? : True
Is IST_4 spanning? : True
Is IST_5 spanning? : True
Are all ISTs independent? : True

====TEST CR(375, 61, 122)====
Is IST_0 spanning? : True
Is IST_1 spanning? : True
Is IST_2 spanning? : True
Is IST_3 spanning? : True
Is IST_4 spanning? : True
Is IST_5 spanning? : True
Are all ISTs independent? : True

====TEST CR(376, 61, 122)====
Is IST_0 spanning? : True
Is IST_1 spanning? : True
Is IST_2 spanning? : True
Is IST_3 spanning? : True
Is IST_4 spanning? : True
Is IST_5 spanning? : True
Are all ISTs independent? : True

====TEST CR(377, 61, 122)====
Is IST_0 spanning? : True
Is IST_1 spanning? : True
Is IST_2 spanning? : True
Is IST_3 spanning? : True
Is IST_4 spanning? : True
Is IST_5 spanning? : True
Are all ISTs independent? : True

====TEST CR(378, 61, 122)====
Is IST_0 spanning? : True
Is IST_1 spanning? : True
Is IST_2 spanning? : True
Is IST_3 spanning? : True
Is IST_4 spanning? : True
Is IST_5 spanning? : True
Are all ISTs independent? : True

====TEST CR(379, 61, 122)====
Is IST_0 spanning? : True
Is IST_1 spanning? : True
Is IST_2 spanning? : True
Is IST_3 spanning? : True
Is IST_4 spanning? : True
Is IST_5 spanning? : True
Are all ISTs independent? : True

====TEST CR(380, 61, 122)====
Is IST_0 spanning? : True
Is IST_1 spanning? : True
Is IST_2 spanning? : True
Is IST_3 spanning? : True
Is IST_4 spanning? : True
Is IST_5 spanning? : True
Are all ISTs independent? : True

====TEST CR(381, 61, 122)====
Is IST_0 spanning? : True
Is IST_1 spanning? : True
Is IST_2 spanning? : True
Is IST_3 spanning? : True
Is IST_4 spanning? : True
Is IST_5 spanning? : True
Are all ISTs independent? : True

====TEST CR(382, 61, 122)====
Is IST_0 spanning? : True
Is IST_1 spanning? : True
Is IST_2 spanning? : True
Is IST_3 spanning? : True
Is IST_4 spanning? : True
Is IST_5 spanning? : True
Are all ISTs independent? : True

====TEST CR(383, 61, 122)====
Is IST_0 spanning? : True
Is IST_1 spanning? : True
Is IST_2 spanning? : True
Is IST_3 spanning? : True
Is IST_4 spanning? : True
Is IST_5 spanning? : True
Are all ISTs independent? : True

====TEST CR(384, 61, 122)====
Is IST_0 spanning? : True
Is IST_1 spanning? : True
Is IST_2 spanning? : True
Is IST_3 spanning? : True
Is IST_4 spanning? : True
Is IST_5 spanning? : True
Are all ISTs independent? : True

====TEST CR(385, 61, 122)====
Is IST_0 spanning? : True
Is IST_1 spanning? : True
Is IST_2 spanning? : True
Is IST_3 spanning? : True
Is IST_4 spanning? : True
Is IST_5 spanning? : True
Are all ISTs independent? : True

====TEST CR(386, 61, 122)====
Is IST_0 spanning? : True
Is IST_1 spanning? : True
Is IST_2 spanning? : True
Is IST_3 spanning? : True
Is IST_4 spanning? : True
Is IST_5 spanning? : True
Are all ISTs independent? : True

====TEST CR(387, 61, 122)====
Is IST_0 spanning? : True
Is IST_1 spanning? : True
Is IST_2 spanning? : True
Is IST_3 spanning? : True
Is IST_4 spanning? : True
Is IST_5 spanning? : True
Are all ISTs independent? : True

====TEST CR(388, 61, 122)====
Is IST_0 spanning? : True
Is IST_1 spanning? : True
Is IST_2 spanning? : True
Is IST_3 spanning? : True
Is IST_4 spanning? : True
Is IST_5 spanning? : True
Are all ISTs independent? : True

====TEST CR(389, 61, 122)====
Is IST_0 spanning? : True
Is IST_1 spanning? : True
Is IST_2 spanning? : True
Is IST_3 spanning? : True
Is IST_4 spanning? : True
Is IST_5 spanning? : True
Are all ISTs independent? : True

====TEST CR(390, 61, 122)====
Is IST_0 spanning? : True
Is IST_1 spanning? : True
Is IST_2 spanning? : True
Is IST_3 spanning? : True
Is IST_4 spanning? : True
Is IST_5 spanning? : True
Are all ISTs independent? : True

====TEST CR(391, 61, 122)====
Is IST_0 spanning? : True
Is IST_1 spanning? : True
Is IST_2 spanning? : True
Is IST_3 spanning? : True
Is IST_4 spanning? : True
Is IST_5 spanning? : True
Are all ISTs independent? : True

====TEST CR(392, 61, 122)====
Is IST_0 spanning? : True
Is IST_1 spanning? : True
Is IST_2 spanning? : True
Is IST_3 spanning? : True
Is IST_4 spanning? : True
Is IST_5 spanning? : True
Are all ISTs independent? : True

====TEST CR(393, 61, 122)====
Is IST_0 spanning? : True
Is IST_1 spanning? : True
Is IST_2 spanning? : True
Is IST_3 spanning? : True
Is IST_4 spanning? : True
Is IST_5 spanning? : True
Are all ISTs independent? : True

====TEST CR(394, 61, 122)====
Is IST_0 spanning? : True
Is IST_1 spanning? : True
Is IST_2 spanning? : True
Is IST_3 spanning? : True
Is IST_4 spanning? : True
Is IST_5 spanning? : True
Are all ISTs independent? : True

====TEST CR(395, 61, 122)====
Is IST_0 spanning? : True
Is IST_1 spanning? : True
Is IST_2 spanning? : True
Is IST_3 spanning? : True
Is IST_4 spanning? : True
Is IST_5 spanning? : True
Are all ISTs independent? : True

====TEST CR(396, 61, 122)====
Is IST_0 spanning? : True
Is IST_1 spanning? : True
Is IST_2 spanning? : True
Is IST_3 spanning? : True
Is IST_4 spanning? : True
Is IST_5 spanning? : True
Are all ISTs independent? : True

====TEST CR(397, 61, 122)====
Is IST_0 spanning? : True
Is IST_1 spanning? : True
Is IST_2 spanning? : True
Is IST_3 spanning? : True
Is IST_4 spanning? : True
Is IST_5 spanning? : True
Are all ISTs independent? : True

====TEST CR(398, 61, 122)====
Is IST_0 spanning? : True
Is IST_1 spanning? : True
Is IST_2 spanning? : True
Is IST_3 spanning? : True
Is IST_4 spanning? : True
Is IST_5 spanning? : True
Are all ISTs independent? : True

====TEST CR(399, 61, 122)====
Is IST_0 spanning? : True
Is IST_1 spanning? : True
Is IST_2 spanning? : True
Is IST_3 spanning? : True
Is IST_4 spanning? : True
Is IST_5 spanning? : True
Are all ISTs independent? : True

====TEST CR(400, 61, 122)====
Is IST_0 spanning? : True
Is IST_1 spanning? : True
Is IST_2 spanning? : True
Is IST_3 spanning? : True
Is IST_4 spanning? : True
Is IST_5 spanning? : True
Are all ISTs independent? : True

====TEST CR(401, 61, 122)====
Is IST_0 spanning? : True
Is IST_1 spanning? : True
Is IST_2 spanning? : True
Is IST_3 spanning? : True
Is IST_4 spanning? : True
Is IST_5 spanning? : True
Are all ISTs independent? : True

====TEST CR(402, 61, 122)====
Is IST_0 spanning? : True
Is IST_1 spanning? : True
Is IST_2 spanning? : True
Is IST_3 spanning? : True
Is IST_4 spanning? : True
Is IST_5 spanning? : True
Are all ISTs independent? : True

====TEST CR(403, 61, 122)====
Is IST_0 spanning? : True
Is IST_1 spanning? : True
Is IST_2 spanning? : True
Is IST_3 spanning? : True
Is IST_4 spanning? : True
Is IST_5 spanning? : True
Are all ISTs independent? : True

====TEST CR(404, 61, 122)====
Is IST_0 spanning? : True
Is IST_1 spanning? : True
Is IST_2 spanning? : True
Is IST_3 spanning? : True
Is IST_4 spanning? : True
Is IST_5 spanning? : True
Are all ISTs independent? : True

====TEST CR(405, 61, 122)====
Is IST_0 spanning? : True
Is IST_1 spanning? : True
Is IST_2 spanning? : True
Is IST_3 spanning? : True
Is IST_4 spanning? : True
Is IST_5 spanning? : True
Are all ISTs independent? : True

====TEST CR(406, 61, 122)====
Is IST_0 spanning? : True
Is IST_1 spanning? : True
Is IST_2 spanning? : True
Is IST_3 spanning? : True
Is IST_4 spanning? : True
Is IST_5 spanning? : True
Are all ISTs independent? : True

====TEST CR(407, 61, 122)====
Is IST_0 spanning? : True
Is IST_1 spanning? : True
Is IST_2 spanning? : True
Is IST_3 spanning? : True
Is IST_4 spanning? : True
Is IST_5 spanning? : True
Are all ISTs independent? : True

====TEST CR(408, 61, 122)====
Is IST_0 spanning? : True
Is IST_1 spanning? : True
Is IST_2 spanning? : True
Is IST_3 spanning? : True
Is IST_4 spanning? : True
Is IST_5 spanning? : True
Are all ISTs independent? : True

====TEST CR(409, 61, 122)====
Is IST_0 spanning? : True
Is IST_1 spanning? : True
Is IST_2 spanning? : True
Is IST_3 spanning? : True
Is IST_4 spanning? : True
Is IST_5 spanning? : True
Are all ISTs independent? : True

====TEST CR(410, 61, 122)====
Is IST_0 spanning? : True
Is IST_1 spanning? : True
Is IST_2 spanning? : True
Is IST_3 spanning? : True
Is IST_4 spanning? : True
Is IST_5 spanning? : True
Are all ISTs independent? : True

====TEST CR(411, 61, 122)====
Is IST_0 spanning? : True
Is IST_1 spanning? : True
Is IST_2 spanning? : True
Is IST_3 spanning? : True
Is IST_4 spanning? : True
Is IST_5 spanning? : True
Are all ISTs independent? : True

====TEST CR(412, 61, 122)====
Is IST_0 spanning? : True
Is IST_1 spanning? : True
Is IST_2 spanning? : True
Is IST_3 spanning? : True
Is IST_4 spanning? : True
Is IST_5 spanning? : True
Are all ISTs independent? : True

====TEST CR(413, 61, 122)====
Is IST_0 spanning? : True
Is IST_1 spanning? : True
Is IST_2 spanning? : True
Is IST_3 spanning? : True
Is IST_4 spanning? : True
Is IST_5 spanning? : True
Are all ISTs independent? : True

====TEST CR(414, 61, 122)====
Is IST_0 spanning? : True
Is IST_1 spanning? : True
Is IST_2 spanning? : True
Is IST_3 spanning? : True
Is IST_4 spanning? : True
Is IST_5 spanning? : True
Are all ISTs independent? : True

====TEST CR(415, 61, 122)====
Is IST_0 spanning? : True
Is IST_1 spanning? : True
Is IST_2 spanning? : True
Is IST_3 spanning? : True
Is IST_4 spanning? : True
Is IST_5 spanning? : True
Are all ISTs independent? : True

====TEST CR(416, 61, 122)====
Is IST_0 spanning? : True
Is IST_1 spanning? : True
Is IST_2 spanning? : True
Is IST_3 spanning? : True
Is IST_4 spanning? : True
Is IST_5 spanning? : True
Are all ISTs independent? : True

====TEST CR(417, 61, 122)====
Is IST_0 spanning? : True
Is IST_1 spanning? : True
Is IST_2 spanning? : True
Is IST_3 spanning? : True
Is IST_4 spanning? : True
Is IST_5 spanning? : True
Are all ISTs independent? : True

====TEST CR(418, 61, 122)====
Is IST_0 spanning? : True
Is IST_1 spanning? : True
Is IST_2 spanning? : True
Is IST_3 spanning? : True
Is IST_4 spanning? : True
Is IST_5 spanning? : True
Are all ISTs independent? : True

====TEST CR(419, 61, 122)====
Is IST_0 spanning? : True
Is IST_1 spanning? : True
Is IST_2 spanning? : True
Is IST_3 spanning? : True
Is IST_4 spanning? : True
Is IST_5 spanning? : True
Are all ISTs independent? : True

====TEST CR(420, 61, 122)====
Is IST_0 spanning? : True
Is IST_1 spanning? : True
Is IST_2 spanning? : True
Is IST_3 spanning? : True
Is IST_4 spanning? : True
Is IST_5 spanning? : True
Are all ISTs independent? : True

====TEST CR(421, 61, 122)====
Is IST_0 spanning? : True
Is IST_1 spanning? : True
Is IST_2 spanning? : True
Is IST_3 spanning? : True
Is IST_4 spanning? : True
Is IST_5 spanning? : True
Are all ISTs independent? : True

====TEST CR(422, 61, 122)====
Is IST_0 spanning? : True
Is IST_1 spanning? : True
Is IST_2 spanning? : True
Is IST_3 spanning? : True
Is IST_4 spanning? : True
Is IST_5 spanning? : True
Are all ISTs independent? : True

====TEST CR(423, 61, 122)====
Is IST_0 spanning? : True
Is IST_1 spanning? : True
Is IST_2 spanning? : True
Is IST_3 spanning? : True
Is IST_4 spanning? : True
Is IST_5 spanning? : True
Are all ISTs independent? : True

====TEST CR(424, 61, 122)====
Is IST_0 spanning? : True
Is IST_1 spanning? : True
Is IST_2 spanning? : True
Is IST_3 spanning? : True
Is IST_4 spanning? : True
Is IST_5 spanning? : True
Are all ISTs independent? : True

====TEST CR(425, 61, 122)====
Is IST_0 spanning? : True
Is IST_1 spanning? : True
Is IST_2 spanning? : True
Is IST_3 spanning? : True
Is IST_4 spanning? : True
Is IST_5 spanning? : True
Are all ISTs independent? : True

====TEST CR(426, 61, 122)====
Is IST_0 spanning? : True
Is IST_1 spanning? : True
Is IST_2 spanning? : True
Is IST_3 spanning? : True
Is IST_4 spanning? : True
Is IST_5 spanning? : True
Are all ISTs independent? : True

====TEST CR(427, 61, 122)====
Is IST_0 spanning? : True
Is IST_1 spanning? : True
Is IST_2 spanning? : True
Is IST_3 spanning? : True
Is IST_4 spanning? : True
Is IST_5 spanning? : True
Are all ISTs independent? : True

====TEST CR(428, 61, 122)====
Is IST_0 spanning? : True
Is IST_1 spanning? : True
Is IST_2 spanning? : True
Is IST_3 spanning? : True
Is IST_4 spanning? : True
Is IST_5 spanning? : True
Are all ISTs independent? : True

====TEST CR(429, 61, 122)====
Is IST_0 spanning? : True
Is IST_1 spanning? : True
Is IST_2 spanning? : True
Is IST_3 spanning? : True
Is IST_4 spanning? : True
Is IST_5 spanning? : True
Are all ISTs independent? : True

====TEST CR(430, 61, 122)====
Is IST_0 spanning? : True
Is IST_1 spanning? : True
Is IST_2 spanning? : True
Is IST_3 spanning? : True
Is IST_4 spanning? : True
Is IST_5 spanning? : True
Are all ISTs independent? : True

====TEST CR(431, 61, 122)====
Is IST_0 spanning? : True
Is IST_1 spanning? : True
Is IST_2 spanning? : True
Is IST_3 spanning? : True
Is IST_4 spanning? : True
Is IST_5 spanning? : True
Are all ISTs independent? : True

====TEST CR(432, 61, 122)====
Is IST_0 spanning? : True
Is IST_1 spanning? : True
Is IST_2 spanning? : True
Is IST_3 spanning? : True
Is IST_4 spanning? : True
Is IST_5 spanning? : True
Are all ISTs independent? : True

====TEST CR(433, 61, 122)====
Is IST_0 spanning? : True
Is IST_1 spanning? : True
Is IST_2 spanning? : True
Is IST_3 spanning? : True
Is IST_4 spanning? : True
Is IST_5 spanning? : True
Are all ISTs independent? : True

====TEST CR(434, 61, 122)====
Is IST_0 spanning? : True
Is IST_1 spanning? : True
Is IST_2 spanning? : True
Is IST_3 spanning? : True
Is IST_4 spanning? : True
Is IST_5 spanning? : True
Are all ISTs independent? : True

====TEST CR(435, 61, 122)====
Is IST_0 spanning? : True
Is IST_1 spanning? : True
Is IST_2 spanning? : True
Is IST_3 spanning? : True
Is IST_4 spanning? : True
Is IST_5 spanning? : True
Are all ISTs independent? : True

====TEST CR(436, 61, 122)====
Is IST_0 spanning? : True
Is IST_1 spanning? : True
Is IST_2 spanning? : True
Is IST_3 spanning? : True
Is IST_4 spanning? : True
Is IST_5 spanning? : True
Are all ISTs independent? : True

====TEST CR(437, 61, 122)====
Is IST_0 spanning? : True
Is IST_1 spanning? : True
Is IST_2 spanning? : True
Is IST_3 spanning? : True
Is IST_4 spanning? : True
Is IST_5 spanning? : True
Are all ISTs independent? : True

====TEST CR(438, 61, 122)====
Is IST_0 spanning? : True
Is IST_1 spanning? : True
Is IST_2 spanning? : True
Is IST_3 spanning? : True
Is IST_4 spanning? : True
Is IST_5 spanning? : True
Are all ISTs independent? : True

====TEST CR(439, 61, 122)====
Is IST_0 spanning? : True
Is IST_1 spanning? : True
Is IST_2 spanning? : True
Is IST_3 spanning? : True
Is IST_4 spanning? : True
Is IST_5 spanning? : True
Are all ISTs independent? : True

====TEST CR(440, 61, 122)====
Is IST_0 spanning? : True
Is IST_1 spanning? : True
Is IST_2 spanning? : True
Is IST_3 spanning? : True
Is IST_4 spanning? : True
Is IST_5 spanning? : True
Are all ISTs independent? : True

====TEST CR(441, 61, 122)====
Is IST_0 spanning? : True
Is IST_1 spanning? : True
Is IST_2 spanning? : True
Is IST_3 spanning? : True
Is IST_4 spanning? : True
Is IST_5 spanning? : True
Are all ISTs independent? : True

====TEST CR(442, 61, 122)====
Is IST_0 spanning? : True
Is IST_1 spanning? : True
Is IST_2 spanning? : True
Is IST_3 spanning? : True
Is IST_4 spanning? : True
Is IST_5 spanning? : True
Are all ISTs independent? : True

====TEST CR(443, 61, 122)====
Is IST_0 spanning? : True
Is IST_1 spanning? : True
Is IST_2 spanning? : True
Is IST_3 spanning? : True
Is IST_4 spanning? : True
Is IST_5 spanning? : True
Are all ISTs independent? : True

====TEST CR(444, 61, 122)====
Is IST_0 spanning? : True
Is IST_1 spanning? : True
Is IST_2 spanning? : True
Is IST_3 spanning? : True
Is IST_4 spanning? : True
Is IST_5 spanning? : True
Are all ISTs independent? : True

====TEST CR(445, 61, 122)====
Is IST_0 spanning? : True
Is IST_1 spanning? : True
Is IST_2 spanning? : True
Is IST_3 spanning? : True
Is IST_4 spanning? : True
Is IST_5 spanning? : True
Are all ISTs independent? : True

====TEST CR(446, 61, 122)====
Is IST_0 spanning? : True
Is IST_1 spanning? : True
Is IST_2 spanning? : True
Is IST_3 spanning? : True
Is IST_4 spanning? : True
Is IST_5 spanning? : True
Are all ISTs independent? : True

====TEST CR(447, 61, 122)====
Is IST_0 spanning? : True
Is IST_1 spanning? : True
Is IST_2 spanning? : True
Is IST_3 spanning? : True
Is IST_4 spanning? : True
Is IST_5 spanning? : True
Are all ISTs independent? : True

====TEST CR(448, 61, 122)====
Is IST_0 spanning? : True
Is IST_1 spanning? : True
Is IST_2 spanning? : True
Is IST_3 spanning? : True
Is IST_4 spanning? : True
Is IST_5 spanning? : True
Are all ISTs independent? : True

====TEST CR(449, 61, 122)====
Is IST_0 spanning? : True
Is IST_1 spanning? : True
Is IST_2 spanning? : True
Is IST_3 spanning? : True
Is IST_4 spanning? : True
Is IST_5 spanning? : True
Are all ISTs independent? : True

====TEST CR(450, 61, 122)====
Is IST_0 spanning? : True
Is IST_1 spanning? : True
Is IST_2 spanning? : True
Is IST_3 spanning? : True
Is IST_4 spanning? : True
Is IST_5 spanning? : True
Are all ISTs independent? : True

====TEST CR(451, 61, 122)====
Is IST_0 spanning? : True
Is IST_1 spanning? : True
Is IST_2 spanning? : True
Is IST_3 spanning? : True
Is IST_4 spanning? : True
Is IST_5 spanning? : True
Are all ISTs independent? : True

====TEST CR(452, 61, 122)====
Is IST_0 spanning? : True
Is IST_1 spanning? : True
Is IST_2 spanning? : True
Is IST_3 spanning? : True
Is IST_4 spanning? : True
Is IST_5 spanning? : True
Are all ISTs independent? : True

====TEST CR(453, 61, 122)====
Is IST_0 spanning? : True
Is IST_1 spanning? : True
Is IST_2 spanning? : True
Is IST_3 spanning? : True
Is IST_4 spanning? : True
Is IST_5 spanning? : True
Are all ISTs independent? : True

====TEST CR(454, 61, 122)====
Is IST_0 spanning? : True
Is IST_1 spanning? : True
Is IST_2 spanning? : True
Is IST_3 spanning? : True
Is IST_4 spanning? : True
Is IST_5 spanning? : True
Are all ISTs independent? : True

====TEST CR(455, 61, 122)====
Is IST_0 spanning? : True
Is IST_1 spanning? : True
Is IST_2 spanning? : True
Is IST_3 spanning? : True
Is IST_4 spanning? : True
Is IST_5 spanning? : True
Are all ISTs independent? : True

====TEST CR(456, 61, 122)====
Is IST_0 spanning? : True
Is IST_1 spanning? : True
Is IST_2 spanning? : True
Is IST_3 spanning? : True
Is IST_4 spanning? : True
Is IST_5 spanning? : True
Are all ISTs independent? : True

====TEST CR(457, 61, 122)====
Is IST_0 spanning? : True
Is IST_1 spanning? : True
Is IST_2 spanning? : True
Is IST_3 spanning? : True
Is IST_4 spanning? : True
Is IST_5 spanning? : True
Are all ISTs independent? : True

====TEST CR(458, 61, 122)====
Is IST_0 spanning? : True
Is IST_1 spanning? : True
Is IST_2 spanning? : True
Is IST_3 spanning? : True
Is IST_4 spanning? : True
Is IST_5 spanning? : True
Are all ISTs independent? : True

====TEST CR(459, 61, 122)====
Is IST_0 spanning? : True
Is IST_1 spanning? : True
Is IST_2 spanning? : True
Is IST_3 spanning? : True
Is IST_4 spanning? : True
Is IST_5 spanning? : True
Are all ISTs independent? : True

====TEST CR(460, 61, 122)====
Is IST_0 spanning? : True
Is IST_1 spanning? : True
Is IST_2 spanning? : True
Is IST_3 spanning? : True
Is IST_4 spanning? : True
Is IST_5 spanning? : True
Are all ISTs independent? : True

====TEST CR(461, 61, 122)====
Is IST_0 spanning? : True
Is IST_1 spanning? : True
Is IST_2 spanning? : True
Is IST_3 spanning? : True
Is IST_4 spanning? : True
Is IST_5 spanning? : True
Are all ISTs independent? : True

====TEST CR(462, 61, 122)====
Is IST_0 spanning? : True
Is IST_1 spanning? : True
Is IST_2 spanning? : True
Is IST_3 spanning? : True
Is IST_4 spanning? : True
Is IST_5 spanning? : True
Are all ISTs independent? : True

====TEST CR(463, 61, 122)====
Is IST_0 spanning? : True
Is IST_1 spanning? : True
Is IST_2 spanning? : True
Is IST_3 spanning? : True
Is IST_4 spanning? : True
Is IST_5 spanning? : True
Are all ISTs independent? : True

====TEST CR(464, 61, 122)====
Is IST_0 spanning? : True
Is IST_1 spanning? : True
Is IST_2 spanning? : True
Is IST_3 spanning? : True
Is IST_4 spanning? : True
Is IST_5 spanning? : True
Are all ISTs independent? : True

====TEST CR(465, 61, 122)====
Is IST_0 spanning? : True
Is IST_1 spanning? : True
Is IST_2 spanning? : True
Is IST_3 spanning? : True
Is IST_4 spanning? : True
Is IST_5 spanning? : True
Are all ISTs independent? : True

====TEST CR(466, 61, 122)====
Is IST_0 spanning? : True
Is IST_1 spanning? : True
Is IST_2 spanning? : True
Is IST_3 spanning? : True
Is IST_4 spanning? : True
Is IST_5 spanning? : True
Are all ISTs independent? : True

====TEST CR(467, 61, 122)====
Is IST_0 spanning? : True
Is IST_1 spanning? : True
Is IST_2 spanning? : True
Is IST_3 spanning? : True
Is IST_4 spanning? : True
Is IST_5 spanning? : True
Are all ISTs independent? : True

====TEST CR(468, 61, 122)====
Is IST_0 spanning? : True
Is IST_1 spanning? : True
Is IST_2 spanning? : True
Is IST_3 spanning? : True
Is IST_4 spanning? : True
Is IST_5 spanning? : True
Are all ISTs independent? : True

====TEST CR(469, 61, 122)====
Is IST_0 spanning? : True
Is IST_1 spanning? : True
Is IST_2 spanning? : True
Is IST_3 spanning? : True
Is IST_4 spanning? : True
Is IST_5 spanning? : True
Are all ISTs independent? : True

====TEST CR(470, 61, 122)====
Is IST_0 spanning? : True
Is IST_1 spanning? : True
Is IST_2 spanning? : True
Is IST_3 spanning? : True
Is IST_4 spanning? : True
Is IST_5 spanning? : True
Are all ISTs independent? : True

====TEST CR(471, 61, 122)====
Is IST_0 spanning? : True
Is IST_1 spanning? : True
Is IST_2 spanning? : True
Is IST_3 spanning? : True
Is IST_4 spanning? : True
Is IST_5 spanning? : True
Are all ISTs independent? : True

====TEST CR(472, 61, 122)====
Is IST_0 spanning? : True
Is IST_1 spanning? : True
Is IST_2 spanning? : True
Is IST_3 spanning? : True
Is IST_4 spanning? : True
Is IST_5 spanning? : True
Are all ISTs independent? : True

====TEST CR(473, 61, 122)====
Is IST_0 spanning? : True
Is IST_1 spanning? : True
Is IST_2 spanning? : True
Is IST_3 spanning? : True
Is IST_4 spanning? : True
Is IST_5 spanning? : True
Are all ISTs independent? : True

====TEST CR(474, 61, 122)====
Is IST_0 spanning? : True
Is IST_1 spanning? : True
Is IST_2 spanning? : True
Is IST_3 spanning? : True
Is IST_4 spanning? : True
Is IST_5 spanning? : True
Are all ISTs independent? : True

====TEST CR(475, 61, 122)====
Is IST_0 spanning? : True
Is IST_1 spanning? : True
Is IST_2 spanning? : True
Is IST_3 spanning? : True
Is IST_4 spanning? : True
Is IST_5 spanning? : True
Are all ISTs independent? : True

====TEST CR(476, 61, 122)====
Is IST_0 spanning? : True
Is IST_1 spanning? : True
Is IST_2 spanning? : True
Is IST_3 spanning? : True
Is IST_4 spanning? : True
Is IST_5 spanning? : True
Are all ISTs independent? : True

====TEST CR(477, 61, 122)====
Is IST_0 spanning? : True
Is IST_1 spanning? : True
Is IST_2 spanning? : True
Is IST_3 spanning? : True
Is IST_4 spanning? : True
Is IST_5 spanning? : True
Are all ISTs independent? : True

====TEST CR(478, 61, 122)====
Is IST_0 spanning? : True
Is IST_1 spanning? : True
Is IST_2 spanning? : True
Is IST_3 spanning? : True
Is IST_4 spanning? : True
Is IST_5 spanning? : True
Are all ISTs independent? : True

====TEST CR(479, 61, 122)====
Is IST_0 spanning? : True
Is IST_1 spanning? : True
Is IST_2 spanning? : True
Is IST_3 spanning? : True
Is IST_4 spanning? : True
Is IST_5 spanning? : True
Are all ISTs independent? : True

====TEST CR(480, 61, 122)====
Is IST_0 spanning? : True
Is IST_1 spanning? : True
Is IST_2 spanning? : True
Is IST_3 spanning? : True
Is IST_4 spanning? : True
Is IST_5 spanning? : True
Are all ISTs independent? : True

====TEST CR(481, 61, 122)====
Is IST_0 spanning? : True
Is IST_1 spanning? : True
Is IST_2 spanning? : True
Is IST_3 spanning? : True
Is IST_4 spanning? : True
Is IST_5 spanning? : True
Are all ISTs independent? : True

====TEST CR(482, 61, 122)====
Is IST_0 spanning? : True
Is IST_1 spanning? : True
Is IST_2 spanning? : True
Is IST_3 spanning? : True
Is IST_4 spanning? : True
Is IST_5 spanning? : True
Are all ISTs independent? : True

====TEST CR(483, 61, 122)====
Is IST_0 spanning? : True
Is IST_1 spanning? : True
Is IST_2 spanning? : True
Is IST_3 spanning? : True
Is IST_4 spanning? : True
Is IST_5 spanning? : True
Are all ISTs independent? : True

====TEST CR(484, 61, 122)====
Is IST_0 spanning? : True
Is IST_1 spanning? : True
Is IST_2 spanning? : True
Is IST_3 spanning? : True
Is IST_4 spanning? : True
Is IST_5 spanning? : True
Are all ISTs independent? : True

====TEST CR(485, 61, 122)====
Is IST_0 spanning? : True
Is IST_1 spanning? : True
Is IST_2 spanning? : True
Is IST_3 spanning? : True
Is IST_4 spanning? : True
Is IST_5 spanning? : True
Are all ISTs independent? : True

====TEST CR(486, 61, 122)====
Is IST_0 spanning? : True
Is IST_1 spanning? : True
Is IST_2 spanning? : True
Is IST_3 spanning? : True
Is IST_4 spanning? : True
Is IST_5 spanning? : True
Are all ISTs independent? : True

====TEST CR(487, 61, 122)====
Is IST_0 spanning? : True
Is IST_1 spanning? : True
Is IST_2 spanning? : True
Is IST_3 spanning? : True
Is IST_4 spanning? : True
Is IST_5 spanning? : True
Are all ISTs independent? : True

====TEST CR(488, 61, 122)====
Is IST_0 spanning? : True
Is IST_1 spanning? : True
Is IST_2 spanning? : True
Is IST_3 spanning? : True
Is IST_4 spanning? : True
Is IST_5 spanning? : True
Are all ISTs independent? : True

====TEST CR(489, 61, 122)====
Is IST_0 spanning? : True
Is IST_1 spanning? : True
Is IST_2 spanning? : True
Is IST_3 spanning? : True
Is IST_4 spanning? : True
Is IST_5 spanning? : True
Are all ISTs independent? : True

====TEST CR(490, 61, 122)====
Is IST_0 spanning? : True
Is IST_1 spanning? : True
Is IST_2 spanning? : True
Is IST_3 spanning? : True
Is IST_4 spanning? : True
Is IST_5 spanning? : True
Are all ISTs independent? : True

====TEST CR(491, 61, 122)====
Is IST_0 spanning? : True
Is IST_1 spanning? : True
Is IST_2 spanning? : True
Is IST_3 spanning? : True
Is IST_4 spanning? : True
Is IST_5 spanning? : True
Are all ISTs independent? : True

====TEST CR(492, 61, 122)====
Is IST_0 spanning? : True
Is IST_1 spanning? : True
Is IST_2 spanning? : True
Is IST_3 spanning? : True
Is IST_4 spanning? : True
Is IST_5 spanning? : True
Are all ISTs independent? : True

====TEST CR(493, 61, 122)====
Is IST_0 spanning? : True
Is IST_1 spanning? : True
Is IST_2 spanning? : True
Is IST_3 spanning? : True
Is IST_4 spanning? : True
Is IST_5 spanning? : True
Are all ISTs independent? : True

====TEST CR(494, 61, 122)====
Is IST_0 spanning? : True
Is IST_1 spanning? : True
Is IST_2 spanning? : True
Is IST_3 spanning? : True
Is IST_4 spanning? : True
Is IST_5 spanning? : True
Are all ISTs independent? : True

====TEST CR(372, 62, 124)====
Is IST_0 spanning? : True
Is IST_1 spanning? : True
Is IST_2 spanning? : True
Is IST_3 spanning? : True
Is IST_4 spanning? : True
Is IST_5 spanning? : True
Are all ISTs independent? : True

====TEST CR(373, 62, 124)====
Is IST_0 spanning? : True
Is IST_1 spanning? : True
Is IST_2 spanning? : True
Is IST_3 spanning? : True
Is IST_4 spanning? : True
Is IST_5 spanning? : True
Are all ISTs independent? : True

====TEST CR(374, 62, 124)====
Is IST_0 spanning? : True
Is IST_1 spanning? : True
Is IST_2 spanning? : True
Is IST_3 spanning? : True
Is IST_4 spanning? : True
Is IST_5 spanning? : True
Are all ISTs independent? : True

====TEST CR(375, 62, 124)====
Is IST_0 spanning? : True
Is IST_1 spanning? : True
Is IST_2 spanning? : True
Is IST_3 spanning? : True
Is IST_4 spanning? : True
Is IST_5 spanning? : True
Are all ISTs independent? : True

====TEST CR(376, 62, 124)====
Is IST_0 spanning? : True
Is IST_1 spanning? : True
Is IST_2 spanning? : True
Is IST_3 spanning? : True
Is IST_4 spanning? : True
Is IST_5 spanning? : True
Are all ISTs independent? : True

====TEST CR(377, 62, 124)====
Is IST_0 spanning? : True
Is IST_1 spanning? : True
Is IST_2 spanning? : True
Is IST_3 spanning? : True
Is IST_4 spanning? : True
Is IST_5 spanning? : True
Are all ISTs independent? : True

====TEST CR(378, 62, 124)====
Is IST_0 spanning? : True
Is IST_1 spanning? : True
Is IST_2 spanning? : True
Is IST_3 spanning? : True
Is IST_4 spanning? : True
Is IST_5 spanning? : True
Are all ISTs independent? : True

====TEST CR(379, 62, 124)====
Is IST_0 spanning? : True
Is IST_1 spanning? : True
Is IST_2 spanning? : True
Is IST_3 spanning? : True
Is IST_4 spanning? : True
Is IST_5 spanning? : True
Are all ISTs independent? : True

====TEST CR(380, 62, 124)====
Is IST_0 spanning? : True
Is IST_1 spanning? : True
Is IST_2 spanning? : True
Is IST_3 spanning? : True
Is IST_4 spanning? : True
Is IST_5 spanning? : True
Are all ISTs independent? : True

====TEST CR(381, 62, 124)====
Is IST_0 spanning? : True
Is IST_1 spanning? : True
Is IST_2 spanning? : True
Is IST_3 spanning? : True
Is IST_4 spanning? : True
Is IST_5 spanning? : True
Are all ISTs independent? : True

====TEST CR(382, 62, 124)====
Is IST_0 spanning? : True
Is IST_1 spanning? : True
Is IST_2 spanning? : True
Is IST_3 spanning? : True
Is IST_4 spanning? : True
Is IST_5 spanning? : True
Are all ISTs independent? : True

====TEST CR(383, 62, 124)====
Is IST_0 spanning? : True
Is IST_1 spanning? : True
Is IST_2 spanning? : True
Is IST_3 spanning? : True
Is IST_4 spanning? : True
Is IST_5 spanning? : True
Are all ISTs independent? : True

====TEST CR(384, 62, 124)====
Is IST_0 spanning? : True
Is IST_1 spanning? : True
Is IST_2 spanning? : True
Is IST_3 spanning? : True
Is IST_4 spanning? : True
Is IST_5 spanning? : True
Are all ISTs independent? : True

====TEST CR(385, 62, 124)====
Is IST_0 spanning? : True
Is IST_1 spanning? : True
Is IST_2 spanning? : True
Is IST_3 spanning? : True
Is IST_4 spanning? : True
Is IST_5 spanning? : True
Are all ISTs independent? : True

====TEST CR(386, 62, 124)====
Is IST_0 spanning? : True
Is IST_1 spanning? : True
Is IST_2 spanning? : True
Is IST_3 spanning? : True
Is IST_4 spanning? : True
Is IST_5 spanning? : True
Are all ISTs independent? : True

====TEST CR(387, 62, 124)====
Is IST_0 spanning? : True
Is IST_1 spanning? : True
Is IST_2 spanning? : True
Is IST_3 spanning? : True
Is IST_4 spanning? : True
Is IST_5 spanning? : True
Are all ISTs independent? : True

====TEST CR(388, 62, 124)====
Is IST_0 spanning? : True
Is IST_1 spanning? : True
Is IST_2 spanning? : True
Is IST_3 spanning? : True
Is IST_4 spanning? : True
Is IST_5 spanning? : True
Are all ISTs independent? : True

====TEST CR(389, 62, 124)====
Is IST_0 spanning? : True
Is IST_1 spanning? : True
Is IST_2 spanning? : True
Is IST_3 spanning? : True
Is IST_4 spanning? : True
Is IST_5 spanning? : True
Are all ISTs independent? : True

====TEST CR(390, 62, 124)====
Is IST_0 spanning? : True
Is IST_1 spanning? : True
Is IST_2 spanning? : True
Is IST_3 spanning? : True
Is IST_4 spanning? : True
Is IST_5 spanning? : True
Are all ISTs independent? : True

====TEST CR(391, 62, 124)====
Is IST_0 spanning? : True
Is IST_1 spanning? : True
Is IST_2 spanning? : True
Is IST_3 spanning? : True
Is IST_4 spanning? : True
Is IST_5 spanning? : True
Are all ISTs independent? : True

====TEST CR(392, 62, 124)====
Is IST_0 spanning? : True
Is IST_1 spanning? : True
Is IST_2 spanning? : True
Is IST_3 spanning? : True
Is IST_4 spanning? : True
Is IST_5 spanning? : True
Are all ISTs independent? : True

====TEST CR(393, 62, 124)====
Is IST_0 spanning? : True
Is IST_1 spanning? : True
Is IST_2 spanning? : True
Is IST_3 spanning? : True
Is IST_4 spanning? : True
Is IST_5 spanning? : True
Are all ISTs independent? : True

====TEST CR(394, 62, 124)====
Is IST_0 spanning? : True
Is IST_1 spanning? : True
Is IST_2 spanning? : True
Is IST_3 spanning? : True
Is IST_4 spanning? : True
Is IST_5 spanning? : True
Are all ISTs independent? : True

====TEST CR(395, 62, 124)====
Is IST_0 spanning? : True
Is IST_1 spanning? : True
Is IST_2 spanning? : True
Is IST_3 spanning? : True
Is IST_4 spanning? : True
Is IST_5 spanning? : True
Are all ISTs independent? : True

====TEST CR(396, 62, 124)====
Is IST_0 spanning? : True
Is IST_1 spanning? : True
Is IST_2 spanning? : True
Is IST_3 spanning? : True
Is IST_4 spanning? : True
Is IST_5 spanning? : True
Are all ISTs independent? : True

====TEST CR(397, 62, 124)====
Is IST_0 spanning? : True
Is IST_1 spanning? : True
Is IST_2 spanning? : True
Is IST_3 spanning? : True
Is IST_4 spanning? : True
Is IST_5 spanning? : True
Are all ISTs independent? : True

====TEST CR(398, 62, 124)====
Is IST_0 spanning? : True
Is IST_1 spanning? : True
Is IST_2 spanning? : True
Is IST_3 spanning? : True
Is IST_4 spanning? : True
Is IST_5 spanning? : True
Are all ISTs independent? : True

====TEST CR(399, 62, 124)====
Is IST_0 spanning? : True
Is IST_1 spanning? : True
Is IST_2 spanning? : True
Is IST_3 spanning? : True
Is IST_4 spanning? : True
Is IST_5 spanning? : True
Are all ISTs independent? : True

====TEST CR(400, 62, 124)====
Is IST_0 spanning? : True
Is IST_1 spanning? : True
Is IST_2 spanning? : True
Is IST_3 spanning? : True
Is IST_4 spanning? : True
Is IST_5 spanning? : True
Are all ISTs independent? : True

====TEST CR(401, 62, 124)====
Is IST_0 spanning? : True
Is IST_1 spanning? : True
Is IST_2 spanning? : True
Is IST_3 spanning? : True
Is IST_4 spanning? : True
Is IST_5 spanning? : True
Are all ISTs independent? : True

====TEST CR(402, 62, 124)====
Is IST_0 spanning? : True
Is IST_1 spanning? : True
Is IST_2 spanning? : True
Is IST_3 spanning? : True
Is IST_4 spanning? : True
Is IST_5 spanning? : True
Are all ISTs independent? : True

====TEST CR(403, 62, 124)====
Is IST_0 spanning? : True
Is IST_1 spanning? : True
Is IST_2 spanning? : True
Is IST_3 spanning? : True
Is IST_4 spanning? : True
Is IST_5 spanning? : True
Are all ISTs independent? : True

====TEST CR(404, 62, 124)====
Is IST_0 spanning? : True
Is IST_1 spanning? : True
Is IST_2 spanning? : True
Is IST_3 spanning? : True
Is IST_4 spanning? : True
Is IST_5 spanning? : True
Are all ISTs independent? : True

====TEST CR(405, 62, 124)====
Is IST_0 spanning? : True
Is IST_1 spanning? : True
Is IST_2 spanning? : True
Is IST_3 spanning? : True
Is IST_4 spanning? : True
Is IST_5 spanning? : True
Are all ISTs independent? : True

====TEST CR(406, 62, 124)====
Is IST_0 spanning? : True
Is IST_1 spanning? : True
Is IST_2 spanning? : True
Is IST_3 spanning? : True
Is IST_4 spanning? : True
Is IST_5 spanning? : True
Are all ISTs independent? : True

====TEST CR(407, 62, 124)====
Is IST_0 spanning? : True
Is IST_1 spanning? : True
Is IST_2 spanning? : True
Is IST_3 spanning? : True
Is IST_4 spanning? : True
Is IST_5 spanning? : True
Are all ISTs independent? : True

====TEST CR(408, 62, 124)====
Is IST_0 spanning? : True
Is IST_1 spanning? : True
Is IST_2 spanning? : True
Is IST_3 spanning? : True
Is IST_4 spanning? : True
Is IST_5 spanning? : True
Are all ISTs independent? : True

====TEST CR(409, 62, 124)====
Is IST_0 spanning? : True
Is IST_1 spanning? : True
Is IST_2 spanning? : True
Is IST_3 spanning? : True
Is IST_4 spanning? : True
Is IST_5 spanning? : True
Are all ISTs independent? : True

====TEST CR(410, 62, 124)====
Is IST_0 spanning? : True
Is IST_1 spanning? : True
Is IST_2 spanning? : True
Is IST_3 spanning? : True
Is IST_4 spanning? : True
Is IST_5 spanning? : True
Are all ISTs independent? : True

====TEST CR(411, 62, 124)====
Is IST_0 spanning? : True
Is IST_1 spanning? : True
Is IST_2 spanning? : True
Is IST_3 spanning? : True
Is IST_4 spanning? : True
Is IST_5 spanning? : True
Are all ISTs independent? : True

====TEST CR(412, 62, 124)====
Is IST_0 spanning? : True
Is IST_1 spanning? : True
Is IST_2 spanning? : True
Is IST_3 spanning? : True
Is IST_4 spanning? : True
Is IST_5 spanning? : True
Are all ISTs independent? : True

====TEST CR(413, 62, 124)====
Is IST_0 spanning? : True
Is IST_1 spanning? : True
Is IST_2 spanning? : True
Is IST_3 spanning? : True
Is IST_4 spanning? : True
Is IST_5 spanning? : True
Are all ISTs independent? : True

====TEST CR(414, 62, 124)====
Is IST_0 spanning? : True
Is IST_1 spanning? : True
Is IST_2 spanning? : True
Is IST_3 spanning? : True
Is IST_4 spanning? : True
Is IST_5 spanning? : True
Are all ISTs independent? : True

====TEST CR(415, 62, 124)====
Is IST_0 spanning? : True
Is IST_1 spanning? : True
Is IST_2 spanning? : True
Is IST_3 spanning? : True
Is IST_4 spanning? : True
Is IST_5 spanning? : True
Are all ISTs independent? : True

====TEST CR(416, 62, 124)====
Is IST_0 spanning? : True
Is IST_1 spanning? : True
Is IST_2 spanning? : True
Is IST_3 spanning? : True
Is IST_4 spanning? : True
Is IST_5 spanning? : True
Are all ISTs independent? : True

====TEST CR(417, 62, 124)====
Is IST_0 spanning? : True
Is IST_1 spanning? : True
Is IST_2 spanning? : True
Is IST_3 spanning? : True
Is IST_4 spanning? : True
Is IST_5 spanning? : True
Are all ISTs independent? : True

====TEST CR(418, 62, 124)====
Is IST_0 spanning? : True
Is IST_1 spanning? : True
Is IST_2 spanning? : True
Is IST_3 spanning? : True
Is IST_4 spanning? : True
Is IST_5 spanning? : True
Are all ISTs independent? : True

====TEST CR(419, 62, 124)====
Is IST_0 spanning? : True
Is IST_1 spanning? : True
Is IST_2 spanning? : True
Is IST_3 spanning? : True
Is IST_4 spanning? : True
Is IST_5 spanning? : True
Are all ISTs independent? : True

====TEST CR(420, 62, 124)====
Is IST_0 spanning? : True
Is IST_1 spanning? : True
Is IST_2 spanning? : True
Is IST_3 spanning? : True
Is IST_4 spanning? : True
Is IST_5 spanning? : True
Are all ISTs independent? : True

====TEST CR(421, 62, 124)====
Is IST_0 spanning? : True
Is IST_1 spanning? : True
Is IST_2 spanning? : True
Is IST_3 spanning? : True
Is IST_4 spanning? : True
Is IST_5 spanning? : True
Are all ISTs independent? : True

====TEST CR(422, 62, 124)====
Is IST_0 spanning? : True
Is IST_1 spanning? : True
Is IST_2 spanning? : True
Is IST_3 spanning? : True
Is IST_4 spanning? : True
Is IST_5 spanning? : True
Are all ISTs independent? : True

====TEST CR(423, 62, 124)====
Is IST_0 spanning? : True
Is IST_1 spanning? : True
Is IST_2 spanning? : True
Is IST_3 spanning? : True
Is IST_4 spanning? : True
Is IST_5 spanning? : True
Are all ISTs independent? : True

====TEST CR(424, 62, 124)====
Is IST_0 spanning? : True
Is IST_1 spanning? : True
Is IST_2 spanning? : True
Is IST_3 spanning? : True
Is IST_4 spanning? : True
Is IST_5 spanning? : True
Are all ISTs independent? : True

====TEST CR(425, 62, 124)====
Is IST_0 spanning? : True
Is IST_1 spanning? : True
Is IST_2 spanning? : True
Is IST_3 spanning? : True
Is IST_4 spanning? : True
Is IST_5 spanning? : True
Are all ISTs independent? : True

====TEST CR(426, 62, 124)====
Is IST_0 spanning? : True
Is IST_1 spanning? : True
Is IST_2 spanning? : True
Is IST_3 spanning? : True
Is IST_4 spanning? : True
Is IST_5 spanning? : True
Are all ISTs independent? : True

====TEST CR(427, 62, 124)====
Is IST_0 spanning? : True
Is IST_1 spanning? : True
Is IST_2 spanning? : True
Is IST_3 spanning? : True
Is IST_4 spanning? : True
Is IST_5 spanning? : True
Are all ISTs independent? : True

====TEST CR(428, 62, 124)====
Is IST_0 spanning? : True
Is IST_1 spanning? : True
Is IST_2 spanning? : True
Is IST_3 spanning? : True
Is IST_4 spanning? : True
Is IST_5 spanning? : True
Are all ISTs independent? : True

====TEST CR(429, 62, 124)====
Is IST_0 spanning? : True
Is IST_1 spanning? : True
Is IST_2 spanning? : True
Is IST_3 spanning? : True
Is IST_4 spanning? : True
Is IST_5 spanning? : True
Are all ISTs independent? : True

====TEST CR(430, 62, 124)====
Is IST_0 spanning? : True
Is IST_1 spanning? : True
Is IST_2 spanning? : True
Is IST_3 spanning? : True
Is IST_4 spanning? : True
Is IST_5 spanning? : True
Are all ISTs independent? : True

====TEST CR(431, 62, 124)====
Is IST_0 spanning? : True
Is IST_1 spanning? : True
Is IST_2 spanning? : True
Is IST_3 spanning? : True
Is IST_4 spanning? : True
Is IST_5 spanning? : True
Are all ISTs independent? : True

====TEST CR(432, 62, 124)====
Is IST_0 spanning? : True
Is IST_1 spanning? : True
Is IST_2 spanning? : True
Is IST_3 spanning? : True
Is IST_4 spanning? : True
Is IST_5 spanning? : True
Are all ISTs independent? : True

====TEST CR(433, 62, 124)====
Is IST_0 spanning? : True
Is IST_1 spanning? : True
Is IST_2 spanning? : True
Is IST_3 spanning? : True
Is IST_4 spanning? : True
Is IST_5 spanning? : True
Are all ISTs independent? : True

====TEST CR(434, 62, 124)====
Is IST_0 spanning? : True
Is IST_1 spanning? : True
Is IST_2 spanning? : True
Is IST_3 spanning? : True
Is IST_4 spanning? : True
Is IST_5 spanning? : True
Are all ISTs independent? : True

====TEST CR(435, 62, 124)====
Is IST_0 spanning? : True
Is IST_1 spanning? : True
Is IST_2 spanning? : True
Is IST_3 spanning? : True
Is IST_4 spanning? : True
Is IST_5 spanning? : True
Are all ISTs independent? : True

====TEST CR(436, 62, 124)====
Is IST_0 spanning? : True
Is IST_1 spanning? : True
Is IST_2 spanning? : True
Is IST_3 spanning? : True
Is IST_4 spanning? : True
Is IST_5 spanning? : True
Are all ISTs independent? : True

====TEST CR(437, 62, 124)====
Is IST_0 spanning? : True
Is IST_1 spanning? : True
Is IST_2 spanning? : True
Is IST_3 spanning? : True
Is IST_4 spanning? : True
Is IST_5 spanning? : True
Are all ISTs independent? : True

====TEST CR(438, 62, 124)====
Is IST_0 spanning? : True
Is IST_1 spanning? : True
Is IST_2 spanning? : True
Is IST_3 spanning? : True
Is IST_4 spanning? : True
Is IST_5 spanning? : True
Are all ISTs independent? : True

====TEST CR(439, 62, 124)====
Is IST_0 spanning? : True
Is IST_1 spanning? : True
Is IST_2 spanning? : True
Is IST_3 spanning? : True
Is IST_4 spanning? : True
Is IST_5 spanning? : True
Are all ISTs independent? : True

====TEST CR(440, 62, 124)====
Is IST_0 spanning? : True
Is IST_1 spanning? : True
Is IST_2 spanning? : True
Is IST_3 spanning? : True
Is IST_4 spanning? : True
Is IST_5 spanning? : True
Are all ISTs independent? : True

====TEST CR(441, 62, 124)====
Is IST_0 spanning? : True
Is IST_1 spanning? : True
Is IST_2 spanning? : True
Is IST_3 spanning? : True
Is IST_4 spanning? : True
Is IST_5 spanning? : True
Are all ISTs independent? : True

====TEST CR(442, 62, 124)====
Is IST_0 spanning? : True
Is IST_1 spanning? : True
Is IST_2 spanning? : True
Is IST_3 spanning? : True
Is IST_4 spanning? : True
Is IST_5 spanning? : True
Are all ISTs independent? : True

====TEST CR(443, 62, 124)====
Is IST_0 spanning? : True
Is IST_1 spanning? : True
Is IST_2 spanning? : True
Is IST_3 spanning? : True
Is IST_4 spanning? : True
Is IST_5 spanning? : True
Are all ISTs independent? : True

====TEST CR(444, 62, 124)====
Is IST_0 spanning? : True
Is IST_1 spanning? : True
Is IST_2 spanning? : True
Is IST_3 spanning? : True
Is IST_4 spanning? : True
Is IST_5 spanning? : True
Are all ISTs independent? : True

====TEST CR(445, 62, 124)====
Is IST_0 spanning? : True
Is IST_1 spanning? : True
Is IST_2 spanning? : True
Is IST_3 spanning? : True
Is IST_4 spanning? : True
Is IST_5 spanning? : True
Are all ISTs independent? : True

====TEST CR(446, 62, 124)====
Is IST_0 spanning? : True
Is IST_1 spanning? : True
Is IST_2 spanning? : True
Is IST_3 spanning? : True
Is IST_4 spanning? : True
Is IST_5 spanning? : True
Are all ISTs independent? : True

====TEST CR(447, 62, 124)====
Is IST_0 spanning? : True
Is IST_1 spanning? : True
Is IST_2 spanning? : True
Is IST_3 spanning? : True
Is IST_4 spanning? : True
Is IST_5 spanning? : True
Are all ISTs independent? : True

====TEST CR(448, 62, 124)====
Is IST_0 spanning? : True
Is IST_1 spanning? : True
Is IST_2 spanning? : True
Is IST_3 spanning? : True
Is IST_4 spanning? : True
Is IST_5 spanning? : True
Are all ISTs independent? : True

====TEST CR(449, 62, 124)====
Is IST_0 spanning? : True
Is IST_1 spanning? : True
Is IST_2 spanning? : True
Is IST_3 spanning? : True
Is IST_4 spanning? : True
Is IST_5 spanning? : True
Are all ISTs independent? : True

====TEST CR(450, 62, 124)====
Is IST_0 spanning? : True
Is IST_1 spanning? : True
Is IST_2 spanning? : True
Is IST_3 spanning? : True
Is IST_4 spanning? : True
Is IST_5 spanning? : True
Are all ISTs independent? : True

====TEST CR(451, 62, 124)====
Is IST_0 spanning? : True
Is IST_1 spanning? : True
Is IST_2 spanning? : True
Is IST_3 spanning? : True
Is IST_4 spanning? : True
Is IST_5 spanning? : True
Are all ISTs independent? : True

====TEST CR(452, 62, 124)====
Is IST_0 spanning? : True
Is IST_1 spanning? : True
Is IST_2 spanning? : True
Is IST_3 spanning? : True
Is IST_4 spanning? : True
Is IST_5 spanning? : True
Are all ISTs independent? : True

====TEST CR(453, 62, 124)====
Is IST_0 spanning? : True
Is IST_1 spanning? : True
Is IST_2 spanning? : True
Is IST_3 spanning? : True
Is IST_4 spanning? : True
Is IST_5 spanning? : True
Are all ISTs independent? : True

====TEST CR(454, 62, 124)====
Is IST_0 spanning? : True
Is IST_1 spanning? : True
Is IST_2 spanning? : True
Is IST_3 spanning? : True
Is IST_4 spanning? : True
Is IST_5 spanning? : True
Are all ISTs independent? : True

====TEST CR(455, 62, 124)====
Is IST_0 spanning? : True
Is IST_1 spanning? : True
Is IST_2 spanning? : True
Is IST_3 spanning? : True
Is IST_4 spanning? : True
Is IST_5 spanning? : True
Are all ISTs independent? : True

====TEST CR(456, 62, 124)====
Is IST_0 spanning? : True
Is IST_1 spanning? : True
Is IST_2 spanning? : True
Is IST_3 spanning? : True
Is IST_4 spanning? : True
Is IST_5 spanning? : True
Are all ISTs independent? : True

====TEST CR(457, 62, 124)====
Is IST_0 spanning? : True
Is IST_1 spanning? : True
Is IST_2 spanning? : True
Is IST_3 spanning? : True
Is IST_4 spanning? : True
Is IST_5 spanning? : True
Are all ISTs independent? : True

====TEST CR(458, 62, 124)====
Is IST_0 spanning? : True
Is IST_1 spanning? : True
Is IST_2 spanning? : True
Is IST_3 spanning? : True
Is IST_4 spanning? : True
Is IST_5 spanning? : True
Are all ISTs independent? : True

====TEST CR(459, 62, 124)====
Is IST_0 spanning? : True
Is IST_1 spanning? : True
Is IST_2 spanning? : True
Is IST_3 spanning? : True
Is IST_4 spanning? : True
Is IST_5 spanning? : True
Are all ISTs independent? : True

====TEST CR(460, 62, 124)====
Is IST_0 spanning? : True
Is IST_1 spanning? : True
Is IST_2 spanning? : True
Is IST_3 spanning? : True
Is IST_4 spanning? : True
Is IST_5 spanning? : True
Are all ISTs independent? : True

====TEST CR(461, 62, 124)====
Is IST_0 spanning? : True
Is IST_1 spanning? : True
Is IST_2 spanning? : True
Is IST_3 spanning? : True
Is IST_4 spanning? : True
Is IST_5 spanning? : True
Are all ISTs independent? : True

====TEST CR(462, 62, 124)====
Is IST_0 spanning? : True
Is IST_1 spanning? : True
Is IST_2 spanning? : True
Is IST_3 spanning? : True
Is IST_4 spanning? : True
Is IST_5 spanning? : True
Are all ISTs independent? : True

====TEST CR(463, 62, 124)====
Is IST_0 spanning? : True
Is IST_1 spanning? : True
Is IST_2 spanning? : True
Is IST_3 spanning? : True
Is IST_4 spanning? : True
Is IST_5 spanning? : True
Are all ISTs independent? : True

====TEST CR(464, 62, 124)====
Is IST_0 spanning? : True
Is IST_1 spanning? : True
Is IST_2 spanning? : True
Is IST_3 spanning? : True
Is IST_4 spanning? : True
Is IST_5 spanning? : True
Are all ISTs independent? : True

====TEST CR(465, 62, 124)====
Is IST_0 spanning? : True
Is IST_1 spanning? : True
Is IST_2 spanning? : True
Is IST_3 spanning? : True
Is IST_4 spanning? : True
Is IST_5 spanning? : True
Are all ISTs independent? : True

====TEST CR(466, 62, 124)====
Is IST_0 spanning? : True
Is IST_1 spanning? : True
Is IST_2 spanning? : True
Is IST_3 spanning? : True
Is IST_4 spanning? : True
Is IST_5 spanning? : True
Are all ISTs independent? : True

====TEST CR(467, 62, 124)====
Is IST_0 spanning? : True
Is IST_1 spanning? : True
Is IST_2 spanning? : True
Is IST_3 spanning? : True
Is IST_4 spanning? : True
Is IST_5 spanning? : True
Are all ISTs independent? : True

====TEST CR(468, 62, 124)====
Is IST_0 spanning? : True
Is IST_1 spanning? : True
Is IST_2 spanning? : True
Is IST_3 spanning? : True
Is IST_4 spanning? : True
Is IST_5 spanning? : True
Are all ISTs independent? : True

====TEST CR(469, 62, 124)====
Is IST_0 spanning? : True
Is IST_1 spanning? : True
Is IST_2 spanning? : True
Is IST_3 spanning? : True
Is IST_4 spanning? : True
Is IST_5 spanning? : True
Are all ISTs independent? : True

====TEST CR(470, 62, 124)====
Is IST_0 spanning? : True
Is IST_1 spanning? : True
Is IST_2 spanning? : True
Is IST_3 spanning? : True
Is IST_4 spanning? : True
Is IST_5 spanning? : True
Are all ISTs independent? : True

====TEST CR(471, 62, 124)====
Is IST_0 spanning? : True
Is IST_1 spanning? : True
Is IST_2 spanning? : True
Is IST_3 spanning? : True
Is IST_4 spanning? : True
Is IST_5 spanning? : True
Are all ISTs independent? : True

====TEST CR(472, 62, 124)====
Is IST_0 spanning? : True
Is IST_1 spanning? : True
Is IST_2 spanning? : True
Is IST_3 spanning? : True
Is IST_4 spanning? : True
Is IST_5 spanning? : True
Are all ISTs independent? : True

====TEST CR(473, 62, 124)====
Is IST_0 spanning? : True
Is IST_1 spanning? : True
Is IST_2 spanning? : True
Is IST_3 spanning? : True
Is IST_4 spanning? : True
Is IST_5 spanning? : True
Are all ISTs independent? : True

====TEST CR(474, 62, 124)====
Is IST_0 spanning? : True
Is IST_1 spanning? : True
Is IST_2 spanning? : True
Is IST_3 spanning? : True
Is IST_4 spanning? : True
Is IST_5 spanning? : True
Are all ISTs independent? : True

====TEST CR(475, 62, 124)====
Is IST_0 spanning? : True
Is IST_1 spanning? : True
Is IST_2 spanning? : True
Is IST_3 spanning? : True
Is IST_4 spanning? : True
Is IST_5 spanning? : True
Are all ISTs independent? : True

====TEST CR(476, 62, 124)====
Is IST_0 spanning? : True
Is IST_1 spanning? : True
Is IST_2 spanning? : True
Is IST_3 spanning? : True
Is IST_4 spanning? : True
Is IST_5 spanning? : True
Are all ISTs independent? : True

====TEST CR(477, 62, 124)====
Is IST_0 spanning? : True
Is IST_1 spanning? : True
Is IST_2 spanning? : True
Is IST_3 spanning? : True
Is IST_4 spanning? : True
Is IST_5 spanning? : True
Are all ISTs independent? : True

====TEST CR(478, 62, 124)====
Is IST_0 spanning? : True
Is IST_1 spanning? : True
Is IST_2 spanning? : True
Is IST_3 spanning? : True
Is IST_4 spanning? : True
Is IST_5 spanning? : True
Are all ISTs independent? : True

====TEST CR(479, 62, 124)====
Is IST_0 spanning? : True
Is IST_1 spanning? : True
Is IST_2 spanning? : True
Is IST_3 spanning? : True
Is IST_4 spanning? : True
Is IST_5 spanning? : True
Are all ISTs independent? : True

====TEST CR(480, 62, 124)====
Is IST_0 spanning? : True
Is IST_1 spanning? : True
Is IST_2 spanning? : True
Is IST_3 spanning? : True
Is IST_4 spanning? : True
Is IST_5 spanning? : True
Are all ISTs independent? : True

====TEST CR(481, 62, 124)====
Is IST_0 spanning? : True
Is IST_1 spanning? : True
Is IST_2 spanning? : True
Is IST_3 spanning? : True
Is IST_4 spanning? : True
Is IST_5 spanning? : True
Are all ISTs independent? : True

====TEST CR(482, 62, 124)====
Is IST_0 spanning? : True
Is IST_1 spanning? : True
Is IST_2 spanning? : True
Is IST_3 spanning? : True
Is IST_4 spanning? : True
Is IST_5 spanning? : True
Are all ISTs independent? : True

====TEST CR(483, 62, 124)====
Is IST_0 spanning? : True
Is IST_1 spanning? : True
Is IST_2 spanning? : True
Is IST_3 spanning? : True
Is IST_4 spanning? : True
Is IST_5 spanning? : True
Are all ISTs independent? : True

====TEST CR(484, 62, 124)====
Is IST_0 spanning? : True
Is IST_1 spanning? : True
Is IST_2 spanning? : True
Is IST_3 spanning? : True
Is IST_4 spanning? : True
Is IST_5 spanning? : True
Are all ISTs independent? : True

====TEST CR(485, 62, 124)====
Is IST_0 spanning? : True
Is IST_1 spanning? : True
Is IST_2 spanning? : True
Is IST_3 spanning? : True
Is IST_4 spanning? : True
Is IST_5 spanning? : True
Are all ISTs independent? : True

====TEST CR(486, 62, 124)====
Is IST_0 spanning? : True
Is IST_1 spanning? : True
Is IST_2 spanning? : True
Is IST_3 spanning? : True
Is IST_4 spanning? : True
Is IST_5 spanning? : True
Are all ISTs independent? : True

====TEST CR(487, 62, 124)====
Is IST_0 spanning? : True
Is IST_1 spanning? : True
Is IST_2 spanning? : True
Is IST_3 spanning? : True
Is IST_4 spanning? : True
Is IST_5 spanning? : True
Are all ISTs independent? : True

====TEST CR(488, 62, 124)====
Is IST_0 spanning? : True
Is IST_1 spanning? : True
Is IST_2 spanning? : True
Is IST_3 spanning? : True
Is IST_4 spanning? : True
Is IST_5 spanning? : True
Are all ISTs independent? : True

====TEST CR(489, 62, 124)====
Is IST_0 spanning? : True
Is IST_1 spanning? : True
Is IST_2 spanning? : True
Is IST_3 spanning? : True
Is IST_4 spanning? : True
Is IST_5 spanning? : True
Are all ISTs independent? : True

====TEST CR(490, 62, 124)====
Is IST_0 spanning? : True
Is IST_1 spanning? : True
Is IST_2 spanning? : True
Is IST_3 spanning? : True
Is IST_4 spanning? : True
Is IST_5 spanning? : True
Are all ISTs independent? : True

====TEST CR(491, 62, 124)====
Is IST_0 spanning? : True
Is IST_1 spanning? : True
Is IST_2 spanning? : True
Is IST_3 spanning? : True
Is IST_4 spanning? : True
Is IST_5 spanning? : True
Are all ISTs independent? : True

====TEST CR(492, 62, 124)====
Is IST_0 spanning? : True
Is IST_1 spanning? : True
Is IST_2 spanning? : True
Is IST_3 spanning? : True
Is IST_4 spanning? : True
Is IST_5 spanning? : True
Are all ISTs independent? : True

====TEST CR(493, 62, 124)====
Is IST_0 spanning? : True
Is IST_1 spanning? : True
Is IST_2 spanning? : True
Is IST_3 spanning? : True
Is IST_4 spanning? : True
Is IST_5 spanning? : True
Are all ISTs independent? : True

====TEST CR(494, 62, 124)====
Is IST_0 spanning? : True
Is IST_1 spanning? : True
Is IST_2 spanning? : True
Is IST_3 spanning? : True
Is IST_4 spanning? : True
Is IST_5 spanning? : True
Are all ISTs independent? : True

====TEST CR(495, 62, 124)====
Is IST_0 spanning? : True
Is IST_1 spanning? : True
Is IST_2 spanning? : True
Is IST_3 spanning? : True
Is IST_4 spanning? : True
Is IST_5 spanning? : True
Are all ISTs independent? : True

====TEST CR(496, 62, 124)====
Is IST_0 spanning? : True
Is IST_1 spanning? : True
Is IST_2 spanning? : True
Is IST_3 spanning? : True
Is IST_4 spanning? : True
Is IST_5 spanning? : True
Are all ISTs independent? : True

====TEST CR(497, 62, 124)====
Is IST_0 spanning? : True
Is IST_1 spanning? : True
Is IST_2 spanning? : True
Is IST_3 spanning? : True
Is IST_4 spanning? : True
Is IST_5 spanning? : True
Are all ISTs independent? : True

====TEST CR(498, 62, 124)====
Is IST_0 spanning? : True
Is IST_1 spanning? : True
Is IST_2 spanning? : True
Is IST_3 spanning? : True
Is IST_4 spanning? : True
Is IST_5 spanning? : True
Are all ISTs independent? : True

====TEST CR(499, 62, 124)====
Is IST_0 spanning? : True
Is IST_1 spanning? : True
Is IST_2 spanning? : True
Is IST_3 spanning? : True
Is IST_4 spanning? : True
Is IST_5 spanning? : True
Are all ISTs independent? : True

====TEST CR(500, 62, 124)====
Is IST_0 spanning? : True
Is IST_1 spanning? : True
Is IST_2 spanning? : True
Is IST_3 spanning? : True
Is IST_4 spanning? : True
Is IST_5 spanning? : True
Are all ISTs independent? : True

====TEST CR(378, 63, 126)====
Is IST_0 spanning? : True
Is IST_1 spanning? : True
Is IST_2 spanning? : True
Is IST_3 spanning? : True
Is IST_4 spanning? : True
Is IST_5 spanning? : True
Are all ISTs independent? : True

====TEST CR(379, 63, 126)====
Is IST_0 spanning? : True
Is IST_1 spanning? : True
Is IST_2 spanning? : True
Is IST_3 spanning? : True
Is IST_4 spanning? : True
Is IST_5 spanning? : True
Are all ISTs independent? : True

====TEST CR(380, 63, 126)====
Is IST_0 spanning? : True
Is IST_1 spanning? : True
Is IST_2 spanning? : True
Is IST_3 spanning? : True
Is IST_4 spanning? : True
Is IST_5 spanning? : True
Are all ISTs independent? : True

====TEST CR(381, 63, 126)====
Is IST_0 spanning? : True
Is IST_1 spanning? : True
Is IST_2 spanning? : True
Is IST_3 spanning? : True
Is IST_4 spanning? : True
Is IST_5 spanning? : True
Are all ISTs independent? : True

====TEST CR(382, 63, 126)====
Is IST_0 spanning? : True
Is IST_1 spanning? : True
Is IST_2 spanning? : True
Is IST_3 spanning? : True
Is IST_4 spanning? : True
Is IST_5 spanning? : True
Are all ISTs independent? : True

====TEST CR(383, 63, 126)====
Is IST_0 spanning? : True
Is IST_1 spanning? : True
Is IST_2 spanning? : True
Is IST_3 spanning? : True
Is IST_4 spanning? : True
Is IST_5 spanning? : True
Are all ISTs independent? : True

====TEST CR(384, 63, 126)====
Is IST_0 spanning? : True
Is IST_1 spanning? : True
Is IST_2 spanning? : True
Is IST_3 spanning? : True
Is IST_4 spanning? : True
Is IST_5 spanning? : True
Are all ISTs independent? : True

====TEST CR(385, 63, 126)====
Is IST_0 spanning? : True
Is IST_1 spanning? : True
Is IST_2 spanning? : True
Is IST_3 spanning? : True
Is IST_4 spanning? : True
Is IST_5 spanning? : True
Are all ISTs independent? : True

====TEST CR(386, 63, 126)====
Is IST_0 spanning? : True
Is IST_1 spanning? : True
Is IST_2 spanning? : True
Is IST_3 spanning? : True
Is IST_4 spanning? : True
Is IST_5 spanning? : True
Are all ISTs independent? : True

====TEST CR(387, 63, 126)====
Is IST_0 spanning? : True
Is IST_1 spanning? : True
Is IST_2 spanning? : True
Is IST_3 spanning? : True
Is IST_4 spanning? : True
Is IST_5 spanning? : True
Are all ISTs independent? : True

====TEST CR(388, 63, 126)====
Is IST_0 spanning? : True
Is IST_1 spanning? : True
Is IST_2 spanning? : True
Is IST_3 spanning? : True
Is IST_4 spanning? : True
Is IST_5 spanning? : True
Are all ISTs independent? : True

====TEST CR(389, 63, 126)====
Is IST_0 spanning? : True
Is IST_1 spanning? : True
Is IST_2 spanning? : True
Is IST_3 spanning? : True
Is IST_4 spanning? : True
Is IST_5 spanning? : True
Are all ISTs independent? : True

====TEST CR(390, 63, 126)====
Is IST_0 spanning? : True
Is IST_1 spanning? : True
Is IST_2 spanning? : True
Is IST_3 spanning? : True
Is IST_4 spanning? : True
Is IST_5 spanning? : True
Are all ISTs independent? : True

====TEST CR(391, 63, 126)====
Is IST_0 spanning? : True
Is IST_1 spanning? : True
Is IST_2 spanning? : True
Is IST_3 spanning? : True
Is IST_4 spanning? : True
Is IST_5 spanning? : True
Are all ISTs independent? : True

====TEST CR(392, 63, 126)====
Is IST_0 spanning? : True
Is IST_1 spanning? : True
Is IST_2 spanning? : True
Is IST_3 spanning? : True
Is IST_4 spanning? : True
Is IST_5 spanning? : True
Are all ISTs independent? : True

====TEST CR(393, 63, 126)====
Is IST_0 spanning? : True
Is IST_1 spanning? : True
Is IST_2 spanning? : True
Is IST_3 spanning? : True
Is IST_4 spanning? : True
Is IST_5 spanning? : True
Are all ISTs independent? : True

====TEST CR(394, 63, 126)====
Is IST_0 spanning? : True
Is IST_1 spanning? : True
Is IST_2 spanning? : True
Is IST_3 spanning? : True
Is IST_4 spanning? : True
Is IST_5 spanning? : True
Are all ISTs independent? : True

====TEST CR(395, 63, 126)====
Is IST_0 spanning? : True
Is IST_1 spanning? : True
Is IST_2 spanning? : True
Is IST_3 spanning? : True
Is IST_4 spanning? : True
Is IST_5 spanning? : True
Are all ISTs independent? : True

====TEST CR(396, 63, 126)====
Is IST_0 spanning? : True
Is IST_1 spanning? : True
Is IST_2 spanning? : True
Is IST_3 spanning? : True
Is IST_4 spanning? : True
Is IST_5 spanning? : True
Are all ISTs independent? : True

====TEST CR(397, 63, 126)====
Is IST_0 spanning? : True
Is IST_1 spanning? : True
Is IST_2 spanning? : True
Is IST_3 spanning? : True
Is IST_4 spanning? : True
Is IST_5 spanning? : True
Are all ISTs independent? : True

====TEST CR(398, 63, 126)====
Is IST_0 spanning? : True
Is IST_1 spanning? : True
Is IST_2 spanning? : True
Is IST_3 spanning? : True
Is IST_4 spanning? : True
Is IST_5 spanning? : True
Are all ISTs independent? : True

====TEST CR(399, 63, 126)====
Is IST_0 spanning? : True
Is IST_1 spanning? : True
Is IST_2 spanning? : True
Is IST_3 spanning? : True
Is IST_4 spanning? : True
Is IST_5 spanning? : True
Are all ISTs independent? : True

====TEST CR(400, 63, 126)====
Is IST_0 spanning? : True
Is IST_1 spanning? : True
Is IST_2 spanning? : True
Is IST_3 spanning? : True
Is IST_4 spanning? : True
Is IST_5 spanning? : True
Are all ISTs independent? : True

====TEST CR(401, 63, 126)====
Is IST_0 spanning? : True
Is IST_1 spanning? : True
Is IST_2 spanning? : True
Is IST_3 spanning? : True
Is IST_4 spanning? : True
Is IST_5 spanning? : True
Are all ISTs independent? : True

====TEST CR(402, 63, 126)====
Is IST_0 spanning? : True
Is IST_1 spanning? : True
Is IST_2 spanning? : True
Is IST_3 spanning? : True
Is IST_4 spanning? : True
Is IST_5 spanning? : True
Are all ISTs independent? : True

====TEST CR(403, 63, 126)====
Is IST_0 spanning? : True
Is IST_1 spanning? : True
Is IST_2 spanning? : True
Is IST_3 spanning? : True
Is IST_4 spanning? : True
Is IST_5 spanning? : True
Are all ISTs independent? : True

====TEST CR(404, 63, 126)====
Is IST_0 spanning? : True
Is IST_1 spanning? : True
Is IST_2 spanning? : True
Is IST_3 spanning? : True
Is IST_4 spanning? : True
Is IST_5 spanning? : True
Are all ISTs independent? : True

====TEST CR(405, 63, 126)====
Is IST_0 spanning? : True
Is IST_1 spanning? : True
Is IST_2 spanning? : True
Is IST_3 spanning? : True
Is IST_4 spanning? : True
Is IST_5 spanning? : True
Are all ISTs independent? : True

====TEST CR(406, 63, 126)====
Is IST_0 spanning? : True
Is IST_1 spanning? : True
Is IST_2 spanning? : True
Is IST_3 spanning? : True
Is IST_4 spanning? : True
Is IST_5 spanning? : True
Are all ISTs independent? : True

====TEST CR(407, 63, 126)====
Is IST_0 spanning? : True
Is IST_1 spanning? : True
Is IST_2 spanning? : True
Is IST_3 spanning? : True
Is IST_4 spanning? : True
Is IST_5 spanning? : True
Are all ISTs independent? : True

====TEST CR(408, 63, 126)====
Is IST_0 spanning? : True
Is IST_1 spanning? : True
Is IST_2 spanning? : True
Is IST_3 spanning? : True
Is IST_4 spanning? : True
Is IST_5 spanning? : True
Are all ISTs independent? : True

====TEST CR(409, 63, 126)====
Is IST_0 spanning? : True
Is IST_1 spanning? : True
Is IST_2 spanning? : True
Is IST_3 spanning? : True
Is IST_4 spanning? : True
Is IST_5 spanning? : True
Are all ISTs independent? : True

====TEST CR(410, 63, 126)====
Is IST_0 spanning? : True
Is IST_1 spanning? : True
Is IST_2 spanning? : True
Is IST_3 spanning? : True
Is IST_4 spanning? : True
Is IST_5 spanning? : True
Are all ISTs independent? : True

====TEST CR(411, 63, 126)====
Is IST_0 spanning? : True
Is IST_1 spanning? : True
Is IST_2 spanning? : True
Is IST_3 spanning? : True
Is IST_4 spanning? : True
Is IST_5 spanning? : True
Are all ISTs independent? : True

====TEST CR(412, 63, 126)====
Is IST_0 spanning? : True
Is IST_1 spanning? : True
Is IST_2 spanning? : True
Is IST_3 spanning? : True
Is IST_4 spanning? : True
Is IST_5 spanning? : True
Are all ISTs independent? : True

====TEST CR(413, 63, 126)====
Is IST_0 spanning? : True
Is IST_1 spanning? : True
Is IST_2 spanning? : True
Is IST_3 spanning? : True
Is IST_4 spanning? : True
Is IST_5 spanning? : True
Are all ISTs independent? : True

====TEST CR(414, 63, 126)====
Is IST_0 spanning? : True
Is IST_1 spanning? : True
Is IST_2 spanning? : True
Is IST_3 spanning? : True
Is IST_4 spanning? : True
Is IST_5 spanning? : True
Are all ISTs independent? : True

====TEST CR(415, 63, 126)====
Is IST_0 spanning? : True
Is IST_1 spanning? : True
Is IST_2 spanning? : True
Is IST_3 spanning? : True
Is IST_4 spanning? : True
Is IST_5 spanning? : True
Are all ISTs independent? : True

====TEST CR(416, 63, 126)====
Is IST_0 spanning? : True
Is IST_1 spanning? : True
Is IST_2 spanning? : True
Is IST_3 spanning? : True
Is IST_4 spanning? : True
Is IST_5 spanning? : True
Are all ISTs independent? : True

====TEST CR(417, 63, 126)====
Is IST_0 spanning? : True
Is IST_1 spanning? : True
Is IST_2 spanning? : True
Is IST_3 spanning? : True
Is IST_4 spanning? : True
Is IST_5 spanning? : True
Are all ISTs independent? : True

====TEST CR(418, 63, 126)====
Is IST_0 spanning? : True
Is IST_1 spanning? : True
Is IST_2 spanning? : True
Is IST_3 spanning? : True
Is IST_4 spanning? : True
Is IST_5 spanning? : True
Are all ISTs independent? : True

====TEST CR(419, 63, 126)====
Is IST_0 spanning? : True
Is IST_1 spanning? : True
Is IST_2 spanning? : True
Is IST_3 spanning? : True
Is IST_4 spanning? : True
Is IST_5 spanning? : True
Are all ISTs independent? : True

====TEST CR(420, 63, 126)====
Is IST_0 spanning? : True
Is IST_1 spanning? : True
Is IST_2 spanning? : True
Is IST_3 spanning? : True
Is IST_4 spanning? : True
Is IST_5 spanning? : True
Are all ISTs independent? : True

====TEST CR(421, 63, 126)====
Is IST_0 spanning? : True
Is IST_1 spanning? : True
Is IST_2 spanning? : True
Is IST_3 spanning? : True
Is IST_4 spanning? : True
Is IST_5 spanning? : True
Are all ISTs independent? : True

====TEST CR(422, 63, 126)====
Is IST_0 spanning? : True
Is IST_1 spanning? : True
Is IST_2 spanning? : True
Is IST_3 spanning? : True
Is IST_4 spanning? : True
Is IST_5 spanning? : True
Are all ISTs independent? : True

====TEST CR(423, 63, 126)====
Is IST_0 spanning? : True
Is IST_1 spanning? : True
Is IST_2 spanning? : True
Is IST_3 spanning? : True
Is IST_4 spanning? : True
Is IST_5 spanning? : True
Are all ISTs independent? : True

====TEST CR(424, 63, 126)====
Is IST_0 spanning? : True
Is IST_1 spanning? : True
Is IST_2 spanning? : True
Is IST_3 spanning? : True
Is IST_4 spanning? : True
Is IST_5 spanning? : True
Are all ISTs independent? : True

====TEST CR(425, 63, 126)====
Is IST_0 spanning? : True
Is IST_1 spanning? : True
Is IST_2 spanning? : True
Is IST_3 spanning? : True
Is IST_4 spanning? : True
Is IST_5 spanning? : True
Are all ISTs independent? : True

====TEST CR(426, 63, 126)====
Is IST_0 spanning? : True
Is IST_1 spanning? : True
Is IST_2 spanning? : True
Is IST_3 spanning? : True
Is IST_4 spanning? : True
Is IST_5 spanning? : True
Are all ISTs independent? : True

====TEST CR(427, 63, 126)====
Is IST_0 spanning? : True
Is IST_1 spanning? : True
Is IST_2 spanning? : True
Is IST_3 spanning? : True
Is IST_4 spanning? : True
Is IST_5 spanning? : True
Are all ISTs independent? : True

====TEST CR(428, 63, 126)====
Is IST_0 spanning? : True
Is IST_1 spanning? : True
Is IST_2 spanning? : True
Is IST_3 spanning? : True
Is IST_4 spanning? : True
Is IST_5 spanning? : True
Are all ISTs independent? : True

====TEST CR(429, 63, 126)====
Is IST_0 spanning? : True
Is IST_1 spanning? : True
Is IST_2 spanning? : True
Is IST_3 spanning? : True
Is IST_4 spanning? : True
Is IST_5 spanning? : True
Are all ISTs independent? : True

====TEST CR(430, 63, 126)====
Is IST_0 spanning? : True
Is IST_1 spanning? : True
Is IST_2 spanning? : True
Is IST_3 spanning? : True
Is IST_4 spanning? : True
Is IST_5 spanning? : True
Are all ISTs independent? : True

====TEST CR(431, 63, 126)====
Is IST_0 spanning? : True
Is IST_1 spanning? : True
Is IST_2 spanning? : True
Is IST_3 spanning? : True
Is IST_4 spanning? : True
Is IST_5 spanning? : True
Are all ISTs independent? : True

====TEST CR(432, 63, 126)====
Is IST_0 spanning? : True
Is IST_1 spanning? : True
Is IST_2 spanning? : True
Is IST_3 spanning? : True
Is IST_4 spanning? : True
Is IST_5 spanning? : True
Are all ISTs independent? : True

====TEST CR(433, 63, 126)====
Is IST_0 spanning? : True
Is IST_1 spanning? : True
Is IST_2 spanning? : True
Is IST_3 spanning? : True
Is IST_4 spanning? : True
Is IST_5 spanning? : True
Are all ISTs independent? : True

====TEST CR(434, 63, 126)====
Is IST_0 spanning? : True
Is IST_1 spanning? : True
Is IST_2 spanning? : True
Is IST_3 spanning? : True
Is IST_4 spanning? : True
Is IST_5 spanning? : True
Are all ISTs independent? : True

====TEST CR(435, 63, 126)====
Is IST_0 spanning? : True
Is IST_1 spanning? : True
Is IST_2 spanning? : True
Is IST_3 spanning? : True
Is IST_4 spanning? : True
Is IST_5 spanning? : True
Are all ISTs independent? : True

====TEST CR(436, 63, 126)====
Is IST_0 spanning? : True
Is IST_1 spanning? : True
Is IST_2 spanning? : True
Is IST_3 spanning? : True
Is IST_4 spanning? : True
Is IST_5 spanning? : True
Are all ISTs independent? : True

====TEST CR(437, 63, 126)====
Is IST_0 spanning? : True
Is IST_1 spanning? : True
Is IST_2 spanning? : True
Is IST_3 spanning? : True
Is IST_4 spanning? : True
Is IST_5 spanning? : True
Are all ISTs independent? : True

====TEST CR(438, 63, 126)====
Is IST_0 spanning? : True
Is IST_1 spanning? : True
Is IST_2 spanning? : True
Is IST_3 spanning? : True
Is IST_4 spanning? : True
Is IST_5 spanning? : True
Are all ISTs independent? : True

====TEST CR(439, 63, 126)====
Is IST_0 spanning? : True
Is IST_1 spanning? : True
Is IST_2 spanning? : True
Is IST_3 spanning? : True
Is IST_4 spanning? : True
Is IST_5 spanning? : True
Are all ISTs independent? : True

====TEST CR(440, 63, 126)====
Is IST_0 spanning? : True
Is IST_1 spanning? : True
Is IST_2 spanning? : True
Is IST_3 spanning? : True
Is IST_4 spanning? : True
Is IST_5 spanning? : True
Are all ISTs independent? : True

====TEST CR(441, 63, 126)====
Is IST_0 spanning? : True
Is IST_1 spanning? : True
Is IST_2 spanning? : True
Is IST_3 spanning? : True
Is IST_4 spanning? : True
Is IST_5 spanning? : True
Are all ISTs independent? : True

====TEST CR(442, 63, 126)====
Is IST_0 spanning? : True
Is IST_1 spanning? : True
Is IST_2 spanning? : True
Is IST_3 spanning? : True
Is IST_4 spanning? : True
Is IST_5 spanning? : True
Are all ISTs independent? : True

====TEST CR(443, 63, 126)====
Is IST_0 spanning? : True
Is IST_1 spanning? : True
Is IST_2 spanning? : True
Is IST_3 spanning? : True
Is IST_4 spanning? : True
Is IST_5 spanning? : True
Are all ISTs independent? : True

====TEST CR(444, 63, 126)====
Is IST_0 spanning? : True
Is IST_1 spanning? : True
Is IST_2 spanning? : True
Is IST_3 spanning? : True
Is IST_4 spanning? : True
Is IST_5 spanning? : True
Are all ISTs independent? : True

====TEST CR(445, 63, 126)====
Is IST_0 spanning? : True
Is IST_1 spanning? : True
Is IST_2 spanning? : True
Is IST_3 spanning? : True
Is IST_4 spanning? : True
Is IST_5 spanning? : True
Are all ISTs independent? : True

====TEST CR(446, 63, 126)====
Is IST_0 spanning? : True
Is IST_1 spanning? : True
Is IST_2 spanning? : True
Is IST_3 spanning? : True
Is IST_4 spanning? : True
Is IST_5 spanning? : True
Are all ISTs independent? : True

====TEST CR(447, 63, 126)====
Is IST_0 spanning? : True
Is IST_1 spanning? : True
Is IST_2 spanning? : True
Is IST_3 spanning? : True
Is IST_4 spanning? : True
Is IST_5 spanning? : True
Are all ISTs independent? : True

====TEST CR(448, 63, 126)====
Is IST_0 spanning? : True
Is IST_1 spanning? : True
Is IST_2 spanning? : True
Is IST_3 spanning? : True
Is IST_4 spanning? : True
Is IST_5 spanning? : True
Are all ISTs independent? : True

====TEST CR(449, 63, 126)====
Is IST_0 spanning? : True
Is IST_1 spanning? : True
Is IST_2 spanning? : True
Is IST_3 spanning? : True
Is IST_4 spanning? : True
Is IST_5 spanning? : True
Are all ISTs independent? : True

====TEST CR(450, 63, 126)====
Is IST_0 spanning? : True
Is IST_1 spanning? : True
Is IST_2 spanning? : True
Is IST_3 spanning? : True
Is IST_4 spanning? : True
Is IST_5 spanning? : True
Are all ISTs independent? : True

====TEST CR(451, 63, 126)====
Is IST_0 spanning? : True
Is IST_1 spanning? : True
Is IST_2 spanning? : True
Is IST_3 spanning? : True
Is IST_4 spanning? : True
Is IST_5 spanning? : True
Are all ISTs independent? : True

====TEST CR(452, 63, 126)====
Is IST_0 spanning? : True
Is IST_1 spanning? : True
Is IST_2 spanning? : True
Is IST_3 spanning? : True
Is IST_4 spanning? : True
Is IST_5 spanning? : True
Are all ISTs independent? : True

====TEST CR(453, 63, 126)====
Is IST_0 spanning? : True
Is IST_1 spanning? : True
Is IST_2 spanning? : True
Is IST_3 spanning? : True
Is IST_4 spanning? : True
Is IST_5 spanning? : True
Are all ISTs independent? : True

====TEST CR(454, 63, 126)====
Is IST_0 spanning? : True
Is IST_1 spanning? : True
Is IST_2 spanning? : True
Is IST_3 spanning? : True
Is IST_4 spanning? : True
Is IST_5 spanning? : True
Are all ISTs independent? : True

====TEST CR(455, 63, 126)====
Is IST_0 spanning? : True
Is IST_1 spanning? : True
Is IST_2 spanning? : True
Is IST_3 spanning? : True
Is IST_4 spanning? : True
Is IST_5 spanning? : True
Are all ISTs independent? : True

====TEST CR(456, 63, 126)====
Is IST_0 spanning? : True
Is IST_1 spanning? : True
Is IST_2 spanning? : True
Is IST_3 spanning? : True
Is IST_4 spanning? : True
Is IST_5 spanning? : True
Are all ISTs independent? : True

====TEST CR(457, 63, 126)====
Is IST_0 spanning? : True
Is IST_1 spanning? : True
Is IST_2 spanning? : True
Is IST_3 spanning? : True
Is IST_4 spanning? : True
Is IST_5 spanning? : True
Are all ISTs independent? : True

====TEST CR(458, 63, 126)====
Is IST_0 spanning? : True
Is IST_1 spanning? : True
Is IST_2 spanning? : True
Is IST_3 spanning? : True
Is IST_4 spanning? : True
Is IST_5 spanning? : True
Are all ISTs independent? : True

====TEST CR(459, 63, 126)====
Is IST_0 spanning? : True
Is IST_1 spanning? : True
Is IST_2 spanning? : True
Is IST_3 spanning? : True
Is IST_4 spanning? : True
Is IST_5 spanning? : True
Are all ISTs independent? : True

====TEST CR(460, 63, 126)====
Is IST_0 spanning? : True
Is IST_1 spanning? : True
Is IST_2 spanning? : True
Is IST_3 spanning? : True
Is IST_4 spanning? : True
Is IST_5 spanning? : True
Are all ISTs independent? : True

====TEST CR(461, 63, 126)====
Is IST_0 spanning? : True
Is IST_1 spanning? : True
Is IST_2 spanning? : True
Is IST_3 spanning? : True
Is IST_4 spanning? : True
Is IST_5 spanning? : True
Are all ISTs independent? : True

====TEST CR(462, 63, 126)====
Is IST_0 spanning? : True
Is IST_1 spanning? : True
Is IST_2 spanning? : True
Is IST_3 spanning? : True
Is IST_4 spanning? : True
Is IST_5 spanning? : True
Are all ISTs independent? : True

====TEST CR(463, 63, 126)====
Is IST_0 spanning? : True
Is IST_1 spanning? : True
Is IST_2 spanning? : True
Is IST_3 spanning? : True
Is IST_4 spanning? : True
Is IST_5 spanning? : True
Are all ISTs independent? : True

====TEST CR(464, 63, 126)====
Is IST_0 spanning? : True
Is IST_1 spanning? : True
Is IST_2 spanning? : True
Is IST_3 spanning? : True
Is IST_4 spanning? : True
Is IST_5 spanning? : True
Are all ISTs independent? : True

====TEST CR(465, 63, 126)====
Is IST_0 spanning? : True
Is IST_1 spanning? : True
Is IST_2 spanning? : True
Is IST_3 spanning? : True
Is IST_4 spanning? : True
Is IST_5 spanning? : True
Are all ISTs independent? : True

====TEST CR(466, 63, 126)====
Is IST_0 spanning? : True
Is IST_1 spanning? : True
Is IST_2 spanning? : True
Is IST_3 spanning? : True
Is IST_4 spanning? : True
Is IST_5 spanning? : True
Are all ISTs independent? : True

====TEST CR(467, 63, 126)====
Is IST_0 spanning? : True
Is IST_1 spanning? : True
Is IST_2 spanning? : True
Is IST_3 spanning? : True
Is IST_4 spanning? : True
Is IST_5 spanning? : True
Are all ISTs independent? : True

====TEST CR(468, 63, 126)====
Is IST_0 spanning? : True
Is IST_1 spanning? : True
Is IST_2 spanning? : True
Is IST_3 spanning? : True
Is IST_4 spanning? : True
Is IST_5 spanning? : True
Are all ISTs independent? : True

====TEST CR(469, 63, 126)====
Is IST_0 spanning? : True
Is IST_1 spanning? : True
Is IST_2 spanning? : True
Is IST_3 spanning? : True
Is IST_4 spanning? : True
Is IST_5 spanning? : True
Are all ISTs independent? : True

====TEST CR(470, 63, 126)====
Is IST_0 spanning? : True
Is IST_1 spanning? : True
Is IST_2 spanning? : True
Is IST_3 spanning? : True
Is IST_4 spanning? : True
Is IST_5 spanning? : True
Are all ISTs independent? : True

====TEST CR(471, 63, 126)====
Is IST_0 spanning? : True
Is IST_1 spanning? : True
Is IST_2 spanning? : True
Is IST_3 spanning? : True
Is IST_4 spanning? : True
Is IST_5 spanning? : True
Are all ISTs independent? : True

====TEST CR(472, 63, 126)====
Is IST_0 spanning? : True
Is IST_1 spanning? : True
Is IST_2 spanning? : True
Is IST_3 spanning? : True
Is IST_4 spanning? : True
Is IST_5 spanning? : True
Are all ISTs independent? : True

====TEST CR(473, 63, 126)====
Is IST_0 spanning? : True
Is IST_1 spanning? : True
Is IST_2 spanning? : True
Is IST_3 spanning? : True
Is IST_4 spanning? : True
Is IST_5 spanning? : True
Are all ISTs independent? : True

====TEST CR(474, 63, 126)====
Is IST_0 spanning? : True
Is IST_1 spanning? : True
Is IST_2 spanning? : True
Is IST_3 spanning? : True
Is IST_4 spanning? : True
Is IST_5 spanning? : True
Are all ISTs independent? : True

====TEST CR(475, 63, 126)====
Is IST_0 spanning? : True
Is IST_1 spanning? : True
Is IST_2 spanning? : True
Is IST_3 spanning? : True
Is IST_4 spanning? : True
Is IST_5 spanning? : True
Are all ISTs independent? : True

====TEST CR(476, 63, 126)====
Is IST_0 spanning? : True
Is IST_1 spanning? : True
Is IST_2 spanning? : True
Is IST_3 spanning? : True
Is IST_4 spanning? : True
Is IST_5 spanning? : True
Are all ISTs independent? : True

====TEST CR(477, 63, 126)====
Is IST_0 spanning? : True
Is IST_1 spanning? : True
Is IST_2 spanning? : True
Is IST_3 spanning? : True
Is IST_4 spanning? : True
Is IST_5 spanning? : True
Are all ISTs independent? : True

====TEST CR(478, 63, 126)====
Is IST_0 spanning? : True
Is IST_1 spanning? : True
Is IST_2 spanning? : True
Is IST_3 spanning? : True
Is IST_4 spanning? : True
Is IST_5 spanning? : True
Are all ISTs independent? : True

====TEST CR(479, 63, 126)====
Is IST_0 spanning? : True
Is IST_1 spanning? : True
Is IST_2 spanning? : True
Is IST_3 spanning? : True
Is IST_4 spanning? : True
Is IST_5 spanning? : True
Are all ISTs independent? : True

====TEST CR(480, 63, 126)====
Is IST_0 spanning? : True
Is IST_1 spanning? : True
Is IST_2 spanning? : True
Is IST_3 spanning? : True
Is IST_4 spanning? : True
Is IST_5 spanning? : True
Are all ISTs independent? : True

====TEST CR(481, 63, 126)====
Is IST_0 spanning? : True
Is IST_1 spanning? : True
Is IST_2 spanning? : True
Is IST_3 spanning? : True
Is IST_4 spanning? : True
Is IST_5 spanning? : True
Are all ISTs independent? : True

====TEST CR(482, 63, 126)====
Is IST_0 spanning? : True
Is IST_1 spanning? : True
Is IST_2 spanning? : True
Is IST_3 spanning? : True
Is IST_4 spanning? : True
Is IST_5 spanning? : True
Are all ISTs independent? : True

====TEST CR(483, 63, 126)====
Is IST_0 spanning? : True
Is IST_1 spanning? : True
Is IST_2 spanning? : True
Is IST_3 spanning? : True
Is IST_4 spanning? : True
Is IST_5 spanning? : True
Are all ISTs independent? : True

====TEST CR(484, 63, 126)====
Is IST_0 spanning? : True
Is IST_1 spanning? : True
Is IST_2 spanning? : True
Is IST_3 spanning? : True
Is IST_4 spanning? : True
Is IST_5 spanning? : True
Are all ISTs independent? : True

====TEST CR(485, 63, 126)====
Is IST_0 spanning? : True
Is IST_1 spanning? : True
Is IST_2 spanning? : True
Is IST_3 spanning? : True
Is IST_4 spanning? : True
Is IST_5 spanning? : True
Are all ISTs independent? : True

====TEST CR(486, 63, 126)====
Is IST_0 spanning? : True
Is IST_1 spanning? : True
Is IST_2 spanning? : True
Is IST_3 spanning? : True
Is IST_4 spanning? : True
Is IST_5 spanning? : True
Are all ISTs independent? : True

====TEST CR(487, 63, 126)====
Is IST_0 spanning? : True
Is IST_1 spanning? : True
Is IST_2 spanning? : True
Is IST_3 spanning? : True
Is IST_4 spanning? : True
Is IST_5 spanning? : True
Are all ISTs independent? : True

====TEST CR(488, 63, 126)====
Is IST_0 spanning? : True
Is IST_1 spanning? : True
Is IST_2 spanning? : True
Is IST_3 spanning? : True
Is IST_4 spanning? : True
Is IST_5 spanning? : True
Are all ISTs independent? : True

====TEST CR(489, 63, 126)====
Is IST_0 spanning? : True
Is IST_1 spanning? : True
Is IST_2 spanning? : True
Is IST_3 spanning? : True
Is IST_4 spanning? : True
Is IST_5 spanning? : True
Are all ISTs independent? : True

====TEST CR(490, 63, 126)====
Is IST_0 spanning? : True
Is IST_1 spanning? : True
Is IST_2 spanning? : True
Is IST_3 spanning? : True
Is IST_4 spanning? : True
Is IST_5 spanning? : True
Are all ISTs independent? : True

====TEST CR(491, 63, 126)====
Is IST_0 spanning? : True
Is IST_1 spanning? : True
Is IST_2 spanning? : True
Is IST_3 spanning? : True
Is IST_4 spanning? : True
Is IST_5 spanning? : True
Are all ISTs independent? : True

====TEST CR(492, 63, 126)====
Is IST_0 spanning? : True
Is IST_1 spanning? : True
Is IST_2 spanning? : True
Is IST_3 spanning? : True
Is IST_4 spanning? : True
Is IST_5 spanning? : True
Are all ISTs independent? : True

====TEST CR(493, 63, 126)====
Is IST_0 spanning? : True
Is IST_1 spanning? : True
Is IST_2 spanning? : True
Is IST_3 spanning? : True
Is IST_4 spanning? : True
Is IST_5 spanning? : True
Are all ISTs independent? : True

====TEST CR(494, 63, 126)====
Is IST_0 spanning? : True
Is IST_1 spanning? : True
Is IST_2 spanning? : True
Is IST_3 spanning? : True
Is IST_4 spanning? : True
Is IST_5 spanning? : True
Are all ISTs independent? : True

====TEST CR(495, 63, 126)====
Is IST_0 spanning? : True
Is IST_1 spanning? : True
Is IST_2 spanning? : True
Is IST_3 spanning? : True
Is IST_4 spanning? : True
Is IST_5 spanning? : True
Are all ISTs independent? : True

====TEST CR(496, 63, 126)====
Is IST_0 spanning? : True
Is IST_1 spanning? : True
Is IST_2 spanning? : True
Is IST_3 spanning? : True
Is IST_4 spanning? : True
Is IST_5 spanning? : True
Are all ISTs independent? : True

====TEST CR(497, 63, 126)====
Is IST_0 spanning? : True
Is IST_1 spanning? : True
Is IST_2 spanning? : True
Is IST_3 spanning? : True
Is IST_4 spanning? : True
Is IST_5 spanning? : True
Are all ISTs independent? : True

====TEST CR(498, 63, 126)====
Is IST_0 spanning? : True
Is IST_1 spanning? : True
Is IST_2 spanning? : True
Is IST_3 spanning? : True
Is IST_4 spanning? : True
Is IST_5 spanning? : True
Are all ISTs independent? : True

====TEST CR(499, 63, 126)====
Is IST_0 spanning? : True
Is IST_1 spanning? : True
Is IST_2 spanning? : True
Is IST_3 spanning? : True
Is IST_4 spanning? : True
Is IST_5 spanning? : True
Are all ISTs independent? : True

====TEST CR(500, 63, 126)====
Is IST_0 spanning? : True
Is IST_1 spanning? : True
Is IST_2 spanning? : True
Is IST_3 spanning? : True
Is IST_4 spanning? : True
Is IST_5 spanning? : True
Are all ISTs independent? : True

====TEST CR(501, 63, 126)====
Is IST_0 spanning? : True
Is IST_1 spanning? : True
Is IST_2 spanning? : True
Is IST_3 spanning? : True
Is IST_4 spanning? : True
Is IST_5 spanning? : True
Are all ISTs independent? : True

====TEST CR(502, 63, 126)====
Is IST_0 spanning? : True
Is IST_1 spanning? : True
Is IST_2 spanning? : True
Is IST_3 spanning? : True
Is IST_4 spanning? : True
Is IST_5 spanning? : True
Are all ISTs independent? : True

====TEST CR(503, 63, 126)====
Is IST_0 spanning? : True
Is IST_1 spanning? : True
Is IST_2 spanning? : True
Is IST_3 spanning? : True
Is IST_4 spanning? : True
Is IST_5 spanning? : True
Are all ISTs independent? : True

====TEST CR(504, 63, 126)====
Is IST_0 spanning? : True
Is IST_1 spanning? : True
Is IST_2 spanning? : True
Is IST_3 spanning? : True
Is IST_4 spanning? : True
Is IST_5 spanning? : True
Are all ISTs independent? : True

====TEST CR(505, 63, 126)====
Is IST_0 spanning? : True
Is IST_1 spanning? : True
Is IST_2 spanning? : True
Is IST_3 spanning? : True
Is IST_4 spanning? : True
Is IST_5 spanning? : True
Are all ISTs independent? : True

====TEST CR(506, 63, 126)====
Is IST_0 spanning? : True
Is IST_1 spanning? : True
Is IST_2 spanning? : True
Is IST_3 spanning? : True
Is IST_4 spanning? : True
Is IST_5 spanning? : True
Are all ISTs independent? : True

====TEST CR(384, 64, 128)====
Is IST_0 spanning? : True
Is IST_1 spanning? : True
Is IST_2 spanning? : True
Is IST_3 spanning? : True
Is IST_4 spanning? : True
Is IST_5 spanning? : True
Are all ISTs independent? : True

====TEST CR(385, 64, 128)====
Is IST_0 spanning? : True
Is IST_1 spanning? : True
Is IST_2 spanning? : True
Is IST_3 spanning? : True
Is IST_4 spanning? : True
Is IST_5 spanning? : True
Are all ISTs independent? : True

====TEST CR(386, 64, 128)====
Is IST_0 spanning? : True
Is IST_1 spanning? : True
Is IST_2 spanning? : True
Is IST_3 spanning? : True
Is IST_4 spanning? : True
Is IST_5 spanning? : True
Are all ISTs independent? : True

====TEST CR(387, 64, 128)====
Is IST_0 spanning? : True
Is IST_1 spanning? : True
Is IST_2 spanning? : True
Is IST_3 spanning? : True
Is IST_4 spanning? : True
Is IST_5 spanning? : True
Are all ISTs independent? : True

====TEST CR(388, 64, 128)====
Is IST_0 spanning? : True
Is IST_1 spanning? : True
Is IST_2 spanning? : True
Is IST_3 spanning? : True
Is IST_4 spanning? : True
Is IST_5 spanning? : True
Are all ISTs independent? : True

====TEST CR(389, 64, 128)====
Is IST_0 spanning? : True
Is IST_1 spanning? : True
Is IST_2 spanning? : True
Is IST_3 spanning? : True
Is IST_4 spanning? : True
Is IST_5 spanning? : True
Are all ISTs independent? : True

====TEST CR(390, 64, 128)====
Is IST_0 spanning? : True
Is IST_1 spanning? : True
Is IST_2 spanning? : True
Is IST_3 spanning? : True
Is IST_4 spanning? : True
Is IST_5 spanning? : True
Are all ISTs independent? : True

====TEST CR(391, 64, 128)====
Is IST_0 spanning? : True
Is IST_1 spanning? : True
Is IST_2 spanning? : True
Is IST_3 spanning? : True
Is IST_4 spanning? : True
Is IST_5 spanning? : True
Are all ISTs independent? : True

====TEST CR(392, 64, 128)====
Is IST_0 spanning? : True
Is IST_1 spanning? : True
Is IST_2 spanning? : True
Is IST_3 spanning? : True
Is IST_4 spanning? : True
Is IST_5 spanning? : True
Are all ISTs independent? : True

====TEST CR(393, 64, 128)====
Is IST_0 spanning? : True
Is IST_1 spanning? : True
Is IST_2 spanning? : True
Is IST_3 spanning? : True
Is IST_4 spanning? : True
Is IST_5 spanning? : True
Are all ISTs independent? : True

====TEST CR(394, 64, 128)====
Is IST_0 spanning? : True
Is IST_1 spanning? : True
Is IST_2 spanning? : True
Is IST_3 spanning? : True
Is IST_4 spanning? : True
Is IST_5 spanning? : True
Are all ISTs independent? : True

====TEST CR(395, 64, 128)====
Is IST_0 spanning? : True
Is IST_1 spanning? : True
Is IST_2 spanning? : True
Is IST_3 spanning? : True
Is IST_4 spanning? : True
Is IST_5 spanning? : True
Are all ISTs independent? : True

====TEST CR(396, 64, 128)====
Is IST_0 spanning? : True
Is IST_1 spanning? : True
Is IST_2 spanning? : True
Is IST_3 spanning? : True
Is IST_4 spanning? : True
Is IST_5 spanning? : True
Are all ISTs independent? : True

====TEST CR(397, 64, 128)====
Is IST_0 spanning? : True
Is IST_1 spanning? : True
Is IST_2 spanning? : True
Is IST_3 spanning? : True
Is IST_4 spanning? : True
Is IST_5 spanning? : True
Are all ISTs independent? : True

====TEST CR(398, 64, 128)====
Is IST_0 spanning? : True
Is IST_1 spanning? : True
Is IST_2 spanning? : True
Is IST_3 spanning? : True
Is IST_4 spanning? : True
Is IST_5 spanning? : True
Are all ISTs independent? : True

====TEST CR(399, 64, 128)====
Is IST_0 spanning? : True
Is IST_1 spanning? : True
Is IST_2 spanning? : True
Is IST_3 spanning? : True
Is IST_4 spanning? : True
Is IST_5 spanning? : True
Are all ISTs independent? : True

====TEST CR(400, 64, 128)====
Is IST_0 spanning? : True
Is IST_1 spanning? : True
Is IST_2 spanning? : True
Is IST_3 spanning? : True
Is IST_4 spanning? : True
Is IST_5 spanning? : True
Are all ISTs independent? : True

====TEST CR(401, 64, 128)====
Is IST_0 spanning? : True
Is IST_1 spanning? : True
Is IST_2 spanning? : True
Is IST_3 spanning? : True
Is IST_4 spanning? : True
Is IST_5 spanning? : True
Are all ISTs independent? : True

====TEST CR(402, 64, 128)====
Is IST_0 spanning? : True
Is IST_1 spanning? : True
Is IST_2 spanning? : True
Is IST_3 spanning? : True
Is IST_4 spanning? : True
Is IST_5 spanning? : True
Are all ISTs independent? : True

====TEST CR(403, 64, 128)====
Is IST_0 spanning? : True
Is IST_1 spanning? : True
Is IST_2 spanning? : True
Is IST_3 spanning? : True
Is IST_4 spanning? : True
Is IST_5 spanning? : True
Are all ISTs independent? : True

====TEST CR(404, 64, 128)====
Is IST_0 spanning? : True
Is IST_1 spanning? : True
Is IST_2 spanning? : True
Is IST_3 spanning? : True
Is IST_4 spanning? : True
Is IST_5 spanning? : True
Are all ISTs independent? : True

====TEST CR(405, 64, 128)====
Is IST_0 spanning? : True
Is IST_1 spanning? : True
Is IST_2 spanning? : True
Is IST_3 spanning? : True
Is IST_4 spanning? : True
Is IST_5 spanning? : True
Are all ISTs independent? : True

====TEST CR(406, 64, 128)====
Is IST_0 spanning? : True
Is IST_1 spanning? : True
Is IST_2 spanning? : True
Is IST_3 spanning? : True
Is IST_4 spanning? : True
Is IST_5 spanning? : True
Are all ISTs independent? : True

====TEST CR(407, 64, 128)====
Is IST_0 spanning? : True
Is IST_1 spanning? : True
Is IST_2 spanning? : True
Is IST_3 spanning? : True
Is IST_4 spanning? : True
Is IST_5 spanning? : True
Are all ISTs independent? : True

====TEST CR(408, 64, 128)====
Is IST_0 spanning? : True
Is IST_1 spanning? : True
Is IST_2 spanning? : True
Is IST_3 spanning? : True
Is IST_4 spanning? : True
Is IST_5 spanning? : True
Are all ISTs independent? : True

====TEST CR(409, 64, 128)====
Is IST_0 spanning? : True
Is IST_1 spanning? : True
Is IST_2 spanning? : True
Is IST_3 spanning? : True
Is IST_4 spanning? : True
Is IST_5 spanning? : True
Are all ISTs independent? : True

====TEST CR(410, 64, 128)====
Is IST_0 spanning? : True
Is IST_1 spanning? : True
Is IST_2 spanning? : True
Is IST_3 spanning? : True
Is IST_4 spanning? : True
Is IST_5 spanning? : True
Are all ISTs independent? : True

====TEST CR(411, 64, 128)====
Is IST_0 spanning? : True
Is IST_1 spanning? : True
Is IST_2 spanning? : True
Is IST_3 spanning? : True
Is IST_4 spanning? : True
Is IST_5 spanning? : True
Are all ISTs independent? : True

====TEST CR(412, 64, 128)====
Is IST_0 spanning? : True
Is IST_1 spanning? : True
Is IST_2 spanning? : True
Is IST_3 spanning? : True
Is IST_4 spanning? : True
Is IST_5 spanning? : True
Are all ISTs independent? : True

====TEST CR(413, 64, 128)====
Is IST_0 spanning? : True
Is IST_1 spanning? : True
Is IST_2 spanning? : True
Is IST_3 spanning? : True
Is IST_4 spanning? : True
Is IST_5 spanning? : True
Are all ISTs independent? : True

====TEST CR(414, 64, 128)====
Is IST_0 spanning? : True
Is IST_1 spanning? : True
Is IST_2 spanning? : True
Is IST_3 spanning? : True
Is IST_4 spanning? : True
Is IST_5 spanning? : True
Are all ISTs independent? : True

====TEST CR(415, 64, 128)====
Is IST_0 spanning? : True
Is IST_1 spanning? : True
Is IST_2 spanning? : True
Is IST_3 spanning? : True
Is IST_4 spanning? : True
Is IST_5 spanning? : True
Are all ISTs independent? : True

====TEST CR(416, 64, 128)====
Is IST_0 spanning? : True
Is IST_1 spanning? : True
Is IST_2 spanning? : True
Is IST_3 spanning? : True
Is IST_4 spanning? : True
Is IST_5 spanning? : True
Are all ISTs independent? : True

====TEST CR(417, 64, 128)====
Is IST_0 spanning? : True
Is IST_1 spanning? : True
Is IST_2 spanning? : True
Is IST_3 spanning? : True
Is IST_4 spanning? : True
Is IST_5 spanning? : True
Are all ISTs independent? : True

====TEST CR(418, 64, 128)====
Is IST_0 spanning? : True
Is IST_1 spanning? : True
Is IST_2 spanning? : True
Is IST_3 spanning? : True
Is IST_4 spanning? : True
Is IST_5 spanning? : True
Are all ISTs independent? : True

====TEST CR(419, 64, 128)====
Is IST_0 spanning? : True
Is IST_1 spanning? : True
Is IST_2 spanning? : True
Is IST_3 spanning? : True
Is IST_4 spanning? : True
Is IST_5 spanning? : True
Are all ISTs independent? : True

====TEST CR(420, 64, 128)====
Is IST_0 spanning? : True
Is IST_1 spanning? : True
Is IST_2 spanning? : True
Is IST_3 spanning? : True
Is IST_4 spanning? : True
Is IST_5 spanning? : True
Are all ISTs independent? : True

====TEST CR(421, 64, 128)====
Is IST_0 spanning? : True
Is IST_1 spanning? : True
Is IST_2 spanning? : True
Is IST_3 spanning? : True
Is IST_4 spanning? : True
Is IST_5 spanning? : True
Are all ISTs independent? : True

====TEST CR(422, 64, 128)====
Is IST_0 spanning? : True
Is IST_1 spanning? : True
Is IST_2 spanning? : True
Is IST_3 spanning? : True
Is IST_4 spanning? : True
Is IST_5 spanning? : True
Are all ISTs independent? : True

====TEST CR(423, 64, 128)====
Is IST_0 spanning? : True
Is IST_1 spanning? : True
Is IST_2 spanning? : True
Is IST_3 spanning? : True
Is IST_4 spanning? : True
Is IST_5 spanning? : True
Are all ISTs independent? : True

====TEST CR(424, 64, 128)====
Is IST_0 spanning? : True
Is IST_1 spanning? : True
Is IST_2 spanning? : True
Is IST_3 spanning? : True
Is IST_4 spanning? : True
Is IST_5 spanning? : True
Are all ISTs independent? : True

====TEST CR(425, 64, 128)====
Is IST_0 spanning? : True
Is IST_1 spanning? : True
Is IST_2 spanning? : True
Is IST_3 spanning? : True
Is IST_4 spanning? : True
Is IST_5 spanning? : True
Are all ISTs independent? : True

====TEST CR(426, 64, 128)====
Is IST_0 spanning? : True
Is IST_1 spanning? : True
Is IST_2 spanning? : True
Is IST_3 spanning? : True
Is IST_4 spanning? : True
Is IST_5 spanning? : True
Are all ISTs independent? : True

====TEST CR(427, 64, 128)====
Is IST_0 spanning? : True
Is IST_1 spanning? : True
Is IST_2 spanning? : True
Is IST_3 spanning? : True
Is IST_4 spanning? : True
Is IST_5 spanning? : True
Are all ISTs independent? : True

====TEST CR(428, 64, 128)====
Is IST_0 spanning? : True
Is IST_1 spanning? : True
Is IST_2 spanning? : True
Is IST_3 spanning? : True
Is IST_4 spanning? : True
Is IST_5 spanning? : True
Are all ISTs independent? : True

====TEST CR(429, 64, 128)====
Is IST_0 spanning? : True
Is IST_1 spanning? : True
Is IST_2 spanning? : True
Is IST_3 spanning? : True
Is IST_4 spanning? : True
Is IST_5 spanning? : True
Are all ISTs independent? : True

====TEST CR(430, 64, 128)====
Is IST_0 spanning? : True
Is IST_1 spanning? : True
Is IST_2 spanning? : True
Is IST_3 spanning? : True
Is IST_4 spanning? : True
Is IST_5 spanning? : True
Are all ISTs independent? : True

====TEST CR(431, 64, 128)====
Is IST_0 spanning? : True
Is IST_1 spanning? : True
Is IST_2 spanning? : True
Is IST_3 spanning? : True
Is IST_4 spanning? : True
Is IST_5 spanning? : True
Are all ISTs independent? : True

====TEST CR(432, 64, 128)====
Is IST_0 spanning? : True
Is IST_1 spanning? : True
Is IST_2 spanning? : True
Is IST_3 spanning? : True
Is IST_4 spanning? : True
Is IST_5 spanning? : True
Are all ISTs independent? : True

====TEST CR(433, 64, 128)====
Is IST_0 spanning? : True
Is IST_1 spanning? : True
Is IST_2 spanning? : True
Is IST_3 spanning? : True
Is IST_4 spanning? : True
Is IST_5 spanning? : True
Are all ISTs independent? : True

====TEST CR(434, 64, 128)====
Is IST_0 spanning? : True
Is IST_1 spanning? : True
Is IST_2 spanning? : True
Is IST_3 spanning? : True
Is IST_4 spanning? : True
Is IST_5 spanning? : True
Are all ISTs independent? : True

====TEST CR(435, 64, 128)====
Is IST_0 spanning? : True
Is IST_1 spanning? : True
Is IST_2 spanning? : True
Is IST_3 spanning? : True
Is IST_4 spanning? : True
Is IST_5 spanning? : True
Are all ISTs independent? : True

====TEST CR(436, 64, 128)====
Is IST_0 spanning? : True
Is IST_1 spanning? : True
Is IST_2 spanning? : True
Is IST_3 spanning? : True
Is IST_4 spanning? : True
Is IST_5 spanning? : True
Are all ISTs independent? : True

====TEST CR(437, 64, 128)====
Is IST_0 spanning? : True
Is IST_1 spanning? : True
Is IST_2 spanning? : True
Is IST_3 spanning? : True
Is IST_4 spanning? : True
Is IST_5 spanning? : True
Are all ISTs independent? : True

====TEST CR(438, 64, 128)====
Is IST_0 spanning? : True
Is IST_1 spanning? : True
Is IST_2 spanning? : True
Is IST_3 spanning? : True
Is IST_4 spanning? : True
Is IST_5 spanning? : True
Are all ISTs independent? : True

====TEST CR(439, 64, 128)====
Is IST_0 spanning? : True
Is IST_1 spanning? : True
Is IST_2 spanning? : True
Is IST_3 spanning? : True
Is IST_4 spanning? : True
Is IST_5 spanning? : True
Are all ISTs independent? : True

====TEST CR(440, 64, 128)====
Is IST_0 spanning? : True
Is IST_1 spanning? : True
Is IST_2 spanning? : True
Is IST_3 spanning? : True
Is IST_4 spanning? : True
Is IST_5 spanning? : True
Are all ISTs independent? : True

====TEST CR(441, 64, 128)====
Is IST_0 spanning? : True
Is IST_1 spanning? : True
Is IST_2 spanning? : True
Is IST_3 spanning? : True
Is IST_4 spanning? : True
Is IST_5 spanning? : True
Are all ISTs independent? : True

====TEST CR(442, 64, 128)====
Is IST_0 spanning? : True
Is IST_1 spanning? : True
Is IST_2 spanning? : True
Is IST_3 spanning? : True
Is IST_4 spanning? : True
Is IST_5 spanning? : True
Are all ISTs independent? : True

====TEST CR(443, 64, 128)====
Is IST_0 spanning? : True
Is IST_1 spanning? : True
Is IST_2 spanning? : True
Is IST_3 spanning? : True
Is IST_4 spanning? : True
Is IST_5 spanning? : True
Are all ISTs independent? : True

====TEST CR(444, 64, 128)====
Is IST_0 spanning? : True
Is IST_1 spanning? : True
Is IST_2 spanning? : True
Is IST_3 spanning? : True
Is IST_4 spanning? : True
Is IST_5 spanning? : True
Are all ISTs independent? : True

====TEST CR(445, 64, 128)====
Is IST_0 spanning? : True
Is IST_1 spanning? : True
Is IST_2 spanning? : True
Is IST_3 spanning? : True
Is IST_4 spanning? : True
Is IST_5 spanning? : True
Are all ISTs independent? : True

====TEST CR(446, 64, 128)====
Is IST_0 spanning? : True
Is IST_1 spanning? : True
Is IST_2 spanning? : True
Is IST_3 spanning? : True
Is IST_4 spanning? : True
Is IST_5 spanning? : True
Are all ISTs independent? : True

====TEST CR(447, 64, 128)====
Is IST_0 spanning? : True
Is IST_1 spanning? : True
Is IST_2 spanning? : True
Is IST_3 spanning? : True
Is IST_4 spanning? : True
Is IST_5 spanning? : True
Are all ISTs independent? : True

====TEST CR(448, 64, 128)====
Is IST_0 spanning? : True
Is IST_1 spanning? : True
Is IST_2 spanning? : True
Is IST_3 spanning? : True
Is IST_4 spanning? : True
Is IST_5 spanning? : True
Are all ISTs independent? : True

====TEST CR(449, 64, 128)====
Is IST_0 spanning? : True
Is IST_1 spanning? : True
Is IST_2 spanning? : True
Is IST_3 spanning? : True
Is IST_4 spanning? : True
Is IST_5 spanning? : True
Are all ISTs independent? : True

====TEST CR(450, 64, 128)====
Is IST_0 spanning? : True
Is IST_1 spanning? : True
Is IST_2 spanning? : True
Is IST_3 spanning? : True
Is IST_4 spanning? : True
Is IST_5 spanning? : True
Are all ISTs independent? : True

====TEST CR(451, 64, 128)====
Is IST_0 spanning? : True
Is IST_1 spanning? : True
Is IST_2 spanning? : True
Is IST_3 spanning? : True
Is IST_4 spanning? : True
Is IST_5 spanning? : True
Are all ISTs independent? : True

====TEST CR(452, 64, 128)====
Is IST_0 spanning? : True
Is IST_1 spanning? : True
Is IST_2 spanning? : True
Is IST_3 spanning? : True
Is IST_4 spanning? : True
Is IST_5 spanning? : True
Are all ISTs independent? : True

====TEST CR(453, 64, 128)====
Is IST_0 spanning? : True
Is IST_1 spanning? : True
Is IST_2 spanning? : True
Is IST_3 spanning? : True
Is IST_4 spanning? : True
Is IST_5 spanning? : True
Are all ISTs independent? : True

====TEST CR(454, 64, 128)====
Is IST_0 spanning? : True
Is IST_1 spanning? : True
Is IST_2 spanning? : True
Is IST_3 spanning? : True
Is IST_4 spanning? : True
Is IST_5 spanning? : True
Are all ISTs independent? : True

====TEST CR(455, 64, 128)====
Is IST_0 spanning? : True
Is IST_1 spanning? : True
Is IST_2 spanning? : True
Is IST_3 spanning? : True
Is IST_4 spanning? : True
Is IST_5 spanning? : True
Are all ISTs independent? : True

====TEST CR(456, 64, 128)====
Is IST_0 spanning? : True
Is IST_1 spanning? : True
Is IST_2 spanning? : True
Is IST_3 spanning? : True
Is IST_4 spanning? : True
Is IST_5 spanning? : True
Are all ISTs independent? : True

====TEST CR(457, 64, 128)====
Is IST_0 spanning? : True
Is IST_1 spanning? : True
Is IST_2 spanning? : True
Is IST_3 spanning? : True
Is IST_4 spanning? : True
Is IST_5 spanning? : True
Are all ISTs independent? : True

====TEST CR(458, 64, 128)====
Is IST_0 spanning? : True
Is IST_1 spanning? : True
Is IST_2 spanning? : True
Is IST_3 spanning? : True
Is IST_4 spanning? : True
Is IST_5 spanning? : True
Are all ISTs independent? : True

====TEST CR(459, 64, 128)====
Is IST_0 spanning? : True
Is IST_1 spanning? : True
Is IST_2 spanning? : True
Is IST_3 spanning? : True
Is IST_4 spanning? : True
Is IST_5 spanning? : True
Are all ISTs independent? : True

====TEST CR(460, 64, 128)====
Is IST_0 spanning? : True
Is IST_1 spanning? : True
Is IST_2 spanning? : True
Is IST_3 spanning? : True
Is IST_4 spanning? : True
Is IST_5 spanning? : True
Are all ISTs independent? : True

====TEST CR(461, 64, 128)====
Is IST_0 spanning? : True
Is IST_1 spanning? : True
Is IST_2 spanning? : True
Is IST_3 spanning? : True
Is IST_4 spanning? : True
Is IST_5 spanning? : True
Are all ISTs independent? : True

====TEST CR(462, 64, 128)====
Is IST_0 spanning? : True
Is IST_1 spanning? : True
Is IST_2 spanning? : True
Is IST_3 spanning? : True
Is IST_4 spanning? : True
Is IST_5 spanning? : True
Are all ISTs independent? : True

====TEST CR(463, 64, 128)====
Is IST_0 spanning? : True
Is IST_1 spanning? : True
Is IST_2 spanning? : True
Is IST_3 spanning? : True
Is IST_4 spanning? : True
Is IST_5 spanning? : True
Are all ISTs independent? : True

====TEST CR(464, 64, 128)====
Is IST_0 spanning? : True
Is IST_1 spanning? : True
Is IST_2 spanning? : True
Is IST_3 spanning? : True
Is IST_4 spanning? : True
Is IST_5 spanning? : True
Are all ISTs independent? : True

====TEST CR(465, 64, 128)====
Is IST_0 spanning? : True
Is IST_1 spanning? : True
Is IST_2 spanning? : True
Is IST_3 spanning? : True
Is IST_4 spanning? : True
Is IST_5 spanning? : True
Are all ISTs independent? : True

====TEST CR(466, 64, 128)====
Is IST_0 spanning? : True
Is IST_1 spanning? : True
Is IST_2 spanning? : True
Is IST_3 spanning? : True
Is IST_4 spanning? : True
Is IST_5 spanning? : True
Are all ISTs independent? : True

====TEST CR(467, 64, 128)====
Is IST_0 spanning? : True
Is IST_1 spanning? : True
Is IST_2 spanning? : True
Is IST_3 spanning? : True
Is IST_4 spanning? : True
Is IST_5 spanning? : True
Are all ISTs independent? : True

====TEST CR(468, 64, 128)====
Is IST_0 spanning? : True
Is IST_1 spanning? : True
Is IST_2 spanning? : True
Is IST_3 spanning? : True
Is IST_4 spanning? : True
Is IST_5 spanning? : True
Are all ISTs independent? : True

====TEST CR(469, 64, 128)====
Is IST_0 spanning? : True
Is IST_1 spanning? : True
Is IST_2 spanning? : True
Is IST_3 spanning? : True
Is IST_4 spanning? : True
Is IST_5 spanning? : True
Are all ISTs independent? : True

====TEST CR(470, 64, 128)====
Is IST_0 spanning? : True
Is IST_1 spanning? : True
Is IST_2 spanning? : True
Is IST_3 spanning? : True
Is IST_4 spanning? : True
Is IST_5 spanning? : True
Are all ISTs independent? : True

====TEST CR(471, 64, 128)====
Is IST_0 spanning? : True
Is IST_1 spanning? : True
Is IST_2 spanning? : True
Is IST_3 spanning? : True
Is IST_4 spanning? : True
Is IST_5 spanning? : True
Are all ISTs independent? : True

====TEST CR(472, 64, 128)====
Is IST_0 spanning? : True
Is IST_1 spanning? : True
Is IST_2 spanning? : True
Is IST_3 spanning? : True
Is IST_4 spanning? : True
Is IST_5 spanning? : True
Are all ISTs independent? : True

====TEST CR(473, 64, 128)====
Is IST_0 spanning? : True
Is IST_1 spanning? : True
Is IST_2 spanning? : True
Is IST_3 spanning? : True
Is IST_4 spanning? : True
Is IST_5 spanning? : True
Are all ISTs independent? : True

====TEST CR(474, 64, 128)====
Is IST_0 spanning? : True
Is IST_1 spanning? : True
Is IST_2 spanning? : True
Is IST_3 spanning? : True
Is IST_4 spanning? : True
Is IST_5 spanning? : True
Are all ISTs independent? : True

====TEST CR(475, 64, 128)====
Is IST_0 spanning? : True
Is IST_1 spanning? : True
Is IST_2 spanning? : True
Is IST_3 spanning? : True
Is IST_4 spanning? : True
Is IST_5 spanning? : True
Are all ISTs independent? : True

====TEST CR(476, 64, 128)====
Is IST_0 spanning? : True
Is IST_1 spanning? : True
Is IST_2 spanning? : True
Is IST_3 spanning? : True
Is IST_4 spanning? : True
Is IST_5 spanning? : True
Are all ISTs independent? : True

====TEST CR(477, 64, 128)====
Is IST_0 spanning? : True
Is IST_1 spanning? : True
Is IST_2 spanning? : True
Is IST_3 spanning? : True
Is IST_4 spanning? : True
Is IST_5 spanning? : True
Are all ISTs independent? : True

====TEST CR(478, 64, 128)====
Is IST_0 spanning? : True
Is IST_1 spanning? : True
Is IST_2 spanning? : True
Is IST_3 spanning? : True
Is IST_4 spanning? : True
Is IST_5 spanning? : True
Are all ISTs independent? : True

====TEST CR(479, 64, 128)====
Is IST_0 spanning? : True
Is IST_1 spanning? : True
Is IST_2 spanning? : True
Is IST_3 spanning? : True
Is IST_4 spanning? : True
Is IST_5 spanning? : True
Are all ISTs independent? : True

====TEST CR(480, 64, 128)====
Is IST_0 spanning? : True
Is IST_1 spanning? : True
Is IST_2 spanning? : True
Is IST_3 spanning? : True
Is IST_4 spanning? : True
Is IST_5 spanning? : True
Are all ISTs independent? : True

====TEST CR(481, 64, 128)====
Is IST_0 spanning? : True
Is IST_1 spanning? : True
Is IST_2 spanning? : True
Is IST_3 spanning? : True
Is IST_4 spanning? : True
Is IST_5 spanning? : True
Are all ISTs independent? : True

====TEST CR(482, 64, 128)====
Is IST_0 spanning? : True
Is IST_1 spanning? : True
Is IST_2 spanning? : True
Is IST_3 spanning? : True
Is IST_4 spanning? : True
Is IST_5 spanning? : True
Are all ISTs independent? : True

====TEST CR(483, 64, 128)====
Is IST_0 spanning? : True
Is IST_1 spanning? : True
Is IST_2 spanning? : True
Is IST_3 spanning? : True
Is IST_4 spanning? : True
Is IST_5 spanning? : True
Are all ISTs independent? : True

====TEST CR(484, 64, 128)====
Is IST_0 spanning? : True
Is IST_1 spanning? : True
Is IST_2 spanning? : True
Is IST_3 spanning? : True
Is IST_4 spanning? : True
Is IST_5 spanning? : True
Are all ISTs independent? : True

====TEST CR(485, 64, 128)====
Is IST_0 spanning? : True
Is IST_1 spanning? : True
Is IST_2 spanning? : True
Is IST_3 spanning? : True
Is IST_4 spanning? : True
Is IST_5 spanning? : True
Are all ISTs independent? : True

====TEST CR(486, 64, 128)====
Is IST_0 spanning? : True
Is IST_1 spanning? : True
Is IST_2 spanning? : True
Is IST_3 spanning? : True
Is IST_4 spanning? : True
Is IST_5 spanning? : True
Are all ISTs independent? : True

====TEST CR(487, 64, 128)====
Is IST_0 spanning? : True
Is IST_1 spanning? : True
Is IST_2 spanning? : True
Is IST_3 spanning? : True
Is IST_4 spanning? : True
Is IST_5 spanning? : True
Are all ISTs independent? : True

====TEST CR(488, 64, 128)====
Is IST_0 spanning? : True
Is IST_1 spanning? : True
Is IST_2 spanning? : True
Is IST_3 spanning? : True
Is IST_4 spanning? : True
Is IST_5 spanning? : True
Are all ISTs independent? : True

====TEST CR(489, 64, 128)====
Is IST_0 spanning? : True
Is IST_1 spanning? : True
Is IST_2 spanning? : True
Is IST_3 spanning? : True
Is IST_4 spanning? : True
Is IST_5 spanning? : True
Are all ISTs independent? : True

====TEST CR(490, 64, 128)====
Is IST_0 spanning? : True
Is IST_1 spanning? : True
Is IST_2 spanning? : True
Is IST_3 spanning? : True
Is IST_4 spanning? : True
Is IST_5 spanning? : True
Are all ISTs independent? : True

====TEST CR(491, 64, 128)====
Is IST_0 spanning? : True
Is IST_1 spanning? : True
Is IST_2 spanning? : True
Is IST_3 spanning? : True
Is IST_4 spanning? : True
Is IST_5 spanning? : True
Are all ISTs independent? : True

====TEST CR(492, 64, 128)====
Is IST_0 spanning? : True
Is IST_1 spanning? : True
Is IST_2 spanning? : True
Is IST_3 spanning? : True
Is IST_4 spanning? : True
Is IST_5 spanning? : True
Are all ISTs independent? : True

====TEST CR(493, 64, 128)====
Is IST_0 spanning? : True
Is IST_1 spanning? : True
Is IST_2 spanning? : True
Is IST_3 spanning? : True
Is IST_4 spanning? : True
Is IST_5 spanning? : True
Are all ISTs independent? : True

====TEST CR(494, 64, 128)====
Is IST_0 spanning? : True
Is IST_1 spanning? : True
Is IST_2 spanning? : True
Is IST_3 spanning? : True
Is IST_4 spanning? : True
Is IST_5 spanning? : True
Are all ISTs independent? : True

====TEST CR(495, 64, 128)====
Is IST_0 spanning? : True
Is IST_1 spanning? : True
Is IST_2 spanning? : True
Is IST_3 spanning? : True
Is IST_4 spanning? : True
Is IST_5 spanning? : True
Are all ISTs independent? : True

====TEST CR(496, 64, 128)====
Is IST_0 spanning? : True
Is IST_1 spanning? : True
Is IST_2 spanning? : True
Is IST_3 spanning? : True
Is IST_4 spanning? : True
Is IST_5 spanning? : True
Are all ISTs independent? : True

====TEST CR(497, 64, 128)====
Is IST_0 spanning? : True
Is IST_1 spanning? : True
Is IST_2 spanning? : True
Is IST_3 spanning? : True
Is IST_4 spanning? : True
Is IST_5 spanning? : True
Are all ISTs independent? : True

====TEST CR(498, 64, 128)====
Is IST_0 spanning? : True
Is IST_1 spanning? : True
Is IST_2 spanning? : True
Is IST_3 spanning? : True
Is IST_4 spanning? : True
Is IST_5 spanning? : True
Are all ISTs independent? : True

====TEST CR(499, 64, 128)====
Is IST_0 spanning? : True
Is IST_1 spanning? : True
Is IST_2 spanning? : True
Is IST_3 spanning? : True
Is IST_4 spanning? : True
Is IST_5 spanning? : True
Are all ISTs independent? : True

====TEST CR(500, 64, 128)====
Is IST_0 spanning? : True
Is IST_1 spanning? : True
Is IST_2 spanning? : True
Is IST_3 spanning? : True
Is IST_4 spanning? : True
Is IST_5 spanning? : True
Are all ISTs independent? : True

====TEST CR(501, 64, 128)====
Is IST_0 spanning? : True
Is IST_1 spanning? : True
Is IST_2 spanning? : True
Is IST_3 spanning? : True
Is IST_4 spanning? : True
Is IST_5 spanning? : True
Are all ISTs independent? : True

====TEST CR(502, 64, 128)====
Is IST_0 spanning? : True
Is IST_1 spanning? : True
Is IST_2 spanning? : True
Is IST_3 spanning? : True
Is IST_4 spanning? : True
Is IST_5 spanning? : True
Are all ISTs independent? : True

====TEST CR(503, 64, 128)====
Is IST_0 spanning? : True
Is IST_1 spanning? : True
Is IST_2 spanning? : True
Is IST_3 spanning? : True
Is IST_4 spanning? : True
Is IST_5 spanning? : True
Are all ISTs independent? : True

====TEST CR(504, 64, 128)====
Is IST_0 spanning? : True
Is IST_1 spanning? : True
Is IST_2 spanning? : True
Is IST_3 spanning? : True
Is IST_4 spanning? : True
Is IST_5 spanning? : True
Are all ISTs independent? : True

====TEST CR(505, 64, 128)====
Is IST_0 spanning? : True
Is IST_1 spanning? : True
Is IST_2 spanning? : True
Is IST_3 spanning? : True
Is IST_4 spanning? : True
Is IST_5 spanning? : True
Are all ISTs independent? : True

====TEST CR(506, 64, 128)====
Is IST_0 spanning? : True
Is IST_1 spanning? : True
Is IST_2 spanning? : True
Is IST_3 spanning? : True
Is IST_4 spanning? : True
Is IST_5 spanning? : True
Are all ISTs independent? : True

====TEST CR(507, 64, 128)====
Is IST_0 spanning? : True
Is IST_1 spanning? : True
Is IST_2 spanning? : True
Is IST_3 spanning? : True
Is IST_4 spanning? : True
Is IST_5 spanning? : True
Are all ISTs independent? : True

====TEST CR(508, 64, 128)====
Is IST_0 spanning? : True
Is IST_1 spanning? : True
Is IST_2 spanning? : True
Is IST_3 spanning? : True
Is IST_4 spanning? : True
Is IST_5 spanning? : True
Are all ISTs independent? : True

====TEST CR(509, 64, 128)====
Is IST_0 spanning? : True
Is IST_1 spanning? : True
Is IST_2 spanning? : True
Is IST_3 spanning? : True
Is IST_4 spanning? : True
Is IST_5 spanning? : True
Are all ISTs independent? : True

====TEST CR(510, 64, 128)====
Is IST_0 spanning? : True
Is IST_1 spanning? : True
Is IST_2 spanning? : True
Is IST_3 spanning? : True
Is IST_4 spanning? : True
Is IST_5 spanning? : True
Are all ISTs independent? : True

====TEST CR(511, 64, 128)====
Is IST_0 spanning? : True
Is IST_1 spanning? : True
Is IST_2 spanning? : True
Is IST_3 spanning? : True
Is IST_4 spanning? : True
Is IST_5 spanning? : True
Are all ISTs independent? : True

====TEST CR(512, 64, 128)====
Is IST_0 spanning? : True
Is IST_1 spanning? : True
Is IST_2 spanning? : True
Is IST_3 spanning? : True
Is IST_4 spanning? : True
Is IST_5 spanning? : True
Are all ISTs independent? : True

====TEST CR(390, 65, 130)====
Is IST_0 spanning? : True
Is IST_1 spanning? : True
Is IST_2 spanning? : True
Is IST_3 spanning? : True
Is IST_4 spanning? : True
Is IST_5 spanning? : True
Are all ISTs independent? : True

====TEST CR(391, 65, 130)====
Is IST_0 spanning? : True
Is IST_1 spanning? : True
Is IST_2 spanning? : True
Is IST_3 spanning? : True
Is IST_4 spanning? : True
Is IST_5 spanning? : True
Are all ISTs independent? : True

====TEST CR(392, 65, 130)====
Is IST_0 spanning? : True
Is IST_1 spanning? : True
Is IST_2 spanning? : True
Is IST_3 spanning? : True
Is IST_4 spanning? : True
Is IST_5 spanning? : True
Are all ISTs independent? : True

====TEST CR(393, 65, 130)====
Is IST_0 spanning? : True
Is IST_1 spanning? : True
Is IST_2 spanning? : True
Is IST_3 spanning? : True
Is IST_4 spanning? : True
Is IST_5 spanning? : True
Are all ISTs independent? : True

====TEST CR(394, 65, 130)====
Is IST_0 spanning? : True
Is IST_1 spanning? : True
Is IST_2 spanning? : True
Is IST_3 spanning? : True
Is IST_4 spanning? : True
Is IST_5 spanning? : True
Are all ISTs independent? : True

====TEST CR(395, 65, 130)====
Is IST_0 spanning? : True
Is IST_1 spanning? : True
Is IST_2 spanning? : True
Is IST_3 spanning? : True
Is IST_4 spanning? : True
Is IST_5 spanning? : True
Are all ISTs independent? : True

====TEST CR(396, 65, 130)====
Is IST_0 spanning? : True
Is IST_1 spanning? : True
Is IST_2 spanning? : True
Is IST_3 spanning? : True
Is IST_4 spanning? : True
Is IST_5 spanning? : True
Are all ISTs independent? : True

====TEST CR(397, 65, 130)====
Is IST_0 spanning? : True
Is IST_1 spanning? : True
Is IST_2 spanning? : True
Is IST_3 spanning? : True
Is IST_4 spanning? : True
Is IST_5 spanning? : True
Are all ISTs independent? : True

====TEST CR(398, 65, 130)====
Is IST_0 spanning? : True
Is IST_1 spanning? : True
Is IST_2 spanning? : True
Is IST_3 spanning? : True
Is IST_4 spanning? : True
Is IST_5 spanning? : True
Are all ISTs independent? : True

====TEST CR(399, 65, 130)====
Is IST_0 spanning? : True
Is IST_1 spanning? : True
Is IST_2 spanning? : True
Is IST_3 spanning? : True
Is IST_4 spanning? : True
Is IST_5 spanning? : True
Are all ISTs independent? : True

====TEST CR(400, 65, 130)====
Is IST_0 spanning? : True
Is IST_1 spanning? : True
Is IST_2 spanning? : True
Is IST_3 spanning? : True
Is IST_4 spanning? : True
Is IST_5 spanning? : True
Are all ISTs independent? : True

====TEST CR(401, 65, 130)====
Is IST_0 spanning? : True
Is IST_1 spanning? : True
Is IST_2 spanning? : True
Is IST_3 spanning? : True
Is IST_4 spanning? : True
Is IST_5 spanning? : True
Are all ISTs independent? : True

====TEST CR(402, 65, 130)====
Is IST_0 spanning? : True
Is IST_1 spanning? : True
Is IST_2 spanning? : True
Is IST_3 spanning? : True
Is IST_4 spanning? : True
Is IST_5 spanning? : True
Are all ISTs independent? : True

====TEST CR(403, 65, 130)====
Is IST_0 spanning? : True
Is IST_1 spanning? : True
Is IST_2 spanning? : True
Is IST_3 spanning? : True
Is IST_4 spanning? : True
Is IST_5 spanning? : True
Are all ISTs independent? : True

====TEST CR(404, 65, 130)====
Is IST_0 spanning? : True
Is IST_1 spanning? : True
Is IST_2 spanning? : True
Is IST_3 spanning? : True
Is IST_4 spanning? : True
Is IST_5 spanning? : True
Are all ISTs independent? : True

====TEST CR(405, 65, 130)====
Is IST_0 spanning? : True
Is IST_1 spanning? : True
Is IST_2 spanning? : True
Is IST_3 spanning? : True
Is IST_4 spanning? : True
Is IST_5 spanning? : True
Are all ISTs independent? : True

====TEST CR(406, 65, 130)====
Is IST_0 spanning? : True
Is IST_1 spanning? : True
Is IST_2 spanning? : True
Is IST_3 spanning? : True
Is IST_4 spanning? : True
Is IST_5 spanning? : True
Are all ISTs independent? : True

====TEST CR(407, 65, 130)====
Is IST_0 spanning? : True
Is IST_1 spanning? : True
Is IST_2 spanning? : True
Is IST_3 spanning? : True
Is IST_4 spanning? : True
Is IST_5 spanning? : True
Are all ISTs independent? : True

====TEST CR(408, 65, 130)====
Is IST_0 spanning? : True
Is IST_1 spanning? : True
Is IST_2 spanning? : True
Is IST_3 spanning? : True
Is IST_4 spanning? : True
Is IST_5 spanning? : True
Are all ISTs independent? : True

====TEST CR(409, 65, 130)====
Is IST_0 spanning? : True
Is IST_1 spanning? : True
Is IST_2 spanning? : True
Is IST_3 spanning? : True
Is IST_4 spanning? : True
Is IST_5 spanning? : True
Are all ISTs independent? : True

====TEST CR(410, 65, 130)====
Is IST_0 spanning? : True
Is IST_1 spanning? : True
Is IST_2 spanning? : True
Is IST_3 spanning? : True
Is IST_4 spanning? : True
Is IST_5 spanning? : True
Are all ISTs independent? : True

====TEST CR(411, 65, 130)====
Is IST_0 spanning? : True
Is IST_1 spanning? : True
Is IST_2 spanning? : True
Is IST_3 spanning? : True
Is IST_4 spanning? : True
Is IST_5 spanning? : True
Are all ISTs independent? : True

====TEST CR(412, 65, 130)====
Is IST_0 spanning? : True
Is IST_1 spanning? : True
Is IST_2 spanning? : True
Is IST_3 spanning? : True
Is IST_4 spanning? : True
Is IST_5 spanning? : True
Are all ISTs independent? : True

====TEST CR(413, 65, 130)====
Is IST_0 spanning? : True
Is IST_1 spanning? : True
Is IST_2 spanning? : True
Is IST_3 spanning? : True
Is IST_4 spanning? : True
Is IST_5 spanning? : True
Are all ISTs independent? : True

====TEST CR(414, 65, 130)====
Is IST_0 spanning? : True
Is IST_1 spanning? : True
Is IST_2 spanning? : True
Is IST_3 spanning? : True
Is IST_4 spanning? : True
Is IST_5 spanning? : True
Are all ISTs independent? : True

====TEST CR(415, 65, 130)====
Is IST_0 spanning? : True
Is IST_1 spanning? : True
Is IST_2 spanning? : True
Is IST_3 spanning? : True
Is IST_4 spanning? : True
Is IST_5 spanning? : True
Are all ISTs independent? : True

====TEST CR(416, 65, 130)====
Is IST_0 spanning? : True
Is IST_1 spanning? : True
Is IST_2 spanning? : True
Is IST_3 spanning? : True
Is IST_4 spanning? : True
Is IST_5 spanning? : True
Are all ISTs independent? : True

====TEST CR(417, 65, 130)====
Is IST_0 spanning? : True
Is IST_1 spanning? : True
Is IST_2 spanning? : True
Is IST_3 spanning? : True
Is IST_4 spanning? : True
Is IST_5 spanning? : True
Are all ISTs independent? : True

====TEST CR(418, 65, 130)====
Is IST_0 spanning? : True
Is IST_1 spanning? : True
Is IST_2 spanning? : True
Is IST_3 spanning? : True
Is IST_4 spanning? : True
Is IST_5 spanning? : True
Are all ISTs independent? : True

====TEST CR(419, 65, 130)====
Is IST_0 spanning? : True
Is IST_1 spanning? : True
Is IST_2 spanning? : True
Is IST_3 spanning? : True
Is IST_4 spanning? : True
Is IST_5 spanning? : True
Are all ISTs independent? : True

====TEST CR(420, 65, 130)====
Is IST_0 spanning? : True
Is IST_1 spanning? : True
Is IST_2 spanning? : True
Is IST_3 spanning? : True
Is IST_4 spanning? : True
Is IST_5 spanning? : True
Are all ISTs independent? : True

====TEST CR(421, 65, 130)====
Is IST_0 spanning? : True
Is IST_1 spanning? : True
Is IST_2 spanning? : True
Is IST_3 spanning? : True
Is IST_4 spanning? : True
Is IST_5 spanning? : True
Are all ISTs independent? : True

====TEST CR(422, 65, 130)====
Is IST_0 spanning? : True
Is IST_1 spanning? : True
Is IST_2 spanning? : True
Is IST_3 spanning? : True
Is IST_4 spanning? : True
Is IST_5 spanning? : True
Are all ISTs independent? : True

====TEST CR(423, 65, 130)====
Is IST_0 spanning? : True
Is IST_1 spanning? : True
Is IST_2 spanning? : True
Is IST_3 spanning? : True
Is IST_4 spanning? : True
Is IST_5 spanning? : True
Are all ISTs independent? : True

====TEST CR(424, 65, 130)====
Is IST_0 spanning? : True
Is IST_1 spanning? : True
Is IST_2 spanning? : True
Is IST_3 spanning? : True
Is IST_4 spanning? : True
Is IST_5 spanning? : True
Are all ISTs independent? : True

====TEST CR(425, 65, 130)====
Is IST_0 spanning? : True
Is IST_1 spanning? : True
Is IST_2 spanning? : True
Is IST_3 spanning? : True
Is IST_4 spanning? : True
Is IST_5 spanning? : True
Are all ISTs independent? : True

====TEST CR(426, 65, 130)====
Is IST_0 spanning? : True
Is IST_1 spanning? : True
Is IST_2 spanning? : True
Is IST_3 spanning? : True
Is IST_4 spanning? : True
Is IST_5 spanning? : True
Are all ISTs independent? : True

====TEST CR(427, 65, 130)====
Is IST_0 spanning? : True
Is IST_1 spanning? : True
Is IST_2 spanning? : True
Is IST_3 spanning? : True
Is IST_4 spanning? : True
Is IST_5 spanning? : True
Are all ISTs independent? : True

====TEST CR(428, 65, 130)====
Is IST_0 spanning? : True
Is IST_1 spanning? : True
Is IST_2 spanning? : True
Is IST_3 spanning? : True
Is IST_4 spanning? : True
Is IST_5 spanning? : True
Are all ISTs independent? : True

====TEST CR(429, 65, 130)====
Is IST_0 spanning? : True
Is IST_1 spanning? : True
Is IST_2 spanning? : True
Is IST_3 spanning? : True
Is IST_4 spanning? : True
Is IST_5 spanning? : True
Are all ISTs independent? : True

====TEST CR(430, 65, 130)====
Is IST_0 spanning? : True
Is IST_1 spanning? : True
Is IST_2 spanning? : True
Is IST_3 spanning? : True
Is IST_4 spanning? : True
Is IST_5 spanning? : True
Are all ISTs independent? : True

====TEST CR(431, 65, 130)====
Is IST_0 spanning? : True
Is IST_1 spanning? : True
Is IST_2 spanning? : True
Is IST_3 spanning? : True
Is IST_4 spanning? : True
Is IST_5 spanning? : True
Are all ISTs independent? : True

====TEST CR(432, 65, 130)====
Is IST_0 spanning? : True
Is IST_1 spanning? : True
Is IST_2 spanning? : True
Is IST_3 spanning? : True
Is IST_4 spanning? : True
Is IST_5 spanning? : True
Are all ISTs independent? : True

====TEST CR(433, 65, 130)====
Is IST_0 spanning? : True
Is IST_1 spanning? : True
Is IST_2 spanning? : True
Is IST_3 spanning? : True
Is IST_4 spanning? : True
Is IST_5 spanning? : True
Are all ISTs independent? : True

====TEST CR(434, 65, 130)====
Is IST_0 spanning? : True
Is IST_1 spanning? : True
Is IST_2 spanning? : True
Is IST_3 spanning? : True
Is IST_4 spanning? : True
Is IST_5 spanning? : True
Are all ISTs independent? : True

====TEST CR(435, 65, 130)====
Is IST_0 spanning? : True
Is IST_1 spanning? : True
Is IST_2 spanning? : True
Is IST_3 spanning? : True
Is IST_4 spanning? : True
Is IST_5 spanning? : True
Are all ISTs independent? : True

====TEST CR(436, 65, 130)====
Is IST_0 spanning? : True
Is IST_1 spanning? : True
Is IST_2 spanning? : True
Is IST_3 spanning? : True
Is IST_4 spanning? : True
Is IST_5 spanning? : True
Are all ISTs independent? : True

====TEST CR(437, 65, 130)====
Is IST_0 spanning? : True
Is IST_1 spanning? : True
Is IST_2 spanning? : True
Is IST_3 spanning? : True
Is IST_4 spanning? : True
Is IST_5 spanning? : True
Are all ISTs independent? : True

====TEST CR(438, 65, 130)====
Is IST_0 spanning? : True
Is IST_1 spanning? : True
Is IST_2 spanning? : True
Is IST_3 spanning? : True
Is IST_4 spanning? : True
Is IST_5 spanning? : True
Are all ISTs independent? : True

====TEST CR(439, 65, 130)====
Is IST_0 spanning? : True
Is IST_1 spanning? : True
Is IST_2 spanning? : True
Is IST_3 spanning? : True
Is IST_4 spanning? : True
Is IST_5 spanning? : True
Are all ISTs independent? : True

====TEST CR(440, 65, 130)====
Is IST_0 spanning? : True
Is IST_1 spanning? : True
Is IST_2 spanning? : True
Is IST_3 spanning? : True
Is IST_4 spanning? : True
Is IST_5 spanning? : True
Are all ISTs independent? : True

====TEST CR(441, 65, 130)====
Is IST_0 spanning? : True
Is IST_1 spanning? : True
Is IST_2 spanning? : True
Is IST_3 spanning? : True
Is IST_4 spanning? : True
Is IST_5 spanning? : True
Are all ISTs independent? : True

====TEST CR(442, 65, 130)====
Is IST_0 spanning? : True
Is IST_1 spanning? : True
Is IST_2 spanning? : True
Is IST_3 spanning? : True
Is IST_4 spanning? : True
Is IST_5 spanning? : True
Are all ISTs independent? : True

====TEST CR(443, 65, 130)====
Is IST_0 spanning? : True
Is IST_1 spanning? : True
Is IST_2 spanning? : True
Is IST_3 spanning? : True
Is IST_4 spanning? : True
Is IST_5 spanning? : True
Are all ISTs independent? : True

====TEST CR(444, 65, 130)====
Is IST_0 spanning? : True
Is IST_1 spanning? : True
Is IST_2 spanning? : True
Is IST_3 spanning? : True
Is IST_4 spanning? : True
Is IST_5 spanning? : True
Are all ISTs independent? : True

====TEST CR(445, 65, 130)====
Is IST_0 spanning? : True
Is IST_1 spanning? : True
Is IST_2 spanning? : True
Is IST_3 spanning? : True
Is IST_4 spanning? : True
Is IST_5 spanning? : True
Are all ISTs independent? : True

====TEST CR(446, 65, 130)====
Is IST_0 spanning? : True
Is IST_1 spanning? : True
Is IST_2 spanning? : True
Is IST_3 spanning? : True
Is IST_4 spanning? : True
Is IST_5 spanning? : True
Are all ISTs independent? : True

====TEST CR(447, 65, 130)====
Is IST_0 spanning? : True
Is IST_1 spanning? : True
Is IST_2 spanning? : True
Is IST_3 spanning? : True
Is IST_4 spanning? : True
Is IST_5 spanning? : True
Are all ISTs independent? : True

====TEST CR(448, 65, 130)====
Is IST_0 spanning? : True
Is IST_1 spanning? : True
Is IST_2 spanning? : True
Is IST_3 spanning? : True
Is IST_4 spanning? : True
Is IST_5 spanning? : True
Are all ISTs independent? : True

====TEST CR(449, 65, 130)====
Is IST_0 spanning? : True
Is IST_1 spanning? : True
Is IST_2 spanning? : True
Is IST_3 spanning? : True
Is IST_4 spanning? : True
Is IST_5 spanning? : True
Are all ISTs independent? : True

====TEST CR(450, 65, 130)====
Is IST_0 spanning? : True
Is IST_1 spanning? : True
Is IST_2 spanning? : True
Is IST_3 spanning? : True
Is IST_4 spanning? : True
Is IST_5 spanning? : True
Are all ISTs independent? : True

====TEST CR(451, 65, 130)====
Is IST_0 spanning? : True
Is IST_1 spanning? : True
Is IST_2 spanning? : True
Is IST_3 spanning? : True
Is IST_4 spanning? : True
Is IST_5 spanning? : True
Are all ISTs independent? : True

====TEST CR(452, 65, 130)====
Is IST_0 spanning? : True
Is IST_1 spanning? : True
Is IST_2 spanning? : True
Is IST_3 spanning? : True
Is IST_4 spanning? : True
Is IST_5 spanning? : True
Are all ISTs independent? : True

====TEST CR(453, 65, 130)====
Is IST_0 spanning? : True
Is IST_1 spanning? : True
Is IST_2 spanning? : True
Is IST_3 spanning? : True
Is IST_4 spanning? : True
Is IST_5 spanning? : True
Are all ISTs independent? : True

====TEST CR(454, 65, 130)====
Is IST_0 spanning? : True
Is IST_1 spanning? : True
Is IST_2 spanning? : True
Is IST_3 spanning? : True
Is IST_4 spanning? : True
Is IST_5 spanning? : True
Are all ISTs independent? : True

====TEST CR(455, 65, 130)====
Is IST_0 spanning? : True
Is IST_1 spanning? : True
Is IST_2 spanning? : True
Is IST_3 spanning? : True
Is IST_4 spanning? : True
Is IST_5 spanning? : True
Are all ISTs independent? : True

====TEST CR(456, 65, 130)====
Is IST_0 spanning? : True
Is IST_1 spanning? : True
Is IST_2 spanning? : True
Is IST_3 spanning? : True
Is IST_4 spanning? : True
Is IST_5 spanning? : True
Are all ISTs independent? : True

====TEST CR(457, 65, 130)====
Is IST_0 spanning? : True
Is IST_1 spanning? : True
Is IST_2 spanning? : True
Is IST_3 spanning? : True
Is IST_4 spanning? : True
Is IST_5 spanning? : True
Are all ISTs independent? : True

====TEST CR(458, 65, 130)====
Is IST_0 spanning? : True
Is IST_1 spanning? : True
Is IST_2 spanning? : True
Is IST_3 spanning? : True
Is IST_4 spanning? : True
Is IST_5 spanning? : True
Are all ISTs independent? : True

====TEST CR(459, 65, 130)====
Is IST_0 spanning? : True
Is IST_1 spanning? : True
Is IST_2 spanning? : True
Is IST_3 spanning? : True
Is IST_4 spanning? : True
Is IST_5 spanning? : True
Are all ISTs independent? : True

====TEST CR(460, 65, 130)====
Is IST_0 spanning? : True
Is IST_1 spanning? : True
Is IST_2 spanning? : True
Is IST_3 spanning? : True
Is IST_4 spanning? : True
Is IST_5 spanning? : True
Are all ISTs independent? : True

====TEST CR(461, 65, 130)====
Is IST_0 spanning? : True
Is IST_1 spanning? : True
Is IST_2 spanning? : True
Is IST_3 spanning? : True
Is IST_4 spanning? : True
Is IST_5 spanning? : True
Are all ISTs independent? : True

====TEST CR(462, 65, 130)====
Is IST_0 spanning? : True
Is IST_1 spanning? : True
Is IST_2 spanning? : True
Is IST_3 spanning? : True
Is IST_4 spanning? : True
Is IST_5 spanning? : True
Are all ISTs independent? : True

====TEST CR(463, 65, 130)====
Is IST_0 spanning? : True
Is IST_1 spanning? : True
Is IST_2 spanning? : True
Is IST_3 spanning? : True
Is IST_4 spanning? : True
Is IST_5 spanning? : True
Are all ISTs independent? : True

====TEST CR(464, 65, 130)====
Is IST_0 spanning? : True
Is IST_1 spanning? : True
Is IST_2 spanning? : True
Is IST_3 spanning? : True
Is IST_4 spanning? : True
Is IST_5 spanning? : True
Are all ISTs independent? : True

====TEST CR(465, 65, 130)====
Is IST_0 spanning? : True
Is IST_1 spanning? : True
Is IST_2 spanning? : True
Is IST_3 spanning? : True
Is IST_4 spanning? : True
Is IST_5 spanning? : True
Are all ISTs independent? : True

====TEST CR(466, 65, 130)====
Is IST_0 spanning? : True
Is IST_1 spanning? : True
Is IST_2 spanning? : True
Is IST_3 spanning? : True
Is IST_4 spanning? : True
Is IST_5 spanning? : True
Are all ISTs independent? : True

====TEST CR(467, 65, 130)====
Is IST_0 spanning? : True
Is IST_1 spanning? : True
Is IST_2 spanning? : True
Is IST_3 spanning? : True
Is IST_4 spanning? : True
Is IST_5 spanning? : True
Are all ISTs independent? : True

====TEST CR(468, 65, 130)====
Is IST_0 spanning? : True
Is IST_1 spanning? : True
Is IST_2 spanning? : True
Is IST_3 spanning? : True
Is IST_4 spanning? : True
Is IST_5 spanning? : True
Are all ISTs independent? : True

====TEST CR(469, 65, 130)====
Is IST_0 spanning? : True
Is IST_1 spanning? : True
Is IST_2 spanning? : True
Is IST_3 spanning? : True
Is IST_4 spanning? : True
Is IST_5 spanning? : True
Are all ISTs independent? : True

====TEST CR(470, 65, 130)====
Is IST_0 spanning? : True
Is IST_1 spanning? : True
Is IST_2 spanning? : True
Is IST_3 spanning? : True
Is IST_4 spanning? : True
Is IST_5 spanning? : True
Are all ISTs independent? : True

====TEST CR(471, 65, 130)====
Is IST_0 spanning? : True
Is IST_1 spanning? : True
Is IST_2 spanning? : True
Is IST_3 spanning? : True
Is IST_4 spanning? : True
Is IST_5 spanning? : True
Are all ISTs independent? : True

====TEST CR(472, 65, 130)====
Is IST_0 spanning? : True
Is IST_1 spanning? : True
Is IST_2 spanning? : True
Is IST_3 spanning? : True
Is IST_4 spanning? : True
Is IST_5 spanning? : True
Are all ISTs independent? : True

====TEST CR(473, 65, 130)====
Is IST_0 spanning? : True
Is IST_1 spanning? : True
Is IST_2 spanning? : True
Is IST_3 spanning? : True
Is IST_4 spanning? : True
Is IST_5 spanning? : True
Are all ISTs independent? : True

====TEST CR(474, 65, 130)====
Is IST_0 spanning? : True
Is IST_1 spanning? : True
Is IST_2 spanning? : True
Is IST_3 spanning? : True
Is IST_4 spanning? : True
Is IST_5 spanning? : True
Are all ISTs independent? : True

====TEST CR(475, 65, 130)====
Is IST_0 spanning? : True
Is IST_1 spanning? : True
Is IST_2 spanning? : True
Is IST_3 spanning? : True
Is IST_4 spanning? : True
Is IST_5 spanning? : True
Are all ISTs independent? : True

====TEST CR(476, 65, 130)====
Is IST_0 spanning? : True
Is IST_1 spanning? : True
Is IST_2 spanning? : True
Is IST_3 spanning? : True
Is IST_4 spanning? : True
Is IST_5 spanning? : True
Are all ISTs independent? : True

====TEST CR(477, 65, 130)====
Is IST_0 spanning? : True
Is IST_1 spanning? : True
Is IST_2 spanning? : True
Is IST_3 spanning? : True
Is IST_4 spanning? : True
Is IST_5 spanning? : True
Are all ISTs independent? : True

====TEST CR(478, 65, 130)====
Is IST_0 spanning? : True
Is IST_1 spanning? : True
Is IST_2 spanning? : True
Is IST_3 spanning? : True
Is IST_4 spanning? : True
Is IST_5 spanning? : True
Are all ISTs independent? : True

====TEST CR(479, 65, 130)====
Is IST_0 spanning? : True
Is IST_1 spanning? : True
Is IST_2 spanning? : True
Is IST_3 spanning? : True
Is IST_4 spanning? : True
Is IST_5 spanning? : True
Are all ISTs independent? : True

====TEST CR(480, 65, 130)====
Is IST_0 spanning? : True
Is IST_1 spanning? : True
Is IST_2 spanning? : True
Is IST_3 spanning? : True
Is IST_4 spanning? : True
Is IST_5 spanning? : True
Are all ISTs independent? : True

====TEST CR(481, 65, 130)====
Is IST_0 spanning? : True
Is IST_1 spanning? : True
Is IST_2 spanning? : True
Is IST_3 spanning? : True
Is IST_4 spanning? : True
Is IST_5 spanning? : True
Are all ISTs independent? : True

====TEST CR(482, 65, 130)====
Is IST_0 spanning? : True
Is IST_1 spanning? : True
Is IST_2 spanning? : True
Is IST_3 spanning? : True
Is IST_4 spanning? : True
Is IST_5 spanning? : True
Are all ISTs independent? : True

====TEST CR(483, 65, 130)====
Is IST_0 spanning? : True
Is IST_1 spanning? : True
Is IST_2 spanning? : True
Is IST_3 spanning? : True
Is IST_4 spanning? : True
Is IST_5 spanning? : True
Are all ISTs independent? : True

====TEST CR(484, 65, 130)====
Is IST_0 spanning? : True
Is IST_1 spanning? : True
Is IST_2 spanning? : True
Is IST_3 spanning? : True
Is IST_4 spanning? : True
Is IST_5 spanning? : True
Are all ISTs independent? : True

====TEST CR(485, 65, 130)====
Is IST_0 spanning? : True
Is IST_1 spanning? : True
Is IST_2 spanning? : True
Is IST_3 spanning? : True
Is IST_4 spanning? : True
Is IST_5 spanning? : True
Are all ISTs independent? : True

====TEST CR(486, 65, 130)====
Is IST_0 spanning? : True
Is IST_1 spanning? : True
Is IST_2 spanning? : True
Is IST_3 spanning? : True
Is IST_4 spanning? : True
Is IST_5 spanning? : True
Are all ISTs independent? : True

====TEST CR(487, 65, 130)====
Is IST_0 spanning? : True
Is IST_1 spanning? : True
Is IST_2 spanning? : True
Is IST_3 spanning? : True
Is IST_4 spanning? : True
Is IST_5 spanning? : True
Are all ISTs independent? : True

====TEST CR(488, 65, 130)====
Is IST_0 spanning? : True
Is IST_1 spanning? : True
Is IST_2 spanning? : True
Is IST_3 spanning? : True
Is IST_4 spanning? : True
Is IST_5 spanning? : True
Are all ISTs independent? : True

====TEST CR(489, 65, 130)====
Is IST_0 spanning? : True
Is IST_1 spanning? : True
Is IST_2 spanning? : True
Is IST_3 spanning? : True
Is IST_4 spanning? : True
Is IST_5 spanning? : True
Are all ISTs independent? : True

====TEST CR(490, 65, 130)====
Is IST_0 spanning? : True
Is IST_1 spanning? : True
Is IST_2 spanning? : True
Is IST_3 spanning? : True
Is IST_4 spanning? : True
Is IST_5 spanning? : True
Are all ISTs independent? : True

====TEST CR(491, 65, 130)====
Is IST_0 spanning? : True
Is IST_1 spanning? : True
Is IST_2 spanning? : True
Is IST_3 spanning? : True
Is IST_4 spanning? : True
Is IST_5 spanning? : True
Are all ISTs independent? : True

====TEST CR(492, 65, 130)====
Is IST_0 spanning? : True
Is IST_1 spanning? : True
Is IST_2 spanning? : True
Is IST_3 spanning? : True
Is IST_4 spanning? : True
Is IST_5 spanning? : True
Are all ISTs independent? : True

====TEST CR(493, 65, 130)====
Is IST_0 spanning? : True
Is IST_1 spanning? : True
Is IST_2 spanning? : True
Is IST_3 spanning? : True
Is IST_4 spanning? : True
Is IST_5 spanning? : True
Are all ISTs independent? : True

====TEST CR(494, 65, 130)====
Is IST_0 spanning? : True
Is IST_1 spanning? : True
Is IST_2 spanning? : True
Is IST_3 spanning? : True
Is IST_4 spanning? : True
Is IST_5 spanning? : True
Are all ISTs independent? : True

====TEST CR(495, 65, 130)====
Is IST_0 spanning? : True
Is IST_1 spanning? : True
Is IST_2 spanning? : True
Is IST_3 spanning? : True
Is IST_4 spanning? : True
Is IST_5 spanning? : True
Are all ISTs independent? : True

====TEST CR(496, 65, 130)====
Is IST_0 spanning? : True
Is IST_1 spanning? : True
Is IST_2 spanning? : True
Is IST_3 spanning? : True
Is IST_4 spanning? : True
Is IST_5 spanning? : True
Are all ISTs independent? : True

====TEST CR(497, 65, 130)====
Is IST_0 spanning? : True
Is IST_1 spanning? : True
Is IST_2 spanning? : True
Is IST_3 spanning? : True
Is IST_4 spanning? : True
Is IST_5 spanning? : True
Are all ISTs independent? : True

====TEST CR(498, 65, 130)====
Is IST_0 spanning? : True
Is IST_1 spanning? : True
Is IST_2 spanning? : True
Is IST_3 spanning? : True
Is IST_4 spanning? : True
Is IST_5 spanning? : True
Are all ISTs independent? : True

====TEST CR(499, 65, 130)====
Is IST_0 spanning? : True
Is IST_1 spanning? : True
Is IST_2 spanning? : True
Is IST_3 spanning? : True
Is IST_4 spanning? : True
Is IST_5 spanning? : True
Are all ISTs independent? : True

====TEST CR(500, 65, 130)====
Is IST_0 spanning? : True
Is IST_1 spanning? : True
Is IST_2 spanning? : True
Is IST_3 spanning? : True
Is IST_4 spanning? : True
Is IST_5 spanning? : True
Are all ISTs independent? : True

====TEST CR(501, 65, 130)====
Is IST_0 spanning? : True
Is IST_1 spanning? : True
Is IST_2 spanning? : True
Is IST_3 spanning? : True
Is IST_4 spanning? : True
Is IST_5 spanning? : True
Are all ISTs independent? : True

====TEST CR(502, 65, 130)====
Is IST_0 spanning? : True
Is IST_1 spanning? : True
Is IST_2 spanning? : True
Is IST_3 spanning? : True
Is IST_4 spanning? : True
Is IST_5 spanning? : True
Are all ISTs independent? : True

====TEST CR(503, 65, 130)====
Is IST_0 spanning? : True
Is IST_1 spanning? : True
Is IST_2 spanning? : True
Is IST_3 spanning? : True
Is IST_4 spanning? : True
Is IST_5 spanning? : True
Are all ISTs independent? : True

====TEST CR(504, 65, 130)====
Is IST_0 spanning? : True
Is IST_1 spanning? : True
Is IST_2 spanning? : True
Is IST_3 spanning? : True
Is IST_4 spanning? : True
Is IST_5 spanning? : True
Are all ISTs independent? : True

====TEST CR(505, 65, 130)====
Is IST_0 spanning? : True
Is IST_1 spanning? : True
Is IST_2 spanning? : True
Is IST_3 spanning? : True
Is IST_4 spanning? : True
Is IST_5 spanning? : True
Are all ISTs independent? : True

====TEST CR(506, 65, 130)====
Is IST_0 spanning? : True
Is IST_1 spanning? : True
Is IST_2 spanning? : True
Is IST_3 spanning? : True
Is IST_4 spanning? : True
Is IST_5 spanning? : True
Are all ISTs independent? : True

====TEST CR(507, 65, 130)====
Is IST_0 spanning? : True
Is IST_1 spanning? : True
Is IST_2 spanning? : True
Is IST_3 spanning? : True
Is IST_4 spanning? : True
Is IST_5 spanning? : True
Are all ISTs independent? : True

====TEST CR(508, 65, 130)====
Is IST_0 spanning? : True
Is IST_1 spanning? : True
Is IST_2 spanning? : True
Is IST_3 spanning? : True
Is IST_4 spanning? : True
Is IST_5 spanning? : True
Are all ISTs independent? : True

====TEST CR(509, 65, 130)====
Is IST_0 spanning? : True
Is IST_1 spanning? : True
Is IST_2 spanning? : True
Is IST_3 spanning? : True
Is IST_4 spanning? : True
Is IST_5 spanning? : True
Are all ISTs independent? : True

====TEST CR(510, 65, 130)====
Is IST_0 spanning? : True
Is IST_1 spanning? : True
Is IST_2 spanning? : True
Is IST_3 spanning? : True
Is IST_4 spanning? : True
Is IST_5 spanning? : True
Are all ISTs independent? : True

====TEST CR(511, 65, 130)====
Is IST_0 spanning? : True
Is IST_1 spanning? : True
Is IST_2 spanning? : True
Is IST_3 spanning? : True
Is IST_4 spanning? : True
Is IST_5 spanning? : True
Are all ISTs independent? : True

====TEST CR(512, 65, 130)====
Is IST_0 spanning? : True
Is IST_1 spanning? : True
Is IST_2 spanning? : True
Is IST_3 spanning? : True
Is IST_4 spanning? : True
Is IST_5 spanning? : True
Are all ISTs independent? : True

====TEST CR(513, 65, 130)====
Is IST_0 spanning? : True
Is IST_1 spanning? : True
Is IST_2 spanning? : True
Is IST_3 spanning? : True
Is IST_4 spanning? : True
Is IST_5 spanning? : True
Are all ISTs independent? : True

====TEST CR(514, 65, 130)====
Is IST_0 spanning? : True
Is IST_1 spanning? : True
Is IST_2 spanning? : True
Is IST_3 spanning? : True
Is IST_4 spanning? : True
Is IST_5 spanning? : True
Are all ISTs independent? : True

====TEST CR(515, 65, 130)====
Is IST_0 spanning? : True
Is IST_1 spanning? : True
Is IST_2 spanning? : True
Is IST_3 spanning? : True
Is IST_4 spanning? : True
Is IST_5 spanning? : True
Are all ISTs independent? : True

====TEST CR(516, 65, 130)====
Is IST_0 spanning? : True
Is IST_1 spanning? : True
Is IST_2 spanning? : True
Is IST_3 spanning? : True
Is IST_4 spanning? : True
Is IST_5 spanning? : True
Are all ISTs independent? : True

====TEST CR(517, 65, 130)====
Is IST_0 spanning? : True
Is IST_1 spanning? : True
Is IST_2 spanning? : True
Is IST_3 spanning? : True
Is IST_4 spanning? : True
Is IST_5 spanning? : True
Are all ISTs independent? : True

====TEST CR(518, 65, 130)====
Is IST_0 spanning? : True
Is IST_1 spanning? : True
Is IST_2 spanning? : True
Is IST_3 spanning? : True
Is IST_4 spanning? : True
Is IST_5 spanning? : True
Are all ISTs independent? : True

====TEST CR(396, 66, 132)====
Is IST_0 spanning? : True
Is IST_1 spanning? : True
Is IST_2 spanning? : True
Is IST_3 spanning? : True
Is IST_4 spanning? : True
Is IST_5 spanning? : True
Are all ISTs independent? : True

====TEST CR(397, 66, 132)====
Is IST_0 spanning? : True
Is IST_1 spanning? : True
Is IST_2 spanning? : True
Is IST_3 spanning? : True
Is IST_4 spanning? : True
Is IST_5 spanning? : True
Are all ISTs independent? : True

====TEST CR(398, 66, 132)====
Is IST_0 spanning? : True
Is IST_1 spanning? : True
Is IST_2 spanning? : True
Is IST_3 spanning? : True
Is IST_4 spanning? : True
Is IST_5 spanning? : True
Are all ISTs independent? : True

====TEST CR(399, 66, 132)====
Is IST_0 spanning? : True
Is IST_1 spanning? : True
Is IST_2 spanning? : True
Is IST_3 spanning? : True
Is IST_4 spanning? : True
Is IST_5 spanning? : True
Are all ISTs independent? : True

====TEST CR(400, 66, 132)====
Is IST_0 spanning? : True
Is IST_1 spanning? : True
Is IST_2 spanning? : True
Is IST_3 spanning? : True
Is IST_4 spanning? : True
Is IST_5 spanning? : True
Are all ISTs independent? : True

====TEST CR(401, 66, 132)====
Is IST_0 spanning? : True
Is IST_1 spanning? : True
Is IST_2 spanning? : True
Is IST_3 spanning? : True
Is IST_4 spanning? : True
Is IST_5 spanning? : True
Are all ISTs independent? : True

====TEST CR(402, 66, 132)====
Is IST_0 spanning? : True
Is IST_1 spanning? : True
Is IST_2 spanning? : True
Is IST_3 spanning? : True
Is IST_4 spanning? : True
Is IST_5 spanning? : True
Are all ISTs independent? : True

====TEST CR(403, 66, 132)====
Is IST_0 spanning? : True
Is IST_1 spanning? : True
Is IST_2 spanning? : True
Is IST_3 spanning? : True
Is IST_4 spanning? : True
Is IST_5 spanning? : True
Are all ISTs independent? : True

====TEST CR(404, 66, 132)====
Is IST_0 spanning? : True
Is IST_1 spanning? : True
Is IST_2 spanning? : True
Is IST_3 spanning? : True
Is IST_4 spanning? : True
Is IST_5 spanning? : True
Are all ISTs independent? : True

====TEST CR(405, 66, 132)====
Is IST_0 spanning? : True
Is IST_1 spanning? : True
Is IST_2 spanning? : True
Is IST_3 spanning? : True
Is IST_4 spanning? : True
Is IST_5 spanning? : True
Are all ISTs independent? : True

====TEST CR(406, 66, 132)====
Is IST_0 spanning? : True
Is IST_1 spanning? : True
Is IST_2 spanning? : True
Is IST_3 spanning? : True
Is IST_4 spanning? : True
Is IST_5 spanning? : True
Are all ISTs independent? : True

====TEST CR(407, 66, 132)====
Is IST_0 spanning? : True
Is IST_1 spanning? : True
Is IST_2 spanning? : True
Is IST_3 spanning? : True
Is IST_4 spanning? : True
Is IST_5 spanning? : True
Are all ISTs independent? : True

====TEST CR(408, 66, 132)====
Is IST_0 spanning? : True
Is IST_1 spanning? : True
Is IST_2 spanning? : True
Is IST_3 spanning? : True
Is IST_4 spanning? : True
Is IST_5 spanning? : True
Are all ISTs independent? : True

====TEST CR(409, 66, 132)====
Is IST_0 spanning? : True
Is IST_1 spanning? : True
Is IST_2 spanning? : True
Is IST_3 spanning? : True
Is IST_4 spanning? : True
Is IST_5 spanning? : True
Are all ISTs independent? : True

====TEST CR(410, 66, 132)====
Is IST_0 spanning? : True
Is IST_1 spanning? : True
Is IST_2 spanning? : True
Is IST_3 spanning? : True
Is IST_4 spanning? : True
Is IST_5 spanning? : True
Are all ISTs independent? : True

====TEST CR(411, 66, 132)====
Is IST_0 spanning? : True
Is IST_1 spanning? : True
Is IST_2 spanning? : True
Is IST_3 spanning? : True
Is IST_4 spanning? : True
Is IST_5 spanning? : True
Are all ISTs independent? : True

====TEST CR(412, 66, 132)====
Is IST_0 spanning? : True
Is IST_1 spanning? : True
Is IST_2 spanning? : True
Is IST_3 spanning? : True
Is IST_4 spanning? : True
Is IST_5 spanning? : True
Are all ISTs independent? : True

====TEST CR(413, 66, 132)====
Is IST_0 spanning? : True
Is IST_1 spanning? : True
Is IST_2 spanning? : True
Is IST_3 spanning? : True
Is IST_4 spanning? : True
Is IST_5 spanning? : True
Are all ISTs independent? : True

====TEST CR(414, 66, 132)====
Is IST_0 spanning? : True
Is IST_1 spanning? : True
Is IST_2 spanning? : True
Is IST_3 spanning? : True
Is IST_4 spanning? : True
Is IST_5 spanning? : True
Are all ISTs independent? : True

====TEST CR(415, 66, 132)====
Is IST_0 spanning? : True
Is IST_1 spanning? : True
Is IST_2 spanning? : True
Is IST_3 spanning? : True
Is IST_4 spanning? : True
Is IST_5 spanning? : True
Are all ISTs independent? : True

====TEST CR(416, 66, 132)====
Is IST_0 spanning? : True
Is IST_1 spanning? : True
Is IST_2 spanning? : True
Is IST_3 spanning? : True
Is IST_4 spanning? : True
Is IST_5 spanning? : True
Are all ISTs independent? : True

====TEST CR(417, 66, 132)====
Is IST_0 spanning? : True
Is IST_1 spanning? : True
Is IST_2 spanning? : True
Is IST_3 spanning? : True
Is IST_4 spanning? : True
Is IST_5 spanning? : True
Are all ISTs independent? : True

====TEST CR(418, 66, 132)====
Is IST_0 spanning? : True
Is IST_1 spanning? : True
Is IST_2 spanning? : True
Is IST_3 spanning? : True
Is IST_4 spanning? : True
Is IST_5 spanning? : True
Are all ISTs independent? : True

====TEST CR(419, 66, 132)====
Is IST_0 spanning? : True
Is IST_1 spanning? : True
Is IST_2 spanning? : True
Is IST_3 spanning? : True
Is IST_4 spanning? : True
Is IST_5 spanning? : True
Are all ISTs independent? : True

====TEST CR(420, 66, 132)====
Is IST_0 spanning? : True
Is IST_1 spanning? : True
Is IST_2 spanning? : True
Is IST_3 spanning? : True
Is IST_4 spanning? : True
Is IST_5 spanning? : True
Are all ISTs independent? : True

====TEST CR(421, 66, 132)====
Is IST_0 spanning? : True
Is IST_1 spanning? : True
Is IST_2 spanning? : True
Is IST_3 spanning? : True
Is IST_4 spanning? : True
Is IST_5 spanning? : True
Are all ISTs independent? : True

====TEST CR(422, 66, 132)====
Is IST_0 spanning? : True
Is IST_1 spanning? : True
Is IST_2 spanning? : True
Is IST_3 spanning? : True
Is IST_4 spanning? : True
Is IST_5 spanning? : True
Are all ISTs independent? : True

====TEST CR(423, 66, 132)====
Is IST_0 spanning? : True
Is IST_1 spanning? : True
Is IST_2 spanning? : True
Is IST_3 spanning? : True
Is IST_4 spanning? : True
Is IST_5 spanning? : True
Are all ISTs independent? : True

====TEST CR(424, 66, 132)====
Is IST_0 spanning? : True
Is IST_1 spanning? : True
Is IST_2 spanning? : True
Is IST_3 spanning? : True
Is IST_4 spanning? : True
Is IST_5 spanning? : True
Are all ISTs independent? : True

====TEST CR(425, 66, 132)====
Is IST_0 spanning? : True
Is IST_1 spanning? : True
Is IST_2 spanning? : True
Is IST_3 spanning? : True
Is IST_4 spanning? : True
Is IST_5 spanning? : True
Are all ISTs independent? : True

====TEST CR(426, 66, 132)====
Is IST_0 spanning? : True
Is IST_1 spanning? : True
Is IST_2 spanning? : True
Is IST_3 spanning? : True
Is IST_4 spanning? : True
Is IST_5 spanning? : True
Are all ISTs independent? : True

====TEST CR(427, 66, 132)====
Is IST_0 spanning? : True
Is IST_1 spanning? : True
Is IST_2 spanning? : True
Is IST_3 spanning? : True
Is IST_4 spanning? : True
Is IST_5 spanning? : True
Are all ISTs independent? : True

====TEST CR(428, 66, 132)====
Is IST_0 spanning? : True
Is IST_1 spanning? : True
Is IST_2 spanning? : True
Is IST_3 spanning? : True
Is IST_4 spanning? : True
Is IST_5 spanning? : True
Are all ISTs independent? : True

====TEST CR(429, 66, 132)====
Is IST_0 spanning? : True
Is IST_1 spanning? : True
Is IST_2 spanning? : True
Is IST_3 spanning? : True
Is IST_4 spanning? : True
Is IST_5 spanning? : True
Are all ISTs independent? : True

====TEST CR(430, 66, 132)====
Is IST_0 spanning? : True
Is IST_1 spanning? : True
Is IST_2 spanning? : True
Is IST_3 spanning? : True
Is IST_4 spanning? : True
Is IST_5 spanning? : True
Are all ISTs independent? : True

====TEST CR(431, 66, 132)====
Is IST_0 spanning? : True
Is IST_1 spanning? : True
Is IST_2 spanning? : True
Is IST_3 spanning? : True
Is IST_4 spanning? : True
Is IST_5 spanning? : True
Are all ISTs independent? : True

====TEST CR(432, 66, 132)====
Is IST_0 spanning? : True
Is IST_1 spanning? : True
Is IST_2 spanning? : True
Is IST_3 spanning? : True
Is IST_4 spanning? : True
Is IST_5 spanning? : True
Are all ISTs independent? : True

====TEST CR(433, 66, 132)====
Is IST_0 spanning? : True
Is IST_1 spanning? : True
Is IST_2 spanning? : True
Is IST_3 spanning? : True
Is IST_4 spanning? : True
Is IST_5 spanning? : True
Are all ISTs independent? : True

====TEST CR(434, 66, 132)====
Is IST_0 spanning? : True
Is IST_1 spanning? : True
Is IST_2 spanning? : True
Is IST_3 spanning? : True
Is IST_4 spanning? : True
Is IST_5 spanning? : True
Are all ISTs independent? : True

====TEST CR(435, 66, 132)====
Is IST_0 spanning? : True
Is IST_1 spanning? : True
Is IST_2 spanning? : True
Is IST_3 spanning? : True
Is IST_4 spanning? : True
Is IST_5 spanning? : True
Are all ISTs independent? : True

====TEST CR(436, 66, 132)====
Is IST_0 spanning? : True
Is IST_1 spanning? : True
Is IST_2 spanning? : True
Is IST_3 spanning? : True
Is IST_4 spanning? : True
Is IST_5 spanning? : True
Are all ISTs independent? : True

====TEST CR(437, 66, 132)====
Is IST_0 spanning? : True
Is IST_1 spanning? : True
Is IST_2 spanning? : True
Is IST_3 spanning? : True
Is IST_4 spanning? : True
Is IST_5 spanning? : True
Are all ISTs independent? : True

====TEST CR(438, 66, 132)====
Is IST_0 spanning? : True
Is IST_1 spanning? : True
Is IST_2 spanning? : True
Is IST_3 spanning? : True
Is IST_4 spanning? : True
Is IST_5 spanning? : True
Are all ISTs independent? : True

====TEST CR(439, 66, 132)====
Is IST_0 spanning? : True
Is IST_1 spanning? : True
Is IST_2 spanning? : True
Is IST_3 spanning? : True
Is IST_4 spanning? : True
Is IST_5 spanning? : True
Are all ISTs independent? : True

====TEST CR(440, 66, 132)====
Is IST_0 spanning? : True
Is IST_1 spanning? : True
Is IST_2 spanning? : True
Is IST_3 spanning? : True
Is IST_4 spanning? : True
Is IST_5 spanning? : True
Are all ISTs independent? : True

====TEST CR(441, 66, 132)====
Is IST_0 spanning? : True
Is IST_1 spanning? : True
Is IST_2 spanning? : True
Is IST_3 spanning? : True
Is IST_4 spanning? : True
Is IST_5 spanning? : True
Are all ISTs independent? : True

====TEST CR(442, 66, 132)====
Is IST_0 spanning? : True
Is IST_1 spanning? : True
Is IST_2 spanning? : True
Is IST_3 spanning? : True
Is IST_4 spanning? : True
Is IST_5 spanning? : True
Are all ISTs independent? : True

====TEST CR(443, 66, 132)====
Is IST_0 spanning? : True
Is IST_1 spanning? : True
Is IST_2 spanning? : True
Is IST_3 spanning? : True
Is IST_4 spanning? : True
Is IST_5 spanning? : True
Are all ISTs independent? : True

====TEST CR(444, 66, 132)====
Is IST_0 spanning? : True
Is IST_1 spanning? : True
Is IST_2 spanning? : True
Is IST_3 spanning? : True
Is IST_4 spanning? : True
Is IST_5 spanning? : True
Are all ISTs independent? : True

====TEST CR(445, 66, 132)====
Is IST_0 spanning? : True
Is IST_1 spanning? : True
Is IST_2 spanning? : True
Is IST_3 spanning? : True
Is IST_4 spanning? : True
Is IST_5 spanning? : True
Are all ISTs independent? : True

====TEST CR(446, 66, 132)====
Is IST_0 spanning? : True
Is IST_1 spanning? : True
Is IST_2 spanning? : True
Is IST_3 spanning? : True
Is IST_4 spanning? : True
Is IST_5 spanning? : True
Are all ISTs independent? : True

====TEST CR(447, 66, 132)====
Is IST_0 spanning? : True
Is IST_1 spanning? : True
Is IST_2 spanning? : True
Is IST_3 spanning? : True
Is IST_4 spanning? : True
Is IST_5 spanning? : True
Are all ISTs independent? : True

====TEST CR(448, 66, 132)====
Is IST_0 spanning? : True
Is IST_1 spanning? : True
Is IST_2 spanning? : True
Is IST_3 spanning? : True
Is IST_4 spanning? : True
Is IST_5 spanning? : True
Are all ISTs independent? : True

====TEST CR(449, 66, 132)====
Is IST_0 spanning? : True
Is IST_1 spanning? : True
Is IST_2 spanning? : True
Is IST_3 spanning? : True
Is IST_4 spanning? : True
Is IST_5 spanning? : True
Are all ISTs independent? : True

====TEST CR(450, 66, 132)====
Is IST_0 spanning? : True
Is IST_1 spanning? : True
Is IST_2 spanning? : True
Is IST_3 spanning? : True
Is IST_4 spanning? : True
Is IST_5 spanning? : True
Are all ISTs independent? : True

====TEST CR(451, 66, 132)====
Is IST_0 spanning? : True
Is IST_1 spanning? : True
Is IST_2 spanning? : True
Is IST_3 spanning? : True
Is IST_4 spanning? : True
Is IST_5 spanning? : True
Are all ISTs independent? : True

====TEST CR(452, 66, 132)====
Is IST_0 spanning? : True
Is IST_1 spanning? : True
Is IST_2 spanning? : True
Is IST_3 spanning? : True
Is IST_4 spanning? : True
Is IST_5 spanning? : True
Are all ISTs independent? : True

====TEST CR(453, 66, 132)====
Is IST_0 spanning? : True
Is IST_1 spanning? : True
Is IST_2 spanning? : True
Is IST_3 spanning? : True
Is IST_4 spanning? : True
Is IST_5 spanning? : True
Are all ISTs independent? : True

====TEST CR(454, 66, 132)====
Is IST_0 spanning? : True
Is IST_1 spanning? : True
Is IST_2 spanning? : True
Is IST_3 spanning? : True
Is IST_4 spanning? : True
Is IST_5 spanning? : True
Are all ISTs independent? : True

====TEST CR(455, 66, 132)====
Is IST_0 spanning? : True
Is IST_1 spanning? : True
Is IST_2 spanning? : True
Is IST_3 spanning? : True
Is IST_4 spanning? : True
Is IST_5 spanning? : True
Are all ISTs independent? : True

====TEST CR(456, 66, 132)====
Is IST_0 spanning? : True
Is IST_1 spanning? : True
Is IST_2 spanning? : True
Is IST_3 spanning? : True
Is IST_4 spanning? : True
Is IST_5 spanning? : True
Are all ISTs independent? : True

====TEST CR(457, 66, 132)====
Is IST_0 spanning? : True
Is IST_1 spanning? : True
Is IST_2 spanning? : True
Is IST_3 spanning? : True
Is IST_4 spanning? : True
Is IST_5 spanning? : True
Are all ISTs independent? : True

====TEST CR(458, 66, 132)====
Is IST_0 spanning? : True
Is IST_1 spanning? : True
Is IST_2 spanning? : True
Is IST_3 spanning? : True
Is IST_4 spanning? : True
Is IST_5 spanning? : True
Are all ISTs independent? : True

====TEST CR(459, 66, 132)====
Is IST_0 spanning? : True
Is IST_1 spanning? : True
Is IST_2 spanning? : True
Is IST_3 spanning? : True
Is IST_4 spanning? : True
Is IST_5 spanning? : True
Are all ISTs independent? : True

====TEST CR(460, 66, 132)====
Is IST_0 spanning? : True
Is IST_1 spanning? : True
Is IST_2 spanning? : True
Is IST_3 spanning? : True
Is IST_4 spanning? : True
Is IST_5 spanning? : True
Are all ISTs independent? : True

====TEST CR(461, 66, 132)====
Is IST_0 spanning? : True
Is IST_1 spanning? : True
Is IST_2 spanning? : True
Is IST_3 spanning? : True
Is IST_4 spanning? : True
Is IST_5 spanning? : True
Are all ISTs independent? : True

====TEST CR(462, 66, 132)====
Is IST_0 spanning? : True
Is IST_1 spanning? : True
Is IST_2 spanning? : True
Is IST_3 spanning? : True
Is IST_4 spanning? : True
Is IST_5 spanning? : True
Are all ISTs independent? : True

====TEST CR(463, 66, 132)====
Is IST_0 spanning? : True
Is IST_1 spanning? : True
Is IST_2 spanning? : True
Is IST_3 spanning? : True
Is IST_4 spanning? : True
Is IST_5 spanning? : True
Are all ISTs independent? : True

====TEST CR(464, 66, 132)====
Is IST_0 spanning? : True
Is IST_1 spanning? : True
Is IST_2 spanning? : True
Is IST_3 spanning? : True
Is IST_4 spanning? : True
Is IST_5 spanning? : True
Are all ISTs independent? : True

====TEST CR(465, 66, 132)====
Is IST_0 spanning? : True
Is IST_1 spanning? : True
Is IST_2 spanning? : True
Is IST_3 spanning? : True
Is IST_4 spanning? : True
Is IST_5 spanning? : True
Are all ISTs independent? : True

====TEST CR(466, 66, 132)====
Is IST_0 spanning? : True
Is IST_1 spanning? : True
Is IST_2 spanning? : True
Is IST_3 spanning? : True
Is IST_4 spanning? : True
Is IST_5 spanning? : True
Are all ISTs independent? : True

====TEST CR(467, 66, 132)====
Is IST_0 spanning? : True
Is IST_1 spanning? : True
Is IST_2 spanning? : True
Is IST_3 spanning? : True
Is IST_4 spanning? : True
Is IST_5 spanning? : True
Are all ISTs independent? : True

====TEST CR(468, 66, 132)====
Is IST_0 spanning? : True
Is IST_1 spanning? : True
Is IST_2 spanning? : True
Is IST_3 spanning? : True
Is IST_4 spanning? : True
Is IST_5 spanning? : True
Are all ISTs independent? : True

====TEST CR(469, 66, 132)====
Is IST_0 spanning? : True
Is IST_1 spanning? : True
Is IST_2 spanning? : True
Is IST_3 spanning? : True
Is IST_4 spanning? : True
Is IST_5 spanning? : True
Are all ISTs independent? : True

====TEST CR(470, 66, 132)====
Is IST_0 spanning? : True
Is IST_1 spanning? : True
Is IST_2 spanning? : True
Is IST_3 spanning? : True
Is IST_4 spanning? : True
Is IST_5 spanning? : True
Are all ISTs independent? : True

====TEST CR(471, 66, 132)====
Is IST_0 spanning? : True
Is IST_1 spanning? : True
Is IST_2 spanning? : True
Is IST_3 spanning? : True
Is IST_4 spanning? : True
Is IST_5 spanning? : True
Are all ISTs independent? : True

====TEST CR(472, 66, 132)====
Is IST_0 spanning? : True
Is IST_1 spanning? : True
Is IST_2 spanning? : True
Is IST_3 spanning? : True
Is IST_4 spanning? : True
Is IST_5 spanning? : True
Are all ISTs independent? : True

====TEST CR(473, 66, 132)====
Is IST_0 spanning? : True
Is IST_1 spanning? : True
Is IST_2 spanning? : True
Is IST_3 spanning? : True
Is IST_4 spanning? : True
Is IST_5 spanning? : True
Are all ISTs independent? : True

====TEST CR(474, 66, 132)====
Is IST_0 spanning? : True
Is IST_1 spanning? : True
Is IST_2 spanning? : True
Is IST_3 spanning? : True
Is IST_4 spanning? : True
Is IST_5 spanning? : True
Are all ISTs independent? : True

====TEST CR(475, 66, 132)====
Is IST_0 spanning? : True
Is IST_1 spanning? : True
Is IST_2 spanning? : True
Is IST_3 spanning? : True
Is IST_4 spanning? : True
Is IST_5 spanning? : True
Are all ISTs independent? : True

====TEST CR(476, 66, 132)====
Is IST_0 spanning? : True
Is IST_1 spanning? : True
Is IST_2 spanning? : True
Is IST_3 spanning? : True
Is IST_4 spanning? : True
Is IST_5 spanning? : True
Are all ISTs independent? : True

====TEST CR(477, 66, 132)====
Is IST_0 spanning? : True
Is IST_1 spanning? : True
Is IST_2 spanning? : True
Is IST_3 spanning? : True
Is IST_4 spanning? : True
Is IST_5 spanning? : True
Are all ISTs independent? : True

====TEST CR(478, 66, 132)====
Is IST_0 spanning? : True
Is IST_1 spanning? : True
Is IST_2 spanning? : True
Is IST_3 spanning? : True
Is IST_4 spanning? : True
Is IST_5 spanning? : True
Are all ISTs independent? : True

====TEST CR(479, 66, 132)====
Is IST_0 spanning? : True
Is IST_1 spanning? : True
Is IST_2 spanning? : True
Is IST_3 spanning? : True
Is IST_4 spanning? : True
Is IST_5 spanning? : True
Are all ISTs independent? : True

====TEST CR(480, 66, 132)====
Is IST_0 spanning? : True
Is IST_1 spanning? : True
Is IST_2 spanning? : True
Is IST_3 spanning? : True
Is IST_4 spanning? : True
Is IST_5 spanning? : True
Are all ISTs independent? : True

====TEST CR(481, 66, 132)====
Is IST_0 spanning? : True
Is IST_1 spanning? : True
Is IST_2 spanning? : True
Is IST_3 spanning? : True
Is IST_4 spanning? : True
Is IST_5 spanning? : True
Are all ISTs independent? : True

====TEST CR(482, 66, 132)====
Is IST_0 spanning? : True
Is IST_1 spanning? : True
Is IST_2 spanning? : True
Is IST_3 spanning? : True
Is IST_4 spanning? : True
Is IST_5 spanning? : True
Are all ISTs independent? : True

====TEST CR(483, 66, 132)====
Is IST_0 spanning? : True
Is IST_1 spanning? : True
Is IST_2 spanning? : True
Is IST_3 spanning? : True
Is IST_4 spanning? : True
Is IST_5 spanning? : True
Are all ISTs independent? : True

====TEST CR(484, 66, 132)====
Is IST_0 spanning? : True
Is IST_1 spanning? : True
Is IST_2 spanning? : True
Is IST_3 spanning? : True
Is IST_4 spanning? : True
Is IST_5 spanning? : True
Are all ISTs independent? : True

====TEST CR(485, 66, 132)====
Is IST_0 spanning? : True
Is IST_1 spanning? : True
Is IST_2 spanning? : True
Is IST_3 spanning? : True
Is IST_4 spanning? : True
Is IST_5 spanning? : True
Are all ISTs independent? : True

====TEST CR(486, 66, 132)====
Is IST_0 spanning? : True
Is IST_1 spanning? : True
Is IST_2 spanning? : True
Is IST_3 spanning? : True
Is IST_4 spanning? : True
Is IST_5 spanning? : True
Are all ISTs independent? : True

====TEST CR(487, 66, 132)====
Is IST_0 spanning? : True
Is IST_1 spanning? : True
Is IST_2 spanning? : True
Is IST_3 spanning? : True
Is IST_4 spanning? : True
Is IST_5 spanning? : True
Are all ISTs independent? : True

====TEST CR(488, 66, 132)====
Is IST_0 spanning? : True
Is IST_1 spanning? : True
Is IST_2 spanning? : True
Is IST_3 spanning? : True
Is IST_4 spanning? : True
Is IST_5 spanning? : True
Are all ISTs independent? : True

====TEST CR(489, 66, 132)====
Is IST_0 spanning? : True
Is IST_1 spanning? : True
Is IST_2 spanning? : True
Is IST_3 spanning? : True
Is IST_4 spanning? : True
Is IST_5 spanning? : True
Are all ISTs independent? : True

====TEST CR(490, 66, 132)====
Is IST_0 spanning? : True
Is IST_1 spanning? : True
Is IST_2 spanning? : True
Is IST_3 spanning? : True
Is IST_4 spanning? : True
Is IST_5 spanning? : True
Are all ISTs independent? : True

====TEST CR(491, 66, 132)====
Is IST_0 spanning? : True
Is IST_1 spanning? : True
Is IST_2 spanning? : True
Is IST_3 spanning? : True
Is IST_4 spanning? : True
Is IST_5 spanning? : True
Are all ISTs independent? : True

====TEST CR(492, 66, 132)====
Is IST_0 spanning? : True
Is IST_1 spanning? : True
Is IST_2 spanning? : True
Is IST_3 spanning? : True
Is IST_4 spanning? : True
Is IST_5 spanning? : True
Are all ISTs independent? : True

====TEST CR(493, 66, 132)====
Is IST_0 spanning? : True
Is IST_1 spanning? : True
Is IST_2 spanning? : True
Is IST_3 spanning? : True
Is IST_4 spanning? : True
Is IST_5 spanning? : True
Are all ISTs independent? : True

====TEST CR(494, 66, 132)====
Is IST_0 spanning? : True
Is IST_1 spanning? : True
Is IST_2 spanning? : True
Is IST_3 spanning? : True
Is IST_4 spanning? : True
Is IST_5 spanning? : True
Are all ISTs independent? : True

====TEST CR(495, 66, 132)====
Is IST_0 spanning? : True
Is IST_1 spanning? : True
Is IST_2 spanning? : True
Is IST_3 spanning? : True
Is IST_4 spanning? : True
Is IST_5 spanning? : True
Are all ISTs independent? : True

====TEST CR(496, 66, 132)====
Is IST_0 spanning? : True
Is IST_1 spanning? : True
Is IST_2 spanning? : True
Is IST_3 spanning? : True
Is IST_4 spanning? : True
Is IST_5 spanning? : True
Are all ISTs independent? : True

====TEST CR(497, 66, 132)====
Is IST_0 spanning? : True
Is IST_1 spanning? : True
Is IST_2 spanning? : True
Is IST_3 spanning? : True
Is IST_4 spanning? : True
Is IST_5 spanning? : True
Are all ISTs independent? : True

====TEST CR(498, 66, 132)====
Is IST_0 spanning? : True
Is IST_1 spanning? : True
Is IST_2 spanning? : True
Is IST_3 spanning? : True
Is IST_4 spanning? : True
Is IST_5 spanning? : True
Are all ISTs independent? : True

====TEST CR(499, 66, 132)====
Is IST_0 spanning? : True
Is IST_1 spanning? : True
Is IST_2 spanning? : True
Is IST_3 spanning? : True
Is IST_4 spanning? : True
Is IST_5 spanning? : True
Are all ISTs independent? : True

====TEST CR(500, 66, 132)====
Is IST_0 spanning? : True
Is IST_1 spanning? : True
Is IST_2 spanning? : True
Is IST_3 spanning? : True
Is IST_4 spanning? : True
Is IST_5 spanning? : True
Are all ISTs independent? : True

====TEST CR(501, 66, 132)====
Is IST_0 spanning? : True
Is IST_1 spanning? : True
Is IST_2 spanning? : True
Is IST_3 spanning? : True
Is IST_4 spanning? : True
Is IST_5 spanning? : True
Are all ISTs independent? : True

====TEST CR(502, 66, 132)====
Is IST_0 spanning? : True
Is IST_1 spanning? : True
Is IST_2 spanning? : True
Is IST_3 spanning? : True
Is IST_4 spanning? : True
Is IST_5 spanning? : True
Are all ISTs independent? : True

====TEST CR(503, 66, 132)====
Is IST_0 spanning? : True
Is IST_1 spanning? : True
Is IST_2 spanning? : True
Is IST_3 spanning? : True
Is IST_4 spanning? : True
Is IST_5 spanning? : True
Are all ISTs independent? : True

====TEST CR(504, 66, 132)====
Is IST_0 spanning? : True
Is IST_1 spanning? : True
Is IST_2 spanning? : True
Is IST_3 spanning? : True
Is IST_4 spanning? : True
Is IST_5 spanning? : True
Are all ISTs independent? : True

====TEST CR(505, 66, 132)====
Is IST_0 spanning? : True
Is IST_1 spanning? : True
Is IST_2 spanning? : True
Is IST_3 spanning? : True
Is IST_4 spanning? : True
Is IST_5 spanning? : True
Are all ISTs independent? : True

====TEST CR(506, 66, 132)====
Is IST_0 spanning? : True
Is IST_1 spanning? : True
Is IST_2 spanning? : True
Is IST_3 spanning? : True
Is IST_4 spanning? : True
Is IST_5 spanning? : True
Are all ISTs independent? : True

====TEST CR(507, 66, 132)====
Is IST_0 spanning? : True
Is IST_1 spanning? : True
Is IST_2 spanning? : True
Is IST_3 spanning? : True
Is IST_4 spanning? : True
Is IST_5 spanning? : True
Are all ISTs independent? : True

====TEST CR(508, 66, 132)====
Is IST_0 spanning? : True
Is IST_1 spanning? : True
Is IST_2 spanning? : True
Is IST_3 spanning? : True
Is IST_4 spanning? : True
Is IST_5 spanning? : True
Are all ISTs independent? : True

====TEST CR(509, 66, 132)====
Is IST_0 spanning? : True
Is IST_1 spanning? : True
Is IST_2 spanning? : True
Is IST_3 spanning? : True
Is IST_4 spanning? : True
Is IST_5 spanning? : True
Are all ISTs independent? : True

====TEST CR(510, 66, 132)====
Is IST_0 spanning? : True
Is IST_1 spanning? : True
Is IST_2 spanning? : True
Is IST_3 spanning? : True
Is IST_4 spanning? : True
Is IST_5 spanning? : True
Are all ISTs independent? : True

====TEST CR(511, 66, 132)====
Is IST_0 spanning? : True
Is IST_1 spanning? : True
Is IST_2 spanning? : True
Is IST_3 spanning? : True
Is IST_4 spanning? : True
Is IST_5 spanning? : True
Are all ISTs independent? : True

====TEST CR(512, 66, 132)====
Is IST_0 spanning? : True
Is IST_1 spanning? : True
Is IST_2 spanning? : True
Is IST_3 spanning? : True
Is IST_4 spanning? : True
Is IST_5 spanning? : True
Are all ISTs independent? : True

====TEST CR(513, 66, 132)====
Is IST_0 spanning? : True
Is IST_1 spanning? : True
Is IST_2 spanning? : True
Is IST_3 spanning? : True
Is IST_4 spanning? : True
Is IST_5 spanning? : True
Are all ISTs independent? : True

====TEST CR(514, 66, 132)====
Is IST_0 spanning? : True
Is IST_1 spanning? : True
Is IST_2 spanning? : True
Is IST_3 spanning? : True
Is IST_4 spanning? : True
Is IST_5 spanning? : True
Are all ISTs independent? : True

====TEST CR(515, 66, 132)====
Is IST_0 spanning? : True
Is IST_1 spanning? : True
Is IST_2 spanning? : True
Is IST_3 spanning? : True
Is IST_4 spanning? : True
Is IST_5 spanning? : True
Are all ISTs independent? : True

====TEST CR(516, 66, 132)====
Is IST_0 spanning? : True
Is IST_1 spanning? : True
Is IST_2 spanning? : True
Is IST_3 spanning? : True
Is IST_4 spanning? : True
Is IST_5 spanning? : True
Are all ISTs independent? : True

====TEST CR(517, 66, 132)====
Is IST_0 spanning? : True
Is IST_1 spanning? : True
Is IST_2 spanning? : True
Is IST_3 spanning? : True
Is IST_4 spanning? : True
Is IST_5 spanning? : True
Are all ISTs independent? : True

====TEST CR(518, 66, 132)====
Is IST_0 spanning? : True
Is IST_1 spanning? : True
Is IST_2 spanning? : True
Is IST_3 spanning? : True
Is IST_4 spanning? : True
Is IST_5 spanning? : True
Are all ISTs independent? : True

====TEST CR(519, 66, 132)====
Is IST_0 spanning? : True
Is IST_1 spanning? : True
Is IST_2 spanning? : True
Is IST_3 spanning? : True
Is IST_4 spanning? : True
Is IST_5 spanning? : True
Are all ISTs independent? : True

====TEST CR(520, 66, 132)====
Is IST_0 spanning? : True
Is IST_1 spanning? : True
Is IST_2 spanning? : True
Is IST_3 spanning? : True
Is IST_4 spanning? : True
Is IST_5 spanning? : True
Are all ISTs independent? : True

====TEST CR(521, 66, 132)====
Is IST_0 spanning? : True
Is IST_1 spanning? : True
Is IST_2 spanning? : True
Is IST_3 spanning? : True
Is IST_4 spanning? : True
Is IST_5 spanning? : True
Are all ISTs independent? : True

====TEST CR(522, 66, 132)====
Is IST_0 spanning? : True
Is IST_1 spanning? : True
Is IST_2 spanning? : True
Is IST_3 spanning? : True
Is IST_4 spanning? : True
Is IST_5 spanning? : True
Are all ISTs independent? : True

====TEST CR(523, 66, 132)====
Is IST_0 spanning? : True
Is IST_1 spanning? : True
Is IST_2 spanning? : True
Is IST_3 spanning? : True
Is IST_4 spanning? : True
Is IST_5 spanning? : True
Are all ISTs independent? : True

====TEST CR(524, 66, 132)====
Is IST_0 spanning? : True
Is IST_1 spanning? : True
Is IST_2 spanning? : True
Is IST_3 spanning? : True
Is IST_4 spanning? : True
Is IST_5 spanning? : True
Are all ISTs independent? : True

====TEST CR(402, 67, 134)====
Is IST_0 spanning? : True
Is IST_1 spanning? : True
Is IST_2 spanning? : True
Is IST_3 spanning? : True
Is IST_4 spanning? : True
Is IST_5 spanning? : True
Are all ISTs independent? : True

====TEST CR(403, 67, 134)====
Is IST_0 spanning? : True
Is IST_1 spanning? : True
Is IST_2 spanning? : True
Is IST_3 spanning? : True
Is IST_4 spanning? : True
Is IST_5 spanning? : True
Are all ISTs independent? : True

====TEST CR(404, 67, 134)====
Is IST_0 spanning? : True
Is IST_1 spanning? : True
Is IST_2 spanning? : True
Is IST_3 spanning? : True
Is IST_4 spanning? : True
Is IST_5 spanning? : True
Are all ISTs independent? : True

====TEST CR(405, 67, 134)====
Is IST_0 spanning? : True
Is IST_1 spanning? : True
Is IST_2 spanning? : True
Is IST_3 spanning? : True
Is IST_4 spanning? : True
Is IST_5 spanning? : True
Are all ISTs independent? : True

====TEST CR(406, 67, 134)====
Is IST_0 spanning? : True
Is IST_1 spanning? : True
Is IST_2 spanning? : True
Is IST_3 spanning? : True
Is IST_4 spanning? : True
Is IST_5 spanning? : True
Are all ISTs independent? : True

====TEST CR(407, 67, 134)====
Is IST_0 spanning? : True
Is IST_1 spanning? : True
Is IST_2 spanning? : True
Is IST_3 spanning? : True
Is IST_4 spanning? : True
Is IST_5 spanning? : True
Are all ISTs independent? : True

====TEST CR(408, 67, 134)====
Is IST_0 spanning? : True
Is IST_1 spanning? : True
Is IST_2 spanning? : True
Is IST_3 spanning? : True
Is IST_4 spanning? : True
Is IST_5 spanning? : True
Are all ISTs independent? : True

====TEST CR(409, 67, 134)====
Is IST_0 spanning? : True
Is IST_1 spanning? : True
Is IST_2 spanning? : True
Is IST_3 spanning? : True
Is IST_4 spanning? : True
Is IST_5 spanning? : True
Are all ISTs independent? : True

====TEST CR(410, 67, 134)====
Is IST_0 spanning? : True
Is IST_1 spanning? : True
Is IST_2 spanning? : True
Is IST_3 spanning? : True
Is IST_4 spanning? : True
Is IST_5 spanning? : True
Are all ISTs independent? : True

====TEST CR(411, 67, 134)====
Is IST_0 spanning? : True
Is IST_1 spanning? : True
Is IST_2 spanning? : True
Is IST_3 spanning? : True
Is IST_4 spanning? : True
Is IST_5 spanning? : True
Are all ISTs independent? : True

====TEST CR(412, 67, 134)====
Is IST_0 spanning? : True
Is IST_1 spanning? : True
Is IST_2 spanning? : True
Is IST_3 spanning? : True
Is IST_4 spanning? : True
Is IST_5 spanning? : True
Are all ISTs independent? : True

====TEST CR(413, 67, 134)====
Is IST_0 spanning? : True
Is IST_1 spanning? : True
Is IST_2 spanning? : True
Is IST_3 spanning? : True
Is IST_4 spanning? : True
Is IST_5 spanning? : True
Are all ISTs independent? : True

====TEST CR(414, 67, 134)====
Is IST_0 spanning? : True
Is IST_1 spanning? : True
Is IST_2 spanning? : True
Is IST_3 spanning? : True
Is IST_4 spanning? : True
Is IST_5 spanning? : True
Are all ISTs independent? : True

====TEST CR(415, 67, 134)====
Is IST_0 spanning? : True
Is IST_1 spanning? : True
Is IST_2 spanning? : True
Is IST_3 spanning? : True
Is IST_4 spanning? : True
Is IST_5 spanning? : True
Are all ISTs independent? : True

====TEST CR(416, 67, 134)====
Is IST_0 spanning? : True
Is IST_1 spanning? : True
Is IST_2 spanning? : True
Is IST_3 spanning? : True
Is IST_4 spanning? : True
Is IST_5 spanning? : True
Are all ISTs independent? : True

====TEST CR(417, 67, 134)====
Is IST_0 spanning? : True
Is IST_1 spanning? : True
Is IST_2 spanning? : True
Is IST_3 spanning? : True
Is IST_4 spanning? : True
Is IST_5 spanning? : True
Are all ISTs independent? : True

====TEST CR(418, 67, 134)====
Is IST_0 spanning? : True
Is IST_1 spanning? : True
Is IST_2 spanning? : True
Is IST_3 spanning? : True
Is IST_4 spanning? : True
Is IST_5 spanning? : True
Are all ISTs independent? : True

====TEST CR(419, 67, 134)====
Is IST_0 spanning? : True
Is IST_1 spanning? : True
Is IST_2 spanning? : True
Is IST_3 spanning? : True
Is IST_4 spanning? : True
Is IST_5 spanning? : True
Are all ISTs independent? : True

====TEST CR(420, 67, 134)====
Is IST_0 spanning? : True
Is IST_1 spanning? : True
Is IST_2 spanning? : True
Is IST_3 spanning? : True
Is IST_4 spanning? : True
Is IST_5 spanning? : True
Are all ISTs independent? : True

====TEST CR(421, 67, 134)====
Is IST_0 spanning? : True
Is IST_1 spanning? : True
Is IST_2 spanning? : True
Is IST_3 spanning? : True
Is IST_4 spanning? : True
Is IST_5 spanning? : True
Are all ISTs independent? : True

====TEST CR(422, 67, 134)====
Is IST_0 spanning? : True
Is IST_1 spanning? : True
Is IST_2 spanning? : True
Is IST_3 spanning? : True
Is IST_4 spanning? : True
Is IST_5 spanning? : True
Are all ISTs independent? : True

====TEST CR(423, 67, 134)====
Is IST_0 spanning? : True
Is IST_1 spanning? : True
Is IST_2 spanning? : True
Is IST_3 spanning? : True
Is IST_4 spanning? : True
Is IST_5 spanning? : True
Are all ISTs independent? : True

====TEST CR(424, 67, 134)====
Is IST_0 spanning? : True
Is IST_1 spanning? : True
Is IST_2 spanning? : True
Is IST_3 spanning? : True
Is IST_4 spanning? : True
Is IST_5 spanning? : True
Are all ISTs independent? : True

====TEST CR(425, 67, 134)====
Is IST_0 spanning? : True
Is IST_1 spanning? : True
Is IST_2 spanning? : True
Is IST_3 spanning? : True
Is IST_4 spanning? : True
Is IST_5 spanning? : True
Are all ISTs independent? : True

====TEST CR(426, 67, 134)====
Is IST_0 spanning? : True
Is IST_1 spanning? : True
Is IST_2 spanning? : True
Is IST_3 spanning? : True
Is IST_4 spanning? : True
Is IST_5 spanning? : True
Are all ISTs independent? : True

====TEST CR(427, 67, 134)====
Is IST_0 spanning? : True
Is IST_1 spanning? : True
Is IST_2 spanning? : True
Is IST_3 spanning? : True
Is IST_4 spanning? : True
Is IST_5 spanning? : True
Are all ISTs independent? : True

====TEST CR(428, 67, 134)====
Is IST_0 spanning? : True
Is IST_1 spanning? : True
Is IST_2 spanning? : True
Is IST_3 spanning? : True
Is IST_4 spanning? : True
Is IST_5 spanning? : True
Are all ISTs independent? : True

====TEST CR(429, 67, 134)====
Is IST_0 spanning? : True
Is IST_1 spanning? : True
Is IST_2 spanning? : True
Is IST_3 spanning? : True
Is IST_4 spanning? : True
Is IST_5 spanning? : True
Are all ISTs independent? : True

====TEST CR(430, 67, 134)====
Is IST_0 spanning? : True
Is IST_1 spanning? : True
Is IST_2 spanning? : True
Is IST_3 spanning? : True
Is IST_4 spanning? : True
Is IST_5 spanning? : True
Are all ISTs independent? : True

====TEST CR(431, 67, 134)====
Is IST_0 spanning? : True
Is IST_1 spanning? : True
Is IST_2 spanning? : True
Is IST_3 spanning? : True
Is IST_4 spanning? : True
Is IST_5 spanning? : True
Are all ISTs independent? : True

====TEST CR(432, 67, 134)====
Is IST_0 spanning? : True
Is IST_1 spanning? : True
Is IST_2 spanning? : True
Is IST_3 spanning? : True
Is IST_4 spanning? : True
Is IST_5 spanning? : True
Are all ISTs independent? : True

====TEST CR(433, 67, 134)====
Is IST_0 spanning? : True
Is IST_1 spanning? : True
Is IST_2 spanning? : True
Is IST_3 spanning? : True
Is IST_4 spanning? : True
Is IST_5 spanning? : True
Are all ISTs independent? : True

====TEST CR(434, 67, 134)====
Is IST_0 spanning? : True
Is IST_1 spanning? : True
Is IST_2 spanning? : True
Is IST_3 spanning? : True
Is IST_4 spanning? : True
Is IST_5 spanning? : True
Are all ISTs independent? : True

====TEST CR(435, 67, 134)====
Is IST_0 spanning? : True
Is IST_1 spanning? : True
Is IST_2 spanning? : True
Is IST_3 spanning? : True
Is IST_4 spanning? : True
Is IST_5 spanning? : True
Are all ISTs independent? : True

====TEST CR(436, 67, 134)====
Is IST_0 spanning? : True
Is IST_1 spanning? : True
Is IST_2 spanning? : True
Is IST_3 spanning? : True
Is IST_4 spanning? : True
Is IST_5 spanning? : True
Are all ISTs independent? : True

====TEST CR(437, 67, 134)====
Is IST_0 spanning? : True
Is IST_1 spanning? : True
Is IST_2 spanning? : True
Is IST_3 spanning? : True
Is IST_4 spanning? : True
Is IST_5 spanning? : True
Are all ISTs independent? : True

====TEST CR(438, 67, 134)====
Is IST_0 spanning? : True
Is IST_1 spanning? : True
Is IST_2 spanning? : True
Is IST_3 spanning? : True
Is IST_4 spanning? : True
Is IST_5 spanning? : True
Are all ISTs independent? : True

====TEST CR(439, 67, 134)====
Is IST_0 spanning? : True
Is IST_1 spanning? : True
Is IST_2 spanning? : True
Is IST_3 spanning? : True
Is IST_4 spanning? : True
Is IST_5 spanning? : True
Are all ISTs independent? : True

====TEST CR(440, 67, 134)====
Is IST_0 spanning? : True
Is IST_1 spanning? : True
Is IST_2 spanning? : True
Is IST_3 spanning? : True
Is IST_4 spanning? : True
Is IST_5 spanning? : True
Are all ISTs independent? : True

====TEST CR(441, 67, 134)====
Is IST_0 spanning? : True
Is IST_1 spanning? : True
Is IST_2 spanning? : True
Is IST_3 spanning? : True
Is IST_4 spanning? : True
Is IST_5 spanning? : True
Are all ISTs independent? : True

====TEST CR(442, 67, 134)====
Is IST_0 spanning? : True
Is IST_1 spanning? : True
Is IST_2 spanning? : True
Is IST_3 spanning? : True
Is IST_4 spanning? : True
Is IST_5 spanning? : True
Are all ISTs independent? : True

====TEST CR(443, 67, 134)====
Is IST_0 spanning? : True
Is IST_1 spanning? : True
Is IST_2 spanning? : True
Is IST_3 spanning? : True
Is IST_4 spanning? : True
Is IST_5 spanning? : True
Are all ISTs independent? : True

====TEST CR(444, 67, 134)====
Is IST_0 spanning? : True
Is IST_1 spanning? : True
Is IST_2 spanning? : True
Is IST_3 spanning? : True
Is IST_4 spanning? : True
Is IST_5 spanning? : True
Are all ISTs independent? : True

====TEST CR(445, 67, 134)====
Is IST_0 spanning? : True
Is IST_1 spanning? : True
Is IST_2 spanning? : True
Is IST_3 spanning? : True
Is IST_4 spanning? : True
Is IST_5 spanning? : True
Are all ISTs independent? : True

====TEST CR(446, 67, 134)====
Is IST_0 spanning? : True
Is IST_1 spanning? : True
Is IST_2 spanning? : True
Is IST_3 spanning? : True
Is IST_4 spanning? : True
Is IST_5 spanning? : True
Are all ISTs independent? : True

====TEST CR(447, 67, 134)====
Is IST_0 spanning? : True
Is IST_1 spanning? : True
Is IST_2 spanning? : True
Is IST_3 spanning? : True
Is IST_4 spanning? : True
Is IST_5 spanning? : True
Are all ISTs independent? : True

====TEST CR(448, 67, 134)====
Is IST_0 spanning? : True
Is IST_1 spanning? : True
Is IST_2 spanning? : True
Is IST_3 spanning? : True
Is IST_4 spanning? : True
Is IST_5 spanning? : True
Are all ISTs independent? : True

====TEST CR(449, 67, 134)====
Is IST_0 spanning? : True
Is IST_1 spanning? : True
Is IST_2 spanning? : True
Is IST_3 spanning? : True
Is IST_4 spanning? : True
Is IST_5 spanning? : True
Are all ISTs independent? : True

====TEST CR(450, 67, 134)====
Is IST_0 spanning? : True
Is IST_1 spanning? : True
Is IST_2 spanning? : True
Is IST_3 spanning? : True
Is IST_4 spanning? : True
Is IST_5 spanning? : True
Are all ISTs independent? : True

====TEST CR(451, 67, 134)====
Is IST_0 spanning? : True
Is IST_1 spanning? : True
Is IST_2 spanning? : True
Is IST_3 spanning? : True
Is IST_4 spanning? : True
Is IST_5 spanning? : True
Are all ISTs independent? : True

====TEST CR(452, 67, 134)====
Is IST_0 spanning? : True
Is IST_1 spanning? : True
Is IST_2 spanning? : True
Is IST_3 spanning? : True
Is IST_4 spanning? : True
Is IST_5 spanning? : True
Are all ISTs independent? : True

====TEST CR(453, 67, 134)====
Is IST_0 spanning? : True
Is IST_1 spanning? : True
Is IST_2 spanning? : True
Is IST_3 spanning? : True
Is IST_4 spanning? : True
Is IST_5 spanning? : True
Are all ISTs independent? : True

====TEST CR(454, 67, 134)====
Is IST_0 spanning? : True
Is IST_1 spanning? : True
Is IST_2 spanning? : True
Is IST_3 spanning? : True
Is IST_4 spanning? : True
Is IST_5 spanning? : True
Are all ISTs independent? : True

====TEST CR(455, 67, 134)====
Is IST_0 spanning? : True
Is IST_1 spanning? : True
Is IST_2 spanning? : True
Is IST_3 spanning? : True
Is IST_4 spanning? : True
Is IST_5 spanning? : True
Are all ISTs independent? : True

====TEST CR(456, 67, 134)====
Is IST_0 spanning? : True
Is IST_1 spanning? : True
Is IST_2 spanning? : True
Is IST_3 spanning? : True
Is IST_4 spanning? : True
Is IST_5 spanning? : True
Are all ISTs independent? : True

====TEST CR(457, 67, 134)====
Is IST_0 spanning? : True
Is IST_1 spanning? : True
Is IST_2 spanning? : True
Is IST_3 spanning? : True
Is IST_4 spanning? : True
Is IST_5 spanning? : True
Are all ISTs independent? : True

====TEST CR(458, 67, 134)====
Is IST_0 spanning? : True
Is IST_1 spanning? : True
Is IST_2 spanning? : True
Is IST_3 spanning? : True
Is IST_4 spanning? : True
Is IST_5 spanning? : True
Are all ISTs independent? : True

====TEST CR(459, 67, 134)====
Is IST_0 spanning? : True
Is IST_1 spanning? : True
Is IST_2 spanning? : True
Is IST_3 spanning? : True
Is IST_4 spanning? : True
Is IST_5 spanning? : True
Are all ISTs independent? : True

====TEST CR(460, 67, 134)====
Is IST_0 spanning? : True
Is IST_1 spanning? : True
Is IST_2 spanning? : True
Is IST_3 spanning? : True
Is IST_4 spanning? : True
Is IST_5 spanning? : True
Are all ISTs independent? : True

====TEST CR(461, 67, 134)====
Is IST_0 spanning? : True
Is IST_1 spanning? : True
Is IST_2 spanning? : True
Is IST_3 spanning? : True
Is IST_4 spanning? : True
Is IST_5 spanning? : True
Are all ISTs independent? : True

====TEST CR(462, 67, 134)====
Is IST_0 spanning? : True
Is IST_1 spanning? : True
Is IST_2 spanning? : True
Is IST_3 spanning? : True
Is IST_4 spanning? : True
Is IST_5 spanning? : True
Are all ISTs independent? : True

====TEST CR(463, 67, 134)====
Is IST_0 spanning? : True
Is IST_1 spanning? : True
Is IST_2 spanning? : True
Is IST_3 spanning? : True
Is IST_4 spanning? : True
Is IST_5 spanning? : True
Are all ISTs independent? : True

====TEST CR(464, 67, 134)====
Is IST_0 spanning? : True
Is IST_1 spanning? : True
Is IST_2 spanning? : True
Is IST_3 spanning? : True
Is IST_4 spanning? : True
Is IST_5 spanning? : True
Are all ISTs independent? : True

====TEST CR(465, 67, 134)====
Is IST_0 spanning? : True
Is IST_1 spanning? : True
Is IST_2 spanning? : True
Is IST_3 spanning? : True
Is IST_4 spanning? : True
Is IST_5 spanning? : True
Are all ISTs independent? : True

====TEST CR(466, 67, 134)====
Is IST_0 spanning? : True
Is IST_1 spanning? : True
Is IST_2 spanning? : True
Is IST_3 spanning? : True
Is IST_4 spanning? : True
Is IST_5 spanning? : True
Are all ISTs independent? : True

====TEST CR(467, 67, 134)====
Is IST_0 spanning? : True
Is IST_1 spanning? : True
Is IST_2 spanning? : True
Is IST_3 spanning? : True
Is IST_4 spanning? : True
Is IST_5 spanning? : True
Are all ISTs independent? : True

====TEST CR(468, 67, 134)====
Is IST_0 spanning? : True
Is IST_1 spanning? : True
Is IST_2 spanning? : True
Is IST_3 spanning? : True
Is IST_4 spanning? : True
Is IST_5 spanning? : True
Are all ISTs independent? : True

====TEST CR(469, 67, 134)====
Is IST_0 spanning? : True
Is IST_1 spanning? : True
Is IST_2 spanning? : True
Is IST_3 spanning? : True
Is IST_4 spanning? : True
Is IST_5 spanning? : True
Are all ISTs independent? : True

====TEST CR(470, 67, 134)====
Is IST_0 spanning? : True
Is IST_1 spanning? : True
Is IST_2 spanning? : True
Is IST_3 spanning? : True
Is IST_4 spanning? : True
Is IST_5 spanning? : True
Are all ISTs independent? : True

====TEST CR(471, 67, 134)====
Is IST_0 spanning? : True
Is IST_1 spanning? : True
Is IST_2 spanning? : True
Is IST_3 spanning? : True
Is IST_4 spanning? : True
Is IST_5 spanning? : True
Are all ISTs independent? : True

====TEST CR(472, 67, 134)====
Is IST_0 spanning? : True
Is IST_1 spanning? : True
Is IST_2 spanning? : True
Is IST_3 spanning? : True
Is IST_4 spanning? : True
Is IST_5 spanning? : True
Are all ISTs independent? : True

====TEST CR(473, 67, 134)====
Is IST_0 spanning? : True
Is IST_1 spanning? : True
Is IST_2 spanning? : True
Is IST_3 spanning? : True
Is IST_4 spanning? : True
Is IST_5 spanning? : True
Are all ISTs independent? : True

====TEST CR(474, 67, 134)====
Is IST_0 spanning? : True
Is IST_1 spanning? : True
Is IST_2 spanning? : True
Is IST_3 spanning? : True
Is IST_4 spanning? : True
Is IST_5 spanning? : True
Are all ISTs independent? : True

====TEST CR(475, 67, 134)====
Is IST_0 spanning? : True
Is IST_1 spanning? : True
Is IST_2 spanning? : True
Is IST_3 spanning? : True
Is IST_4 spanning? : True
Is IST_5 spanning? : True
Are all ISTs independent? : True

====TEST CR(476, 67, 134)====
Is IST_0 spanning? : True
Is IST_1 spanning? : True
Is IST_2 spanning? : True
Is IST_3 spanning? : True
Is IST_4 spanning? : True
Is IST_5 spanning? : True
Are all ISTs independent? : True

====TEST CR(477, 67, 134)====
Is IST_0 spanning? : True
Is IST_1 spanning? : True
Is IST_2 spanning? : True
Is IST_3 spanning? : True
Is IST_4 spanning? : True
Is IST_5 spanning? : True
Are all ISTs independent? : True

====TEST CR(478, 67, 134)====
Is IST_0 spanning? : True
Is IST_1 spanning? : True
Is IST_2 spanning? : True
Is IST_3 spanning? : True
Is IST_4 spanning? : True
Is IST_5 spanning? : True
Are all ISTs independent? : True

====TEST CR(479, 67, 134)====
Is IST_0 spanning? : True
Is IST_1 spanning? : True
Is IST_2 spanning? : True
Is IST_3 spanning? : True
Is IST_4 spanning? : True
Is IST_5 spanning? : True
Are all ISTs independent? : True

====TEST CR(480, 67, 134)====
Is IST_0 spanning? : True
Is IST_1 spanning? : True
Is IST_2 spanning? : True
Is IST_3 spanning? : True
Is IST_4 spanning? : True
Is IST_5 spanning? : True
Are all ISTs independent? : True

====TEST CR(481, 67, 134)====
Is IST_0 spanning? : True
Is IST_1 spanning? : True
Is IST_2 spanning? : True
Is IST_3 spanning? : True
Is IST_4 spanning? : True
Is IST_5 spanning? : True
Are all ISTs independent? : True

====TEST CR(482, 67, 134)====
Is IST_0 spanning? : True
Is IST_1 spanning? : True
Is IST_2 spanning? : True
Is IST_3 spanning? : True
Is IST_4 spanning? : True
Is IST_5 spanning? : True
Are all ISTs independent? : True

====TEST CR(483, 67, 134)====
Is IST_0 spanning? : True
Is IST_1 spanning? : True
Is IST_2 spanning? : True
Is IST_3 spanning? : True
Is IST_4 spanning? : True
Is IST_5 spanning? : True
Are all ISTs independent? : True

====TEST CR(484, 67, 134)====
Is IST_0 spanning? : True
Is IST_1 spanning? : True
Is IST_2 spanning? : True
Is IST_3 spanning? : True
Is IST_4 spanning? : True
Is IST_5 spanning? : True
Are all ISTs independent? : True

====TEST CR(485, 67, 134)====
Is IST_0 spanning? : True
Is IST_1 spanning? : True
Is IST_2 spanning? : True
Is IST_3 spanning? : True
Is IST_4 spanning? : True
Is IST_5 spanning? : True
Are all ISTs independent? : True

====TEST CR(486, 67, 134)====
Is IST_0 spanning? : True
Is IST_1 spanning? : True
Is IST_2 spanning? : True
Is IST_3 spanning? : True
Is IST_4 spanning? : True
Is IST_5 spanning? : True
Are all ISTs independent? : True

====TEST CR(487, 67, 134)====
Is IST_0 spanning? : True
Is IST_1 spanning? : True
Is IST_2 spanning? : True
Is IST_3 spanning? : True
Is IST_4 spanning? : True
Is IST_5 spanning? : True
Are all ISTs independent? : True

====TEST CR(488, 67, 134)====
Is IST_0 spanning? : True
Is IST_1 spanning? : True
Is IST_2 spanning? : True
Is IST_3 spanning? : True
Is IST_4 spanning? : True
Is IST_5 spanning? : True
Are all ISTs independent? : True

====TEST CR(489, 67, 134)====
Is IST_0 spanning? : True
Is IST_1 spanning? : True
Is IST_2 spanning? : True
Is IST_3 spanning? : True
Is IST_4 spanning? : True
Is IST_5 spanning? : True
Are all ISTs independent? : True

====TEST CR(490, 67, 134)====
Is IST_0 spanning? : True
Is IST_1 spanning? : True
Is IST_2 spanning? : True
Is IST_3 spanning? : True
Is IST_4 spanning? : True
Is IST_5 spanning? : True
Are all ISTs independent? : True

====TEST CR(491, 67, 134)====
Is IST_0 spanning? : True
Is IST_1 spanning? : True
Is IST_2 spanning? : True
Is IST_3 spanning? : True
Is IST_4 spanning? : True
Is IST_5 spanning? : True
Are all ISTs independent? : True

====TEST CR(492, 67, 134)====
Is IST_0 spanning? : True
Is IST_1 spanning? : True
Is IST_2 spanning? : True
Is IST_3 spanning? : True
Is IST_4 spanning? : True
Is IST_5 spanning? : True
Are all ISTs independent? : True

====TEST CR(493, 67, 134)====
Is IST_0 spanning? : True
Is IST_1 spanning? : True
Is IST_2 spanning? : True
Is IST_3 spanning? : True
Is IST_4 spanning? : True
Is IST_5 spanning? : True
Are all ISTs independent? : True

====TEST CR(494, 67, 134)====
Is IST_0 spanning? : True
Is IST_1 spanning? : True
Is IST_2 spanning? : True
Is IST_3 spanning? : True
Is IST_4 spanning? : True
Is IST_5 spanning? : True
Are all ISTs independent? : True

====TEST CR(495, 67, 134)====
Is IST_0 spanning? : True
Is IST_1 spanning? : True
Is IST_2 spanning? : True
Is IST_3 spanning? : True
Is IST_4 spanning? : True
Is IST_5 spanning? : True
Are all ISTs independent? : True

====TEST CR(496, 67, 134)====
Is IST_0 spanning? : True
Is IST_1 spanning? : True
Is IST_2 spanning? : True
Is IST_3 spanning? : True
Is IST_4 spanning? : True
Is IST_5 spanning? : True
Are all ISTs independent? : True

====TEST CR(497, 67, 134)====
Is IST_0 spanning? : True
Is IST_1 spanning? : True
Is IST_2 spanning? : True
Is IST_3 spanning? : True
Is IST_4 spanning? : True
Is IST_5 spanning? : True
Are all ISTs independent? : True

====TEST CR(498, 67, 134)====
Is IST_0 spanning? : True
Is IST_1 spanning? : True
Is IST_2 spanning? : True
Is IST_3 spanning? : True
Is IST_4 spanning? : True
Is IST_5 spanning? : True
Are all ISTs independent? : True

====TEST CR(499, 67, 134)====
Is IST_0 spanning? : True
Is IST_1 spanning? : True
Is IST_2 spanning? : True
Is IST_3 spanning? : True
Is IST_4 spanning? : True
Is IST_5 spanning? : True
Are all ISTs independent? : True

====TEST CR(500, 67, 134)====
Is IST_0 spanning? : True
Is IST_1 spanning? : True
Is IST_2 spanning? : True
Is IST_3 spanning? : True
Is IST_4 spanning? : True
Is IST_5 spanning? : True
Are all ISTs independent? : True

====TEST CR(501, 67, 134)====
Is IST_0 spanning? : True
Is IST_1 spanning? : True
Is IST_2 spanning? : True
Is IST_3 spanning? : True
Is IST_4 spanning? : True
Is IST_5 spanning? : True
Are all ISTs independent? : True

====TEST CR(502, 67, 134)====
Is IST_0 spanning? : True
Is IST_1 spanning? : True
Is IST_2 spanning? : True
Is IST_3 spanning? : True
Is IST_4 spanning? : True
Is IST_5 spanning? : True
Are all ISTs independent? : True

====TEST CR(503, 67, 134)====
Is IST_0 spanning? : True
Is IST_1 spanning? : True
Is IST_2 spanning? : True
Is IST_3 spanning? : True
Is IST_4 spanning? : True
Is IST_5 spanning? : True
Are all ISTs independent? : True

====TEST CR(504, 67, 134)====
Is IST_0 spanning? : True
Is IST_1 spanning? : True
Is IST_2 spanning? : True
Is IST_3 spanning? : True
Is IST_4 spanning? : True
Is IST_5 spanning? : True
Are all ISTs independent? : True

====TEST CR(505, 67, 134)====
Is IST_0 spanning? : True
Is IST_1 spanning? : True
Is IST_2 spanning? : True
Is IST_3 spanning? : True
Is IST_4 spanning? : True
Is IST_5 spanning? : True
Are all ISTs independent? : True

====TEST CR(506, 67, 134)====
Is IST_0 spanning? : True
Is IST_1 spanning? : True
Is IST_2 spanning? : True
Is IST_3 spanning? : True
Is IST_4 spanning? : True
Is IST_5 spanning? : True
Are all ISTs independent? : True

====TEST CR(507, 67, 134)====
Is IST_0 spanning? : True
Is IST_1 spanning? : True
Is IST_2 spanning? : True
Is IST_3 spanning? : True
Is IST_4 spanning? : True
Is IST_5 spanning? : True
Are all ISTs independent? : True

====TEST CR(508, 67, 134)====
Is IST_0 spanning? : True
Is IST_1 spanning? : True
Is IST_2 spanning? : True
Is IST_3 spanning? : True
Is IST_4 spanning? : True
Is IST_5 spanning? : True
Are all ISTs independent? : True

====TEST CR(509, 67, 134)====
Is IST_0 spanning? : True
Is IST_1 spanning? : True
Is IST_2 spanning? : True
Is IST_3 spanning? : True
Is IST_4 spanning? : True
Is IST_5 spanning? : True
Are all ISTs independent? : True

====TEST CR(510, 67, 134)====
Is IST_0 spanning? : True
Is IST_1 spanning? : True
Is IST_2 spanning? : True
Is IST_3 spanning? : True
Is IST_4 spanning? : True
Is IST_5 spanning? : True
Are all ISTs independent? : True

====TEST CR(511, 67, 134)====
Is IST_0 spanning? : True
Is IST_1 spanning? : True
Is IST_2 spanning? : True
Is IST_3 spanning? : True
Is IST_4 spanning? : True
Is IST_5 spanning? : True
Are all ISTs independent? : True

====TEST CR(512, 67, 134)====
Is IST_0 spanning? : True
Is IST_1 spanning? : True
Is IST_2 spanning? : True
Is IST_3 spanning? : True
Is IST_4 spanning? : True
Is IST_5 spanning? : True
Are all ISTs independent? : True

====TEST CR(513, 67, 134)====
Is IST_0 spanning? : True
Is IST_1 spanning? : True
Is IST_2 spanning? : True
Is IST_3 spanning? : True
Is IST_4 spanning? : True
Is IST_5 spanning? : True
Are all ISTs independent? : True

====TEST CR(514, 67, 134)====
Is IST_0 spanning? : True
Is IST_1 spanning? : True
Is IST_2 spanning? : True
Is IST_3 spanning? : True
Is IST_4 spanning? : True
Is IST_5 spanning? : True
Are all ISTs independent? : True

====TEST CR(515, 67, 134)====
Is IST_0 spanning? : True
Is IST_1 spanning? : True
Is IST_2 spanning? : True
Is IST_3 spanning? : True
Is IST_4 spanning? : True
Is IST_5 spanning? : True
Are all ISTs independent? : True

====TEST CR(516, 67, 134)====
Is IST_0 spanning? : True
Is IST_1 spanning? : True
Is IST_2 spanning? : True
Is IST_3 spanning? : True
Is IST_4 spanning? : True
Is IST_5 spanning? : True
Are all ISTs independent? : True

====TEST CR(517, 67, 134)====
Is IST_0 spanning? : True
Is IST_1 spanning? : True
Is IST_2 spanning? : True
Is IST_3 spanning? : True
Is IST_4 spanning? : True
Is IST_5 spanning? : True
Are all ISTs independent? : True

====TEST CR(518, 67, 134)====
Is IST_0 spanning? : True
Is IST_1 spanning? : True
Is IST_2 spanning? : True
Is IST_3 spanning? : True
Is IST_4 spanning? : True
Is IST_5 spanning? : True
Are all ISTs independent? : True

====TEST CR(519, 67, 134)====
Is IST_0 spanning? : True
Is IST_1 spanning? : True
Is IST_2 spanning? : True
Is IST_3 spanning? : True
Is IST_4 spanning? : True
Is IST_5 spanning? : True
Are all ISTs independent? : True

====TEST CR(520, 67, 134)====
Is IST_0 spanning? : True
Is IST_1 spanning? : True
Is IST_2 spanning? : True
Is IST_3 spanning? : True
Is IST_4 spanning? : True
Is IST_5 spanning? : True
Are all ISTs independent? : True

====TEST CR(521, 67, 134)====
Is IST_0 spanning? : True
Is IST_1 spanning? : True
Is IST_2 spanning? : True
Is IST_3 spanning? : True
Is IST_4 spanning? : True
Is IST_5 spanning? : True
Are all ISTs independent? : True

====TEST CR(522, 67, 134)====
Is IST_0 spanning? : True
Is IST_1 spanning? : True
Is IST_2 spanning? : True
Is IST_3 spanning? : True
Is IST_4 spanning? : True
Is IST_5 spanning? : True
Are all ISTs independent? : True

====TEST CR(523, 67, 134)====
Is IST_0 spanning? : True
Is IST_1 spanning? : True
Is IST_2 spanning? : True
Is IST_3 spanning? : True
Is IST_4 spanning? : True
Is IST_5 spanning? : True
Are all ISTs independent? : True

====TEST CR(524, 67, 134)====
Is IST_0 spanning? : True
Is IST_1 spanning? : True
Is IST_2 spanning? : True
Is IST_3 spanning? : True
Is IST_4 spanning? : True
Is IST_5 spanning? : True
Are all ISTs independent? : True

====TEST CR(525, 67, 134)====
Is IST_0 spanning? : True
Is IST_1 spanning? : True
Is IST_2 spanning? : True
Is IST_3 spanning? : True
Is IST_4 spanning? : True
Is IST_5 spanning? : True
Are all ISTs independent? : True

====TEST CR(526, 67, 134)====
Is IST_0 spanning? : True
Is IST_1 spanning? : True
Is IST_2 spanning? : True
Is IST_3 spanning? : True
Is IST_4 spanning? : True
Is IST_5 spanning? : True
Are all ISTs independent? : True

====TEST CR(527, 67, 134)====
Is IST_0 spanning? : True
Is IST_1 spanning? : True
Is IST_2 spanning? : True
Is IST_3 spanning? : True
Is IST_4 spanning? : True
Is IST_5 spanning? : True
Are all ISTs independent? : True

====TEST CR(528, 67, 134)====
Is IST_0 spanning? : True
Is IST_1 spanning? : True
Is IST_2 spanning? : True
Is IST_3 spanning? : True
Is IST_4 spanning? : True
Is IST_5 spanning? : True
Are all ISTs independent? : True

====TEST CR(529, 67, 134)====
Is IST_0 spanning? : True
Is IST_1 spanning? : True
Is IST_2 spanning? : True
Is IST_3 spanning? : True
Is IST_4 spanning? : True
Is IST_5 spanning? : True
Are all ISTs independent? : True

====TEST CR(530, 67, 134)====
Is IST_0 spanning? : True
Is IST_1 spanning? : True
Is IST_2 spanning? : True
Is IST_3 spanning? : True
Is IST_4 spanning? : True
Is IST_5 spanning? : True
Are all ISTs independent? : True

====TEST CR(408, 68, 136)====
Is IST_0 spanning? : True
Is IST_1 spanning? : True
Is IST_2 spanning? : True
Is IST_3 spanning? : True
Is IST_4 spanning? : True
Is IST_5 spanning? : True
Are all ISTs independent? : True

====TEST CR(409, 68, 136)====
Is IST_0 spanning? : True
Is IST_1 spanning? : True
Is IST_2 spanning? : True
Is IST_3 spanning? : True
Is IST_4 spanning? : True
Is IST_5 spanning? : True
Are all ISTs independent? : True

====TEST CR(410, 68, 136)====
Is IST_0 spanning? : True
Is IST_1 spanning? : True
Is IST_2 spanning? : True
Is IST_3 spanning? : True
Is IST_4 spanning? : True
Is IST_5 spanning? : True
Are all ISTs independent? : True

====TEST CR(411, 68, 136)====
Is IST_0 spanning? : True
Is IST_1 spanning? : True
Is IST_2 spanning? : True
Is IST_3 spanning? : True
Is IST_4 spanning? : True
Is IST_5 spanning? : True
Are all ISTs independent? : True

====TEST CR(412, 68, 136)====
Is IST_0 spanning? : True
Is IST_1 spanning? : True
Is IST_2 spanning? : True
Is IST_3 spanning? : True
Is IST_4 spanning? : True
Is IST_5 spanning? : True
Are all ISTs independent? : True

====TEST CR(413, 68, 136)====
Is IST_0 spanning? : True
Is IST_1 spanning? : True
Is IST_2 spanning? : True
Is IST_3 spanning? : True
Is IST_4 spanning? : True
Is IST_5 spanning? : True
Are all ISTs independent? : True

====TEST CR(414, 68, 136)====
Is IST_0 spanning? : True
Is IST_1 spanning? : True
Is IST_2 spanning? : True
Is IST_3 spanning? : True
Is IST_4 spanning? : True
Is IST_5 spanning? : True
Are all ISTs independent? : True

====TEST CR(415, 68, 136)====
Is IST_0 spanning? : True
Is IST_1 spanning? : True
Is IST_2 spanning? : True
Is IST_3 spanning? : True
Is IST_4 spanning? : True
Is IST_5 spanning? : True
Are all ISTs independent? : True

====TEST CR(416, 68, 136)====
Is IST_0 spanning? : True
Is IST_1 spanning? : True
Is IST_2 spanning? : True
Is IST_3 spanning? : True
Is IST_4 spanning? : True
Is IST_5 spanning? : True
Are all ISTs independent? : True

====TEST CR(417, 68, 136)====
Is IST_0 spanning? : True
Is IST_1 spanning? : True
Is IST_2 spanning? : True
Is IST_3 spanning? : True
Is IST_4 spanning? : True
Is IST_5 spanning? : True
Are all ISTs independent? : True

====TEST CR(418, 68, 136)====
Is IST_0 spanning? : True
Is IST_1 spanning? : True
Is IST_2 spanning? : True
Is IST_3 spanning? : True
Is IST_4 spanning? : True
Is IST_5 spanning? : True
Are all ISTs independent? : True

====TEST CR(419, 68, 136)====
Is IST_0 spanning? : True
Is IST_1 spanning? : True
Is IST_2 spanning? : True
Is IST_3 spanning? : True
Is IST_4 spanning? : True
Is IST_5 spanning? : True
Are all ISTs independent? : True

====TEST CR(420, 68, 136)====
Is IST_0 spanning? : True
Is IST_1 spanning? : True
Is IST_2 spanning? : True
Is IST_3 spanning? : True
Is IST_4 spanning? : True
Is IST_5 spanning? : True
Are all ISTs independent? : True

====TEST CR(421, 68, 136)====
Is IST_0 spanning? : True
Is IST_1 spanning? : True
Is IST_2 spanning? : True
Is IST_3 spanning? : True
Is IST_4 spanning? : True
Is IST_5 spanning? : True
Are all ISTs independent? : True

====TEST CR(422, 68, 136)====
Is IST_0 spanning? : True
Is IST_1 spanning? : True
Is IST_2 spanning? : True
Is IST_3 spanning? : True
Is IST_4 spanning? : True
Is IST_5 spanning? : True
Are all ISTs independent? : True

====TEST CR(423, 68, 136)====
Is IST_0 spanning? : True
Is IST_1 spanning? : True
Is IST_2 spanning? : True
Is IST_3 spanning? : True
Is IST_4 spanning? : True
Is IST_5 spanning? : True
Are all ISTs independent? : True

====TEST CR(424, 68, 136)====
Is IST_0 spanning? : True
Is IST_1 spanning? : True
Is IST_2 spanning? : True
Is IST_3 spanning? : True
Is IST_4 spanning? : True
Is IST_5 spanning? : True
Are all ISTs independent? : True

====TEST CR(425, 68, 136)====
Is IST_0 spanning? : True
Is IST_1 spanning? : True
Is IST_2 spanning? : True
Is IST_3 spanning? : True
Is IST_4 spanning? : True
Is IST_5 spanning? : True
Are all ISTs independent? : True

====TEST CR(426, 68, 136)====
Is IST_0 spanning? : True
Is IST_1 spanning? : True
Is IST_2 spanning? : True
Is IST_3 spanning? : True
Is IST_4 spanning? : True
Is IST_5 spanning? : True
Are all ISTs independent? : True

====TEST CR(427, 68, 136)====
Is IST_0 spanning? : True
Is IST_1 spanning? : True
Is IST_2 spanning? : True
Is IST_3 spanning? : True
Is IST_4 spanning? : True
Is IST_5 spanning? : True
Are all ISTs independent? : True

====TEST CR(428, 68, 136)====
Is IST_0 spanning? : True
Is IST_1 spanning? : True
Is IST_2 spanning? : True
Is IST_3 spanning? : True
Is IST_4 spanning? : True
Is IST_5 spanning? : True
Are all ISTs independent? : True

====TEST CR(429, 68, 136)====
Is IST_0 spanning? : True
Is IST_1 spanning? : True
Is IST_2 spanning? : True
Is IST_3 spanning? : True
Is IST_4 spanning? : True
Is IST_5 spanning? : True
Are all ISTs independent? : True

====TEST CR(430, 68, 136)====
Is IST_0 spanning? : True
Is IST_1 spanning? : True
Is IST_2 spanning? : True
Is IST_3 spanning? : True
Is IST_4 spanning? : True
Is IST_5 spanning? : True
Are all ISTs independent? : True

====TEST CR(431, 68, 136)====
Is IST_0 spanning? : True
Is IST_1 spanning? : True
Is IST_2 spanning? : True
Is IST_3 spanning? : True
Is IST_4 spanning? : True
Is IST_5 spanning? : True
Are all ISTs independent? : True

====TEST CR(432, 68, 136)====
Is IST_0 spanning? : True
Is IST_1 spanning? : True
Is IST_2 spanning? : True
Is IST_3 spanning? : True
Is IST_4 spanning? : True
Is IST_5 spanning? : True
Are all ISTs independent? : True

====TEST CR(433, 68, 136)====
Is IST_0 spanning? : True
Is IST_1 spanning? : True
Is IST_2 spanning? : True
Is IST_3 spanning? : True
Is IST_4 spanning? : True
Is IST_5 spanning? : True
Are all ISTs independent? : True

====TEST CR(434, 68, 136)====
Is IST_0 spanning? : True
Is IST_1 spanning? : True
Is IST_2 spanning? : True
Is IST_3 spanning? : True
Is IST_4 spanning? : True
Is IST_5 spanning? : True
Are all ISTs independent? : True

====TEST CR(435, 68, 136)====
Is IST_0 spanning? : True
Is IST_1 spanning? : True
Is IST_2 spanning? : True
Is IST_3 spanning? : True
Is IST_4 spanning? : True
Is IST_5 spanning? : True
Are all ISTs independent? : True

====TEST CR(436, 68, 136)====
Is IST_0 spanning? : True
Is IST_1 spanning? : True
Is IST_2 spanning? : True
Is IST_3 spanning? : True
Is IST_4 spanning? : True
Is IST_5 spanning? : True
Are all ISTs independent? : True

====TEST CR(437, 68, 136)====
Is IST_0 spanning? : True
Is IST_1 spanning? : True
Is IST_2 spanning? : True
Is IST_3 spanning? : True
Is IST_4 spanning? : True
Is IST_5 spanning? : True
Are all ISTs independent? : True

====TEST CR(438, 68, 136)====
Is IST_0 spanning? : True
Is IST_1 spanning? : True
Is IST_2 spanning? : True
Is IST_3 spanning? : True
Is IST_4 spanning? : True
Is IST_5 spanning? : True
Are all ISTs independent? : True

====TEST CR(439, 68, 136)====
Is IST_0 spanning? : True
Is IST_1 spanning? : True
Is IST_2 spanning? : True
Is IST_3 spanning? : True
Is IST_4 spanning? : True
Is IST_5 spanning? : True
Are all ISTs independent? : True

====TEST CR(440, 68, 136)====
Is IST_0 spanning? : True
Is IST_1 spanning? : True
Is IST_2 spanning? : True
Is IST_3 spanning? : True
Is IST_4 spanning? : True
Is IST_5 spanning? : True
Are all ISTs independent? : True

====TEST CR(441, 68, 136)====
Is IST_0 spanning? : True
Is IST_1 spanning? : True
Is IST_2 spanning? : True
Is IST_3 spanning? : True
Is IST_4 spanning? : True
Is IST_5 spanning? : True
Are all ISTs independent? : True

====TEST CR(442, 68, 136)====
Is IST_0 spanning? : True
Is IST_1 spanning? : True
Is IST_2 spanning? : True
Is IST_3 spanning? : True
Is IST_4 spanning? : True
Is IST_5 spanning? : True
Are all ISTs independent? : True

====TEST CR(443, 68, 136)====
Is IST_0 spanning? : True
Is IST_1 spanning? : True
Is IST_2 spanning? : True
Is IST_3 spanning? : True
Is IST_4 spanning? : True
Is IST_5 spanning? : True
Are all ISTs independent? : True

====TEST CR(444, 68, 136)====
Is IST_0 spanning? : True
Is IST_1 spanning? : True
Is IST_2 spanning? : True
Is IST_3 spanning? : True
Is IST_4 spanning? : True
Is IST_5 spanning? : True
Are all ISTs independent? : True

====TEST CR(445, 68, 136)====
Is IST_0 spanning? : True
Is IST_1 spanning? : True
Is IST_2 spanning? : True
Is IST_3 spanning? : True
Is IST_4 spanning? : True
Is IST_5 spanning? : True
Are all ISTs independent? : True

====TEST CR(446, 68, 136)====
Is IST_0 spanning? : True
Is IST_1 spanning? : True
Is IST_2 spanning? : True
Is IST_3 spanning? : True
Is IST_4 spanning? : True
Is IST_5 spanning? : True
Are all ISTs independent? : True

====TEST CR(447, 68, 136)====
Is IST_0 spanning? : True
Is IST_1 spanning? : True
Is IST_2 spanning? : True
Is IST_3 spanning? : True
Is IST_4 spanning? : True
Is IST_5 spanning? : True
Are all ISTs independent? : True

====TEST CR(448, 68, 136)====
Is IST_0 spanning? : True
Is IST_1 spanning? : True
Is IST_2 spanning? : True
Is IST_3 spanning? : True
Is IST_4 spanning? : True
Is IST_5 spanning? : True
Are all ISTs independent? : True

====TEST CR(449, 68, 136)====
Is IST_0 spanning? : True
Is IST_1 spanning? : True
Is IST_2 spanning? : True
Is IST_3 spanning? : True
Is IST_4 spanning? : True
Is IST_5 spanning? : True
Are all ISTs independent? : True

====TEST CR(450, 68, 136)====
Is IST_0 spanning? : True
Is IST_1 spanning? : True
Is IST_2 spanning? : True
Is IST_3 spanning? : True
Is IST_4 spanning? : True
Is IST_5 spanning? : True
Are all ISTs independent? : True

====TEST CR(451, 68, 136)====
Is IST_0 spanning? : True
Is IST_1 spanning? : True
Is IST_2 spanning? : True
Is IST_3 spanning? : True
Is IST_4 spanning? : True
Is IST_5 spanning? : True
Are all ISTs independent? : True

====TEST CR(452, 68, 136)====
Is IST_0 spanning? : True
Is IST_1 spanning? : True
Is IST_2 spanning? : True
Is IST_3 spanning? : True
Is IST_4 spanning? : True
Is IST_5 spanning? : True
Are all ISTs independent? : True

====TEST CR(453, 68, 136)====
Is IST_0 spanning? : True
Is IST_1 spanning? : True
Is IST_2 spanning? : True
Is IST_3 spanning? : True
Is IST_4 spanning? : True
Is IST_5 spanning? : True
Are all ISTs independent? : True

====TEST CR(454, 68, 136)====
Is IST_0 spanning? : True
Is IST_1 spanning? : True
Is IST_2 spanning? : True
Is IST_3 spanning? : True
Is IST_4 spanning? : True
Is IST_5 spanning? : True
Are all ISTs independent? : True

====TEST CR(455, 68, 136)====
Is IST_0 spanning? : True
Is IST_1 spanning? : True
Is IST_2 spanning? : True
Is IST_3 spanning? : True
Is IST_4 spanning? : True
Is IST_5 spanning? : True
Are all ISTs independent? : True

====TEST CR(456, 68, 136)====
Is IST_0 spanning? : True
Is IST_1 spanning? : True
Is IST_2 spanning? : True
Is IST_3 spanning? : True
Is IST_4 spanning? : True
Is IST_5 spanning? : True
Are all ISTs independent? : True

====TEST CR(457, 68, 136)====
Is IST_0 spanning? : True
Is IST_1 spanning? : True
Is IST_2 spanning? : True
Is IST_3 spanning? : True
Is IST_4 spanning? : True
Is IST_5 spanning? : True
Are all ISTs independent? : True

====TEST CR(458, 68, 136)====
Is IST_0 spanning? : True
Is IST_1 spanning? : True
Is IST_2 spanning? : True
Is IST_3 spanning? : True
Is IST_4 spanning? : True
Is IST_5 spanning? : True
Are all ISTs independent? : True

====TEST CR(459, 68, 136)====
Is IST_0 spanning? : True
Is IST_1 spanning? : True
Is IST_2 spanning? : True
Is IST_3 spanning? : True
Is IST_4 spanning? : True
Is IST_5 spanning? : True
Are all ISTs independent? : True

====TEST CR(460, 68, 136)====
Is IST_0 spanning? : True
Is IST_1 spanning? : True
Is IST_2 spanning? : True
Is IST_3 spanning? : True
Is IST_4 spanning? : True
Is IST_5 spanning? : True
Are all ISTs independent? : True

====TEST CR(461, 68, 136)====
Is IST_0 spanning? : True
Is IST_1 spanning? : True
Is IST_2 spanning? : True
Is IST_3 spanning? : True
Is IST_4 spanning? : True
Is IST_5 spanning? : True
Are all ISTs independent? : True

====TEST CR(462, 68, 136)====
Is IST_0 spanning? : True
Is IST_1 spanning? : True
Is IST_2 spanning? : True
Is IST_3 spanning? : True
Is IST_4 spanning? : True
Is IST_5 spanning? : True
Are all ISTs independent? : True

====TEST CR(463, 68, 136)====
Is IST_0 spanning? : True
Is IST_1 spanning? : True
Is IST_2 spanning? : True
Is IST_3 spanning? : True
Is IST_4 spanning? : True
Is IST_5 spanning? : True
Are all ISTs independent? : True

====TEST CR(464, 68, 136)====
Is IST_0 spanning? : True
Is IST_1 spanning? : True
Is IST_2 spanning? : True
Is IST_3 spanning? : True
Is IST_4 spanning? : True
Is IST_5 spanning? : True
Are all ISTs independent? : True

====TEST CR(465, 68, 136)====
Is IST_0 spanning? : True
Is IST_1 spanning? : True
Is IST_2 spanning? : True
Is IST_3 spanning? : True
Is IST_4 spanning? : True
Is IST_5 spanning? : True
Are all ISTs independent? : True

====TEST CR(466, 68, 136)====
Is IST_0 spanning? : True
Is IST_1 spanning? : True
Is IST_2 spanning? : True
Is IST_3 spanning? : True
Is IST_4 spanning? : True
Is IST_5 spanning? : True
Are all ISTs independent? : True

====TEST CR(467, 68, 136)====
Is IST_0 spanning? : True
Is IST_1 spanning? : True
Is IST_2 spanning? : True
Is IST_3 spanning? : True
Is IST_4 spanning? : True
Is IST_5 spanning? : True
Are all ISTs independent? : True

====TEST CR(468, 68, 136)====
Is IST_0 spanning? : True
Is IST_1 spanning? : True
Is IST_2 spanning? : True
Is IST_3 spanning? : True
Is IST_4 spanning? : True
Is IST_5 spanning? : True
Are all ISTs independent? : True

====TEST CR(469, 68, 136)====
Is IST_0 spanning? : True
Is IST_1 spanning? : True
Is IST_2 spanning? : True
Is IST_3 spanning? : True
Is IST_4 spanning? : True
Is IST_5 spanning? : True
Are all ISTs independent? : True

====TEST CR(470, 68, 136)====
Is IST_0 spanning? : True
Is IST_1 spanning? : True
Is IST_2 spanning? : True
Is IST_3 spanning? : True
Is IST_4 spanning? : True
Is IST_5 spanning? : True
Are all ISTs independent? : True

====TEST CR(471, 68, 136)====
Is IST_0 spanning? : True
Is IST_1 spanning? : True
Is IST_2 spanning? : True
Is IST_3 spanning? : True
Is IST_4 spanning? : True
Is IST_5 spanning? : True
Are all ISTs independent? : True

====TEST CR(472, 68, 136)====
Is IST_0 spanning? : True
Is IST_1 spanning? : True
Is IST_2 spanning? : True
Is IST_3 spanning? : True
Is IST_4 spanning? : True
Is IST_5 spanning? : True
Are all ISTs independent? : True

====TEST CR(473, 68, 136)====
Is IST_0 spanning? : True
Is IST_1 spanning? : True
Is IST_2 spanning? : True
Is IST_3 spanning? : True
Is IST_4 spanning? : True
Is IST_5 spanning? : True
Are all ISTs independent? : True

====TEST CR(474, 68, 136)====
Is IST_0 spanning? : True
Is IST_1 spanning? : True
Is IST_2 spanning? : True
Is IST_3 spanning? : True
Is IST_4 spanning? : True
Is IST_5 spanning? : True
Are all ISTs independent? : True

====TEST CR(475, 68, 136)====
Is IST_0 spanning? : True
Is IST_1 spanning? : True
Is IST_2 spanning? : True
Is IST_3 spanning? : True
Is IST_4 spanning? : True
Is IST_5 spanning? : True
Are all ISTs independent? : True

====TEST CR(476, 68, 136)====
Is IST_0 spanning? : True
Is IST_1 spanning? : True
Is IST_2 spanning? : True
Is IST_3 spanning? : True
Is IST_4 spanning? : True
Is IST_5 spanning? : True
Are all ISTs independent? : True

====TEST CR(477, 68, 136)====
Is IST_0 spanning? : True
Is IST_1 spanning? : True
Is IST_2 spanning? : True
Is IST_3 spanning? : True
Is IST_4 spanning? : True
Is IST_5 spanning? : True
Are all ISTs independent? : True

====TEST CR(478, 68, 136)====
Is IST_0 spanning? : True
Is IST_1 spanning? : True
Is IST_2 spanning? : True
Is IST_3 spanning? : True
Is IST_4 spanning? : True
Is IST_5 spanning? : True
Are all ISTs independent? : True

====TEST CR(479, 68, 136)====
Is IST_0 spanning? : True
Is IST_1 spanning? : True
Is IST_2 spanning? : True
Is IST_3 spanning? : True
Is IST_4 spanning? : True
Is IST_5 spanning? : True
Are all ISTs independent? : True

====TEST CR(480, 68, 136)====
Is IST_0 spanning? : True
Is IST_1 spanning? : True
Is IST_2 spanning? : True
Is IST_3 spanning? : True
Is IST_4 spanning? : True
Is IST_5 spanning? : True
Are all ISTs independent? : True

====TEST CR(481, 68, 136)====
Is IST_0 spanning? : True
Is IST_1 spanning? : True
Is IST_2 spanning? : True
Is IST_3 spanning? : True
Is IST_4 spanning? : True
Is IST_5 spanning? : True
Are all ISTs independent? : True

====TEST CR(482, 68, 136)====
Is IST_0 spanning? : True
Is IST_1 spanning? : True
Is IST_2 spanning? : True
Is IST_3 spanning? : True
Is IST_4 spanning? : True
Is IST_5 spanning? : True
Are all ISTs independent? : True

====TEST CR(483, 68, 136)====
Is IST_0 spanning? : True
Is IST_1 spanning? : True
Is IST_2 spanning? : True
Is IST_3 spanning? : True
Is IST_4 spanning? : True
Is IST_5 spanning? : True
Are all ISTs independent? : True

====TEST CR(484, 68, 136)====
Is IST_0 spanning? : True
Is IST_1 spanning? : True
Is IST_2 spanning? : True
Is IST_3 spanning? : True
Is IST_4 spanning? : True
Is IST_5 spanning? : True
Are all ISTs independent? : True

====TEST CR(485, 68, 136)====
Is IST_0 spanning? : True
Is IST_1 spanning? : True
Is IST_2 spanning? : True
Is IST_3 spanning? : True
Is IST_4 spanning? : True
Is IST_5 spanning? : True
Are all ISTs independent? : True

====TEST CR(486, 68, 136)====
Is IST_0 spanning? : True
Is IST_1 spanning? : True
Is IST_2 spanning? : True
Is IST_3 spanning? : True
Is IST_4 spanning? : True
Is IST_5 spanning? : True
Are all ISTs independent? : True

====TEST CR(487, 68, 136)====
Is IST_0 spanning? : True
Is IST_1 spanning? : True
Is IST_2 spanning? : True
Is IST_3 spanning? : True
Is IST_4 spanning? : True
Is IST_5 spanning? : True
Are all ISTs independent? : True

====TEST CR(488, 68, 136)====
Is IST_0 spanning? : True
Is IST_1 spanning? : True
Is IST_2 spanning? : True
Is IST_3 spanning? : True
Is IST_4 spanning? : True
Is IST_5 spanning? : True
Are all ISTs independent? : True

====TEST CR(489, 68, 136)====
Is IST_0 spanning? : True
Is IST_1 spanning? : True
Is IST_2 spanning? : True
Is IST_3 spanning? : True
Is IST_4 spanning? : True
Is IST_5 spanning? : True
Are all ISTs independent? : True

====TEST CR(490, 68, 136)====
Is IST_0 spanning? : True
Is IST_1 spanning? : True
Is IST_2 spanning? : True
Is IST_3 spanning? : True
Is IST_4 spanning? : True
Is IST_5 spanning? : True
Are all ISTs independent? : True

====TEST CR(491, 68, 136)====
Is IST_0 spanning? : True
Is IST_1 spanning? : True
Is IST_2 spanning? : True
Is IST_3 spanning? : True
Is IST_4 spanning? : True
Is IST_5 spanning? : True
Are all ISTs independent? : True

====TEST CR(492, 68, 136)====
Is IST_0 spanning? : True
Is IST_1 spanning? : True
Is IST_2 spanning? : True
Is IST_3 spanning? : True
Is IST_4 spanning? : True
Is IST_5 spanning? : True
Are all ISTs independent? : True

====TEST CR(493, 68, 136)====
Is IST_0 spanning? : True
Is IST_1 spanning? : True
Is IST_2 spanning? : True
Is IST_3 spanning? : True
Is IST_4 spanning? : True
Is IST_5 spanning? : True
Are all ISTs independent? : True

====TEST CR(494, 68, 136)====
Is IST_0 spanning? : True
Is IST_1 spanning? : True
Is IST_2 spanning? : True
Is IST_3 spanning? : True
Is IST_4 spanning? : True
Is IST_5 spanning? : True
Are all ISTs independent? : True

====TEST CR(495, 68, 136)====
Is IST_0 spanning? : True
Is IST_1 spanning? : True
Is IST_2 spanning? : True
Is IST_3 spanning? : True
Is IST_4 spanning? : True
Is IST_5 spanning? : True
Are all ISTs independent? : True

====TEST CR(496, 68, 136)====
Is IST_0 spanning? : True
Is IST_1 spanning? : True
Is IST_2 spanning? : True
Is IST_3 spanning? : True
Is IST_4 spanning? : True
Is IST_5 spanning? : True
Are all ISTs independent? : True

====TEST CR(497, 68, 136)====
Is IST_0 spanning? : True
Is IST_1 spanning? : True
Is IST_2 spanning? : True
Is IST_3 spanning? : True
Is IST_4 spanning? : True
Is IST_5 spanning? : True
Are all ISTs independent? : True

====TEST CR(498, 68, 136)====
Is IST_0 spanning? : True
Is IST_1 spanning? : True
Is IST_2 spanning? : True
Is IST_3 spanning? : True
Is IST_4 spanning? : True
Is IST_5 spanning? : True
Are all ISTs independent? : True

====TEST CR(499, 68, 136)====
Is IST_0 spanning? : True
Is IST_1 spanning? : True
Is IST_2 spanning? : True
Is IST_3 spanning? : True
Is IST_4 spanning? : True
Is IST_5 spanning? : True
Are all ISTs independent? : True

====TEST CR(500, 68, 136)====
Is IST_0 spanning? : True
Is IST_1 spanning? : True
Is IST_2 spanning? : True
Is IST_3 spanning? : True
Is IST_4 spanning? : True
Is IST_5 spanning? : True
Are all ISTs independent? : True

====TEST CR(501, 68, 136)====
Is IST_0 spanning? : True
Is IST_1 spanning? : True
Is IST_2 spanning? : True
Is IST_3 spanning? : True
Is IST_4 spanning? : True
Is IST_5 spanning? : True
Are all ISTs independent? : True

====TEST CR(502, 68, 136)====
Is IST_0 spanning? : True
Is IST_1 spanning? : True
Is IST_2 spanning? : True
Is IST_3 spanning? : True
Is IST_4 spanning? : True
Is IST_5 spanning? : True
Are all ISTs independent? : True

====TEST CR(503, 68, 136)====
Is IST_0 spanning? : True
Is IST_1 spanning? : True
Is IST_2 spanning? : True
Is IST_3 spanning? : True
Is IST_4 spanning? : True
Is IST_5 spanning? : True
Are all ISTs independent? : True

====TEST CR(504, 68, 136)====
Is IST_0 spanning? : True
Is IST_1 spanning? : True
Is IST_2 spanning? : True
Is IST_3 spanning? : True
Is IST_4 spanning? : True
Is IST_5 spanning? : True
Are all ISTs independent? : True

====TEST CR(505, 68, 136)====
Is IST_0 spanning? : True
Is IST_1 spanning? : True
Is IST_2 spanning? : True
Is IST_3 spanning? : True
Is IST_4 spanning? : True
Is IST_5 spanning? : True
Are all ISTs independent? : True

====TEST CR(506, 68, 136)====
Is IST_0 spanning? : True
Is IST_1 spanning? : True
Is IST_2 spanning? : True
Is IST_3 spanning? : True
Is IST_4 spanning? : True
Is IST_5 spanning? : True
Are all ISTs independent? : True

====TEST CR(507, 68, 136)====
Is IST_0 spanning? : True
Is IST_1 spanning? : True
Is IST_2 spanning? : True
Is IST_3 spanning? : True
Is IST_4 spanning? : True
Is IST_5 spanning? : True
Are all ISTs independent? : True

====TEST CR(508, 68, 136)====
Is IST_0 spanning? : True
Is IST_1 spanning? : True
Is IST_2 spanning? : True
Is IST_3 spanning? : True
Is IST_4 spanning? : True
Is IST_5 spanning? : True
Are all ISTs independent? : True

====TEST CR(509, 68, 136)====
Is IST_0 spanning? : True
Is IST_1 spanning? : True
Is IST_2 spanning? : True
Is IST_3 spanning? : True
Is IST_4 spanning? : True
Is IST_5 spanning? : True
Are all ISTs independent? : True

====TEST CR(510, 68, 136)====
Is IST_0 spanning? : True
Is IST_1 spanning? : True
Is IST_2 spanning? : True
Is IST_3 spanning? : True
Is IST_4 spanning? : True
Is IST_5 spanning? : True
Are all ISTs independent? : True

====TEST CR(511, 68, 136)====
Is IST_0 spanning? : True
Is IST_1 spanning? : True
Is IST_2 spanning? : True
Is IST_3 spanning? : True
Is IST_4 spanning? : True
Is IST_5 spanning? : True
Are all ISTs independent? : True

====TEST CR(512, 68, 136)====
Is IST_0 spanning? : True
Is IST_1 spanning? : True
Is IST_2 spanning? : True
Is IST_3 spanning? : True
Is IST_4 spanning? : True
Is IST_5 spanning? : True
Are all ISTs independent? : True

====TEST CR(513, 68, 136)====
Is IST_0 spanning? : True
Is IST_1 spanning? : True
Is IST_2 spanning? : True
Is IST_3 spanning? : True
Is IST_4 spanning? : True
Is IST_5 spanning? : True
Are all ISTs independent? : True

====TEST CR(514, 68, 136)====
Is IST_0 spanning? : True
Is IST_1 spanning? : True
Is IST_2 spanning? : True
Is IST_3 spanning? : True
Is IST_4 spanning? : True
Is IST_5 spanning? : True
Are all ISTs independent? : True

====TEST CR(515, 68, 136)====
Is IST_0 spanning? : True
Is IST_1 spanning? : True
Is IST_2 spanning? : True
Is IST_3 spanning? : True
Is IST_4 spanning? : True
Is IST_5 spanning? : True
Are all ISTs independent? : True

====TEST CR(516, 68, 136)====
Is IST_0 spanning? : True
Is IST_1 spanning? : True
Is IST_2 spanning? : True
Is IST_3 spanning? : True
Is IST_4 spanning? : True
Is IST_5 spanning? : True
Are all ISTs independent? : True

====TEST CR(517, 68, 136)====
Is IST_0 spanning? : True
Is IST_1 spanning? : True
Is IST_2 spanning? : True
Is IST_3 spanning? : True
Is IST_4 spanning? : True
Is IST_5 spanning? : True
Are all ISTs independent? : True

====TEST CR(518, 68, 136)====
Is IST_0 spanning? : True
Is IST_1 spanning? : True
Is IST_2 spanning? : True
Is IST_3 spanning? : True
Is IST_4 spanning? : True
Is IST_5 spanning? : True
Are all ISTs independent? : True

====TEST CR(519, 68, 136)====
Is IST_0 spanning? : True
Is IST_1 spanning? : True
Is IST_2 spanning? : True
Is IST_3 spanning? : True
Is IST_4 spanning? : True
Is IST_5 spanning? : True
Are all ISTs independent? : True

====TEST CR(520, 68, 136)====
Is IST_0 spanning? : True
Is IST_1 spanning? : True
Is IST_2 spanning? : True
Is IST_3 spanning? : True
Is IST_4 spanning? : True
Is IST_5 spanning? : True
Are all ISTs independent? : True

====TEST CR(521, 68, 136)====
Is IST_0 spanning? : True
Is IST_1 spanning? : True
Is IST_2 spanning? : True
Is IST_3 spanning? : True
Is IST_4 spanning? : True
Is IST_5 spanning? : True
Are all ISTs independent? : True

====TEST CR(522, 68, 136)====
Is IST_0 spanning? : True
Is IST_1 spanning? : True
Is IST_2 spanning? : True
Is IST_3 spanning? : True
Is IST_4 spanning? : True
Is IST_5 spanning? : True
Are all ISTs independent? : True

====TEST CR(523, 68, 136)====
Is IST_0 spanning? : True
Is IST_1 spanning? : True
Is IST_2 spanning? : True
Is IST_3 spanning? : True
Is IST_4 spanning? : True
Is IST_5 spanning? : True
Are all ISTs independent? : True

====TEST CR(524, 68, 136)====
Is IST_0 spanning? : True
Is IST_1 spanning? : True
Is IST_2 spanning? : True
Is IST_3 spanning? : True
Is IST_4 spanning? : True
Is IST_5 spanning? : True
Are all ISTs independent? : True

====TEST CR(525, 68, 136)====
Is IST_0 spanning? : True
Is IST_1 spanning? : True
Is IST_2 spanning? : True
Is IST_3 spanning? : True
Is IST_4 spanning? : True
Is IST_5 spanning? : True
Are all ISTs independent? : True

====TEST CR(526, 68, 136)====
Is IST_0 spanning? : True
Is IST_1 spanning? : True
Is IST_2 spanning? : True
Is IST_3 spanning? : True
Is IST_4 spanning? : True
Is IST_5 spanning? : True
Are all ISTs independent? : True

====TEST CR(527, 68, 136)====
Is IST_0 spanning? : True
Is IST_1 spanning? : True
Is IST_2 spanning? : True
Is IST_3 spanning? : True
Is IST_4 spanning? : True
Is IST_5 spanning? : True
Are all ISTs independent? : True

====TEST CR(528, 68, 136)====
Is IST_0 spanning? : True
Is IST_1 spanning? : True
Is IST_2 spanning? : True
Is IST_3 spanning? : True
Is IST_4 spanning? : True
Is IST_5 spanning? : True
Are all ISTs independent? : True

====TEST CR(529, 68, 136)====
Is IST_0 spanning? : True
Is IST_1 spanning? : True
Is IST_2 spanning? : True
Is IST_3 spanning? : True
Is IST_4 spanning? : True
Is IST_5 spanning? : True
Are all ISTs independent? : True

====TEST CR(530, 68, 136)====
Is IST_0 spanning? : True
Is IST_1 spanning? : True
Is IST_2 spanning? : True
Is IST_3 spanning? : True
Is IST_4 spanning? : True
Is IST_5 spanning? : True
Are all ISTs independent? : True

====TEST CR(531, 68, 136)====
Is IST_0 spanning? : True
Is IST_1 spanning? : True
Is IST_2 spanning? : True
Is IST_3 spanning? : True
Is IST_4 spanning? : True
Is IST_5 spanning? : True
Are all ISTs independent? : True

====TEST CR(532, 68, 136)====
Is IST_0 spanning? : True
Is IST_1 spanning? : True
Is IST_2 spanning? : True
Is IST_3 spanning? : True
Is IST_4 spanning? : True
Is IST_5 spanning? : True
Are all ISTs independent? : True

====TEST CR(533, 68, 136)====
Is IST_0 spanning? : True
Is IST_1 spanning? : True
Is IST_2 spanning? : True
Is IST_3 spanning? : True
Is IST_4 spanning? : True
Is IST_5 spanning? : True
Are all ISTs independent? : True

====TEST CR(534, 68, 136)====
Is IST_0 spanning? : True
Is IST_1 spanning? : True
Is IST_2 spanning? : True
Is IST_3 spanning? : True
Is IST_4 spanning? : True
Is IST_5 spanning? : True
Are all ISTs independent? : True

====TEST CR(535, 68, 136)====
Is IST_0 spanning? : True
Is IST_1 spanning? : True
Is IST_2 spanning? : True
Is IST_3 spanning? : True
Is IST_4 spanning? : True
Is IST_5 spanning? : True
Are all ISTs independent? : True

====TEST CR(536, 68, 136)====
Is IST_0 spanning? : True
Is IST_1 spanning? : True
Is IST_2 spanning? : True
Is IST_3 spanning? : True
Is IST_4 spanning? : True
Is IST_5 spanning? : True
Are all ISTs independent? : True

====TEST CR(414, 69, 138)====
Is IST_0 spanning? : True
Is IST_1 spanning? : True
Is IST_2 spanning? : True
Is IST_3 spanning? : True
Is IST_4 spanning? : True
Is IST_5 spanning? : True
Are all ISTs independent? : True

====TEST CR(415, 69, 138)====
Is IST_0 spanning? : True
Is IST_1 spanning? : True
Is IST_2 spanning? : True
Is IST_3 spanning? : True
Is IST_4 spanning? : True
Is IST_5 spanning? : True
Are all ISTs independent? : True

====TEST CR(416, 69, 138)====
Is IST_0 spanning? : True
Is IST_1 spanning? : True
Is IST_2 spanning? : True
Is IST_3 spanning? : True
Is IST_4 spanning? : True
Is IST_5 spanning? : True
Are all ISTs independent? : True

====TEST CR(417, 69, 138)====
Is IST_0 spanning? : True
Is IST_1 spanning? : True
Is IST_2 spanning? : True
Is IST_3 spanning? : True
Is IST_4 spanning? : True
Is IST_5 spanning? : True
Are all ISTs independent? : True

====TEST CR(418, 69, 138)====
Is IST_0 spanning? : True
Is IST_1 spanning? : True
Is IST_2 spanning? : True
Is IST_3 spanning? : True
Is IST_4 spanning? : True
Is IST_5 spanning? : True
Are all ISTs independent? : True

====TEST CR(419, 69, 138)====
Is IST_0 spanning? : True
Is IST_1 spanning? : True
Is IST_2 spanning? : True
Is IST_3 spanning? : True
Is IST_4 spanning? : True
Is IST_5 spanning? : True
Are all ISTs independent? : True

====TEST CR(420, 69, 138)====
Is IST_0 spanning? : True
Is IST_1 spanning? : True
Is IST_2 spanning? : True
Is IST_3 spanning? : True
Is IST_4 spanning? : True
Is IST_5 spanning? : True
Are all ISTs independent? : True

====TEST CR(421, 69, 138)====
Is IST_0 spanning? : True
Is IST_1 spanning? : True
Is IST_2 spanning? : True
Is IST_3 spanning? : True
Is IST_4 spanning? : True
Is IST_5 spanning? : True
Are all ISTs independent? : True

====TEST CR(422, 69, 138)====
Is IST_0 spanning? : True
Is IST_1 spanning? : True
Is IST_2 spanning? : True
Is IST_3 spanning? : True
Is IST_4 spanning? : True
Is IST_5 spanning? : True
Are all ISTs independent? : True

====TEST CR(423, 69, 138)====
Is IST_0 spanning? : True
Is IST_1 spanning? : True
Is IST_2 spanning? : True
Is IST_3 spanning? : True
Is IST_4 spanning? : True
Is IST_5 spanning? : True
Are all ISTs independent? : True

====TEST CR(424, 69, 138)====
Is IST_0 spanning? : True
Is IST_1 spanning? : True
Is IST_2 spanning? : True
Is IST_3 spanning? : True
Is IST_4 spanning? : True
Is IST_5 spanning? : True
Are all ISTs independent? : True

====TEST CR(425, 69, 138)====
Is IST_0 spanning? : True
Is IST_1 spanning? : True
Is IST_2 spanning? : True
Is IST_3 spanning? : True
Is IST_4 spanning? : True
Is IST_5 spanning? : True
Are all ISTs independent? : True

====TEST CR(426, 69, 138)====
Is IST_0 spanning? : True
Is IST_1 spanning? : True
Is IST_2 spanning? : True
Is IST_3 spanning? : True
Is IST_4 spanning? : True
Is IST_5 spanning? : True
Are all ISTs independent? : True

====TEST CR(427, 69, 138)====
Is IST_0 spanning? : True
Is IST_1 spanning? : True
Is IST_2 spanning? : True
Is IST_3 spanning? : True
Is IST_4 spanning? : True
Is IST_5 spanning? : True
Are all ISTs independent? : True

====TEST CR(428, 69, 138)====
Is IST_0 spanning? : True
Is IST_1 spanning? : True
Is IST_2 spanning? : True
Is IST_3 spanning? : True
Is IST_4 spanning? : True
Is IST_5 spanning? : True
Are all ISTs independent? : True

====TEST CR(429, 69, 138)====
Is IST_0 spanning? : True
Is IST_1 spanning? : True
Is IST_2 spanning? : True
Is IST_3 spanning? : True
Is IST_4 spanning? : True
Is IST_5 spanning? : True
Are all ISTs independent? : True

====TEST CR(430, 69, 138)====
Is IST_0 spanning? : True
Is IST_1 spanning? : True
Is IST_2 spanning? : True
Is IST_3 spanning? : True
Is IST_4 spanning? : True
Is IST_5 spanning? : True
Are all ISTs independent? : True

====TEST CR(431, 69, 138)====
Is IST_0 spanning? : True
Is IST_1 spanning? : True
Is IST_2 spanning? : True
Is IST_3 spanning? : True
Is IST_4 spanning? : True
Is IST_5 spanning? : True
Are all ISTs independent? : True

====TEST CR(432, 69, 138)====
Is IST_0 spanning? : True
Is IST_1 spanning? : True
Is IST_2 spanning? : True
Is IST_3 spanning? : True
Is IST_4 spanning? : True
Is IST_5 spanning? : True
Are all ISTs independent? : True

====TEST CR(433, 69, 138)====
Is IST_0 spanning? : True
Is IST_1 spanning? : True
Is IST_2 spanning? : True
Is IST_3 spanning? : True
Is IST_4 spanning? : True
Is IST_5 spanning? : True
Are all ISTs independent? : True

====TEST CR(434, 69, 138)====
Is IST_0 spanning? : True
Is IST_1 spanning? : True
Is IST_2 spanning? : True
Is IST_3 spanning? : True
Is IST_4 spanning? : True
Is IST_5 spanning? : True
Are all ISTs independent? : True

====TEST CR(435, 69, 138)====
Is IST_0 spanning? : True
Is IST_1 spanning? : True
Is IST_2 spanning? : True
Is IST_3 spanning? : True
Is IST_4 spanning? : True
Is IST_5 spanning? : True
Are all ISTs independent? : True

====TEST CR(436, 69, 138)====
Is IST_0 spanning? : True
Is IST_1 spanning? : True
Is IST_2 spanning? : True
Is IST_3 spanning? : True
Is IST_4 spanning? : True
Is IST_5 spanning? : True
Are all ISTs independent? : True

====TEST CR(437, 69, 138)====
Is IST_0 spanning? : True
Is IST_1 spanning? : True
Is IST_2 spanning? : True
Is IST_3 spanning? : True
Is IST_4 spanning? : True
Is IST_5 spanning? : True
Are all ISTs independent? : True

====TEST CR(438, 69, 138)====
Is IST_0 spanning? : True
Is IST_1 spanning? : True
Is IST_2 spanning? : True
Is IST_3 spanning? : True
Is IST_4 spanning? : True
Is IST_5 spanning? : True
Are all ISTs independent? : True

====TEST CR(439, 69, 138)====
Is IST_0 spanning? : True
Is IST_1 spanning? : True
Is IST_2 spanning? : True
Is IST_3 spanning? : True
Is IST_4 spanning? : True
Is IST_5 spanning? : True
Are all ISTs independent? : True

====TEST CR(440, 69, 138)====
Is IST_0 spanning? : True
Is IST_1 spanning? : True
Is IST_2 spanning? : True
Is IST_3 spanning? : True
Is IST_4 spanning? : True
Is IST_5 spanning? : True
Are all ISTs independent? : True

====TEST CR(441, 69, 138)====
Is IST_0 spanning? : True
Is IST_1 spanning? : True
Is IST_2 spanning? : True
Is IST_3 spanning? : True
Is IST_4 spanning? : True
Is IST_5 spanning? : True
Are all ISTs independent? : True

====TEST CR(442, 69, 138)====
Is IST_0 spanning? : True
Is IST_1 spanning? : True
Is IST_2 spanning? : True
Is IST_3 spanning? : True
Is IST_4 spanning? : True
Is IST_5 spanning? : True
Are all ISTs independent? : True

====TEST CR(443, 69, 138)====
Is IST_0 spanning? : True
Is IST_1 spanning? : True
Is IST_2 spanning? : True
Is IST_3 spanning? : True
Is IST_4 spanning? : True
Is IST_5 spanning? : True
Are all ISTs independent? : True

====TEST CR(444, 69, 138)====
Is IST_0 spanning? : True
Is IST_1 spanning? : True
Is IST_2 spanning? : True
Is IST_3 spanning? : True
Is IST_4 spanning? : True
Is IST_5 spanning? : True
Are all ISTs independent? : True

====TEST CR(445, 69, 138)====
Is IST_0 spanning? : True
Is IST_1 spanning? : True
Is IST_2 spanning? : True
Is IST_3 spanning? : True
Is IST_4 spanning? : True
Is IST_5 spanning? : True
Are all ISTs independent? : True

====TEST CR(446, 69, 138)====
Is IST_0 spanning? : True
Is IST_1 spanning? : True
Is IST_2 spanning? : True
Is IST_3 spanning? : True
Is IST_4 spanning? : True
Is IST_5 spanning? : True
Are all ISTs independent? : True

====TEST CR(447, 69, 138)====
Is IST_0 spanning? : True
Is IST_1 spanning? : True
Is IST_2 spanning? : True
Is IST_3 spanning? : True
Is IST_4 spanning? : True
Is IST_5 spanning? : True
Are all ISTs independent? : True

====TEST CR(448, 69, 138)====
Is IST_0 spanning? : True
Is IST_1 spanning? : True
Is IST_2 spanning? : True
Is IST_3 spanning? : True
Is IST_4 spanning? : True
Is IST_5 spanning? : True
Are all ISTs independent? : True

====TEST CR(449, 69, 138)====
Is IST_0 spanning? : True
Is IST_1 spanning? : True
Is IST_2 spanning? : True
Is IST_3 spanning? : True
Is IST_4 spanning? : True
Is IST_5 spanning? : True
Are all ISTs independent? : True

====TEST CR(450, 69, 138)====
Is IST_0 spanning? : True
Is IST_1 spanning? : True
Is IST_2 spanning? : True
Is IST_3 spanning? : True
Is IST_4 spanning? : True
Is IST_5 spanning? : True
Are all ISTs independent? : True

====TEST CR(451, 69, 138)====
Is IST_0 spanning? : True
Is IST_1 spanning? : True
Is IST_2 spanning? : True
Is IST_3 spanning? : True
Is IST_4 spanning? : True
Is IST_5 spanning? : True
Are all ISTs independent? : True

====TEST CR(452, 69, 138)====
Is IST_0 spanning? : True
Is IST_1 spanning? : True
Is IST_2 spanning? : True
Is IST_3 spanning? : True
Is IST_4 spanning? : True
Is IST_5 spanning? : True
Are all ISTs independent? : True

====TEST CR(453, 69, 138)====
Is IST_0 spanning? : True
Is IST_1 spanning? : True
Is IST_2 spanning? : True
Is IST_3 spanning? : True
Is IST_4 spanning? : True
Is IST_5 spanning? : True
Are all ISTs independent? : True

====TEST CR(454, 69, 138)====
Is IST_0 spanning? : True
Is IST_1 spanning? : True
Is IST_2 spanning? : True
Is IST_3 spanning? : True
Is IST_4 spanning? : True
Is IST_5 spanning? : True
Are all ISTs independent? : True

====TEST CR(455, 69, 138)====
Is IST_0 spanning? : True
Is IST_1 spanning? : True
Is IST_2 spanning? : True
Is IST_3 spanning? : True
Is IST_4 spanning? : True
Is IST_5 spanning? : True
Are all ISTs independent? : True

====TEST CR(456, 69, 138)====
Is IST_0 spanning? : True
Is IST_1 spanning? : True
Is IST_2 spanning? : True
Is IST_3 spanning? : True
Is IST_4 spanning? : True
Is IST_5 spanning? : True
Are all ISTs independent? : True

====TEST CR(457, 69, 138)====
Is IST_0 spanning? : True
Is IST_1 spanning? : True
Is IST_2 spanning? : True
Is IST_3 spanning? : True
Is IST_4 spanning? : True
Is IST_5 spanning? : True
Are all ISTs independent? : True

====TEST CR(458, 69, 138)====
Is IST_0 spanning? : True
Is IST_1 spanning? : True
Is IST_2 spanning? : True
Is IST_3 spanning? : True
Is IST_4 spanning? : True
Is IST_5 spanning? : True
Are all ISTs independent? : True

====TEST CR(459, 69, 138)====
Is IST_0 spanning? : True
Is IST_1 spanning? : True
Is IST_2 spanning? : True
Is IST_3 spanning? : True
Is IST_4 spanning? : True
Is IST_5 spanning? : True
Are all ISTs independent? : True

====TEST CR(460, 69, 138)====
Is IST_0 spanning? : True
Is IST_1 spanning? : True
Is IST_2 spanning? : True
Is IST_3 spanning? : True
Is IST_4 spanning? : True
Is IST_5 spanning? : True
Are all ISTs independent? : True

====TEST CR(461, 69, 138)====
Is IST_0 spanning? : True
Is IST_1 spanning? : True
Is IST_2 spanning? : True
Is IST_3 spanning? : True
Is IST_4 spanning? : True
Is IST_5 spanning? : True
Are all ISTs independent? : True

====TEST CR(462, 69, 138)====
Is IST_0 spanning? : True
Is IST_1 spanning? : True
Is IST_2 spanning? : True
Is IST_3 spanning? : True
Is IST_4 spanning? : True
Is IST_5 spanning? : True
Are all ISTs independent? : True

====TEST CR(463, 69, 138)====
Is IST_0 spanning? : True
Is IST_1 spanning? : True
Is IST_2 spanning? : True
Is IST_3 spanning? : True
Is IST_4 spanning? : True
Is IST_5 spanning? : True
Are all ISTs independent? : True

====TEST CR(464, 69, 138)====
Is IST_0 spanning? : True
Is IST_1 spanning? : True
Is IST_2 spanning? : True
Is IST_3 spanning? : True
Is IST_4 spanning? : True
Is IST_5 spanning? : True
Are all ISTs independent? : True

====TEST CR(465, 69, 138)====
Is IST_0 spanning? : True
Is IST_1 spanning? : True
Is IST_2 spanning? : True
Is IST_3 spanning? : True
Is IST_4 spanning? : True
Is IST_5 spanning? : True
Are all ISTs independent? : True

====TEST CR(466, 69, 138)====
Is IST_0 spanning? : True
Is IST_1 spanning? : True
Is IST_2 spanning? : True
Is IST_3 spanning? : True
Is IST_4 spanning? : True
Is IST_5 spanning? : True
Are all ISTs independent? : True

====TEST CR(467, 69, 138)====
Is IST_0 spanning? : True
Is IST_1 spanning? : True
Is IST_2 spanning? : True
Is IST_3 spanning? : True
Is IST_4 spanning? : True
Is IST_5 spanning? : True
Are all ISTs independent? : True

====TEST CR(468, 69, 138)====
Is IST_0 spanning? : True
Is IST_1 spanning? : True
Is IST_2 spanning? : True
Is IST_3 spanning? : True
Is IST_4 spanning? : True
Is IST_5 spanning? : True
Are all ISTs independent? : True

====TEST CR(469, 69, 138)====
Is IST_0 spanning? : True
Is IST_1 spanning? : True
Is IST_2 spanning? : True
Is IST_3 spanning? : True
Is IST_4 spanning? : True
Is IST_5 spanning? : True
Are all ISTs independent? : True

====TEST CR(470, 69, 138)====
Is IST_0 spanning? : True
Is IST_1 spanning? : True
Is IST_2 spanning? : True
Is IST_3 spanning? : True
Is IST_4 spanning? : True
Is IST_5 spanning? : True
Are all ISTs independent? : True

====TEST CR(471, 69, 138)====
Is IST_0 spanning? : True
Is IST_1 spanning? : True
Is IST_2 spanning? : True
Is IST_3 spanning? : True
Is IST_4 spanning? : True
Is IST_5 spanning? : True
Are all ISTs independent? : True

====TEST CR(472, 69, 138)====
Is IST_0 spanning? : True
Is IST_1 spanning? : True
Is IST_2 spanning? : True
Is IST_3 spanning? : True
Is IST_4 spanning? : True
Is IST_5 spanning? : True
Are all ISTs independent? : True

====TEST CR(473, 69, 138)====
Is IST_0 spanning? : True
Is IST_1 spanning? : True
Is IST_2 spanning? : True
Is IST_3 spanning? : True
Is IST_4 spanning? : True
Is IST_5 spanning? : True
Are all ISTs independent? : True

====TEST CR(474, 69, 138)====
Is IST_0 spanning? : True
Is IST_1 spanning? : True
Is IST_2 spanning? : True
Is IST_3 spanning? : True
Is IST_4 spanning? : True
Is IST_5 spanning? : True
Are all ISTs independent? : True

====TEST CR(475, 69, 138)====
Is IST_0 spanning? : True
Is IST_1 spanning? : True
Is IST_2 spanning? : True
Is IST_3 spanning? : True
Is IST_4 spanning? : True
Is IST_5 spanning? : True
Are all ISTs independent? : True

====TEST CR(476, 69, 138)====
Is IST_0 spanning? : True
Is IST_1 spanning? : True
Is IST_2 spanning? : True
Is IST_3 spanning? : True
Is IST_4 spanning? : True
Is IST_5 spanning? : True
Are all ISTs independent? : True

====TEST CR(477, 69, 138)====
Is IST_0 spanning? : True
Is IST_1 spanning? : True
Is IST_2 spanning? : True
Is IST_3 spanning? : True
Is IST_4 spanning? : True
Is IST_5 spanning? : True
Are all ISTs independent? : True

====TEST CR(478, 69, 138)====
Is IST_0 spanning? : True
Is IST_1 spanning? : True
Is IST_2 spanning? : True
Is IST_3 spanning? : True
Is IST_4 spanning? : True
Is IST_5 spanning? : True
Are all ISTs independent? : True

====TEST CR(479, 69, 138)====
Is IST_0 spanning? : True
Is IST_1 spanning? : True
Is IST_2 spanning? : True
Is IST_3 spanning? : True
Is IST_4 spanning? : True
Is IST_5 spanning? : True
Are all ISTs independent? : True

====TEST CR(480, 69, 138)====
Is IST_0 spanning? : True
Is IST_1 spanning? : True
Is IST_2 spanning? : True
Is IST_3 spanning? : True
Is IST_4 spanning? : True
Is IST_5 spanning? : True
Are all ISTs independent? : True

====TEST CR(481, 69, 138)====
Is IST_0 spanning? : True
Is IST_1 spanning? : True
Is IST_2 spanning? : True
Is IST_3 spanning? : True
Is IST_4 spanning? : True
Is IST_5 spanning? : True
Are all ISTs independent? : True

====TEST CR(482, 69, 138)====
Is IST_0 spanning? : True
Is IST_1 spanning? : True
Is IST_2 spanning? : True
Is IST_3 spanning? : True
Is IST_4 spanning? : True
Is IST_5 spanning? : True
Are all ISTs independent? : True

====TEST CR(483, 69, 138)====
Is IST_0 spanning? : True
Is IST_1 spanning? : True
Is IST_2 spanning? : True
Is IST_3 spanning? : True
Is IST_4 spanning? : True
Is IST_5 spanning? : True
Are all ISTs independent? : True

====TEST CR(484, 69, 138)====
Is IST_0 spanning? : True
Is IST_1 spanning? : True
Is IST_2 spanning? : True
Is IST_3 spanning? : True
Is IST_4 spanning? : True
Is IST_5 spanning? : True
Are all ISTs independent? : True

====TEST CR(485, 69, 138)====
Is IST_0 spanning? : True
Is IST_1 spanning? : True
Is IST_2 spanning? : True
Is IST_3 spanning? : True
Is IST_4 spanning? : True
Is IST_5 spanning? : True
Are all ISTs independent? : True

====TEST CR(486, 69, 138)====
Is IST_0 spanning? : True
Is IST_1 spanning? : True
Is IST_2 spanning? : True
Is IST_3 spanning? : True
Is IST_4 spanning? : True
Is IST_5 spanning? : True
Are all ISTs independent? : True

====TEST CR(487, 69, 138)====
Is IST_0 spanning? : True
Is IST_1 spanning? : True
Is IST_2 spanning? : True
Is IST_3 spanning? : True
Is IST_4 spanning? : True
Is IST_5 spanning? : True
Are all ISTs independent? : True

====TEST CR(488, 69, 138)====
Is IST_0 spanning? : True
Is IST_1 spanning? : True
Is IST_2 spanning? : True
Is IST_3 spanning? : True
Is IST_4 spanning? : True
Is IST_5 spanning? : True
Are all ISTs independent? : True

====TEST CR(489, 69, 138)====
Is IST_0 spanning? : True
Is IST_1 spanning? : True
Is IST_2 spanning? : True
Is IST_3 spanning? : True
Is IST_4 spanning? : True
Is IST_5 spanning? : True
Are all ISTs independent? : True

====TEST CR(490, 69, 138)====
Is IST_0 spanning? : True
Is IST_1 spanning? : True
Is IST_2 spanning? : True
Is IST_3 spanning? : True
Is IST_4 spanning? : True
Is IST_5 spanning? : True
Are all ISTs independent? : True

====TEST CR(491, 69, 138)====
Is IST_0 spanning? : True
Is IST_1 spanning? : True
Is IST_2 spanning? : True
Is IST_3 spanning? : True
Is IST_4 spanning? : True
Is IST_5 spanning? : True
Are all ISTs independent? : True

====TEST CR(492, 69, 138)====
Is IST_0 spanning? : True
Is IST_1 spanning? : True
Is IST_2 spanning? : True
Is IST_3 spanning? : True
Is IST_4 spanning? : True
Is IST_5 spanning? : True
Are all ISTs independent? : True

====TEST CR(493, 69, 138)====
Is IST_0 spanning? : True
Is IST_1 spanning? : True
Is IST_2 spanning? : True
Is IST_3 spanning? : True
Is IST_4 spanning? : True
Is IST_5 spanning? : True
Are all ISTs independent? : True

====TEST CR(494, 69, 138)====
Is IST_0 spanning? : True
Is IST_1 spanning? : True
Is IST_2 spanning? : True
Is IST_3 spanning? : True
Is IST_4 spanning? : True
Is IST_5 spanning? : True
Are all ISTs independent? : True

====TEST CR(495, 69, 138)====
Is IST_0 spanning? : True
Is IST_1 spanning? : True
Is IST_2 spanning? : True
Is IST_3 spanning? : True
Is IST_4 spanning? : True
Is IST_5 spanning? : True
Are all ISTs independent? : True

====TEST CR(496, 69, 138)====
Is IST_0 spanning? : True
Is IST_1 spanning? : True
Is IST_2 spanning? : True
Is IST_3 spanning? : True
Is IST_4 spanning? : True
Is IST_5 spanning? : True
Are all ISTs independent? : True

====TEST CR(497, 69, 138)====
Is IST_0 spanning? : True
Is IST_1 spanning? : True
Is IST_2 spanning? : True
Is IST_3 spanning? : True
Is IST_4 spanning? : True
Is IST_5 spanning? : True
Are all ISTs independent? : True

====TEST CR(498, 69, 138)====
Is IST_0 spanning? : True
Is IST_1 spanning? : True
Is IST_2 spanning? : True
Is IST_3 spanning? : True
Is IST_4 spanning? : True
Is IST_5 spanning? : True
Are all ISTs independent? : True

====TEST CR(499, 69, 138)====
Is IST_0 spanning? : True
Is IST_1 spanning? : True
Is IST_2 spanning? : True
Is IST_3 spanning? : True
Is IST_4 spanning? : True
Is IST_5 spanning? : True
Are all ISTs independent? : True

====TEST CR(500, 69, 138)====
Is IST_0 spanning? : True
Is IST_1 spanning? : True
Is IST_2 spanning? : True
Is IST_3 spanning? : True
Is IST_4 spanning? : True
Is IST_5 spanning? : True
Are all ISTs independent? : True

====TEST CR(501, 69, 138)====
Is IST_0 spanning? : True
Is IST_1 spanning? : True
Is IST_2 spanning? : True
Is IST_3 spanning? : True
Is IST_4 spanning? : True
Is IST_5 spanning? : True
Are all ISTs independent? : True

====TEST CR(502, 69, 138)====
Is IST_0 spanning? : True
Is IST_1 spanning? : True
Is IST_2 spanning? : True
Is IST_3 spanning? : True
Is IST_4 spanning? : True
Is IST_5 spanning? : True
Are all ISTs independent? : True

====TEST CR(503, 69, 138)====
Is IST_0 spanning? : True
Is IST_1 spanning? : True
Is IST_2 spanning? : True
Is IST_3 spanning? : True
Is IST_4 spanning? : True
Is IST_5 spanning? : True
Are all ISTs independent? : True

====TEST CR(504, 69, 138)====
Is IST_0 spanning? : True
Is IST_1 spanning? : True
Is IST_2 spanning? : True
Is IST_3 spanning? : True
Is IST_4 spanning? : True
Is IST_5 spanning? : True
Are all ISTs independent? : True

====TEST CR(505, 69, 138)====
Is IST_0 spanning? : True
Is IST_1 spanning? : True
Is IST_2 spanning? : True
Is IST_3 spanning? : True
Is IST_4 spanning? : True
Is IST_5 spanning? : True
Are all ISTs independent? : True

====TEST CR(506, 69, 138)====
Is IST_0 spanning? : True
Is IST_1 spanning? : True
Is IST_2 spanning? : True
Is IST_3 spanning? : True
Is IST_4 spanning? : True
Is IST_5 spanning? : True
Are all ISTs independent? : True

====TEST CR(507, 69, 138)====
Is IST_0 spanning? : True
Is IST_1 spanning? : True
Is IST_2 spanning? : True
Is IST_3 spanning? : True
Is IST_4 spanning? : True
Is IST_5 spanning? : True
Are all ISTs independent? : True

====TEST CR(508, 69, 138)====
Is IST_0 spanning? : True
Is IST_1 spanning? : True
Is IST_2 spanning? : True
Is IST_3 spanning? : True
Is IST_4 spanning? : True
Is IST_5 spanning? : True
Are all ISTs independent? : True

====TEST CR(509, 69, 138)====
Is IST_0 spanning? : True
Is IST_1 spanning? : True
Is IST_2 spanning? : True
Is IST_3 spanning? : True
Is IST_4 spanning? : True
Is IST_5 spanning? : True
Are all ISTs independent? : True

====TEST CR(510, 69, 138)====
Is IST_0 spanning? : True
Is IST_1 spanning? : True
Is IST_2 spanning? : True
Is IST_3 spanning? : True
Is IST_4 spanning? : True
Is IST_5 spanning? : True
Are all ISTs independent? : True

====TEST CR(511, 69, 138)====
Is IST_0 spanning? : True
Is IST_1 spanning? : True
Is IST_2 spanning? : True
Is IST_3 spanning? : True
Is IST_4 spanning? : True
Is IST_5 spanning? : True
Are all ISTs independent? : True

====TEST CR(512, 69, 138)====
Is IST_0 spanning? : True
Is IST_1 spanning? : True
Is IST_2 spanning? : True
Is IST_3 spanning? : True
Is IST_4 spanning? : True
Is IST_5 spanning? : True
Are all ISTs independent? : True

====TEST CR(513, 69, 138)====
Is IST_0 spanning? : True
Is IST_1 spanning? : True
Is IST_2 spanning? : True
Is IST_3 spanning? : True
Is IST_4 spanning? : True
Is IST_5 spanning? : True
Are all ISTs independent? : True

====TEST CR(514, 69, 138)====
Is IST_0 spanning? : True
Is IST_1 spanning? : True
Is IST_2 spanning? : True
Is IST_3 spanning? : True
Is IST_4 spanning? : True
Is IST_5 spanning? : True
Are all ISTs independent? : True

====TEST CR(515, 69, 138)====
Is IST_0 spanning? : True
Is IST_1 spanning? : True
Is IST_2 spanning? : True
Is IST_3 spanning? : True
Is IST_4 spanning? : True
Is IST_5 spanning? : True
Are all ISTs independent? : True

====TEST CR(516, 69, 138)====
Is IST_0 spanning? : True
Is IST_1 spanning? : True
Is IST_2 spanning? : True
Is IST_3 spanning? : True
Is IST_4 spanning? : True
Is IST_5 spanning? : True
Are all ISTs independent? : True

====TEST CR(517, 69, 138)====
Is IST_0 spanning? : True
Is IST_1 spanning? : True
Is IST_2 spanning? : True
Is IST_3 spanning? : True
Is IST_4 spanning? : True
Is IST_5 spanning? : True
Are all ISTs independent? : True

====TEST CR(518, 69, 138)====
Is IST_0 spanning? : True
Is IST_1 spanning? : True
Is IST_2 spanning? : True
Is IST_3 spanning? : True
Is IST_4 spanning? : True
Is IST_5 spanning? : True
Are all ISTs independent? : True

====TEST CR(519, 69, 138)====
Is IST_0 spanning? : True
Is IST_1 spanning? : True
Is IST_2 spanning? : True
Is IST_3 spanning? : True
Is IST_4 spanning? : True
Is IST_5 spanning? : True
Are all ISTs independent? : True

====TEST CR(520, 69, 138)====
Is IST_0 spanning? : True
Is IST_1 spanning? : True
Is IST_2 spanning? : True
Is IST_3 spanning? : True
Is IST_4 spanning? : True
Is IST_5 spanning? : True
Are all ISTs independent? : True

====TEST CR(521, 69, 138)====
Is IST_0 spanning? : True
Is IST_1 spanning? : True
Is IST_2 spanning? : True
Is IST_3 spanning? : True
Is IST_4 spanning? : True
Is IST_5 spanning? : True
Are all ISTs independent? : True

====TEST CR(522, 69, 138)====
Is IST_0 spanning? : True
Is IST_1 spanning? : True
Is IST_2 spanning? : True
Is IST_3 spanning? : True
Is IST_4 spanning? : True
Is IST_5 spanning? : True
Are all ISTs independent? : True

====TEST CR(523, 69, 138)====
Is IST_0 spanning? : True
Is IST_1 spanning? : True
Is IST_2 spanning? : True
Is IST_3 spanning? : True
Is IST_4 spanning? : True
Is IST_5 spanning? : True
Are all ISTs independent? : True

====TEST CR(524, 69, 138)====
Is IST_0 spanning? : True
Is IST_1 spanning? : True
Is IST_2 spanning? : True
Is IST_3 spanning? : True
Is IST_4 spanning? : True
Is IST_5 spanning? : True
Are all ISTs independent? : True

====TEST CR(525, 69, 138)====
Is IST_0 spanning? : True
Is IST_1 spanning? : True
Is IST_2 spanning? : True
Is IST_3 spanning? : True
Is IST_4 spanning? : True
Is IST_5 spanning? : True
Are all ISTs independent? : True

====TEST CR(526, 69, 138)====
Is IST_0 spanning? : True
Is IST_1 spanning? : True
Is IST_2 spanning? : True
Is IST_3 spanning? : True
Is IST_4 spanning? : True
Is IST_5 spanning? : True
Are all ISTs independent? : True

====TEST CR(527, 69, 138)====
Is IST_0 spanning? : True
Is IST_1 spanning? : True
Is IST_2 spanning? : True
Is IST_3 spanning? : True
Is IST_4 spanning? : True
Is IST_5 spanning? : True
Are all ISTs independent? : True

====TEST CR(528, 69, 138)====
Is IST_0 spanning? : True
Is IST_1 spanning? : True
Is IST_2 spanning? : True
Is IST_3 spanning? : True
Is IST_4 spanning? : True
Is IST_5 spanning? : True
Are all ISTs independent? : True

====TEST CR(529, 69, 138)====
Is IST_0 spanning? : True
Is IST_1 spanning? : True
Is IST_2 spanning? : True
Is IST_3 spanning? : True
Is IST_4 spanning? : True
Is IST_5 spanning? : True
Are all ISTs independent? : True

====TEST CR(530, 69, 138)====
Is IST_0 spanning? : True
Is IST_1 spanning? : True
Is IST_2 spanning? : True
Is IST_3 spanning? : True
Is IST_4 spanning? : True
Is IST_5 spanning? : True
Are all ISTs independent? : True

====TEST CR(531, 69, 138)====
Is IST_0 spanning? : True
Is IST_1 spanning? : True
Is IST_2 spanning? : True
Is IST_3 spanning? : True
Is IST_4 spanning? : True
Is IST_5 spanning? : True
Are all ISTs independent? : True

====TEST CR(532, 69, 138)====
Is IST_0 spanning? : True
Is IST_1 spanning? : True
Is IST_2 spanning? : True
Is IST_3 spanning? : True
Is IST_4 spanning? : True
Is IST_5 spanning? : True
Are all ISTs independent? : True

====TEST CR(533, 69, 138)====
Is IST_0 spanning? : True
Is IST_1 spanning? : True
Is IST_2 spanning? : True
Is IST_3 spanning? : True
Is IST_4 spanning? : True
Is IST_5 spanning? : True
Are all ISTs independent? : True

====TEST CR(534, 69, 138)====
Is IST_0 spanning? : True
Is IST_1 spanning? : True
Is IST_2 spanning? : True
Is IST_3 spanning? : True
Is IST_4 spanning? : True
Is IST_5 spanning? : True
Are all ISTs independent? : True

====TEST CR(535, 69, 138)====
Is IST_0 spanning? : True
Is IST_1 spanning? : True
Is IST_2 spanning? : True
Is IST_3 spanning? : True
Is IST_4 spanning? : True
Is IST_5 spanning? : True
Are all ISTs independent? : True

====TEST CR(536, 69, 138)====
Is IST_0 spanning? : True
Is IST_1 spanning? : True
Is IST_2 spanning? : True
Is IST_3 spanning? : True
Is IST_4 spanning? : True
Is IST_5 spanning? : True
Are all ISTs independent? : True

====TEST CR(537, 69, 138)====
Is IST_0 spanning? : True
Is IST_1 spanning? : True
Is IST_2 spanning? : True
Is IST_3 spanning? : True
Is IST_4 spanning? : True
Is IST_5 spanning? : True
Are all ISTs independent? : True

====TEST CR(538, 69, 138)====
Is IST_0 spanning? : True
Is IST_1 spanning? : True
Is IST_2 spanning? : True
Is IST_3 spanning? : True
Is IST_4 spanning? : True
Is IST_5 spanning? : True
Are all ISTs independent? : True

====TEST CR(539, 69, 138)====
Is IST_0 spanning? : True
Is IST_1 spanning? : True
Is IST_2 spanning? : True
Is IST_3 spanning? : True
Is IST_4 spanning? : True
Is IST_5 spanning? : True
Are all ISTs independent? : True

====TEST CR(540, 69, 138)====
Is IST_0 spanning? : True
Is IST_1 spanning? : True
Is IST_2 spanning? : True
Is IST_3 spanning? : True
Is IST_4 spanning? : True
Is IST_5 spanning? : True
Are all ISTs independent? : True

====TEST CR(541, 69, 138)====
Is IST_0 spanning? : True
Is IST_1 spanning? : True
Is IST_2 spanning? : True
Is IST_3 spanning? : True
Is IST_4 spanning? : True
Is IST_5 spanning? : True
Are all ISTs independent? : True

====TEST CR(542, 69, 138)====
Is IST_0 spanning? : True
Is IST_1 spanning? : True
Is IST_2 spanning? : True
Is IST_3 spanning? : True
Is IST_4 spanning? : True
Is IST_5 spanning? : True
Are all ISTs independent? : True

====TEST CR(420, 70, 140)====
Is IST_0 spanning? : True
Is IST_1 spanning? : True
Is IST_2 spanning? : True
Is IST_3 spanning? : True
Is IST_4 spanning? : True
Is IST_5 spanning? : True
Are all ISTs independent? : True

====TEST CR(421, 70, 140)====
Is IST_0 spanning? : True
Is IST_1 spanning? : True
Is IST_2 spanning? : True
Is IST_3 spanning? : True
Is IST_4 spanning? : True
Is IST_5 spanning? : True
Are all ISTs independent? : True

====TEST CR(422, 70, 140)====
Is IST_0 spanning? : True
Is IST_1 spanning? : True
Is IST_2 spanning? : True
Is IST_3 spanning? : True
Is IST_4 spanning? : True
Is IST_5 spanning? : True
Are all ISTs independent? : True

====TEST CR(423, 70, 140)====
Is IST_0 spanning? : True
Is IST_1 spanning? : True
Is IST_2 spanning? : True
Is IST_3 spanning? : True
Is IST_4 spanning? : True
Is IST_5 spanning? : True
Are all ISTs independent? : True

====TEST CR(424, 70, 140)====
Is IST_0 spanning? : True
Is IST_1 spanning? : True
Is IST_2 spanning? : True
Is IST_3 spanning? : True
Is IST_4 spanning? : True
Is IST_5 spanning? : True
Are all ISTs independent? : True

====TEST CR(425, 70, 140)====
Is IST_0 spanning? : True
Is IST_1 spanning? : True
Is IST_2 spanning? : True
Is IST_3 spanning? : True
Is IST_4 spanning? : True
Is IST_5 spanning? : True
Are all ISTs independent? : True

====TEST CR(426, 70, 140)====
Is IST_0 spanning? : True
Is IST_1 spanning? : True
Is IST_2 spanning? : True
Is IST_3 spanning? : True
Is IST_4 spanning? : True
Is IST_5 spanning? : True
Are all ISTs independent? : True

====TEST CR(427, 70, 140)====
Is IST_0 spanning? : True
Is IST_1 spanning? : True
Is IST_2 spanning? : True
Is IST_3 spanning? : True
Is IST_4 spanning? : True
Is IST_5 spanning? : True
Are all ISTs independent? : True

====TEST CR(428, 70, 140)====
Is IST_0 spanning? : True
Is IST_1 spanning? : True
Is IST_2 spanning? : True
Is IST_3 spanning? : True
Is IST_4 spanning? : True
Is IST_5 spanning? : True
Are all ISTs independent? : True

====TEST CR(429, 70, 140)====
Is IST_0 spanning? : True
Is IST_1 spanning? : True
Is IST_2 spanning? : True
Is IST_3 spanning? : True
Is IST_4 spanning? : True
Is IST_5 spanning? : True
Are all ISTs independent? : True

====TEST CR(430, 70, 140)====
Is IST_0 spanning? : True
Is IST_1 spanning? : True
Is IST_2 spanning? : True
Is IST_3 spanning? : True
Is IST_4 spanning? : True
Is IST_5 spanning? : True
Are all ISTs independent? : True

====TEST CR(431, 70, 140)====
Is IST_0 spanning? : True
Is IST_1 spanning? : True
Is IST_2 spanning? : True
Is IST_3 spanning? : True
Is IST_4 spanning? : True
Is IST_5 spanning? : True
Are all ISTs independent? : True

====TEST CR(432, 70, 140)====
Is IST_0 spanning? : True
Is IST_1 spanning? : True
Is IST_2 spanning? : True
Is IST_3 spanning? : True
Is IST_4 spanning? : True
Is IST_5 spanning? : True
Are all ISTs independent? : True

====TEST CR(433, 70, 140)====
Is IST_0 spanning? : True
Is IST_1 spanning? : True
Is IST_2 spanning? : True
Is IST_3 spanning? : True
Is IST_4 spanning? : True
Is IST_5 spanning? : True
Are all ISTs independent? : True

====TEST CR(434, 70, 140)====
Is IST_0 spanning? : True
Is IST_1 spanning? : True
Is IST_2 spanning? : True
Is IST_3 spanning? : True
Is IST_4 spanning? : True
Is IST_5 spanning? : True
Are all ISTs independent? : True

====TEST CR(435, 70, 140)====
Is IST_0 spanning? : True
Is IST_1 spanning? : True
Is IST_2 spanning? : True
Is IST_3 spanning? : True
Is IST_4 spanning? : True
Is IST_5 spanning? : True
Are all ISTs independent? : True

====TEST CR(436, 70, 140)====
Is IST_0 spanning? : True
Is IST_1 spanning? : True
Is IST_2 spanning? : True
Is IST_3 spanning? : True
Is IST_4 spanning? : True
Is IST_5 spanning? : True
Are all ISTs independent? : True

====TEST CR(437, 70, 140)====
Is IST_0 spanning? : True
Is IST_1 spanning? : True
Is IST_2 spanning? : True
Is IST_3 spanning? : True
Is IST_4 spanning? : True
Is IST_5 spanning? : True
Are all ISTs independent? : True

====TEST CR(438, 70, 140)====
Is IST_0 spanning? : True
Is IST_1 spanning? : True
Is IST_2 spanning? : True
Is IST_3 spanning? : True
Is IST_4 spanning? : True
Is IST_5 spanning? : True
Are all ISTs independent? : True

====TEST CR(439, 70, 140)====
Is IST_0 spanning? : True
Is IST_1 spanning? : True
Is IST_2 spanning? : True
Is IST_3 spanning? : True
Is IST_4 spanning? : True
Is IST_5 spanning? : True
Are all ISTs independent? : True

====TEST CR(440, 70, 140)====
Is IST_0 spanning? : True
Is IST_1 spanning? : True
Is IST_2 spanning? : True
Is IST_3 spanning? : True
Is IST_4 spanning? : True
Is IST_5 spanning? : True
Are all ISTs independent? : True

====TEST CR(441, 70, 140)====
Is IST_0 spanning? : True
Is IST_1 spanning? : True
Is IST_2 spanning? : True
Is IST_3 spanning? : True
Is IST_4 spanning? : True
Is IST_5 spanning? : True
Are all ISTs independent? : True

====TEST CR(442, 70, 140)====
Is IST_0 spanning? : True
Is IST_1 spanning? : True
Is IST_2 spanning? : True
Is IST_3 spanning? : True
Is IST_4 spanning? : True
Is IST_5 spanning? : True
Are all ISTs independent? : True

====TEST CR(443, 70, 140)====
Is IST_0 spanning? : True
Is IST_1 spanning? : True
Is IST_2 spanning? : True
Is IST_3 spanning? : True
Is IST_4 spanning? : True
Is IST_5 spanning? : True
Are all ISTs independent? : True

====TEST CR(444, 70, 140)====
Is IST_0 spanning? : True
Is IST_1 spanning? : True
Is IST_2 spanning? : True
Is IST_3 spanning? : True
Is IST_4 spanning? : True
Is IST_5 spanning? : True
Are all ISTs independent? : True

====TEST CR(445, 70, 140)====
Is IST_0 spanning? : True
Is IST_1 spanning? : True
Is IST_2 spanning? : True
Is IST_3 spanning? : True
Is IST_4 spanning? : True
Is IST_5 spanning? : True
Are all ISTs independent? : True

====TEST CR(446, 70, 140)====
Is IST_0 spanning? : True
Is IST_1 spanning? : True
Is IST_2 spanning? : True
Is IST_3 spanning? : True
Is IST_4 spanning? : True
Is IST_5 spanning? : True
Are all ISTs independent? : True

====TEST CR(447, 70, 140)====
Is IST_0 spanning? : True
Is IST_1 spanning? : True
Is IST_2 spanning? : True
Is IST_3 spanning? : True
Is IST_4 spanning? : True
Is IST_5 spanning? : True
Are all ISTs independent? : True

====TEST CR(448, 70, 140)====
Is IST_0 spanning? : True
Is IST_1 spanning? : True
Is IST_2 spanning? : True
Is IST_3 spanning? : True
Is IST_4 spanning? : True
Is IST_5 spanning? : True
Are all ISTs independent? : True

====TEST CR(449, 70, 140)====
Is IST_0 spanning? : True
Is IST_1 spanning? : True
Is IST_2 spanning? : True
Is IST_3 spanning? : True
Is IST_4 spanning? : True
Is IST_5 spanning? : True
Are all ISTs independent? : True

====TEST CR(450, 70, 140)====
Is IST_0 spanning? : True
Is IST_1 spanning? : True
Is IST_2 spanning? : True
Is IST_3 spanning? : True
Is IST_4 spanning? : True
Is IST_5 spanning? : True
Are all ISTs independent? : True

====TEST CR(451, 70, 140)====
Is IST_0 spanning? : True
Is IST_1 spanning? : True
Is IST_2 spanning? : True
Is IST_3 spanning? : True
Is IST_4 spanning? : True
Is IST_5 spanning? : True
Are all ISTs independent? : True

====TEST CR(452, 70, 140)====
Is IST_0 spanning? : True
Is IST_1 spanning? : True
Is IST_2 spanning? : True
Is IST_3 spanning? : True
Is IST_4 spanning? : True
Is IST_5 spanning? : True
Are all ISTs independent? : True

====TEST CR(453, 70, 140)====
Is IST_0 spanning? : True
Is IST_1 spanning? : True
Is IST_2 spanning? : True
Is IST_3 spanning? : True
Is IST_4 spanning? : True
Is IST_5 spanning? : True
Are all ISTs independent? : True

====TEST CR(454, 70, 140)====
Is IST_0 spanning? : True
Is IST_1 spanning? : True
Is IST_2 spanning? : True
Is IST_3 spanning? : True
Is IST_4 spanning? : True
Is IST_5 spanning? : True
Are all ISTs independent? : True

====TEST CR(455, 70, 140)====
Is IST_0 spanning? : True
Is IST_1 spanning? : True
Is IST_2 spanning? : True
Is IST_3 spanning? : True
Is IST_4 spanning? : True
Is IST_5 spanning? : True
Are all ISTs independent? : True

====TEST CR(456, 70, 140)====
Is IST_0 spanning? : True
Is IST_1 spanning? : True
Is IST_2 spanning? : True
Is IST_3 spanning? : True
Is IST_4 spanning? : True
Is IST_5 spanning? : True
Are all ISTs independent? : True

====TEST CR(457, 70, 140)====
Is IST_0 spanning? : True
Is IST_1 spanning? : True
Is IST_2 spanning? : True
Is IST_3 spanning? : True
Is IST_4 spanning? : True
Is IST_5 spanning? : True
Are all ISTs independent? : True

====TEST CR(458, 70, 140)====
Is IST_0 spanning? : True
Is IST_1 spanning? : True
Is IST_2 spanning? : True
Is IST_3 spanning? : True
Is IST_4 spanning? : True
Is IST_5 spanning? : True
Are all ISTs independent? : True

====TEST CR(459, 70, 140)====
Is IST_0 spanning? : True
Is IST_1 spanning? : True
Is IST_2 spanning? : True
Is IST_3 spanning? : True
Is IST_4 spanning? : True
Is IST_5 spanning? : True
Are all ISTs independent? : True

====TEST CR(460, 70, 140)====
Is IST_0 spanning? : True
Is IST_1 spanning? : True
Is IST_2 spanning? : True
Is IST_3 spanning? : True
Is IST_4 spanning? : True
Is IST_5 spanning? : True
Are all ISTs independent? : True

====TEST CR(461, 70, 140)====
Is IST_0 spanning? : True
Is IST_1 spanning? : True
Is IST_2 spanning? : True
Is IST_3 spanning? : True
Is IST_4 spanning? : True
Is IST_5 spanning? : True
Are all ISTs independent? : True

====TEST CR(462, 70, 140)====
Is IST_0 spanning? : True
Is IST_1 spanning? : True
Is IST_2 spanning? : True
Is IST_3 spanning? : True
Is IST_4 spanning? : True
Is IST_5 spanning? : True
Are all ISTs independent? : True

====TEST CR(463, 70, 140)====
Is IST_0 spanning? : True
Is IST_1 spanning? : True
Is IST_2 spanning? : True
Is IST_3 spanning? : True
Is IST_4 spanning? : True
Is IST_5 spanning? : True
Are all ISTs independent? : True

====TEST CR(464, 70, 140)====
Is IST_0 spanning? : True
Is IST_1 spanning? : True
Is IST_2 spanning? : True
Is IST_3 spanning? : True
Is IST_4 spanning? : True
Is IST_5 spanning? : True
Are all ISTs independent? : True

====TEST CR(465, 70, 140)====
Is IST_0 spanning? : True
Is IST_1 spanning? : True
Is IST_2 spanning? : True
Is IST_3 spanning? : True
Is IST_4 spanning? : True
Is IST_5 spanning? : True
Are all ISTs independent? : True

====TEST CR(466, 70, 140)====
Is IST_0 spanning? : True
Is IST_1 spanning? : True
Is IST_2 spanning? : True
Is IST_3 spanning? : True
Is IST_4 spanning? : True
Is IST_5 spanning? : True
Are all ISTs independent? : True

====TEST CR(467, 70, 140)====
Is IST_0 spanning? : True
Is IST_1 spanning? : True
Is IST_2 spanning? : True
Is IST_3 spanning? : True
Is IST_4 spanning? : True
Is IST_5 spanning? : True
Are all ISTs independent? : True

====TEST CR(468, 70, 140)====
Is IST_0 spanning? : True
Is IST_1 spanning? : True
Is IST_2 spanning? : True
Is IST_3 spanning? : True
Is IST_4 spanning? : True
Is IST_5 spanning? : True
Are all ISTs independent? : True

====TEST CR(469, 70, 140)====
Is IST_0 spanning? : True
Is IST_1 spanning? : True
Is IST_2 spanning? : True
Is IST_3 spanning? : True
Is IST_4 spanning? : True
Is IST_5 spanning? : True
Are all ISTs independent? : True

====TEST CR(470, 70, 140)====
Is IST_0 spanning? : True
Is IST_1 spanning? : True
Is IST_2 spanning? : True
Is IST_3 spanning? : True
Is IST_4 spanning? : True
Is IST_5 spanning? : True
Are all ISTs independent? : True

====TEST CR(471, 70, 140)====
Is IST_0 spanning? : True
Is IST_1 spanning? : True
Is IST_2 spanning? : True
Is IST_3 spanning? : True
Is IST_4 spanning? : True
Is IST_5 spanning? : True
Are all ISTs independent? : True

====TEST CR(472, 70, 140)====
Is IST_0 spanning? : True
Is IST_1 spanning? : True
Is IST_2 spanning? : True
Is IST_3 spanning? : True
Is IST_4 spanning? : True
Is IST_5 spanning? : True
Are all ISTs independent? : True

====TEST CR(473, 70, 140)====
Is IST_0 spanning? : True
Is IST_1 spanning? : True
Is IST_2 spanning? : True
Is IST_3 spanning? : True
Is IST_4 spanning? : True
Is IST_5 spanning? : True
Are all ISTs independent? : True

====TEST CR(474, 70, 140)====
Is IST_0 spanning? : True
Is IST_1 spanning? : True
Is IST_2 spanning? : True
Is IST_3 spanning? : True
Is IST_4 spanning? : True
Is IST_5 spanning? : True
Are all ISTs independent? : True

====TEST CR(475, 70, 140)====
Is IST_0 spanning? : True
Is IST_1 spanning? : True
Is IST_2 spanning? : True
Is IST_3 spanning? : True
Is IST_4 spanning? : True
Is IST_5 spanning? : True
Are all ISTs independent? : True

====TEST CR(476, 70, 140)====
Is IST_0 spanning? : True
Is IST_1 spanning? : True
Is IST_2 spanning? : True
Is IST_3 spanning? : True
Is IST_4 spanning? : True
Is IST_5 spanning? : True
Are all ISTs independent? : True

====TEST CR(477, 70, 140)====
Is IST_0 spanning? : True
Is IST_1 spanning? : True
Is IST_2 spanning? : True
Is IST_3 spanning? : True
Is IST_4 spanning? : True
Is IST_5 spanning? : True
Are all ISTs independent? : True

====TEST CR(478, 70, 140)====
Is IST_0 spanning? : True
Is IST_1 spanning? : True
Is IST_2 spanning? : True
Is IST_3 spanning? : True
Is IST_4 spanning? : True
Is IST_5 spanning? : True
Are all ISTs independent? : True

====TEST CR(479, 70, 140)====
Is IST_0 spanning? : True
Is IST_1 spanning? : True
Is IST_2 spanning? : True
Is IST_3 spanning? : True
Is IST_4 spanning? : True
Is IST_5 spanning? : True
Are all ISTs independent? : True

====TEST CR(480, 70, 140)====
Is IST_0 spanning? : True
Is IST_1 spanning? : True
Is IST_2 spanning? : True
Is IST_3 spanning? : True
Is IST_4 spanning? : True
Is IST_5 spanning? : True
Are all ISTs independent? : True

====TEST CR(481, 70, 140)====
Is IST_0 spanning? : True
Is IST_1 spanning? : True
Is IST_2 spanning? : True
Is IST_3 spanning? : True
Is IST_4 spanning? : True
Is IST_5 spanning? : True
Are all ISTs independent? : True

====TEST CR(482, 70, 140)====
Is IST_0 spanning? : True
Is IST_1 spanning? : True
Is IST_2 spanning? : True
Is IST_3 spanning? : True
Is IST_4 spanning? : True
Is IST_5 spanning? : True
Are all ISTs independent? : True

====TEST CR(483, 70, 140)====
Is IST_0 spanning? : True
Is IST_1 spanning? : True
Is IST_2 spanning? : True
Is IST_3 spanning? : True
Is IST_4 spanning? : True
Is IST_5 spanning? : True
Are all ISTs independent? : True

====TEST CR(484, 70, 140)====
Is IST_0 spanning? : True
Is IST_1 spanning? : True
Is IST_2 spanning? : True
Is IST_3 spanning? : True
Is IST_4 spanning? : True
Is IST_5 spanning? : True
Are all ISTs independent? : True

====TEST CR(485, 70, 140)====
Is IST_0 spanning? : True
Is IST_1 spanning? : True
Is IST_2 spanning? : True
Is IST_3 spanning? : True
Is IST_4 spanning? : True
Is IST_5 spanning? : True
Are all ISTs independent? : True

====TEST CR(486, 70, 140)====
Is IST_0 spanning? : True
Is IST_1 spanning? : True
Is IST_2 spanning? : True
Is IST_3 spanning? : True
Is IST_4 spanning? : True
Is IST_5 spanning? : True
Are all ISTs independent? : True

====TEST CR(487, 70, 140)====
Is IST_0 spanning? : True
Is IST_1 spanning? : True
Is IST_2 spanning? : True
Is IST_3 spanning? : True
Is IST_4 spanning? : True
Is IST_5 spanning? : True
Are all ISTs independent? : True

====TEST CR(488, 70, 140)====
Is IST_0 spanning? : True
Is IST_1 spanning? : True
Is IST_2 spanning? : True
Is IST_3 spanning? : True
Is IST_4 spanning? : True
Is IST_5 spanning? : True
Are all ISTs independent? : True

====TEST CR(489, 70, 140)====
Is IST_0 spanning? : True
Is IST_1 spanning? : True
Is IST_2 spanning? : True
Is IST_3 spanning? : True
Is IST_4 spanning? : True
Is IST_5 spanning? : True
Are all ISTs independent? : True

====TEST CR(490, 70, 140)====
Is IST_0 spanning? : True
Is IST_1 spanning? : True
Is IST_2 spanning? : True
Is IST_3 spanning? : True
Is IST_4 spanning? : True
Is IST_5 spanning? : True
Are all ISTs independent? : True

====TEST CR(491, 70, 140)====
Is IST_0 spanning? : True
Is IST_1 spanning? : True
Is IST_2 spanning? : True
Is IST_3 spanning? : True
Is IST_4 spanning? : True
Is IST_5 spanning? : True
Are all ISTs independent? : True

====TEST CR(492, 70, 140)====
Is IST_0 spanning? : True
Is IST_1 spanning? : True
Is IST_2 spanning? : True
Is IST_3 spanning? : True
Is IST_4 spanning? : True
Is IST_5 spanning? : True
Are all ISTs independent? : True

====TEST CR(493, 70, 140)====
Is IST_0 spanning? : True
Is IST_1 spanning? : True
Is IST_2 spanning? : True
Is IST_3 spanning? : True
Is IST_4 spanning? : True
Is IST_5 spanning? : True
Are all ISTs independent? : True

====TEST CR(494, 70, 140)====
Is IST_0 spanning? : True
Is IST_1 spanning? : True
Is IST_2 spanning? : True
Is IST_3 spanning? : True
Is IST_4 spanning? : True
Is IST_5 spanning? : True
Are all ISTs independent? : True

====TEST CR(495, 70, 140)====
Is IST_0 spanning? : True
Is IST_1 spanning? : True
Is IST_2 spanning? : True
Is IST_3 spanning? : True
Is IST_4 spanning? : True
Is IST_5 spanning? : True
Are all ISTs independent? : True

====TEST CR(496, 70, 140)====
Is IST_0 spanning? : True
Is IST_1 spanning? : True
Is IST_2 spanning? : True
Is IST_3 spanning? : True
Is IST_4 spanning? : True
Is IST_5 spanning? : True
Are all ISTs independent? : True

====TEST CR(497, 70, 140)====
Is IST_0 spanning? : True
Is IST_1 spanning? : True
Is IST_2 spanning? : True
Is IST_3 spanning? : True
Is IST_4 spanning? : True
Is IST_5 spanning? : True
Are all ISTs independent? : True

====TEST CR(498, 70, 140)====
Is IST_0 spanning? : True
Is IST_1 spanning? : True
Is IST_2 spanning? : True
Is IST_3 spanning? : True
Is IST_4 spanning? : True
Is IST_5 spanning? : True
Are all ISTs independent? : True

====TEST CR(499, 70, 140)====
Is IST_0 spanning? : True
Is IST_1 spanning? : True
Is IST_2 spanning? : True
Is IST_3 spanning? : True
Is IST_4 spanning? : True
Is IST_5 spanning? : True
Are all ISTs independent? : True

====TEST CR(500, 70, 140)====
Is IST_0 spanning? : True
Is IST_1 spanning? : True
Is IST_2 spanning? : True
Is IST_3 spanning? : True
Is IST_4 spanning? : True
Is IST_5 spanning? : True
Are all ISTs independent? : True

====TEST CR(501, 70, 140)====
Is IST_0 spanning? : True
Is IST_1 spanning? : True
Is IST_2 spanning? : True
Is IST_3 spanning? : True
Is IST_4 spanning? : True
Is IST_5 spanning? : True
Are all ISTs independent? : True

====TEST CR(502, 70, 140)====
Is IST_0 spanning? : True
Is IST_1 spanning? : True
Is IST_2 spanning? : True
Is IST_3 spanning? : True
Is IST_4 spanning? : True
Is IST_5 spanning? : True
Are all ISTs independent? : True

====TEST CR(503, 70, 140)====
Is IST_0 spanning? : True
Is IST_1 spanning? : True
Is IST_2 spanning? : True
Is IST_3 spanning? : True
Is IST_4 spanning? : True
Is IST_5 spanning? : True
Are all ISTs independent? : True

====TEST CR(504, 70, 140)====
Is IST_0 spanning? : True
Is IST_1 spanning? : True
Is IST_2 spanning? : True
Is IST_3 spanning? : True
Is IST_4 spanning? : True
Is IST_5 spanning? : True
Are all ISTs independent? : True

====TEST CR(505, 70, 140)====
Is IST_0 spanning? : True
Is IST_1 spanning? : True
Is IST_2 spanning? : True
Is IST_3 spanning? : True
Is IST_4 spanning? : True
Is IST_5 spanning? : True
Are all ISTs independent? : True

====TEST CR(506, 70, 140)====
Is IST_0 spanning? : True
Is IST_1 spanning? : True
Is IST_2 spanning? : True
Is IST_3 spanning? : True
Is IST_4 spanning? : True
Is IST_5 spanning? : True
Are all ISTs independent? : True

====TEST CR(507, 70, 140)====
Is IST_0 spanning? : True
Is IST_1 spanning? : True
Is IST_2 spanning? : True
Is IST_3 spanning? : True
Is IST_4 spanning? : True
Is IST_5 spanning? : True
Are all ISTs independent? : True

====TEST CR(508, 70, 140)====
Is IST_0 spanning? : True
Is IST_1 spanning? : True
Is IST_2 spanning? : True
Is IST_3 spanning? : True
Is IST_4 spanning? : True
Is IST_5 spanning? : True
Are all ISTs independent? : True

====TEST CR(509, 70, 140)====
Is IST_0 spanning? : True
Is IST_1 spanning? : True
Is IST_2 spanning? : True
Is IST_3 spanning? : True
Is IST_4 spanning? : True
Is IST_5 spanning? : True
Are all ISTs independent? : True

====TEST CR(510, 70, 140)====
Is IST_0 spanning? : True
Is IST_1 spanning? : True
Is IST_2 spanning? : True
Is IST_3 spanning? : True
Is IST_4 spanning? : True
Is IST_5 spanning? : True
Are all ISTs independent? : True

====TEST CR(511, 70, 140)====
Is IST_0 spanning? : True
Is IST_1 spanning? : True
Is IST_2 spanning? : True
Is IST_3 spanning? : True
Is IST_4 spanning? : True
Is IST_5 spanning? : True
Are all ISTs independent? : True

====TEST CR(512, 70, 140)====
Is IST_0 spanning? : True
Is IST_1 spanning? : True
Is IST_2 spanning? : True
Is IST_3 spanning? : True
Is IST_4 spanning? : True
Is IST_5 spanning? : True
Are all ISTs independent? : True

====TEST CR(513, 70, 140)====
Is IST_0 spanning? : True
Is IST_1 spanning? : True
Is IST_2 spanning? : True
Is IST_3 spanning? : True
Is IST_4 spanning? : True
Is IST_5 spanning? : True
Are all ISTs independent? : True

====TEST CR(514, 70, 140)====
Is IST_0 spanning? : True
Is IST_1 spanning? : True
Is IST_2 spanning? : True
Is IST_3 spanning? : True
Is IST_4 spanning? : True
Is IST_5 spanning? : True
Are all ISTs independent? : True

====TEST CR(515, 70, 140)====
Is IST_0 spanning? : True
Is IST_1 spanning? : True
Is IST_2 spanning? : True
Is IST_3 spanning? : True
Is IST_4 spanning? : True
Is IST_5 spanning? : True
Are all ISTs independent? : True

====TEST CR(516, 70, 140)====
Is IST_0 spanning? : True
Is IST_1 spanning? : True
Is IST_2 spanning? : True
Is IST_3 spanning? : True
Is IST_4 spanning? : True
Is IST_5 spanning? : True
Are all ISTs independent? : True

====TEST CR(517, 70, 140)====
Is IST_0 spanning? : True
Is IST_1 spanning? : True
Is IST_2 spanning? : True
Is IST_3 spanning? : True
Is IST_4 spanning? : True
Is IST_5 spanning? : True
Are all ISTs independent? : True

====TEST CR(518, 70, 140)====
Is IST_0 spanning? : True
Is IST_1 spanning? : True
Is IST_2 spanning? : True
Is IST_3 spanning? : True
Is IST_4 spanning? : True
Is IST_5 spanning? : True
Are all ISTs independent? : True

====TEST CR(519, 70, 140)====
Is IST_0 spanning? : True
Is IST_1 spanning? : True
Is IST_2 spanning? : True
Is IST_3 spanning? : True
Is IST_4 spanning? : True
Is IST_5 spanning? : True
Are all ISTs independent? : True

====TEST CR(520, 70, 140)====
Is IST_0 spanning? : True
Is IST_1 spanning? : True
Is IST_2 spanning? : True
Is IST_3 spanning? : True
Is IST_4 spanning? : True
Is IST_5 spanning? : True
Are all ISTs independent? : True

====TEST CR(521, 70, 140)====
Is IST_0 spanning? : True
Is IST_1 spanning? : True
Is IST_2 spanning? : True
Is IST_3 spanning? : True
Is IST_4 spanning? : True
Is IST_5 spanning? : True
Are all ISTs independent? : True

====TEST CR(522, 70, 140)====
Is IST_0 spanning? : True
Is IST_1 spanning? : True
Is IST_2 spanning? : True
Is IST_3 spanning? : True
Is IST_4 spanning? : True
Is IST_5 spanning? : True
Are all ISTs independent? : True

====TEST CR(523, 70, 140)====
Is IST_0 spanning? : True
Is IST_1 spanning? : True
Is IST_2 spanning? : True
Is IST_3 spanning? : True
Is IST_4 spanning? : True
Is IST_5 spanning? : True
Are all ISTs independent? : True

====TEST CR(524, 70, 140)====
Is IST_0 spanning? : True
Is IST_1 spanning? : True
Is IST_2 spanning? : True
Is IST_3 spanning? : True
Is IST_4 spanning? : True
Is IST_5 spanning? : True
Are all ISTs independent? : True

====TEST CR(525, 70, 140)====
Is IST_0 spanning? : True
Is IST_1 spanning? : True
Is IST_2 spanning? : True
Is IST_3 spanning? : True
Is IST_4 spanning? : True
Is IST_5 spanning? : True
Are all ISTs independent? : True

====TEST CR(526, 70, 140)====
Is IST_0 spanning? : True
Is IST_1 spanning? : True
Is IST_2 spanning? : True
Is IST_3 spanning? : True
Is IST_4 spanning? : True
Is IST_5 spanning? : True
Are all ISTs independent? : True

====TEST CR(527, 70, 140)====
Is IST_0 spanning? : True
Is IST_1 spanning? : True
Is IST_2 spanning? : True
Is IST_3 spanning? : True
Is IST_4 spanning? : True
Is IST_5 spanning? : True
Are all ISTs independent? : True

====TEST CR(528, 70, 140)====
Is IST_0 spanning? : True
Is IST_1 spanning? : True
Is IST_2 spanning? : True
Is IST_3 spanning? : True
Is IST_4 spanning? : True
Is IST_5 spanning? : True
Are all ISTs independent? : True

====TEST CR(529, 70, 140)====
Is IST_0 spanning? : True
Is IST_1 spanning? : True
Is IST_2 spanning? : True
Is IST_3 spanning? : True
Is IST_4 spanning? : True
Is IST_5 spanning? : True
Are all ISTs independent? : True

====TEST CR(530, 70, 140)====
Is IST_0 spanning? : True
Is IST_1 spanning? : True
Is IST_2 spanning? : True
Is IST_3 spanning? : True
Is IST_4 spanning? : True
Is IST_5 spanning? : True
Are all ISTs independent? : True

====TEST CR(531, 70, 140)====
Is IST_0 spanning? : True
Is IST_1 spanning? : True
Is IST_2 spanning? : True
Is IST_3 spanning? : True
Is IST_4 spanning? : True
Is IST_5 spanning? : True
Are all ISTs independent? : True

====TEST CR(532, 70, 140)====
Is IST_0 spanning? : True
Is IST_1 spanning? : True
Is IST_2 spanning? : True
Is IST_3 spanning? : True
Is IST_4 spanning? : True
Is IST_5 spanning? : True
Are all ISTs independent? : True

====TEST CR(533, 70, 140)====
Is IST_0 spanning? : True
Is IST_1 spanning? : True
Is IST_2 spanning? : True
Is IST_3 spanning? : True
Is IST_4 spanning? : True
Is IST_5 spanning? : True
Are all ISTs independent? : True

====TEST CR(534, 70, 140)====
Is IST_0 spanning? : True
Is IST_1 spanning? : True
Is IST_2 spanning? : True
Is IST_3 spanning? : True
Is IST_4 spanning? : True
Is IST_5 spanning? : True
Are all ISTs independent? : True

====TEST CR(535, 70, 140)====
Is IST_0 spanning? : True
Is IST_1 spanning? : True
Is IST_2 spanning? : True
Is IST_3 spanning? : True
Is IST_4 spanning? : True
Is IST_5 spanning? : True
Are all ISTs independent? : True

====TEST CR(536, 70, 140)====
Is IST_0 spanning? : True
Is IST_1 spanning? : True
Is IST_2 spanning? : True
Is IST_3 spanning? : True
Is IST_4 spanning? : True
Is IST_5 spanning? : True
Are all ISTs independent? : True

====TEST CR(537, 70, 140)====
Is IST_0 spanning? : True
Is IST_1 spanning? : True
Is IST_2 spanning? : True
Is IST_3 spanning? : True
Is IST_4 spanning? : True
Is IST_5 spanning? : True
Are all ISTs independent? : True

====TEST CR(538, 70, 140)====
Is IST_0 spanning? : True
Is IST_1 spanning? : True
Is IST_2 spanning? : True
Is IST_3 spanning? : True
Is IST_4 spanning? : True
Is IST_5 spanning? : True
Are all ISTs independent? : True

====TEST CR(539, 70, 140)====
Is IST_0 spanning? : True
Is IST_1 spanning? : True
Is IST_2 spanning? : True
Is IST_3 spanning? : True
Is IST_4 spanning? : True
Is IST_5 spanning? : True
Are all ISTs independent? : True

====TEST CR(540, 70, 140)====
Is IST_0 spanning? : True
Is IST_1 spanning? : True
Is IST_2 spanning? : True
Is IST_3 spanning? : True
Is IST_4 spanning? : True
Is IST_5 spanning? : True
Are all ISTs independent? : True

====TEST CR(541, 70, 140)====
Is IST_0 spanning? : True
Is IST_1 spanning? : True
Is IST_2 spanning? : True
Is IST_3 spanning? : True
Is IST_4 spanning? : True
Is IST_5 spanning? : True
Are all ISTs independent? : True

====TEST CR(542, 70, 140)====
Is IST_0 spanning? : True
Is IST_1 spanning? : True
Is IST_2 spanning? : True
Is IST_3 spanning? : True
Is IST_4 spanning? : True
Is IST_5 spanning? : True
Are all ISTs independent? : True

====TEST CR(543, 70, 140)====
Is IST_0 spanning? : True
Is IST_1 spanning? : True
Is IST_2 spanning? : True
Is IST_3 spanning? : True
Is IST_4 spanning? : True
Is IST_5 spanning? : True
Are all ISTs independent? : True

====TEST CR(544, 70, 140)====
Is IST_0 spanning? : True
Is IST_1 spanning? : True
Is IST_2 spanning? : True
Is IST_3 spanning? : True
Is IST_4 spanning? : True
Is IST_5 spanning? : True
Are all ISTs independent? : True

====TEST CR(545, 70, 140)====
Is IST_0 spanning? : True
Is IST_1 spanning? : True
Is IST_2 spanning? : True
Is IST_3 spanning? : True
Is IST_4 spanning? : True
Is IST_5 spanning? : True
Are all ISTs independent? : True

====TEST CR(546, 70, 140)====
Is IST_0 spanning? : True
Is IST_1 spanning? : True
Is IST_2 spanning? : True
Is IST_3 spanning? : True
Is IST_4 spanning? : True
Is IST_5 spanning? : True
Are all ISTs independent? : True

====TEST CR(547, 70, 140)====
Is IST_0 spanning? : True
Is IST_1 spanning? : True
Is IST_2 spanning? : True
Is IST_3 spanning? : True
Is IST_4 spanning? : True
Is IST_5 spanning? : True
Are all ISTs independent? : True

====TEST CR(548, 70, 140)====
Is IST_0 spanning? : True
Is IST_1 spanning? : True
Is IST_2 spanning? : True
Is IST_3 spanning? : True
Is IST_4 spanning? : True
Is IST_5 spanning? : True
Are all ISTs independent? : True

====TEST CR(426, 71, 142)====
Is IST_0 spanning? : True
Is IST_1 spanning? : True
Is IST_2 spanning? : True
Is IST_3 spanning? : True
Is IST_4 spanning? : True
Is IST_5 spanning? : True
Are all ISTs independent? : True

====TEST CR(427, 71, 142)====
Is IST_0 spanning? : True
Is IST_1 spanning? : True
Is IST_2 spanning? : True
Is IST_3 spanning? : True
Is IST_4 spanning? : True
Is IST_5 spanning? : True
Are all ISTs independent? : True

====TEST CR(428, 71, 142)====
Is IST_0 spanning? : True
Is IST_1 spanning? : True
Is IST_2 spanning? : True
Is IST_3 spanning? : True
Is IST_4 spanning? : True
Is IST_5 spanning? : True
Are all ISTs independent? : True

====TEST CR(429, 71, 142)====
Is IST_0 spanning? : True
Is IST_1 spanning? : True
Is IST_2 spanning? : True
Is IST_3 spanning? : True
Is IST_4 spanning? : True
Is IST_5 spanning? : True
Are all ISTs independent? : True

====TEST CR(430, 71, 142)====
Is IST_0 spanning? : True
Is IST_1 spanning? : True
Is IST_2 spanning? : True
Is IST_3 spanning? : True
Is IST_4 spanning? : True
Is IST_5 spanning? : True
Are all ISTs independent? : True

====TEST CR(431, 71, 142)====
Is IST_0 spanning? : True
Is IST_1 spanning? : True
Is IST_2 spanning? : True
Is IST_3 spanning? : True
Is IST_4 spanning? : True
Is IST_5 spanning? : True
Are all ISTs independent? : True

====TEST CR(432, 71, 142)====
Is IST_0 spanning? : True
Is IST_1 spanning? : True
Is IST_2 spanning? : True
Is IST_3 spanning? : True
Is IST_4 spanning? : True
Is IST_5 spanning? : True
Are all ISTs independent? : True

====TEST CR(433, 71, 142)====
Is IST_0 spanning? : True
Is IST_1 spanning? : True
Is IST_2 spanning? : True
Is IST_3 spanning? : True
Is IST_4 spanning? : True
Is IST_5 spanning? : True
Are all ISTs independent? : True

====TEST CR(434, 71, 142)====
Is IST_0 spanning? : True
Is IST_1 spanning? : True
Is IST_2 spanning? : True
Is IST_3 spanning? : True
Is IST_4 spanning? : True
Is IST_5 spanning? : True
Are all ISTs independent? : True

====TEST CR(435, 71, 142)====
Is IST_0 spanning? : True
Is IST_1 spanning? : True
Is IST_2 spanning? : True
Is IST_3 spanning? : True
Is IST_4 spanning? : True
Is IST_5 spanning? : True
Are all ISTs independent? : True

====TEST CR(436, 71, 142)====
Is IST_0 spanning? : True
Is IST_1 spanning? : True
Is IST_2 spanning? : True
Is IST_3 spanning? : True
Is IST_4 spanning? : True
Is IST_5 spanning? : True
Are all ISTs independent? : True

====TEST CR(437, 71, 142)====
Is IST_0 spanning? : True
Is IST_1 spanning? : True
Is IST_2 spanning? : True
Is IST_3 spanning? : True
Is IST_4 spanning? : True
Is IST_5 spanning? : True
Are all ISTs independent? : True

====TEST CR(438, 71, 142)====
Is IST_0 spanning? : True
Is IST_1 spanning? : True
Is IST_2 spanning? : True
Is IST_3 spanning? : True
Is IST_4 spanning? : True
Is IST_5 spanning? : True
Are all ISTs independent? : True

====TEST CR(439, 71, 142)====
Is IST_0 spanning? : True
Is IST_1 spanning? : True
Is IST_2 spanning? : True
Is IST_3 spanning? : True
Is IST_4 spanning? : True
Is IST_5 spanning? : True
Are all ISTs independent? : True

====TEST CR(440, 71, 142)====
Is IST_0 spanning? : True
Is IST_1 spanning? : True
Is IST_2 spanning? : True
Is IST_3 spanning? : True
Is IST_4 spanning? : True
Is IST_5 spanning? : True
Are all ISTs independent? : True

====TEST CR(441, 71, 142)====
Is IST_0 spanning? : True
Is IST_1 spanning? : True
Is IST_2 spanning? : True
Is IST_3 spanning? : True
Is IST_4 spanning? : True
Is IST_5 spanning? : True
Are all ISTs independent? : True

====TEST CR(442, 71, 142)====
Is IST_0 spanning? : True
Is IST_1 spanning? : True
Is IST_2 spanning? : True
Is IST_3 spanning? : True
Is IST_4 spanning? : True
Is IST_5 spanning? : True
Are all ISTs independent? : True

====TEST CR(443, 71, 142)====
Is IST_0 spanning? : True
Is IST_1 spanning? : True
Is IST_2 spanning? : True
Is IST_3 spanning? : True
Is IST_4 spanning? : True
Is IST_5 spanning? : True
Are all ISTs independent? : True

====TEST CR(444, 71, 142)====
Is IST_0 spanning? : True
Is IST_1 spanning? : True
Is IST_2 spanning? : True
Is IST_3 spanning? : True
Is IST_4 spanning? : True
Is IST_5 spanning? : True
Are all ISTs independent? : True

====TEST CR(445, 71, 142)====
Is IST_0 spanning? : True
Is IST_1 spanning? : True
Is IST_2 spanning? : True
Is IST_3 spanning? : True
Is IST_4 spanning? : True
Is IST_5 spanning? : True
Are all ISTs independent? : True

====TEST CR(446, 71, 142)====
Is IST_0 spanning? : True
Is IST_1 spanning? : True
Is IST_2 spanning? : True
Is IST_3 spanning? : True
Is IST_4 spanning? : True
Is IST_5 spanning? : True
Are all ISTs independent? : True

====TEST CR(447, 71, 142)====
Is IST_0 spanning? : True
Is IST_1 spanning? : True
Is IST_2 spanning? : True
Is IST_3 spanning? : True
Is IST_4 spanning? : True
Is IST_5 spanning? : True
Are all ISTs independent? : True

====TEST CR(448, 71, 142)====
Is IST_0 spanning? : True
Is IST_1 spanning? : True
Is IST_2 spanning? : True
Is IST_3 spanning? : True
Is IST_4 spanning? : True
Is IST_5 spanning? : True
Are all ISTs independent? : True

====TEST CR(449, 71, 142)====
Is IST_0 spanning? : True
Is IST_1 spanning? : True
Is IST_2 spanning? : True
Is IST_3 spanning? : True
Is IST_4 spanning? : True
Is IST_5 spanning? : True
Are all ISTs independent? : True

====TEST CR(450, 71, 142)====
Is IST_0 spanning? : True
Is IST_1 spanning? : True
Is IST_2 spanning? : True
Is IST_3 spanning? : True
Is IST_4 spanning? : True
Is IST_5 spanning? : True
Are all ISTs independent? : True

====TEST CR(451, 71, 142)====
Is IST_0 spanning? : True
Is IST_1 spanning? : True
Is IST_2 spanning? : True
Is IST_3 spanning? : True
Is IST_4 spanning? : True
Is IST_5 spanning? : True
Are all ISTs independent? : True

====TEST CR(452, 71, 142)====
Is IST_0 spanning? : True
Is IST_1 spanning? : True
Is IST_2 spanning? : True
Is IST_3 spanning? : True
Is IST_4 spanning? : True
Is IST_5 spanning? : True
Are all ISTs independent? : True

====TEST CR(453, 71, 142)====
Is IST_0 spanning? : True
Is IST_1 spanning? : True
Is IST_2 spanning? : True
Is IST_3 spanning? : True
Is IST_4 spanning? : True
Is IST_5 spanning? : True
Are all ISTs independent? : True

====TEST CR(454, 71, 142)====
Is IST_0 spanning? : True
Is IST_1 spanning? : True
Is IST_2 spanning? : True
Is IST_3 spanning? : True
Is IST_4 spanning? : True
Is IST_5 spanning? : True
Are all ISTs independent? : True

====TEST CR(455, 71, 142)====
Is IST_0 spanning? : True
Is IST_1 spanning? : True
Is IST_2 spanning? : True
Is IST_3 spanning? : True
Is IST_4 spanning? : True
Is IST_5 spanning? : True
Are all ISTs independent? : True

====TEST CR(456, 71, 142)====
Is IST_0 spanning? : True
Is IST_1 spanning? : True
Is IST_2 spanning? : True
Is IST_3 spanning? : True
Is IST_4 spanning? : True
Is IST_5 spanning? : True
Are all ISTs independent? : True

====TEST CR(457, 71, 142)====
Is IST_0 spanning? : True
Is IST_1 spanning? : True
Is IST_2 spanning? : True
Is IST_3 spanning? : True
Is IST_4 spanning? : True
Is IST_5 spanning? : True
Are all ISTs independent? : True

====TEST CR(458, 71, 142)====
Is IST_0 spanning? : True
Is IST_1 spanning? : True
Is IST_2 spanning? : True
Is IST_3 spanning? : True
Is IST_4 spanning? : True
Is IST_5 spanning? : True
Are all ISTs independent? : True

====TEST CR(459, 71, 142)====
Is IST_0 spanning? : True
Is IST_1 spanning? : True
Is IST_2 spanning? : True
Is IST_3 spanning? : True
Is IST_4 spanning? : True
Is IST_5 spanning? : True
Are all ISTs independent? : True

====TEST CR(460, 71, 142)====
Is IST_0 spanning? : True
Is IST_1 spanning? : True
Is IST_2 spanning? : True
Is IST_3 spanning? : True
Is IST_4 spanning? : True
Is IST_5 spanning? : True
Are all ISTs independent? : True

====TEST CR(461, 71, 142)====
Is IST_0 spanning? : True
Is IST_1 spanning? : True
Is IST_2 spanning? : True
Is IST_3 spanning? : True
Is IST_4 spanning? : True
Is IST_5 spanning? : True
Are all ISTs independent? : True

====TEST CR(462, 71, 142)====
Is IST_0 spanning? : True
Is IST_1 spanning? : True
Is IST_2 spanning? : True
Is IST_3 spanning? : True
Is IST_4 spanning? : True
Is IST_5 spanning? : True
Are all ISTs independent? : True

====TEST CR(463, 71, 142)====
Is IST_0 spanning? : True
Is IST_1 spanning? : True
Is IST_2 spanning? : True
Is IST_3 spanning? : True
Is IST_4 spanning? : True
Is IST_5 spanning? : True
Are all ISTs independent? : True

====TEST CR(464, 71, 142)====
Is IST_0 spanning? : True
Is IST_1 spanning? : True
Is IST_2 spanning? : True
Is IST_3 spanning? : True
Is IST_4 spanning? : True
Is IST_5 spanning? : True
Are all ISTs independent? : True

====TEST CR(465, 71, 142)====
Is IST_0 spanning? : True
Is IST_1 spanning? : True
Is IST_2 spanning? : True
Is IST_3 spanning? : True
Is IST_4 spanning? : True
Is IST_5 spanning? : True
Are all ISTs independent? : True

====TEST CR(466, 71, 142)====
Is IST_0 spanning? : True
Is IST_1 spanning? : True
Is IST_2 spanning? : True
Is IST_3 spanning? : True
Is IST_4 spanning? : True
Is IST_5 spanning? : True
Are all ISTs independent? : True

====TEST CR(467, 71, 142)====
Is IST_0 spanning? : True
Is IST_1 spanning? : True
Is IST_2 spanning? : True
Is IST_3 spanning? : True
Is IST_4 spanning? : True
Is IST_5 spanning? : True
Are all ISTs independent? : True

====TEST CR(468, 71, 142)====
Is IST_0 spanning? : True
Is IST_1 spanning? : True
Is IST_2 spanning? : True
Is IST_3 spanning? : True
Is IST_4 spanning? : True
Is IST_5 spanning? : True
Are all ISTs independent? : True

====TEST CR(469, 71, 142)====
Is IST_0 spanning? : True
Is IST_1 spanning? : True
Is IST_2 spanning? : True
Is IST_3 spanning? : True
Is IST_4 spanning? : True
Is IST_5 spanning? : True
Are all ISTs independent? : True

====TEST CR(470, 71, 142)====
Is IST_0 spanning? : True
Is IST_1 spanning? : True
Is IST_2 spanning? : True
Is IST_3 spanning? : True
Is IST_4 spanning? : True
Is IST_5 spanning? : True
Are all ISTs independent? : True

====TEST CR(471, 71, 142)====
Is IST_0 spanning? : True
Is IST_1 spanning? : True
Is IST_2 spanning? : True
Is IST_3 spanning? : True
Is IST_4 spanning? : True
Is IST_5 spanning? : True
Are all ISTs independent? : True

====TEST CR(472, 71, 142)====
Is IST_0 spanning? : True
Is IST_1 spanning? : True
Is IST_2 spanning? : True
Is IST_3 spanning? : True
Is IST_4 spanning? : True
Is IST_5 spanning? : True
Are all ISTs independent? : True

====TEST CR(473, 71, 142)====
Is IST_0 spanning? : True
Is IST_1 spanning? : True
Is IST_2 spanning? : True
Is IST_3 spanning? : True
Is IST_4 spanning? : True
Is IST_5 spanning? : True
Are all ISTs independent? : True

====TEST CR(474, 71, 142)====
Is IST_0 spanning? : True
Is IST_1 spanning? : True
Is IST_2 spanning? : True
Is IST_3 spanning? : True
Is IST_4 spanning? : True
Is IST_5 spanning? : True
Are all ISTs independent? : True

====TEST CR(475, 71, 142)====
Is IST_0 spanning? : True
Is IST_1 spanning? : True
Is IST_2 spanning? : True
Is IST_3 spanning? : True
Is IST_4 spanning? : True
Is IST_5 spanning? : True
Are all ISTs independent? : True

====TEST CR(476, 71, 142)====
Is IST_0 spanning? : True
Is IST_1 spanning? : True
Is IST_2 spanning? : True
Is IST_3 spanning? : True
Is IST_4 spanning? : True
Is IST_5 spanning? : True
Are all ISTs independent? : True

====TEST CR(477, 71, 142)====
Is IST_0 spanning? : True
Is IST_1 spanning? : True
Is IST_2 spanning? : True
Is IST_3 spanning? : True
Is IST_4 spanning? : True
Is IST_5 spanning? : True
Are all ISTs independent? : True

====TEST CR(478, 71, 142)====
Is IST_0 spanning? : True
Is IST_1 spanning? : True
Is IST_2 spanning? : True
Is IST_3 spanning? : True
Is IST_4 spanning? : True
Is IST_5 spanning? : True
Are all ISTs independent? : True

====TEST CR(479, 71, 142)====
Is IST_0 spanning? : True
Is IST_1 spanning? : True
Is IST_2 spanning? : True
Is IST_3 spanning? : True
Is IST_4 spanning? : True
Is IST_5 spanning? : True
Are all ISTs independent? : True

====TEST CR(480, 71, 142)====
Is IST_0 spanning? : True
Is IST_1 spanning? : True
Is IST_2 spanning? : True
Is IST_3 spanning? : True
Is IST_4 spanning? : True
Is IST_5 spanning? : True
Are all ISTs independent? : True

====TEST CR(481, 71, 142)====
Is IST_0 spanning? : True
Is IST_1 spanning? : True
Is IST_2 spanning? : True
Is IST_3 spanning? : True
Is IST_4 spanning? : True
Is IST_5 spanning? : True
Are all ISTs independent? : True

====TEST CR(482, 71, 142)====
Is IST_0 spanning? : True
Is IST_1 spanning? : True
Is IST_2 spanning? : True
Is IST_3 spanning? : True
Is IST_4 spanning? : True
Is IST_5 spanning? : True
Are all ISTs independent? : True

====TEST CR(483, 71, 142)====
Is IST_0 spanning? : True
Is IST_1 spanning? : True
Is IST_2 spanning? : True
Is IST_3 spanning? : True
Is IST_4 spanning? : True
Is IST_5 spanning? : True
Are all ISTs independent? : True

====TEST CR(484, 71, 142)====
Is IST_0 spanning? : True
Is IST_1 spanning? : True
Is IST_2 spanning? : True
Is IST_3 spanning? : True
Is IST_4 spanning? : True
Is IST_5 spanning? : True
Are all ISTs independent? : True

====TEST CR(485, 71, 142)====
Is IST_0 spanning? : True
Is IST_1 spanning? : True
Is IST_2 spanning? : True
Is IST_3 spanning? : True
Is IST_4 spanning? : True
Is IST_5 spanning? : True
Are all ISTs independent? : True

====TEST CR(486, 71, 142)====
Is IST_0 spanning? : True
Is IST_1 spanning? : True
Is IST_2 spanning? : True
Is IST_3 spanning? : True
Is IST_4 spanning? : True
Is IST_5 spanning? : True
Are all ISTs independent? : True

====TEST CR(487, 71, 142)====
Is IST_0 spanning? : True
Is IST_1 spanning? : True
Is IST_2 spanning? : True
Is IST_3 spanning? : True
Is IST_4 spanning? : True
Is IST_5 spanning? : True
Are all ISTs independent? : True

====TEST CR(488, 71, 142)====
Is IST_0 spanning? : True
Is IST_1 spanning? : True
Is IST_2 spanning? : True
Is IST_3 spanning? : True
Is IST_4 spanning? : True
Is IST_5 spanning? : True
Are all ISTs independent? : True

====TEST CR(489, 71, 142)====
Is IST_0 spanning? : True
Is IST_1 spanning? : True
Is IST_2 spanning? : True
Is IST_3 spanning? : True
Is IST_4 spanning? : True
Is IST_5 spanning? : True
Are all ISTs independent? : True

====TEST CR(490, 71, 142)====
Is IST_0 spanning? : True
Is IST_1 spanning? : True
Is IST_2 spanning? : True
Is IST_3 spanning? : True
Is IST_4 spanning? : True
Is IST_5 spanning? : True
Are all ISTs independent? : True

====TEST CR(491, 71, 142)====
Is IST_0 spanning? : True
Is IST_1 spanning? : True
Is IST_2 spanning? : True
Is IST_3 spanning? : True
Is IST_4 spanning? : True
Is IST_5 spanning? : True
Are all ISTs independent? : True

====TEST CR(492, 71, 142)====
Is IST_0 spanning? : True
Is IST_1 spanning? : True
Is IST_2 spanning? : True
Is IST_3 spanning? : True
Is IST_4 spanning? : True
Is IST_5 spanning? : True
Are all ISTs independent? : True

====TEST CR(493, 71, 142)====
Is IST_0 spanning? : True
Is IST_1 spanning? : True
Is IST_2 spanning? : True
Is IST_3 spanning? : True
Is IST_4 spanning? : True
Is IST_5 spanning? : True
Are all ISTs independent? : True

====TEST CR(494, 71, 142)====
Is IST_0 spanning? : True
Is IST_1 spanning? : True
Is IST_2 spanning? : True
Is IST_3 spanning? : True
Is IST_4 spanning? : True
Is IST_5 spanning? : True
Are all ISTs independent? : True

====TEST CR(495, 71, 142)====
Is IST_0 spanning? : True
Is IST_1 spanning? : True
Is IST_2 spanning? : True
Is IST_3 spanning? : True
Is IST_4 spanning? : True
Is IST_5 spanning? : True
Are all ISTs independent? : True

====TEST CR(496, 71, 142)====
Is IST_0 spanning? : True
Is IST_1 spanning? : True
Is IST_2 spanning? : True
Is IST_3 spanning? : True
Is IST_4 spanning? : True
Is IST_5 spanning? : True
Are all ISTs independent? : True

====TEST CR(497, 71, 142)====
Is IST_0 spanning? : True
Is IST_1 spanning? : True
Is IST_2 spanning? : True
Is IST_3 spanning? : True
Is IST_4 spanning? : True
Is IST_5 spanning? : True
Are all ISTs independent? : True

====TEST CR(498, 71, 142)====
Is IST_0 spanning? : True
Is IST_1 spanning? : True
Is IST_2 spanning? : True
Is IST_3 spanning? : True
Is IST_4 spanning? : True
Is IST_5 spanning? : True
Are all ISTs independent? : True

====TEST CR(499, 71, 142)====
Is IST_0 spanning? : True
Is IST_1 spanning? : True
Is IST_2 spanning? : True
Is IST_3 spanning? : True
Is IST_4 spanning? : True
Is IST_5 spanning? : True
Are all ISTs independent? : True

====TEST CR(500, 71, 142)====
Is IST_0 spanning? : True
Is IST_1 spanning? : True
Is IST_2 spanning? : True
Is IST_3 spanning? : True
Is IST_4 spanning? : True
Is IST_5 spanning? : True
Are all ISTs independent? : True

====TEST CR(501, 71, 142)====
Is IST_0 spanning? : True
Is IST_1 spanning? : True
Is IST_2 spanning? : True
Is IST_3 spanning? : True
Is IST_4 spanning? : True
Is IST_5 spanning? : True
Are all ISTs independent? : True

====TEST CR(502, 71, 142)====
Is IST_0 spanning? : True
Is IST_1 spanning? : True
Is IST_2 spanning? : True
Is IST_3 spanning? : True
Is IST_4 spanning? : True
Is IST_5 spanning? : True
Are all ISTs independent? : True

====TEST CR(503, 71, 142)====
Is IST_0 spanning? : True
Is IST_1 spanning? : True
Is IST_2 spanning? : True
Is IST_3 spanning? : True
Is IST_4 spanning? : True
Is IST_5 spanning? : True
Are all ISTs independent? : True

====TEST CR(504, 71, 142)====
Is IST_0 spanning? : True
Is IST_1 spanning? : True
Is IST_2 spanning? : True
Is IST_3 spanning? : True
Is IST_4 spanning? : True
Is IST_5 spanning? : True
Are all ISTs independent? : True

====TEST CR(505, 71, 142)====
Is IST_0 spanning? : True
Is IST_1 spanning? : True
Is IST_2 spanning? : True
Is IST_3 spanning? : True
Is IST_4 spanning? : True
Is IST_5 spanning? : True
Are all ISTs independent? : True

====TEST CR(506, 71, 142)====
Is IST_0 spanning? : True
Is IST_1 spanning? : True
Is IST_2 spanning? : True
Is IST_3 spanning? : True
Is IST_4 spanning? : True
Is IST_5 spanning? : True
Are all ISTs independent? : True

====TEST CR(507, 71, 142)====
Is IST_0 spanning? : True
Is IST_1 spanning? : True
Is IST_2 spanning? : True
Is IST_3 spanning? : True
Is IST_4 spanning? : True
Is IST_5 spanning? : True
Are all ISTs independent? : True

====TEST CR(508, 71, 142)====
Is IST_0 spanning? : True
Is IST_1 spanning? : True
Is IST_2 spanning? : True
Is IST_3 spanning? : True
Is IST_4 spanning? : True
Is IST_5 spanning? : True
Are all ISTs independent? : True

====TEST CR(509, 71, 142)====
Is IST_0 spanning? : True
Is IST_1 spanning? : True
Is IST_2 spanning? : True
Is IST_3 spanning? : True
Is IST_4 spanning? : True
Is IST_5 spanning? : True
Are all ISTs independent? : True

====TEST CR(510, 71, 142)====
Is IST_0 spanning? : True
Is IST_1 spanning? : True
Is IST_2 spanning? : True
Is IST_3 spanning? : True
Is IST_4 spanning? : True
Is IST_5 spanning? : True
Are all ISTs independent? : True

====TEST CR(511, 71, 142)====
Is IST_0 spanning? : True
Is IST_1 spanning? : True
Is IST_2 spanning? : True
Is IST_3 spanning? : True
Is IST_4 spanning? : True
Is IST_5 spanning? : True
Are all ISTs independent? : True

====TEST CR(512, 71, 142)====
Is IST_0 spanning? : True
Is IST_1 spanning? : True
Is IST_2 spanning? : True
Is IST_3 spanning? : True
Is IST_4 spanning? : True
Is IST_5 spanning? : True
Are all ISTs independent? : True

====TEST CR(513, 71, 142)====
Is IST_0 spanning? : True
Is IST_1 spanning? : True
Is IST_2 spanning? : True
Is IST_3 spanning? : True
Is IST_4 spanning? : True
Is IST_5 spanning? : True
Are all ISTs independent? : True

====TEST CR(514, 71, 142)====
Is IST_0 spanning? : True
Is IST_1 spanning? : True
Is IST_2 spanning? : True
Is IST_3 spanning? : True
Is IST_4 spanning? : True
Is IST_5 spanning? : True
Are all ISTs independent? : True

====TEST CR(515, 71, 142)====
Is IST_0 spanning? : True
Is IST_1 spanning? : True
Is IST_2 spanning? : True
Is IST_3 spanning? : True
Is IST_4 spanning? : True
Is IST_5 spanning? : True
Are all ISTs independent? : True

====TEST CR(516, 71, 142)====
Is IST_0 spanning? : True
Is IST_1 spanning? : True
Is IST_2 spanning? : True
Is IST_3 spanning? : True
Is IST_4 spanning? : True
Is IST_5 spanning? : True
Are all ISTs independent? : True

====TEST CR(517, 71, 142)====
Is IST_0 spanning? : True
Is IST_1 spanning? : True
Is IST_2 spanning? : True
Is IST_3 spanning? : True
Is IST_4 spanning? : True
Is IST_5 spanning? : True
Are all ISTs independent? : True

====TEST CR(518, 71, 142)====
Is IST_0 spanning? : True
Is IST_1 spanning? : True
Is IST_2 spanning? : True
Is IST_3 spanning? : True
Is IST_4 spanning? : True
Is IST_5 spanning? : True
Are all ISTs independent? : True

====TEST CR(519, 71, 142)====
Is IST_0 spanning? : True
Is IST_1 spanning? : True
Is IST_2 spanning? : True
Is IST_3 spanning? : True
Is IST_4 spanning? : True
Is IST_5 spanning? : True
Are all ISTs independent? : True

====TEST CR(520, 71, 142)====
Is IST_0 spanning? : True
Is IST_1 spanning? : True
Is IST_2 spanning? : True
Is IST_3 spanning? : True
Is IST_4 spanning? : True
Is IST_5 spanning? : True
Are all ISTs independent? : True

====TEST CR(521, 71, 142)====
Is IST_0 spanning? : True
Is IST_1 spanning? : True
Is IST_2 spanning? : True
Is IST_3 spanning? : True
Is IST_4 spanning? : True
Is IST_5 spanning? : True
Are all ISTs independent? : True

====TEST CR(522, 71, 142)====
Is IST_0 spanning? : True
Is IST_1 spanning? : True
Is IST_2 spanning? : True
Is IST_3 spanning? : True
Is IST_4 spanning? : True
Is IST_5 spanning? : True
Are all ISTs independent? : True

====TEST CR(523, 71, 142)====
Is IST_0 spanning? : True
Is IST_1 spanning? : True
Is IST_2 spanning? : True
Is IST_3 spanning? : True
Is IST_4 spanning? : True
Is IST_5 spanning? : True
Are all ISTs independent? : True

====TEST CR(524, 71, 142)====
Is IST_0 spanning? : True
Is IST_1 spanning? : True
Is IST_2 spanning? : True
Is IST_3 spanning? : True
Is IST_4 spanning? : True
Is IST_5 spanning? : True
Are all ISTs independent? : True

====TEST CR(525, 71, 142)====
Is IST_0 spanning? : True
Is IST_1 spanning? : True
Is IST_2 spanning? : True
Is IST_3 spanning? : True
Is IST_4 spanning? : True
Is IST_5 spanning? : True
Are all ISTs independent? : True

====TEST CR(526, 71, 142)====
Is IST_0 spanning? : True
Is IST_1 spanning? : True
Is IST_2 spanning? : True
Is IST_3 spanning? : True
Is IST_4 spanning? : True
Is IST_5 spanning? : True
Are all ISTs independent? : True

====TEST CR(527, 71, 142)====
Is IST_0 spanning? : True
Is IST_1 spanning? : True
Is IST_2 spanning? : True
Is IST_3 spanning? : True
Is IST_4 spanning? : True
Is IST_5 spanning? : True
Are all ISTs independent? : True

====TEST CR(528, 71, 142)====
Is IST_0 spanning? : True
Is IST_1 spanning? : True
Is IST_2 spanning? : True
Is IST_3 spanning? : True
Is IST_4 spanning? : True
Is IST_5 spanning? : True
Are all ISTs independent? : True

====TEST CR(529, 71, 142)====
Is IST_0 spanning? : True
Is IST_1 spanning? : True
Is IST_2 spanning? : True
Is IST_3 spanning? : True
Is IST_4 spanning? : True
Is IST_5 spanning? : True
Are all ISTs independent? : True

====TEST CR(530, 71, 142)====
Is IST_0 spanning? : True
Is IST_1 spanning? : True
Is IST_2 spanning? : True
Is IST_3 spanning? : True
Is IST_4 spanning? : True
Is IST_5 spanning? : True
Are all ISTs independent? : True

====TEST CR(531, 71, 142)====
Is IST_0 spanning? : True
Is IST_1 spanning? : True
Is IST_2 spanning? : True
Is IST_3 spanning? : True
Is IST_4 spanning? : True
Is IST_5 spanning? : True
Are all ISTs independent? : True

====TEST CR(532, 71, 142)====
Is IST_0 spanning? : True
Is IST_1 spanning? : True
Is IST_2 spanning? : True
Is IST_3 spanning? : True
Is IST_4 spanning? : True
Is IST_5 spanning? : True
Are all ISTs independent? : True

====TEST CR(533, 71, 142)====
Is IST_0 spanning? : True
Is IST_1 spanning? : True
Is IST_2 spanning? : True
Is IST_3 spanning? : True
Is IST_4 spanning? : True
Is IST_5 spanning? : True
Are all ISTs independent? : True

====TEST CR(534, 71, 142)====
Is IST_0 spanning? : True
Is IST_1 spanning? : True
Is IST_2 spanning? : True
Is IST_3 spanning? : True
Is IST_4 spanning? : True
Is IST_5 spanning? : True
Are all ISTs independent? : True

====TEST CR(535, 71, 142)====
Is IST_0 spanning? : True
Is IST_1 spanning? : True
Is IST_2 spanning? : True
Is IST_3 spanning? : True
Is IST_4 spanning? : True
Is IST_5 spanning? : True
Are all ISTs independent? : True

====TEST CR(536, 71, 142)====
Is IST_0 spanning? : True
Is IST_1 spanning? : True
Is IST_2 spanning? : True
Is IST_3 spanning? : True
Is IST_4 spanning? : True
Is IST_5 spanning? : True
Are all ISTs independent? : True

====TEST CR(537, 71, 142)====
Is IST_0 spanning? : True
Is IST_1 spanning? : True
Is IST_2 spanning? : True
Is IST_3 spanning? : True
Is IST_4 spanning? : True
Is IST_5 spanning? : True
Are all ISTs independent? : True

====TEST CR(538, 71, 142)====
Is IST_0 spanning? : True
Is IST_1 spanning? : True
Is IST_2 spanning? : True
Is IST_3 spanning? : True
Is IST_4 spanning? : True
Is IST_5 spanning? : True
Are all ISTs independent? : True

====TEST CR(539, 71, 142)====
Is IST_0 spanning? : True
Is IST_1 spanning? : True
Is IST_2 spanning? : True
Is IST_3 spanning? : True
Is IST_4 spanning? : True
Is IST_5 spanning? : True
Are all ISTs independent? : True

====TEST CR(540, 71, 142)====
Is IST_0 spanning? : True
Is IST_1 spanning? : True
Is IST_2 spanning? : True
Is IST_3 spanning? : True
Is IST_4 spanning? : True
Is IST_5 spanning? : True
Are all ISTs independent? : True

====TEST CR(541, 71, 142)====
Is IST_0 spanning? : True
Is IST_1 spanning? : True
Is IST_2 spanning? : True
Is IST_3 spanning? : True
Is IST_4 spanning? : True
Is IST_5 spanning? : True
Are all ISTs independent? : True

====TEST CR(542, 71, 142)====
Is IST_0 spanning? : True
Is IST_1 spanning? : True
Is IST_2 spanning? : True
Is IST_3 spanning? : True
Is IST_4 spanning? : True
Is IST_5 spanning? : True
Are all ISTs independent? : True

====TEST CR(543, 71, 142)====
Is IST_0 spanning? : True
Is IST_1 spanning? : True
Is IST_2 spanning? : True
Is IST_3 spanning? : True
Is IST_4 spanning? : True
Is IST_5 spanning? : True
Are all ISTs independent? : True

====TEST CR(544, 71, 142)====
Is IST_0 spanning? : True
Is IST_1 spanning? : True
Is IST_2 spanning? : True
Is IST_3 spanning? : True
Is IST_4 spanning? : True
Is IST_5 spanning? : True
Are all ISTs independent? : True

====TEST CR(545, 71, 142)====
Is IST_0 spanning? : True
Is IST_1 spanning? : True
Is IST_2 spanning? : True
Is IST_3 spanning? : True
Is IST_4 spanning? : True
Is IST_5 spanning? : True
Are all ISTs independent? : True

====TEST CR(546, 71, 142)====
Is IST_0 spanning? : True
Is IST_1 spanning? : True
Is IST_2 spanning? : True
Is IST_3 spanning? : True
Is IST_4 spanning? : True
Is IST_5 spanning? : True
Are all ISTs independent? : True

====TEST CR(547, 71, 142)====
Is IST_0 spanning? : True
Is IST_1 spanning? : True
Is IST_2 spanning? : True
Is IST_3 spanning? : True
Is IST_4 spanning? : True
Is IST_5 spanning? : True
Are all ISTs independent? : True

====TEST CR(548, 71, 142)====
Is IST_0 spanning? : True
Is IST_1 spanning? : True
Is IST_2 spanning? : True
Is IST_3 spanning? : True
Is IST_4 spanning? : True
Is IST_5 spanning? : True
Are all ISTs independent? : True

====TEST CR(549, 71, 142)====
Is IST_0 spanning? : True
Is IST_1 spanning? : True
Is IST_2 spanning? : True
Is IST_3 spanning? : True
Is IST_4 spanning? : True
Is IST_5 spanning? : True
Are all ISTs independent? : True

====TEST CR(550, 71, 142)====
Is IST_0 spanning? : True
Is IST_1 spanning? : True
Is IST_2 spanning? : True
Is IST_3 spanning? : True
Is IST_4 spanning? : True
Is IST_5 spanning? : True
Are all ISTs independent? : True

====TEST CR(551, 71, 142)====
Is IST_0 spanning? : True
Is IST_1 spanning? : True
Is IST_2 spanning? : True
Is IST_3 spanning? : True
Is IST_4 spanning? : True
Is IST_5 spanning? : True
Are all ISTs independent? : True

====TEST CR(552, 71, 142)====
Is IST_0 spanning? : True
Is IST_1 spanning? : True
Is IST_2 spanning? : True
Is IST_3 spanning? : True
Is IST_4 spanning? : True
Is IST_5 spanning? : True
Are all ISTs independent? : True

====TEST CR(553, 71, 142)====
Is IST_0 spanning? : True
Is IST_1 spanning? : True
Is IST_2 spanning? : True
Is IST_3 spanning? : True
Is IST_4 spanning? : True
Is IST_5 spanning? : True
Are all ISTs independent? : True

====TEST CR(554, 71, 142)====
Is IST_0 spanning? : True
Is IST_1 spanning? : True
Is IST_2 spanning? : True
Is IST_3 spanning? : True
Is IST_4 spanning? : True
Is IST_5 spanning? : True
Are all ISTs independent? : True

====TEST CR(432, 72, 144)====
Is IST_0 spanning? : True
Is IST_1 spanning? : True
Is IST_2 spanning? : True
Is IST_3 spanning? : True
Is IST_4 spanning? : True
Is IST_5 spanning? : True
Are all ISTs independent? : True

====TEST CR(433, 72, 144)====
Is IST_0 spanning? : True
Is IST_1 spanning? : True
Is IST_2 spanning? : True
Is IST_3 spanning? : True
Is IST_4 spanning? : True
Is IST_5 spanning? : True
Are all ISTs independent? : True

====TEST CR(434, 72, 144)====
Is IST_0 spanning? : True
Is IST_1 spanning? : True
Is IST_2 spanning? : True
Is IST_3 spanning? : True
Is IST_4 spanning? : True
Is IST_5 spanning? : True
Are all ISTs independent? : True

====TEST CR(435, 72, 144)====
Is IST_0 spanning? : True
Is IST_1 spanning? : True
Is IST_2 spanning? : True
Is IST_3 spanning? : True
Is IST_4 spanning? : True
Is IST_5 spanning? : True
Are all ISTs independent? : True

====TEST CR(436, 72, 144)====
Is IST_0 spanning? : True
Is IST_1 spanning? : True
Is IST_2 spanning? : True
Is IST_3 spanning? : True
Is IST_4 spanning? : True
Is IST_5 spanning? : True
Are all ISTs independent? : True

====TEST CR(437, 72, 144)====
Is IST_0 spanning? : True
Is IST_1 spanning? : True
Is IST_2 spanning? : True
Is IST_3 spanning? : True
Is IST_4 spanning? : True
Is IST_5 spanning? : True
Are all ISTs independent? : True

====TEST CR(438, 72, 144)====
Is IST_0 spanning? : True
Is IST_1 spanning? : True
Is IST_2 spanning? : True
Is IST_3 spanning? : True
Is IST_4 spanning? : True
Is IST_5 spanning? : True
Are all ISTs independent? : True

====TEST CR(439, 72, 144)====
Is IST_0 spanning? : True
Is IST_1 spanning? : True
Is IST_2 spanning? : True
Is IST_3 spanning? : True
Is IST_4 spanning? : True
Is IST_5 spanning? : True
Are all ISTs independent? : True

====TEST CR(440, 72, 144)====
Is IST_0 spanning? : True
Is IST_1 spanning? : True
Is IST_2 spanning? : True
Is IST_3 spanning? : True
Is IST_4 spanning? : True
Is IST_5 spanning? : True
Are all ISTs independent? : True

====TEST CR(441, 72, 144)====
Is IST_0 spanning? : True
Is IST_1 spanning? : True
Is IST_2 spanning? : True
Is IST_3 spanning? : True
Is IST_4 spanning? : True
Is IST_5 spanning? : True
Are all ISTs independent? : True

====TEST CR(442, 72, 144)====
Is IST_0 spanning? : True
Is IST_1 spanning? : True
Is IST_2 spanning? : True
Is IST_3 spanning? : True
Is IST_4 spanning? : True
Is IST_5 spanning? : True
Are all ISTs independent? : True

====TEST CR(443, 72, 144)====
Is IST_0 spanning? : True
Is IST_1 spanning? : True
Is IST_2 spanning? : True
Is IST_3 spanning? : True
Is IST_4 spanning? : True
Is IST_5 spanning? : True
Are all ISTs independent? : True

====TEST CR(444, 72, 144)====
Is IST_0 spanning? : True
Is IST_1 spanning? : True
Is IST_2 spanning? : True
Is IST_3 spanning? : True
Is IST_4 spanning? : True
Is IST_5 spanning? : True
Are all ISTs independent? : True

====TEST CR(445, 72, 144)====
Is IST_0 spanning? : True
Is IST_1 spanning? : True
Is IST_2 spanning? : True
Is IST_3 spanning? : True
Is IST_4 spanning? : True
Is IST_5 spanning? : True
Are all ISTs independent? : True

====TEST CR(446, 72, 144)====
Is IST_0 spanning? : True
Is IST_1 spanning? : True
Is IST_2 spanning? : True
Is IST_3 spanning? : True
Is IST_4 spanning? : True
Is IST_5 spanning? : True
Are all ISTs independent? : True

====TEST CR(447, 72, 144)====
Is IST_0 spanning? : True
Is IST_1 spanning? : True
Is IST_2 spanning? : True
Is IST_3 spanning? : True
Is IST_4 spanning? : True
Is IST_5 spanning? : True
Are all ISTs independent? : True

====TEST CR(448, 72, 144)====
Is IST_0 spanning? : True
Is IST_1 spanning? : True
Is IST_2 spanning? : True
Is IST_3 spanning? : True
Is IST_4 spanning? : True
Is IST_5 spanning? : True
Are all ISTs independent? : True

====TEST CR(449, 72, 144)====
Is IST_0 spanning? : True
Is IST_1 spanning? : True
Is IST_2 spanning? : True
Is IST_3 spanning? : True
Is IST_4 spanning? : True
Is IST_5 spanning? : True
Are all ISTs independent? : True

====TEST CR(450, 72, 144)====
Is IST_0 spanning? : True
Is IST_1 spanning? : True
Is IST_2 spanning? : True
Is IST_3 spanning? : True
Is IST_4 spanning? : True
Is IST_5 spanning? : True
Are all ISTs independent? : True

====TEST CR(451, 72, 144)====
Is IST_0 spanning? : True
Is IST_1 spanning? : True
Is IST_2 spanning? : True
Is IST_3 spanning? : True
Is IST_4 spanning? : True
Is IST_5 spanning? : True
Are all ISTs independent? : True

====TEST CR(452, 72, 144)====
Is IST_0 spanning? : True
Is IST_1 spanning? : True
Is IST_2 spanning? : True
Is IST_3 spanning? : True
Is IST_4 spanning? : True
Is IST_5 spanning? : True
Are all ISTs independent? : True

====TEST CR(453, 72, 144)====
Is IST_0 spanning? : True
Is IST_1 spanning? : True
Is IST_2 spanning? : True
Is IST_3 spanning? : True
Is IST_4 spanning? : True
Is IST_5 spanning? : True
Are all ISTs independent? : True

====TEST CR(454, 72, 144)====
Is IST_0 spanning? : True
Is IST_1 spanning? : True
Is IST_2 spanning? : True
Is IST_3 spanning? : True
Is IST_4 spanning? : True
Is IST_5 spanning? : True
Are all ISTs independent? : True

====TEST CR(455, 72, 144)====
Is IST_0 spanning? : True
Is IST_1 spanning? : True
Is IST_2 spanning? : True
Is IST_3 spanning? : True
Is IST_4 spanning? : True
Is IST_5 spanning? : True
Are all ISTs independent? : True

====TEST CR(456, 72, 144)====
Is IST_0 spanning? : True
Is IST_1 spanning? : True
Is IST_2 spanning? : True
Is IST_3 spanning? : True
Is IST_4 spanning? : True
Is IST_5 spanning? : True
Are all ISTs independent? : True

====TEST CR(457, 72, 144)====
Is IST_0 spanning? : True
Is IST_1 spanning? : True
Is IST_2 spanning? : True
Is IST_3 spanning? : True
Is IST_4 spanning? : True
Is IST_5 spanning? : True
Are all ISTs independent? : True

====TEST CR(458, 72, 144)====
Is IST_0 spanning? : True
Is IST_1 spanning? : True
Is IST_2 spanning? : True
Is IST_3 spanning? : True
Is IST_4 spanning? : True
Is IST_5 spanning? : True
Are all ISTs independent? : True

====TEST CR(459, 72, 144)====
Is IST_0 spanning? : True
Is IST_1 spanning? : True
Is IST_2 spanning? : True
Is IST_3 spanning? : True
Is IST_4 spanning? : True
Is IST_5 spanning? : True
Are all ISTs independent? : True

====TEST CR(460, 72, 144)====
Is IST_0 spanning? : True
Is IST_1 spanning? : True
Is IST_2 spanning? : True
Is IST_3 spanning? : True
Is IST_4 spanning? : True
Is IST_5 spanning? : True
Are all ISTs independent? : True

====TEST CR(461, 72, 144)====
Is IST_0 spanning? : True
Is IST_1 spanning? : True
Is IST_2 spanning? : True
Is IST_3 spanning? : True
Is IST_4 spanning? : True
Is IST_5 spanning? : True
Are all ISTs independent? : True

====TEST CR(462, 72, 144)====
Is IST_0 spanning? : True
Is IST_1 spanning? : True
Is IST_2 spanning? : True
Is IST_3 spanning? : True
Is IST_4 spanning? : True
Is IST_5 spanning? : True
Are all ISTs independent? : True

====TEST CR(463, 72, 144)====
Is IST_0 spanning? : True
Is IST_1 spanning? : True
Is IST_2 spanning? : True
Is IST_3 spanning? : True
Is IST_4 spanning? : True
Is IST_5 spanning? : True
Are all ISTs independent? : True

====TEST CR(464, 72, 144)====
Is IST_0 spanning? : True
Is IST_1 spanning? : True
Is IST_2 spanning? : True
Is IST_3 spanning? : True
Is IST_4 spanning? : True
Is IST_5 spanning? : True
Are all ISTs independent? : True

====TEST CR(465, 72, 144)====
Is IST_0 spanning? : True
Is IST_1 spanning? : True
Is IST_2 spanning? : True
Is IST_3 spanning? : True
Is IST_4 spanning? : True
Is IST_5 spanning? : True
Are all ISTs independent? : True

====TEST CR(466, 72, 144)====
Is IST_0 spanning? : True
Is IST_1 spanning? : True
Is IST_2 spanning? : True
Is IST_3 spanning? : True
Is IST_4 spanning? : True
Is IST_5 spanning? : True
Are all ISTs independent? : True

====TEST CR(467, 72, 144)====
Is IST_0 spanning? : True
Is IST_1 spanning? : True
Is IST_2 spanning? : True
Is IST_3 spanning? : True
Is IST_4 spanning? : True
Is IST_5 spanning? : True
Are all ISTs independent? : True

====TEST CR(468, 72, 144)====
Is IST_0 spanning? : True
Is IST_1 spanning? : True
Is IST_2 spanning? : True
Is IST_3 spanning? : True
Is IST_4 spanning? : True
Is IST_5 spanning? : True
Are all ISTs independent? : True

====TEST CR(469, 72, 144)====
Is IST_0 spanning? : True
Is IST_1 spanning? : True
Is IST_2 spanning? : True
Is IST_3 spanning? : True
Is IST_4 spanning? : True
Is IST_5 spanning? : True
Are all ISTs independent? : True

====TEST CR(470, 72, 144)====
Is IST_0 spanning? : True
Is IST_1 spanning? : True
Is IST_2 spanning? : True
Is IST_3 spanning? : True
Is IST_4 spanning? : True
Is IST_5 spanning? : True
Are all ISTs independent? : True

====TEST CR(471, 72, 144)====
Is IST_0 spanning? : True
Is IST_1 spanning? : True
Is IST_2 spanning? : True
Is IST_3 spanning? : True
Is IST_4 spanning? : True
Is IST_5 spanning? : True
Are all ISTs independent? : True

====TEST CR(472, 72, 144)====
Is IST_0 spanning? : True
Is IST_1 spanning? : True
Is IST_2 spanning? : True
Is IST_3 spanning? : True
Is IST_4 spanning? : True
Is IST_5 spanning? : True
Are all ISTs independent? : True

====TEST CR(473, 72, 144)====
Is IST_0 spanning? : True
Is IST_1 spanning? : True
Is IST_2 spanning? : True
Is IST_3 spanning? : True
Is IST_4 spanning? : True
Is IST_5 spanning? : True
Are all ISTs independent? : True

====TEST CR(474, 72, 144)====
Is IST_0 spanning? : True
Is IST_1 spanning? : True
Is IST_2 spanning? : True
Is IST_3 spanning? : True
Is IST_4 spanning? : True
Is IST_5 spanning? : True
Are all ISTs independent? : True

====TEST CR(475, 72, 144)====
Is IST_0 spanning? : True
Is IST_1 spanning? : True
Is IST_2 spanning? : True
Is IST_3 spanning? : True
Is IST_4 spanning? : True
Is IST_5 spanning? : True
Are all ISTs independent? : True

====TEST CR(476, 72, 144)====
Is IST_0 spanning? : True
Is IST_1 spanning? : True
Is IST_2 spanning? : True
Is IST_3 spanning? : True
Is IST_4 spanning? : True
Is IST_5 spanning? : True
Are all ISTs independent? : True

====TEST CR(477, 72, 144)====
Is IST_0 spanning? : True
Is IST_1 spanning? : True
Is IST_2 spanning? : True
Is IST_3 spanning? : True
Is IST_4 spanning? : True
Is IST_5 spanning? : True
Are all ISTs independent? : True

====TEST CR(478, 72, 144)====
Is IST_0 spanning? : True
Is IST_1 spanning? : True
Is IST_2 spanning? : True
Is IST_3 spanning? : True
Is IST_4 spanning? : True
Is IST_5 spanning? : True
Are all ISTs independent? : True

====TEST CR(479, 72, 144)====
Is IST_0 spanning? : True
Is IST_1 spanning? : True
Is IST_2 spanning? : True
Is IST_3 spanning? : True
Is IST_4 spanning? : True
Is IST_5 spanning? : True
Are all ISTs independent? : True

====TEST CR(480, 72, 144)====
Is IST_0 spanning? : True
Is IST_1 spanning? : True
Is IST_2 spanning? : True
Is IST_3 spanning? : True
Is IST_4 spanning? : True
Is IST_5 spanning? : True
Are all ISTs independent? : True

====TEST CR(481, 72, 144)====
Is IST_0 spanning? : True
Is IST_1 spanning? : True
Is IST_2 spanning? : True
Is IST_3 spanning? : True
Is IST_4 spanning? : True
Is IST_5 spanning? : True
Are all ISTs independent? : True

====TEST CR(482, 72, 144)====
Is IST_0 spanning? : True
Is IST_1 spanning? : True
Is IST_2 spanning? : True
Is IST_3 spanning? : True
Is IST_4 spanning? : True
Is IST_5 spanning? : True
Are all ISTs independent? : True

====TEST CR(483, 72, 144)====
Is IST_0 spanning? : True
Is IST_1 spanning? : True
Is IST_2 spanning? : True
Is IST_3 spanning? : True
Is IST_4 spanning? : True
Is IST_5 spanning? : True
Are all ISTs independent? : True

====TEST CR(484, 72, 144)====
Is IST_0 spanning? : True
Is IST_1 spanning? : True
Is IST_2 spanning? : True
Is IST_3 spanning? : True
Is IST_4 spanning? : True
Is IST_5 spanning? : True
Are all ISTs independent? : True

====TEST CR(485, 72, 144)====
Is IST_0 spanning? : True
Is IST_1 spanning? : True
Is IST_2 spanning? : True
Is IST_3 spanning? : True
Is IST_4 spanning? : True
Is IST_5 spanning? : True
Are all ISTs independent? : True

====TEST CR(486, 72, 144)====
Is IST_0 spanning? : True
Is IST_1 spanning? : True
Is IST_2 spanning? : True
Is IST_3 spanning? : True
Is IST_4 spanning? : True
Is IST_5 spanning? : True
Are all ISTs independent? : True

====TEST CR(487, 72, 144)====
Is IST_0 spanning? : True
Is IST_1 spanning? : True
Is IST_2 spanning? : True
Is IST_3 spanning? : True
Is IST_4 spanning? : True
Is IST_5 spanning? : True
Are all ISTs independent? : True

====TEST CR(488, 72, 144)====
Is IST_0 spanning? : True
Is IST_1 spanning? : True
Is IST_2 spanning? : True
Is IST_3 spanning? : True
Is IST_4 spanning? : True
Is IST_5 spanning? : True
Are all ISTs independent? : True

====TEST CR(489, 72, 144)====
Is IST_0 spanning? : True
Is IST_1 spanning? : True
Is IST_2 spanning? : True
Is IST_3 spanning? : True
Is IST_4 spanning? : True
Is IST_5 spanning? : True
Are all ISTs independent? : True

====TEST CR(490, 72, 144)====
Is IST_0 spanning? : True
Is IST_1 spanning? : True
Is IST_2 spanning? : True
Is IST_3 spanning? : True
Is IST_4 spanning? : True
Is IST_5 spanning? : True
Are all ISTs independent? : True

====TEST CR(491, 72, 144)====
Is IST_0 spanning? : True
Is IST_1 spanning? : True
Is IST_2 spanning? : True
Is IST_3 spanning? : True
Is IST_4 spanning? : True
Is IST_5 spanning? : True
Are all ISTs independent? : True

====TEST CR(492, 72, 144)====
Is IST_0 spanning? : True
Is IST_1 spanning? : True
Is IST_2 spanning? : True
Is IST_3 spanning? : True
Is IST_4 spanning? : True
Is IST_5 spanning? : True
Are all ISTs independent? : True

====TEST CR(493, 72, 144)====
Is IST_0 spanning? : True
Is IST_1 spanning? : True
Is IST_2 spanning? : True
Is IST_3 spanning? : True
Is IST_4 spanning? : True
Is IST_5 spanning? : True
Are all ISTs independent? : True

====TEST CR(494, 72, 144)====
Is IST_0 spanning? : True
Is IST_1 spanning? : True
Is IST_2 spanning? : True
Is IST_3 spanning? : True
Is IST_4 spanning? : True
Is IST_5 spanning? : True
Are all ISTs independent? : True

====TEST CR(495, 72, 144)====
Is IST_0 spanning? : True
Is IST_1 spanning? : True
Is IST_2 spanning? : True
Is IST_3 spanning? : True
Is IST_4 spanning? : True
Is IST_5 spanning? : True
Are all ISTs independent? : True

====TEST CR(496, 72, 144)====
Is IST_0 spanning? : True
Is IST_1 spanning? : True
Is IST_2 spanning? : True
Is IST_3 spanning? : True
Is IST_4 spanning? : True
Is IST_5 spanning? : True
Are all ISTs independent? : True

====TEST CR(497, 72, 144)====
Is IST_0 spanning? : True
Is IST_1 spanning? : True
Is IST_2 spanning? : True
Is IST_3 spanning? : True
Is IST_4 spanning? : True
Is IST_5 spanning? : True
Are all ISTs independent? : True

====TEST CR(498, 72, 144)====
Is IST_0 spanning? : True
Is IST_1 spanning? : True
Is IST_2 spanning? : True
Is IST_3 spanning? : True
Is IST_4 spanning? : True
Is IST_5 spanning? : True
Are all ISTs independent? : True

====TEST CR(499, 72, 144)====
Is IST_0 spanning? : True
Is IST_1 spanning? : True
Is IST_2 spanning? : True
Is IST_3 spanning? : True
Is IST_4 spanning? : True
Is IST_5 spanning? : True
Are all ISTs independent? : True

====TEST CR(500, 72, 144)====
Is IST_0 spanning? : True
Is IST_1 spanning? : True
Is IST_2 spanning? : True
Is IST_3 spanning? : True
Is IST_4 spanning? : True
Is IST_5 spanning? : True
Are all ISTs independent? : True

====TEST CR(501, 72, 144)====
Is IST_0 spanning? : True
Is IST_1 spanning? : True
Is IST_2 spanning? : True
Is IST_3 spanning? : True
Is IST_4 spanning? : True
Is IST_5 spanning? : True
Are all ISTs independent? : True

====TEST CR(502, 72, 144)====
Is IST_0 spanning? : True
Is IST_1 spanning? : True
Is IST_2 spanning? : True
Is IST_3 spanning? : True
Is IST_4 spanning? : True
Is IST_5 spanning? : True
Are all ISTs independent? : True

====TEST CR(503, 72, 144)====
Is IST_0 spanning? : True
Is IST_1 spanning? : True
Is IST_2 spanning? : True
Is IST_3 spanning? : True
Is IST_4 spanning? : True
Is IST_5 spanning? : True
Are all ISTs independent? : True

====TEST CR(504, 72, 144)====
Is IST_0 spanning? : True
Is IST_1 spanning? : True
Is IST_2 spanning? : True
Is IST_3 spanning? : True
Is IST_4 spanning? : True
Is IST_5 spanning? : True
Are all ISTs independent? : True

====TEST CR(505, 72, 144)====
Is IST_0 spanning? : True
Is IST_1 spanning? : True
Is IST_2 spanning? : True
Is IST_3 spanning? : True
Is IST_4 spanning? : True
Is IST_5 spanning? : True
Are all ISTs independent? : True

====TEST CR(506, 72, 144)====
Is IST_0 spanning? : True
Is IST_1 spanning? : True
Is IST_2 spanning? : True
Is IST_3 spanning? : True
Is IST_4 spanning? : True
Is IST_5 spanning? : True
Are all ISTs independent? : True

====TEST CR(507, 72, 144)====
Is IST_0 spanning? : True
Is IST_1 spanning? : True
Is IST_2 spanning? : True
Is IST_3 spanning? : True
Is IST_4 spanning? : True
Is IST_5 spanning? : True
Are all ISTs independent? : True

====TEST CR(508, 72, 144)====
Is IST_0 spanning? : True
Is IST_1 spanning? : True
Is IST_2 spanning? : True
Is IST_3 spanning? : True
Is IST_4 spanning? : True
Is IST_5 spanning? : True
Are all ISTs independent? : True

====TEST CR(509, 72, 144)====
Is IST_0 spanning? : True
Is IST_1 spanning? : True
Is IST_2 spanning? : True
Is IST_3 spanning? : True
Is IST_4 spanning? : True
Is IST_5 spanning? : True
Are all ISTs independent? : True

====TEST CR(510, 72, 144)====
Is IST_0 spanning? : True
Is IST_1 spanning? : True
Is IST_2 spanning? : True
Is IST_3 spanning? : True
Is IST_4 spanning? : True
Is IST_5 spanning? : True
Are all ISTs independent? : True

====TEST CR(511, 72, 144)====
Is IST_0 spanning? : True
Is IST_1 spanning? : True
Is IST_2 spanning? : True
Is IST_3 spanning? : True
Is IST_4 spanning? : True
Is IST_5 spanning? : True
Are all ISTs independent? : True

====TEST CR(512, 72, 144)====
Is IST_0 spanning? : True
Is IST_1 spanning? : True
Is IST_2 spanning? : True
Is IST_3 spanning? : True
Is IST_4 spanning? : True
Is IST_5 spanning? : True
Are all ISTs independent? : True

====TEST CR(513, 72, 144)====
Is IST_0 spanning? : True
Is IST_1 spanning? : True
Is IST_2 spanning? : True
Is IST_3 spanning? : True
Is IST_4 spanning? : True
Is IST_5 spanning? : True
Are all ISTs independent? : True

====TEST CR(514, 72, 144)====
Is IST_0 spanning? : True
Is IST_1 spanning? : True
Is IST_2 spanning? : True
Is IST_3 spanning? : True
Is IST_4 spanning? : True
Is IST_5 spanning? : True
Are all ISTs independent? : True

====TEST CR(515, 72, 144)====
Is IST_0 spanning? : True
Is IST_1 spanning? : True
Is IST_2 spanning? : True
Is IST_3 spanning? : True
Is IST_4 spanning? : True
Is IST_5 spanning? : True
Are all ISTs independent? : True

====TEST CR(516, 72, 144)====
Is IST_0 spanning? : True
Is IST_1 spanning? : True
Is IST_2 spanning? : True
Is IST_3 spanning? : True
Is IST_4 spanning? : True
Is IST_5 spanning? : True
Are all ISTs independent? : True

====TEST CR(517, 72, 144)====
Is IST_0 spanning? : True
Is IST_1 spanning? : True
Is IST_2 spanning? : True
Is IST_3 spanning? : True
Is IST_4 spanning? : True
Is IST_5 spanning? : True
Are all ISTs independent? : True

====TEST CR(518, 72, 144)====
Is IST_0 spanning? : True
Is IST_1 spanning? : True
Is IST_2 spanning? : True
Is IST_3 spanning? : True
Is IST_4 spanning? : True
Is IST_5 spanning? : True
Are all ISTs independent? : True

====TEST CR(519, 72, 144)====
Is IST_0 spanning? : True
Is IST_1 spanning? : True
Is IST_2 spanning? : True
Is IST_3 spanning? : True
Is IST_4 spanning? : True
Is IST_5 spanning? : True
Are all ISTs independent? : True

====TEST CR(520, 72, 144)====
Is IST_0 spanning? : True
Is IST_1 spanning? : True
Is IST_2 spanning? : True
Is IST_3 spanning? : True
Is IST_4 spanning? : True
Is IST_5 spanning? : True
Are all ISTs independent? : True

====TEST CR(521, 72, 144)====
Is IST_0 spanning? : True
Is IST_1 spanning? : True
Is IST_2 spanning? : True
Is IST_3 spanning? : True
Is IST_4 spanning? : True
Is IST_5 spanning? : True
Are all ISTs independent? : True

====TEST CR(522, 72, 144)====
Is IST_0 spanning? : True
Is IST_1 spanning? : True
Is IST_2 spanning? : True
Is IST_3 spanning? : True
Is IST_4 spanning? : True
Is IST_5 spanning? : True
Are all ISTs independent? : True

====TEST CR(523, 72, 144)====
Is IST_0 spanning? : True
Is IST_1 spanning? : True
Is IST_2 spanning? : True
Is IST_3 spanning? : True
Is IST_4 spanning? : True
Is IST_5 spanning? : True
Are all ISTs independent? : True

====TEST CR(524, 72, 144)====
Is IST_0 spanning? : True
Is IST_1 spanning? : True
Is IST_2 spanning? : True
Is IST_3 spanning? : True
Is IST_4 spanning? : True
Is IST_5 spanning? : True
Are all ISTs independent? : True

====TEST CR(525, 72, 144)====
Is IST_0 spanning? : True
Is IST_1 spanning? : True
Is IST_2 spanning? : True
Is IST_3 spanning? : True
Is IST_4 spanning? : True
Is IST_5 spanning? : True
Are all ISTs independent? : True

====TEST CR(526, 72, 144)====
Is IST_0 spanning? : True
Is IST_1 spanning? : True
Is IST_2 spanning? : True
Is IST_3 spanning? : True
Is IST_4 spanning? : True
Is IST_5 spanning? : True
Are all ISTs independent? : True

====TEST CR(527, 72, 144)====
Is IST_0 spanning? : True
Is IST_1 spanning? : True
Is IST_2 spanning? : True
Is IST_3 spanning? : True
Is IST_4 spanning? : True
Is IST_5 spanning? : True
Are all ISTs independent? : True

====TEST CR(528, 72, 144)====
Is IST_0 spanning? : True
Is IST_1 spanning? : True
Is IST_2 spanning? : True
Is IST_3 spanning? : True
Is IST_4 spanning? : True
Is IST_5 spanning? : True
Are all ISTs independent? : True

====TEST CR(529, 72, 144)====
Is IST_0 spanning? : True
Is IST_1 spanning? : True
Is IST_2 spanning? : True
Is IST_3 spanning? : True
Is IST_4 spanning? : True
Is IST_5 spanning? : True
Are all ISTs independent? : True

====TEST CR(530, 72, 144)====
Is IST_0 spanning? : True
Is IST_1 spanning? : True
Is IST_2 spanning? : True
Is IST_3 spanning? : True
Is IST_4 spanning? : True
Is IST_5 spanning? : True
Are all ISTs independent? : True

====TEST CR(531, 72, 144)====
Is IST_0 spanning? : True
Is IST_1 spanning? : True
Is IST_2 spanning? : True
Is IST_3 spanning? : True
Is IST_4 spanning? : True
Is IST_5 spanning? : True
Are all ISTs independent? : True

====TEST CR(532, 72, 144)====
Is IST_0 spanning? : True
Is IST_1 spanning? : True
Is IST_2 spanning? : True
Is IST_3 spanning? : True
Is IST_4 spanning? : True
Is IST_5 spanning? : True
Are all ISTs independent? : True

====TEST CR(533, 72, 144)====
Is IST_0 spanning? : True
Is IST_1 spanning? : True
Is IST_2 spanning? : True
Is IST_3 spanning? : True
Is IST_4 spanning? : True
Is IST_5 spanning? : True
Are all ISTs independent? : True

====TEST CR(534, 72, 144)====
Is IST_0 spanning? : True
Is IST_1 spanning? : True
Is IST_2 spanning? : True
Is IST_3 spanning? : True
Is IST_4 spanning? : True
Is IST_5 spanning? : True
Are all ISTs independent? : True

====TEST CR(535, 72, 144)====
Is IST_0 spanning? : True
Is IST_1 spanning? : True
Is IST_2 spanning? : True
Is IST_3 spanning? : True
Is IST_4 spanning? : True
Is IST_5 spanning? : True
Are all ISTs independent? : True

====TEST CR(536, 72, 144)====
Is IST_0 spanning? : True
Is IST_1 spanning? : True
Is IST_2 spanning? : True
Is IST_3 spanning? : True
Is IST_4 spanning? : True
Is IST_5 spanning? : True
Are all ISTs independent? : True

====TEST CR(537, 72, 144)====
Is IST_0 spanning? : True
Is IST_1 spanning? : True
Is IST_2 spanning? : True
Is IST_3 spanning? : True
Is IST_4 spanning? : True
Is IST_5 spanning? : True
Are all ISTs independent? : True

====TEST CR(538, 72, 144)====
Is IST_0 spanning? : True
Is IST_1 spanning? : True
Is IST_2 spanning? : True
Is IST_3 spanning? : True
Is IST_4 spanning? : True
Is IST_5 spanning? : True
Are all ISTs independent? : True

====TEST CR(539, 72, 144)====
Is IST_0 spanning? : True
Is IST_1 spanning? : True
Is IST_2 spanning? : True
Is IST_3 spanning? : True
Is IST_4 spanning? : True
Is IST_5 spanning? : True
Are all ISTs independent? : True

====TEST CR(540, 72, 144)====
Is IST_0 spanning? : True
Is IST_1 spanning? : True
Is IST_2 spanning? : True
Is IST_3 spanning? : True
Is IST_4 spanning? : True
Is IST_5 spanning? : True
Are all ISTs independent? : True

====TEST CR(541, 72, 144)====
Is IST_0 spanning? : True
Is IST_1 spanning? : True
Is IST_2 spanning? : True
Is IST_3 spanning? : True
Is IST_4 spanning? : True
Is IST_5 spanning? : True
Are all ISTs independent? : True

====TEST CR(542, 72, 144)====
Is IST_0 spanning? : True
Is IST_1 spanning? : True
Is IST_2 spanning? : True
Is IST_3 spanning? : True
Is IST_4 spanning? : True
Is IST_5 spanning? : True
Are all ISTs independent? : True

====TEST CR(543, 72, 144)====
Is IST_0 spanning? : True
Is IST_1 spanning? : True
Is IST_2 spanning? : True
Is IST_3 spanning? : True
Is IST_4 spanning? : True
Is IST_5 spanning? : True
Are all ISTs independent? : True

====TEST CR(544, 72, 144)====
Is IST_0 spanning? : True
Is IST_1 spanning? : True
Is IST_2 spanning? : True
Is IST_3 spanning? : True
Is IST_4 spanning? : True
Is IST_5 spanning? : True
Are all ISTs independent? : True

====TEST CR(545, 72, 144)====
Is IST_0 spanning? : True
Is IST_1 spanning? : True
Is IST_2 spanning? : True
Is IST_3 spanning? : True
Is IST_4 spanning? : True
Is IST_5 spanning? : True
Are all ISTs independent? : True

====TEST CR(546, 72, 144)====
Is IST_0 spanning? : True
Is IST_1 spanning? : True
Is IST_2 spanning? : True
Is IST_3 spanning? : True
Is IST_4 spanning? : True
Is IST_5 spanning? : True
Are all ISTs independent? : True

====TEST CR(547, 72, 144)====
Is IST_0 spanning? : True
Is IST_1 spanning? : True
Is IST_2 spanning? : True
Is IST_3 spanning? : True
Is IST_4 spanning? : True
Is IST_5 spanning? : True
Are all ISTs independent? : True

====TEST CR(548, 72, 144)====
Is IST_0 spanning? : True
Is IST_1 spanning? : True
Is IST_2 spanning? : True
Is IST_3 spanning? : True
Is IST_4 spanning? : True
Is IST_5 spanning? : True
Are all ISTs independent? : True

====TEST CR(549, 72, 144)====
Is IST_0 spanning? : True
Is IST_1 spanning? : True
Is IST_2 spanning? : True
Is IST_3 spanning? : True
Is IST_4 spanning? : True
Is IST_5 spanning? : True
Are all ISTs independent? : True

====TEST CR(550, 72, 144)====
Is IST_0 spanning? : True
Is IST_1 spanning? : True
Is IST_2 spanning? : True
Is IST_3 spanning? : True
Is IST_4 spanning? : True
Is IST_5 spanning? : True
Are all ISTs independent? : True

====TEST CR(551, 72, 144)====
Is IST_0 spanning? : True
Is IST_1 spanning? : True
Is IST_2 spanning? : True
Is IST_3 spanning? : True
Is IST_4 spanning? : True
Is IST_5 spanning? : True
Are all ISTs independent? : True

====TEST CR(552, 72, 144)====
Is IST_0 spanning? : True
Is IST_1 spanning? : True
Is IST_2 spanning? : True
Is IST_3 spanning? : True
Is IST_4 spanning? : True
Is IST_5 spanning? : True
Are all ISTs independent? : True

====TEST CR(553, 72, 144)====
Is IST_0 spanning? : True
Is IST_1 spanning? : True
Is IST_2 spanning? : True
Is IST_3 spanning? : True
Is IST_4 spanning? : True
Is IST_5 spanning? : True
Are all ISTs independent? : True

====TEST CR(554, 72, 144)====
Is IST_0 spanning? : True
Is IST_1 spanning? : True
Is IST_2 spanning? : True
Is IST_3 spanning? : True
Is IST_4 spanning? : True
Is IST_5 spanning? : True
Are all ISTs independent? : True

====TEST CR(555, 72, 144)====
Is IST_0 spanning? : True
Is IST_1 spanning? : True
Is IST_2 spanning? : True
Is IST_3 spanning? : True
Is IST_4 spanning? : True
Is IST_5 spanning? : True
Are all ISTs independent? : True

====TEST CR(556, 72, 144)====
Is IST_0 spanning? : True
Is IST_1 spanning? : True
Is IST_2 spanning? : True
Is IST_3 spanning? : True
Is IST_4 spanning? : True
Is IST_5 spanning? : True
Are all ISTs independent? : True

====TEST CR(557, 72, 144)====
Is IST_0 spanning? : True
Is IST_1 spanning? : True
Is IST_2 spanning? : True
Is IST_3 spanning? : True
Is IST_4 spanning? : True
Is IST_5 spanning? : True
Are all ISTs independent? : True

====TEST CR(558, 72, 144)====
Is IST_0 spanning? : True
Is IST_1 spanning? : True
Is IST_2 spanning? : True
Is IST_3 spanning? : True
Is IST_4 spanning? : True
Is IST_5 spanning? : True
Are all ISTs independent? : True

====TEST CR(559, 72, 144)====
Is IST_0 spanning? : True
Is IST_1 spanning? : True
Is IST_2 spanning? : True
Is IST_3 spanning? : True
Is IST_4 spanning? : True
Is IST_5 spanning? : True
Are all ISTs independent? : True

====TEST CR(560, 72, 144)====
Is IST_0 spanning? : True
Is IST_1 spanning? : True
Is IST_2 spanning? : True
Is IST_3 spanning? : True
Is IST_4 spanning? : True
Is IST_5 spanning? : True
Are all ISTs independent? : True

====TEST CR(438, 73, 146)====
Is IST_0 spanning? : True
Is IST_1 spanning? : True
Is IST_2 spanning? : True
Is IST_3 spanning? : True
Is IST_4 spanning? : True
Is IST_5 spanning? : True
Are all ISTs independent? : True

====TEST CR(439, 73, 146)====
Is IST_0 spanning? : True
Is IST_1 spanning? : True
Is IST_2 spanning? : True
Is IST_3 spanning? : True
Is IST_4 spanning? : True
Is IST_5 spanning? : True
Are all ISTs independent? : True

====TEST CR(440, 73, 146)====
Is IST_0 spanning? : True
Is IST_1 spanning? : True
Is IST_2 spanning? : True
Is IST_3 spanning? : True
Is IST_4 spanning? : True
Is IST_5 spanning? : True
Are all ISTs independent? : True

====TEST CR(441, 73, 146)====
Is IST_0 spanning? : True
Is IST_1 spanning? : True
Is IST_2 spanning? : True
Is IST_3 spanning? : True
Is IST_4 spanning? : True
Is IST_5 spanning? : True
Are all ISTs independent? : True

====TEST CR(442, 73, 146)====
Is IST_0 spanning? : True
Is IST_1 spanning? : True
Is IST_2 spanning? : True
Is IST_3 spanning? : True
Is IST_4 spanning? : True
Is IST_5 spanning? : True
Are all ISTs independent? : True

====TEST CR(443, 73, 146)====
Is IST_0 spanning? : True
Is IST_1 spanning? : True
Is IST_2 spanning? : True
Is IST_3 spanning? : True
Is IST_4 spanning? : True
Is IST_5 spanning? : True
Are all ISTs independent? : True

====TEST CR(444, 73, 146)====
Is IST_0 spanning? : True
Is IST_1 spanning? : True
Is IST_2 spanning? : True
Is IST_3 spanning? : True
Is IST_4 spanning? : True
Is IST_5 spanning? : True
Are all ISTs independent? : True

====TEST CR(445, 73, 146)====
Is IST_0 spanning? : True
Is IST_1 spanning? : True
Is IST_2 spanning? : True
Is IST_3 spanning? : True
Is IST_4 spanning? : True
Is IST_5 spanning? : True
Are all ISTs independent? : True

====TEST CR(446, 73, 146)====
Is IST_0 spanning? : True
Is IST_1 spanning? : True
Is IST_2 spanning? : True
Is IST_3 spanning? : True
Is IST_4 spanning? : True
Is IST_5 spanning? : True
Are all ISTs independent? : True

====TEST CR(447, 73, 146)====
Is IST_0 spanning? : True
Is IST_1 spanning? : True
Is IST_2 spanning? : True
Is IST_3 spanning? : True
Is IST_4 spanning? : True
Is IST_5 spanning? : True
Are all ISTs independent? : True

====TEST CR(448, 73, 146)====
Is IST_0 spanning? : True
Is IST_1 spanning? : True
Is IST_2 spanning? : True
Is IST_3 spanning? : True
Is IST_4 spanning? : True
Is IST_5 spanning? : True
Are all ISTs independent? : True

====TEST CR(449, 73, 146)====
Is IST_0 spanning? : True
Is IST_1 spanning? : True
Is IST_2 spanning? : True
Is IST_3 spanning? : True
Is IST_4 spanning? : True
Is IST_5 spanning? : True
Are all ISTs independent? : True

====TEST CR(450, 73, 146)====
Is IST_0 spanning? : True
Is IST_1 spanning? : True
Is IST_2 spanning? : True
Is IST_3 spanning? : True
Is IST_4 spanning? : True
Is IST_5 spanning? : True
Are all ISTs independent? : True

====TEST CR(451, 73, 146)====
Is IST_0 spanning? : True
Is IST_1 spanning? : True
Is IST_2 spanning? : True
Is IST_3 spanning? : True
Is IST_4 spanning? : True
Is IST_5 spanning? : True
Are all ISTs independent? : True

====TEST CR(452, 73, 146)====
Is IST_0 spanning? : True
Is IST_1 spanning? : True
Is IST_2 spanning? : True
Is IST_3 spanning? : True
Is IST_4 spanning? : True
Is IST_5 spanning? : True
Are all ISTs independent? : True

====TEST CR(453, 73, 146)====
Is IST_0 spanning? : True
Is IST_1 spanning? : True
Is IST_2 spanning? : True
Is IST_3 spanning? : True
Is IST_4 spanning? : True
Is IST_5 spanning? : True
Are all ISTs independent? : True

====TEST CR(454, 73, 146)====
Is IST_0 spanning? : True
Is IST_1 spanning? : True
Is IST_2 spanning? : True
Is IST_3 spanning? : True
Is IST_4 spanning? : True
Is IST_5 spanning? : True
Are all ISTs independent? : True

====TEST CR(455, 73, 146)====
Is IST_0 spanning? : True
Is IST_1 spanning? : True
Is IST_2 spanning? : True
Is IST_3 spanning? : True
Is IST_4 spanning? : True
Is IST_5 spanning? : True
Are all ISTs independent? : True

====TEST CR(456, 73, 146)====
Is IST_0 spanning? : True
Is IST_1 spanning? : True
Is IST_2 spanning? : True
Is IST_3 spanning? : True
Is IST_4 spanning? : True
Is IST_5 spanning? : True
Are all ISTs independent? : True

====TEST CR(457, 73, 146)====
Is IST_0 spanning? : True
Is IST_1 spanning? : True
Is IST_2 spanning? : True
Is IST_3 spanning? : True
Is IST_4 spanning? : True
Is IST_5 spanning? : True
Are all ISTs independent? : True

====TEST CR(458, 73, 146)====
Is IST_0 spanning? : True
Is IST_1 spanning? : True
Is IST_2 spanning? : True
Is IST_3 spanning? : True
Is IST_4 spanning? : True
Is IST_5 spanning? : True
Are all ISTs independent? : True

====TEST CR(459, 73, 146)====
Is IST_0 spanning? : True
Is IST_1 spanning? : True
Is IST_2 spanning? : True
Is IST_3 spanning? : True
Is IST_4 spanning? : True
Is IST_5 spanning? : True
Are all ISTs independent? : True

====TEST CR(460, 73, 146)====
Is IST_0 spanning? : True
Is IST_1 spanning? : True
Is IST_2 spanning? : True
Is IST_3 spanning? : True
Is IST_4 spanning? : True
Is IST_5 spanning? : True
Are all ISTs independent? : True

====TEST CR(461, 73, 146)====
Is IST_0 spanning? : True
Is IST_1 spanning? : True
Is IST_2 spanning? : True
Is IST_3 spanning? : True
Is IST_4 spanning? : True
Is IST_5 spanning? : True
Are all ISTs independent? : True

====TEST CR(462, 73, 146)====
Is IST_0 spanning? : True
Is IST_1 spanning? : True
Is IST_2 spanning? : True
Is IST_3 spanning? : True
Is IST_4 spanning? : True
Is IST_5 spanning? : True
Are all ISTs independent? : True

====TEST CR(463, 73, 146)====
Is IST_0 spanning? : True
Is IST_1 spanning? : True
Is IST_2 spanning? : True
Is IST_3 spanning? : True
Is IST_4 spanning? : True
Is IST_5 spanning? : True
Are all ISTs independent? : True

====TEST CR(464, 73, 146)====
Is IST_0 spanning? : True
Is IST_1 spanning? : True
Is IST_2 spanning? : True
Is IST_3 spanning? : True
Is IST_4 spanning? : True
Is IST_5 spanning? : True
Are all ISTs independent? : True

====TEST CR(465, 73, 146)====
Is IST_0 spanning? : True
Is IST_1 spanning? : True
Is IST_2 spanning? : True
Is IST_3 spanning? : True
Is IST_4 spanning? : True
Is IST_5 spanning? : True
Are all ISTs independent? : True

====TEST CR(466, 73, 146)====
Is IST_0 spanning? : True
Is IST_1 spanning? : True
Is IST_2 spanning? : True
Is IST_3 spanning? : True
Is IST_4 spanning? : True
Is IST_5 spanning? : True
Are all ISTs independent? : True

====TEST CR(467, 73, 146)====
Is IST_0 spanning? : True
Is IST_1 spanning? : True
Is IST_2 spanning? : True
Is IST_3 spanning? : True
Is IST_4 spanning? : True
Is IST_5 spanning? : True
Are all ISTs independent? : True

====TEST CR(468, 73, 146)====
Is IST_0 spanning? : True
Is IST_1 spanning? : True
Is IST_2 spanning? : True
Is IST_3 spanning? : True
Is IST_4 spanning? : True
Is IST_5 spanning? : True
Are all ISTs independent? : True

====TEST CR(469, 73, 146)====
Is IST_0 spanning? : True
Is IST_1 spanning? : True
Is IST_2 spanning? : True
Is IST_3 spanning? : True
Is IST_4 spanning? : True
Is IST_5 spanning? : True
Are all ISTs independent? : True

====TEST CR(470, 73, 146)====
Is IST_0 spanning? : True
Is IST_1 spanning? : True
Is IST_2 spanning? : True
Is IST_3 spanning? : True
Is IST_4 spanning? : True
Is IST_5 spanning? : True
Are all ISTs independent? : True

====TEST CR(471, 73, 146)====
Is IST_0 spanning? : True
Is IST_1 spanning? : True
Is IST_2 spanning? : True
Is IST_3 spanning? : True
Is IST_4 spanning? : True
Is IST_5 spanning? : True
Are all ISTs independent? : True

====TEST CR(472, 73, 146)====
Is IST_0 spanning? : True
Is IST_1 spanning? : True
Is IST_2 spanning? : True
Is IST_3 spanning? : True
Is IST_4 spanning? : True
Is IST_5 spanning? : True
Are all ISTs independent? : True

====TEST CR(473, 73, 146)====
Is IST_0 spanning? : True
Is IST_1 spanning? : True
Is IST_2 spanning? : True
Is IST_3 spanning? : True
Is IST_4 spanning? : True
Is IST_5 spanning? : True
Are all ISTs independent? : True

====TEST CR(474, 73, 146)====
Is IST_0 spanning? : True
Is IST_1 spanning? : True
Is IST_2 spanning? : True
Is IST_3 spanning? : True
Is IST_4 spanning? : True
Is IST_5 spanning? : True
Are all ISTs independent? : True

====TEST CR(475, 73, 146)====
Is IST_0 spanning? : True
Is IST_1 spanning? : True
Is IST_2 spanning? : True
Is IST_3 spanning? : True
Is IST_4 spanning? : True
Is IST_5 spanning? : True
Are all ISTs independent? : True

====TEST CR(476, 73, 146)====
Is IST_0 spanning? : True
Is IST_1 spanning? : True
Is IST_2 spanning? : True
Is IST_3 spanning? : True
Is IST_4 spanning? : True
Is IST_5 spanning? : True
Are all ISTs independent? : True

====TEST CR(477, 73, 146)====
Is IST_0 spanning? : True
Is IST_1 spanning? : True
Is IST_2 spanning? : True
Is IST_3 spanning? : True
Is IST_4 spanning? : True
Is IST_5 spanning? : True
Are all ISTs independent? : True

====TEST CR(478, 73, 146)====
Is IST_0 spanning? : True
Is IST_1 spanning? : True
Is IST_2 spanning? : True
Is IST_3 spanning? : True
Is IST_4 spanning? : True
Is IST_5 spanning? : True
Are all ISTs independent? : True

====TEST CR(479, 73, 146)====
Is IST_0 spanning? : True
Is IST_1 spanning? : True
Is IST_2 spanning? : True
Is IST_3 spanning? : True
Is IST_4 spanning? : True
Is IST_5 spanning? : True
Are all ISTs independent? : True

====TEST CR(480, 73, 146)====
Is IST_0 spanning? : True
Is IST_1 spanning? : True
Is IST_2 spanning? : True
Is IST_3 spanning? : True
Is IST_4 spanning? : True
Is IST_5 spanning? : True
Are all ISTs independent? : True

====TEST CR(481, 73, 146)====
Is IST_0 spanning? : True
Is IST_1 spanning? : True
Is IST_2 spanning? : True
Is IST_3 spanning? : True
Is IST_4 spanning? : True
Is IST_5 spanning? : True
Are all ISTs independent? : True

====TEST CR(482, 73, 146)====
Is IST_0 spanning? : True
Is IST_1 spanning? : True
Is IST_2 spanning? : True
Is IST_3 spanning? : True
Is IST_4 spanning? : True
Is IST_5 spanning? : True
Are all ISTs independent? : True

====TEST CR(483, 73, 146)====
Is IST_0 spanning? : True
Is IST_1 spanning? : True
Is IST_2 spanning? : True
Is IST_3 spanning? : True
Is IST_4 spanning? : True
Is IST_5 spanning? : True
Are all ISTs independent? : True

====TEST CR(484, 73, 146)====
Is IST_0 spanning? : True
Is IST_1 spanning? : True
Is IST_2 spanning? : True
Is IST_3 spanning? : True
Is IST_4 spanning? : True
Is IST_5 spanning? : True
Are all ISTs independent? : True

====TEST CR(485, 73, 146)====
Is IST_0 spanning? : True
Is IST_1 spanning? : True
Is IST_2 spanning? : True
Is IST_3 spanning? : True
Is IST_4 spanning? : True
Is IST_5 spanning? : True
Are all ISTs independent? : True

====TEST CR(486, 73, 146)====
Is IST_0 spanning? : True
Is IST_1 spanning? : True
Is IST_2 spanning? : True
Is IST_3 spanning? : True
Is IST_4 spanning? : True
Is IST_5 spanning? : True
Are all ISTs independent? : True

====TEST CR(487, 73, 146)====
Is IST_0 spanning? : True
Is IST_1 spanning? : True
Is IST_2 spanning? : True
Is IST_3 spanning? : True
Is IST_4 spanning? : True
Is IST_5 spanning? : True
Are all ISTs independent? : True

====TEST CR(488, 73, 146)====
Is IST_0 spanning? : True
Is IST_1 spanning? : True
Is IST_2 spanning? : True
Is IST_3 spanning? : True
Is IST_4 spanning? : True
Is IST_5 spanning? : True
Are all ISTs independent? : True

====TEST CR(489, 73, 146)====
Is IST_0 spanning? : True
Is IST_1 spanning? : True
Is IST_2 spanning? : True
Is IST_3 spanning? : True
Is IST_4 spanning? : True
Is IST_5 spanning? : True
Are all ISTs independent? : True

====TEST CR(490, 73, 146)====
Is IST_0 spanning? : True
Is IST_1 spanning? : True
Is IST_2 spanning? : True
Is IST_3 spanning? : True
Is IST_4 spanning? : True
Is IST_5 spanning? : True
Are all ISTs independent? : True

====TEST CR(491, 73, 146)====
Is IST_0 spanning? : True
Is IST_1 spanning? : True
Is IST_2 spanning? : True
Is IST_3 spanning? : True
Is IST_4 spanning? : True
Is IST_5 spanning? : True
Are all ISTs independent? : True

====TEST CR(492, 73, 146)====
Is IST_0 spanning? : True
Is IST_1 spanning? : True
Is IST_2 spanning? : True
Is IST_3 spanning? : True
Is IST_4 spanning? : True
Is IST_5 spanning? : True
Are all ISTs independent? : True

====TEST CR(493, 73, 146)====
Is IST_0 spanning? : True
Is IST_1 spanning? : True
Is IST_2 spanning? : True
Is IST_3 spanning? : True
Is IST_4 spanning? : True
Is IST_5 spanning? : True
Are all ISTs independent? : True

====TEST CR(494, 73, 146)====
Is IST_0 spanning? : True
Is IST_1 spanning? : True
Is IST_2 spanning? : True
Is IST_3 spanning? : True
Is IST_4 spanning? : True
Is IST_5 spanning? : True
Are all ISTs independent? : True

====TEST CR(495, 73, 146)====
Is IST_0 spanning? : True
Is IST_1 spanning? : True
Is IST_2 spanning? : True
Is IST_3 spanning? : True
Is IST_4 spanning? : True
Is IST_5 spanning? : True
Are all ISTs independent? : True

====TEST CR(496, 73, 146)====
Is IST_0 spanning? : True
Is IST_1 spanning? : True
Is IST_2 spanning? : True
Is IST_3 spanning? : True
Is IST_4 spanning? : True
Is IST_5 spanning? : True
Are all ISTs independent? : True

====TEST CR(497, 73, 146)====
Is IST_0 spanning? : True
Is IST_1 spanning? : True
Is IST_2 spanning? : True
Is IST_3 spanning? : True
Is IST_4 spanning? : True
Is IST_5 spanning? : True
Are all ISTs independent? : True

====TEST CR(498, 73, 146)====
Is IST_0 spanning? : True
Is IST_1 spanning? : True
Is IST_2 spanning? : True
Is IST_3 spanning? : True
Is IST_4 spanning? : True
Is IST_5 spanning? : True
Are all ISTs independent? : True

====TEST CR(499, 73, 146)====
Is IST_0 spanning? : True
Is IST_1 spanning? : True
Is IST_2 spanning? : True
Is IST_3 spanning? : True
Is IST_4 spanning? : True
Is IST_5 spanning? : True
Are all ISTs independent? : True

====TEST CR(500, 73, 146)====
Is IST_0 spanning? : True
Is IST_1 spanning? : True
Is IST_2 spanning? : True
Is IST_3 spanning? : True
Is IST_4 spanning? : True
Is IST_5 spanning? : True
Are all ISTs independent? : True

====TEST CR(501, 73, 146)====
Is IST_0 spanning? : True
Is IST_1 spanning? : True
Is IST_2 spanning? : True
Is IST_3 spanning? : True
Is IST_4 spanning? : True
Is IST_5 spanning? : True
Are all ISTs independent? : True

====TEST CR(502, 73, 146)====
Is IST_0 spanning? : True
Is IST_1 spanning? : True
Is IST_2 spanning? : True
Is IST_3 spanning? : True
Is IST_4 spanning? : True
Is IST_5 spanning? : True
Are all ISTs independent? : True

====TEST CR(503, 73, 146)====
Is IST_0 spanning? : True
Is IST_1 spanning? : True
Is IST_2 spanning? : True
Is IST_3 spanning? : True
Is IST_4 spanning? : True
Is IST_5 spanning? : True
Are all ISTs independent? : True

====TEST CR(504, 73, 146)====
Is IST_0 spanning? : True
Is IST_1 spanning? : True
Is IST_2 spanning? : True
Is IST_3 spanning? : True
Is IST_4 spanning? : True
Is IST_5 spanning? : True
Are all ISTs independent? : True

====TEST CR(505, 73, 146)====
Is IST_0 spanning? : True
Is IST_1 spanning? : True
Is IST_2 spanning? : True
Is IST_3 spanning? : True
Is IST_4 spanning? : True
Is IST_5 spanning? : True
Are all ISTs independent? : True

====TEST CR(506, 73, 146)====
Is IST_0 spanning? : True
Is IST_1 spanning? : True
Is IST_2 spanning? : True
Is IST_3 spanning? : True
Is IST_4 spanning? : True
Is IST_5 spanning? : True
Are all ISTs independent? : True

====TEST CR(507, 73, 146)====
Is IST_0 spanning? : True
Is IST_1 spanning? : True
Is IST_2 spanning? : True
Is IST_3 spanning? : True
Is IST_4 spanning? : True
Is IST_5 spanning? : True
Are all ISTs independent? : True

====TEST CR(508, 73, 146)====
Is IST_0 spanning? : True
Is IST_1 spanning? : True
Is IST_2 spanning? : True
Is IST_3 spanning? : True
Is IST_4 spanning? : True
Is IST_5 spanning? : True
Are all ISTs independent? : True

====TEST CR(509, 73, 146)====
Is IST_0 spanning? : True
Is IST_1 spanning? : True
Is IST_2 spanning? : True
Is IST_3 spanning? : True
Is IST_4 spanning? : True
Is IST_5 spanning? : True
Are all ISTs independent? : True

====TEST CR(510, 73, 146)====
Is IST_0 spanning? : True
Is IST_1 spanning? : True
Is IST_2 spanning? : True
Is IST_3 spanning? : True
Is IST_4 spanning? : True
Is IST_5 spanning? : True
Are all ISTs independent? : True

====TEST CR(511, 73, 146)====
Is IST_0 spanning? : True
Is IST_1 spanning? : True
Is IST_2 spanning? : True
Is IST_3 spanning? : True
Is IST_4 spanning? : True
Is IST_5 spanning? : True
Are all ISTs independent? : True

====TEST CR(512, 73, 146)====
Is IST_0 spanning? : True
Is IST_1 spanning? : True
Is IST_2 spanning? : True
Is IST_3 spanning? : True
Is IST_4 spanning? : True
Is IST_5 spanning? : True
Are all ISTs independent? : True

====TEST CR(513, 73, 146)====
Is IST_0 spanning? : True
Is IST_1 spanning? : True
Is IST_2 spanning? : True
Is IST_3 spanning? : True
Is IST_4 spanning? : True
Is IST_5 spanning? : True
Are all ISTs independent? : True

====TEST CR(514, 73, 146)====
Is IST_0 spanning? : True
Is IST_1 spanning? : True
Is IST_2 spanning? : True
Is IST_3 spanning? : True
Is IST_4 spanning? : True
Is IST_5 spanning? : True
Are all ISTs independent? : True

====TEST CR(515, 73, 146)====
Is IST_0 spanning? : True
Is IST_1 spanning? : True
Is IST_2 spanning? : True
Is IST_3 spanning? : True
Is IST_4 spanning? : True
Is IST_5 spanning? : True
Are all ISTs independent? : True

====TEST CR(516, 73, 146)====
Is IST_0 spanning? : True
Is IST_1 spanning? : True
Is IST_2 spanning? : True
Is IST_3 spanning? : True
Is IST_4 spanning? : True
Is IST_5 spanning? : True
Are all ISTs independent? : True

====TEST CR(517, 73, 146)====
Is IST_0 spanning? : True
Is IST_1 spanning? : True
Is IST_2 spanning? : True
Is IST_3 spanning? : True
Is IST_4 spanning? : True
Is IST_5 spanning? : True
Are all ISTs independent? : True

====TEST CR(518, 73, 146)====
Is IST_0 spanning? : True
Is IST_1 spanning? : True
Is IST_2 spanning? : True
Is IST_3 spanning? : True
Is IST_4 spanning? : True
Is IST_5 spanning? : True
Are all ISTs independent? : True

====TEST CR(519, 73, 146)====
Is IST_0 spanning? : True
Is IST_1 spanning? : True
Is IST_2 spanning? : True
Is IST_3 spanning? : True
Is IST_4 spanning? : True
Is IST_5 spanning? : True
Are all ISTs independent? : True

====TEST CR(520, 73, 146)====
Is IST_0 spanning? : True
Is IST_1 spanning? : True
Is IST_2 spanning? : True
Is IST_3 spanning? : True
Is IST_4 spanning? : True
Is IST_5 spanning? : True
Are all ISTs independent? : True

====TEST CR(521, 73, 146)====
Is IST_0 spanning? : True
Is IST_1 spanning? : True
Is IST_2 spanning? : True
Is IST_3 spanning? : True
Is IST_4 spanning? : True
Is IST_5 spanning? : True
Are all ISTs independent? : True

====TEST CR(522, 73, 146)====
Is IST_0 spanning? : True
Is IST_1 spanning? : True
Is IST_2 spanning? : True
Is IST_3 spanning? : True
Is IST_4 spanning? : True
Is IST_5 spanning? : True
Are all ISTs independent? : True

====TEST CR(523, 73, 146)====
Is IST_0 spanning? : True
Is IST_1 spanning? : True
Is IST_2 spanning? : True
Is IST_3 spanning? : True
Is IST_4 spanning? : True
Is IST_5 spanning? : True
Are all ISTs independent? : True

====TEST CR(524, 73, 146)====
Is IST_0 spanning? : True
Is IST_1 spanning? : True
Is IST_2 spanning? : True
Is IST_3 spanning? : True
Is IST_4 spanning? : True
Is IST_5 spanning? : True
Are all ISTs independent? : True

====TEST CR(525, 73, 146)====
Is IST_0 spanning? : True
Is IST_1 spanning? : True
Is IST_2 spanning? : True
Is IST_3 spanning? : True
Is IST_4 spanning? : True
Is IST_5 spanning? : True
Are all ISTs independent? : True

====TEST CR(526, 73, 146)====
Is IST_0 spanning? : True
Is IST_1 spanning? : True
Is IST_2 spanning? : True
Is IST_3 spanning? : True
Is IST_4 spanning? : True
Is IST_5 spanning? : True
Are all ISTs independent? : True

====TEST CR(527, 73, 146)====
Is IST_0 spanning? : True
Is IST_1 spanning? : True
Is IST_2 spanning? : True
Is IST_3 spanning? : True
Is IST_4 spanning? : True
Is IST_5 spanning? : True
Are all ISTs independent? : True

====TEST CR(528, 73, 146)====
Is IST_0 spanning? : True
Is IST_1 spanning? : True
Is IST_2 spanning? : True
Is IST_3 spanning? : True
Is IST_4 spanning? : True
Is IST_5 spanning? : True
Are all ISTs independent? : True

====TEST CR(529, 73, 146)====
Is IST_0 spanning? : True
Is IST_1 spanning? : True
Is IST_2 spanning? : True
Is IST_3 spanning? : True
Is IST_4 spanning? : True
Is IST_5 spanning? : True
Are all ISTs independent? : True

====TEST CR(530, 73, 146)====
Is IST_0 spanning? : True
Is IST_1 spanning? : True
Is IST_2 spanning? : True
Is IST_3 spanning? : True
Is IST_4 spanning? : True
Is IST_5 spanning? : True
Are all ISTs independent? : True

====TEST CR(531, 73, 146)====
Is IST_0 spanning? : True
Is IST_1 spanning? : True
Is IST_2 spanning? : True
Is IST_3 spanning? : True
Is IST_4 spanning? : True
Is IST_5 spanning? : True
Are all ISTs independent? : True

====TEST CR(532, 73, 146)====
Is IST_0 spanning? : True
Is IST_1 spanning? : True
Is IST_2 spanning? : True
Is IST_3 spanning? : True
Is IST_4 spanning? : True
Is IST_5 spanning? : True
Are all ISTs independent? : True

====TEST CR(533, 73, 146)====
Is IST_0 spanning? : True
Is IST_1 spanning? : True
Is IST_2 spanning? : True
Is IST_3 spanning? : True
Is IST_4 spanning? : True
Is IST_5 spanning? : True
Are all ISTs independent? : True

====TEST CR(534, 73, 146)====
Is IST_0 spanning? : True
Is IST_1 spanning? : True
Is IST_2 spanning? : True
Is IST_3 spanning? : True
Is IST_4 spanning? : True
Is IST_5 spanning? : True
Are all ISTs independent? : True

====TEST CR(535, 73, 146)====
Is IST_0 spanning? : True
Is IST_1 spanning? : True
Is IST_2 spanning? : True
Is IST_3 spanning? : True
Is IST_4 spanning? : True
Is IST_5 spanning? : True
Are all ISTs independent? : True

====TEST CR(536, 73, 146)====
Is IST_0 spanning? : True
Is IST_1 spanning? : True
Is IST_2 spanning? : True
Is IST_3 spanning? : True
Is IST_4 spanning? : True
Is IST_5 spanning? : True
Are all ISTs independent? : True

====TEST CR(537, 73, 146)====
Is IST_0 spanning? : True
Is IST_1 spanning? : True
Is IST_2 spanning? : True
Is IST_3 spanning? : True
Is IST_4 spanning? : True
Is IST_5 spanning? : True
Are all ISTs independent? : True

====TEST CR(538, 73, 146)====
Is IST_0 spanning? : True
Is IST_1 spanning? : True
Is IST_2 spanning? : True
Is IST_3 spanning? : True
Is IST_4 spanning? : True
Is IST_5 spanning? : True
Are all ISTs independent? : True

====TEST CR(539, 73, 146)====
Is IST_0 spanning? : True
Is IST_1 spanning? : True
Is IST_2 spanning? : True
Is IST_3 spanning? : True
Is IST_4 spanning? : True
Is IST_5 spanning? : True
Are all ISTs independent? : True

====TEST CR(540, 73, 146)====
Is IST_0 spanning? : True
Is IST_1 spanning? : True
Is IST_2 spanning? : True
Is IST_3 spanning? : True
Is IST_4 spanning? : True
Is IST_5 spanning? : True
Are all ISTs independent? : True

====TEST CR(541, 73, 146)====
Is IST_0 spanning? : True
Is IST_1 spanning? : True
Is IST_2 spanning? : True
Is IST_3 spanning? : True
Is IST_4 spanning? : True
Is IST_5 spanning? : True
Are all ISTs independent? : True

====TEST CR(542, 73, 146)====
Is IST_0 spanning? : True
Is IST_1 spanning? : True
Is IST_2 spanning? : True
Is IST_3 spanning? : True
Is IST_4 spanning? : True
Is IST_5 spanning? : True
Are all ISTs independent? : True

====TEST CR(543, 73, 146)====
Is IST_0 spanning? : True
Is IST_1 spanning? : True
Is IST_2 spanning? : True
Is IST_3 spanning? : True
Is IST_4 spanning? : True
Is IST_5 spanning? : True
Are all ISTs independent? : True

====TEST CR(544, 73, 146)====
Is IST_0 spanning? : True
Is IST_1 spanning? : True
Is IST_2 spanning? : True
Is IST_3 spanning? : True
Is IST_4 spanning? : True
Is IST_5 spanning? : True
Are all ISTs independent? : True

====TEST CR(545, 73, 146)====
Is IST_0 spanning? : True
Is IST_1 spanning? : True
Is IST_2 spanning? : True
Is IST_3 spanning? : True
Is IST_4 spanning? : True
Is IST_5 spanning? : True
Are all ISTs independent? : True

====TEST CR(546, 73, 146)====
Is IST_0 spanning? : True
Is IST_1 spanning? : True
Is IST_2 spanning? : True
Is IST_3 spanning? : True
Is IST_4 spanning? : True
Is IST_5 spanning? : True
Are all ISTs independent? : True

====TEST CR(547, 73, 146)====
Is IST_0 spanning? : True
Is IST_1 spanning? : True
Is IST_2 spanning? : True
Is IST_3 spanning? : True
Is IST_4 spanning? : True
Is IST_5 spanning? : True
Are all ISTs independent? : True

====TEST CR(548, 73, 146)====
Is IST_0 spanning? : True
Is IST_1 spanning? : True
Is IST_2 spanning? : True
Is IST_3 spanning? : True
Is IST_4 spanning? : True
Is IST_5 spanning? : True
Are all ISTs independent? : True

====TEST CR(549, 73, 146)====
Is IST_0 spanning? : True
Is IST_1 spanning? : True
Is IST_2 spanning? : True
Is IST_3 spanning? : True
Is IST_4 spanning? : True
Is IST_5 spanning? : True
Are all ISTs independent? : True

====TEST CR(550, 73, 146)====
Is IST_0 spanning? : True
Is IST_1 spanning? : True
Is IST_2 spanning? : True
Is IST_3 spanning? : True
Is IST_4 spanning? : True
Is IST_5 spanning? : True
Are all ISTs independent? : True

====TEST CR(551, 73, 146)====
Is IST_0 spanning? : True
Is IST_1 spanning? : True
Is IST_2 spanning? : True
Is IST_3 spanning? : True
Is IST_4 spanning? : True
Is IST_5 spanning? : True
Are all ISTs independent? : True

====TEST CR(552, 73, 146)====
Is IST_0 spanning? : True
Is IST_1 spanning? : True
Is IST_2 spanning? : True
Is IST_3 spanning? : True
Is IST_4 spanning? : True
Is IST_5 spanning? : True
Are all ISTs independent? : True

====TEST CR(553, 73, 146)====
Is IST_0 spanning? : True
Is IST_1 spanning? : True
Is IST_2 spanning? : True
Is IST_3 spanning? : True
Is IST_4 spanning? : True
Is IST_5 spanning? : True
Are all ISTs independent? : True

====TEST CR(554, 73, 146)====
Is IST_0 spanning? : True
Is IST_1 spanning? : True
Is IST_2 spanning? : True
Is IST_3 spanning? : True
Is IST_4 spanning? : True
Is IST_5 spanning? : True
Are all ISTs independent? : True

====TEST CR(555, 73, 146)====
Is IST_0 spanning? : True
Is IST_1 spanning? : True
Is IST_2 spanning? : True
Is IST_3 spanning? : True
Is IST_4 spanning? : True
Is IST_5 spanning? : True
Are all ISTs independent? : True

====TEST CR(556, 73, 146)====
Is IST_0 spanning? : True
Is IST_1 spanning? : True
Is IST_2 spanning? : True
Is IST_3 spanning? : True
Is IST_4 spanning? : True
Is IST_5 spanning? : True
Are all ISTs independent? : True

====TEST CR(557, 73, 146)====
Is IST_0 spanning? : True
Is IST_1 spanning? : True
Is IST_2 spanning? : True
Is IST_3 spanning? : True
Is IST_4 spanning? : True
Is IST_5 spanning? : True
Are all ISTs independent? : True

====TEST CR(558, 73, 146)====
Is IST_0 spanning? : True
Is IST_1 spanning? : True
Is IST_2 spanning? : True
Is IST_3 spanning? : True
Is IST_4 spanning? : True
Is IST_5 spanning? : True
Are all ISTs independent? : True

====TEST CR(559, 73, 146)====
Is IST_0 spanning? : True
Is IST_1 spanning? : True
Is IST_2 spanning? : True
Is IST_3 spanning? : True
Is IST_4 spanning? : True
Is IST_5 spanning? : True
Are all ISTs independent? : True

====TEST CR(560, 73, 146)====
Is IST_0 spanning? : True
Is IST_1 spanning? : True
Is IST_2 spanning? : True
Is IST_3 spanning? : True
Is IST_4 spanning? : True
Is IST_5 spanning? : True
Are all ISTs independent? : True

====TEST CR(561, 73, 146)====
Is IST_0 spanning? : True
Is IST_1 spanning? : True
Is IST_2 spanning? : True
Is IST_3 spanning? : True
Is IST_4 spanning? : True
Is IST_5 spanning? : True
Are all ISTs independent? : True

====TEST CR(562, 73, 146)====
Is IST_0 spanning? : True
Is IST_1 spanning? : True
Is IST_2 spanning? : True
Is IST_3 spanning? : True
Is IST_4 spanning? : True
Is IST_5 spanning? : True
Are all ISTs independent? : True

====TEST CR(563, 73, 146)====
Is IST_0 spanning? : True
Is IST_1 spanning? : True
Is IST_2 spanning? : True
Is IST_3 spanning? : True
Is IST_4 spanning? : True
Is IST_5 spanning? : True
Are all ISTs independent? : True

====TEST CR(564, 73, 146)====
Is IST_0 spanning? : True
Is IST_1 spanning? : True
Is IST_2 spanning? : True
Is IST_3 spanning? : True
Is IST_4 spanning? : True
Is IST_5 spanning? : True
Are all ISTs independent? : True

====TEST CR(565, 73, 146)====
Is IST_0 spanning? : True
Is IST_1 spanning? : True
Is IST_2 spanning? : True
Is IST_3 spanning? : True
Is IST_4 spanning? : True
Is IST_5 spanning? : True
Are all ISTs independent? : True

====TEST CR(566, 73, 146)====
Is IST_0 spanning? : True
Is IST_1 spanning? : True
Is IST_2 spanning? : True
Is IST_3 spanning? : True
Is IST_4 spanning? : True
Is IST_5 spanning? : True
Are all ISTs independent? : True

====TEST CR(444, 74, 148)====
Is IST_0 spanning? : True
Is IST_1 spanning? : True
Is IST_2 spanning? : True
Is IST_3 spanning? : True
Is IST_4 spanning? : True
Is IST_5 spanning? : True
Are all ISTs independent? : True

====TEST CR(445, 74, 148)====
Is IST_0 spanning? : True
Is IST_1 spanning? : True
Is IST_2 spanning? : True
Is IST_3 spanning? : True
Is IST_4 spanning? : True
Is IST_5 spanning? : True
Are all ISTs independent? : True

====TEST CR(446, 74, 148)====
Is IST_0 spanning? : True
Is IST_1 spanning? : True
Is IST_2 spanning? : True
Is IST_3 spanning? : True
Is IST_4 spanning? : True
Is IST_5 spanning? : True
Are all ISTs independent? : True

====TEST CR(447, 74, 148)====
Is IST_0 spanning? : True
Is IST_1 spanning? : True
Is IST_2 spanning? : True
Is IST_3 spanning? : True
Is IST_4 spanning? : True
Is IST_5 spanning? : True
Are all ISTs independent? : True

====TEST CR(448, 74, 148)====
Is IST_0 spanning? : True
Is IST_1 spanning? : True
Is IST_2 spanning? : True
Is IST_3 spanning? : True
Is IST_4 spanning? : True
Is IST_5 spanning? : True
Are all ISTs independent? : True

====TEST CR(449, 74, 148)====
Is IST_0 spanning? : True
Is IST_1 spanning? : True
Is IST_2 spanning? : True
Is IST_3 spanning? : True
Is IST_4 spanning? : True
Is IST_5 spanning? : True
Are all ISTs independent? : True

====TEST CR(450, 74, 148)====
Is IST_0 spanning? : True
Is IST_1 spanning? : True
Is IST_2 spanning? : True
Is IST_3 spanning? : True
Is IST_4 spanning? : True
Is IST_5 spanning? : True
Are all ISTs independent? : True

====TEST CR(451, 74, 148)====
Is IST_0 spanning? : True
Is IST_1 spanning? : True
Is IST_2 spanning? : True
Is IST_3 spanning? : True
Is IST_4 spanning? : True
Is IST_5 spanning? : True
Are all ISTs independent? : True

====TEST CR(452, 74, 148)====
Is IST_0 spanning? : True
Is IST_1 spanning? : True
Is IST_2 spanning? : True
Is IST_3 spanning? : True
Is IST_4 spanning? : True
Is IST_5 spanning? : True
Are all ISTs independent? : True

====TEST CR(453, 74, 148)====
Is IST_0 spanning? : True
Is IST_1 spanning? : True
Is IST_2 spanning? : True
Is IST_3 spanning? : True
Is IST_4 spanning? : True
Is IST_5 spanning? : True
Are all ISTs independent? : True

====TEST CR(454, 74, 148)====
Is IST_0 spanning? : True
Is IST_1 spanning? : True
Is IST_2 spanning? : True
Is IST_3 spanning? : True
Is IST_4 spanning? : True
Is IST_5 spanning? : True
Are all ISTs independent? : True

====TEST CR(455, 74, 148)====
Is IST_0 spanning? : True
Is IST_1 spanning? : True
Is IST_2 spanning? : True
Is IST_3 spanning? : True
Is IST_4 spanning? : True
Is IST_5 spanning? : True
Are all ISTs independent? : True

====TEST CR(456, 74, 148)====
Is IST_0 spanning? : True
Is IST_1 spanning? : True
Is IST_2 spanning? : True
Is IST_3 spanning? : True
Is IST_4 spanning? : True
Is IST_5 spanning? : True
Are all ISTs independent? : True

====TEST CR(457, 74, 148)====
Is IST_0 spanning? : True
Is IST_1 spanning? : True
Is IST_2 spanning? : True
Is IST_3 spanning? : True
Is IST_4 spanning? : True
Is IST_5 spanning? : True
Are all ISTs independent? : True

====TEST CR(458, 74, 148)====
Is IST_0 spanning? : True
Is IST_1 spanning? : True
Is IST_2 spanning? : True
Is IST_3 spanning? : True
Is IST_4 spanning? : True
Is IST_5 spanning? : True
Are all ISTs independent? : True

====TEST CR(459, 74, 148)====
Is IST_0 spanning? : True
Is IST_1 spanning? : True
Is IST_2 spanning? : True
Is IST_3 spanning? : True
Is IST_4 spanning? : True
Is IST_5 spanning? : True
Are all ISTs independent? : True

====TEST CR(460, 74, 148)====
Is IST_0 spanning? : True
Is IST_1 spanning? : True
Is IST_2 spanning? : True
Is IST_3 spanning? : True
Is IST_4 spanning? : True
Is IST_5 spanning? : True
Are all ISTs independent? : True

====TEST CR(461, 74, 148)====
Is IST_0 spanning? : True
Is IST_1 spanning? : True
Is IST_2 spanning? : True
Is IST_3 spanning? : True
Is IST_4 spanning? : True
Is IST_5 spanning? : True
Are all ISTs independent? : True

====TEST CR(462, 74, 148)====
Is IST_0 spanning? : True
Is IST_1 spanning? : True
Is IST_2 spanning? : True
Is IST_3 spanning? : True
Is IST_4 spanning? : True
Is IST_5 spanning? : True
Are all ISTs independent? : True

====TEST CR(463, 74, 148)====
Is IST_0 spanning? : True
Is IST_1 spanning? : True
Is IST_2 spanning? : True
Is IST_3 spanning? : True
Is IST_4 spanning? : True
Is IST_5 spanning? : True
Are all ISTs independent? : True

====TEST CR(464, 74, 148)====
Is IST_0 spanning? : True
Is IST_1 spanning? : True
Is IST_2 spanning? : True
Is IST_3 spanning? : True
Is IST_4 spanning? : True
Is IST_5 spanning? : True
Are all ISTs independent? : True

====TEST CR(465, 74, 148)====
Is IST_0 spanning? : True
Is IST_1 spanning? : True
Is IST_2 spanning? : True
Is IST_3 spanning? : True
Is IST_4 spanning? : True
Is IST_5 spanning? : True
Are all ISTs independent? : True

====TEST CR(466, 74, 148)====
Is IST_0 spanning? : True
Is IST_1 spanning? : True
Is IST_2 spanning? : True
Is IST_3 spanning? : True
Is IST_4 spanning? : True
Is IST_5 spanning? : True
Are all ISTs independent? : True

====TEST CR(467, 74, 148)====
Is IST_0 spanning? : True
Is IST_1 spanning? : True
Is IST_2 spanning? : True
Is IST_3 spanning? : True
Is IST_4 spanning? : True
Is IST_5 spanning? : True
Are all ISTs independent? : True

====TEST CR(468, 74, 148)====
Is IST_0 spanning? : True
Is IST_1 spanning? : True
Is IST_2 spanning? : True
Is IST_3 spanning? : True
Is IST_4 spanning? : True
Is IST_5 spanning? : True
Are all ISTs independent? : True

====TEST CR(469, 74, 148)====
Is IST_0 spanning? : True
Is IST_1 spanning? : True
Is IST_2 spanning? : True
Is IST_3 spanning? : True
Is IST_4 spanning? : True
Is IST_5 spanning? : True
Are all ISTs independent? : True

====TEST CR(470, 74, 148)====
Is IST_0 spanning? : True
Is IST_1 spanning? : True
Is IST_2 spanning? : True
Is IST_3 spanning? : True
Is IST_4 spanning? : True
Is IST_5 spanning? : True
Are all ISTs independent? : True

====TEST CR(471, 74, 148)====
Is IST_0 spanning? : True
Is IST_1 spanning? : True
Is IST_2 spanning? : True
Is IST_3 spanning? : True
Is IST_4 spanning? : True
Is IST_5 spanning? : True
Are all ISTs independent? : True

====TEST CR(472, 74, 148)====
Is IST_0 spanning? : True
Is IST_1 spanning? : True
Is IST_2 spanning? : True
Is IST_3 spanning? : True
Is IST_4 spanning? : True
Is IST_5 spanning? : True
Are all ISTs independent? : True

====TEST CR(473, 74, 148)====
Is IST_0 spanning? : True
Is IST_1 spanning? : True
Is IST_2 spanning? : True
Is IST_3 spanning? : True
Is IST_4 spanning? : True
Is IST_5 spanning? : True
Are all ISTs independent? : True

====TEST CR(474, 74, 148)====
Is IST_0 spanning? : True
Is IST_1 spanning? : True
Is IST_2 spanning? : True
Is IST_3 spanning? : True
Is IST_4 spanning? : True
Is IST_5 spanning? : True
Are all ISTs independent? : True

====TEST CR(475, 74, 148)====
Is IST_0 spanning? : True
Is IST_1 spanning? : True
Is IST_2 spanning? : True
Is IST_3 spanning? : True
Is IST_4 spanning? : True
Is IST_5 spanning? : True
Are all ISTs independent? : True

====TEST CR(476, 74, 148)====
Is IST_0 spanning? : True
Is IST_1 spanning? : True
Is IST_2 spanning? : True
Is IST_3 spanning? : True
Is IST_4 spanning? : True
Is IST_5 spanning? : True
Are all ISTs independent? : True

====TEST CR(477, 74, 148)====
Is IST_0 spanning? : True
Is IST_1 spanning? : True
Is IST_2 spanning? : True
Is IST_3 spanning? : True
Is IST_4 spanning? : True
Is IST_5 spanning? : True
Are all ISTs independent? : True

====TEST CR(478, 74, 148)====
Is IST_0 spanning? : True
Is IST_1 spanning? : True
Is IST_2 spanning? : True
Is IST_3 spanning? : True
Is IST_4 spanning? : True
Is IST_5 spanning? : True
Are all ISTs independent? : True

====TEST CR(479, 74, 148)====
Is IST_0 spanning? : True
Is IST_1 spanning? : True
Is IST_2 spanning? : True
Is IST_3 spanning? : True
Is IST_4 spanning? : True
Is IST_5 spanning? : True
Are all ISTs independent? : True

====TEST CR(480, 74, 148)====
Is IST_0 spanning? : True
Is IST_1 spanning? : True
Is IST_2 spanning? : True
Is IST_3 spanning? : True
Is IST_4 spanning? : True
Is IST_5 spanning? : True
Are all ISTs independent? : True

====TEST CR(481, 74, 148)====
Is IST_0 spanning? : True
Is IST_1 spanning? : True
Is IST_2 spanning? : True
Is IST_3 spanning? : True
Is IST_4 spanning? : True
Is IST_5 spanning? : True
Are all ISTs independent? : True

====TEST CR(482, 74, 148)====
Is IST_0 spanning? : True
Is IST_1 spanning? : True
Is IST_2 spanning? : True
Is IST_3 spanning? : True
Is IST_4 spanning? : True
Is IST_5 spanning? : True
Are all ISTs independent? : True

====TEST CR(483, 74, 148)====
Is IST_0 spanning? : True
Is IST_1 spanning? : True
Is IST_2 spanning? : True
Is IST_3 spanning? : True
Is IST_4 spanning? : True
Is IST_5 spanning? : True
Are all ISTs independent? : True

====TEST CR(484, 74, 148)====
Is IST_0 spanning? : True
Is IST_1 spanning? : True
Is IST_2 spanning? : True
Is IST_3 spanning? : True
Is IST_4 spanning? : True
Is IST_5 spanning? : True
Are all ISTs independent? : True

====TEST CR(485, 74, 148)====
Is IST_0 spanning? : True
Is IST_1 spanning? : True
Is IST_2 spanning? : True
Is IST_3 spanning? : True
Is IST_4 spanning? : True
Is IST_5 spanning? : True
Are all ISTs independent? : True

====TEST CR(486, 74, 148)====
Is IST_0 spanning? : True
Is IST_1 spanning? : True
Is IST_2 spanning? : True
Is IST_3 spanning? : True
Is IST_4 spanning? : True
Is IST_5 spanning? : True
Are all ISTs independent? : True

====TEST CR(487, 74, 148)====
Is IST_0 spanning? : True
Is IST_1 spanning? : True
Is IST_2 spanning? : True
Is IST_3 spanning? : True
Is IST_4 spanning? : True
Is IST_5 spanning? : True
Are all ISTs independent? : True

====TEST CR(488, 74, 148)====
Is IST_0 spanning? : True
Is IST_1 spanning? : True
Is IST_2 spanning? : True
Is IST_3 spanning? : True
Is IST_4 spanning? : True
Is IST_5 spanning? : True
Are all ISTs independent? : True

====TEST CR(489, 74, 148)====
Is IST_0 spanning? : True
Is IST_1 spanning? : True
Is IST_2 spanning? : True
Is IST_3 spanning? : True
Is IST_4 spanning? : True
Is IST_5 spanning? : True
Are all ISTs independent? : True

====TEST CR(490, 74, 148)====
Is IST_0 spanning? : True
Is IST_1 spanning? : True
Is IST_2 spanning? : True
Is IST_3 spanning? : True
Is IST_4 spanning? : True
Is IST_5 spanning? : True
Are all ISTs independent? : True

====TEST CR(491, 74, 148)====
Is IST_0 spanning? : True
Is IST_1 spanning? : True
Is IST_2 spanning? : True
Is IST_3 spanning? : True
Is IST_4 spanning? : True
Is IST_5 spanning? : True
Are all ISTs independent? : True

====TEST CR(492, 74, 148)====
Is IST_0 spanning? : True
Is IST_1 spanning? : True
Is IST_2 spanning? : True
Is IST_3 spanning? : True
Is IST_4 spanning? : True
Is IST_5 spanning? : True
Are all ISTs independent? : True

====TEST CR(493, 74, 148)====
Is IST_0 spanning? : True
Is IST_1 spanning? : True
Is IST_2 spanning? : True
Is IST_3 spanning? : True
Is IST_4 spanning? : True
Is IST_5 spanning? : True
Are all ISTs independent? : True

====TEST CR(494, 74, 148)====
Is IST_0 spanning? : True
Is IST_1 spanning? : True
Is IST_2 spanning? : True
Is IST_3 spanning? : True
Is IST_4 spanning? : True
Is IST_5 spanning? : True
Are all ISTs independent? : True

====TEST CR(495, 74, 148)====
Is IST_0 spanning? : True
Is IST_1 spanning? : True
Is IST_2 spanning? : True
Is IST_3 spanning? : True
Is IST_4 spanning? : True
Is IST_5 spanning? : True
Are all ISTs independent? : True

====TEST CR(496, 74, 148)====
Is IST_0 spanning? : True
Is IST_1 spanning? : True
Is IST_2 spanning? : True
Is IST_3 spanning? : True
Is IST_4 spanning? : True
Is IST_5 spanning? : True
Are all ISTs independent? : True

====TEST CR(497, 74, 148)====
Is IST_0 spanning? : True
Is IST_1 spanning? : True
Is IST_2 spanning? : True
Is IST_3 spanning? : True
Is IST_4 spanning? : True
Is IST_5 spanning? : True
Are all ISTs independent? : True

====TEST CR(498, 74, 148)====
Is IST_0 spanning? : True
Is IST_1 spanning? : True
Is IST_2 spanning? : True
Is IST_3 spanning? : True
Is IST_4 spanning? : True
Is IST_5 spanning? : True
Are all ISTs independent? : True

====TEST CR(499, 74, 148)====
Is IST_0 spanning? : True
Is IST_1 spanning? : True
Is IST_2 spanning? : True
Is IST_3 spanning? : True
Is IST_4 spanning? : True
Is IST_5 spanning? : True
Are all ISTs independent? : True

====TEST CR(500, 74, 148)====
Is IST_0 spanning? : True
Is IST_1 spanning? : True
Is IST_2 spanning? : True
Is IST_3 spanning? : True
Is IST_4 spanning? : True
Is IST_5 spanning? : True
Are all ISTs independent? : True

====TEST CR(501, 74, 148)====
Is IST_0 spanning? : True
Is IST_1 spanning? : True
Is IST_2 spanning? : True
Is IST_3 spanning? : True
Is IST_4 spanning? : True
Is IST_5 spanning? : True
Are all ISTs independent? : True

====TEST CR(502, 74, 148)====
Is IST_0 spanning? : True
Is IST_1 spanning? : True
Is IST_2 spanning? : True
Is IST_3 spanning? : True
Is IST_4 spanning? : True
Is IST_5 spanning? : True
Are all ISTs independent? : True

====TEST CR(503, 74, 148)====
Is IST_0 spanning? : True
Is IST_1 spanning? : True
Is IST_2 spanning? : True
Is IST_3 spanning? : True
Is IST_4 spanning? : True
Is IST_5 spanning? : True
Are all ISTs independent? : True

====TEST CR(504, 74, 148)====
Is IST_0 spanning? : True
Is IST_1 spanning? : True
Is IST_2 spanning? : True
Is IST_3 spanning? : True
Is IST_4 spanning? : True
Is IST_5 spanning? : True
Are all ISTs independent? : True

====TEST CR(505, 74, 148)====
Is IST_0 spanning? : True
Is IST_1 spanning? : True
Is IST_2 spanning? : True
Is IST_3 spanning? : True
Is IST_4 spanning? : True
Is IST_5 spanning? : True
Are all ISTs independent? : True

====TEST CR(506, 74, 148)====
Is IST_0 spanning? : True
Is IST_1 spanning? : True
Is IST_2 spanning? : True
Is IST_3 spanning? : True
Is IST_4 spanning? : True
Is IST_5 spanning? : True
Are all ISTs independent? : True

====TEST CR(507, 74, 148)====
Is IST_0 spanning? : True
Is IST_1 spanning? : True
Is IST_2 spanning? : True
Is IST_3 spanning? : True
Is IST_4 spanning? : True
Is IST_5 spanning? : True
Are all ISTs independent? : True

====TEST CR(508, 74, 148)====
Is IST_0 spanning? : True
Is IST_1 spanning? : True
Is IST_2 spanning? : True
Is IST_3 spanning? : True
Is IST_4 spanning? : True
Is IST_5 spanning? : True
Are all ISTs independent? : True

====TEST CR(509, 74, 148)====
Is IST_0 spanning? : True
Is IST_1 spanning? : True
Is IST_2 spanning? : True
Is IST_3 spanning? : True
Is IST_4 spanning? : True
Is IST_5 spanning? : True
Are all ISTs independent? : True

====TEST CR(510, 74, 148)====
Is IST_0 spanning? : True
Is IST_1 spanning? : True
Is IST_2 spanning? : True
Is IST_3 spanning? : True
Is IST_4 spanning? : True
Is IST_5 spanning? : True
Are all ISTs independent? : True

====TEST CR(511, 74, 148)====
Is IST_0 spanning? : True
Is IST_1 spanning? : True
Is IST_2 spanning? : True
Is IST_3 spanning? : True
Is IST_4 spanning? : True
Is IST_5 spanning? : True
Are all ISTs independent? : True

====TEST CR(512, 74, 148)====
Is IST_0 spanning? : True
Is IST_1 spanning? : True
Is IST_2 spanning? : True
Is IST_3 spanning? : True
Is IST_4 spanning? : True
Is IST_5 spanning? : True
Are all ISTs independent? : True

====TEST CR(513, 74, 148)====
Is IST_0 spanning? : True
Is IST_1 spanning? : True
Is IST_2 spanning? : True
Is IST_3 spanning? : True
Is IST_4 spanning? : True
Is IST_5 spanning? : True
Are all ISTs independent? : True

====TEST CR(514, 74, 148)====
Is IST_0 spanning? : True
Is IST_1 spanning? : True
Is IST_2 spanning? : True
Is IST_3 spanning? : True
Is IST_4 spanning? : True
Is IST_5 spanning? : True
Are all ISTs independent? : True

====TEST CR(515, 74, 148)====
Is IST_0 spanning? : True
Is IST_1 spanning? : True
Is IST_2 spanning? : True
Is IST_3 spanning? : True
Is IST_4 spanning? : True
Is IST_5 spanning? : True
Are all ISTs independent? : True

====TEST CR(516, 74, 148)====
Is IST_0 spanning? : True
Is IST_1 spanning? : True
Is IST_2 spanning? : True
Is IST_3 spanning? : True
Is IST_4 spanning? : True
Is IST_5 spanning? : True
Are all ISTs independent? : True

====TEST CR(517, 74, 148)====
Is IST_0 spanning? : True
Is IST_1 spanning? : True
Is IST_2 spanning? : True
Is IST_3 spanning? : True
Is IST_4 spanning? : True
Is IST_5 spanning? : True
Are all ISTs independent? : True

====TEST CR(518, 74, 148)====
Is IST_0 spanning? : True
Is IST_1 spanning? : True
Is IST_2 spanning? : True
Is IST_3 spanning? : True
Is IST_4 spanning? : True
Is IST_5 spanning? : True
Are all ISTs independent? : True

====TEST CR(519, 74, 148)====
Is IST_0 spanning? : True
Is IST_1 spanning? : True
Is IST_2 spanning? : True
Is IST_3 spanning? : True
Is IST_4 spanning? : True
Is IST_5 spanning? : True
Are all ISTs independent? : True

====TEST CR(520, 74, 148)====
Is IST_0 spanning? : True
Is IST_1 spanning? : True
Is IST_2 spanning? : True
Is IST_3 spanning? : True
Is IST_4 spanning? : True
Is IST_5 spanning? : True
Are all ISTs independent? : True

====TEST CR(521, 74, 148)====
Is IST_0 spanning? : True
Is IST_1 spanning? : True
Is IST_2 spanning? : True
Is IST_3 spanning? : True
Is IST_4 spanning? : True
Is IST_5 spanning? : True
Are all ISTs independent? : True

====TEST CR(522, 74, 148)====
Is IST_0 spanning? : True
Is IST_1 spanning? : True
Is IST_2 spanning? : True
Is IST_3 spanning? : True
Is IST_4 spanning? : True
Is IST_5 spanning? : True
Are all ISTs independent? : True

====TEST CR(523, 74, 148)====
Is IST_0 spanning? : True
Is IST_1 spanning? : True
Is IST_2 spanning? : True
Is IST_3 spanning? : True
Is IST_4 spanning? : True
Is IST_5 spanning? : True
Are all ISTs independent? : True

====TEST CR(524, 74, 148)====
Is IST_0 spanning? : True
Is IST_1 spanning? : True
Is IST_2 spanning? : True
Is IST_3 spanning? : True
Is IST_4 spanning? : True
Is IST_5 spanning? : True
Are all ISTs independent? : True

====TEST CR(525, 74, 148)====
Is IST_0 spanning? : True
Is IST_1 spanning? : True
Is IST_2 spanning? : True
Is IST_3 spanning? : True
Is IST_4 spanning? : True
Is IST_5 spanning? : True
Are all ISTs independent? : True

====TEST CR(526, 74, 148)====
Is IST_0 spanning? : True
Is IST_1 spanning? : True
Is IST_2 spanning? : True
Is IST_3 spanning? : True
Is IST_4 spanning? : True
Is IST_5 spanning? : True
Are all ISTs independent? : True

====TEST CR(527, 74, 148)====
Is IST_0 spanning? : True
Is IST_1 spanning? : True
Is IST_2 spanning? : True
Is IST_3 spanning? : True
Is IST_4 spanning? : True
Is IST_5 spanning? : True
Are all ISTs independent? : True

====TEST CR(528, 74, 148)====
Is IST_0 spanning? : True
Is IST_1 spanning? : True
Is IST_2 spanning? : True
Is IST_3 spanning? : True
Is IST_4 spanning? : True
Is IST_5 spanning? : True
Are all ISTs independent? : True

====TEST CR(529, 74, 148)====
Is IST_0 spanning? : True
Is IST_1 spanning? : True
Is IST_2 spanning? : True
Is IST_3 spanning? : True
Is IST_4 spanning? : True
Is IST_5 spanning? : True
Are all ISTs independent? : True

====TEST CR(530, 74, 148)====
Is IST_0 spanning? : True
Is IST_1 spanning? : True
Is IST_2 spanning? : True
Is IST_3 spanning? : True
Is IST_4 spanning? : True
Is IST_5 spanning? : True
Are all ISTs independent? : True

====TEST CR(531, 74, 148)====
Is IST_0 spanning? : True
Is IST_1 spanning? : True
Is IST_2 spanning? : True
Is IST_3 spanning? : True
Is IST_4 spanning? : True
Is IST_5 spanning? : True
Are all ISTs independent? : True

====TEST CR(532, 74, 148)====
Is IST_0 spanning? : True
Is IST_1 spanning? : True
Is IST_2 spanning? : True
Is IST_3 spanning? : True
Is IST_4 spanning? : True
Is IST_5 spanning? : True
Are all ISTs independent? : True

====TEST CR(533, 74, 148)====
Is IST_0 spanning? : True
Is IST_1 spanning? : True
Is IST_2 spanning? : True
Is IST_3 spanning? : True
Is IST_4 spanning? : True
Is IST_5 spanning? : True
Are all ISTs independent? : True

====TEST CR(534, 74, 148)====
Is IST_0 spanning? : True
Is IST_1 spanning? : True
Is IST_2 spanning? : True
Is IST_3 spanning? : True
Is IST_4 spanning? : True
Is IST_5 spanning? : True
Are all ISTs independent? : True

====TEST CR(535, 74, 148)====
Is IST_0 spanning? : True
Is IST_1 spanning? : True
Is IST_2 spanning? : True
Is IST_3 spanning? : True
Is IST_4 spanning? : True
Is IST_5 spanning? : True
Are all ISTs independent? : True

====TEST CR(536, 74, 148)====
Is IST_0 spanning? : True
Is IST_1 spanning? : True
Is IST_2 spanning? : True
Is IST_3 spanning? : True
Is IST_4 spanning? : True
Is IST_5 spanning? : True
Are all ISTs independent? : True

====TEST CR(537, 74, 148)====
Is IST_0 spanning? : True
Is IST_1 spanning? : True
Is IST_2 spanning? : True
Is IST_3 spanning? : True
Is IST_4 spanning? : True
Is IST_5 spanning? : True
Are all ISTs independent? : True

====TEST CR(538, 74, 148)====
Is IST_0 spanning? : True
Is IST_1 spanning? : True
Is IST_2 spanning? : True
Is IST_3 spanning? : True
Is IST_4 spanning? : True
Is IST_5 spanning? : True
Are all ISTs independent? : True

====TEST CR(539, 74, 148)====
Is IST_0 spanning? : True
Is IST_1 spanning? : True
Is IST_2 spanning? : True
Is IST_3 spanning? : True
Is IST_4 spanning? : True
Is IST_5 spanning? : True
Are all ISTs independent? : True

====TEST CR(540, 74, 148)====
Is IST_0 spanning? : True
Is IST_1 spanning? : True
Is IST_2 spanning? : True
Is IST_3 spanning? : True
Is IST_4 spanning? : True
Is IST_5 spanning? : True
Are all ISTs independent? : True

====TEST CR(541, 74, 148)====
Is IST_0 spanning? : True
Is IST_1 spanning? : True
Is IST_2 spanning? : True
Is IST_3 spanning? : True
Is IST_4 spanning? : True
Is IST_5 spanning? : True
Are all ISTs independent? : True

====TEST CR(542, 74, 148)====
Is IST_0 spanning? : True
Is IST_1 spanning? : True
Is IST_2 spanning? : True
Is IST_3 spanning? : True
Is IST_4 spanning? : True
Is IST_5 spanning? : True
Are all ISTs independent? : True

====TEST CR(543, 74, 148)====
Is IST_0 spanning? : True
Is IST_1 spanning? : True
Is IST_2 spanning? : True
Is IST_3 spanning? : True
Is IST_4 spanning? : True
Is IST_5 spanning? : True
Are all ISTs independent? : True

====TEST CR(544, 74, 148)====
Is IST_0 spanning? : True
Is IST_1 spanning? : True
Is IST_2 spanning? : True
Is IST_3 spanning? : True
Is IST_4 spanning? : True
Is IST_5 spanning? : True
Are all ISTs independent? : True

====TEST CR(545, 74, 148)====
Is IST_0 spanning? : True
Is IST_1 spanning? : True
Is IST_2 spanning? : True
Is IST_3 spanning? : True
Is IST_4 spanning? : True
Is IST_5 spanning? : True
Are all ISTs independent? : True

====TEST CR(546, 74, 148)====
Is IST_0 spanning? : True
Is IST_1 spanning? : True
Is IST_2 spanning? : True
Is IST_3 spanning? : True
Is IST_4 spanning? : True
Is IST_5 spanning? : True
Are all ISTs independent? : True

====TEST CR(547, 74, 148)====
Is IST_0 spanning? : True
Is IST_1 spanning? : True
Is IST_2 spanning? : True
Is IST_3 spanning? : True
Is IST_4 spanning? : True
Is IST_5 spanning? : True
Are all ISTs independent? : True

====TEST CR(548, 74, 148)====
Is IST_0 spanning? : True
Is IST_1 spanning? : True
Is IST_2 spanning? : True
Is IST_3 spanning? : True
Is IST_4 spanning? : True
Is IST_5 spanning? : True
Are all ISTs independent? : True

====TEST CR(549, 74, 148)====
Is IST_0 spanning? : True
Is IST_1 spanning? : True
Is IST_2 spanning? : True
Is IST_3 spanning? : True
Is IST_4 spanning? : True
Is IST_5 spanning? : True
Are all ISTs independent? : True

====TEST CR(550, 74, 148)====
Is IST_0 spanning? : True
Is IST_1 spanning? : True
Is IST_2 spanning? : True
Is IST_3 spanning? : True
Is IST_4 spanning? : True
Is IST_5 spanning? : True
Are all ISTs independent? : True

====TEST CR(551, 74, 148)====
Is IST_0 spanning? : True
Is IST_1 spanning? : True
Is IST_2 spanning? : True
Is IST_3 spanning? : True
Is IST_4 spanning? : True
Is IST_5 spanning? : True
Are all ISTs independent? : True

====TEST CR(552, 74, 148)====
Is IST_0 spanning? : True
Is IST_1 spanning? : True
Is IST_2 spanning? : True
Is IST_3 spanning? : True
Is IST_4 spanning? : True
Is IST_5 spanning? : True
Are all ISTs independent? : True

====TEST CR(553, 74, 148)====
Is IST_0 spanning? : True
Is IST_1 spanning? : True
Is IST_2 spanning? : True
Is IST_3 spanning? : True
Is IST_4 spanning? : True
Is IST_5 spanning? : True
Are all ISTs independent? : True

====TEST CR(554, 74, 148)====
Is IST_0 spanning? : True
Is IST_1 spanning? : True
Is IST_2 spanning? : True
Is IST_3 spanning? : True
Is IST_4 spanning? : True
Is IST_5 spanning? : True
Are all ISTs independent? : True

====TEST CR(555, 74, 148)====
Is IST_0 spanning? : True
Is IST_1 spanning? : True
Is IST_2 spanning? : True
Is IST_3 spanning? : True
Is IST_4 spanning? : True
Is IST_5 spanning? : True
Are all ISTs independent? : True

====TEST CR(556, 74, 148)====
Is IST_0 spanning? : True
Is IST_1 spanning? : True
Is IST_2 spanning? : True
Is IST_3 spanning? : True
Is IST_4 spanning? : True
Is IST_5 spanning? : True
Are all ISTs independent? : True

====TEST CR(557, 74, 148)====
Is IST_0 spanning? : True
Is IST_1 spanning? : True
Is IST_2 spanning? : True
Is IST_3 spanning? : True
Is IST_4 spanning? : True
Is IST_5 spanning? : True
Are all ISTs independent? : True

====TEST CR(558, 74, 148)====
Is IST_0 spanning? : True
Is IST_1 spanning? : True
Is IST_2 spanning? : True
Is IST_3 spanning? : True
Is IST_4 spanning? : True
Is IST_5 spanning? : True
Are all ISTs independent? : True

====TEST CR(559, 74, 148)====
Is IST_0 spanning? : True
Is IST_1 spanning? : True
Is IST_2 spanning? : True
Is IST_3 spanning? : True
Is IST_4 spanning? : True
Is IST_5 spanning? : True
Are all ISTs independent? : True

====TEST CR(560, 74, 148)====
Is IST_0 spanning? : True
Is IST_1 spanning? : True
Is IST_2 spanning? : True
Is IST_3 spanning? : True
Is IST_4 spanning? : True
Is IST_5 spanning? : True
Are all ISTs independent? : True

====TEST CR(561, 74, 148)====
Is IST_0 spanning? : True
Is IST_1 spanning? : True
Is IST_2 spanning? : True
Is IST_3 spanning? : True
Is IST_4 spanning? : True
Is IST_5 spanning? : True
Are all ISTs independent? : True

====TEST CR(562, 74, 148)====
Is IST_0 spanning? : True
Is IST_1 spanning? : True
Is IST_2 spanning? : True
Is IST_3 spanning? : True
Is IST_4 spanning? : True
Is IST_5 spanning? : True
Are all ISTs independent? : True

====TEST CR(563, 74, 148)====
Is IST_0 spanning? : True
Is IST_1 spanning? : True
Is IST_2 spanning? : True
Is IST_3 spanning? : True
Is IST_4 spanning? : True
Is IST_5 spanning? : True
Are all ISTs independent? : True

====TEST CR(564, 74, 148)====
Is IST_0 spanning? : True
Is IST_1 spanning? : True
Is IST_2 spanning? : True
Is IST_3 spanning? : True
Is IST_4 spanning? : True
Is IST_5 spanning? : True
Are all ISTs independent? : True

====TEST CR(565, 74, 148)====
Is IST_0 spanning? : True
Is IST_1 spanning? : True
Is IST_2 spanning? : True
Is IST_3 spanning? : True
Is IST_4 spanning? : True
Is IST_5 spanning? : True
Are all ISTs independent? : True

====TEST CR(566, 74, 148)====
Is IST_0 spanning? : True
Is IST_1 spanning? : True
Is IST_2 spanning? : True
Is IST_3 spanning? : True
Is IST_4 spanning? : True
Is IST_5 spanning? : True
Are all ISTs independent? : True

====TEST CR(567, 74, 148)====
Is IST_0 spanning? : True
Is IST_1 spanning? : True
Is IST_2 spanning? : True
Is IST_3 spanning? : True
Is IST_4 spanning? : True
Is IST_5 spanning? : True
Are all ISTs independent? : True

====TEST CR(568, 74, 148)====
Is IST_0 spanning? : True
Is IST_1 spanning? : True
Is IST_2 spanning? : True
Is IST_3 spanning? : True
Is IST_4 spanning? : True
Is IST_5 spanning? : True
Are all ISTs independent? : True

====TEST CR(569, 74, 148)====
Is IST_0 spanning? : True
Is IST_1 spanning? : True
Is IST_2 spanning? : True
Is IST_3 spanning? : True
Is IST_4 spanning? : True
Is IST_5 spanning? : True
Are all ISTs independent? : True

====TEST CR(570, 74, 148)====
Is IST_0 spanning? : True
Is IST_1 spanning? : True
Is IST_2 spanning? : True
Is IST_3 spanning? : True
Is IST_4 spanning? : True
Is IST_5 spanning? : True
Are all ISTs independent? : True

====TEST CR(571, 74, 148)====
Is IST_0 spanning? : True
Is IST_1 spanning? : True
Is IST_2 spanning? : True
Is IST_3 spanning? : True
Is IST_4 spanning? : True
Is IST_5 spanning? : True
Are all ISTs independent? : True

====TEST CR(572, 74, 148)====
Is IST_0 spanning? : True
Is IST_1 spanning? : True
Is IST_2 spanning? : True
Is IST_3 spanning? : True
Is IST_4 spanning? : True
Is IST_5 spanning? : True
Are all ISTs independent? : True

====TEST CR(450, 75, 150)====
Is IST_0 spanning? : True
Is IST_1 spanning? : True
Is IST_2 spanning? : True
Is IST_3 spanning? : True
Is IST_4 spanning? : True
Is IST_5 spanning? : True
Are all ISTs independent? : True

====TEST CR(451, 75, 150)====
Is IST_0 spanning? : True
Is IST_1 spanning? : True
Is IST_2 spanning? : True
Is IST_3 spanning? : True
Is IST_4 spanning? : True
Is IST_5 spanning? : True
Are all ISTs independent? : True

====TEST CR(452, 75, 150)====
Is IST_0 spanning? : True
Is IST_1 spanning? : True
Is IST_2 spanning? : True
Is IST_3 spanning? : True
Is IST_4 spanning? : True
Is IST_5 spanning? : True
Are all ISTs independent? : True

====TEST CR(453, 75, 150)====
Is IST_0 spanning? : True
Is IST_1 spanning? : True
Is IST_2 spanning? : True
Is IST_3 spanning? : True
Is IST_4 spanning? : True
Is IST_5 spanning? : True
Are all ISTs independent? : True

====TEST CR(454, 75, 150)====
Is IST_0 spanning? : True
Is IST_1 spanning? : True
Is IST_2 spanning? : True
Is IST_3 spanning? : True
Is IST_4 spanning? : True
Is IST_5 spanning? : True
Are all ISTs independent? : True

====TEST CR(455, 75, 150)====
Is IST_0 spanning? : True
Is IST_1 spanning? : True
Is IST_2 spanning? : True
Is IST_3 spanning? : True
Is IST_4 spanning? : True
Is IST_5 spanning? : True
Are all ISTs independent? : True

====TEST CR(456, 75, 150)====
Is IST_0 spanning? : True
Is IST_1 spanning? : True
Is IST_2 spanning? : True
Is IST_3 spanning? : True
Is IST_4 spanning? : True
Is IST_5 spanning? : True
Are all ISTs independent? : True

====TEST CR(457, 75, 150)====
Is IST_0 spanning? : True
Is IST_1 spanning? : True
Is IST_2 spanning? : True
Is IST_3 spanning? : True
Is IST_4 spanning? : True
Is IST_5 spanning? : True
Are all ISTs independent? : True

====TEST CR(458, 75, 150)====
Is IST_0 spanning? : True
Is IST_1 spanning? : True
Is IST_2 spanning? : True
Is IST_3 spanning? : True
Is IST_4 spanning? : True
Is IST_5 spanning? : True
Are all ISTs independent? : True

====TEST CR(459, 75, 150)====
Is IST_0 spanning? : True
Is IST_1 spanning? : True
Is IST_2 spanning? : True
Is IST_3 spanning? : True
Is IST_4 spanning? : True
Is IST_5 spanning? : True
Are all ISTs independent? : True

====TEST CR(460, 75, 150)====
Is IST_0 spanning? : True
Is IST_1 spanning? : True
Is IST_2 spanning? : True
Is IST_3 spanning? : True
Is IST_4 spanning? : True
Is IST_5 spanning? : True
Are all ISTs independent? : True

====TEST CR(461, 75, 150)====
Is IST_0 spanning? : True
Is IST_1 spanning? : True
Is IST_2 spanning? : True
Is IST_3 spanning? : True
Is IST_4 spanning? : True
Is IST_5 spanning? : True
Are all ISTs independent? : True

====TEST CR(462, 75, 150)====
Is IST_0 spanning? : True
Is IST_1 spanning? : True
Is IST_2 spanning? : True
Is IST_3 spanning? : True
Is IST_4 spanning? : True
Is IST_5 spanning? : True
Are all ISTs independent? : True

====TEST CR(463, 75, 150)====
Is IST_0 spanning? : True
Is IST_1 spanning? : True
Is IST_2 spanning? : True
Is IST_3 spanning? : True
Is IST_4 spanning? : True
Is IST_5 spanning? : True
Are all ISTs independent? : True

====TEST CR(464, 75, 150)====
Is IST_0 spanning? : True
Is IST_1 spanning? : True
Is IST_2 spanning? : True
Is IST_3 spanning? : True
Is IST_4 spanning? : True
Is IST_5 spanning? : True
Are all ISTs independent? : True

====TEST CR(465, 75, 150)====
Is IST_0 spanning? : True
Is IST_1 spanning? : True
Is IST_2 spanning? : True
Is IST_3 spanning? : True
Is IST_4 spanning? : True
Is IST_5 spanning? : True
Are all ISTs independent? : True

====TEST CR(466, 75, 150)====
Is IST_0 spanning? : True
Is IST_1 spanning? : True
Is IST_2 spanning? : True
Is IST_3 spanning? : True
Is IST_4 spanning? : True
Is IST_5 spanning? : True
Are all ISTs independent? : True

====TEST CR(467, 75, 150)====
Is IST_0 spanning? : True
Is IST_1 spanning? : True
Is IST_2 spanning? : True
Is IST_3 spanning? : True
Is IST_4 spanning? : True
Is IST_5 spanning? : True
Are all ISTs independent? : True

====TEST CR(468, 75, 150)====
Is IST_0 spanning? : True
Is IST_1 spanning? : True
Is IST_2 spanning? : True
Is IST_3 spanning? : True
Is IST_4 spanning? : True
Is IST_5 spanning? : True
Are all ISTs independent? : True

====TEST CR(469, 75, 150)====
Is IST_0 spanning? : True
Is IST_1 spanning? : True
Is IST_2 spanning? : True
Is IST_3 spanning? : True
Is IST_4 spanning? : True
Is IST_5 spanning? : True
Are all ISTs independent? : True

====TEST CR(470, 75, 150)====
Is IST_0 spanning? : True
Is IST_1 spanning? : True
Is IST_2 spanning? : True
Is IST_3 spanning? : True
Is IST_4 spanning? : True
Is IST_5 spanning? : True
Are all ISTs independent? : True

====TEST CR(471, 75, 150)====
Is IST_0 spanning? : True
Is IST_1 spanning? : True
Is IST_2 spanning? : True
Is IST_3 spanning? : True
Is IST_4 spanning? : True
Is IST_5 spanning? : True
Are all ISTs independent? : True

====TEST CR(472, 75, 150)====
Is IST_0 spanning? : True
Is IST_1 spanning? : True
Is IST_2 spanning? : True
Is IST_3 spanning? : True
Is IST_4 spanning? : True
Is IST_5 spanning? : True
Are all ISTs independent? : True

====TEST CR(473, 75, 150)====
Is IST_0 spanning? : True
Is IST_1 spanning? : True
Is IST_2 spanning? : True
Is IST_3 spanning? : True
Is IST_4 spanning? : True
Is IST_5 spanning? : True
Are all ISTs independent? : True

====TEST CR(474, 75, 150)====
Is IST_0 spanning? : True
Is IST_1 spanning? : True
Is IST_2 spanning? : True
Is IST_3 spanning? : True
Is IST_4 spanning? : True
Is IST_5 spanning? : True
Are all ISTs independent? : True

====TEST CR(475, 75, 150)====
Is IST_0 spanning? : True
Is IST_1 spanning? : True
Is IST_2 spanning? : True
Is IST_3 spanning? : True
Is IST_4 spanning? : True
Is IST_5 spanning? : True
Are all ISTs independent? : True

====TEST CR(476, 75, 150)====
Is IST_0 spanning? : True
Is IST_1 spanning? : True
Is IST_2 spanning? : True
Is IST_3 spanning? : True
Is IST_4 spanning? : True
Is IST_5 spanning? : True
Are all ISTs independent? : True

====TEST CR(477, 75, 150)====
Is IST_0 spanning? : True
Is IST_1 spanning? : True
Is IST_2 spanning? : True
Is IST_3 spanning? : True
Is IST_4 spanning? : True
Is IST_5 spanning? : True
Are all ISTs independent? : True

====TEST CR(478, 75, 150)====
Is IST_0 spanning? : True
Is IST_1 spanning? : True
Is IST_2 spanning? : True
Is IST_3 spanning? : True
Is IST_4 spanning? : True
Is IST_5 spanning? : True
Are all ISTs independent? : True

====TEST CR(479, 75, 150)====
Is IST_0 spanning? : True
Is IST_1 spanning? : True
Is IST_2 spanning? : True
Is IST_3 spanning? : True
Is IST_4 spanning? : True
Is IST_5 spanning? : True
Are all ISTs independent? : True

====TEST CR(480, 75, 150)====
Is IST_0 spanning? : True
Is IST_1 spanning? : True
Is IST_2 spanning? : True
Is IST_3 spanning? : True
Is IST_4 spanning? : True
Is IST_5 spanning? : True
Are all ISTs independent? : True

====TEST CR(481, 75, 150)====
Is IST_0 spanning? : True
Is IST_1 spanning? : True
Is IST_2 spanning? : True
Is IST_3 spanning? : True
Is IST_4 spanning? : True
Is IST_5 spanning? : True
Are all ISTs independent? : True

====TEST CR(482, 75, 150)====
Is IST_0 spanning? : True
Is IST_1 spanning? : True
Is IST_2 spanning? : True
Is IST_3 spanning? : True
Is IST_4 spanning? : True
Is IST_5 spanning? : True
Are all ISTs independent? : True

====TEST CR(483, 75, 150)====
Is IST_0 spanning? : True
Is IST_1 spanning? : True
Is IST_2 spanning? : True
Is IST_3 spanning? : True
Is IST_4 spanning? : True
Is IST_5 spanning? : True
Are all ISTs independent? : True

====TEST CR(484, 75, 150)====
Is IST_0 spanning? : True
Is IST_1 spanning? : True
Is IST_2 spanning? : True
Is IST_3 spanning? : True
Is IST_4 spanning? : True
Is IST_5 spanning? : True
Are all ISTs independent? : True

====TEST CR(485, 75, 150)====
Is IST_0 spanning? : True
Is IST_1 spanning? : True
Is IST_2 spanning? : True
Is IST_3 spanning? : True
Is IST_4 spanning? : True
Is IST_5 spanning? : True
Are all ISTs independent? : True

====TEST CR(486, 75, 150)====
Is IST_0 spanning? : True
Is IST_1 spanning? : True
Is IST_2 spanning? : True
Is IST_3 spanning? : True
Is IST_4 spanning? : True
Is IST_5 spanning? : True
Are all ISTs independent? : True

====TEST CR(487, 75, 150)====
Is IST_0 spanning? : True
Is IST_1 spanning? : True
Is IST_2 spanning? : True
Is IST_3 spanning? : True
Is IST_4 spanning? : True
Is IST_5 spanning? : True
Are all ISTs independent? : True

====TEST CR(488, 75, 150)====
Is IST_0 spanning? : True
Is IST_1 spanning? : True
Is IST_2 spanning? : True
Is IST_3 spanning? : True
Is IST_4 spanning? : True
Is IST_5 spanning? : True
Are all ISTs independent? : True

====TEST CR(489, 75, 150)====
Is IST_0 spanning? : True
Is IST_1 spanning? : True
Is IST_2 spanning? : True
Is IST_3 spanning? : True
Is IST_4 spanning? : True
Is IST_5 spanning? : True
Are all ISTs independent? : True

====TEST CR(490, 75, 150)====
Is IST_0 spanning? : True
Is IST_1 spanning? : True
Is IST_2 spanning? : True
Is IST_3 spanning? : True
Is IST_4 spanning? : True
Is IST_5 spanning? : True
Are all ISTs independent? : True

====TEST CR(491, 75, 150)====
Is IST_0 spanning? : True
Is IST_1 spanning? : True
Is IST_2 spanning? : True
Is IST_3 spanning? : True
Is IST_4 spanning? : True
Is IST_5 spanning? : True
Are all ISTs independent? : True

====TEST CR(492, 75, 150)====
Is IST_0 spanning? : True
Is IST_1 spanning? : True
Is IST_2 spanning? : True
Is IST_3 spanning? : True
Is IST_4 spanning? : True
Is IST_5 spanning? : True
Are all ISTs independent? : True

====TEST CR(493, 75, 150)====
Is IST_0 spanning? : True
Is IST_1 spanning? : True
Is IST_2 spanning? : True
Is IST_3 spanning? : True
Is IST_4 spanning? : True
Is IST_5 spanning? : True
Are all ISTs independent? : True

====TEST CR(494, 75, 150)====
Is IST_0 spanning? : True
Is IST_1 spanning? : True
Is IST_2 spanning? : True
Is IST_3 spanning? : True
Is IST_4 spanning? : True
Is IST_5 spanning? : True
Are all ISTs independent? : True

====TEST CR(495, 75, 150)====
Is IST_0 spanning? : True
Is IST_1 spanning? : True
Is IST_2 spanning? : True
Is IST_3 spanning? : True
Is IST_4 spanning? : True
Is IST_5 spanning? : True
Are all ISTs independent? : True

====TEST CR(496, 75, 150)====
Is IST_0 spanning? : True
Is IST_1 spanning? : True
Is IST_2 spanning? : True
Is IST_3 spanning? : True
Is IST_4 spanning? : True
Is IST_5 spanning? : True
Are all ISTs independent? : True

====TEST CR(497, 75, 150)====
Is IST_0 spanning? : True
Is IST_1 spanning? : True
Is IST_2 spanning? : True
Is IST_3 spanning? : True
Is IST_4 spanning? : True
Is IST_5 spanning? : True
Are all ISTs independent? : True

====TEST CR(498, 75, 150)====
Is IST_0 spanning? : True
Is IST_1 spanning? : True
Is IST_2 spanning? : True
Is IST_3 spanning? : True
Is IST_4 spanning? : True
Is IST_5 spanning? : True
Are all ISTs independent? : True

====TEST CR(499, 75, 150)====
Is IST_0 spanning? : True
Is IST_1 spanning? : True
Is IST_2 spanning? : True
Is IST_3 spanning? : True
Is IST_4 spanning? : True
Is IST_5 spanning? : True
Are all ISTs independent? : True

====TEST CR(500, 75, 150)====
Is IST_0 spanning? : True
Is IST_1 spanning? : True
Is IST_2 spanning? : True
Is IST_3 spanning? : True
Is IST_4 spanning? : True
Is IST_5 spanning? : True
Are all ISTs independent? : True

====TEST CR(501, 75, 150)====
Is IST_0 spanning? : True
Is IST_1 spanning? : True
Is IST_2 spanning? : True
Is IST_3 spanning? : True
Is IST_4 spanning? : True
Is IST_5 spanning? : True
Are all ISTs independent? : True

====TEST CR(502, 75, 150)====
Is IST_0 spanning? : True
Is IST_1 spanning? : True
Is IST_2 spanning? : True
Is IST_3 spanning? : True
Is IST_4 spanning? : True
Is IST_5 spanning? : True
Are all ISTs independent? : True

====TEST CR(503, 75, 150)====
Is IST_0 spanning? : True
Is IST_1 spanning? : True
Is IST_2 spanning? : True
Is IST_3 spanning? : True
Is IST_4 spanning? : True
Is IST_5 spanning? : True
Are all ISTs independent? : True

====TEST CR(504, 75, 150)====
Is IST_0 spanning? : True
Is IST_1 spanning? : True
Is IST_2 spanning? : True
Is IST_3 spanning? : True
Is IST_4 spanning? : True
Is IST_5 spanning? : True
Are all ISTs independent? : True

====TEST CR(505, 75, 150)====
Is IST_0 spanning? : True
Is IST_1 spanning? : True
Is IST_2 spanning? : True
Is IST_3 spanning? : True
Is IST_4 spanning? : True
Is IST_5 spanning? : True
Are all ISTs independent? : True

====TEST CR(506, 75, 150)====
Is IST_0 spanning? : True
Is IST_1 spanning? : True
Is IST_2 spanning? : True
Is IST_3 spanning? : True
Is IST_4 spanning? : True
Is IST_5 spanning? : True
Are all ISTs independent? : True

====TEST CR(507, 75, 150)====
Is IST_0 spanning? : True
Is IST_1 spanning? : True
Is IST_2 spanning? : True
Is IST_3 spanning? : True
Is IST_4 spanning? : True
Is IST_5 spanning? : True
Are all ISTs independent? : True

====TEST CR(508, 75, 150)====
Is IST_0 spanning? : True
Is IST_1 spanning? : True
Is IST_2 spanning? : True
Is IST_3 spanning? : True
Is IST_4 spanning? : True
Is IST_5 spanning? : True
Are all ISTs independent? : True

====TEST CR(509, 75, 150)====
Is IST_0 spanning? : True
Is IST_1 spanning? : True
Is IST_2 spanning? : True
Is IST_3 spanning? : True
Is IST_4 spanning? : True
Is IST_5 spanning? : True
Are all ISTs independent? : True

====TEST CR(510, 75, 150)====
Is IST_0 spanning? : True
Is IST_1 spanning? : True
Is IST_2 spanning? : True
Is IST_3 spanning? : True
Is IST_4 spanning? : True
Is IST_5 spanning? : True
Are all ISTs independent? : True

====TEST CR(511, 75, 150)====
Is IST_0 spanning? : True
Is IST_1 spanning? : True
Is IST_2 spanning? : True
Is IST_3 spanning? : True
Is IST_4 spanning? : True
Is IST_5 spanning? : True
Are all ISTs independent? : True

====TEST CR(512, 75, 150)====
Is IST_0 spanning? : True
Is IST_1 spanning? : True
Is IST_2 spanning? : True
Is IST_3 spanning? : True
Is IST_4 spanning? : True
Is IST_5 spanning? : True
Are all ISTs independent? : True

====TEST CR(513, 75, 150)====
Is IST_0 spanning? : True
Is IST_1 spanning? : True
Is IST_2 spanning? : True
Is IST_3 spanning? : True
Is IST_4 spanning? : True
Is IST_5 spanning? : True
Are all ISTs independent? : True

====TEST CR(514, 75, 150)====
Is IST_0 spanning? : True
Is IST_1 spanning? : True
Is IST_2 spanning? : True
Is IST_3 spanning? : True
Is IST_4 spanning? : True
Is IST_5 spanning? : True
Are all ISTs independent? : True

====TEST CR(515, 75, 150)====
Is IST_0 spanning? : True
Is IST_1 spanning? : True
Is IST_2 spanning? : True
Is IST_3 spanning? : True
Is IST_4 spanning? : True
Is IST_5 spanning? : True
Are all ISTs independent? : True

====TEST CR(516, 75, 150)====
Is IST_0 spanning? : True
Is IST_1 spanning? : True
Is IST_2 spanning? : True
Is IST_3 spanning? : True
Is IST_4 spanning? : True
Is IST_5 spanning? : True
Are all ISTs independent? : True

====TEST CR(517, 75, 150)====
Is IST_0 spanning? : True
Is IST_1 spanning? : True
Is IST_2 spanning? : True
Is IST_3 spanning? : True
Is IST_4 spanning? : True
Is IST_5 spanning? : True
Are all ISTs independent? : True

====TEST CR(518, 75, 150)====
Is IST_0 spanning? : True
Is IST_1 spanning? : True
Is IST_2 spanning? : True
Is IST_3 spanning? : True
Is IST_4 spanning? : True
Is IST_5 spanning? : True
Are all ISTs independent? : True

====TEST CR(519, 75, 150)====
Is IST_0 spanning? : True
Is IST_1 spanning? : True
Is IST_2 spanning? : True
Is IST_3 spanning? : True
Is IST_4 spanning? : True
Is IST_5 spanning? : True
Are all ISTs independent? : True

====TEST CR(520, 75, 150)====
Is IST_0 spanning? : True
Is IST_1 spanning? : True
Is IST_2 spanning? : True
Is IST_3 spanning? : True
Is IST_4 spanning? : True
Is IST_5 spanning? : True
Are all ISTs independent? : True

====TEST CR(521, 75, 150)====
Is IST_0 spanning? : True
Is IST_1 spanning? : True
Is IST_2 spanning? : True
Is IST_3 spanning? : True
Is IST_4 spanning? : True
Is IST_5 spanning? : True
Are all ISTs independent? : True

====TEST CR(522, 75, 150)====
Is IST_0 spanning? : True
Is IST_1 spanning? : True
Is IST_2 spanning? : True
Is IST_3 spanning? : True
Is IST_4 spanning? : True
Is IST_5 spanning? : True
Are all ISTs independent? : True

====TEST CR(523, 75, 150)====
Is IST_0 spanning? : True
Is IST_1 spanning? : True
Is IST_2 spanning? : True
Is IST_3 spanning? : True
Is IST_4 spanning? : True
Is IST_5 spanning? : True
Are all ISTs independent? : True

====TEST CR(524, 75, 150)====
Is IST_0 spanning? : True
Is IST_1 spanning? : True
Is IST_2 spanning? : True
Is IST_3 spanning? : True
Is IST_4 spanning? : True
Is IST_5 spanning? : True
Are all ISTs independent? : True

====TEST CR(525, 75, 150)====
Is IST_0 spanning? : True
Is IST_1 spanning? : True
Is IST_2 spanning? : True
Is IST_3 spanning? : True
Is IST_4 spanning? : True
Is IST_5 spanning? : True
Are all ISTs independent? : True

====TEST CR(526, 75, 150)====
Is IST_0 spanning? : True
Is IST_1 spanning? : True
Is IST_2 spanning? : True
Is IST_3 spanning? : True
Is IST_4 spanning? : True
Is IST_5 spanning? : True
Are all ISTs independent? : True

====TEST CR(527, 75, 150)====
Is IST_0 spanning? : True
Is IST_1 spanning? : True
Is IST_2 spanning? : True
Is IST_3 spanning? : True
Is IST_4 spanning? : True
Is IST_5 spanning? : True
Are all ISTs independent? : True

====TEST CR(528, 75, 150)====
Is IST_0 spanning? : True
Is IST_1 spanning? : True
Is IST_2 spanning? : True
Is IST_3 spanning? : True
Is IST_4 spanning? : True
Is IST_5 spanning? : True
Are all ISTs independent? : True

====TEST CR(529, 75, 150)====
Is IST_0 spanning? : True
Is IST_1 spanning? : True
Is IST_2 spanning? : True
Is IST_3 spanning? : True
Is IST_4 spanning? : True
Is IST_5 spanning? : True
Are all ISTs independent? : True

====TEST CR(530, 75, 150)====
Is IST_0 spanning? : True
Is IST_1 spanning? : True
Is IST_2 spanning? : True
Is IST_3 spanning? : True
Is IST_4 spanning? : True
Is IST_5 spanning? : True
Are all ISTs independent? : True

====TEST CR(531, 75, 150)====
Is IST_0 spanning? : True
Is IST_1 spanning? : True
Is IST_2 spanning? : True
Is IST_3 spanning? : True
Is IST_4 spanning? : True
Is IST_5 spanning? : True
Are all ISTs independent? : True

====TEST CR(532, 75, 150)====
Is IST_0 spanning? : True
Is IST_1 spanning? : True
Is IST_2 spanning? : True
Is IST_3 spanning? : True
Is IST_4 spanning? : True
Is IST_5 spanning? : True
Are all ISTs independent? : True

====TEST CR(533, 75, 150)====
Is IST_0 spanning? : True
Is IST_1 spanning? : True
Is IST_2 spanning? : True
Is IST_3 spanning? : True
Is IST_4 spanning? : True
Is IST_5 spanning? : True
Are all ISTs independent? : True

====TEST CR(534, 75, 150)====
Is IST_0 spanning? : True
Is IST_1 spanning? : True
Is IST_2 spanning? : True
Is IST_3 spanning? : True
Is IST_4 spanning? : True
Is IST_5 spanning? : True
Are all ISTs independent? : True

====TEST CR(535, 75, 150)====
Is IST_0 spanning? : True
Is IST_1 spanning? : True
Is IST_2 spanning? : True
Is IST_3 spanning? : True
Is IST_4 spanning? : True
Is IST_5 spanning? : True
Are all ISTs independent? : True

====TEST CR(536, 75, 150)====
Is IST_0 spanning? : True
Is IST_1 spanning? : True
Is IST_2 spanning? : True
Is IST_3 spanning? : True
Is IST_4 spanning? : True
Is IST_5 spanning? : True
Are all ISTs independent? : True

====TEST CR(537, 75, 150)====
Is IST_0 spanning? : True
Is IST_1 spanning? : True
Is IST_2 spanning? : True
Is IST_3 spanning? : True
Is IST_4 spanning? : True
Is IST_5 spanning? : True
Are all ISTs independent? : True

====TEST CR(538, 75, 150)====
Is IST_0 spanning? : True
Is IST_1 spanning? : True
Is IST_2 spanning? : True
Is IST_3 spanning? : True
Is IST_4 spanning? : True
Is IST_5 spanning? : True
Are all ISTs independent? : True

====TEST CR(539, 75, 150)====
Is IST_0 spanning? : True
Is IST_1 spanning? : True
Is IST_2 spanning? : True
Is IST_3 spanning? : True
Is IST_4 spanning? : True
Is IST_5 spanning? : True
Are all ISTs independent? : True

====TEST CR(540, 75, 150)====
Is IST_0 spanning? : True
Is IST_1 spanning? : True
Is IST_2 spanning? : True
Is IST_3 spanning? : True
Is IST_4 spanning? : True
Is IST_5 spanning? : True
Are all ISTs independent? : True

====TEST CR(541, 75, 150)====
Is IST_0 spanning? : True
Is IST_1 spanning? : True
Is IST_2 spanning? : True
Is IST_3 spanning? : True
Is IST_4 spanning? : True
Is IST_5 spanning? : True
Are all ISTs independent? : True

====TEST CR(542, 75, 150)====
Is IST_0 spanning? : True
Is IST_1 spanning? : True
Is IST_2 spanning? : True
Is IST_3 spanning? : True
Is IST_4 spanning? : True
Is IST_5 spanning? : True
Are all ISTs independent? : True

====TEST CR(543, 75, 150)====
Is IST_0 spanning? : True
Is IST_1 spanning? : True
Is IST_2 spanning? : True
Is IST_3 spanning? : True
Is IST_4 spanning? : True
Is IST_5 spanning? : True
Are all ISTs independent? : True

====TEST CR(544, 75, 150)====
Is IST_0 spanning? : True
Is IST_1 spanning? : True
Is IST_2 spanning? : True
Is IST_3 spanning? : True
Is IST_4 spanning? : True
Is IST_5 spanning? : True
Are all ISTs independent? : True

====TEST CR(545, 75, 150)====
Is IST_0 spanning? : True
Is IST_1 spanning? : True
Is IST_2 spanning? : True
Is IST_3 spanning? : True
Is IST_4 spanning? : True
Is IST_5 spanning? : True
Are all ISTs independent? : True

====TEST CR(546, 75, 150)====
Is IST_0 spanning? : True
Is IST_1 spanning? : True
Is IST_2 spanning? : True
Is IST_3 spanning? : True
Is IST_4 spanning? : True
Is IST_5 spanning? : True
Are all ISTs independent? : True

====TEST CR(547, 75, 150)====
Is IST_0 spanning? : True
Is IST_1 spanning? : True
Is IST_2 spanning? : True
Is IST_3 spanning? : True
Is IST_4 spanning? : True
Is IST_5 spanning? : True
Are all ISTs independent? : True

====TEST CR(548, 75, 150)====
Is IST_0 spanning? : True
Is IST_1 spanning? : True
Is IST_2 spanning? : True
Is IST_3 spanning? : True
Is IST_4 spanning? : True
Is IST_5 spanning? : True
Are all ISTs independent? : True

====TEST CR(549, 75, 150)====
Is IST_0 spanning? : True
Is IST_1 spanning? : True
Is IST_2 spanning? : True
Is IST_3 spanning? : True
Is IST_4 spanning? : True
Is IST_5 spanning? : True
Are all ISTs independent? : True

====TEST CR(550, 75, 150)====
Is IST_0 spanning? : True
Is IST_1 spanning? : True
Is IST_2 spanning? : True
Is IST_3 spanning? : True
Is IST_4 spanning? : True
Is IST_5 spanning? : True
Are all ISTs independent? : True

====TEST CR(551, 75, 150)====
Is IST_0 spanning? : True
Is IST_1 spanning? : True
Is IST_2 spanning? : True
Is IST_3 spanning? : True
Is IST_4 spanning? : True
Is IST_5 spanning? : True
Are all ISTs independent? : True

====TEST CR(552, 75, 150)====
Is IST_0 spanning? : True
Is IST_1 spanning? : True
Is IST_2 spanning? : True
Is IST_3 spanning? : True
Is IST_4 spanning? : True
Is IST_5 spanning? : True
Are all ISTs independent? : True

====TEST CR(553, 75, 150)====
Is IST_0 spanning? : True
Is IST_1 spanning? : True
Is IST_2 spanning? : True
Is IST_3 spanning? : True
Is IST_4 spanning? : True
Is IST_5 spanning? : True
Are all ISTs independent? : True

====TEST CR(554, 75, 150)====
Is IST_0 spanning? : True
Is IST_1 spanning? : True
Is IST_2 spanning? : True
Is IST_3 spanning? : True
Is IST_4 spanning? : True
Is IST_5 spanning? : True
Are all ISTs independent? : True

====TEST CR(555, 75, 150)====
Is IST_0 spanning? : True
Is IST_1 spanning? : True
Is IST_2 spanning? : True
Is IST_3 spanning? : True
Is IST_4 spanning? : True
Is IST_5 spanning? : True
Are all ISTs independent? : True

====TEST CR(556, 75, 150)====
Is IST_0 spanning? : True
Is IST_1 spanning? : True
Is IST_2 spanning? : True
Is IST_3 spanning? : True
Is IST_4 spanning? : True
Is IST_5 spanning? : True
Are all ISTs independent? : True

====TEST CR(557, 75, 150)====
Is IST_0 spanning? : True
Is IST_1 spanning? : True
Is IST_2 spanning? : True
Is IST_3 spanning? : True
Is IST_4 spanning? : True
Is IST_5 spanning? : True
Are all ISTs independent? : True

====TEST CR(558, 75, 150)====
Is IST_0 spanning? : True
Is IST_1 spanning? : True
Is IST_2 spanning? : True
Is IST_3 spanning? : True
Is IST_4 spanning? : True
Is IST_5 spanning? : True
Are all ISTs independent? : True

====TEST CR(559, 75, 150)====
Is IST_0 spanning? : True
Is IST_1 spanning? : True
Is IST_2 spanning? : True
Is IST_3 spanning? : True
Is IST_4 spanning? : True
Is IST_5 spanning? : True
Are all ISTs independent? : True

====TEST CR(560, 75, 150)====
Is IST_0 spanning? : True
Is IST_1 spanning? : True
Is IST_2 spanning? : True
Is IST_3 spanning? : True
Is IST_4 spanning? : True
Is IST_5 spanning? : True
Are all ISTs independent? : True

====TEST CR(561, 75, 150)====
Is IST_0 spanning? : True
Is IST_1 spanning? : True
Is IST_2 spanning? : True
Is IST_3 spanning? : True
Is IST_4 spanning? : True
Is IST_5 spanning? : True
Are all ISTs independent? : True

====TEST CR(562, 75, 150)====
Is IST_0 spanning? : True
Is IST_1 spanning? : True
Is IST_2 spanning? : True
Is IST_3 spanning? : True
Is IST_4 spanning? : True
Is IST_5 spanning? : True
Are all ISTs independent? : True

====TEST CR(563, 75, 150)====
Is IST_0 spanning? : True
Is IST_1 spanning? : True
Is IST_2 spanning? : True
Is IST_3 spanning? : True
Is IST_4 spanning? : True
Is IST_5 spanning? : True
Are all ISTs independent? : True

====TEST CR(564, 75, 150)====
Is IST_0 spanning? : True
Is IST_1 spanning? : True
Is IST_2 spanning? : True
Is IST_3 spanning? : True
Is IST_4 spanning? : True
Is IST_5 spanning? : True
Are all ISTs independent? : True

====TEST CR(565, 75, 150)====
Is IST_0 spanning? : True
Is IST_1 spanning? : True
Is IST_2 spanning? : True
Is IST_3 spanning? : True
Is IST_4 spanning? : True
Is IST_5 spanning? : True
Are all ISTs independent? : True

====TEST CR(566, 75, 150)====
Is IST_0 spanning? : True
Is IST_1 spanning? : True
Is IST_2 spanning? : True
Is IST_3 spanning? : True
Is IST_4 spanning? : True
Is IST_5 spanning? : True
Are all ISTs independent? : True

====TEST CR(567, 75, 150)====
Is IST_0 spanning? : True
Is IST_1 spanning? : True
Is IST_2 spanning? : True
Is IST_3 spanning? : True
Is IST_4 spanning? : True
Is IST_5 spanning? : True
Are all ISTs independent? : True

====TEST CR(568, 75, 150)====
Is IST_0 spanning? : True
Is IST_1 spanning? : True
Is IST_2 spanning? : True
Is IST_3 spanning? : True
Is IST_4 spanning? : True
Is IST_5 spanning? : True
Are all ISTs independent? : True

====TEST CR(569, 75, 150)====
Is IST_0 spanning? : True
Is IST_1 spanning? : True
Is IST_2 spanning? : True
Is IST_3 spanning? : True
Is IST_4 spanning? : True
Is IST_5 spanning? : True
Are all ISTs independent? : True

====TEST CR(570, 75, 150)====
Is IST_0 spanning? : True
Is IST_1 spanning? : True
Is IST_2 spanning? : True
Is IST_3 spanning? : True
Is IST_4 spanning? : True
Is IST_5 spanning? : True
Are all ISTs independent? : True

====TEST CR(571, 75, 150)====
Is IST_0 spanning? : True
Is IST_1 spanning? : True
Is IST_2 spanning? : True
Is IST_3 spanning? : True
Is IST_4 spanning? : True
Is IST_5 spanning? : True
Are all ISTs independent? : True

====TEST CR(572, 75, 150)====
Is IST_0 spanning? : True
Is IST_1 spanning? : True
Is IST_2 spanning? : True
Is IST_3 spanning? : True
Is IST_4 spanning? : True
Is IST_5 spanning? : True
Are all ISTs independent? : True

====TEST CR(573, 75, 150)====
Is IST_0 spanning? : True
Is IST_1 spanning? : True
Is IST_2 spanning? : True
Is IST_3 spanning? : True
Is IST_4 spanning? : True
Is IST_5 spanning? : True
Are all ISTs independent? : True

====TEST CR(574, 75, 150)====
Is IST_0 spanning? : True
Is IST_1 spanning? : True
Is IST_2 spanning? : True
Is IST_3 spanning? : True
Is IST_4 spanning? : True
Is IST_5 spanning? : True
Are all ISTs independent? : True

====TEST CR(575, 75, 150)====
Is IST_0 spanning? : True
Is IST_1 spanning? : True
Is IST_2 spanning? : True
Is IST_3 spanning? : True
Is IST_4 spanning? : True
Is IST_5 spanning? : True
Are all ISTs independent? : True

====TEST CR(576, 75, 150)====
Is IST_0 spanning? : True
Is IST_1 spanning? : True
Is IST_2 spanning? : True
Is IST_3 spanning? : True
Is IST_4 spanning? : True
Is IST_5 spanning? : True
Are all ISTs independent? : True

====TEST CR(577, 75, 150)====
Is IST_0 spanning? : True
Is IST_1 spanning? : True
Is IST_2 spanning? : True
Is IST_3 spanning? : True
Is IST_4 spanning? : True
Is IST_5 spanning? : True
Are all ISTs independent? : True

====TEST CR(578, 75, 150)====
Is IST_0 spanning? : True
Is IST_1 spanning? : True
Is IST_2 spanning? : True
Is IST_3 spanning? : True
Is IST_4 spanning? : True
Is IST_5 spanning? : True
Are all ISTs independent? : True

====TEST CR(456, 76, 152)====
Is IST_0 spanning? : True
Is IST_1 spanning? : True
Is IST_2 spanning? : True
Is IST_3 spanning? : True
Is IST_4 spanning? : True
Is IST_5 spanning? : True
Are all ISTs independent? : True

====TEST CR(457, 76, 152)====
Is IST_0 spanning? : True
Is IST_1 spanning? : True
Is IST_2 spanning? : True
Is IST_3 spanning? : True
Is IST_4 spanning? : True
Is IST_5 spanning? : True
Are all ISTs independent? : True

====TEST CR(458, 76, 152)====
Is IST_0 spanning? : True
Is IST_1 spanning? : True
Is IST_2 spanning? : True
Is IST_3 spanning? : True
Is IST_4 spanning? : True
Is IST_5 spanning? : True
Are all ISTs independent? : True

====TEST CR(459, 76, 152)====
Is IST_0 spanning? : True
Is IST_1 spanning? : True
Is IST_2 spanning? : True
Is IST_3 spanning? : True
Is IST_4 spanning? : True
Is IST_5 spanning? : True
Are all ISTs independent? : True

====TEST CR(460, 76, 152)====
Is IST_0 spanning? : True
Is IST_1 spanning? : True
Is IST_2 spanning? : True
Is IST_3 spanning? : True
Is IST_4 spanning? : True
Is IST_5 spanning? : True
Are all ISTs independent? : True

====TEST CR(461, 76, 152)====
Is IST_0 spanning? : True
Is IST_1 spanning? : True
Is IST_2 spanning? : True
Is IST_3 spanning? : True
Is IST_4 spanning? : True
Is IST_5 spanning? : True
Are all ISTs independent? : True

====TEST CR(462, 76, 152)====
Is IST_0 spanning? : True
Is IST_1 spanning? : True
Is IST_2 spanning? : True
Is IST_3 spanning? : True
Is IST_4 spanning? : True
Is IST_5 spanning? : True
Are all ISTs independent? : True

====TEST CR(463, 76, 152)====
Is IST_0 spanning? : True
Is IST_1 spanning? : True
Is IST_2 spanning? : True
Is IST_3 spanning? : True
Is IST_4 spanning? : True
Is IST_5 spanning? : True
Are all ISTs independent? : True

====TEST CR(464, 76, 152)====
Is IST_0 spanning? : True
Is IST_1 spanning? : True
Is IST_2 spanning? : True
Is IST_3 spanning? : True
Is IST_4 spanning? : True
Is IST_5 spanning? : True
Are all ISTs independent? : True

====TEST CR(465, 76, 152)====
Is IST_0 spanning? : True
Is IST_1 spanning? : True
Is IST_2 spanning? : True
Is IST_3 spanning? : True
Is IST_4 spanning? : True
Is IST_5 spanning? : True
Are all ISTs independent? : True

====TEST CR(466, 76, 152)====
Is IST_0 spanning? : True
Is IST_1 spanning? : True
Is IST_2 spanning? : True
Is IST_3 spanning? : True
Is IST_4 spanning? : True
Is IST_5 spanning? : True
Are all ISTs independent? : True

====TEST CR(467, 76, 152)====
Is IST_0 spanning? : True
Is IST_1 spanning? : True
Is IST_2 spanning? : True
Is IST_3 spanning? : True
Is IST_4 spanning? : True
Is IST_5 spanning? : True
Are all ISTs independent? : True

====TEST CR(468, 76, 152)====
Is IST_0 spanning? : True
Is IST_1 spanning? : True
Is IST_2 spanning? : True
Is IST_3 spanning? : True
Is IST_4 spanning? : True
Is IST_5 spanning? : True
Are all ISTs independent? : True

====TEST CR(469, 76, 152)====
Is IST_0 spanning? : True
Is IST_1 spanning? : True
Is IST_2 spanning? : True
Is IST_3 spanning? : True
Is IST_4 spanning? : True
Is IST_5 spanning? : True
Are all ISTs independent? : True

====TEST CR(470, 76, 152)====
Is IST_0 spanning? : True
Is IST_1 spanning? : True
Is IST_2 spanning? : True
Is IST_3 spanning? : True
Is IST_4 spanning? : True
Is IST_5 spanning? : True
Are all ISTs independent? : True

====TEST CR(471, 76, 152)====
Is IST_0 spanning? : True
Is IST_1 spanning? : True
Is IST_2 spanning? : True
Is IST_3 spanning? : True
Is IST_4 spanning? : True
Is IST_5 spanning? : True
Are all ISTs independent? : True

====TEST CR(472, 76, 152)====
Is IST_0 spanning? : True
Is IST_1 spanning? : True
Is IST_2 spanning? : True
Is IST_3 spanning? : True
Is IST_4 spanning? : True
Is IST_5 spanning? : True
Are all ISTs independent? : True

====TEST CR(473, 76, 152)====
Is IST_0 spanning? : True
Is IST_1 spanning? : True
Is IST_2 spanning? : True
Is IST_3 spanning? : True
Is IST_4 spanning? : True
Is IST_5 spanning? : True
Are all ISTs independent? : True

====TEST CR(474, 76, 152)====
Is IST_0 spanning? : True
Is IST_1 spanning? : True
Is IST_2 spanning? : True
Is IST_3 spanning? : True
Is IST_4 spanning? : True
Is IST_5 spanning? : True
Are all ISTs independent? : True

====TEST CR(475, 76, 152)====
Is IST_0 spanning? : True
Is IST_1 spanning? : True
Is IST_2 spanning? : True
Is IST_3 spanning? : True
Is IST_4 spanning? : True
Is IST_5 spanning? : True
Are all ISTs independent? : True

====TEST CR(476, 76, 152)====
Is IST_0 spanning? : True
Is IST_1 spanning? : True
Is IST_2 spanning? : True
Is IST_3 spanning? : True
Is IST_4 spanning? : True
Is IST_5 spanning? : True
Are all ISTs independent? : True

====TEST CR(477, 76, 152)====
Is IST_0 spanning? : True
Is IST_1 spanning? : True
Is IST_2 spanning? : True
Is IST_3 spanning? : True
Is IST_4 spanning? : True
Is IST_5 spanning? : True
Are all ISTs independent? : True

====TEST CR(478, 76, 152)====
Is IST_0 spanning? : True
Is IST_1 spanning? : True
Is IST_2 spanning? : True
Is IST_3 spanning? : True
Is IST_4 spanning? : True
Is IST_5 spanning? : True
Are all ISTs independent? : True

====TEST CR(479, 76, 152)====
Is IST_0 spanning? : True
Is IST_1 spanning? : True
Is IST_2 spanning? : True
Is IST_3 spanning? : True
Is IST_4 spanning? : True
Is IST_5 spanning? : True
Are all ISTs independent? : True

====TEST CR(480, 76, 152)====
Is IST_0 spanning? : True
Is IST_1 spanning? : True
Is IST_2 spanning? : True
Is IST_3 spanning? : True
Is IST_4 spanning? : True
Is IST_5 spanning? : True
Are all ISTs independent? : True

====TEST CR(481, 76, 152)====
Is IST_0 spanning? : True
Is IST_1 spanning? : True
Is IST_2 spanning? : True
Is IST_3 spanning? : True
Is IST_4 spanning? : True
Is IST_5 spanning? : True
Are all ISTs independent? : True

====TEST CR(482, 76, 152)====
Is IST_0 spanning? : True
Is IST_1 spanning? : True
Is IST_2 spanning? : True
Is IST_3 spanning? : True
Is IST_4 spanning? : True
Is IST_5 spanning? : True
Are all ISTs independent? : True

====TEST CR(483, 76, 152)====
Is IST_0 spanning? : True
Is IST_1 spanning? : True
Is IST_2 spanning? : True
Is IST_3 spanning? : True
Is IST_4 spanning? : True
Is IST_5 spanning? : True
Are all ISTs independent? : True

====TEST CR(484, 76, 152)====
Is IST_0 spanning? : True
Is IST_1 spanning? : True
Is IST_2 spanning? : True
Is IST_3 spanning? : True
Is IST_4 spanning? : True
Is IST_5 spanning? : True
Are all ISTs independent? : True

====TEST CR(485, 76, 152)====
Is IST_0 spanning? : True
Is IST_1 spanning? : True
Is IST_2 spanning? : True
Is IST_3 spanning? : True
Is IST_4 spanning? : True
Is IST_5 spanning? : True
Are all ISTs independent? : True

====TEST CR(486, 76, 152)====
Is IST_0 spanning? : True
Is IST_1 spanning? : True
Is IST_2 spanning? : True
Is IST_3 spanning? : True
Is IST_4 spanning? : True
Is IST_5 spanning? : True
Are all ISTs independent? : True

====TEST CR(487, 76, 152)====
Is IST_0 spanning? : True
Is IST_1 spanning? : True
Is IST_2 spanning? : True
Is IST_3 spanning? : True
Is IST_4 spanning? : True
Is IST_5 spanning? : True
Are all ISTs independent? : True

====TEST CR(488, 76, 152)====
Is IST_0 spanning? : True
Is IST_1 spanning? : True
Is IST_2 spanning? : True
Is IST_3 spanning? : True
Is IST_4 spanning? : True
Is IST_5 spanning? : True
Are all ISTs independent? : True

====TEST CR(489, 76, 152)====
Is IST_0 spanning? : True
Is IST_1 spanning? : True
Is IST_2 spanning? : True
Is IST_3 spanning? : True
Is IST_4 spanning? : True
Is IST_5 spanning? : True
Are all ISTs independent? : True

====TEST CR(490, 76, 152)====
Is IST_0 spanning? : True
Is IST_1 spanning? : True
Is IST_2 spanning? : True
Is IST_3 spanning? : True
Is IST_4 spanning? : True
Is IST_5 spanning? : True
Are all ISTs independent? : True

====TEST CR(491, 76, 152)====
Is IST_0 spanning? : True
Is IST_1 spanning? : True
Is IST_2 spanning? : True
Is IST_3 spanning? : True
Is IST_4 spanning? : True
Is IST_5 spanning? : True
Are all ISTs independent? : True

====TEST CR(492, 76, 152)====
Is IST_0 spanning? : True
Is IST_1 spanning? : True
Is IST_2 spanning? : True
Is IST_3 spanning? : True
Is IST_4 spanning? : True
Is IST_5 spanning? : True
Are all ISTs independent? : True

====TEST CR(493, 76, 152)====
Is IST_0 spanning? : True
Is IST_1 spanning? : True
Is IST_2 spanning? : True
Is IST_3 spanning? : True
Is IST_4 spanning? : True
Is IST_5 spanning? : True
Are all ISTs independent? : True

====TEST CR(494, 76, 152)====
Is IST_0 spanning? : True
Is IST_1 spanning? : True
Is IST_2 spanning? : True
Is IST_3 spanning? : True
Is IST_4 spanning? : True
Is IST_5 spanning? : True
Are all ISTs independent? : True

====TEST CR(495, 76, 152)====
Is IST_0 spanning? : True
Is IST_1 spanning? : True
Is IST_2 spanning? : True
Is IST_3 spanning? : True
Is IST_4 spanning? : True
Is IST_5 spanning? : True
Are all ISTs independent? : True

====TEST CR(496, 76, 152)====
Is IST_0 spanning? : True
Is IST_1 spanning? : True
Is IST_2 spanning? : True
Is IST_3 spanning? : True
Is IST_4 spanning? : True
Is IST_5 spanning? : True
Are all ISTs independent? : True

====TEST CR(497, 76, 152)====
Is IST_0 spanning? : True
Is IST_1 spanning? : True
Is IST_2 spanning? : True
Is IST_3 spanning? : True
Is IST_4 spanning? : True
Is IST_5 spanning? : True
Are all ISTs independent? : True

====TEST CR(498, 76, 152)====
Is IST_0 spanning? : True
Is IST_1 spanning? : True
Is IST_2 spanning? : True
Is IST_3 spanning? : True
Is IST_4 spanning? : True
Is IST_5 spanning? : True
Are all ISTs independent? : True

====TEST CR(499, 76, 152)====
Is IST_0 spanning? : True
Is IST_1 spanning? : True
Is IST_2 spanning? : True
Is IST_3 spanning? : True
Is IST_4 spanning? : True
Is IST_5 spanning? : True
Are all ISTs independent? : True

====TEST CR(500, 76, 152)====
Is IST_0 spanning? : True
Is IST_1 spanning? : True
Is IST_2 spanning? : True
Is IST_3 spanning? : True
Is IST_4 spanning? : True
Is IST_5 spanning? : True
Are all ISTs independent? : True

====TEST CR(501, 76, 152)====
Is IST_0 spanning? : True
Is IST_1 spanning? : True
Is IST_2 spanning? : True
Is IST_3 spanning? : True
Is IST_4 spanning? : True
Is IST_5 spanning? : True
Are all ISTs independent? : True

====TEST CR(502, 76, 152)====
Is IST_0 spanning? : True
Is IST_1 spanning? : True
Is IST_2 spanning? : True
Is IST_3 spanning? : True
Is IST_4 spanning? : True
Is IST_5 spanning? : True
Are all ISTs independent? : True

====TEST CR(503, 76, 152)====
Is IST_0 spanning? : True
Is IST_1 spanning? : True
Is IST_2 spanning? : True
Is IST_3 spanning? : True
Is IST_4 spanning? : True
Is IST_5 spanning? : True
Are all ISTs independent? : True

====TEST CR(504, 76, 152)====
Is IST_0 spanning? : True
Is IST_1 spanning? : True
Is IST_2 spanning? : True
Is IST_3 spanning? : True
Is IST_4 spanning? : True
Is IST_5 spanning? : True
Are all ISTs independent? : True

====TEST CR(505, 76, 152)====
Is IST_0 spanning? : True
Is IST_1 spanning? : True
Is IST_2 spanning? : True
Is IST_3 spanning? : True
Is IST_4 spanning? : True
Is IST_5 spanning? : True
Are all ISTs independent? : True

====TEST CR(506, 76, 152)====
Is IST_0 spanning? : True
Is IST_1 spanning? : True
Is IST_2 spanning? : True
Is IST_3 spanning? : True
Is IST_4 spanning? : True
Is IST_5 spanning? : True
Are all ISTs independent? : True

====TEST CR(507, 76, 152)====
Is IST_0 spanning? : True
Is IST_1 spanning? : True
Is IST_2 spanning? : True
Is IST_3 spanning? : True
Is IST_4 spanning? : True
Is IST_5 spanning? : True
Are all ISTs independent? : True

====TEST CR(508, 76, 152)====
Is IST_0 spanning? : True
Is IST_1 spanning? : True
Is IST_2 spanning? : True
Is IST_3 spanning? : True
Is IST_4 spanning? : True
Is IST_5 spanning? : True
Are all ISTs independent? : True

====TEST CR(509, 76, 152)====
Is IST_0 spanning? : True
Is IST_1 spanning? : True
Is IST_2 spanning? : True
Is IST_3 spanning? : True
Is IST_4 spanning? : True
Is IST_5 spanning? : True
Are all ISTs independent? : True

====TEST CR(510, 76, 152)====
Is IST_0 spanning? : True
Is IST_1 spanning? : True
Is IST_2 spanning? : True
Is IST_3 spanning? : True
Is IST_4 spanning? : True
Is IST_5 spanning? : True
Are all ISTs independent? : True

====TEST CR(511, 76, 152)====
Is IST_0 spanning? : True
Is IST_1 spanning? : True
Is IST_2 spanning? : True
Is IST_3 spanning? : True
Is IST_4 spanning? : True
Is IST_5 spanning? : True
Are all ISTs independent? : True

====TEST CR(512, 76, 152)====
Is IST_0 spanning? : True
Is IST_1 spanning? : True
Is IST_2 spanning? : True
Is IST_3 spanning? : True
Is IST_4 spanning? : True
Is IST_5 spanning? : True
Are all ISTs independent? : True

====TEST CR(513, 76, 152)====
Is IST_0 spanning? : True
Is IST_1 spanning? : True
Is IST_2 spanning? : True
Is IST_3 spanning? : True
Is IST_4 spanning? : True
Is IST_5 spanning? : True
Are all ISTs independent? : True

====TEST CR(514, 76, 152)====
Is IST_0 spanning? : True
Is IST_1 spanning? : True
Is IST_2 spanning? : True
Is IST_3 spanning? : True
Is IST_4 spanning? : True
Is IST_5 spanning? : True
Are all ISTs independent? : True

====TEST CR(515, 76, 152)====
Is IST_0 spanning? : True
Is IST_1 spanning? : True
Is IST_2 spanning? : True
Is IST_3 spanning? : True
Is IST_4 spanning? : True
Is IST_5 spanning? : True
Are all ISTs independent? : True

====TEST CR(516, 76, 152)====
Is IST_0 spanning? : True
Is IST_1 spanning? : True
Is IST_2 spanning? : True
Is IST_3 spanning? : True
Is IST_4 spanning? : True
Is IST_5 spanning? : True
Are all ISTs independent? : True

====TEST CR(517, 76, 152)====
Is IST_0 spanning? : True
Is IST_1 spanning? : True
Is IST_2 spanning? : True
Is IST_3 spanning? : True
Is IST_4 spanning? : True
Is IST_5 spanning? : True
Are all ISTs independent? : True

====TEST CR(518, 76, 152)====
Is IST_0 spanning? : True
Is IST_1 spanning? : True
Is IST_2 spanning? : True
Is IST_3 spanning? : True
Is IST_4 spanning? : True
Is IST_5 spanning? : True
Are all ISTs independent? : True

====TEST CR(519, 76, 152)====
Is IST_0 spanning? : True
Is IST_1 spanning? : True
Is IST_2 spanning? : True
Is IST_3 spanning? : True
Is IST_4 spanning? : True
Is IST_5 spanning? : True
Are all ISTs independent? : True

====TEST CR(520, 76, 152)====
Is IST_0 spanning? : True
Is IST_1 spanning? : True
Is IST_2 spanning? : True
Is IST_3 spanning? : True
Is IST_4 spanning? : True
Is IST_5 spanning? : True
Are all ISTs independent? : True

====TEST CR(521, 76, 152)====
Is IST_0 spanning? : True
Is IST_1 spanning? : True
Is IST_2 spanning? : True
Is IST_3 spanning? : True
Is IST_4 spanning? : True
Is IST_5 spanning? : True
Are all ISTs independent? : True

====TEST CR(522, 76, 152)====
Is IST_0 spanning? : True
Is IST_1 spanning? : True
Is IST_2 spanning? : True
Is IST_3 spanning? : True
Is IST_4 spanning? : True
Is IST_5 spanning? : True
Are all ISTs independent? : True

====TEST CR(523, 76, 152)====
Is IST_0 spanning? : True
Is IST_1 spanning? : True
Is IST_2 spanning? : True
Is IST_3 spanning? : True
Is IST_4 spanning? : True
Is IST_5 spanning? : True
Are all ISTs independent? : True

====TEST CR(524, 76, 152)====
Is IST_0 spanning? : True
Is IST_1 spanning? : True
Is IST_2 spanning? : True
Is IST_3 spanning? : True
Is IST_4 spanning? : True
Is IST_5 spanning? : True
Are all ISTs independent? : True

====TEST CR(525, 76, 152)====
Is IST_0 spanning? : True
Is IST_1 spanning? : True
Is IST_2 spanning? : True
Is IST_3 spanning? : True
Is IST_4 spanning? : True
Is IST_5 spanning? : True
Are all ISTs independent? : True

====TEST CR(526, 76, 152)====
Is IST_0 spanning? : True
Is IST_1 spanning? : True
Is IST_2 spanning? : True
Is IST_3 spanning? : True
Is IST_4 spanning? : True
Is IST_5 spanning? : True
Are all ISTs independent? : True

====TEST CR(527, 76, 152)====
Is IST_0 spanning? : True
Is IST_1 spanning? : True
Is IST_2 spanning? : True
Is IST_3 spanning? : True
Is IST_4 spanning? : True
Is IST_5 spanning? : True
Are all ISTs independent? : True

====TEST CR(528, 76, 152)====
Is IST_0 spanning? : True
Is IST_1 spanning? : True
Is IST_2 spanning? : True
Is IST_3 spanning? : True
Is IST_4 spanning? : True
Is IST_5 spanning? : True
Are all ISTs independent? : True

====TEST CR(529, 76, 152)====
Is IST_0 spanning? : True
Is IST_1 spanning? : True
Is IST_2 spanning? : True
Is IST_3 spanning? : True
Is IST_4 spanning? : True
Is IST_5 spanning? : True
Are all ISTs independent? : True

====TEST CR(530, 76, 152)====
Is IST_0 spanning? : True
Is IST_1 spanning? : True
Is IST_2 spanning? : True
Is IST_3 spanning? : True
Is IST_4 spanning? : True
Is IST_5 spanning? : True
Are all ISTs independent? : True

====TEST CR(531, 76, 152)====
Is IST_0 spanning? : True
Is IST_1 spanning? : True
Is IST_2 spanning? : True
Is IST_3 spanning? : True
Is IST_4 spanning? : True
Is IST_5 spanning? : True
Are all ISTs independent? : True

====TEST CR(532, 76, 152)====
Is IST_0 spanning? : True
Is IST_1 spanning? : True
Is IST_2 spanning? : True
Is IST_3 spanning? : True
Is IST_4 spanning? : True
Is IST_5 spanning? : True
Are all ISTs independent? : True

====TEST CR(533, 76, 152)====
Is IST_0 spanning? : True
Is IST_1 spanning? : True
Is IST_2 spanning? : True
Is IST_3 spanning? : True
Is IST_4 spanning? : True
Is IST_5 spanning? : True
Are all ISTs independent? : True

====TEST CR(534, 76, 152)====
Is IST_0 spanning? : True
Is IST_1 spanning? : True
Is IST_2 spanning? : True
Is IST_3 spanning? : True
Is IST_4 spanning? : True
Is IST_5 spanning? : True
Are all ISTs independent? : True

====TEST CR(535, 76, 152)====
Is IST_0 spanning? : True
Is IST_1 spanning? : True
Is IST_2 spanning? : True
Is IST_3 spanning? : True
Is IST_4 spanning? : True
Is IST_5 spanning? : True
Are all ISTs independent? : True

====TEST CR(536, 76, 152)====
Is IST_0 spanning? : True
Is IST_1 spanning? : True
Is IST_2 spanning? : True
Is IST_3 spanning? : True
Is IST_4 spanning? : True
Is IST_5 spanning? : True
Are all ISTs independent? : True

====TEST CR(537, 76, 152)====
Is IST_0 spanning? : True
Is IST_1 spanning? : True
Is IST_2 spanning? : True
Is IST_3 spanning? : True
Is IST_4 spanning? : True
Is IST_5 spanning? : True
Are all ISTs independent? : True

====TEST CR(538, 76, 152)====
Is IST_0 spanning? : True
Is IST_1 spanning? : True
Is IST_2 spanning? : True
Is IST_3 spanning? : True
Is IST_4 spanning? : True
Is IST_5 spanning? : True
Are all ISTs independent? : True

====TEST CR(539, 76, 152)====
Is IST_0 spanning? : True
Is IST_1 spanning? : True
Is IST_2 spanning? : True
Is IST_3 spanning? : True
Is IST_4 spanning? : True
Is IST_5 spanning? : True
Are all ISTs independent? : True

====TEST CR(540, 76, 152)====
Is IST_0 spanning? : True
Is IST_1 spanning? : True
Is IST_2 spanning? : True
Is IST_3 spanning? : True
Is IST_4 spanning? : True
Is IST_5 spanning? : True
Are all ISTs independent? : True

====TEST CR(541, 76, 152)====
Is IST_0 spanning? : True
Is IST_1 spanning? : True
Is IST_2 spanning? : True
Is IST_3 spanning? : True
Is IST_4 spanning? : True
Is IST_5 spanning? : True
Are all ISTs independent? : True

====TEST CR(542, 76, 152)====
Is IST_0 spanning? : True
Is IST_1 spanning? : True
Is IST_2 spanning? : True
Is IST_3 spanning? : True
Is IST_4 spanning? : True
Is IST_5 spanning? : True
Are all ISTs independent? : True

====TEST CR(543, 76, 152)====
Is IST_0 spanning? : True
Is IST_1 spanning? : True
Is IST_2 spanning? : True
Is IST_3 spanning? : True
Is IST_4 spanning? : True
Is IST_5 spanning? : True
Are all ISTs independent? : True

====TEST CR(544, 76, 152)====
Is IST_0 spanning? : True
Is IST_1 spanning? : True
Is IST_2 spanning? : True
Is IST_3 spanning? : True
Is IST_4 spanning? : True
Is IST_5 spanning? : True
Are all ISTs independent? : True

====TEST CR(545, 76, 152)====
Is IST_0 spanning? : True
Is IST_1 spanning? : True
Is IST_2 spanning? : True
Is IST_3 spanning? : True
Is IST_4 spanning? : True
Is IST_5 spanning? : True
Are all ISTs independent? : True

====TEST CR(546, 76, 152)====
Is IST_0 spanning? : True
Is IST_1 spanning? : True
Is IST_2 spanning? : True
Is IST_3 spanning? : True
Is IST_4 spanning? : True
Is IST_5 spanning? : True
Are all ISTs independent? : True

====TEST CR(547, 76, 152)====
Is IST_0 spanning? : True
Is IST_1 spanning? : True
Is IST_2 spanning? : True
Is IST_3 spanning? : True
Is IST_4 spanning? : True
Is IST_5 spanning? : True
Are all ISTs independent? : True

====TEST CR(548, 76, 152)====
Is IST_0 spanning? : True
Is IST_1 spanning? : True
Is IST_2 spanning? : True
Is IST_3 spanning? : True
Is IST_4 spanning? : True
Is IST_5 spanning? : True
Are all ISTs independent? : True

====TEST CR(549, 76, 152)====
Is IST_0 spanning? : True
Is IST_1 spanning? : True
Is IST_2 spanning? : True
Is IST_3 spanning? : True
Is IST_4 spanning? : True
Is IST_5 spanning? : True
Are all ISTs independent? : True

====TEST CR(550, 76, 152)====
Is IST_0 spanning? : True
Is IST_1 spanning? : True
Is IST_2 spanning? : True
Is IST_3 spanning? : True
Is IST_4 spanning? : True
Is IST_5 spanning? : True
Are all ISTs independent? : True

====TEST CR(551, 76, 152)====
Is IST_0 spanning? : True
Is IST_1 spanning? : True
Is IST_2 spanning? : True
Is IST_3 spanning? : True
Is IST_4 spanning? : True
Is IST_5 spanning? : True
Are all ISTs independent? : True

====TEST CR(552, 76, 152)====
Is IST_0 spanning? : True
Is IST_1 spanning? : True
Is IST_2 spanning? : True
Is IST_3 spanning? : True
Is IST_4 spanning? : True
Is IST_5 spanning? : True
Are all ISTs independent? : True

====TEST CR(553, 76, 152)====
Is IST_0 spanning? : True
Is IST_1 spanning? : True
Is IST_2 spanning? : True
Is IST_3 spanning? : True
Is IST_4 spanning? : True
Is IST_5 spanning? : True
Are all ISTs independent? : True

====TEST CR(554, 76, 152)====
Is IST_0 spanning? : True
Is IST_1 spanning? : True
Is IST_2 spanning? : True
Is IST_3 spanning? : True
Is IST_4 spanning? : True
Is IST_5 spanning? : True
Are all ISTs independent? : True

====TEST CR(555, 76, 152)====
Is IST_0 spanning? : True
Is IST_1 spanning? : True
Is IST_2 spanning? : True
Is IST_3 spanning? : True
Is IST_4 spanning? : True
Is IST_5 spanning? : True
Are all ISTs independent? : True

====TEST CR(556, 76, 152)====
Is IST_0 spanning? : True
Is IST_1 spanning? : True
Is IST_2 spanning? : True
Is IST_3 spanning? : True
Is IST_4 spanning? : True
Is IST_5 spanning? : True
Are all ISTs independent? : True

====TEST CR(557, 76, 152)====
Is IST_0 spanning? : True
Is IST_1 spanning? : True
Is IST_2 spanning? : True
Is IST_3 spanning? : True
Is IST_4 spanning? : True
Is IST_5 spanning? : True
Are all ISTs independent? : True

====TEST CR(558, 76, 152)====
Is IST_0 spanning? : True
Is IST_1 spanning? : True
Is IST_2 spanning? : True
Is IST_3 spanning? : True
Is IST_4 spanning? : True
Is IST_5 spanning? : True
Are all ISTs independent? : True

====TEST CR(559, 76, 152)====
Is IST_0 spanning? : True
Is IST_1 spanning? : True
Is IST_2 spanning? : True
Is IST_3 spanning? : True
Is IST_4 spanning? : True
Is IST_5 spanning? : True
Are all ISTs independent? : True

====TEST CR(560, 76, 152)====
Is IST_0 spanning? : True
Is IST_1 spanning? : True
Is IST_2 spanning? : True
Is IST_3 spanning? : True
Is IST_4 spanning? : True
Is IST_5 spanning? : True
Are all ISTs independent? : True

====TEST CR(561, 76, 152)====
Is IST_0 spanning? : True
Is IST_1 spanning? : True
Is IST_2 spanning? : True
Is IST_3 spanning? : True
Is IST_4 spanning? : True
Is IST_5 spanning? : True
Are all ISTs independent? : True

====TEST CR(562, 76, 152)====
Is IST_0 spanning? : True
Is IST_1 spanning? : True
Is IST_2 spanning? : True
Is IST_3 spanning? : True
Is IST_4 spanning? : True
Is IST_5 spanning? : True
Are all ISTs independent? : True

====TEST CR(563, 76, 152)====
Is IST_0 spanning? : True
Is IST_1 spanning? : True
Is IST_2 spanning? : True
Is IST_3 spanning? : True
Is IST_4 spanning? : True
Is IST_5 spanning? : True
Are all ISTs independent? : True

====TEST CR(564, 76, 152)====
Is IST_0 spanning? : True
Is IST_1 spanning? : True
Is IST_2 spanning? : True
Is IST_3 spanning? : True
Is IST_4 spanning? : True
Is IST_5 spanning? : True
Are all ISTs independent? : True

====TEST CR(565, 76, 152)====
Is IST_0 spanning? : True
Is IST_1 spanning? : True
Is IST_2 spanning? : True
Is IST_3 spanning? : True
Is IST_4 spanning? : True
Is IST_5 spanning? : True
Are all ISTs independent? : True

====TEST CR(566, 76, 152)====
Is IST_0 spanning? : True
Is IST_1 spanning? : True
Is IST_2 spanning? : True
Is IST_3 spanning? : True
Is IST_4 spanning? : True
Is IST_5 spanning? : True
Are all ISTs independent? : True

====TEST CR(567, 76, 152)====
Is IST_0 spanning? : True
Is IST_1 spanning? : True
Is IST_2 spanning? : True
Is IST_3 spanning? : True
Is IST_4 spanning? : True
Is IST_5 spanning? : True
Are all ISTs independent? : True

====TEST CR(568, 76, 152)====
Is IST_0 spanning? : True
Is IST_1 spanning? : True
Is IST_2 spanning? : True
Is IST_3 spanning? : True
Is IST_4 spanning? : True
Is IST_5 spanning? : True
Are all ISTs independent? : True

====TEST CR(569, 76, 152)====
Is IST_0 spanning? : True
Is IST_1 spanning? : True
Is IST_2 spanning? : True
Is IST_3 spanning? : True
Is IST_4 spanning? : True
Is IST_5 spanning? : True
Are all ISTs independent? : True

====TEST CR(570, 76, 152)====
Is IST_0 spanning? : True
Is IST_1 spanning? : True
Is IST_2 spanning? : True
Is IST_3 spanning? : True
Is IST_4 spanning? : True
Is IST_5 spanning? : True
Are all ISTs independent? : True

====TEST CR(571, 76, 152)====
Is IST_0 spanning? : True
Is IST_1 spanning? : True
Is IST_2 spanning? : True
Is IST_3 spanning? : True
Is IST_4 spanning? : True
Is IST_5 spanning? : True
Are all ISTs independent? : True

====TEST CR(572, 76, 152)====
Is IST_0 spanning? : True
Is IST_1 spanning? : True
Is IST_2 spanning? : True
Is IST_3 spanning? : True
Is IST_4 spanning? : True
Is IST_5 spanning? : True
Are all ISTs independent? : True

====TEST CR(573, 76, 152)====
Is IST_0 spanning? : True
Is IST_1 spanning? : True
Is IST_2 spanning? : True
Is IST_3 spanning? : True
Is IST_4 spanning? : True
Is IST_5 spanning? : True
Are all ISTs independent? : True

====TEST CR(574, 76, 152)====
Is IST_0 spanning? : True
Is IST_1 spanning? : True
Is IST_2 spanning? : True
Is IST_3 spanning? : True
Is IST_4 spanning? : True
Is IST_5 spanning? : True
Are all ISTs independent? : True

====TEST CR(575, 76, 152)====
Is IST_0 spanning? : True
Is IST_1 spanning? : True
Is IST_2 spanning? : True
Is IST_3 spanning? : True
Is IST_4 spanning? : True
Is IST_5 spanning? : True
Are all ISTs independent? : True

====TEST CR(576, 76, 152)====
Is IST_0 spanning? : True
Is IST_1 spanning? : True
Is IST_2 spanning? : True
Is IST_3 spanning? : True
Is IST_4 spanning? : True
Is IST_5 spanning? : True
Are all ISTs independent? : True

====TEST CR(577, 76, 152)====
Is IST_0 spanning? : True
Is IST_1 spanning? : True
Is IST_2 spanning? : True
Is IST_3 spanning? : True
Is IST_4 spanning? : True
Is IST_5 spanning? : True
Are all ISTs independent? : True

====TEST CR(578, 76, 152)====
Is IST_0 spanning? : True
Is IST_1 spanning? : True
Is IST_2 spanning? : True
Is IST_3 spanning? : True
Is IST_4 spanning? : True
Is IST_5 spanning? : True
Are all ISTs independent? : True

====TEST CR(579, 76, 152)====
Is IST_0 spanning? : True
Is IST_1 spanning? : True
Is IST_2 spanning? : True
Is IST_3 spanning? : True
Is IST_4 spanning? : True
Is IST_5 spanning? : True
Are all ISTs independent? : True

====TEST CR(580, 76, 152)====
Is IST_0 spanning? : True
Is IST_1 spanning? : True
Is IST_2 spanning? : True
Is IST_3 spanning? : True
Is IST_4 spanning? : True
Is IST_5 spanning? : True
Are all ISTs independent? : True

====TEST CR(581, 76, 152)====
Is IST_0 spanning? : True
Is IST_1 spanning? : True
Is IST_2 spanning? : True
Is IST_3 spanning? : True
Is IST_4 spanning? : True
Is IST_5 spanning? : True
Are all ISTs independent? : True

====TEST CR(582, 76, 152)====
Is IST_0 spanning? : True
Is IST_1 spanning? : True
Is IST_2 spanning? : True
Is IST_3 spanning? : True
Is IST_4 spanning? : True
Is IST_5 spanning? : True
Are all ISTs independent? : True

====TEST CR(583, 76, 152)====
Is IST_0 spanning? : True
Is IST_1 spanning? : True
Is IST_2 spanning? : True
Is IST_3 spanning? : True
Is IST_4 spanning? : True
Is IST_5 spanning? : True
Are all ISTs independent? : True

====TEST CR(584, 76, 152)====
Is IST_0 spanning? : True
Is IST_1 spanning? : True
Is IST_2 spanning? : True
Is IST_3 spanning? : True
Is IST_4 spanning? : True
Is IST_5 spanning? : True
Are all ISTs independent? : True

====TEST CR(462, 77, 154)====
Is IST_0 spanning? : True
Is IST_1 spanning? : True
Is IST_2 spanning? : True
Is IST_3 spanning? : True
Is IST_4 spanning? : True
Is IST_5 spanning? : True
Are all ISTs independent? : True

====TEST CR(463, 77, 154)====
Is IST_0 spanning? : True
Is IST_1 spanning? : True
Is IST_2 spanning? : True
Is IST_3 spanning? : True
Is IST_4 spanning? : True
Is IST_5 spanning? : True
Are all ISTs independent? : True

====TEST CR(464, 77, 154)====
Is IST_0 spanning? : True
Is IST_1 spanning? : True
Is IST_2 spanning? : True
Is IST_3 spanning? : True
Is IST_4 spanning? : True
Is IST_5 spanning? : True
Are all ISTs independent? : True

====TEST CR(465, 77, 154)====
Is IST_0 spanning? : True
Is IST_1 spanning? : True
Is IST_2 spanning? : True
Is IST_3 spanning? : True
Is IST_4 spanning? : True
Is IST_5 spanning? : True
Are all ISTs independent? : True

====TEST CR(466, 77, 154)====
Is IST_0 spanning? : True
Is IST_1 spanning? : True
Is IST_2 spanning? : True
Is IST_3 spanning? : True
Is IST_4 spanning? : True
Is IST_5 spanning? : True
Are all ISTs independent? : True

====TEST CR(467, 77, 154)====
Is IST_0 spanning? : True
Is IST_1 spanning? : True
Is IST_2 spanning? : True
Is IST_3 spanning? : True
Is IST_4 spanning? : True
Is IST_5 spanning? : True
Are all ISTs independent? : True

====TEST CR(468, 77, 154)====
Is IST_0 spanning? : True
Is IST_1 spanning? : True
Is IST_2 spanning? : True
Is IST_3 spanning? : True
Is IST_4 spanning? : True
Is IST_5 spanning? : True
Are all ISTs independent? : True

====TEST CR(469, 77, 154)====
Is IST_0 spanning? : True
Is IST_1 spanning? : True
Is IST_2 spanning? : True
Is IST_3 spanning? : True
Is IST_4 spanning? : True
Is IST_5 spanning? : True
Are all ISTs independent? : True

====TEST CR(470, 77, 154)====
Is IST_0 spanning? : True
Is IST_1 spanning? : True
Is IST_2 spanning? : True
Is IST_3 spanning? : True
Is IST_4 spanning? : True
Is IST_5 spanning? : True
Are all ISTs independent? : True

====TEST CR(471, 77, 154)====
Is IST_0 spanning? : True
Is IST_1 spanning? : True
Is IST_2 spanning? : True
Is IST_3 spanning? : True
Is IST_4 spanning? : True
Is IST_5 spanning? : True
Are all ISTs independent? : True

====TEST CR(472, 77, 154)====
Is IST_0 spanning? : True
Is IST_1 spanning? : True
Is IST_2 spanning? : True
Is IST_3 spanning? : True
Is IST_4 spanning? : True
Is IST_5 spanning? : True
Are all ISTs independent? : True

====TEST CR(473, 77, 154)====
Is IST_0 spanning? : True
Is IST_1 spanning? : True
Is IST_2 spanning? : True
Is IST_3 spanning? : True
Is IST_4 spanning? : True
Is IST_5 spanning? : True
Are all ISTs independent? : True

====TEST CR(474, 77, 154)====
Is IST_0 spanning? : True
Is IST_1 spanning? : True
Is IST_2 spanning? : True
Is IST_3 spanning? : True
Is IST_4 spanning? : True
Is IST_5 spanning? : True
Are all ISTs independent? : True

====TEST CR(475, 77, 154)====
Is IST_0 spanning? : True
Is IST_1 spanning? : True
Is IST_2 spanning? : True
Is IST_3 spanning? : True
Is IST_4 spanning? : True
Is IST_5 spanning? : True
Are all ISTs independent? : True

====TEST CR(476, 77, 154)====
Is IST_0 spanning? : True
Is IST_1 spanning? : True
Is IST_2 spanning? : True
Is IST_3 spanning? : True
Is IST_4 spanning? : True
Is IST_5 spanning? : True
Are all ISTs independent? : True

====TEST CR(477, 77, 154)====
Is IST_0 spanning? : True
Is IST_1 spanning? : True
Is IST_2 spanning? : True
Is IST_3 spanning? : True
Is IST_4 spanning? : True
Is IST_5 spanning? : True
Are all ISTs independent? : True

====TEST CR(478, 77, 154)====
Is IST_0 spanning? : True
Is IST_1 spanning? : True
Is IST_2 spanning? : True
Is IST_3 spanning? : True
Is IST_4 spanning? : True
Is IST_5 spanning? : True
Are all ISTs independent? : True

====TEST CR(479, 77, 154)====
Is IST_0 spanning? : True
Is IST_1 spanning? : True
Is IST_2 spanning? : True
Is IST_3 spanning? : True
Is IST_4 spanning? : True
Is IST_5 spanning? : True
Are all ISTs independent? : True

====TEST CR(480, 77, 154)====
Is IST_0 spanning? : True
Is IST_1 spanning? : True
Is IST_2 spanning? : True
Is IST_3 spanning? : True
Is IST_4 spanning? : True
Is IST_5 spanning? : True
Are all ISTs independent? : True

====TEST CR(481, 77, 154)====
Is IST_0 spanning? : True
Is IST_1 spanning? : True
Is IST_2 spanning? : True
Is IST_3 spanning? : True
Is IST_4 spanning? : True
Is IST_5 spanning? : True
Are all ISTs independent? : True

====TEST CR(482, 77, 154)====
Is IST_0 spanning? : True
Is IST_1 spanning? : True
Is IST_2 spanning? : True
Is IST_3 spanning? : True
Is IST_4 spanning? : True
Is IST_5 spanning? : True
Are all ISTs independent? : True

====TEST CR(483, 77, 154)====
Is IST_0 spanning? : True
Is IST_1 spanning? : True
Is IST_2 spanning? : True
Is IST_3 spanning? : True
Is IST_4 spanning? : True
Is IST_5 spanning? : True
Are all ISTs independent? : True

====TEST CR(484, 77, 154)====
Is IST_0 spanning? : True
Is IST_1 spanning? : True
Is IST_2 spanning? : True
Is IST_3 spanning? : True
Is IST_4 spanning? : True
Is IST_5 spanning? : True
Are all ISTs independent? : True

====TEST CR(485, 77, 154)====
Is IST_0 spanning? : True
Is IST_1 spanning? : True
Is IST_2 spanning? : True
Is IST_3 spanning? : True
Is IST_4 spanning? : True
Is IST_5 spanning? : True
Are all ISTs independent? : True

====TEST CR(486, 77, 154)====
Is IST_0 spanning? : True
Is IST_1 spanning? : True
Is IST_2 spanning? : True
Is IST_3 spanning? : True
Is IST_4 spanning? : True
Is IST_5 spanning? : True
Are all ISTs independent? : True

====TEST CR(487, 77, 154)====
Is IST_0 spanning? : True
Is IST_1 spanning? : True
Is IST_2 spanning? : True
Is IST_3 spanning? : True
Is IST_4 spanning? : True
Is IST_5 spanning? : True
Are all ISTs independent? : True

====TEST CR(488, 77, 154)====
Is IST_0 spanning? : True
Is IST_1 spanning? : True
Is IST_2 spanning? : True
Is IST_3 spanning? : True
Is IST_4 spanning? : True
Is IST_5 spanning? : True
Are all ISTs independent? : True

====TEST CR(489, 77, 154)====
Is IST_0 spanning? : True
Is IST_1 spanning? : True
Is IST_2 spanning? : True
Is IST_3 spanning? : True
Is IST_4 spanning? : True
Is IST_5 spanning? : True
Are all ISTs independent? : True

====TEST CR(490, 77, 154)====
Is IST_0 spanning? : True
Is IST_1 spanning? : True
Is IST_2 spanning? : True
Is IST_3 spanning? : True
Is IST_4 spanning? : True
Is IST_5 spanning? : True
Are all ISTs independent? : True

====TEST CR(491, 77, 154)====
Is IST_0 spanning? : True
Is IST_1 spanning? : True
Is IST_2 spanning? : True
Is IST_3 spanning? : True
Is IST_4 spanning? : True
Is IST_5 spanning? : True
Are all ISTs independent? : True

====TEST CR(492, 77, 154)====
Is IST_0 spanning? : True
Is IST_1 spanning? : True
Is IST_2 spanning? : True
Is IST_3 spanning? : True
Is IST_4 spanning? : True
Is IST_5 spanning? : True
Are all ISTs independent? : True

====TEST CR(493, 77, 154)====
Is IST_0 spanning? : True
Is IST_1 spanning? : True
Is IST_2 spanning? : True
Is IST_3 spanning? : True
Is IST_4 spanning? : True
Is IST_5 spanning? : True
Are all ISTs independent? : True

====TEST CR(494, 77, 154)====
Is IST_0 spanning? : True
Is IST_1 spanning? : True
Is IST_2 spanning? : True
Is IST_3 spanning? : True
Is IST_4 spanning? : True
Is IST_5 spanning? : True
Are all ISTs independent? : True

====TEST CR(495, 77, 154)====
Is IST_0 spanning? : True
Is IST_1 spanning? : True
Is IST_2 spanning? : True
Is IST_3 spanning? : True
Is IST_4 spanning? : True
Is IST_5 spanning? : True
Are all ISTs independent? : True

====TEST CR(496, 77, 154)====
Is IST_0 spanning? : True
Is IST_1 spanning? : True
Is IST_2 spanning? : True
Is IST_3 spanning? : True
Is IST_4 spanning? : True
Is IST_5 spanning? : True
Are all ISTs independent? : True

====TEST CR(497, 77, 154)====
Is IST_0 spanning? : True
Is IST_1 spanning? : True
Is IST_2 spanning? : True
Is IST_3 spanning? : True
Is IST_4 spanning? : True
Is IST_5 spanning? : True
Are all ISTs independent? : True

====TEST CR(498, 77, 154)====
Is IST_0 spanning? : True
Is IST_1 spanning? : True
Is IST_2 spanning? : True
Is IST_3 spanning? : True
Is IST_4 spanning? : True
Is IST_5 spanning? : True
Are all ISTs independent? : True

====TEST CR(499, 77, 154)====
Is IST_0 spanning? : True
Is IST_1 spanning? : True
Is IST_2 spanning? : True
Is IST_3 spanning? : True
Is IST_4 spanning? : True
Is IST_5 spanning? : True
Are all ISTs independent? : True

====TEST CR(500, 77, 154)====
Is IST_0 spanning? : True
Is IST_1 spanning? : True
Is IST_2 spanning? : True
Is IST_3 spanning? : True
Is IST_4 spanning? : True
Is IST_5 spanning? : True
Are all ISTs independent? : True

====TEST CR(501, 77, 154)====
Is IST_0 spanning? : True
Is IST_1 spanning? : True
Is IST_2 spanning? : True
Is IST_3 spanning? : True
Is IST_4 spanning? : True
Is IST_5 spanning? : True
Are all ISTs independent? : True

====TEST CR(502, 77, 154)====
Is IST_0 spanning? : True
Is IST_1 spanning? : True
Is IST_2 spanning? : True
Is IST_3 spanning? : True
Is IST_4 spanning? : True
Is IST_5 spanning? : True
Are all ISTs independent? : True

====TEST CR(503, 77, 154)====
Is IST_0 spanning? : True
Is IST_1 spanning? : True
Is IST_2 spanning? : True
Is IST_3 spanning? : True
Is IST_4 spanning? : True
Is IST_5 spanning? : True
Are all ISTs independent? : True

====TEST CR(504, 77, 154)====
Is IST_0 spanning? : True
Is IST_1 spanning? : True
Is IST_2 spanning? : True
Is IST_3 spanning? : True
Is IST_4 spanning? : True
Is IST_5 spanning? : True
Are all ISTs independent? : True

====TEST CR(505, 77, 154)====
Is IST_0 spanning? : True
Is IST_1 spanning? : True
Is IST_2 spanning? : True
Is IST_3 spanning? : True
Is IST_4 spanning? : True
Is IST_5 spanning? : True
Are all ISTs independent? : True

====TEST CR(506, 77, 154)====
Is IST_0 spanning? : True
Is IST_1 spanning? : True
Is IST_2 spanning? : True
Is IST_3 spanning? : True
Is IST_4 spanning? : True
Is IST_5 spanning? : True
Are all ISTs independent? : True

====TEST CR(507, 77, 154)====
Is IST_0 spanning? : True
Is IST_1 spanning? : True
Is IST_2 spanning? : True
Is IST_3 spanning? : True
Is IST_4 spanning? : True
Is IST_5 spanning? : True
Are all ISTs independent? : True

====TEST CR(508, 77, 154)====
Is IST_0 spanning? : True
Is IST_1 spanning? : True
Is IST_2 spanning? : True
Is IST_3 spanning? : True
Is IST_4 spanning? : True
Is IST_5 spanning? : True
Are all ISTs independent? : True

====TEST CR(509, 77, 154)====
Is IST_0 spanning? : True
Is IST_1 spanning? : True
Is IST_2 spanning? : True
Is IST_3 spanning? : True
Is IST_4 spanning? : True
Is IST_5 spanning? : True
Are all ISTs independent? : True

====TEST CR(510, 77, 154)====
Is IST_0 spanning? : True
Is IST_1 spanning? : True
Is IST_2 spanning? : True
Is IST_3 spanning? : True
Is IST_4 spanning? : True
Is IST_5 spanning? : True
Are all ISTs independent? : True

====TEST CR(511, 77, 154)====
Is IST_0 spanning? : True
Is IST_1 spanning? : True
Is IST_2 spanning? : True
Is IST_3 spanning? : True
Is IST_4 spanning? : True
Is IST_5 spanning? : True
Are all ISTs independent? : True

====TEST CR(512, 77, 154)====
Is IST_0 spanning? : True
Is IST_1 spanning? : True
Is IST_2 spanning? : True
Is IST_3 spanning? : True
Is IST_4 spanning? : True
Is IST_5 spanning? : True
Are all ISTs independent? : True

====TEST CR(513, 77, 154)====
Is IST_0 spanning? : True
Is IST_1 spanning? : True
Is IST_2 spanning? : True
Is IST_3 spanning? : True
Is IST_4 spanning? : True
Is IST_5 spanning? : True
Are all ISTs independent? : True

====TEST CR(514, 77, 154)====
Is IST_0 spanning? : True
Is IST_1 spanning? : True
Is IST_2 spanning? : True
Is IST_3 spanning? : True
Is IST_4 spanning? : True
Is IST_5 spanning? : True
Are all ISTs independent? : True

====TEST CR(515, 77, 154)====
Is IST_0 spanning? : True
Is IST_1 spanning? : True
Is IST_2 spanning? : True
Is IST_3 spanning? : True
Is IST_4 spanning? : True
Is IST_5 spanning? : True
Are all ISTs independent? : True

====TEST CR(516, 77, 154)====
Is IST_0 spanning? : True
Is IST_1 spanning? : True
Is IST_2 spanning? : True
Is IST_3 spanning? : True
Is IST_4 spanning? : True
Is IST_5 spanning? : True
Are all ISTs independent? : True

====TEST CR(517, 77, 154)====
Is IST_0 spanning? : True
Is IST_1 spanning? : True
Is IST_2 spanning? : True
Is IST_3 spanning? : True
Is IST_4 spanning? : True
Is IST_5 spanning? : True
Are all ISTs independent? : True

====TEST CR(518, 77, 154)====
Is IST_0 spanning? : True
Is IST_1 spanning? : True
Is IST_2 spanning? : True
Is IST_3 spanning? : True
Is IST_4 spanning? : True
Is IST_5 spanning? : True
Are all ISTs independent? : True

====TEST CR(519, 77, 154)====
Is IST_0 spanning? : True
Is IST_1 spanning? : True
Is IST_2 spanning? : True
Is IST_3 spanning? : True
Is IST_4 spanning? : True
Is IST_5 spanning? : True
Are all ISTs independent? : True

====TEST CR(520, 77, 154)====
Is IST_0 spanning? : True
Is IST_1 spanning? : True
Is IST_2 spanning? : True
Is IST_3 spanning? : True
Is IST_4 spanning? : True
Is IST_5 spanning? : True
Are all ISTs independent? : True

====TEST CR(521, 77, 154)====
Is IST_0 spanning? : True
Is IST_1 spanning? : True
Is IST_2 spanning? : True
Is IST_3 spanning? : True
Is IST_4 spanning? : True
Is IST_5 spanning? : True
Are all ISTs independent? : True

====TEST CR(522, 77, 154)====
Is IST_0 spanning? : True
Is IST_1 spanning? : True
Is IST_2 spanning? : True
Is IST_3 spanning? : True
Is IST_4 spanning? : True
Is IST_5 spanning? : True
Are all ISTs independent? : True

====TEST CR(523, 77, 154)====
Is IST_0 spanning? : True
Is IST_1 spanning? : True
Is IST_2 spanning? : True
Is IST_3 spanning? : True
Is IST_4 spanning? : True
Is IST_5 spanning? : True
Are all ISTs independent? : True

====TEST CR(524, 77, 154)====
Is IST_0 spanning? : True
Is IST_1 spanning? : True
Is IST_2 spanning? : True
Is IST_3 spanning? : True
Is IST_4 spanning? : True
Is IST_5 spanning? : True
Are all ISTs independent? : True

====TEST CR(525, 77, 154)====
Is IST_0 spanning? : True
Is IST_1 spanning? : True
Is IST_2 spanning? : True
Is IST_3 spanning? : True
Is IST_4 spanning? : True
Is IST_5 spanning? : True
Are all ISTs independent? : True

====TEST CR(526, 77, 154)====
Is IST_0 spanning? : True
Is IST_1 spanning? : True
Is IST_2 spanning? : True
Is IST_3 spanning? : True
Is IST_4 spanning? : True
Is IST_5 spanning? : True
Are all ISTs independent? : True

====TEST CR(527, 77, 154)====
Is IST_0 spanning? : True
Is IST_1 spanning? : True
Is IST_2 spanning? : True
Is IST_3 spanning? : True
Is IST_4 spanning? : True
Is IST_5 spanning? : True
Are all ISTs independent? : True

====TEST CR(528, 77, 154)====
Is IST_0 spanning? : True
Is IST_1 spanning? : True
Is IST_2 spanning? : True
Is IST_3 spanning? : True
Is IST_4 spanning? : True
Is IST_5 spanning? : True
Are all ISTs independent? : True

====TEST CR(529, 77, 154)====
Is IST_0 spanning? : True
Is IST_1 spanning? : True
Is IST_2 spanning? : True
Is IST_3 spanning? : True
Is IST_4 spanning? : True
Is IST_5 spanning? : True
Are all ISTs independent? : True

====TEST CR(530, 77, 154)====
Is IST_0 spanning? : True
Is IST_1 spanning? : True
Is IST_2 spanning? : True
Is IST_3 spanning? : True
Is IST_4 spanning? : True
Is IST_5 spanning? : True
Are all ISTs independent? : True

====TEST CR(531, 77, 154)====
Is IST_0 spanning? : True
Is IST_1 spanning? : True
Is IST_2 spanning? : True
Is IST_3 spanning? : True
Is IST_4 spanning? : True
Is IST_5 spanning? : True
Are all ISTs independent? : True

====TEST CR(532, 77, 154)====
Is IST_0 spanning? : True
Is IST_1 spanning? : True
Is IST_2 spanning? : True
Is IST_3 spanning? : True
Is IST_4 spanning? : True
Is IST_5 spanning? : True
Are all ISTs independent? : True

====TEST CR(533, 77, 154)====
Is IST_0 spanning? : True
Is IST_1 spanning? : True
Is IST_2 spanning? : True
Is IST_3 spanning? : True
Is IST_4 spanning? : True
Is IST_5 spanning? : True
Are all ISTs independent? : True

====TEST CR(534, 77, 154)====
Is IST_0 spanning? : True
Is IST_1 spanning? : True
Is IST_2 spanning? : True
Is IST_3 spanning? : True
Is IST_4 spanning? : True
Is IST_5 spanning? : True
Are all ISTs independent? : True

====TEST CR(535, 77, 154)====
Is IST_0 spanning? : True
Is IST_1 spanning? : True
Is IST_2 spanning? : True
Is IST_3 spanning? : True
Is IST_4 spanning? : True
Is IST_5 spanning? : True
Are all ISTs independent? : True

====TEST CR(536, 77, 154)====
Is IST_0 spanning? : True
Is IST_1 spanning? : True
Is IST_2 spanning? : True
Is IST_3 spanning? : True
Is IST_4 spanning? : True
Is IST_5 spanning? : True
Are all ISTs independent? : True

====TEST CR(537, 77, 154)====
Is IST_0 spanning? : True
Is IST_1 spanning? : True
Is IST_2 spanning? : True
Is IST_3 spanning? : True
Is IST_4 spanning? : True
Is IST_5 spanning? : True
Are all ISTs independent? : True

====TEST CR(538, 77, 154)====
Is IST_0 spanning? : True
Is IST_1 spanning? : True
Is IST_2 spanning? : True
Is IST_3 spanning? : True
Is IST_4 spanning? : True
Is IST_5 spanning? : True
Are all ISTs independent? : True

====TEST CR(539, 77, 154)====
Is IST_0 spanning? : True
Is IST_1 spanning? : True
Is IST_2 spanning? : True
Is IST_3 spanning? : True
Is IST_4 spanning? : True
Is IST_5 spanning? : True
Are all ISTs independent? : True

====TEST CR(540, 77, 154)====
Is IST_0 spanning? : True
Is IST_1 spanning? : True
Is IST_2 spanning? : True
Is IST_3 spanning? : True
Is IST_4 spanning? : True
Is IST_5 spanning? : True
Are all ISTs independent? : True

====TEST CR(541, 77, 154)====
Is IST_0 spanning? : True
Is IST_1 spanning? : True
Is IST_2 spanning? : True
Is IST_3 spanning? : True
Is IST_4 spanning? : True
Is IST_5 spanning? : True
Are all ISTs independent? : True

====TEST CR(542, 77, 154)====
Is IST_0 spanning? : True
Is IST_1 spanning? : True
Is IST_2 spanning? : True
Is IST_3 spanning? : True
Is IST_4 spanning? : True
Is IST_5 spanning? : True
Are all ISTs independent? : True

====TEST CR(543, 77, 154)====
Is IST_0 spanning? : True
Is IST_1 spanning? : True
Is IST_2 spanning? : True
Is IST_3 spanning? : True
Is IST_4 spanning? : True
Is IST_5 spanning? : True
Are all ISTs independent? : True

====TEST CR(544, 77, 154)====
Is IST_0 spanning? : True
Is IST_1 spanning? : True
Is IST_2 spanning? : True
Is IST_3 spanning? : True
Is IST_4 spanning? : True
Is IST_5 spanning? : True
Are all ISTs independent? : True

====TEST CR(545, 77, 154)====
Is IST_0 spanning? : True
Is IST_1 spanning? : True
Is IST_2 spanning? : True
Is IST_3 spanning? : True
Is IST_4 spanning? : True
Is IST_5 spanning? : True
Are all ISTs independent? : True

====TEST CR(546, 77, 154)====
Is IST_0 spanning? : True
Is IST_1 spanning? : True
Is IST_2 spanning? : True
Is IST_3 spanning? : True
Is IST_4 spanning? : True
Is IST_5 spanning? : True
Are all ISTs independent? : True

====TEST CR(547, 77, 154)====
Is IST_0 spanning? : True
Is IST_1 spanning? : True
Is IST_2 spanning? : True
Is IST_3 spanning? : True
Is IST_4 spanning? : True
Is IST_5 spanning? : True
Are all ISTs independent? : True

====TEST CR(548, 77, 154)====
Is IST_0 spanning? : True
Is IST_1 spanning? : True
Is IST_2 spanning? : True
Is IST_3 spanning? : True
Is IST_4 spanning? : True
Is IST_5 spanning? : True
Are all ISTs independent? : True

====TEST CR(549, 77, 154)====
Is IST_0 spanning? : True
Is IST_1 spanning? : True
Is IST_2 spanning? : True
Is IST_3 spanning? : True
Is IST_4 spanning? : True
Is IST_5 spanning? : True
Are all ISTs independent? : True

====TEST CR(550, 77, 154)====
Is IST_0 spanning? : True
Is IST_1 spanning? : True
Is IST_2 spanning? : True
Is IST_3 spanning? : True
Is IST_4 spanning? : True
Is IST_5 spanning? : True
Are all ISTs independent? : True

====TEST CR(551, 77, 154)====
Is IST_0 spanning? : True
Is IST_1 spanning? : True
Is IST_2 spanning? : True
Is IST_3 spanning? : True
Is IST_4 spanning? : True
Is IST_5 spanning? : True
Are all ISTs independent? : True

====TEST CR(552, 77, 154)====
Is IST_0 spanning? : True
Is IST_1 spanning? : True
Is IST_2 spanning? : True
Is IST_3 spanning? : True
Is IST_4 spanning? : True
Is IST_5 spanning? : True
Are all ISTs independent? : True

====TEST CR(553, 77, 154)====
Is IST_0 spanning? : True
Is IST_1 spanning? : True
Is IST_2 spanning? : True
Is IST_3 spanning? : True
Is IST_4 spanning? : True
Is IST_5 spanning? : True
Are all ISTs independent? : True

====TEST CR(554, 77, 154)====
Is IST_0 spanning? : True
Is IST_1 spanning? : True
Is IST_2 spanning? : True
Is IST_3 spanning? : True
Is IST_4 spanning? : True
Is IST_5 spanning? : True
Are all ISTs independent? : True

====TEST CR(555, 77, 154)====
Is IST_0 spanning? : True
Is IST_1 spanning? : True
Is IST_2 spanning? : True
Is IST_3 spanning? : True
Is IST_4 spanning? : True
Is IST_5 spanning? : True
Are all ISTs independent? : True

====TEST CR(556, 77, 154)====
Is IST_0 spanning? : True
Is IST_1 spanning? : True
Is IST_2 spanning? : True
Is IST_3 spanning? : True
Is IST_4 spanning? : True
Is IST_5 spanning? : True
Are all ISTs independent? : True

====TEST CR(557, 77, 154)====
Is IST_0 spanning? : True
Is IST_1 spanning? : True
Is IST_2 spanning? : True
Is IST_3 spanning? : True
Is IST_4 spanning? : True
Is IST_5 spanning? : True
Are all ISTs independent? : True

====TEST CR(558, 77, 154)====
Is IST_0 spanning? : True
Is IST_1 spanning? : True
Is IST_2 spanning? : True
Is IST_3 spanning? : True
Is IST_4 spanning? : True
Is IST_5 spanning? : True
Are all ISTs independent? : True

====TEST CR(559, 77, 154)====
Is IST_0 spanning? : True
Is IST_1 spanning? : True
Is IST_2 spanning? : True
Is IST_3 spanning? : True
Is IST_4 spanning? : True
Is IST_5 spanning? : True
Are all ISTs independent? : True

====TEST CR(560, 77, 154)====
Is IST_0 spanning? : True
Is IST_1 spanning? : True
Is IST_2 spanning? : True
Is IST_3 spanning? : True
Is IST_4 spanning? : True
Is IST_5 spanning? : True
Are all ISTs independent? : True

====TEST CR(561, 77, 154)====
Is IST_0 spanning? : True
Is IST_1 spanning? : True
Is IST_2 spanning? : True
Is IST_3 spanning? : True
Is IST_4 spanning? : True
Is IST_5 spanning? : True
Are all ISTs independent? : True

====TEST CR(562, 77, 154)====
Is IST_0 spanning? : True
Is IST_1 spanning? : True
Is IST_2 spanning? : True
Is IST_3 spanning? : True
Is IST_4 spanning? : True
Is IST_5 spanning? : True
Are all ISTs independent? : True

====TEST CR(563, 77, 154)====
Is IST_0 spanning? : True
Is IST_1 spanning? : True
Is IST_2 spanning? : True
Is IST_3 spanning? : True
Is IST_4 spanning? : True
Is IST_5 spanning? : True
Are all ISTs independent? : True

====TEST CR(564, 77, 154)====
Is IST_0 spanning? : True
Is IST_1 spanning? : True
Is IST_2 spanning? : True
Is IST_3 spanning? : True
Is IST_4 spanning? : True
Is IST_5 spanning? : True
Are all ISTs independent? : True

====TEST CR(565, 77, 154)====
Is IST_0 spanning? : True
Is IST_1 spanning? : True
Is IST_2 spanning? : True
Is IST_3 spanning? : True
Is IST_4 spanning? : True
Is IST_5 spanning? : True
Are all ISTs independent? : True

====TEST CR(566, 77, 154)====
Is IST_0 spanning? : True
Is IST_1 spanning? : True
Is IST_2 spanning? : True
Is IST_3 spanning? : True
Is IST_4 spanning? : True
Is IST_5 spanning? : True
Are all ISTs independent? : True

====TEST CR(567, 77, 154)====
Is IST_0 spanning? : True
Is IST_1 spanning? : True
Is IST_2 spanning? : True
Is IST_3 spanning? : True
Is IST_4 spanning? : True
Is IST_5 spanning? : True
Are all ISTs independent? : True

====TEST CR(568, 77, 154)====
Is IST_0 spanning? : True
Is IST_1 spanning? : True
Is IST_2 spanning? : True
Is IST_3 spanning? : True
Is IST_4 spanning? : True
Is IST_5 spanning? : True
Are all ISTs independent? : True

====TEST CR(569, 77, 154)====
Is IST_0 spanning? : True
Is IST_1 spanning? : True
Is IST_2 spanning? : True
Is IST_3 spanning? : True
Is IST_4 spanning? : True
Is IST_5 spanning? : True
Are all ISTs independent? : True

====TEST CR(570, 77, 154)====
Is IST_0 spanning? : True
Is IST_1 spanning? : True
Is IST_2 spanning? : True
Is IST_3 spanning? : True
Is IST_4 spanning? : True
Is IST_5 spanning? : True
Are all ISTs independent? : True

====TEST CR(571, 77, 154)====
Is IST_0 spanning? : True
Is IST_1 spanning? : True
Is IST_2 spanning? : True
Is IST_3 spanning? : True
Is IST_4 spanning? : True
Is IST_5 spanning? : True
Are all ISTs independent? : True

====TEST CR(572, 77, 154)====
Is IST_0 spanning? : True
Is IST_1 spanning? : True
Is IST_2 spanning? : True
Is IST_3 spanning? : True
Is IST_4 spanning? : True
Is IST_5 spanning? : True
Are all ISTs independent? : True

====TEST CR(573, 77, 154)====
Is IST_0 spanning? : True
Is IST_1 spanning? : True
Is IST_2 spanning? : True
Is IST_3 spanning? : True
Is IST_4 spanning? : True
Is IST_5 spanning? : True
Are all ISTs independent? : True

====TEST CR(574, 77, 154)====
Is IST_0 spanning? : True
Is IST_1 spanning? : True
Is IST_2 spanning? : True
Is IST_3 spanning? : True
Is IST_4 spanning? : True
Is IST_5 spanning? : True
Are all ISTs independent? : True

====TEST CR(575, 77, 154)====
Is IST_0 spanning? : True
Is IST_1 spanning? : True
Is IST_2 spanning? : True
Is IST_3 spanning? : True
Is IST_4 spanning? : True
Is IST_5 spanning? : True
Are all ISTs independent? : True

====TEST CR(576, 77, 154)====
Is IST_0 spanning? : True
Is IST_1 spanning? : True
Is IST_2 spanning? : True
Is IST_3 spanning? : True
Is IST_4 spanning? : True
Is IST_5 spanning? : True
Are all ISTs independent? : True

====TEST CR(577, 77, 154)====
Is IST_0 spanning? : True
Is IST_1 spanning? : True
Is IST_2 spanning? : True
Is IST_3 spanning? : True
Is IST_4 spanning? : True
Is IST_5 spanning? : True
Are all ISTs independent? : True

====TEST CR(578, 77, 154)====
Is IST_0 spanning? : True
Is IST_1 spanning? : True
Is IST_2 spanning? : True
Is IST_3 spanning? : True
Is IST_4 spanning? : True
Is IST_5 spanning? : True
Are all ISTs independent? : True

====TEST CR(579, 77, 154)====
Is IST_0 spanning? : True
Is IST_1 spanning? : True
Is IST_2 spanning? : True
Is IST_3 spanning? : True
Is IST_4 spanning? : True
Is IST_5 spanning? : True
Are all ISTs independent? : True

====TEST CR(580, 77, 154)====
Is IST_0 spanning? : True
Is IST_1 spanning? : True
Is IST_2 spanning? : True
Is IST_3 spanning? : True
Is IST_4 spanning? : True
Is IST_5 spanning? : True
Are all ISTs independent? : True

====TEST CR(581, 77, 154)====
Is IST_0 spanning? : True
Is IST_1 spanning? : True
Is IST_2 spanning? : True
Is IST_3 spanning? : True
Is IST_4 spanning? : True
Is IST_5 spanning? : True
Are all ISTs independent? : True

====TEST CR(582, 77, 154)====
Is IST_0 spanning? : True
Is IST_1 spanning? : True
Is IST_2 spanning? : True
Is IST_3 spanning? : True
Is IST_4 spanning? : True
Is IST_5 spanning? : True
Are all ISTs independent? : True

====TEST CR(583, 77, 154)====
Is IST_0 spanning? : True
Is IST_1 spanning? : True
Is IST_2 spanning? : True
Is IST_3 spanning? : True
Is IST_4 spanning? : True
Is IST_5 spanning? : True
Are all ISTs independent? : True

====TEST CR(584, 77, 154)====
Is IST_0 spanning? : True
Is IST_1 spanning? : True
Is IST_2 spanning? : True
Is IST_3 spanning? : True
Is IST_4 spanning? : True
Is IST_5 spanning? : True
Are all ISTs independent? : True

====TEST CR(585, 77, 154)====
Is IST_0 spanning? : True
Is IST_1 spanning? : True
Is IST_2 spanning? : True
Is IST_3 spanning? : True
Is IST_4 spanning? : True
Is IST_5 spanning? : True
Are all ISTs independent? : True

====TEST CR(586, 77, 154)====
Is IST_0 spanning? : True
Is IST_1 spanning? : True
Is IST_2 spanning? : True
Is IST_3 spanning? : True
Is IST_4 spanning? : True
Is IST_5 spanning? : True
Are all ISTs independent? : True

====TEST CR(587, 77, 154)====
Is IST_0 spanning? : True
Is IST_1 spanning? : True
Is IST_2 spanning? : True
Is IST_3 spanning? : True
Is IST_4 spanning? : True
Is IST_5 spanning? : True
Are all ISTs independent? : True

====TEST CR(588, 77, 154)====
Is IST_0 spanning? : True
Is IST_1 spanning? : True
Is IST_2 spanning? : True
Is IST_3 spanning? : True
Is IST_4 spanning? : True
Is IST_5 spanning? : True
Are all ISTs independent? : True

====TEST CR(589, 77, 154)====
Is IST_0 spanning? : True
Is IST_1 spanning? : True
Is IST_2 spanning? : True
Is IST_3 spanning? : True
Is IST_4 spanning? : True
Is IST_5 spanning? : True
Are all ISTs independent? : True

====TEST CR(590, 77, 154)====
Is IST_0 spanning? : True
Is IST_1 spanning? : True
Is IST_2 spanning? : True
Is IST_3 spanning? : True
Is IST_4 spanning? : True
Is IST_5 spanning? : True
Are all ISTs independent? : True

====TEST CR(468, 78, 156)====
Is IST_0 spanning? : True
Is IST_1 spanning? : True
Is IST_2 spanning? : True
Is IST_3 spanning? : True
Is IST_4 spanning? : True
Is IST_5 spanning? : True
Are all ISTs independent? : True

====TEST CR(469, 78, 156)====
Is IST_0 spanning? : True
Is IST_1 spanning? : True
Is IST_2 spanning? : True
Is IST_3 spanning? : True
Is IST_4 spanning? : True
Is IST_5 spanning? : True
Are all ISTs independent? : True

====TEST CR(470, 78, 156)====
Is IST_0 spanning? : True
Is IST_1 spanning? : True
Is IST_2 spanning? : True
Is IST_3 spanning? : True
Is IST_4 spanning? : True
Is IST_5 spanning? : True
Are all ISTs independent? : True

====TEST CR(471, 78, 156)====
Is IST_0 spanning? : True
Is IST_1 spanning? : True
Is IST_2 spanning? : True
Is IST_3 spanning? : True
Is IST_4 spanning? : True
Is IST_5 spanning? : True
Are all ISTs independent? : True

====TEST CR(472, 78, 156)====
Is IST_0 spanning? : True
Is IST_1 spanning? : True
Is IST_2 spanning? : True
Is IST_3 spanning? : True
Is IST_4 spanning? : True
Is IST_5 spanning? : True
Are all ISTs independent? : True

====TEST CR(473, 78, 156)====
Is IST_0 spanning? : True
Is IST_1 spanning? : True
Is IST_2 spanning? : True
Is IST_3 spanning? : True
Is IST_4 spanning? : True
Is IST_5 spanning? : True
Are all ISTs independent? : True

====TEST CR(474, 78, 156)====
Is IST_0 spanning? : True
Is IST_1 spanning? : True
Is IST_2 spanning? : True
Is IST_3 spanning? : True
Is IST_4 spanning? : True
Is IST_5 spanning? : True
Are all ISTs independent? : True

====TEST CR(475, 78, 156)====
Is IST_0 spanning? : True
Is IST_1 spanning? : True
Is IST_2 spanning? : True
Is IST_3 spanning? : True
Is IST_4 spanning? : True
Is IST_5 spanning? : True
Are all ISTs independent? : True

====TEST CR(476, 78, 156)====
Is IST_0 spanning? : True
Is IST_1 spanning? : True
Is IST_2 spanning? : True
Is IST_3 spanning? : True
Is IST_4 spanning? : True
Is IST_5 spanning? : True
Are all ISTs independent? : True

====TEST CR(477, 78, 156)====
Is IST_0 spanning? : True
Is IST_1 spanning? : True
Is IST_2 spanning? : True
Is IST_3 spanning? : True
Is IST_4 spanning? : True
Is IST_5 spanning? : True
Are all ISTs independent? : True

====TEST CR(478, 78, 156)====
Is IST_0 spanning? : True
Is IST_1 spanning? : True
Is IST_2 spanning? : True
Is IST_3 spanning? : True
Is IST_4 spanning? : True
Is IST_5 spanning? : True
Are all ISTs independent? : True

====TEST CR(479, 78, 156)====
Is IST_0 spanning? : True
Is IST_1 spanning? : True
Is IST_2 spanning? : True
Is IST_3 spanning? : True
Is IST_4 spanning? : True
Is IST_5 spanning? : True
Are all ISTs independent? : True

====TEST CR(480, 78, 156)====
Is IST_0 spanning? : True
Is IST_1 spanning? : True
Is IST_2 spanning? : True
Is IST_3 spanning? : True
Is IST_4 spanning? : True
Is IST_5 spanning? : True
Are all ISTs independent? : True

====TEST CR(481, 78, 156)====
Is IST_0 spanning? : True
Is IST_1 spanning? : True
Is IST_2 spanning? : True
Is IST_3 spanning? : True
Is IST_4 spanning? : True
Is IST_5 spanning? : True
Are all ISTs independent? : True

====TEST CR(482, 78, 156)====
Is IST_0 spanning? : True
Is IST_1 spanning? : True
Is IST_2 spanning? : True
Is IST_3 spanning? : True
Is IST_4 spanning? : True
Is IST_5 spanning? : True
Are all ISTs independent? : True

====TEST CR(483, 78, 156)====
Is IST_0 spanning? : True
Is IST_1 spanning? : True
Is IST_2 spanning? : True
Is IST_3 spanning? : True
Is IST_4 spanning? : True
Is IST_5 spanning? : True
Are all ISTs independent? : True

====TEST CR(484, 78, 156)====
Is IST_0 spanning? : True
Is IST_1 spanning? : True
Is IST_2 spanning? : True
Is IST_3 spanning? : True
Is IST_4 spanning? : True
Is IST_5 spanning? : True
Are all ISTs independent? : True

====TEST CR(485, 78, 156)====
Is IST_0 spanning? : True
Is IST_1 spanning? : True
Is IST_2 spanning? : True
Is IST_3 spanning? : True
Is IST_4 spanning? : True
Is IST_5 spanning? : True
Are all ISTs independent? : True

====TEST CR(486, 78, 156)====
Is IST_0 spanning? : True
Is IST_1 spanning? : True
Is IST_2 spanning? : True
Is IST_3 spanning? : True
Is IST_4 spanning? : True
Is IST_5 spanning? : True
Are all ISTs independent? : True

====TEST CR(487, 78, 156)====
Is IST_0 spanning? : True
Is IST_1 spanning? : True
Is IST_2 spanning? : True
Is IST_3 spanning? : True
Is IST_4 spanning? : True
Is IST_5 spanning? : True
Are all ISTs independent? : True

====TEST CR(488, 78, 156)====
Is IST_0 spanning? : True
Is IST_1 spanning? : True
Is IST_2 spanning? : True
Is IST_3 spanning? : True
Is IST_4 spanning? : True
Is IST_5 spanning? : True
Are all ISTs independent? : True

====TEST CR(489, 78, 156)====
Is IST_0 spanning? : True
Is IST_1 spanning? : True
Is IST_2 spanning? : True
Is IST_3 spanning? : True
Is IST_4 spanning? : True
Is IST_5 spanning? : True
Are all ISTs independent? : True

====TEST CR(490, 78, 156)====
Is IST_0 spanning? : True
Is IST_1 spanning? : True
Is IST_2 spanning? : True
Is IST_3 spanning? : True
Is IST_4 spanning? : True
Is IST_5 spanning? : True
Are all ISTs independent? : True

====TEST CR(491, 78, 156)====
Is IST_0 spanning? : True
Is IST_1 spanning? : True
Is IST_2 spanning? : True
Is IST_3 spanning? : True
Is IST_4 spanning? : True
Is IST_5 spanning? : True
Are all ISTs independent? : True

====TEST CR(492, 78, 156)====
Is IST_0 spanning? : True
Is IST_1 spanning? : True
Is IST_2 spanning? : True
Is IST_3 spanning? : True
Is IST_4 spanning? : True
Is IST_5 spanning? : True
Are all ISTs independent? : True

====TEST CR(493, 78, 156)====
Is IST_0 spanning? : True
Is IST_1 spanning? : True
Is IST_2 spanning? : True
Is IST_3 spanning? : True
Is IST_4 spanning? : True
Is IST_5 spanning? : True
Are all ISTs independent? : True

====TEST CR(494, 78, 156)====
Is IST_0 spanning? : True
Is IST_1 spanning? : True
Is IST_2 spanning? : True
Is IST_3 spanning? : True
Is IST_4 spanning? : True
Is IST_5 spanning? : True
Are all ISTs independent? : True

====TEST CR(495, 78, 156)====
Is IST_0 spanning? : True
Is IST_1 spanning? : True
Is IST_2 spanning? : True
Is IST_3 spanning? : True
Is IST_4 spanning? : True
Is IST_5 spanning? : True
Are all ISTs independent? : True

====TEST CR(496, 78, 156)====
Is IST_0 spanning? : True
Is IST_1 spanning? : True
Is IST_2 spanning? : True
Is IST_3 spanning? : True
Is IST_4 spanning? : True
Is IST_5 spanning? : True
Are all ISTs independent? : True

====TEST CR(497, 78, 156)====
Is IST_0 spanning? : True
Is IST_1 spanning? : True
Is IST_2 spanning? : True
Is IST_3 spanning? : True
Is IST_4 spanning? : True
Is IST_5 spanning? : True
Are all ISTs independent? : True

====TEST CR(498, 78, 156)====
Is IST_0 spanning? : True
Is IST_1 spanning? : True
Is IST_2 spanning? : True
Is IST_3 spanning? : True
Is IST_4 spanning? : True
Is IST_5 spanning? : True
Are all ISTs independent? : True

====TEST CR(499, 78, 156)====
Is IST_0 spanning? : True
Is IST_1 spanning? : True
Is IST_2 spanning? : True
Is IST_3 spanning? : True
Is IST_4 spanning? : True
Is IST_5 spanning? : True
Are all ISTs independent? : True

====TEST CR(500, 78, 156)====
Is IST_0 spanning? : True
Is IST_1 spanning? : True
Is IST_2 spanning? : True
Is IST_3 spanning? : True
Is IST_4 spanning? : True
Is IST_5 spanning? : True
Are all ISTs independent? : True

====TEST CR(501, 78, 156)====
Is IST_0 spanning? : True
Is IST_1 spanning? : True
Is IST_2 spanning? : True
Is IST_3 spanning? : True
Is IST_4 spanning? : True
Is IST_5 spanning? : True
Are all ISTs independent? : True

====TEST CR(502, 78, 156)====
Is IST_0 spanning? : True
Is IST_1 spanning? : True
Is IST_2 spanning? : True
Is IST_3 spanning? : True
Is IST_4 spanning? : True
Is IST_5 spanning? : True
Are all ISTs independent? : True

====TEST CR(503, 78, 156)====
Is IST_0 spanning? : True
Is IST_1 spanning? : True
Is IST_2 spanning? : True
Is IST_3 spanning? : True
Is IST_4 spanning? : True
Is IST_5 spanning? : True
Are all ISTs independent? : True

====TEST CR(504, 78, 156)====
Is IST_0 spanning? : True
Is IST_1 spanning? : True
Is IST_2 spanning? : True
Is IST_3 spanning? : True
Is IST_4 spanning? : True
Is IST_5 spanning? : True
Are all ISTs independent? : True

====TEST CR(505, 78, 156)====
Is IST_0 spanning? : True
Is IST_1 spanning? : True
Is IST_2 spanning? : True
Is IST_3 spanning? : True
Is IST_4 spanning? : True
Is IST_5 spanning? : True
Are all ISTs independent? : True

====TEST CR(506, 78, 156)====
Is IST_0 spanning? : True
Is IST_1 spanning? : True
Is IST_2 spanning? : True
Is IST_3 spanning? : True
Is IST_4 spanning? : True
Is IST_5 spanning? : True
Are all ISTs independent? : True

====TEST CR(507, 78, 156)====
Is IST_0 spanning? : True
Is IST_1 spanning? : True
Is IST_2 spanning? : True
Is IST_3 spanning? : True
Is IST_4 spanning? : True
Is IST_5 spanning? : True
Are all ISTs independent? : True

====TEST CR(508, 78, 156)====
Is IST_0 spanning? : True
Is IST_1 spanning? : True
Is IST_2 spanning? : True
Is IST_3 spanning? : True
Is IST_4 spanning? : True
Is IST_5 spanning? : True
Are all ISTs independent? : True

====TEST CR(509, 78, 156)====
Is IST_0 spanning? : True
Is IST_1 spanning? : True
Is IST_2 spanning? : True
Is IST_3 spanning? : True
Is IST_4 spanning? : True
Is IST_5 spanning? : True
Are all ISTs independent? : True

====TEST CR(510, 78, 156)====
Is IST_0 spanning? : True
Is IST_1 spanning? : True
Is IST_2 spanning? : True
Is IST_3 spanning? : True
Is IST_4 spanning? : True
Is IST_5 spanning? : True
Are all ISTs independent? : True

====TEST CR(511, 78, 156)====
Is IST_0 spanning? : True
Is IST_1 spanning? : True
Is IST_2 spanning? : True
Is IST_3 spanning? : True
Is IST_4 spanning? : True
Is IST_5 spanning? : True
Are all ISTs independent? : True

====TEST CR(512, 78, 156)====
Is IST_0 spanning? : True
Is IST_1 spanning? : True
Is IST_2 spanning? : True
Is IST_3 spanning? : True
Is IST_4 spanning? : True
Is IST_5 spanning? : True
Are all ISTs independent? : True

====TEST CR(513, 78, 156)====
Is IST_0 spanning? : True
Is IST_1 spanning? : True
Is IST_2 spanning? : True
Is IST_3 spanning? : True
Is IST_4 spanning? : True
Is IST_5 spanning? : True
Are all ISTs independent? : True

====TEST CR(514, 78, 156)====
Is IST_0 spanning? : True
Is IST_1 spanning? : True
Is IST_2 spanning? : True
Is IST_3 spanning? : True
Is IST_4 spanning? : True
Is IST_5 spanning? : True
Are all ISTs independent? : True

====TEST CR(515, 78, 156)====
Is IST_0 spanning? : True
Is IST_1 spanning? : True
Is IST_2 spanning? : True
Is IST_3 spanning? : True
Is IST_4 spanning? : True
Is IST_5 spanning? : True
Are all ISTs independent? : True

====TEST CR(516, 78, 156)====
Is IST_0 spanning? : True
Is IST_1 spanning? : True
Is IST_2 spanning? : True
Is IST_3 spanning? : True
Is IST_4 spanning? : True
Is IST_5 spanning? : True
Are all ISTs independent? : True

====TEST CR(517, 78, 156)====
Is IST_0 spanning? : True
Is IST_1 spanning? : True
Is IST_2 spanning? : True
Is IST_3 spanning? : True
Is IST_4 spanning? : True
Is IST_5 spanning? : True
Are all ISTs independent? : True

====TEST CR(518, 78, 156)====
Is IST_0 spanning? : True
Is IST_1 spanning? : True
Is IST_2 spanning? : True
Is IST_3 spanning? : True
Is IST_4 spanning? : True
Is IST_5 spanning? : True
Are all ISTs independent? : True

====TEST CR(519, 78, 156)====
Is IST_0 spanning? : True
Is IST_1 spanning? : True
Is IST_2 spanning? : True
Is IST_3 spanning? : True
Is IST_4 spanning? : True
Is IST_5 spanning? : True
Are all ISTs independent? : True

====TEST CR(520, 78, 156)====
Is IST_0 spanning? : True
Is IST_1 spanning? : True
Is IST_2 spanning? : True
Is IST_3 spanning? : True
Is IST_4 spanning? : True
Is IST_5 spanning? : True
Are all ISTs independent? : True

====TEST CR(521, 78, 156)====
Is IST_0 spanning? : True
Is IST_1 spanning? : True
Is IST_2 spanning? : True
Is IST_3 spanning? : True
Is IST_4 spanning? : True
Is IST_5 spanning? : True
Are all ISTs independent? : True

====TEST CR(522, 78, 156)====
Is IST_0 spanning? : True
Is IST_1 spanning? : True
Is IST_2 spanning? : True
Is IST_3 spanning? : True
Is IST_4 spanning? : True
Is IST_5 spanning? : True
Are all ISTs independent? : True

====TEST CR(523, 78, 156)====
Is IST_0 spanning? : True
Is IST_1 spanning? : True
Is IST_2 spanning? : True
Is IST_3 spanning? : True
Is IST_4 spanning? : True
Is IST_5 spanning? : True
Are all ISTs independent? : True

====TEST CR(524, 78, 156)====
Is IST_0 spanning? : True
Is IST_1 spanning? : True
Is IST_2 spanning? : True
Is IST_3 spanning? : True
Is IST_4 spanning? : True
Is IST_5 spanning? : True
Are all ISTs independent? : True

====TEST CR(525, 78, 156)====
Is IST_0 spanning? : True
Is IST_1 spanning? : True
Is IST_2 spanning? : True
Is IST_3 spanning? : True
Is IST_4 spanning? : True
Is IST_5 spanning? : True
Are all ISTs independent? : True

====TEST CR(526, 78, 156)====
Is IST_0 spanning? : True
Is IST_1 spanning? : True
Is IST_2 spanning? : True
Is IST_3 spanning? : True
Is IST_4 spanning? : True
Is IST_5 spanning? : True
Are all ISTs independent? : True

====TEST CR(527, 78, 156)====
Is IST_0 spanning? : True
Is IST_1 spanning? : True
Is IST_2 spanning? : True
Is IST_3 spanning? : True
Is IST_4 spanning? : True
Is IST_5 spanning? : True
Are all ISTs independent? : True

====TEST CR(528, 78, 156)====
Is IST_0 spanning? : True
Is IST_1 spanning? : True
Is IST_2 spanning? : True
Is IST_3 spanning? : True
Is IST_4 spanning? : True
Is IST_5 spanning? : True
Are all ISTs independent? : True

====TEST CR(529, 78, 156)====
Is IST_0 spanning? : True
Is IST_1 spanning? : True
Is IST_2 spanning? : True
Is IST_3 spanning? : True
Is IST_4 spanning? : True
Is IST_5 spanning? : True
Are all ISTs independent? : True

====TEST CR(530, 78, 156)====
Is IST_0 spanning? : True
Is IST_1 spanning? : True
Is IST_2 spanning? : True
Is IST_3 spanning? : True
Is IST_4 spanning? : True
Is IST_5 spanning? : True
Are all ISTs independent? : True

====TEST CR(531, 78, 156)====
Is IST_0 spanning? : True
Is IST_1 spanning? : True
Is IST_2 spanning? : True
Is IST_3 spanning? : True
Is IST_4 spanning? : True
Is IST_5 spanning? : True
Are all ISTs independent? : True

====TEST CR(532, 78, 156)====
Is IST_0 spanning? : True
Is IST_1 spanning? : True
Is IST_2 spanning? : True
Is IST_3 spanning? : True
Is IST_4 spanning? : True
Is IST_5 spanning? : True
Are all ISTs independent? : True

====TEST CR(533, 78, 156)====
Is IST_0 spanning? : True
Is IST_1 spanning? : True
Is IST_2 spanning? : True
Is IST_3 spanning? : True
Is IST_4 spanning? : True
Is IST_5 spanning? : True
Are all ISTs independent? : True

====TEST CR(534, 78, 156)====
Is IST_0 spanning? : True
Is IST_1 spanning? : True
Is IST_2 spanning? : True
Is IST_3 spanning? : True
Is IST_4 spanning? : True
Is IST_5 spanning? : True
Are all ISTs independent? : True

====TEST CR(535, 78, 156)====
Is IST_0 spanning? : True
Is IST_1 spanning? : True
Is IST_2 spanning? : True
Is IST_3 spanning? : True
Is IST_4 spanning? : True
Is IST_5 spanning? : True
Are all ISTs independent? : True

====TEST CR(536, 78, 156)====
Is IST_0 spanning? : True
Is IST_1 spanning? : True
Is IST_2 spanning? : True
Is IST_3 spanning? : True
Is IST_4 spanning? : True
Is IST_5 spanning? : True
Are all ISTs independent? : True

====TEST CR(537, 78, 156)====
Is IST_0 spanning? : True
Is IST_1 spanning? : True
Is IST_2 spanning? : True
Is IST_3 spanning? : True
Is IST_4 spanning? : True
Is IST_5 spanning? : True
Are all ISTs independent? : True

====TEST CR(538, 78, 156)====
Is IST_0 spanning? : True
Is IST_1 spanning? : True
Is IST_2 spanning? : True
Is IST_3 spanning? : True
Is IST_4 spanning? : True
Is IST_5 spanning? : True
Are all ISTs independent? : True

====TEST CR(539, 78, 156)====
Is IST_0 spanning? : True
Is IST_1 spanning? : True
Is IST_2 spanning? : True
Is IST_3 spanning? : True
Is IST_4 spanning? : True
Is IST_5 spanning? : True
Are all ISTs independent? : True

====TEST CR(540, 78, 156)====
Is IST_0 spanning? : True
Is IST_1 spanning? : True
Is IST_2 spanning? : True
Is IST_3 spanning? : True
Is IST_4 spanning? : True
Is IST_5 spanning? : True
Are all ISTs independent? : True

====TEST CR(541, 78, 156)====
Is IST_0 spanning? : True
Is IST_1 spanning? : True
Is IST_2 spanning? : True
Is IST_3 spanning? : True
Is IST_4 spanning? : True
Is IST_5 spanning? : True
Are all ISTs independent? : True

====TEST CR(542, 78, 156)====
Is IST_0 spanning? : True
Is IST_1 spanning? : True
Is IST_2 spanning? : True
Is IST_3 spanning? : True
Is IST_4 spanning? : True
Is IST_5 spanning? : True
Are all ISTs independent? : True

====TEST CR(543, 78, 156)====
Is IST_0 spanning? : True
Is IST_1 spanning? : True
Is IST_2 spanning? : True
Is IST_3 spanning? : True
Is IST_4 spanning? : True
Is IST_5 spanning? : True
Are all ISTs independent? : True

====TEST CR(544, 78, 156)====
Is IST_0 spanning? : True
Is IST_1 spanning? : True
Is IST_2 spanning? : True
Is IST_3 spanning? : True
Is IST_4 spanning? : True
Is IST_5 spanning? : True
Are all ISTs independent? : True

====TEST CR(545, 78, 156)====
Is IST_0 spanning? : True
Is IST_1 spanning? : True
Is IST_2 spanning? : True
Is IST_3 spanning? : True
Is IST_4 spanning? : True
Is IST_5 spanning? : True
Are all ISTs independent? : True

====TEST CR(546, 78, 156)====
Is IST_0 spanning? : True
Is IST_1 spanning? : True
Is IST_2 spanning? : True
Is IST_3 spanning? : True
Is IST_4 spanning? : True
Is IST_5 spanning? : True
Are all ISTs independent? : True

====TEST CR(547, 78, 156)====
Is IST_0 spanning? : True
Is IST_1 spanning? : True
Is IST_2 spanning? : True
Is IST_3 spanning? : True
Is IST_4 spanning? : True
Is IST_5 spanning? : True
Are all ISTs independent? : True

====TEST CR(548, 78, 156)====
Is IST_0 spanning? : True
Is IST_1 spanning? : True
Is IST_2 spanning? : True
Is IST_3 spanning? : True
Is IST_4 spanning? : True
Is IST_5 spanning? : True
Are all ISTs independent? : True

====TEST CR(549, 78, 156)====
Is IST_0 spanning? : True
Is IST_1 spanning? : True
Is IST_2 spanning? : True
Is IST_3 spanning? : True
Is IST_4 spanning? : True
Is IST_5 spanning? : True
Are all ISTs independent? : True

====TEST CR(550, 78, 156)====
Is IST_0 spanning? : True
Is IST_1 spanning? : True
Is IST_2 spanning? : True
Is IST_3 spanning? : True
Is IST_4 spanning? : True
Is IST_5 spanning? : True
Are all ISTs independent? : True

====TEST CR(551, 78, 156)====
Is IST_0 spanning? : True
Is IST_1 spanning? : True
Is IST_2 spanning? : True
Is IST_3 spanning? : True
Is IST_4 spanning? : True
Is IST_5 spanning? : True
Are all ISTs independent? : True

====TEST CR(552, 78, 156)====
Is IST_0 spanning? : True
Is IST_1 spanning? : True
Is IST_2 spanning? : True
Is IST_3 spanning? : True
Is IST_4 spanning? : True
Is IST_5 spanning? : True
Are all ISTs independent? : True

====TEST CR(553, 78, 156)====
Is IST_0 spanning? : True
Is IST_1 spanning? : True
Is IST_2 spanning? : True
Is IST_3 spanning? : True
Is IST_4 spanning? : True
Is IST_5 spanning? : True
Are all ISTs independent? : True

====TEST CR(554, 78, 156)====
Is IST_0 spanning? : True
Is IST_1 spanning? : True
Is IST_2 spanning? : True
Is IST_3 spanning? : True
Is IST_4 spanning? : True
Is IST_5 spanning? : True
Are all ISTs independent? : True

====TEST CR(555, 78, 156)====
Is IST_0 spanning? : True
Is IST_1 spanning? : True
Is IST_2 spanning? : True
Is IST_3 spanning? : True
Is IST_4 spanning? : True
Is IST_5 spanning? : True
Are all ISTs independent? : True

====TEST CR(556, 78, 156)====
Is IST_0 spanning? : True
Is IST_1 spanning? : True
Is IST_2 spanning? : True
Is IST_3 spanning? : True
Is IST_4 spanning? : True
Is IST_5 spanning? : True
Are all ISTs independent? : True

====TEST CR(557, 78, 156)====
Is IST_0 spanning? : True
Is IST_1 spanning? : True
Is IST_2 spanning? : True
Is IST_3 spanning? : True
Is IST_4 spanning? : True
Is IST_5 spanning? : True
Are all ISTs independent? : True

====TEST CR(558, 78, 156)====
Is IST_0 spanning? : True
Is IST_1 spanning? : True
Is IST_2 spanning? : True
Is IST_3 spanning? : True
Is IST_4 spanning? : True
Is IST_5 spanning? : True
Are all ISTs independent? : True

====TEST CR(559, 78, 156)====
Is IST_0 spanning? : True
Is IST_1 spanning? : True
Is IST_2 spanning? : True
Is IST_3 spanning? : True
Is IST_4 spanning? : True
Is IST_5 spanning? : True
Are all ISTs independent? : True

====TEST CR(560, 78, 156)====
Is IST_0 spanning? : True
Is IST_1 spanning? : True
Is IST_2 spanning? : True
Is IST_3 spanning? : True
Is IST_4 spanning? : True
Is IST_5 spanning? : True
Are all ISTs independent? : True

====TEST CR(561, 78, 156)====
Is IST_0 spanning? : True
Is IST_1 spanning? : True
Is IST_2 spanning? : True
Is IST_3 spanning? : True
Is IST_4 spanning? : True
Is IST_5 spanning? : True
Are all ISTs independent? : True

====TEST CR(562, 78, 156)====
Is IST_0 spanning? : True
Is IST_1 spanning? : True
Is IST_2 spanning? : True
Is IST_3 spanning? : True
Is IST_4 spanning? : True
Is IST_5 spanning? : True
Are all ISTs independent? : True

====TEST CR(563, 78, 156)====
Is IST_0 spanning? : True
Is IST_1 spanning? : True
Is IST_2 spanning? : True
Is IST_3 spanning? : True
Is IST_4 spanning? : True
Is IST_5 spanning? : True
Are all ISTs independent? : True

====TEST CR(564, 78, 156)====
Is IST_0 spanning? : True
Is IST_1 spanning? : True
Is IST_2 spanning? : True
Is IST_3 spanning? : True
Is IST_4 spanning? : True
Is IST_5 spanning? : True
Are all ISTs independent? : True

====TEST CR(565, 78, 156)====
Is IST_0 spanning? : True
Is IST_1 spanning? : True
Is IST_2 spanning? : True
Is IST_3 spanning? : True
Is IST_4 spanning? : True
Is IST_5 spanning? : True
Are all ISTs independent? : True

====TEST CR(566, 78, 156)====
Is IST_0 spanning? : True
Is IST_1 spanning? : True
Is IST_2 spanning? : True
Is IST_3 spanning? : True
Is IST_4 spanning? : True
Is IST_5 spanning? : True
Are all ISTs independent? : True

====TEST CR(567, 78, 156)====
Is IST_0 spanning? : True
Is IST_1 spanning? : True
Is IST_2 spanning? : True
Is IST_3 spanning? : True
Is IST_4 spanning? : True
Is IST_5 spanning? : True
Are all ISTs independent? : True

====TEST CR(568, 78, 156)====
Is IST_0 spanning? : True
Is IST_1 spanning? : True
Is IST_2 spanning? : True
Is IST_3 spanning? : True
Is IST_4 spanning? : True
Is IST_5 spanning? : True
Are all ISTs independent? : True

====TEST CR(569, 78, 156)====
Is IST_0 spanning? : True
Is IST_1 spanning? : True
Is IST_2 spanning? : True
Is IST_3 spanning? : True
Is IST_4 spanning? : True
Is IST_5 spanning? : True
Are all ISTs independent? : True

====TEST CR(570, 78, 156)====
Is IST_0 spanning? : True
Is IST_1 spanning? : True
Is IST_2 spanning? : True
Is IST_3 spanning? : True
Is IST_4 spanning? : True
Is IST_5 spanning? : True
Are all ISTs independent? : True

====TEST CR(571, 78, 156)====
Is IST_0 spanning? : True
Is IST_1 spanning? : True
Is IST_2 spanning? : True
Is IST_3 spanning? : True
Is IST_4 spanning? : True
Is IST_5 spanning? : True
Are all ISTs independent? : True

====TEST CR(572, 78, 156)====
Is IST_0 spanning? : True
Is IST_1 spanning? : True
Is IST_2 spanning? : True
Is IST_3 spanning? : True
Is IST_4 spanning? : True
Is IST_5 spanning? : True
Are all ISTs independent? : True

====TEST CR(573, 78, 156)====
Is IST_0 spanning? : True
Is IST_1 spanning? : True
Is IST_2 spanning? : True
Is IST_3 spanning? : True
Is IST_4 spanning? : True
Is IST_5 spanning? : True
Are all ISTs independent? : True

====TEST CR(574, 78, 156)====
Is IST_0 spanning? : True
Is IST_1 spanning? : True
Is IST_2 spanning? : True
Is IST_3 spanning? : True
Is IST_4 spanning? : True
Is IST_5 spanning? : True
Are all ISTs independent? : True

====TEST CR(575, 78, 156)====
Is IST_0 spanning? : True
Is IST_1 spanning? : True
Is IST_2 spanning? : True
Is IST_3 spanning? : True
Is IST_4 spanning? : True
Is IST_5 spanning? : True
Are all ISTs independent? : True

====TEST CR(576, 78, 156)====
Is IST_0 spanning? : True
Is IST_1 spanning? : True
Is IST_2 spanning? : True
Is IST_3 spanning? : True
Is IST_4 spanning? : True
Is IST_5 spanning? : True
Are all ISTs independent? : True

====TEST CR(577, 78, 156)====
Is IST_0 spanning? : True
Is IST_1 spanning? : True
Is IST_2 spanning? : True
Is IST_3 spanning? : True
Is IST_4 spanning? : True
Is IST_5 spanning? : True
Are all ISTs independent? : True

====TEST CR(578, 78, 156)====
Is IST_0 spanning? : True
Is IST_1 spanning? : True
Is IST_2 spanning? : True
Is IST_3 spanning? : True
Is IST_4 spanning? : True
Is IST_5 spanning? : True
Are all ISTs independent? : True

====TEST CR(579, 78, 156)====
Is IST_0 spanning? : True
Is IST_1 spanning? : True
Is IST_2 spanning? : True
Is IST_3 spanning? : True
Is IST_4 spanning? : True
Is IST_5 spanning? : True
Are all ISTs independent? : True

====TEST CR(580, 78, 156)====
Is IST_0 spanning? : True
Is IST_1 spanning? : True
Is IST_2 spanning? : True
Is IST_3 spanning? : True
Is IST_4 spanning? : True
Is IST_5 spanning? : True
Are all ISTs independent? : True

====TEST CR(581, 78, 156)====
Is IST_0 spanning? : True
Is IST_1 spanning? : True
Is IST_2 spanning? : True
Is IST_3 spanning? : True
Is IST_4 spanning? : True
Is IST_5 spanning? : True
Are all ISTs independent? : True

====TEST CR(582, 78, 156)====
Is IST_0 spanning? : True
Is IST_1 spanning? : True
Is IST_2 spanning? : True
Is IST_3 spanning? : True
Is IST_4 spanning? : True
Is IST_5 spanning? : True
Are all ISTs independent? : True

====TEST CR(583, 78, 156)====
Is IST_0 spanning? : True
Is IST_1 spanning? : True
Is IST_2 spanning? : True
Is IST_3 spanning? : True
Is IST_4 spanning? : True
Is IST_5 spanning? : True
Are all ISTs independent? : True

====TEST CR(584, 78, 156)====
Is IST_0 spanning? : True
Is IST_1 spanning? : True
Is IST_2 spanning? : True
Is IST_3 spanning? : True
Is IST_4 spanning? : True
Is IST_5 spanning? : True
Are all ISTs independent? : True

====TEST CR(585, 78, 156)====
Is IST_0 spanning? : True
Is IST_1 spanning? : True
Is IST_2 spanning? : True
Is IST_3 spanning? : True
Is IST_4 spanning? : True
Is IST_5 spanning? : True
Are all ISTs independent? : True

====TEST CR(586, 78, 156)====
Is IST_0 spanning? : True
Is IST_1 spanning? : True
Is IST_2 spanning? : True
Is IST_3 spanning? : True
Is IST_4 spanning? : True
Is IST_5 spanning? : True
Are all ISTs independent? : True

====TEST CR(587, 78, 156)====
Is IST_0 spanning? : True
Is IST_1 spanning? : True
Is IST_2 spanning? : True
Is IST_3 spanning? : True
Is IST_4 spanning? : True
Is IST_5 spanning? : True
Are all ISTs independent? : True

====TEST CR(588, 78, 156)====
Is IST_0 spanning? : True
Is IST_1 spanning? : True
Is IST_2 spanning? : True
Is IST_3 spanning? : True
Is IST_4 spanning? : True
Is IST_5 spanning? : True
Are all ISTs independent? : True

====TEST CR(589, 78, 156)====
Is IST_0 spanning? : True
Is IST_1 spanning? : True
Is IST_2 spanning? : True
Is IST_3 spanning? : True
Is IST_4 spanning? : True
Is IST_5 spanning? : True
Are all ISTs independent? : True

====TEST CR(590, 78, 156)====
Is IST_0 spanning? : True
Is IST_1 spanning? : True
Is IST_2 spanning? : True
Is IST_3 spanning? : True
Is IST_4 spanning? : True
Is IST_5 spanning? : True
Are all ISTs independent? : True

====TEST CR(591, 78, 156)====
Is IST_0 spanning? : True
Is IST_1 spanning? : True
Is IST_2 spanning? : True
Is IST_3 spanning? : True
Is IST_4 spanning? : True
Is IST_5 spanning? : True
Are all ISTs independent? : True

====TEST CR(592, 78, 156)====
Is IST_0 spanning? : True
Is IST_1 spanning? : True
Is IST_2 spanning? : True
Is IST_3 spanning? : True
Is IST_4 spanning? : True
Is IST_5 spanning? : True
Are all ISTs independent? : True

====TEST CR(593, 78, 156)====
Is IST_0 spanning? : True
Is IST_1 spanning? : True
Is IST_2 spanning? : True
Is IST_3 spanning? : True
Is IST_4 spanning? : True
Is IST_5 spanning? : True
Are all ISTs independent? : True

====TEST CR(594, 78, 156)====
Is IST_0 spanning? : True
Is IST_1 spanning? : True
Is IST_2 spanning? : True
Is IST_3 spanning? : True
Is IST_4 spanning? : True
Is IST_5 spanning? : True
Are all ISTs independent? : True

====TEST CR(595, 78, 156)====
Is IST_0 spanning? : True
Is IST_1 spanning? : True
Is IST_2 spanning? : True
Is IST_3 spanning? : True
Is IST_4 spanning? : True
Is IST_5 spanning? : True
Are all ISTs independent? : True

====TEST CR(596, 78, 156)====
Is IST_0 spanning? : True
Is IST_1 spanning? : True
Is IST_2 spanning? : True
Is IST_3 spanning? : True
Is IST_4 spanning? : True
Is IST_5 spanning? : True
Are all ISTs independent? : True

====TEST CR(474, 79, 158)====
Is IST_0 spanning? : True
Is IST_1 spanning? : True
Is IST_2 spanning? : True
Is IST_3 spanning? : True
Is IST_4 spanning? : True
Is IST_5 spanning? : True
Are all ISTs independent? : True

====TEST CR(475, 79, 158)====
Is IST_0 spanning? : True
Is IST_1 spanning? : True
Is IST_2 spanning? : True
Is IST_3 spanning? : True
Is IST_4 spanning? : True
Is IST_5 spanning? : True
Are all ISTs independent? : True

====TEST CR(476, 79, 158)====
Is IST_0 spanning? : True
Is IST_1 spanning? : True
Is IST_2 spanning? : True
Is IST_3 spanning? : True
Is IST_4 spanning? : True
Is IST_5 spanning? : True
Are all ISTs independent? : True

====TEST CR(477, 79, 158)====
Is IST_0 spanning? : True
Is IST_1 spanning? : True
Is IST_2 spanning? : True
Is IST_3 spanning? : True
Is IST_4 spanning? : True
Is IST_5 spanning? : True
Are all ISTs independent? : True

====TEST CR(478, 79, 158)====
Is IST_0 spanning? : True
Is IST_1 spanning? : True
Is IST_2 spanning? : True
Is IST_3 spanning? : True
Is IST_4 spanning? : True
Is IST_5 spanning? : True
Are all ISTs independent? : True

====TEST CR(479, 79, 158)====
Is IST_0 spanning? : True
Is IST_1 spanning? : True
Is IST_2 spanning? : True
Is IST_3 spanning? : True
Is IST_4 spanning? : True
Is IST_5 spanning? : True
Are all ISTs independent? : True

====TEST CR(480, 79, 158)====
Is IST_0 spanning? : True
Is IST_1 spanning? : True
Is IST_2 spanning? : True
Is IST_3 spanning? : True
Is IST_4 spanning? : True
Is IST_5 spanning? : True
Are all ISTs independent? : True

====TEST CR(481, 79, 158)====
Is IST_0 spanning? : True
Is IST_1 spanning? : True
Is IST_2 spanning? : True
Is IST_3 spanning? : True
Is IST_4 spanning? : True
Is IST_5 spanning? : True
Are all ISTs independent? : True

====TEST CR(482, 79, 158)====
Is IST_0 spanning? : True
Is IST_1 spanning? : True
Is IST_2 spanning? : True
Is IST_3 spanning? : True
Is IST_4 spanning? : True
Is IST_5 spanning? : True
Are all ISTs independent? : True

====TEST CR(483, 79, 158)====
Is IST_0 spanning? : True
Is IST_1 spanning? : True
Is IST_2 spanning? : True
Is IST_3 spanning? : True
Is IST_4 spanning? : True
Is IST_5 spanning? : True
Are all ISTs independent? : True

====TEST CR(484, 79, 158)====
Is IST_0 spanning? : True
Is IST_1 spanning? : True
Is IST_2 spanning? : True
Is IST_3 spanning? : True
Is IST_4 spanning? : True
Is IST_5 spanning? : True
Are all ISTs independent? : True

====TEST CR(485, 79, 158)====
Is IST_0 spanning? : True
Is IST_1 spanning? : True
Is IST_2 spanning? : True
Is IST_3 spanning? : True
Is IST_4 spanning? : True
Is IST_5 spanning? : True
Are all ISTs independent? : True

====TEST CR(486, 79, 158)====
Is IST_0 spanning? : True
Is IST_1 spanning? : True
Is IST_2 spanning? : True
Is IST_3 spanning? : True
Is IST_4 spanning? : True
Is IST_5 spanning? : True
Are all ISTs independent? : True

====TEST CR(487, 79, 158)====
Is IST_0 spanning? : True
Is IST_1 spanning? : True
Is IST_2 spanning? : True
Is IST_3 spanning? : True
Is IST_4 spanning? : True
Is IST_5 spanning? : True
Are all ISTs independent? : True

====TEST CR(488, 79, 158)====
Is IST_0 spanning? : True
Is IST_1 spanning? : True
Is IST_2 spanning? : True
Is IST_3 spanning? : True
Is IST_4 spanning? : True
Is IST_5 spanning? : True
Are all ISTs independent? : True

====TEST CR(489, 79, 158)====
Is IST_0 spanning? : True
Is IST_1 spanning? : True
Is IST_2 spanning? : True
Is IST_3 spanning? : True
Is IST_4 spanning? : True
Is IST_5 spanning? : True
Are all ISTs independent? : True

====TEST CR(490, 79, 158)====
Is IST_0 spanning? : True
Is IST_1 spanning? : True
Is IST_2 spanning? : True
Is IST_3 spanning? : True
Is IST_4 spanning? : True
Is IST_5 spanning? : True
Are all ISTs independent? : True

====TEST CR(491, 79, 158)====
Is IST_0 spanning? : True
Is IST_1 spanning? : True
Is IST_2 spanning? : True
Is IST_3 spanning? : True
Is IST_4 spanning? : True
Is IST_5 spanning? : True
Are all ISTs independent? : True

====TEST CR(492, 79, 158)====
Is IST_0 spanning? : True
Is IST_1 spanning? : True
Is IST_2 spanning? : True
Is IST_3 spanning? : True
Is IST_4 spanning? : True
Is IST_5 spanning? : True
Are all ISTs independent? : True

====TEST CR(493, 79, 158)====
Is IST_0 spanning? : True
Is IST_1 spanning? : True
Is IST_2 spanning? : True
Is IST_3 spanning? : True
Is IST_4 spanning? : True
Is IST_5 spanning? : True
Are all ISTs independent? : True

====TEST CR(494, 79, 158)====
Is IST_0 spanning? : True
Is IST_1 spanning? : True
Is IST_2 spanning? : True
Is IST_3 spanning? : True
Is IST_4 spanning? : True
Is IST_5 spanning? : True
Are all ISTs independent? : True

====TEST CR(495, 79, 158)====
Is IST_0 spanning? : True
Is IST_1 spanning? : True
Is IST_2 spanning? : True
Is IST_3 spanning? : True
Is IST_4 spanning? : True
Is IST_5 spanning? : True
Are all ISTs independent? : True

====TEST CR(496, 79, 158)====
Is IST_0 spanning? : True
Is IST_1 spanning? : True
Is IST_2 spanning? : True
Is IST_3 spanning? : True
Is IST_4 spanning? : True
Is IST_5 spanning? : True
Are all ISTs independent? : True

====TEST CR(497, 79, 158)====
Is IST_0 spanning? : True
Is IST_1 spanning? : True
Is IST_2 spanning? : True
Is IST_3 spanning? : True
Is IST_4 spanning? : True
Is IST_5 spanning? : True
Are all ISTs independent? : True

====TEST CR(498, 79, 158)====
Is IST_0 spanning? : True
Is IST_1 spanning? : True
Is IST_2 spanning? : True
Is IST_3 spanning? : True
Is IST_4 spanning? : True
Is IST_5 spanning? : True
Are all ISTs independent? : True

====TEST CR(499, 79, 158)====
Is IST_0 spanning? : True
Is IST_1 spanning? : True
Is IST_2 spanning? : True
Is IST_3 spanning? : True
Is IST_4 spanning? : True
Is IST_5 spanning? : True
Are all ISTs independent? : True

====TEST CR(500, 79, 158)====
Is IST_0 spanning? : True
Is IST_1 spanning? : True
Is IST_2 spanning? : True
Is IST_3 spanning? : True
Is IST_4 spanning? : True
Is IST_5 spanning? : True
Are all ISTs independent? : True

====TEST CR(501, 79, 158)====
Is IST_0 spanning? : True
Is IST_1 spanning? : True
Is IST_2 spanning? : True
Is IST_3 spanning? : True
Is IST_4 spanning? : True
Is IST_5 spanning? : True
Are all ISTs independent? : True

====TEST CR(502, 79, 158)====
Is IST_0 spanning? : True
Is IST_1 spanning? : True
Is IST_2 spanning? : True
Is IST_3 spanning? : True
Is IST_4 spanning? : True
Is IST_5 spanning? : True
Are all ISTs independent? : True

====TEST CR(503, 79, 158)====
Is IST_0 spanning? : True
Is IST_1 spanning? : True
Is IST_2 spanning? : True
Is IST_3 spanning? : True
Is IST_4 spanning? : True
Is IST_5 spanning? : True
Are all ISTs independent? : True

====TEST CR(504, 79, 158)====
Is IST_0 spanning? : True
Is IST_1 spanning? : True
Is IST_2 spanning? : True
Is IST_3 spanning? : True
Is IST_4 spanning? : True
Is IST_5 spanning? : True
Are all ISTs independent? : True

====TEST CR(505, 79, 158)====
Is IST_0 spanning? : True
Is IST_1 spanning? : True
Is IST_2 spanning? : True
Is IST_3 spanning? : True
Is IST_4 spanning? : True
Is IST_5 spanning? : True
Are all ISTs independent? : True

====TEST CR(506, 79, 158)====
Is IST_0 spanning? : True
Is IST_1 spanning? : True
Is IST_2 spanning? : True
Is IST_3 spanning? : True
Is IST_4 spanning? : True
Is IST_5 spanning? : True
Are all ISTs independent? : True

====TEST CR(507, 79, 158)====
Is IST_0 spanning? : True
Is IST_1 spanning? : True
Is IST_2 spanning? : True
Is IST_3 spanning? : True
Is IST_4 spanning? : True
Is IST_5 spanning? : True
Are all ISTs independent? : True

====TEST CR(508, 79, 158)====
Is IST_0 spanning? : True
Is IST_1 spanning? : True
Is IST_2 spanning? : True
Is IST_3 spanning? : True
Is IST_4 spanning? : True
Is IST_5 spanning? : True
Are all ISTs independent? : True

====TEST CR(509, 79, 158)====
Is IST_0 spanning? : True
Is IST_1 spanning? : True
Is IST_2 spanning? : True
Is IST_3 spanning? : True
Is IST_4 spanning? : True
Is IST_5 spanning? : True
Are all ISTs independent? : True

====TEST CR(510, 79, 158)====
Is IST_0 spanning? : True
Is IST_1 spanning? : True
Is IST_2 spanning? : True
Is IST_3 spanning? : True
Is IST_4 spanning? : True
Is IST_5 spanning? : True
Are all ISTs independent? : True

====TEST CR(511, 79, 158)====
Is IST_0 spanning? : True
Is IST_1 spanning? : True
Is IST_2 spanning? : True
Is IST_3 spanning? : True
Is IST_4 spanning? : True
Is IST_5 spanning? : True
Are all ISTs independent? : True

====TEST CR(512, 79, 158)====
Is IST_0 spanning? : True
Is IST_1 spanning? : True
Is IST_2 spanning? : True
Is IST_3 spanning? : True
Is IST_4 spanning? : True
Is IST_5 spanning? : True
Are all ISTs independent? : True

====TEST CR(513, 79, 158)====
Is IST_0 spanning? : True
Is IST_1 spanning? : True
Is IST_2 spanning? : True
Is IST_3 spanning? : True
Is IST_4 spanning? : True
Is IST_5 spanning? : True
Are all ISTs independent? : True

====TEST CR(514, 79, 158)====
Is IST_0 spanning? : True
Is IST_1 spanning? : True
Is IST_2 spanning? : True
Is IST_3 spanning? : True
Is IST_4 spanning? : True
Is IST_5 spanning? : True
Are all ISTs independent? : True

====TEST CR(515, 79, 158)====
Is IST_0 spanning? : True
Is IST_1 spanning? : True
Is IST_2 spanning? : True
Is IST_3 spanning? : True
Is IST_4 spanning? : True
Is IST_5 spanning? : True
Are all ISTs independent? : True

====TEST CR(516, 79, 158)====
Is IST_0 spanning? : True
Is IST_1 spanning? : True
Is IST_2 spanning? : True
Is IST_3 spanning? : True
Is IST_4 spanning? : True
Is IST_5 spanning? : True
Are all ISTs independent? : True

====TEST CR(517, 79, 158)====
Is IST_0 spanning? : True
Is IST_1 spanning? : True
Is IST_2 spanning? : True
Is IST_3 spanning? : True
Is IST_4 spanning? : True
Is IST_5 spanning? : True
Are all ISTs independent? : True

====TEST CR(518, 79, 158)====
Is IST_0 spanning? : True
Is IST_1 spanning? : True
Is IST_2 spanning? : True
Is IST_3 spanning? : True
Is IST_4 spanning? : True
Is IST_5 spanning? : True
Are all ISTs independent? : True

====TEST CR(519, 79, 158)====
Is IST_0 spanning? : True
Is IST_1 spanning? : True
Is IST_2 spanning? : True
Is IST_3 spanning? : True
Is IST_4 spanning? : True
Is IST_5 spanning? : True
Are all ISTs independent? : True

====TEST CR(520, 79, 158)====
Is IST_0 spanning? : True
Is IST_1 spanning? : True
Is IST_2 spanning? : True
Is IST_3 spanning? : True
Is IST_4 spanning? : True
Is IST_5 spanning? : True
Are all ISTs independent? : True

====TEST CR(521, 79, 158)====
Is IST_0 spanning? : True
Is IST_1 spanning? : True
Is IST_2 spanning? : True
Is IST_3 spanning? : True
Is IST_4 spanning? : True
Is IST_5 spanning? : True
Are all ISTs independent? : True

====TEST CR(522, 79, 158)====
Is IST_0 spanning? : True
Is IST_1 spanning? : True
Is IST_2 spanning? : True
Is IST_3 spanning? : True
Is IST_4 spanning? : True
Is IST_5 spanning? : True
Are all ISTs independent? : True

====TEST CR(523, 79, 158)====
Is IST_0 spanning? : True
Is IST_1 spanning? : True
Is IST_2 spanning? : True
Is IST_3 spanning? : True
Is IST_4 spanning? : True
Is IST_5 spanning? : True
Are all ISTs independent? : True

====TEST CR(524, 79, 158)====
Is IST_0 spanning? : True
Is IST_1 spanning? : True
Is IST_2 spanning? : True
Is IST_3 spanning? : True
Is IST_4 spanning? : True
Is IST_5 spanning? : True
Are all ISTs independent? : True

====TEST CR(525, 79, 158)====
Is IST_0 spanning? : True
Is IST_1 spanning? : True
Is IST_2 spanning? : True
Is IST_3 spanning? : True
Is IST_4 spanning? : True
Is IST_5 spanning? : True
Are all ISTs independent? : True

====TEST CR(526, 79, 158)====
Is IST_0 spanning? : True
Is IST_1 spanning? : True
Is IST_2 spanning? : True
Is IST_3 spanning? : True
Is IST_4 spanning? : True
Is IST_5 spanning? : True
Are all ISTs independent? : True

====TEST CR(527, 79, 158)====
Is IST_0 spanning? : True
Is IST_1 spanning? : True
Is IST_2 spanning? : True
Is IST_3 spanning? : True
Is IST_4 spanning? : True
Is IST_5 spanning? : True
Are all ISTs independent? : True

====TEST CR(528, 79, 158)====
Is IST_0 spanning? : True
Is IST_1 spanning? : True
Is IST_2 spanning? : True
Is IST_3 spanning? : True
Is IST_4 spanning? : True
Is IST_5 spanning? : True
Are all ISTs independent? : True

====TEST CR(529, 79, 158)====
Is IST_0 spanning? : True
Is IST_1 spanning? : True
Is IST_2 spanning? : True
Is IST_3 spanning? : True
Is IST_4 spanning? : True
Is IST_5 spanning? : True
Are all ISTs independent? : True

====TEST CR(530, 79, 158)====
Is IST_0 spanning? : True
Is IST_1 spanning? : True
Is IST_2 spanning? : True
Is IST_3 spanning? : True
Is IST_4 spanning? : True
Is IST_5 spanning? : True
Are all ISTs independent? : True

====TEST CR(531, 79, 158)====
Is IST_0 spanning? : True
Is IST_1 spanning? : True
Is IST_2 spanning? : True
Is IST_3 spanning? : True
Is IST_4 spanning? : True
Is IST_5 spanning? : True
Are all ISTs independent? : True

====TEST CR(532, 79, 158)====
Is IST_0 spanning? : True
Is IST_1 spanning? : True
Is IST_2 spanning? : True
Is IST_3 spanning? : True
Is IST_4 spanning? : True
Is IST_5 spanning? : True
Are all ISTs independent? : True

====TEST CR(533, 79, 158)====
Is IST_0 spanning? : True
Is IST_1 spanning? : True
Is IST_2 spanning? : True
Is IST_3 spanning? : True
Is IST_4 spanning? : True
Is IST_5 spanning? : True
Are all ISTs independent? : True

====TEST CR(534, 79, 158)====
Is IST_0 spanning? : True
Is IST_1 spanning? : True
Is IST_2 spanning? : True
Is IST_3 spanning? : True
Is IST_4 spanning? : True
Is IST_5 spanning? : True
Are all ISTs independent? : True

====TEST CR(535, 79, 158)====
Is IST_0 spanning? : True
Is IST_1 spanning? : True
Is IST_2 spanning? : True
Is IST_3 spanning? : True
Is IST_4 spanning? : True
Is IST_5 spanning? : True
Are all ISTs independent? : True

====TEST CR(536, 79, 158)====
Is IST_0 spanning? : True
Is IST_1 spanning? : True
Is IST_2 spanning? : True
Is IST_3 spanning? : True
Is IST_4 spanning? : True
Is IST_5 spanning? : True
Are all ISTs independent? : True

====TEST CR(537, 79, 158)====
Is IST_0 spanning? : True
Is IST_1 spanning? : True
Is IST_2 spanning? : True
Is IST_3 spanning? : True
Is IST_4 spanning? : True
Is IST_5 spanning? : True
Are all ISTs independent? : True

====TEST CR(538, 79, 158)====
Is IST_0 spanning? : True
Is IST_1 spanning? : True
Is IST_2 spanning? : True
Is IST_3 spanning? : True
Is IST_4 spanning? : True
Is IST_5 spanning? : True
Are all ISTs independent? : True

====TEST CR(539, 79, 158)====
Is IST_0 spanning? : True
Is IST_1 spanning? : True
Is IST_2 spanning? : True
Is IST_3 spanning? : True
Is IST_4 spanning? : True
Is IST_5 spanning? : True
Are all ISTs independent? : True

====TEST CR(540, 79, 158)====
Is IST_0 spanning? : True
Is IST_1 spanning? : True
Is IST_2 spanning? : True
Is IST_3 spanning? : True
Is IST_4 spanning? : True
Is IST_5 spanning? : True
Are all ISTs independent? : True

====TEST CR(541, 79, 158)====
Is IST_0 spanning? : True
Is IST_1 spanning? : True
Is IST_2 spanning? : True
Is IST_3 spanning? : True
Is IST_4 spanning? : True
Is IST_5 spanning? : True
Are all ISTs independent? : True

====TEST CR(542, 79, 158)====
Is IST_0 spanning? : True
Is IST_1 spanning? : True
Is IST_2 spanning? : True
Is IST_3 spanning? : True
Is IST_4 spanning? : True
Is IST_5 spanning? : True
Are all ISTs independent? : True

====TEST CR(543, 79, 158)====
Is IST_0 spanning? : True
Is IST_1 spanning? : True
Is IST_2 spanning? : True
Is IST_3 spanning? : True
Is IST_4 spanning? : True
Is IST_5 spanning? : True
Are all ISTs independent? : True

====TEST CR(544, 79, 158)====
Is IST_0 spanning? : True
Is IST_1 spanning? : True
Is IST_2 spanning? : True
Is IST_3 spanning? : True
Is IST_4 spanning? : True
Is IST_5 spanning? : True
Are all ISTs independent? : True

====TEST CR(545, 79, 158)====
Is IST_0 spanning? : True
Is IST_1 spanning? : True
Is IST_2 spanning? : True
Is IST_3 spanning? : True
Is IST_4 spanning? : True
Is IST_5 spanning? : True
Are all ISTs independent? : True

====TEST CR(546, 79, 158)====
Is IST_0 spanning? : True
Is IST_1 spanning? : True
Is IST_2 spanning? : True
Is IST_3 spanning? : True
Is IST_4 spanning? : True
Is IST_5 spanning? : True
Are all ISTs independent? : True

====TEST CR(547, 79, 158)====
Is IST_0 spanning? : True
Is IST_1 spanning? : True
Is IST_2 spanning? : True
Is IST_3 spanning? : True
Is IST_4 spanning? : True
Is IST_5 spanning? : True
Are all ISTs independent? : True

====TEST CR(548, 79, 158)====
Is IST_0 spanning? : True
Is IST_1 spanning? : True
Is IST_2 spanning? : True
Is IST_3 spanning? : True
Is IST_4 spanning? : True
Is IST_5 spanning? : True
Are all ISTs independent? : True

====TEST CR(549, 79, 158)====
Is IST_0 spanning? : True
Is IST_1 spanning? : True
Is IST_2 spanning? : True
Is IST_3 spanning? : True
Is IST_4 spanning? : True
Is IST_5 spanning? : True
Are all ISTs independent? : True

====TEST CR(550, 79, 158)====
Is IST_0 spanning? : True
Is IST_1 spanning? : True
Is IST_2 spanning? : True
Is IST_3 spanning? : True
Is IST_4 spanning? : True
Is IST_5 spanning? : True
Are all ISTs independent? : True

====TEST CR(551, 79, 158)====
Is IST_0 spanning? : True
Is IST_1 spanning? : True
Is IST_2 spanning? : True
Is IST_3 spanning? : True
Is IST_4 spanning? : True
Is IST_5 spanning? : True
Are all ISTs independent? : True

====TEST CR(552, 79, 158)====
Is IST_0 spanning? : True
Is IST_1 spanning? : True
Is IST_2 spanning? : True
Is IST_3 spanning? : True
Is IST_4 spanning? : True
Is IST_5 spanning? : True
Are all ISTs independent? : True

====TEST CR(553, 79, 158)====
Is IST_0 spanning? : True
Is IST_1 spanning? : True
Is IST_2 spanning? : True
Is IST_3 spanning? : True
Is IST_4 spanning? : True
Is IST_5 spanning? : True
Are all ISTs independent? : True

====TEST CR(554, 79, 158)====
Is IST_0 spanning? : True
Is IST_1 spanning? : True
Is IST_2 spanning? : True
Is IST_3 spanning? : True
Is IST_4 spanning? : True
Is IST_5 spanning? : True
Are all ISTs independent? : True

====TEST CR(555, 79, 158)====
Is IST_0 spanning? : True
Is IST_1 spanning? : True
Is IST_2 spanning? : True
Is IST_3 spanning? : True
Is IST_4 spanning? : True
Is IST_5 spanning? : True
Are all ISTs independent? : True

====TEST CR(556, 79, 158)====
Is IST_0 spanning? : True
Is IST_1 spanning? : True
Is IST_2 spanning? : True
Is IST_3 spanning? : True
Is IST_4 spanning? : True
Is IST_5 spanning? : True
Are all ISTs independent? : True

====TEST CR(557, 79, 158)====
Is IST_0 spanning? : True
Is IST_1 spanning? : True
Is IST_2 spanning? : True
Is IST_3 spanning? : True
Is IST_4 spanning? : True
Is IST_5 spanning? : True
Are all ISTs independent? : True

====TEST CR(558, 79, 158)====
Is IST_0 spanning? : True
Is IST_1 spanning? : True
Is IST_2 spanning? : True
Is IST_3 spanning? : True
Is IST_4 spanning? : True
Is IST_5 spanning? : True
Are all ISTs independent? : True

====TEST CR(559, 79, 158)====
Is IST_0 spanning? : True
Is IST_1 spanning? : True
Is IST_2 spanning? : True
Is IST_3 spanning? : True
Is IST_4 spanning? : True
Is IST_5 spanning? : True
Are all ISTs independent? : True

====TEST CR(560, 79, 158)====
Is IST_0 spanning? : True
Is IST_1 spanning? : True
Is IST_2 spanning? : True
Is IST_3 spanning? : True
Is IST_4 spanning? : True
Is IST_5 spanning? : True
Are all ISTs independent? : True

====TEST CR(561, 79, 158)====
Is IST_0 spanning? : True
Is IST_1 spanning? : True
Is IST_2 spanning? : True
Is IST_3 spanning? : True
Is IST_4 spanning? : True
Is IST_5 spanning? : True
Are all ISTs independent? : True

====TEST CR(562, 79, 158)====
Is IST_0 spanning? : True
Is IST_1 spanning? : True
Is IST_2 spanning? : True
Is IST_3 spanning? : True
Is IST_4 spanning? : True
Is IST_5 spanning? : True
Are all ISTs independent? : True

====TEST CR(563, 79, 158)====
Is IST_0 spanning? : True
Is IST_1 spanning? : True
Is IST_2 spanning? : True
Is IST_3 spanning? : True
Is IST_4 spanning? : True
Is IST_5 spanning? : True
Are all ISTs independent? : True

====TEST CR(564, 79, 158)====
Is IST_0 spanning? : True
Is IST_1 spanning? : True
Is IST_2 spanning? : True
Is IST_3 spanning? : True
Is IST_4 spanning? : True
Is IST_5 spanning? : True
Are all ISTs independent? : True

====TEST CR(565, 79, 158)====
Is IST_0 spanning? : True
Is IST_1 spanning? : True
Is IST_2 spanning? : True
Is IST_3 spanning? : True
Is IST_4 spanning? : True
Is IST_5 spanning? : True
Are all ISTs independent? : True

====TEST CR(566, 79, 158)====
Is IST_0 spanning? : True
Is IST_1 spanning? : True
Is IST_2 spanning? : True
Is IST_3 spanning? : True
Is IST_4 spanning? : True
Is IST_5 spanning? : True
Are all ISTs independent? : True

====TEST CR(567, 79, 158)====
Is IST_0 spanning? : True
Is IST_1 spanning? : True
Is IST_2 spanning? : True
Is IST_3 spanning? : True
Is IST_4 spanning? : True
Is IST_5 spanning? : True
Are all ISTs independent? : True

====TEST CR(568, 79, 158)====
Is IST_0 spanning? : True
Is IST_1 spanning? : True
Is IST_2 spanning? : True
Is IST_3 spanning? : True
Is IST_4 spanning? : True
Is IST_5 spanning? : True
Are all ISTs independent? : True

====TEST CR(569, 79, 158)====
Is IST_0 spanning? : True
Is IST_1 spanning? : True
Is IST_2 spanning? : True
Is IST_3 spanning? : True
Is IST_4 spanning? : True
Is IST_5 spanning? : True
Are all ISTs independent? : True

====TEST CR(570, 79, 158)====
Is IST_0 spanning? : True
Is IST_1 spanning? : True
Is IST_2 spanning? : True
Is IST_3 spanning? : True
Is IST_4 spanning? : True
Is IST_5 spanning? : True
Are all ISTs independent? : True

====TEST CR(571, 79, 158)====
Is IST_0 spanning? : True
Is IST_1 spanning? : True
Is IST_2 spanning? : True
Is IST_3 spanning? : True
Is IST_4 spanning? : True
Is IST_5 spanning? : True
Are all ISTs independent? : True

====TEST CR(572, 79, 158)====
Is IST_0 spanning? : True
Is IST_1 spanning? : True
Is IST_2 spanning? : True
Is IST_3 spanning? : True
Is IST_4 spanning? : True
Is IST_5 spanning? : True
Are all ISTs independent? : True

====TEST CR(573, 79, 158)====
Is IST_0 spanning? : True
Is IST_1 spanning? : True
Is IST_2 spanning? : True
Is IST_3 spanning? : True
Is IST_4 spanning? : True
Is IST_5 spanning? : True
Are all ISTs independent? : True

====TEST CR(574, 79, 158)====
Is IST_0 spanning? : True
Is IST_1 spanning? : True
Is IST_2 spanning? : True
Is IST_3 spanning? : True
Is IST_4 spanning? : True
Is IST_5 spanning? : True
Are all ISTs independent? : True

====TEST CR(575, 79, 158)====
Is IST_0 spanning? : True
Is IST_1 spanning? : True
Is IST_2 spanning? : True
Is IST_3 spanning? : True
Is IST_4 spanning? : True
Is IST_5 spanning? : True
Are all ISTs independent? : True

====TEST CR(576, 79, 158)====
Is IST_0 spanning? : True
Is IST_1 spanning? : True
Is IST_2 spanning? : True
Is IST_3 spanning? : True
Is IST_4 spanning? : True
Is IST_5 spanning? : True
Are all ISTs independent? : True

====TEST CR(577, 79, 158)====
Is IST_0 spanning? : True
Is IST_1 spanning? : True
Is IST_2 spanning? : True
Is IST_3 spanning? : True
Is IST_4 spanning? : True
Is IST_5 spanning? : True
Are all ISTs independent? : True

====TEST CR(578, 79, 158)====
Is IST_0 spanning? : True
Is IST_1 spanning? : True
Is IST_2 spanning? : True
Is IST_3 spanning? : True
Is IST_4 spanning? : True
Is IST_5 spanning? : True
Are all ISTs independent? : True

====TEST CR(579, 79, 158)====
Is IST_0 spanning? : True
Is IST_1 spanning? : True
Is IST_2 spanning? : True
Is IST_3 spanning? : True
Is IST_4 spanning? : True
Is IST_5 spanning? : True
Are all ISTs independent? : True

====TEST CR(580, 79, 158)====
Is IST_0 spanning? : True
Is IST_1 spanning? : True
Is IST_2 spanning? : True
Is IST_3 spanning? : True
Is IST_4 spanning? : True
Is IST_5 spanning? : True
Are all ISTs independent? : True

====TEST CR(581, 79, 158)====
Is IST_0 spanning? : True
Is IST_1 spanning? : True
Is IST_2 spanning? : True
Is IST_3 spanning? : True
Is IST_4 spanning? : True
Is IST_5 spanning? : True
Are all ISTs independent? : True

====TEST CR(582, 79, 158)====
Is IST_0 spanning? : True
Is IST_1 spanning? : True
Is IST_2 spanning? : True
Is IST_3 spanning? : True
Is IST_4 spanning? : True
Is IST_5 spanning? : True
Are all ISTs independent? : True

====TEST CR(583, 79, 158)====
Is IST_0 spanning? : True
Is IST_1 spanning? : True
Is IST_2 spanning? : True
Is IST_3 spanning? : True
Is IST_4 spanning? : True
Is IST_5 spanning? : True
Are all ISTs independent? : True

====TEST CR(584, 79, 158)====
Is IST_0 spanning? : True
Is IST_1 spanning? : True
Is IST_2 spanning? : True
Is IST_3 spanning? : True
Is IST_4 spanning? : True
Is IST_5 spanning? : True
Are all ISTs independent? : True

====TEST CR(585, 79, 158)====
Is IST_0 spanning? : True
Is IST_1 spanning? : True
Is IST_2 spanning? : True
Is IST_3 spanning? : True
Is IST_4 spanning? : True
Is IST_5 spanning? : True
Are all ISTs independent? : True

====TEST CR(586, 79, 158)====
Is IST_0 spanning? : True
Is IST_1 spanning? : True
Is IST_2 spanning? : True
Is IST_3 spanning? : True
Is IST_4 spanning? : True
Is IST_5 spanning? : True
Are all ISTs independent? : True

====TEST CR(587, 79, 158)====
Is IST_0 spanning? : True
Is IST_1 spanning? : True
Is IST_2 spanning? : True
Is IST_3 spanning? : True
Is IST_4 spanning? : True
Is IST_5 spanning? : True
Are all ISTs independent? : True

====TEST CR(588, 79, 158)====
Is IST_0 spanning? : True
Is IST_1 spanning? : True
Is IST_2 spanning? : True
Is IST_3 spanning? : True
Is IST_4 spanning? : True
Is IST_5 spanning? : True
Are all ISTs independent? : True

====TEST CR(589, 79, 158)====
Is IST_0 spanning? : True
Is IST_1 spanning? : True
Is IST_2 spanning? : True
Is IST_3 spanning? : True
Is IST_4 spanning? : True
Is IST_5 spanning? : True
Are all ISTs independent? : True

====TEST CR(590, 79, 158)====
Is IST_0 spanning? : True
Is IST_1 spanning? : True
Is IST_2 spanning? : True
Is IST_3 spanning? : True
Is IST_4 spanning? : True
Is IST_5 spanning? : True
Are all ISTs independent? : True

====TEST CR(591, 79, 158)====
Is IST_0 spanning? : True
Is IST_1 spanning? : True
Is IST_2 spanning? : True
Is IST_3 spanning? : True
Is IST_4 spanning? : True
Is IST_5 spanning? : True
Are all ISTs independent? : True

====TEST CR(592, 79, 158)====
Is IST_0 spanning? : True
Is IST_1 spanning? : True
Is IST_2 spanning? : True
Is IST_3 spanning? : True
Is IST_4 spanning? : True
Is IST_5 spanning? : True
Are all ISTs independent? : True

====TEST CR(593, 79, 158)====
Is IST_0 spanning? : True
Is IST_1 spanning? : True
Is IST_2 spanning? : True
Is IST_3 spanning? : True
Is IST_4 spanning? : True
Is IST_5 spanning? : True
Are all ISTs independent? : True

====TEST CR(594, 79, 158)====
Is IST_0 spanning? : True
Is IST_1 spanning? : True
Is IST_2 spanning? : True
Is IST_3 spanning? : True
Is IST_4 spanning? : True
Is IST_5 spanning? : True
Are all ISTs independent? : True

====TEST CR(595, 79, 158)====
Is IST_0 spanning? : True
Is IST_1 spanning? : True
Is IST_2 spanning? : True
Is IST_3 spanning? : True
Is IST_4 spanning? : True
Is IST_5 spanning? : True
Are all ISTs independent? : True

====TEST CR(596, 79, 158)====
Is IST_0 spanning? : True
Is IST_1 spanning? : True
Is IST_2 spanning? : True
Is IST_3 spanning? : True
Is IST_4 spanning? : True
Is IST_5 spanning? : True
Are all ISTs independent? : True

====TEST CR(597, 79, 158)====
Is IST_0 spanning? : True
Is IST_1 spanning? : True
Is IST_2 spanning? : True
Is IST_3 spanning? : True
Is IST_4 spanning? : True
Is IST_5 spanning? : True
Are all ISTs independent? : True

====TEST CR(598, 79, 158)====
Is IST_0 spanning? : True
Is IST_1 spanning? : True
Is IST_2 spanning? : True
Is IST_3 spanning? : True
Is IST_4 spanning? : True
Is IST_5 spanning? : True
Are all ISTs independent? : True

====TEST CR(599, 79, 158)====
Is IST_0 spanning? : True
Is IST_1 spanning? : True
Is IST_2 spanning? : True
Is IST_3 spanning? : True
Is IST_4 spanning? : True
Is IST_5 spanning? : True
Are all ISTs independent? : True

====TEST CR(600, 79, 158)====
Is IST_0 spanning? : True
Is IST_1 spanning? : True
Is IST_2 spanning? : True
Is IST_3 spanning? : True
Is IST_4 spanning? : True
Is IST_5 spanning? : True
Are all ISTs independent? : True

====TEST CR(601, 79, 158)====
Is IST_0 spanning? : True
Is IST_1 spanning? : True
Is IST_2 spanning? : True
Is IST_3 spanning? : True
Is IST_4 spanning? : True
Is IST_5 spanning? : True
Are all ISTs independent? : True

====TEST CR(602, 79, 158)====
Is IST_0 spanning? : True
Is IST_1 spanning? : True
Is IST_2 spanning? : True
Is IST_3 spanning? : True
Is IST_4 spanning? : True
Is IST_5 spanning? : True
Are all ISTs independent? : True

====TEST CR(480, 80, 160)====
Is IST_0 spanning? : True
Is IST_1 spanning? : True
Is IST_2 spanning? : True
Is IST_3 spanning? : True
Is IST_4 spanning? : True
Is IST_5 spanning? : True
Are all ISTs independent? : True

====TEST CR(481, 80, 160)====
Is IST_0 spanning? : True
Is IST_1 spanning? : True
Is IST_2 spanning? : True
Is IST_3 spanning? : True
Is IST_4 spanning? : True
Is IST_5 spanning? : True
Are all ISTs independent? : True

====TEST CR(482, 80, 160)====
Is IST_0 spanning? : True
Is IST_1 spanning? : True
Is IST_2 spanning? : True
Is IST_3 spanning? : True
Is IST_4 spanning? : True
Is IST_5 spanning? : True
Are all ISTs independent? : True

====TEST CR(483, 80, 160)====
Is IST_0 spanning? : True
Is IST_1 spanning? : True
Is IST_2 spanning? : True
Is IST_3 spanning? : True
Is IST_4 spanning? : True
Is IST_5 spanning? : True
Are all ISTs independent? : True

====TEST CR(484, 80, 160)====
Is IST_0 spanning? : True
Is IST_1 spanning? : True
Is IST_2 spanning? : True
Is IST_3 spanning? : True
Is IST_4 spanning? : True
Is IST_5 spanning? : True
Are all ISTs independent? : True

====TEST CR(485, 80, 160)====
Is IST_0 spanning? : True
Is IST_1 spanning? : True
Is IST_2 spanning? : True
Is IST_3 spanning? : True
Is IST_4 spanning? : True
Is IST_5 spanning? : True
Are all ISTs independent? : True

====TEST CR(486, 80, 160)====
Is IST_0 spanning? : True
Is IST_1 spanning? : True
Is IST_2 spanning? : True
Is IST_3 spanning? : True
Is IST_4 spanning? : True
Is IST_5 spanning? : True
Are all ISTs independent? : True

====TEST CR(487, 80, 160)====
Is IST_0 spanning? : True
Is IST_1 spanning? : True
Is IST_2 spanning? : True
Is IST_3 spanning? : True
Is IST_4 spanning? : True
Is IST_5 spanning? : True
Are all ISTs independent? : True

====TEST CR(488, 80, 160)====
Is IST_0 spanning? : True
Is IST_1 spanning? : True
Is IST_2 spanning? : True
Is IST_3 spanning? : True
Is IST_4 spanning? : True
Is IST_5 spanning? : True
Are all ISTs independent? : True

====TEST CR(489, 80, 160)====
Is IST_0 spanning? : True
Is IST_1 spanning? : True
Is IST_2 spanning? : True
Is IST_3 spanning? : True
Is IST_4 spanning? : True
Is IST_5 spanning? : True
Are all ISTs independent? : True

====TEST CR(490, 80, 160)====
Is IST_0 spanning? : True
Is IST_1 spanning? : True
Is IST_2 spanning? : True
Is IST_3 spanning? : True
Is IST_4 spanning? : True
Is IST_5 spanning? : True
Are all ISTs independent? : True

====TEST CR(491, 80, 160)====
Is IST_0 spanning? : True
Is IST_1 spanning? : True
Is IST_2 spanning? : True
Is IST_3 spanning? : True
Is IST_4 spanning? : True
Is IST_5 spanning? : True
Are all ISTs independent? : True

====TEST CR(492, 80, 160)====
Is IST_0 spanning? : True
Is IST_1 spanning? : True
Is IST_2 spanning? : True
Is IST_3 spanning? : True
Is IST_4 spanning? : True
Is IST_5 spanning? : True
Are all ISTs independent? : True

====TEST CR(493, 80, 160)====
Is IST_0 spanning? : True
Is IST_1 spanning? : True
Is IST_2 spanning? : True
Is IST_3 spanning? : True
Is IST_4 spanning? : True
Is IST_5 spanning? : True
Are all ISTs independent? : True

====TEST CR(494, 80, 160)====
Is IST_0 spanning? : True
Is IST_1 spanning? : True
Is IST_2 spanning? : True
Is IST_3 spanning? : True
Is IST_4 spanning? : True
Is IST_5 spanning? : True
Are all ISTs independent? : True

====TEST CR(495, 80, 160)====
Is IST_0 spanning? : True
Is IST_1 spanning? : True
Is IST_2 spanning? : True
Is IST_3 spanning? : True
Is IST_4 spanning? : True
Is IST_5 spanning? : True
Are all ISTs independent? : True

====TEST CR(496, 80, 160)====
Is IST_0 spanning? : True
Is IST_1 spanning? : True
Is IST_2 spanning? : True
Is IST_3 spanning? : True
Is IST_4 spanning? : True
Is IST_5 spanning? : True
Are all ISTs independent? : True

====TEST CR(497, 80, 160)====
Is IST_0 spanning? : True
Is IST_1 spanning? : True
Is IST_2 spanning? : True
Is IST_3 spanning? : True
Is IST_4 spanning? : True
Is IST_5 spanning? : True
Are all ISTs independent? : True

====TEST CR(498, 80, 160)====
Is IST_0 spanning? : True
Is IST_1 spanning? : True
Is IST_2 spanning? : True
Is IST_3 spanning? : True
Is IST_4 spanning? : True
Is IST_5 spanning? : True
Are all ISTs independent? : True

====TEST CR(499, 80, 160)====
Is IST_0 spanning? : True
Is IST_1 spanning? : True
Is IST_2 spanning? : True
Is IST_3 spanning? : True
Is IST_4 spanning? : True
Is IST_5 spanning? : True
Are all ISTs independent? : True

====TEST CR(500, 80, 160)====
Is IST_0 spanning? : True
Is IST_1 spanning? : True
Is IST_2 spanning? : True
Is IST_3 spanning? : True
Is IST_4 spanning? : True
Is IST_5 spanning? : True
Are all ISTs independent? : True

====TEST CR(501, 80, 160)====
Is IST_0 spanning? : True
Is IST_1 spanning? : True
Is IST_2 spanning? : True
Is IST_3 spanning? : True
Is IST_4 spanning? : True
Is IST_5 spanning? : True
Are all ISTs independent? : True

====TEST CR(502, 80, 160)====
Is IST_0 spanning? : True
Is IST_1 spanning? : True
Is IST_2 spanning? : True
Is IST_3 spanning? : True
Is IST_4 spanning? : True
Is IST_5 spanning? : True
Are all ISTs independent? : True

====TEST CR(503, 80, 160)====
Is IST_0 spanning? : True
Is IST_1 spanning? : True
Is IST_2 spanning? : True
Is IST_3 spanning? : True
Is IST_4 spanning? : True
Is IST_5 spanning? : True
Are all ISTs independent? : True

====TEST CR(504, 80, 160)====
Is IST_0 spanning? : True
Is IST_1 spanning? : True
Is IST_2 spanning? : True
Is IST_3 spanning? : True
Is IST_4 spanning? : True
Is IST_5 spanning? : True
Are all ISTs independent? : True

====TEST CR(505, 80, 160)====
Is IST_0 spanning? : True
Is IST_1 spanning? : True
Is IST_2 spanning? : True
Is IST_3 spanning? : True
Is IST_4 spanning? : True
Is IST_5 spanning? : True
Are all ISTs independent? : True

====TEST CR(506, 80, 160)====
Is IST_0 spanning? : True
Is IST_1 spanning? : True
Is IST_2 spanning? : True
Is IST_3 spanning? : True
Is IST_4 spanning? : True
Is IST_5 spanning? : True
Are all ISTs independent? : True

====TEST CR(507, 80, 160)====
Is IST_0 spanning? : True
Is IST_1 spanning? : True
Is IST_2 spanning? : True
Is IST_3 spanning? : True
Is IST_4 spanning? : True
Is IST_5 spanning? : True
Are all ISTs independent? : True

====TEST CR(508, 80, 160)====
Is IST_0 spanning? : True
Is IST_1 spanning? : True
Is IST_2 spanning? : True
Is IST_3 spanning? : True
Is IST_4 spanning? : True
Is IST_5 spanning? : True
Are all ISTs independent? : True

====TEST CR(509, 80, 160)====
Is IST_0 spanning? : True
Is IST_1 spanning? : True
Is IST_2 spanning? : True
Is IST_3 spanning? : True
Is IST_4 spanning? : True
Is IST_5 spanning? : True
Are all ISTs independent? : True

====TEST CR(510, 80, 160)====
Is IST_0 spanning? : True
Is IST_1 spanning? : True
Is IST_2 spanning? : True
Is IST_3 spanning? : True
Is IST_4 spanning? : True
Is IST_5 spanning? : True
Are all ISTs independent? : True

====TEST CR(511, 80, 160)====
Is IST_0 spanning? : True
Is IST_1 spanning? : True
Is IST_2 spanning? : True
Is IST_3 spanning? : True
Is IST_4 spanning? : True
Is IST_5 spanning? : True
Are all ISTs independent? : True

====TEST CR(512, 80, 160)====
Is IST_0 spanning? : True
Is IST_1 spanning? : True
Is IST_2 spanning? : True
Is IST_3 spanning? : True
Is IST_4 spanning? : True
Is IST_5 spanning? : True
Are all ISTs independent? : True

====TEST CR(513, 80, 160)====
Is IST_0 spanning? : True
Is IST_1 spanning? : True
Is IST_2 spanning? : True
Is IST_3 spanning? : True
Is IST_4 spanning? : True
Is IST_5 spanning? : True
Are all ISTs independent? : True

====TEST CR(514, 80, 160)====
Is IST_0 spanning? : True
Is IST_1 spanning? : True
Is IST_2 spanning? : True
Is IST_3 spanning? : True
Is IST_4 spanning? : True
Is IST_5 spanning? : True
Are all ISTs independent? : True

====TEST CR(515, 80, 160)====
Is IST_0 spanning? : True
Is IST_1 spanning? : True
Is IST_2 spanning? : True
Is IST_3 spanning? : True
Is IST_4 spanning? : True
Is IST_5 spanning? : True
Are all ISTs independent? : True

====TEST CR(516, 80, 160)====
Is IST_0 spanning? : True
Is IST_1 spanning? : True
Is IST_2 spanning? : True
Is IST_3 spanning? : True
Is IST_4 spanning? : True
Is IST_5 spanning? : True
Are all ISTs independent? : True

====TEST CR(517, 80, 160)====
Is IST_0 spanning? : True
Is IST_1 spanning? : True
Is IST_2 spanning? : True
Is IST_3 spanning? : True
Is IST_4 spanning? : True
Is IST_5 spanning? : True
Are all ISTs independent? : True

====TEST CR(518, 80, 160)====
Is IST_0 spanning? : True
Is IST_1 spanning? : True
Is IST_2 spanning? : True
Is IST_3 spanning? : True
Is IST_4 spanning? : True
Is IST_5 spanning? : True
Are all ISTs independent? : True

====TEST CR(519, 80, 160)====
Is IST_0 spanning? : True
Is IST_1 spanning? : True
Is IST_2 spanning? : True
Is IST_3 spanning? : True
Is IST_4 spanning? : True
Is IST_5 spanning? : True
Are all ISTs independent? : True

====TEST CR(520, 80, 160)====
Is IST_0 spanning? : True
Is IST_1 spanning? : True
Is IST_2 spanning? : True
Is IST_3 spanning? : True
Is IST_4 spanning? : True
Is IST_5 spanning? : True
Are all ISTs independent? : True

====TEST CR(521, 80, 160)====
Is IST_0 spanning? : True
Is IST_1 spanning? : True
Is IST_2 spanning? : True
Is IST_3 spanning? : True
Is IST_4 spanning? : True
Is IST_5 spanning? : True
Are all ISTs independent? : True

====TEST CR(522, 80, 160)====
Is IST_0 spanning? : True
Is IST_1 spanning? : True
Is IST_2 spanning? : True
Is IST_3 spanning? : True
Is IST_4 spanning? : True
Is IST_5 spanning? : True
Are all ISTs independent? : True

====TEST CR(523, 80, 160)====
Is IST_0 spanning? : True
Is IST_1 spanning? : True
Is IST_2 spanning? : True
Is IST_3 spanning? : True
Is IST_4 spanning? : True
Is IST_5 spanning? : True
Are all ISTs independent? : True

====TEST CR(524, 80, 160)====
Is IST_0 spanning? : True
Is IST_1 spanning? : True
Is IST_2 spanning? : True
Is IST_3 spanning? : True
Is IST_4 spanning? : True
Is IST_5 spanning? : True
Are all ISTs independent? : True

====TEST CR(525, 80, 160)====
Is IST_0 spanning? : True
Is IST_1 spanning? : True
Is IST_2 spanning? : True
Is IST_3 spanning? : True
Is IST_4 spanning? : True
Is IST_5 spanning? : True
Are all ISTs independent? : True

====TEST CR(526, 80, 160)====
Is IST_0 spanning? : True
Is IST_1 spanning? : True
Is IST_2 spanning? : True
Is IST_3 spanning? : True
Is IST_4 spanning? : True
Is IST_5 spanning? : True
Are all ISTs independent? : True

====TEST CR(527, 80, 160)====
Is IST_0 spanning? : True
Is IST_1 spanning? : True
Is IST_2 spanning? : True
Is IST_3 spanning? : True
Is IST_4 spanning? : True
Is IST_5 spanning? : True
Are all ISTs independent? : True

====TEST CR(528, 80, 160)====
Is IST_0 spanning? : True
Is IST_1 spanning? : True
Is IST_2 spanning? : True
Is IST_3 spanning? : True
Is IST_4 spanning? : True
Is IST_5 spanning? : True
Are all ISTs independent? : True

====TEST CR(529, 80, 160)====
Is IST_0 spanning? : True
Is IST_1 spanning? : True
Is IST_2 spanning? : True
Is IST_3 spanning? : True
Is IST_4 spanning? : True
Is IST_5 spanning? : True
Are all ISTs independent? : True

====TEST CR(530, 80, 160)====
Is IST_0 spanning? : True
Is IST_1 spanning? : True
Is IST_2 spanning? : True
Is IST_3 spanning? : True
Is IST_4 spanning? : True
Is IST_5 spanning? : True
Are all ISTs independent? : True

====TEST CR(531, 80, 160)====
Is IST_0 spanning? : True
Is IST_1 spanning? : True
Is IST_2 spanning? : True
Is IST_3 spanning? : True
Is IST_4 spanning? : True
Is IST_5 spanning? : True
Are all ISTs independent? : True

====TEST CR(532, 80, 160)====
Is IST_0 spanning? : True
Is IST_1 spanning? : True
Is IST_2 spanning? : True
Is IST_3 spanning? : True
Is IST_4 spanning? : True
Is IST_5 spanning? : True
Are all ISTs independent? : True

====TEST CR(533, 80, 160)====
Is IST_0 spanning? : True
Is IST_1 spanning? : True
Is IST_2 spanning? : True
Is IST_3 spanning? : True
Is IST_4 spanning? : True
Is IST_5 spanning? : True
Are all ISTs independent? : True

====TEST CR(534, 80, 160)====
Is IST_0 spanning? : True
Is IST_1 spanning? : True
Is IST_2 spanning? : True
Is IST_3 spanning? : True
Is IST_4 spanning? : True
Is IST_5 spanning? : True
Are all ISTs independent? : True

====TEST CR(535, 80, 160)====
Is IST_0 spanning? : True
Is IST_1 spanning? : True
Is IST_2 spanning? : True
Is IST_3 spanning? : True
Is IST_4 spanning? : True
Is IST_5 spanning? : True
Are all ISTs independent? : True

====TEST CR(536, 80, 160)====
Is IST_0 spanning? : True
Is IST_1 spanning? : True
Is IST_2 spanning? : True
Is IST_3 spanning? : True
Is IST_4 spanning? : True
Is IST_5 spanning? : True
Are all ISTs independent? : True

====TEST CR(537, 80, 160)====
Is IST_0 spanning? : True
Is IST_1 spanning? : True
Is IST_2 spanning? : True
Is IST_3 spanning? : True
Is IST_4 spanning? : True
Is IST_5 spanning? : True
Are all ISTs independent? : True

====TEST CR(538, 80, 160)====
Is IST_0 spanning? : True
Is IST_1 spanning? : True
Is IST_2 spanning? : True
Is IST_3 spanning? : True
Is IST_4 spanning? : True
Is IST_5 spanning? : True
Are all ISTs independent? : True

====TEST CR(539, 80, 160)====
Is IST_0 spanning? : True
Is IST_1 spanning? : True
Is IST_2 spanning? : True
Is IST_3 spanning? : True
Is IST_4 spanning? : True
Is IST_5 spanning? : True
Are all ISTs independent? : True

====TEST CR(540, 80, 160)====
Is IST_0 spanning? : True
Is IST_1 spanning? : True
Is IST_2 spanning? : True
Is IST_3 spanning? : True
Is IST_4 spanning? : True
Is IST_5 spanning? : True
Are all ISTs independent? : True

====TEST CR(541, 80, 160)====
Is IST_0 spanning? : True
Is IST_1 spanning? : True
Is IST_2 spanning? : True
Is IST_3 spanning? : True
Is IST_4 spanning? : True
Is IST_5 spanning? : True
Are all ISTs independent? : True

====TEST CR(542, 80, 160)====
Is IST_0 spanning? : True
Is IST_1 spanning? : True
Is IST_2 spanning? : True
Is IST_3 spanning? : True
Is IST_4 spanning? : True
Is IST_5 spanning? : True
Are all ISTs independent? : True

====TEST CR(543, 80, 160)====
Is IST_0 spanning? : True
Is IST_1 spanning? : True
Is IST_2 spanning? : True
Is IST_3 spanning? : True
Is IST_4 spanning? : True
Is IST_5 spanning? : True
Are all ISTs independent? : True

====TEST CR(544, 80, 160)====
Is IST_0 spanning? : True
Is IST_1 spanning? : True
Is IST_2 spanning? : True
Is IST_3 spanning? : True
Is IST_4 spanning? : True
Is IST_5 spanning? : True
Are all ISTs independent? : True

====TEST CR(545, 80, 160)====
Is IST_0 spanning? : True
Is IST_1 spanning? : True
Is IST_2 spanning? : True
Is IST_3 spanning? : True
Is IST_4 spanning? : True
Is IST_5 spanning? : True
Are all ISTs independent? : True

====TEST CR(546, 80, 160)====
Is IST_0 spanning? : True
Is IST_1 spanning? : True
Is IST_2 spanning? : True
Is IST_3 spanning? : True
Is IST_4 spanning? : True
Is IST_5 spanning? : True
Are all ISTs independent? : True

====TEST CR(547, 80, 160)====
Is IST_0 spanning? : True
Is IST_1 spanning? : True
Is IST_2 spanning? : True
Is IST_3 spanning? : True
Is IST_4 spanning? : True
Is IST_5 spanning? : True
Are all ISTs independent? : True

====TEST CR(548, 80, 160)====
Is IST_0 spanning? : True
Is IST_1 spanning? : True
Is IST_2 spanning? : True
Is IST_3 spanning? : True
Is IST_4 spanning? : True
Is IST_5 spanning? : True
Are all ISTs independent? : True

====TEST CR(549, 80, 160)====
Is IST_0 spanning? : True
Is IST_1 spanning? : True
Is IST_2 spanning? : True
Is IST_3 spanning? : True
Is IST_4 spanning? : True
Is IST_5 spanning? : True
Are all ISTs independent? : True

====TEST CR(550, 80, 160)====
Is IST_0 spanning? : True
Is IST_1 spanning? : True
Is IST_2 spanning? : True
Is IST_3 spanning? : True
Is IST_4 spanning? : True
Is IST_5 spanning? : True
Are all ISTs independent? : True

====TEST CR(551, 80, 160)====
Is IST_0 spanning? : True
Is IST_1 spanning? : True
Is IST_2 spanning? : True
Is IST_3 spanning? : True
Is IST_4 spanning? : True
Is IST_5 spanning? : True
Are all ISTs independent? : True

====TEST CR(552, 80, 160)====
Is IST_0 spanning? : True
Is IST_1 spanning? : True
Is IST_2 spanning? : True
Is IST_3 spanning? : True
Is IST_4 spanning? : True
Is IST_5 spanning? : True
Are all ISTs independent? : True

====TEST CR(553, 80, 160)====
Is IST_0 spanning? : True
Is IST_1 spanning? : True
Is IST_2 spanning? : True
Is IST_3 spanning? : True
Is IST_4 spanning? : True
Is IST_5 spanning? : True
Are all ISTs independent? : True

====TEST CR(554, 80, 160)====
Is IST_0 spanning? : True
Is IST_1 spanning? : True
Is IST_2 spanning? : True
Is IST_3 spanning? : True
Is IST_4 spanning? : True
Is IST_5 spanning? : True
Are all ISTs independent? : True

====TEST CR(555, 80, 160)====
Is IST_0 spanning? : True
Is IST_1 spanning? : True
Is IST_2 spanning? : True
Is IST_3 spanning? : True
Is IST_4 spanning? : True
Is IST_5 spanning? : True
Are all ISTs independent? : True

====TEST CR(556, 80, 160)====
Is IST_0 spanning? : True
Is IST_1 spanning? : True
Is IST_2 spanning? : True
Is IST_3 spanning? : True
Is IST_4 spanning? : True
Is IST_5 spanning? : True
Are all ISTs independent? : True

====TEST CR(557, 80, 160)====
Is IST_0 spanning? : True
Is IST_1 spanning? : True
Is IST_2 spanning? : True
Is IST_3 spanning? : True
Is IST_4 spanning? : True
Is IST_5 spanning? : True
Are all ISTs independent? : True

====TEST CR(558, 80, 160)====
Is IST_0 spanning? : True
Is IST_1 spanning? : True
Is IST_2 spanning? : True
Is IST_3 spanning? : True
Is IST_4 spanning? : True
Is IST_5 spanning? : True
Are all ISTs independent? : True

====TEST CR(559, 80, 160)====
Is IST_0 spanning? : True
Is IST_1 spanning? : True
Is IST_2 spanning? : True
Is IST_3 spanning? : True
Is IST_4 spanning? : True
Is IST_5 spanning? : True
Are all ISTs independent? : True

====TEST CR(560, 80, 160)====
Is IST_0 spanning? : True
Is IST_1 spanning? : True
Is IST_2 spanning? : True
Is IST_3 spanning? : True
Is IST_4 spanning? : True
Is IST_5 spanning? : True
Are all ISTs independent? : True

====TEST CR(561, 80, 160)====
Is IST_0 spanning? : True
Is IST_1 spanning? : True
Is IST_2 spanning? : True
Is IST_3 spanning? : True
Is IST_4 spanning? : True
Is IST_5 spanning? : True
Are all ISTs independent? : True

====TEST CR(562, 80, 160)====
Is IST_0 spanning? : True
Is IST_1 spanning? : True
Is IST_2 spanning? : True
Is IST_3 spanning? : True
Is IST_4 spanning? : True
Is IST_5 spanning? : True
Are all ISTs independent? : True

====TEST CR(563, 80, 160)====
Is IST_0 spanning? : True
Is IST_1 spanning? : True
Is IST_2 spanning? : True
Is IST_3 spanning? : True
Is IST_4 spanning? : True
Is IST_5 spanning? : True
Are all ISTs independent? : True

====TEST CR(564, 80, 160)====
Is IST_0 spanning? : True
Is IST_1 spanning? : True
Is IST_2 spanning? : True
Is IST_3 spanning? : True
Is IST_4 spanning? : True
Is IST_5 spanning? : True
Are all ISTs independent? : True

====TEST CR(565, 80, 160)====
Is IST_0 spanning? : True
Is IST_1 spanning? : True
Is IST_2 spanning? : True
Is IST_3 spanning? : True
Is IST_4 spanning? : True
Is IST_5 spanning? : True
Are all ISTs independent? : True

====TEST CR(566, 80, 160)====
Is IST_0 spanning? : True
Is IST_1 spanning? : True
Is IST_2 spanning? : True
Is IST_3 spanning? : True
Is IST_4 spanning? : True
Is IST_5 spanning? : True
Are all ISTs independent? : True

====TEST CR(567, 80, 160)====
Is IST_0 spanning? : True
Is IST_1 spanning? : True
Is IST_2 spanning? : True
Is IST_3 spanning? : True
Is IST_4 spanning? : True
Is IST_5 spanning? : True
Are all ISTs independent? : True

====TEST CR(568, 80, 160)====
Is IST_0 spanning? : True
Is IST_1 spanning? : True
Is IST_2 spanning? : True
Is IST_3 spanning? : True
Is IST_4 spanning? : True
Is IST_5 spanning? : True
Are all ISTs independent? : True

====TEST CR(569, 80, 160)====
Is IST_0 spanning? : True
Is IST_1 spanning? : True
Is IST_2 spanning? : True
Is IST_3 spanning? : True
Is IST_4 spanning? : True
Is IST_5 spanning? : True
Are all ISTs independent? : True

====TEST CR(570, 80, 160)====
Is IST_0 spanning? : True
Is IST_1 spanning? : True
Is IST_2 spanning? : True
Is IST_3 spanning? : True
Is IST_4 spanning? : True
Is IST_5 spanning? : True
Are all ISTs independent? : True

====TEST CR(571, 80, 160)====
Is IST_0 spanning? : True
Is IST_1 spanning? : True
Is IST_2 spanning? : True
Is IST_3 spanning? : True
Is IST_4 spanning? : True
Is IST_5 spanning? : True
Are all ISTs independent? : True

====TEST CR(572, 80, 160)====
Is IST_0 spanning? : True
Is IST_1 spanning? : True
Is IST_2 spanning? : True
Is IST_3 spanning? : True
Is IST_4 spanning? : True
Is IST_5 spanning? : True
Are all ISTs independent? : True

====TEST CR(573, 80, 160)====
Is IST_0 spanning? : True
Is IST_1 spanning? : True
Is IST_2 spanning? : True
Is IST_3 spanning? : True
Is IST_4 spanning? : True
Is IST_5 spanning? : True
Are all ISTs independent? : True

====TEST CR(574, 80, 160)====
Is IST_0 spanning? : True
Is IST_1 spanning? : True
Is IST_2 spanning? : True
Is IST_3 spanning? : True
Is IST_4 spanning? : True
Is IST_5 spanning? : True
Are all ISTs independent? : True

====TEST CR(575, 80, 160)====
Is IST_0 spanning? : True
Is IST_1 spanning? : True
Is IST_2 spanning? : True
Is IST_3 spanning? : True
Is IST_4 spanning? : True
Is IST_5 spanning? : True
Are all ISTs independent? : True

====TEST CR(576, 80, 160)====
Is IST_0 spanning? : True
Is IST_1 spanning? : True
Is IST_2 spanning? : True
Is IST_3 spanning? : True
Is IST_4 spanning? : True
Is IST_5 spanning? : True
Are all ISTs independent? : True

====TEST CR(577, 80, 160)====
Is IST_0 spanning? : True
Is IST_1 spanning? : True
Is IST_2 spanning? : True
Is IST_3 spanning? : True
Is IST_4 spanning? : True
Is IST_5 spanning? : True
Are all ISTs independent? : True

====TEST CR(578, 80, 160)====
Is IST_0 spanning? : True
Is IST_1 spanning? : True
Is IST_2 spanning? : True
Is IST_3 spanning? : True
Is IST_4 spanning? : True
Is IST_5 spanning? : True
Are all ISTs independent? : True

====TEST CR(579, 80, 160)====
Is IST_0 spanning? : True
Is IST_1 spanning? : True
Is IST_2 spanning? : True
Is IST_3 spanning? : True
Is IST_4 spanning? : True
Is IST_5 spanning? : True
Are all ISTs independent? : True

====TEST CR(580, 80, 160)====
Is IST_0 spanning? : True
Is IST_1 spanning? : True
Is IST_2 spanning? : True
Is IST_3 spanning? : True
Is IST_4 spanning? : True
Is IST_5 spanning? : True
Are all ISTs independent? : True

====TEST CR(581, 80, 160)====
Is IST_0 spanning? : True
Is IST_1 spanning? : True
Is IST_2 spanning? : True
Is IST_3 spanning? : True
Is IST_4 spanning? : True
Is IST_5 spanning? : True
Are all ISTs independent? : True

====TEST CR(582, 80, 160)====
Is IST_0 spanning? : True
Is IST_1 spanning? : True
Is IST_2 spanning? : True
Is IST_3 spanning? : True
Is IST_4 spanning? : True
Is IST_5 spanning? : True
Are all ISTs independent? : True

====TEST CR(583, 80, 160)====
Is IST_0 spanning? : True
Is IST_1 spanning? : True
Is IST_2 spanning? : True
Is IST_3 spanning? : True
Is IST_4 spanning? : True
Is IST_5 spanning? : True
Are all ISTs independent? : True

====TEST CR(584, 80, 160)====
Is IST_0 spanning? : True
Is IST_1 spanning? : True
Is IST_2 spanning? : True
Is IST_3 spanning? : True
Is IST_4 spanning? : True
Is IST_5 spanning? : True
Are all ISTs independent? : True

====TEST CR(585, 80, 160)====
Is IST_0 spanning? : True
Is IST_1 spanning? : True
Is IST_2 spanning? : True
Is IST_3 spanning? : True
Is IST_4 spanning? : True
Is IST_5 spanning? : True
Are all ISTs independent? : True

====TEST CR(586, 80, 160)====
Is IST_0 spanning? : True
Is IST_1 spanning? : True
Is IST_2 spanning? : True
Is IST_3 spanning? : True
Is IST_4 spanning? : True
Is IST_5 spanning? : True
Are all ISTs independent? : True

====TEST CR(587, 80, 160)====
Is IST_0 spanning? : True
Is IST_1 spanning? : True
Is IST_2 spanning? : True
Is IST_3 spanning? : True
Is IST_4 spanning? : True
Is IST_5 spanning? : True
Are all ISTs independent? : True

====TEST CR(588, 80, 160)====
Is IST_0 spanning? : True
Is IST_1 spanning? : True
Is IST_2 spanning? : True
Is IST_3 spanning? : True
Is IST_4 spanning? : True
Is IST_5 spanning? : True
Are all ISTs independent? : True

====TEST CR(589, 80, 160)====
Is IST_0 spanning? : True
Is IST_1 spanning? : True
Is IST_2 spanning? : True
Is IST_3 spanning? : True
Is IST_4 spanning? : True
Is IST_5 spanning? : True
Are all ISTs independent? : True

====TEST CR(590, 80, 160)====
Is IST_0 spanning? : True
Is IST_1 spanning? : True
Is IST_2 spanning? : True
Is IST_3 spanning? : True
Is IST_4 spanning? : True
Is IST_5 spanning? : True
Are all ISTs independent? : True

====TEST CR(591, 80, 160)====
Is IST_0 spanning? : True
Is IST_1 spanning? : True
Is IST_2 spanning? : True
Is IST_3 spanning? : True
Is IST_4 spanning? : True
Is IST_5 spanning? : True
Are all ISTs independent? : True

====TEST CR(592, 80, 160)====
Is IST_0 spanning? : True
Is IST_1 spanning? : True
Is IST_2 spanning? : True
Is IST_3 spanning? : True
Is IST_4 spanning? : True
Is IST_5 spanning? : True
Are all ISTs independent? : True

====TEST CR(593, 80, 160)====
Is IST_0 spanning? : True
Is IST_1 spanning? : True
Is IST_2 spanning? : True
Is IST_3 spanning? : True
Is IST_4 spanning? : True
Is IST_5 spanning? : True
Are all ISTs independent? : True

====TEST CR(594, 80, 160)====
Is IST_0 spanning? : True
Is IST_1 spanning? : True
Is IST_2 spanning? : True
Is IST_3 spanning? : True
Is IST_4 spanning? : True
Is IST_5 spanning? : True
Are all ISTs independent? : True

====TEST CR(595, 80, 160)====
Is IST_0 spanning? : True
Is IST_1 spanning? : True
Is IST_2 spanning? : True
Is IST_3 spanning? : True
Is IST_4 spanning? : True
Is IST_5 spanning? : True
Are all ISTs independent? : True

====TEST CR(596, 80, 160)====
Is IST_0 spanning? : True
Is IST_1 spanning? : True
Is IST_2 spanning? : True
Is IST_3 spanning? : True
Is IST_4 spanning? : True
Is IST_5 spanning? : True
Are all ISTs independent? : True

====TEST CR(597, 80, 160)====
Is IST_0 spanning? : True
Is IST_1 spanning? : True
Is IST_2 spanning? : True
Is IST_3 spanning? : True
Is IST_4 spanning? : True
Is IST_5 spanning? : True
Are all ISTs independent? : True

====TEST CR(598, 80, 160)====
Is IST_0 spanning? : True
Is IST_1 spanning? : True
Is IST_2 spanning? : True
Is IST_3 spanning? : True
Is IST_4 spanning? : True
Is IST_5 spanning? : True
Are all ISTs independent? : True

====TEST CR(599, 80, 160)====
Is IST_0 spanning? : True
Is IST_1 spanning? : True
Is IST_2 spanning? : True
Is IST_3 spanning? : True
Is IST_4 spanning? : True
Is IST_5 spanning? : True
Are all ISTs independent? : True

====TEST CR(600, 80, 160)====
Is IST_0 spanning? : True
Is IST_1 spanning? : True
Is IST_2 spanning? : True
Is IST_3 spanning? : True
Is IST_4 spanning? : True
Is IST_5 spanning? : True
Are all ISTs independent? : True

====TEST CR(601, 80, 160)====
Is IST_0 spanning? : True
Is IST_1 spanning? : True
Is IST_2 spanning? : True
Is IST_3 spanning? : True
Is IST_4 spanning? : True
Is IST_5 spanning? : True
Are all ISTs independent? : True

====TEST CR(602, 80, 160)====
Is IST_0 spanning? : True
Is IST_1 spanning? : True
Is IST_2 spanning? : True
Is IST_3 spanning? : True
Is IST_4 spanning? : True
Is IST_5 spanning? : True
Are all ISTs independent? : True

====TEST CR(603, 80, 160)====
Is IST_0 spanning? : True
Is IST_1 spanning? : True
Is IST_2 spanning? : True
Is IST_3 spanning? : True
Is IST_4 spanning? : True
Is IST_5 spanning? : True
Are all ISTs independent? : True

====TEST CR(604, 80, 160)====
Is IST_0 spanning? : True
Is IST_1 spanning? : True
Is IST_2 spanning? : True
Is IST_3 spanning? : True
Is IST_4 spanning? : True
Is IST_5 spanning? : True
Are all ISTs independent? : True

====TEST CR(605, 80, 160)====
Is IST_0 spanning? : True
Is IST_1 spanning? : True
Is IST_2 spanning? : True
Is IST_3 spanning? : True
Is IST_4 spanning? : True
Is IST_5 spanning? : True
Are all ISTs independent? : True

====TEST CR(606, 80, 160)====
Is IST_0 spanning? : True
Is IST_1 spanning? : True
Is IST_2 spanning? : True
Is IST_3 spanning? : True
Is IST_4 spanning? : True
Is IST_5 spanning? : True
Are all ISTs independent? : True

====TEST CR(607, 80, 160)====
Is IST_0 spanning? : True
Is IST_1 spanning? : True
Is IST_2 spanning? : True
Is IST_3 spanning? : True
Is IST_4 spanning? : True
Is IST_5 spanning? : True
Are all ISTs independent? : True

====TEST CR(608, 80, 160)====
Is IST_0 spanning? : True
Is IST_1 spanning? : True
Is IST_2 spanning? : True
Is IST_3 spanning? : True
Is IST_4 spanning? : True
Is IST_5 spanning? : True
Are all ISTs independent? : True

====TEST CR(486, 81, 162)====
Is IST_0 spanning? : True
Is IST_1 spanning? : True
Is IST_2 spanning? : True
Is IST_3 spanning? : True
Is IST_4 spanning? : True
Is IST_5 spanning? : True
Are all ISTs independent? : True

====TEST CR(487, 81, 162)====
Is IST_0 spanning? : True
Is IST_1 spanning? : True
Is IST_2 spanning? : True
Is IST_3 spanning? : True
Is IST_4 spanning? : True
Is IST_5 spanning? : True
Are all ISTs independent? : True

====TEST CR(488, 81, 162)====
Is IST_0 spanning? : True
Is IST_1 spanning? : True
Is IST_2 spanning? : True
Is IST_3 spanning? : True
Is IST_4 spanning? : True
Is IST_5 spanning? : True
Are all ISTs independent? : True

====TEST CR(489, 81, 162)====
Is IST_0 spanning? : True
Is IST_1 spanning? : True
Is IST_2 spanning? : True
Is IST_3 spanning? : True
Is IST_4 spanning? : True
Is IST_5 spanning? : True
Are all ISTs independent? : True

====TEST CR(490, 81, 162)====
Is IST_0 spanning? : True
Is IST_1 spanning? : True
Is IST_2 spanning? : True
Is IST_3 spanning? : True
Is IST_4 spanning? : True
Is IST_5 spanning? : True
Are all ISTs independent? : True

====TEST CR(491, 81, 162)====
Is IST_0 spanning? : True
Is IST_1 spanning? : True
Is IST_2 spanning? : True
Is IST_3 spanning? : True
Is IST_4 spanning? : True
Is IST_5 spanning? : True
Are all ISTs independent? : True

====TEST CR(492, 81, 162)====
Is IST_0 spanning? : True
Is IST_1 spanning? : True
Is IST_2 spanning? : True
Is IST_3 spanning? : True
Is IST_4 spanning? : True
Is IST_5 spanning? : True
Are all ISTs independent? : True

====TEST CR(493, 81, 162)====
Is IST_0 spanning? : True
Is IST_1 spanning? : True
Is IST_2 spanning? : True
Is IST_3 spanning? : True
Is IST_4 spanning? : True
Is IST_5 spanning? : True
Are all ISTs independent? : True

====TEST CR(494, 81, 162)====
Is IST_0 spanning? : True
Is IST_1 spanning? : True
Is IST_2 spanning? : True
Is IST_3 spanning? : True
Is IST_4 spanning? : True
Is IST_5 spanning? : True
Are all ISTs independent? : True

====TEST CR(495, 81, 162)====
Is IST_0 spanning? : True
Is IST_1 spanning? : True
Is IST_2 spanning? : True
Is IST_3 spanning? : True
Is IST_4 spanning? : True
Is IST_5 spanning? : True
Are all ISTs independent? : True

====TEST CR(496, 81, 162)====
Is IST_0 spanning? : True
Is IST_1 spanning? : True
Is IST_2 spanning? : True
Is IST_3 spanning? : True
Is IST_4 spanning? : True
Is IST_5 spanning? : True
Are all ISTs independent? : True

====TEST CR(497, 81, 162)====
Is IST_0 spanning? : True
Is IST_1 spanning? : True
Is IST_2 spanning? : True
Is IST_3 spanning? : True
Is IST_4 spanning? : True
Is IST_5 spanning? : True
Are all ISTs independent? : True

====TEST CR(498, 81, 162)====
Is IST_0 spanning? : True
Is IST_1 spanning? : True
Is IST_2 spanning? : True
Is IST_3 spanning? : True
Is IST_4 spanning? : True
Is IST_5 spanning? : True
Are all ISTs independent? : True

====TEST CR(499, 81, 162)====
Is IST_0 spanning? : True
Is IST_1 spanning? : True
Is IST_2 spanning? : True
Is IST_3 spanning? : True
Is IST_4 spanning? : True
Is IST_5 spanning? : True
Are all ISTs independent? : True

====TEST CR(500, 81, 162)====
Is IST_0 spanning? : True
Is IST_1 spanning? : True
Is IST_2 spanning? : True
Is IST_3 spanning? : True
Is IST_4 spanning? : True
Is IST_5 spanning? : True
Are all ISTs independent? : True

====TEST CR(501, 81, 162)====
Is IST_0 spanning? : True
Is IST_1 spanning? : True
Is IST_2 spanning? : True
Is IST_3 spanning? : True
Is IST_4 spanning? : True
Is IST_5 spanning? : True
Are all ISTs independent? : True

====TEST CR(502, 81, 162)====
Is IST_0 spanning? : True
Is IST_1 spanning? : True
Is IST_2 spanning? : True
Is IST_3 spanning? : True
Is IST_4 spanning? : True
Is IST_5 spanning? : True
Are all ISTs independent? : True

====TEST CR(503, 81, 162)====
Is IST_0 spanning? : True
Is IST_1 spanning? : True
Is IST_2 spanning? : True
Is IST_3 spanning? : True
Is IST_4 spanning? : True
Is IST_5 spanning? : True
Are all ISTs independent? : True

====TEST CR(504, 81, 162)====
Is IST_0 spanning? : True
Is IST_1 spanning? : True
Is IST_2 spanning? : True
Is IST_3 spanning? : True
Is IST_4 spanning? : True
Is IST_5 spanning? : True
Are all ISTs independent? : True

====TEST CR(505, 81, 162)====
Is IST_0 spanning? : True
Is IST_1 spanning? : True
Is IST_2 spanning? : True
Is IST_3 spanning? : True
Is IST_4 spanning? : True
Is IST_5 spanning? : True
Are all ISTs independent? : True

====TEST CR(506, 81, 162)====
Is IST_0 spanning? : True
Is IST_1 spanning? : True
Is IST_2 spanning? : True
Is IST_3 spanning? : True
Is IST_4 spanning? : True
Is IST_5 spanning? : True
Are all ISTs independent? : True

====TEST CR(507, 81, 162)====
Is IST_0 spanning? : True
Is IST_1 spanning? : True
Is IST_2 spanning? : True
Is IST_3 spanning? : True
Is IST_4 spanning? : True
Is IST_5 spanning? : True
Are all ISTs independent? : True

====TEST CR(508, 81, 162)====
Is IST_0 spanning? : True
Is IST_1 spanning? : True
Is IST_2 spanning? : True
Is IST_3 spanning? : True
Is IST_4 spanning? : True
Is IST_5 spanning? : True
Are all ISTs independent? : True

====TEST CR(509, 81, 162)====
Is IST_0 spanning? : True
Is IST_1 spanning? : True
Is IST_2 spanning? : True
Is IST_3 spanning? : True
Is IST_4 spanning? : True
Is IST_5 spanning? : True
Are all ISTs independent? : True

====TEST CR(510, 81, 162)====
Is IST_0 spanning? : True
Is IST_1 spanning? : True
Is IST_2 spanning? : True
Is IST_3 spanning? : True
Is IST_4 spanning? : True
Is IST_5 spanning? : True
Are all ISTs independent? : True

====TEST CR(511, 81, 162)====
Is IST_0 spanning? : True
Is IST_1 spanning? : True
Is IST_2 spanning? : True
Is IST_3 spanning? : True
Is IST_4 spanning? : True
Is IST_5 spanning? : True
Are all ISTs independent? : True

====TEST CR(512, 81, 162)====
Is IST_0 spanning? : True
Is IST_1 spanning? : True
Is IST_2 spanning? : True
Is IST_3 spanning? : True
Is IST_4 spanning? : True
Is IST_5 spanning? : True
Are all ISTs independent? : True

====TEST CR(513, 81, 162)====
Is IST_0 spanning? : True
Is IST_1 spanning? : True
Is IST_2 spanning? : True
Is IST_3 spanning? : True
Is IST_4 spanning? : True
Is IST_5 spanning? : True
Are all ISTs independent? : True

====TEST CR(514, 81, 162)====
Is IST_0 spanning? : True
Is IST_1 spanning? : True
Is IST_2 spanning? : True
Is IST_3 spanning? : True
Is IST_4 spanning? : True
Is IST_5 spanning? : True
Are all ISTs independent? : True

====TEST CR(515, 81, 162)====
Is IST_0 spanning? : True
Is IST_1 spanning? : True
Is IST_2 spanning? : True
Is IST_3 spanning? : True
Is IST_4 spanning? : True
Is IST_5 spanning? : True
Are all ISTs independent? : True

====TEST CR(516, 81, 162)====
Is IST_0 spanning? : True
Is IST_1 spanning? : True
Is IST_2 spanning? : True
Is IST_3 spanning? : True
Is IST_4 spanning? : True
Is IST_5 spanning? : True
Are all ISTs independent? : True

====TEST CR(517, 81, 162)====
Is IST_0 spanning? : True
Is IST_1 spanning? : True
Is IST_2 spanning? : True
Is IST_3 spanning? : True
Is IST_4 spanning? : True
Is IST_5 spanning? : True
Are all ISTs independent? : True

====TEST CR(518, 81, 162)====
Is IST_0 spanning? : True
Is IST_1 spanning? : True
Is IST_2 spanning? : True
Is IST_3 spanning? : True
Is IST_4 spanning? : True
Is IST_5 spanning? : True
Are all ISTs independent? : True

====TEST CR(519, 81, 162)====
Is IST_0 spanning? : True
Is IST_1 spanning? : True
Is IST_2 spanning? : True
Is IST_3 spanning? : True
Is IST_4 spanning? : True
Is IST_5 spanning? : True
Are all ISTs independent? : True

====TEST CR(520, 81, 162)====
Is IST_0 spanning? : True
Is IST_1 spanning? : True
Is IST_2 spanning? : True
Is IST_3 spanning? : True
Is IST_4 spanning? : True
Is IST_5 spanning? : True
Are all ISTs independent? : True

====TEST CR(521, 81, 162)====
Is IST_0 spanning? : True
Is IST_1 spanning? : True
Is IST_2 spanning? : True
Is IST_3 spanning? : True
Is IST_4 spanning? : True
Is IST_5 spanning? : True
Are all ISTs independent? : True

====TEST CR(522, 81, 162)====
Is IST_0 spanning? : True
Is IST_1 spanning? : True
Is IST_2 spanning? : True
Is IST_3 spanning? : True
Is IST_4 spanning? : True
Is IST_5 spanning? : True
Are all ISTs independent? : True

====TEST CR(523, 81, 162)====
Is IST_0 spanning? : True
Is IST_1 spanning? : True
Is IST_2 spanning? : True
Is IST_3 spanning? : True
Is IST_4 spanning? : True
Is IST_5 spanning? : True
Are all ISTs independent? : True

====TEST CR(524, 81, 162)====
Is IST_0 spanning? : True
Is IST_1 spanning? : True
Is IST_2 spanning? : True
Is IST_3 spanning? : True
Is IST_4 spanning? : True
Is IST_5 spanning? : True
Are all ISTs independent? : True

====TEST CR(525, 81, 162)====
Is IST_0 spanning? : True
Is IST_1 spanning? : True
Is IST_2 spanning? : True
Is IST_3 spanning? : True
Is IST_4 spanning? : True
Is IST_5 spanning? : True
Are all ISTs independent? : True

====TEST CR(526, 81, 162)====
Is IST_0 spanning? : True
Is IST_1 spanning? : True
Is IST_2 spanning? : True
Is IST_3 spanning? : True
Is IST_4 spanning? : True
Is IST_5 spanning? : True
Are all ISTs independent? : True

====TEST CR(527, 81, 162)====
Is IST_0 spanning? : True
Is IST_1 spanning? : True
Is IST_2 spanning? : True
Is IST_3 spanning? : True
Is IST_4 spanning? : True
Is IST_5 spanning? : True
Are all ISTs independent? : True

====TEST CR(528, 81, 162)====
Is IST_0 spanning? : True
Is IST_1 spanning? : True
Is IST_2 spanning? : True
Is IST_3 spanning? : True
Is IST_4 spanning? : True
Is IST_5 spanning? : True
Are all ISTs independent? : True

====TEST CR(529, 81, 162)====
Is IST_0 spanning? : True
Is IST_1 spanning? : True
Is IST_2 spanning? : True
Is IST_3 spanning? : True
Is IST_4 spanning? : True
Is IST_5 spanning? : True
Are all ISTs independent? : True

====TEST CR(530, 81, 162)====
Is IST_0 spanning? : True
Is IST_1 spanning? : True
Is IST_2 spanning? : True
Is IST_3 spanning? : True
Is IST_4 spanning? : True
Is IST_5 spanning? : True
Are all ISTs independent? : True

====TEST CR(531, 81, 162)====
Is IST_0 spanning? : True
Is IST_1 spanning? : True
Is IST_2 spanning? : True
Is IST_3 spanning? : True
Is IST_4 spanning? : True
Is IST_5 spanning? : True
Are all ISTs independent? : True

====TEST CR(532, 81, 162)====
Is IST_0 spanning? : True
Is IST_1 spanning? : True
Is IST_2 spanning? : True
Is IST_3 spanning? : True
Is IST_4 spanning? : True
Is IST_5 spanning? : True
Are all ISTs independent? : True

====TEST CR(533, 81, 162)====
Is IST_0 spanning? : True
Is IST_1 spanning? : True
Is IST_2 spanning? : True
Is IST_3 spanning? : True
Is IST_4 spanning? : True
Is IST_5 spanning? : True
Are all ISTs independent? : True

====TEST CR(534, 81, 162)====
Is IST_0 spanning? : True
Is IST_1 spanning? : True
Is IST_2 spanning? : True
Is IST_3 spanning? : True
Is IST_4 spanning? : True
Is IST_5 spanning? : True
Are all ISTs independent? : True

====TEST CR(535, 81, 162)====
Is IST_0 spanning? : True
Is IST_1 spanning? : True
Is IST_2 spanning? : True
Is IST_3 spanning? : True
Is IST_4 spanning? : True
Is IST_5 spanning? : True
Are all ISTs independent? : True

====TEST CR(536, 81, 162)====
Is IST_0 spanning? : True
Is IST_1 spanning? : True
Is IST_2 spanning? : True
Is IST_3 spanning? : True
Is IST_4 spanning? : True
Is IST_5 spanning? : True
Are all ISTs independent? : True

====TEST CR(537, 81, 162)====
Is IST_0 spanning? : True
Is IST_1 spanning? : True
Is IST_2 spanning? : True
Is IST_3 spanning? : True
Is IST_4 spanning? : True
Is IST_5 spanning? : True
Are all ISTs independent? : True

====TEST CR(538, 81, 162)====
Is IST_0 spanning? : True
Is IST_1 spanning? : True
Is IST_2 spanning? : True
Is IST_3 spanning? : True
Is IST_4 spanning? : True
Is IST_5 spanning? : True
Are all ISTs independent? : True

====TEST CR(539, 81, 162)====
Is IST_0 spanning? : True
Is IST_1 spanning? : True
Is IST_2 spanning? : True
Is IST_3 spanning? : True
Is IST_4 spanning? : True
Is IST_5 spanning? : True
Are all ISTs independent? : True

====TEST CR(540, 81, 162)====
Is IST_0 spanning? : True
Is IST_1 spanning? : True
Is IST_2 spanning? : True
Is IST_3 spanning? : True
Is IST_4 spanning? : True
Is IST_5 spanning? : True
Are all ISTs independent? : True

====TEST CR(541, 81, 162)====
Is IST_0 spanning? : True
Is IST_1 spanning? : True
Is IST_2 spanning? : True
Is IST_3 spanning? : True
Is IST_4 spanning? : True
Is IST_5 spanning? : True
Are all ISTs independent? : True

====TEST CR(542, 81, 162)====
Is IST_0 spanning? : True
Is IST_1 spanning? : True
Is IST_2 spanning? : True
Is IST_3 spanning? : True
Is IST_4 spanning? : True
Is IST_5 spanning? : True
Are all ISTs independent? : True

====TEST CR(543, 81, 162)====
Is IST_0 spanning? : True
Is IST_1 spanning? : True
Is IST_2 spanning? : True
Is IST_3 spanning? : True
Is IST_4 spanning? : True
Is IST_5 spanning? : True
Are all ISTs independent? : True

====TEST CR(544, 81, 162)====
Is IST_0 spanning? : True
Is IST_1 spanning? : True
Is IST_2 spanning? : True
Is IST_3 spanning? : True
Is IST_4 spanning? : True
Is IST_5 spanning? : True
Are all ISTs independent? : True

====TEST CR(545, 81, 162)====
Is IST_0 spanning? : True
Is IST_1 spanning? : True
Is IST_2 spanning? : True
Is IST_3 spanning? : True
Is IST_4 spanning? : True
Is IST_5 spanning? : True
Are all ISTs independent? : True

====TEST CR(546, 81, 162)====
Is IST_0 spanning? : True
Is IST_1 spanning? : True
Is IST_2 spanning? : True
Is IST_3 spanning? : True
Is IST_4 spanning? : True
Is IST_5 spanning? : True
Are all ISTs independent? : True

====TEST CR(547, 81, 162)====
Is IST_0 spanning? : True
Is IST_1 spanning? : True
Is IST_2 spanning? : True
Is IST_3 spanning? : True
Is IST_4 spanning? : True
Is IST_5 spanning? : True
Are all ISTs independent? : True

====TEST CR(548, 81, 162)====
Is IST_0 spanning? : True
Is IST_1 spanning? : True
Is IST_2 spanning? : True
Is IST_3 spanning? : True
Is IST_4 spanning? : True
Is IST_5 spanning? : True
Are all ISTs independent? : True

====TEST CR(549, 81, 162)====
Is IST_0 spanning? : True
Is IST_1 spanning? : True
Is IST_2 spanning? : True
Is IST_3 spanning? : True
Is IST_4 spanning? : True
Is IST_5 spanning? : True
Are all ISTs independent? : True

====TEST CR(550, 81, 162)====
Is IST_0 spanning? : True
Is IST_1 spanning? : True
Is IST_2 spanning? : True
Is IST_3 spanning? : True
Is IST_4 spanning? : True
Is IST_5 spanning? : True
Are all ISTs independent? : True

====TEST CR(551, 81, 162)====
Is IST_0 spanning? : True
Is IST_1 spanning? : True
Is IST_2 spanning? : True
Is IST_3 spanning? : True
Is IST_4 spanning? : True
Is IST_5 spanning? : True
Are all ISTs independent? : True

====TEST CR(552, 81, 162)====
Is IST_0 spanning? : True
Is IST_1 spanning? : True
Is IST_2 spanning? : True
Is IST_3 spanning? : True
Is IST_4 spanning? : True
Is IST_5 spanning? : True
Are all ISTs independent? : True

====TEST CR(553, 81, 162)====
Is IST_0 spanning? : True
Is IST_1 spanning? : True
Is IST_2 spanning? : True
Is IST_3 spanning? : True
Is IST_4 spanning? : True
Is IST_5 spanning? : True
Are all ISTs independent? : True

====TEST CR(554, 81, 162)====
Is IST_0 spanning? : True
Is IST_1 spanning? : True
Is IST_2 spanning? : True
Is IST_3 spanning? : True
Is IST_4 spanning? : True
Is IST_5 spanning? : True
Are all ISTs independent? : True

====TEST CR(555, 81, 162)====
Is IST_0 spanning? : True
Is IST_1 spanning? : True
Is IST_2 spanning? : True
Is IST_3 spanning? : True
Is IST_4 spanning? : True
Is IST_5 spanning? : True
Are all ISTs independent? : True

====TEST CR(556, 81, 162)====
Is IST_0 spanning? : True
Is IST_1 spanning? : True
Is IST_2 spanning? : True
Is IST_3 spanning? : True
Is IST_4 spanning? : True
Is IST_5 spanning? : True
Are all ISTs independent? : True

====TEST CR(557, 81, 162)====
Is IST_0 spanning? : True
Is IST_1 spanning? : True
Is IST_2 spanning? : True
Is IST_3 spanning? : True
Is IST_4 spanning? : True
Is IST_5 spanning? : True
Are all ISTs independent? : True

====TEST CR(558, 81, 162)====
Is IST_0 spanning? : True
Is IST_1 spanning? : True
Is IST_2 spanning? : True
Is IST_3 spanning? : True
Is IST_4 spanning? : True
Is IST_5 spanning? : True
Are all ISTs independent? : True

====TEST CR(559, 81, 162)====
Is IST_0 spanning? : True
Is IST_1 spanning? : True
Is IST_2 spanning? : True
Is IST_3 spanning? : True
Is IST_4 spanning? : True
Is IST_5 spanning? : True
Are all ISTs independent? : True

====TEST CR(560, 81, 162)====
Is IST_0 spanning? : True
Is IST_1 spanning? : True
Is IST_2 spanning? : True
Is IST_3 spanning? : True
Is IST_4 spanning? : True
Is IST_5 spanning? : True
Are all ISTs independent? : True

====TEST CR(561, 81, 162)====
Is IST_0 spanning? : True
Is IST_1 spanning? : True
Is IST_2 spanning? : True
Is IST_3 spanning? : True
Is IST_4 spanning? : True
Is IST_5 spanning? : True
Are all ISTs independent? : True

====TEST CR(562, 81, 162)====
Is IST_0 spanning? : True
Is IST_1 spanning? : True
Is IST_2 spanning? : True
Is IST_3 spanning? : True
Is IST_4 spanning? : True
Is IST_5 spanning? : True
Are all ISTs independent? : True

====TEST CR(563, 81, 162)====
Is IST_0 spanning? : True
Is IST_1 spanning? : True
Is IST_2 spanning? : True
Is IST_3 spanning? : True
Is IST_4 spanning? : True
Is IST_5 spanning? : True
Are all ISTs independent? : True

====TEST CR(564, 81, 162)====
Is IST_0 spanning? : True
Is IST_1 spanning? : True
Is IST_2 spanning? : True
Is IST_3 spanning? : True
Is IST_4 spanning? : True
Is IST_5 spanning? : True
Are all ISTs independent? : True

====TEST CR(565, 81, 162)====
Is IST_0 spanning? : True
Is IST_1 spanning? : True
Is IST_2 spanning? : True
Is IST_3 spanning? : True
Is IST_4 spanning? : True
Is IST_5 spanning? : True
Are all ISTs independent? : True

====TEST CR(566, 81, 162)====
Is IST_0 spanning? : True
Is IST_1 spanning? : True
Is IST_2 spanning? : True
Is IST_3 spanning? : True
Is IST_4 spanning? : True
Is IST_5 spanning? : True
Are all ISTs independent? : True

====TEST CR(567, 81, 162)====
Is IST_0 spanning? : True
Is IST_1 spanning? : True
Is IST_2 spanning? : True
Is IST_3 spanning? : True
Is IST_4 spanning? : True
Is IST_5 spanning? : True
Are all ISTs independent? : True

====TEST CR(568, 81, 162)====
Is IST_0 spanning? : True
Is IST_1 spanning? : True
Is IST_2 spanning? : True
Is IST_3 spanning? : True
Is IST_4 spanning? : True
Is IST_5 spanning? : True
Are all ISTs independent? : True

====TEST CR(569, 81, 162)====
Is IST_0 spanning? : True
Is IST_1 spanning? : True
Is IST_2 spanning? : True
Is IST_3 spanning? : True
Is IST_4 spanning? : True
Is IST_5 spanning? : True
Are all ISTs independent? : True

====TEST CR(570, 81, 162)====
Is IST_0 spanning? : True
Is IST_1 spanning? : True
Is IST_2 spanning? : True
Is IST_3 spanning? : True
Is IST_4 spanning? : True
Is IST_5 spanning? : True
Are all ISTs independent? : True

====TEST CR(571, 81, 162)====
Is IST_0 spanning? : True
Is IST_1 spanning? : True
Is IST_2 spanning? : True
Is IST_3 spanning? : True
Is IST_4 spanning? : True
Is IST_5 spanning? : True
Are all ISTs independent? : True

====TEST CR(572, 81, 162)====
Is IST_0 spanning? : True
Is IST_1 spanning? : True
Is IST_2 spanning? : True
Is IST_3 spanning? : True
Is IST_4 spanning? : True
Is IST_5 spanning? : True
Are all ISTs independent? : True

====TEST CR(573, 81, 162)====
Is IST_0 spanning? : True
Is IST_1 spanning? : True
Is IST_2 spanning? : True
Is IST_3 spanning? : True
Is IST_4 spanning? : True
Is IST_5 spanning? : True
Are all ISTs independent? : True

====TEST CR(574, 81, 162)====
Is IST_0 spanning? : True
Is IST_1 spanning? : True
Is IST_2 spanning? : True
Is IST_3 spanning? : True
Is IST_4 spanning? : True
Is IST_5 spanning? : True
Are all ISTs independent? : True

====TEST CR(575, 81, 162)====
Is IST_0 spanning? : True
Is IST_1 spanning? : True
Is IST_2 spanning? : True
Is IST_3 spanning? : True
Is IST_4 spanning? : True
Is IST_5 spanning? : True
Are all ISTs independent? : True

====TEST CR(576, 81, 162)====
Is IST_0 spanning? : True
Is IST_1 spanning? : True
Is IST_2 spanning? : True
Is IST_3 spanning? : True
Is IST_4 spanning? : True
Is IST_5 spanning? : True
Are all ISTs independent? : True

====TEST CR(577, 81, 162)====
Is IST_0 spanning? : True
Is IST_1 spanning? : True
Is IST_2 spanning? : True
Is IST_3 spanning? : True
Is IST_4 spanning? : True
Is IST_5 spanning? : True
Are all ISTs independent? : True

====TEST CR(578, 81, 162)====
Is IST_0 spanning? : True
Is IST_1 spanning? : True
Is IST_2 spanning? : True
Is IST_3 spanning? : True
Is IST_4 spanning? : True
Is IST_5 spanning? : True
Are all ISTs independent? : True

====TEST CR(579, 81, 162)====
Is IST_0 spanning? : True
Is IST_1 spanning? : True
Is IST_2 spanning? : True
Is IST_3 spanning? : True
Is IST_4 spanning? : True
Is IST_5 spanning? : True
Are all ISTs independent? : True

====TEST CR(580, 81, 162)====
Is IST_0 spanning? : True
Is IST_1 spanning? : True
Is IST_2 spanning? : True
Is IST_3 spanning? : True
Is IST_4 spanning? : True
Is IST_5 spanning? : True
Are all ISTs independent? : True

====TEST CR(581, 81, 162)====
Is IST_0 spanning? : True
Is IST_1 spanning? : True
Is IST_2 spanning? : True
Is IST_3 spanning? : True
Is IST_4 spanning? : True
Is IST_5 spanning? : True
Are all ISTs independent? : True

====TEST CR(582, 81, 162)====
Is IST_0 spanning? : True
Is IST_1 spanning? : True
Is IST_2 spanning? : True
Is IST_3 spanning? : True
Is IST_4 spanning? : True
Is IST_5 spanning? : True
Are all ISTs independent? : True

====TEST CR(583, 81, 162)====
Is IST_0 spanning? : True
Is IST_1 spanning? : True
Is IST_2 spanning? : True
Is IST_3 spanning? : True
Is IST_4 spanning? : True
Is IST_5 spanning? : True
Are all ISTs independent? : True

====TEST CR(584, 81, 162)====
Is IST_0 spanning? : True
Is IST_1 spanning? : True
Is IST_2 spanning? : True
Is IST_3 spanning? : True
Is IST_4 spanning? : True
Is IST_5 spanning? : True
Are all ISTs independent? : True

====TEST CR(585, 81, 162)====
Is IST_0 spanning? : True
Is IST_1 spanning? : True
Is IST_2 spanning? : True
Is IST_3 spanning? : True
Is IST_4 spanning? : True
Is IST_5 spanning? : True
Are all ISTs independent? : True

====TEST CR(586, 81, 162)====
Is IST_0 spanning? : True
Is IST_1 spanning? : True
Is IST_2 spanning? : True
Is IST_3 spanning? : True
Is IST_4 spanning? : True
Is IST_5 spanning? : True
Are all ISTs independent? : True

====TEST CR(587, 81, 162)====
Is IST_0 spanning? : True
Is IST_1 spanning? : True
Is IST_2 spanning? : True
Is IST_3 spanning? : True
Is IST_4 spanning? : True
Is IST_5 spanning? : True
Are all ISTs independent? : True

====TEST CR(588, 81, 162)====
Is IST_0 spanning? : True
Is IST_1 spanning? : True
Is IST_2 spanning? : True
Is IST_3 spanning? : True
Is IST_4 spanning? : True
Is IST_5 spanning? : True
Are all ISTs independent? : True

====TEST CR(589, 81, 162)====
Is IST_0 spanning? : True
Is IST_1 spanning? : True
Is IST_2 spanning? : True
Is IST_3 spanning? : True
Is IST_4 spanning? : True
Is IST_5 spanning? : True
Are all ISTs independent? : True

====TEST CR(590, 81, 162)====
Is IST_0 spanning? : True
Is IST_1 spanning? : True
Is IST_2 spanning? : True
Is IST_3 spanning? : True
Is IST_4 spanning? : True
Is IST_5 spanning? : True
Are all ISTs independent? : True

====TEST CR(591, 81, 162)====
Is IST_0 spanning? : True
Is IST_1 spanning? : True
Is IST_2 spanning? : True
Is IST_3 spanning? : True
Is IST_4 spanning? : True
Is IST_5 spanning? : True
Are all ISTs independent? : True

====TEST CR(592, 81, 162)====
Is IST_0 spanning? : True
Is IST_1 spanning? : True
Is IST_2 spanning? : True
Is IST_3 spanning? : True
Is IST_4 spanning? : True
Is IST_5 spanning? : True
Are all ISTs independent? : True

====TEST CR(593, 81, 162)====
Is IST_0 spanning? : True
Is IST_1 spanning? : True
Is IST_2 spanning? : True
Is IST_3 spanning? : True
Is IST_4 spanning? : True
Is IST_5 spanning? : True
Are all ISTs independent? : True

====TEST CR(594, 81, 162)====
Is IST_0 spanning? : True
Is IST_1 spanning? : True
Is IST_2 spanning? : True
Is IST_3 spanning? : True
Is IST_4 spanning? : True
Is IST_5 spanning? : True
Are all ISTs independent? : True

====TEST CR(595, 81, 162)====
Is IST_0 spanning? : True
Is IST_1 spanning? : True
Is IST_2 spanning? : True
Is IST_3 spanning? : True
Is IST_4 spanning? : True
Is IST_5 spanning? : True
Are all ISTs independent? : True

====TEST CR(596, 81, 162)====
Is IST_0 spanning? : True
Is IST_1 spanning? : True
Is IST_2 spanning? : True
Is IST_3 spanning? : True
Is IST_4 spanning? : True
Is IST_5 spanning? : True
Are all ISTs independent? : True

====TEST CR(597, 81, 162)====
Is IST_0 spanning? : True
Is IST_1 spanning? : True
Is IST_2 spanning? : True
Is IST_3 spanning? : True
Is IST_4 spanning? : True
Is IST_5 spanning? : True
Are all ISTs independent? : True

====TEST CR(598, 81, 162)====
Is IST_0 spanning? : True
Is IST_1 spanning? : True
Is IST_2 spanning? : True
Is IST_3 spanning? : True
Is IST_4 spanning? : True
Is IST_5 spanning? : True
Are all ISTs independent? : True

====TEST CR(599, 81, 162)====
Is IST_0 spanning? : True
Is IST_1 spanning? : True
Is IST_2 spanning? : True
Is IST_3 spanning? : True
Is IST_4 spanning? : True
Is IST_5 spanning? : True
Are all ISTs independent? : True

====TEST CR(600, 81, 162)====
Is IST_0 spanning? : True
Is IST_1 spanning? : True
Is IST_2 spanning? : True
Is IST_3 spanning? : True
Is IST_4 spanning? : True
Is IST_5 spanning? : True
Are all ISTs independent? : True

====TEST CR(601, 81, 162)====
Is IST_0 spanning? : True
Is IST_1 spanning? : True
Is IST_2 spanning? : True
Is IST_3 spanning? : True
Is IST_4 spanning? : True
Is IST_5 spanning? : True
Are all ISTs independent? : True

====TEST CR(602, 81, 162)====
Is IST_0 spanning? : True
Is IST_1 spanning? : True
Is IST_2 spanning? : True
Is IST_3 spanning? : True
Is IST_4 spanning? : True
Is IST_5 spanning? : True
Are all ISTs independent? : True

====TEST CR(603, 81, 162)====
Is IST_0 spanning? : True
Is IST_1 spanning? : True
Is IST_2 spanning? : True
Is IST_3 spanning? : True
Is IST_4 spanning? : True
Is IST_5 spanning? : True
Are all ISTs independent? : True

====TEST CR(604, 81, 162)====
Is IST_0 spanning? : True
Is IST_1 spanning? : True
Is IST_2 spanning? : True
Is IST_3 spanning? : True
Is IST_4 spanning? : True
Is IST_5 spanning? : True
Are all ISTs independent? : True

====TEST CR(605, 81, 162)====
Is IST_0 spanning? : True
Is IST_1 spanning? : True
Is IST_2 spanning? : True
Is IST_3 spanning? : True
Is IST_4 spanning? : True
Is IST_5 spanning? : True
Are all ISTs independent? : True

====TEST CR(606, 81, 162)====
Is IST_0 spanning? : True
Is IST_1 spanning? : True
Is IST_2 spanning? : True
Is IST_3 spanning? : True
Is IST_4 spanning? : True
Is IST_5 spanning? : True
Are all ISTs independent? : True

====TEST CR(607, 81, 162)====
Is IST_0 spanning? : True
Is IST_1 spanning? : True
Is IST_2 spanning? : True
Is IST_3 spanning? : True
Is IST_4 spanning? : True
Is IST_5 spanning? : True
Are all ISTs independent? : True

====TEST CR(608, 81, 162)====
Is IST_0 spanning? : True
Is IST_1 spanning? : True
Is IST_2 spanning? : True
Is IST_3 spanning? : True
Is IST_4 spanning? : True
Is IST_5 spanning? : True
Are all ISTs independent? : True

====TEST CR(609, 81, 162)====
Is IST_0 spanning? : True
Is IST_1 spanning? : True
Is IST_2 spanning? : True
Is IST_3 spanning? : True
Is IST_4 spanning? : True
Is IST_5 spanning? : True
Are all ISTs independent? : True

====TEST CR(610, 81, 162)====
Is IST_0 spanning? : True
Is IST_1 spanning? : True
Is IST_2 spanning? : True
Is IST_3 spanning? : True
Is IST_4 spanning? : True
Is IST_5 spanning? : True
Are all ISTs independent? : True

====TEST CR(611, 81, 162)====
Is IST_0 spanning? : True
Is IST_1 spanning? : True
Is IST_2 spanning? : True
Is IST_3 spanning? : True
Is IST_4 spanning? : True
Is IST_5 spanning? : True
Are all ISTs independent? : True

====TEST CR(612, 81, 162)====
Is IST_0 spanning? : True
Is IST_1 spanning? : True
Is IST_2 spanning? : True
Is IST_3 spanning? : True
Is IST_4 spanning? : True
Is IST_5 spanning? : True
Are all ISTs independent? : True

====TEST CR(613, 81, 162)====
Is IST_0 spanning? : True
Is IST_1 spanning? : True
Is IST_2 spanning? : True
Is IST_3 spanning? : True
Is IST_4 spanning? : True
Is IST_5 spanning? : True
Are all ISTs independent? : True

====TEST CR(614, 81, 162)====
Is IST_0 spanning? : True
Is IST_1 spanning? : True
Is IST_2 spanning? : True
Is IST_3 spanning? : True
Is IST_4 spanning? : True
Is IST_5 spanning? : True
Are all ISTs independent? : True

====TEST CR(492, 82, 164)====
Is IST_0 spanning? : True
Is IST_1 spanning? : True
Is IST_2 spanning? : True
Is IST_3 spanning? : True
Is IST_4 spanning? : True
Is IST_5 spanning? : True
Are all ISTs independent? : True

====TEST CR(493, 82, 164)====
Is IST_0 spanning? : True
Is IST_1 spanning? : True
Is IST_2 spanning? : True
Is IST_3 spanning? : True
Is IST_4 spanning? : True
Is IST_5 spanning? : True
Are all ISTs independent? : True

====TEST CR(494, 82, 164)====
Is IST_0 spanning? : True
Is IST_1 spanning? : True
Is IST_2 spanning? : True
Is IST_3 spanning? : True
Is IST_4 spanning? : True
Is IST_5 spanning? : True
Are all ISTs independent? : True

====TEST CR(495, 82, 164)====
Is IST_0 spanning? : True
Is IST_1 spanning? : True
Is IST_2 spanning? : True
Is IST_3 spanning? : True
Is IST_4 spanning? : True
Is IST_5 spanning? : True
Are all ISTs independent? : True

====TEST CR(496, 82, 164)====
Is IST_0 spanning? : True
Is IST_1 spanning? : True
Is IST_2 spanning? : True
Is IST_3 spanning? : True
Is IST_4 spanning? : True
Is IST_5 spanning? : True
Are all ISTs independent? : True

====TEST CR(497, 82, 164)====
Is IST_0 spanning? : True
Is IST_1 spanning? : True
Is IST_2 spanning? : True
Is IST_3 spanning? : True
Is IST_4 spanning? : True
Is IST_5 spanning? : True
Are all ISTs independent? : True

====TEST CR(498, 82, 164)====
Is IST_0 spanning? : True
Is IST_1 spanning? : True
Is IST_2 spanning? : True
Is IST_3 spanning? : True
Is IST_4 spanning? : True
Is IST_5 spanning? : True
Are all ISTs independent? : True

====TEST CR(499, 82, 164)====
Is IST_0 spanning? : True
Is IST_1 spanning? : True
Is IST_2 spanning? : True
Is IST_3 spanning? : True
Is IST_4 spanning? : True
Is IST_5 spanning? : True
Are all ISTs independent? : True

====TEST CR(500, 82, 164)====
Is IST_0 spanning? : True
Is IST_1 spanning? : True
Is IST_2 spanning? : True
Is IST_3 spanning? : True
Is IST_4 spanning? : True
Is IST_5 spanning? : True
Are all ISTs independent? : True

====TEST CR(501, 82, 164)====
Is IST_0 spanning? : True
Is IST_1 spanning? : True
Is IST_2 spanning? : True
Is IST_3 spanning? : True
Is IST_4 spanning? : True
Is IST_5 spanning? : True
Are all ISTs independent? : True

====TEST CR(502, 82, 164)====
Is IST_0 spanning? : True
Is IST_1 spanning? : True
Is IST_2 spanning? : True
Is IST_3 spanning? : True
Is IST_4 spanning? : True
Is IST_5 spanning? : True
Are all ISTs independent? : True

====TEST CR(503, 82, 164)====
Is IST_0 spanning? : True
Is IST_1 spanning? : True
Is IST_2 spanning? : True
Is IST_3 spanning? : True
Is IST_4 spanning? : True
Is IST_5 spanning? : True
Are all ISTs independent? : True

====TEST CR(504, 82, 164)====
Is IST_0 spanning? : True
Is IST_1 spanning? : True
Is IST_2 spanning? : True
Is IST_3 spanning? : True
Is IST_4 spanning? : True
Is IST_5 spanning? : True
Are all ISTs independent? : True

====TEST CR(505, 82, 164)====
Is IST_0 spanning? : True
Is IST_1 spanning? : True
Is IST_2 spanning? : True
Is IST_3 spanning? : True
Is IST_4 spanning? : True
Is IST_5 spanning? : True
Are all ISTs independent? : True

====TEST CR(506, 82, 164)====
Is IST_0 spanning? : True
Is IST_1 spanning? : True
Is IST_2 spanning? : True
Is IST_3 spanning? : True
Is IST_4 spanning? : True
Is IST_5 spanning? : True
Are all ISTs independent? : True

====TEST CR(507, 82, 164)====
Is IST_0 spanning? : True
Is IST_1 spanning? : True
Is IST_2 spanning? : True
Is IST_3 spanning? : True
Is IST_4 spanning? : True
Is IST_5 spanning? : True
Are all ISTs independent? : True

====TEST CR(508, 82, 164)====
Is IST_0 spanning? : True
Is IST_1 spanning? : True
Is IST_2 spanning? : True
Is IST_3 spanning? : True
Is IST_4 spanning? : True
Is IST_5 spanning? : True
Are all ISTs independent? : True

====TEST CR(509, 82, 164)====
Is IST_0 spanning? : True
Is IST_1 spanning? : True
Is IST_2 spanning? : True
Is IST_3 spanning? : True
Is IST_4 spanning? : True
Is IST_5 spanning? : True
Are all ISTs independent? : True

====TEST CR(510, 82, 164)====
Is IST_0 spanning? : True
Is IST_1 spanning? : True
Is IST_2 spanning? : True
Is IST_3 spanning? : True
Is IST_4 spanning? : True
Is IST_5 spanning? : True
Are all ISTs independent? : True

====TEST CR(511, 82, 164)====
Is IST_0 spanning? : True
Is IST_1 spanning? : True
Is IST_2 spanning? : True
Is IST_3 spanning? : True
Is IST_4 spanning? : True
Is IST_5 spanning? : True
Are all ISTs independent? : True

====TEST CR(512, 82, 164)====
Is IST_0 spanning? : True
Is IST_1 spanning? : True
Is IST_2 spanning? : True
Is IST_3 spanning? : True
Is IST_4 spanning? : True
Is IST_5 spanning? : True
Are all ISTs independent? : True

====TEST CR(513, 82, 164)====
Is IST_0 spanning? : True
Is IST_1 spanning? : True
Is IST_2 spanning? : True
Is IST_3 spanning? : True
Is IST_4 spanning? : True
Is IST_5 spanning? : True
Are all ISTs independent? : True

====TEST CR(514, 82, 164)====
Is IST_0 spanning? : True
Is IST_1 spanning? : True
Is IST_2 spanning? : True
Is IST_3 spanning? : True
Is IST_4 spanning? : True
Is IST_5 spanning? : True
Are all ISTs independent? : True

====TEST CR(515, 82, 164)====
Is IST_0 spanning? : True
Is IST_1 spanning? : True
Is IST_2 spanning? : True
Is IST_3 spanning? : True
Is IST_4 spanning? : True
Is IST_5 spanning? : True
Are all ISTs independent? : True

====TEST CR(516, 82, 164)====
Is IST_0 spanning? : True
Is IST_1 spanning? : True
Is IST_2 spanning? : True
Is IST_3 spanning? : True
Is IST_4 spanning? : True
Is IST_5 spanning? : True
Are all ISTs independent? : True

====TEST CR(517, 82, 164)====
Is IST_0 spanning? : True
Is IST_1 spanning? : True
Is IST_2 spanning? : True
Is IST_3 spanning? : True
Is IST_4 spanning? : True
Is IST_5 spanning? : True
Are all ISTs independent? : True

====TEST CR(518, 82, 164)====
Is IST_0 spanning? : True
Is IST_1 spanning? : True
Is IST_2 spanning? : True
Is IST_3 spanning? : True
Is IST_4 spanning? : True
Is IST_5 spanning? : True
Are all ISTs independent? : True

====TEST CR(519, 82, 164)====
Is IST_0 spanning? : True
Is IST_1 spanning? : True
Is IST_2 spanning? : True
Is IST_3 spanning? : True
Is IST_4 spanning? : True
Is IST_5 spanning? : True
Are all ISTs independent? : True

====TEST CR(520, 82, 164)====
Is IST_0 spanning? : True
Is IST_1 spanning? : True
Is IST_2 spanning? : True
Is IST_3 spanning? : True
Is IST_4 spanning? : True
Is IST_5 spanning? : True
Are all ISTs independent? : True

====TEST CR(521, 82, 164)====
Is IST_0 spanning? : True
Is IST_1 spanning? : True
Is IST_2 spanning? : True
Is IST_3 spanning? : True
Is IST_4 spanning? : True
Is IST_5 spanning? : True
Are all ISTs independent? : True

====TEST CR(522, 82, 164)====
Is IST_0 spanning? : True
Is IST_1 spanning? : True
Is IST_2 spanning? : True
Is IST_3 spanning? : True
Is IST_4 spanning? : True
Is IST_5 spanning? : True
Are all ISTs independent? : True

====TEST CR(523, 82, 164)====
Is IST_0 spanning? : True
Is IST_1 spanning? : True
Is IST_2 spanning? : True
Is IST_3 spanning? : True
Is IST_4 spanning? : True
Is IST_5 spanning? : True
Are all ISTs independent? : True

====TEST CR(524, 82, 164)====
Is IST_0 spanning? : True
Is IST_1 spanning? : True
Is IST_2 spanning? : True
Is IST_3 spanning? : True
Is IST_4 spanning? : True
Is IST_5 spanning? : True
Are all ISTs independent? : True

====TEST CR(525, 82, 164)====
Is IST_0 spanning? : True
Is IST_1 spanning? : True
Is IST_2 spanning? : True
Is IST_3 spanning? : True
Is IST_4 spanning? : True
Is IST_5 spanning? : True
Are all ISTs independent? : True

====TEST CR(526, 82, 164)====
Is IST_0 spanning? : True
Is IST_1 spanning? : True
Is IST_2 spanning? : True
Is IST_3 spanning? : True
Is IST_4 spanning? : True
Is IST_5 spanning? : True
Are all ISTs independent? : True

====TEST CR(527, 82, 164)====
Is IST_0 spanning? : True
Is IST_1 spanning? : True
Is IST_2 spanning? : True
Is IST_3 spanning? : True
Is IST_4 spanning? : True
Is IST_5 spanning? : True
Are all ISTs independent? : True

====TEST CR(528, 82, 164)====
Is IST_0 spanning? : True
Is IST_1 spanning? : True
Is IST_2 spanning? : True
Is IST_3 spanning? : True
Is IST_4 spanning? : True
Is IST_5 spanning? : True
Are all ISTs independent? : True

====TEST CR(529, 82, 164)====
Is IST_0 spanning? : True
Is IST_1 spanning? : True
Is IST_2 spanning? : True
Is IST_3 spanning? : True
Is IST_4 spanning? : True
Is IST_5 spanning? : True
Are all ISTs independent? : True

====TEST CR(530, 82, 164)====
Is IST_0 spanning? : True
Is IST_1 spanning? : True
Is IST_2 spanning? : True
Is IST_3 spanning? : True
Is IST_4 spanning? : True
Is IST_5 spanning? : True
Are all ISTs independent? : True

====TEST CR(531, 82, 164)====
Is IST_0 spanning? : True
Is IST_1 spanning? : True
Is IST_2 spanning? : True
Is IST_3 spanning? : True
Is IST_4 spanning? : True
Is IST_5 spanning? : True
Are all ISTs independent? : True

====TEST CR(532, 82, 164)====
Is IST_0 spanning? : True
Is IST_1 spanning? : True
Is IST_2 spanning? : True
Is IST_3 spanning? : True
Is IST_4 spanning? : True
Is IST_5 spanning? : True
Are all ISTs independent? : True

====TEST CR(533, 82, 164)====
Is IST_0 spanning? : True
Is IST_1 spanning? : True
Is IST_2 spanning? : True
Is IST_3 spanning? : True
Is IST_4 spanning? : True
Is IST_5 spanning? : True
Are all ISTs independent? : True

====TEST CR(534, 82, 164)====
Is IST_0 spanning? : True
Is IST_1 spanning? : True
Is IST_2 spanning? : True
Is IST_3 spanning? : True
Is IST_4 spanning? : True
Is IST_5 spanning? : True
Are all ISTs independent? : True

====TEST CR(535, 82, 164)====
Is IST_0 spanning? : True
Is IST_1 spanning? : True
Is IST_2 spanning? : True
Is IST_3 spanning? : True
Is IST_4 spanning? : True
Is IST_5 spanning? : True
Are all ISTs independent? : True

====TEST CR(536, 82, 164)====
Is IST_0 spanning? : True
Is IST_1 spanning? : True
Is IST_2 spanning? : True
Is IST_3 spanning? : True
Is IST_4 spanning? : True
Is IST_5 spanning? : True
Are all ISTs independent? : True

====TEST CR(537, 82, 164)====
Is IST_0 spanning? : True
Is IST_1 spanning? : True
Is IST_2 spanning? : True
Is IST_3 spanning? : True
Is IST_4 spanning? : True
Is IST_5 spanning? : True
Are all ISTs independent? : True

====TEST CR(538, 82, 164)====
Is IST_0 spanning? : True
Is IST_1 spanning? : True
Is IST_2 spanning? : True
Is IST_3 spanning? : True
Is IST_4 spanning? : True
Is IST_5 spanning? : True
Are all ISTs independent? : True

====TEST CR(539, 82, 164)====
Is IST_0 spanning? : True
Is IST_1 spanning? : True
Is IST_2 spanning? : True
Is IST_3 spanning? : True
Is IST_4 spanning? : True
Is IST_5 spanning? : True
Are all ISTs independent? : True

====TEST CR(540, 82, 164)====
Is IST_0 spanning? : True
Is IST_1 spanning? : True
Is IST_2 spanning? : True
Is IST_3 spanning? : True
Is IST_4 spanning? : True
Is IST_5 spanning? : True
Are all ISTs independent? : True

====TEST CR(541, 82, 164)====
Is IST_0 spanning? : True
Is IST_1 spanning? : True
Is IST_2 spanning? : True
Is IST_3 spanning? : True
Is IST_4 spanning? : True
Is IST_5 spanning? : True
Are all ISTs independent? : True

====TEST CR(542, 82, 164)====
Is IST_0 spanning? : True
Is IST_1 spanning? : True
Is IST_2 spanning? : True
Is IST_3 spanning? : True
Is IST_4 spanning? : True
Is IST_5 spanning? : True
Are all ISTs independent? : True

====TEST CR(543, 82, 164)====
Is IST_0 spanning? : True
Is IST_1 spanning? : True
Is IST_2 spanning? : True
Is IST_3 spanning? : True
Is IST_4 spanning? : True
Is IST_5 spanning? : True
Are all ISTs independent? : True

====TEST CR(544, 82, 164)====
Is IST_0 spanning? : True
Is IST_1 spanning? : True
Is IST_2 spanning? : True
Is IST_3 spanning? : True
Is IST_4 spanning? : True
Is IST_5 spanning? : True
Are all ISTs independent? : True

====TEST CR(545, 82, 164)====
Is IST_0 spanning? : True
Is IST_1 spanning? : True
Is IST_2 spanning? : True
Is IST_3 spanning? : True
Is IST_4 spanning? : True
Is IST_5 spanning? : True
Are all ISTs independent? : True

====TEST CR(546, 82, 164)====
Is IST_0 spanning? : True
Is IST_1 spanning? : True
Is IST_2 spanning? : True
Is IST_3 spanning? : True
Is IST_4 spanning? : True
Is IST_5 spanning? : True
Are all ISTs independent? : True

====TEST CR(547, 82, 164)====
Is IST_0 spanning? : True
Is IST_1 spanning? : True
Is IST_2 spanning? : True
Is IST_3 spanning? : True
Is IST_4 spanning? : True
Is IST_5 spanning? : True
Are all ISTs independent? : True

====TEST CR(548, 82, 164)====
Is IST_0 spanning? : True
Is IST_1 spanning? : True
Is IST_2 spanning? : True
Is IST_3 spanning? : True
Is IST_4 spanning? : True
Is IST_5 spanning? : True
Are all ISTs independent? : True

====TEST CR(549, 82, 164)====
Is IST_0 spanning? : True
Is IST_1 spanning? : True
Is IST_2 spanning? : True
Is IST_3 spanning? : True
Is IST_4 spanning? : True
Is IST_5 spanning? : True
Are all ISTs independent? : True

====TEST CR(550, 82, 164)====
Is IST_0 spanning? : True
Is IST_1 spanning? : True
Is IST_2 spanning? : True
Is IST_3 spanning? : True
Is IST_4 spanning? : True
Is IST_5 spanning? : True
Are all ISTs independent? : True

====TEST CR(551, 82, 164)====
Is IST_0 spanning? : True
Is IST_1 spanning? : True
Is IST_2 spanning? : True
Is IST_3 spanning? : True
Is IST_4 spanning? : True
Is IST_5 spanning? : True
Are all ISTs independent? : True

====TEST CR(552, 82, 164)====
Is IST_0 spanning? : True
Is IST_1 spanning? : True
Is IST_2 spanning? : True
Is IST_3 spanning? : True
Is IST_4 spanning? : True
Is IST_5 spanning? : True
Are all ISTs independent? : True

====TEST CR(553, 82, 164)====
Is IST_0 spanning? : True
Is IST_1 spanning? : True
Is IST_2 spanning? : True
Is IST_3 spanning? : True
Is IST_4 spanning? : True
Is IST_5 spanning? : True
Are all ISTs independent? : True

====TEST CR(554, 82, 164)====
Is IST_0 spanning? : True
Is IST_1 spanning? : True
Is IST_2 spanning? : True
Is IST_3 spanning? : True
Is IST_4 spanning? : True
Is IST_5 spanning? : True
Are all ISTs independent? : True

====TEST CR(555, 82, 164)====
Is IST_0 spanning? : True
Is IST_1 spanning? : True
Is IST_2 spanning? : True
Is IST_3 spanning? : True
Is IST_4 spanning? : True
Is IST_5 spanning? : True
Are all ISTs independent? : True

====TEST CR(556, 82, 164)====
Is IST_0 spanning? : True
Is IST_1 spanning? : True
Is IST_2 spanning? : True
Is IST_3 spanning? : True
Is IST_4 spanning? : True
Is IST_5 spanning? : True
Are all ISTs independent? : True

====TEST CR(557, 82, 164)====
Is IST_0 spanning? : True
Is IST_1 spanning? : True
Is IST_2 spanning? : True
Is IST_3 spanning? : True
Is IST_4 spanning? : True
Is IST_5 spanning? : True
Are all ISTs independent? : True

====TEST CR(558, 82, 164)====
Is IST_0 spanning? : True
Is IST_1 spanning? : True
Is IST_2 spanning? : True
Is IST_3 spanning? : True
Is IST_4 spanning? : True
Is IST_5 spanning? : True
Are all ISTs independent? : True

====TEST CR(559, 82, 164)====
Is IST_0 spanning? : True
Is IST_1 spanning? : True
Is IST_2 spanning? : True
Is IST_3 spanning? : True
Is IST_4 spanning? : True
Is IST_5 spanning? : True
Are all ISTs independent? : True

====TEST CR(560, 82, 164)====
Is IST_0 spanning? : True
Is IST_1 spanning? : True
Is IST_2 spanning? : True
Is IST_3 spanning? : True
Is IST_4 spanning? : True
Is IST_5 spanning? : True
Are all ISTs independent? : True

====TEST CR(561, 82, 164)====
Is IST_0 spanning? : True
Is IST_1 spanning? : True
Is IST_2 spanning? : True
Is IST_3 spanning? : True
Is IST_4 spanning? : True
Is IST_5 spanning? : True
Are all ISTs independent? : True

====TEST CR(562, 82, 164)====
Is IST_0 spanning? : True
Is IST_1 spanning? : True
Is IST_2 spanning? : True
Is IST_3 spanning? : True
Is IST_4 spanning? : True
Is IST_5 spanning? : True
Are all ISTs independent? : True

====TEST CR(563, 82, 164)====
Is IST_0 spanning? : True
Is IST_1 spanning? : True
Is IST_2 spanning? : True
Is IST_3 spanning? : True
Is IST_4 spanning? : True
Is IST_5 spanning? : True
Are all ISTs independent? : True

====TEST CR(564, 82, 164)====
Is IST_0 spanning? : True
Is IST_1 spanning? : True
Is IST_2 spanning? : True
Is IST_3 spanning? : True
Is IST_4 spanning? : True
Is IST_5 spanning? : True
Are all ISTs independent? : True

====TEST CR(565, 82, 164)====
Is IST_0 spanning? : True
Is IST_1 spanning? : True
Is IST_2 spanning? : True
Is IST_3 spanning? : True
Is IST_4 spanning? : True
Is IST_5 spanning? : True
Are all ISTs independent? : True

====TEST CR(566, 82, 164)====
Is IST_0 spanning? : True
Is IST_1 spanning? : True
Is IST_2 spanning? : True
Is IST_3 spanning? : True
Is IST_4 spanning? : True
Is IST_5 spanning? : True
Are all ISTs independent? : True

====TEST CR(567, 82, 164)====
Is IST_0 spanning? : True
Is IST_1 spanning? : True
Is IST_2 spanning? : True
Is IST_3 spanning? : True
Is IST_4 spanning? : True
Is IST_5 spanning? : True
Are all ISTs independent? : True

====TEST CR(568, 82, 164)====
Is IST_0 spanning? : True
Is IST_1 spanning? : True
Is IST_2 spanning? : True
Is IST_3 spanning? : True
Is IST_4 spanning? : True
Is IST_5 spanning? : True
Are all ISTs independent? : True

====TEST CR(569, 82, 164)====
Is IST_0 spanning? : True
Is IST_1 spanning? : True
Is IST_2 spanning? : True
Is IST_3 spanning? : True
Is IST_4 spanning? : True
Is IST_5 spanning? : True
Are all ISTs independent? : True

====TEST CR(570, 82, 164)====
Is IST_0 spanning? : True
Is IST_1 spanning? : True
Is IST_2 spanning? : True
Is IST_3 spanning? : True
Is IST_4 spanning? : True
Is IST_5 spanning? : True
Are all ISTs independent? : True

====TEST CR(571, 82, 164)====
Is IST_0 spanning? : True
Is IST_1 spanning? : True
Is IST_2 spanning? : True
Is IST_3 spanning? : True
Is IST_4 spanning? : True
Is IST_5 spanning? : True
Are all ISTs independent? : True

====TEST CR(572, 82, 164)====
Is IST_0 spanning? : True
Is IST_1 spanning? : True
Is IST_2 spanning? : True
Is IST_3 spanning? : True
Is IST_4 spanning? : True
Is IST_5 spanning? : True
Are all ISTs independent? : True

====TEST CR(573, 82, 164)====
Is IST_0 spanning? : True
Is IST_1 spanning? : True
Is IST_2 spanning? : True
Is IST_3 spanning? : True
Is IST_4 spanning? : True
Is IST_5 spanning? : True
Are all ISTs independent? : True

====TEST CR(574, 82, 164)====
Is IST_0 spanning? : True
Is IST_1 spanning? : True
Is IST_2 spanning? : True
Is IST_3 spanning? : True
Is IST_4 spanning? : True
Is IST_5 spanning? : True
Are all ISTs independent? : True

====TEST CR(575, 82, 164)====
Is IST_0 spanning? : True
Is IST_1 spanning? : True
Is IST_2 spanning? : True
Is IST_3 spanning? : True
Is IST_4 spanning? : True
Is IST_5 spanning? : True
Are all ISTs independent? : True

====TEST CR(576, 82, 164)====
Is IST_0 spanning? : True
Is IST_1 spanning? : True
Is IST_2 spanning? : True
Is IST_3 spanning? : True
Is IST_4 spanning? : True
Is IST_5 spanning? : True
Are all ISTs independent? : True

====TEST CR(577, 82, 164)====
Is IST_0 spanning? : True
Is IST_1 spanning? : True
Is IST_2 spanning? : True
Is IST_3 spanning? : True
Is IST_4 spanning? : True
Is IST_5 spanning? : True
Are all ISTs independent? : True

====TEST CR(578, 82, 164)====
Is IST_0 spanning? : True
Is IST_1 spanning? : True
Is IST_2 spanning? : True
Is IST_3 spanning? : True
Is IST_4 spanning? : True
Is IST_5 spanning? : True
Are all ISTs independent? : True

====TEST CR(579, 82, 164)====
Is IST_0 spanning? : True
Is IST_1 spanning? : True
Is IST_2 spanning? : True
Is IST_3 spanning? : True
Is IST_4 spanning? : True
Is IST_5 spanning? : True
Are all ISTs independent? : True

====TEST CR(580, 82, 164)====
Is IST_0 spanning? : True
Is IST_1 spanning? : True
Is IST_2 spanning? : True
Is IST_3 spanning? : True
Is IST_4 spanning? : True
Is IST_5 spanning? : True
Are all ISTs independent? : True

====TEST CR(581, 82, 164)====
Is IST_0 spanning? : True
Is IST_1 spanning? : True
Is IST_2 spanning? : True
Is IST_3 spanning? : True
Is IST_4 spanning? : True
Is IST_5 spanning? : True
Are all ISTs independent? : True

====TEST CR(582, 82, 164)====
Is IST_0 spanning? : True
Is IST_1 spanning? : True
Is IST_2 spanning? : True
Is IST_3 spanning? : True
Is IST_4 spanning? : True
Is IST_5 spanning? : True
Are all ISTs independent? : True

====TEST CR(583, 82, 164)====
Is IST_0 spanning? : True
Is IST_1 spanning? : True
Is IST_2 spanning? : True
Is IST_3 spanning? : True
Is IST_4 spanning? : True
Is IST_5 spanning? : True
Are all ISTs independent? : True

====TEST CR(584, 82, 164)====
Is IST_0 spanning? : True
Is IST_1 spanning? : True
Is IST_2 spanning? : True
Is IST_3 spanning? : True
Is IST_4 spanning? : True
Is IST_5 spanning? : True
Are all ISTs independent? : True

====TEST CR(585, 82, 164)====
Is IST_0 spanning? : True
Is IST_1 spanning? : True
Is IST_2 spanning? : True
Is IST_3 spanning? : True
Is IST_4 spanning? : True
Is IST_5 spanning? : True
Are all ISTs independent? : True

====TEST CR(586, 82, 164)====
Is IST_0 spanning? : True
Is IST_1 spanning? : True
Is IST_2 spanning? : True
Is IST_3 spanning? : True
Is IST_4 spanning? : True
Is IST_5 spanning? : True
Are all ISTs independent? : True

====TEST CR(587, 82, 164)====
Is IST_0 spanning? : True
Is IST_1 spanning? : True
Is IST_2 spanning? : True
Is IST_3 spanning? : True
Is IST_4 spanning? : True
Is IST_5 spanning? : True
Are all ISTs independent? : True

====TEST CR(588, 82, 164)====
Is IST_0 spanning? : True
Is IST_1 spanning? : True
Is IST_2 spanning? : True
Is IST_3 spanning? : True
Is IST_4 spanning? : True
Is IST_5 spanning? : True
Are all ISTs independent? : True

====TEST CR(589, 82, 164)====
Is IST_0 spanning? : True
Is IST_1 spanning? : True
Is IST_2 spanning? : True
Is IST_3 spanning? : True
Is IST_4 spanning? : True
Is IST_5 spanning? : True
Are all ISTs independent? : True

====TEST CR(590, 82, 164)====
Is IST_0 spanning? : True
Is IST_1 spanning? : True
Is IST_2 spanning? : True
Is IST_3 spanning? : True
Is IST_4 spanning? : True
Is IST_5 spanning? : True
Are all ISTs independent? : True

====TEST CR(591, 82, 164)====
Is IST_0 spanning? : True
Is IST_1 spanning? : True
Is IST_2 spanning? : True
Is IST_3 spanning? : True
Is IST_4 spanning? : True
Is IST_5 spanning? : True
Are all ISTs independent? : True

====TEST CR(592, 82, 164)====
Is IST_0 spanning? : True
Is IST_1 spanning? : True
Is IST_2 spanning? : True
Is IST_3 spanning? : True
Is IST_4 spanning? : True
Is IST_5 spanning? : True
Are all ISTs independent? : True

====TEST CR(593, 82, 164)====
Is IST_0 spanning? : True
Is IST_1 spanning? : True
Is IST_2 spanning? : True
Is IST_3 spanning? : True
Is IST_4 spanning? : True
Is IST_5 spanning? : True
Are all ISTs independent? : True

====TEST CR(594, 82, 164)====
Is IST_0 spanning? : True
Is IST_1 spanning? : True
Is IST_2 spanning? : True
Is IST_3 spanning? : True
Is IST_4 spanning? : True
Is IST_5 spanning? : True
Are all ISTs independent? : True

====TEST CR(595, 82, 164)====
Is IST_0 spanning? : True
Is IST_1 spanning? : True
Is IST_2 spanning? : True
Is IST_3 spanning? : True
Is IST_4 spanning? : True
Is IST_5 spanning? : True
Are all ISTs independent? : True

====TEST CR(596, 82, 164)====
Is IST_0 spanning? : True
Is IST_1 spanning? : True
Is IST_2 spanning? : True
Is IST_3 spanning? : True
Is IST_4 spanning? : True
Is IST_5 spanning? : True
Are all ISTs independent? : True

====TEST CR(597, 82, 164)====
Is IST_0 spanning? : True
Is IST_1 spanning? : True
Is IST_2 spanning? : True
Is IST_3 spanning? : True
Is IST_4 spanning? : True
Is IST_5 spanning? : True
Are all ISTs independent? : True

====TEST CR(598, 82, 164)====
Is IST_0 spanning? : True
Is IST_1 spanning? : True
Is IST_2 spanning? : True
Is IST_3 spanning? : True
Is IST_4 spanning? : True
Is IST_5 spanning? : True
Are all ISTs independent? : True

====TEST CR(599, 82, 164)====
Is IST_0 spanning? : True
Is IST_1 spanning? : True
Is IST_2 spanning? : True
Is IST_3 spanning? : True
Is IST_4 spanning? : True
Is IST_5 spanning? : True
Are all ISTs independent? : True

====TEST CR(600, 82, 164)====
Is IST_0 spanning? : True
Is IST_1 spanning? : True
Is IST_2 spanning? : True
Is IST_3 spanning? : True
Is IST_4 spanning? : True
Is IST_5 spanning? : True
Are all ISTs independent? : True

====TEST CR(601, 82, 164)====
Is IST_0 spanning? : True
Is IST_1 spanning? : True
Is IST_2 spanning? : True
Is IST_3 spanning? : True
Is IST_4 spanning? : True
Is IST_5 spanning? : True
Are all ISTs independent? : True

====TEST CR(602, 82, 164)====
Is IST_0 spanning? : True
Is IST_1 spanning? : True
Is IST_2 spanning? : True
Is IST_3 spanning? : True
Is IST_4 spanning? : True
Is IST_5 spanning? : True
Are all ISTs independent? : True

====TEST CR(603, 82, 164)====
Is IST_0 spanning? : True
Is IST_1 spanning? : True
Is IST_2 spanning? : True
Is IST_3 spanning? : True
Is IST_4 spanning? : True
Is IST_5 spanning? : True
Are all ISTs independent? : True

====TEST CR(604, 82, 164)====
Is IST_0 spanning? : True
Is IST_1 spanning? : True
Is IST_2 spanning? : True
Is IST_3 spanning? : True
Is IST_4 spanning? : True
Is IST_5 spanning? : True
Are all ISTs independent? : True

====TEST CR(605, 82, 164)====
Is IST_0 spanning? : True
Is IST_1 spanning? : True
Is IST_2 spanning? : True
Is IST_3 spanning? : True
Is IST_4 spanning? : True
Is IST_5 spanning? : True
Are all ISTs independent? : True

====TEST CR(606, 82, 164)====
Is IST_0 spanning? : True
Is IST_1 spanning? : True
Is IST_2 spanning? : True
Is IST_3 spanning? : True
Is IST_4 spanning? : True
Is IST_5 spanning? : True
Are all ISTs independent? : True

====TEST CR(607, 82, 164)====
Is IST_0 spanning? : True
Is IST_1 spanning? : True
Is IST_2 spanning? : True
Is IST_3 spanning? : True
Is IST_4 spanning? : True
Is IST_5 spanning? : True
Are all ISTs independent? : True

====TEST CR(608, 82, 164)====
Is IST_0 spanning? : True
Is IST_1 spanning? : True
Is IST_2 spanning? : True
Is IST_3 spanning? : True
Is IST_4 spanning? : True
Is IST_5 spanning? : True
Are all ISTs independent? : True

====TEST CR(609, 82, 164)====
Is IST_0 spanning? : True
Is IST_1 spanning? : True
Is IST_2 spanning? : True
Is IST_3 spanning? : True
Is IST_4 spanning? : True
Is IST_5 spanning? : True
Are all ISTs independent? : True

====TEST CR(610, 82, 164)====
Is IST_0 spanning? : True
Is IST_1 spanning? : True
Is IST_2 spanning? : True
Is IST_3 spanning? : True
Is IST_4 spanning? : True
Is IST_5 spanning? : True
Are all ISTs independent? : True

====TEST CR(611, 82, 164)====
Is IST_0 spanning? : True
Is IST_1 spanning? : True
Is IST_2 spanning? : True
Is IST_3 spanning? : True
Is IST_4 spanning? : True
Is IST_5 spanning? : True
Are all ISTs independent? : True

====TEST CR(612, 82, 164)====
Is IST_0 spanning? : True
Is IST_1 spanning? : True
Is IST_2 spanning? : True
Is IST_3 spanning? : True
Is IST_4 spanning? : True
Is IST_5 spanning? : True
Are all ISTs independent? : True

====TEST CR(613, 82, 164)====
Is IST_0 spanning? : True
Is IST_1 spanning? : True
Is IST_2 spanning? : True
Is IST_3 spanning? : True
Is IST_4 spanning? : True
Is IST_5 spanning? : True
Are all ISTs independent? : True

====TEST CR(614, 82, 164)====
Is IST_0 spanning? : True
Is IST_1 spanning? : True
Is IST_2 spanning? : True
Is IST_3 spanning? : True
Is IST_4 spanning? : True
Is IST_5 spanning? : True
Are all ISTs independent? : True

====TEST CR(615, 82, 164)====
Is IST_0 spanning? : True
Is IST_1 spanning? : True
Is IST_2 spanning? : True
Is IST_3 spanning? : True
Is IST_4 spanning? : True
Is IST_5 spanning? : True
Are all ISTs independent? : True

====TEST CR(616, 82, 164)====
Is IST_0 spanning? : True
Is IST_1 spanning? : True
Is IST_2 spanning? : True
Is IST_3 spanning? : True
Is IST_4 spanning? : True
Is IST_5 spanning? : True
Are all ISTs independent? : True

====TEST CR(617, 82, 164)====
Is IST_0 spanning? : True
Is IST_1 spanning? : True
Is IST_2 spanning? : True
Is IST_3 spanning? : True
Is IST_4 spanning? : True
Is IST_5 spanning? : True
Are all ISTs independent? : True

====TEST CR(618, 82, 164)====
Is IST_0 spanning? : True
Is IST_1 spanning? : True
Is IST_2 spanning? : True
Is IST_3 spanning? : True
Is IST_4 spanning? : True
Is IST_5 spanning? : True
Are all ISTs independent? : True

====TEST CR(619, 82, 164)====
Is IST_0 spanning? : True
Is IST_1 spanning? : True
Is IST_2 spanning? : True
Is IST_3 spanning? : True
Is IST_4 spanning? : True
Is IST_5 spanning? : True
Are all ISTs independent? : True

====TEST CR(620, 82, 164)====
Is IST_0 spanning? : True
Is IST_1 spanning? : True
Is IST_2 spanning? : True
Is IST_3 spanning? : True
Is IST_4 spanning? : True
Is IST_5 spanning? : True
Are all ISTs independent? : True

====TEST CR(498, 83, 166)====
Is IST_0 spanning? : True
Is IST_1 spanning? : True
Is IST_2 spanning? : True
Is IST_3 spanning? : True
Is IST_4 spanning? : True
Is IST_5 spanning? : True
Are all ISTs independent? : True

====TEST CR(499, 83, 166)====
Is IST_0 spanning? : True
Is IST_1 spanning? : True
Is IST_2 spanning? : True
Is IST_3 spanning? : True
Is IST_4 spanning? : True
Is IST_5 spanning? : True
Are all ISTs independent? : True

====TEST CR(500, 83, 166)====
Is IST_0 spanning? : True
Is IST_1 spanning? : True
Is IST_2 spanning? : True
Is IST_3 spanning? : True
Is IST_4 spanning? : True
Is IST_5 spanning? : True
Are all ISTs independent? : True

====TEST CR(501, 83, 166)====
Is IST_0 spanning? : True
Is IST_1 spanning? : True
Is IST_2 spanning? : True
Is IST_3 spanning? : True
Is IST_4 spanning? : True
Is IST_5 spanning? : True
Are all ISTs independent? : True

====TEST CR(502, 83, 166)====
Is IST_0 spanning? : True
Is IST_1 spanning? : True
Is IST_2 spanning? : True
Is IST_3 spanning? : True
Is IST_4 spanning? : True
Is IST_5 spanning? : True
Are all ISTs independent? : True

====TEST CR(503, 83, 166)====
Is IST_0 spanning? : True
Is IST_1 spanning? : True
Is IST_2 spanning? : True
Is IST_3 spanning? : True
Is IST_4 spanning? : True
Is IST_5 spanning? : True
Are all ISTs independent? : True

====TEST CR(504, 83, 166)====
Is IST_0 spanning? : True
Is IST_1 spanning? : True
Is IST_2 spanning? : True
Is IST_3 spanning? : True
Is IST_4 spanning? : True
Is IST_5 spanning? : True
Are all ISTs independent? : True

====TEST CR(505, 83, 166)====
Is IST_0 spanning? : True
Is IST_1 spanning? : True
Is IST_2 spanning? : True
Is IST_3 spanning? : True
Is IST_4 spanning? : True
Is IST_5 spanning? : True
Are all ISTs independent? : True

====TEST CR(506, 83, 166)====
Is IST_0 spanning? : True
Is IST_1 spanning? : True
Is IST_2 spanning? : True
Is IST_3 spanning? : True
Is IST_4 spanning? : True
Is IST_5 spanning? : True
Are all ISTs independent? : True

====TEST CR(507, 83, 166)====
Is IST_0 spanning? : True
Is IST_1 spanning? : True
Is IST_2 spanning? : True
Is IST_3 spanning? : True
Is IST_4 spanning? : True
Is IST_5 spanning? : True
Are all ISTs independent? : True

====TEST CR(508, 83, 166)====
Is IST_0 spanning? : True
Is IST_1 spanning? : True
Is IST_2 spanning? : True
Is IST_3 spanning? : True
Is IST_4 spanning? : True
Is IST_5 spanning? : True
Are all ISTs independent? : True

====TEST CR(509, 83, 166)====
Is IST_0 spanning? : True
Is IST_1 spanning? : True
Is IST_2 spanning? : True
Is IST_3 spanning? : True
Is IST_4 spanning? : True
Is IST_5 spanning? : True
Are all ISTs independent? : True

====TEST CR(510, 83, 166)====
Is IST_0 spanning? : True
Is IST_1 spanning? : True
Is IST_2 spanning? : True
Is IST_3 spanning? : True
Is IST_4 spanning? : True
Is IST_5 spanning? : True
Are all ISTs independent? : True

====TEST CR(511, 83, 166)====
Is IST_0 spanning? : True
Is IST_1 spanning? : True
Is IST_2 spanning? : True
Is IST_3 spanning? : True
Is IST_4 spanning? : True
Is IST_5 spanning? : True
Are all ISTs independent? : True

====TEST CR(512, 83, 166)====
Is IST_0 spanning? : True
Is IST_1 spanning? : True
Is IST_2 spanning? : True
Is IST_3 spanning? : True
Is IST_4 spanning? : True
Is IST_5 spanning? : True
Are all ISTs independent? : True

====TEST CR(513, 83, 166)====
Is IST_0 spanning? : True
Is IST_1 spanning? : True
Is IST_2 spanning? : True
Is IST_3 spanning? : True
Is IST_4 spanning? : True
Is IST_5 spanning? : True
Are all ISTs independent? : True

====TEST CR(514, 83, 166)====
Is IST_0 spanning? : True
Is IST_1 spanning? : True
Is IST_2 spanning? : True
Is IST_3 spanning? : True
Is IST_4 spanning? : True
Is IST_5 spanning? : True
Are all ISTs independent? : True

====TEST CR(515, 83, 166)====
Is IST_0 spanning? : True
Is IST_1 spanning? : True
Is IST_2 spanning? : True
Is IST_3 spanning? : True
Is IST_4 spanning? : True
Is IST_5 spanning? : True
Are all ISTs independent? : True

====TEST CR(516, 83, 166)====
Is IST_0 spanning? : True
Is IST_1 spanning? : True
Is IST_2 spanning? : True
Is IST_3 spanning? : True
Is IST_4 spanning? : True
Is IST_5 spanning? : True
Are all ISTs independent? : True

====TEST CR(517, 83, 166)====
Is IST_0 spanning? : True
Is IST_1 spanning? : True
Is IST_2 spanning? : True
Is IST_3 spanning? : True
Is IST_4 spanning? : True
Is IST_5 spanning? : True
Are all ISTs independent? : True

====TEST CR(518, 83, 166)====
Is IST_0 spanning? : True
Is IST_1 spanning? : True
Is IST_2 spanning? : True
Is IST_3 spanning? : True
Is IST_4 spanning? : True
Is IST_5 spanning? : True
Are all ISTs independent? : True

====TEST CR(519, 83, 166)====
Is IST_0 spanning? : True
Is IST_1 spanning? : True
Is IST_2 spanning? : True
Is IST_3 spanning? : True
Is IST_4 spanning? : True
Is IST_5 spanning? : True
Are all ISTs independent? : True

====TEST CR(520, 83, 166)====
Is IST_0 spanning? : True
Is IST_1 spanning? : True
Is IST_2 spanning? : True
Is IST_3 spanning? : True
Is IST_4 spanning? : True
Is IST_5 spanning? : True
Are all ISTs independent? : True

====TEST CR(521, 83, 166)====
Is IST_0 spanning? : True
Is IST_1 spanning? : True
Is IST_2 spanning? : True
Is IST_3 spanning? : True
Is IST_4 spanning? : True
Is IST_5 spanning? : True
Are all ISTs independent? : True

====TEST CR(522, 83, 166)====
Is IST_0 spanning? : True
Is IST_1 spanning? : True
Is IST_2 spanning? : True
Is IST_3 spanning? : True
Is IST_4 spanning? : True
Is IST_5 spanning? : True
Are all ISTs independent? : True

====TEST CR(523, 83, 166)====
Is IST_0 spanning? : True
Is IST_1 spanning? : True
Is IST_2 spanning? : True
Is IST_3 spanning? : True
Is IST_4 spanning? : True
Is IST_5 spanning? : True
Are all ISTs independent? : True

====TEST CR(524, 83, 166)====
Is IST_0 spanning? : True
Is IST_1 spanning? : True
Is IST_2 spanning? : True
Is IST_3 spanning? : True
Is IST_4 spanning? : True
Is IST_5 spanning? : True
Are all ISTs independent? : True

====TEST CR(525, 83, 166)====
Is IST_0 spanning? : True
Is IST_1 spanning? : True
Is IST_2 spanning? : True
Is IST_3 spanning? : True
Is IST_4 spanning? : True
Is IST_5 spanning? : True
Are all ISTs independent? : True

====TEST CR(526, 83, 166)====
Is IST_0 spanning? : True
Is IST_1 spanning? : True
Is IST_2 spanning? : True
Is IST_3 spanning? : True
Is IST_4 spanning? : True
Is IST_5 spanning? : True
Are all ISTs independent? : True

====TEST CR(527, 83, 166)====
Is IST_0 spanning? : True
Is IST_1 spanning? : True
Is IST_2 spanning? : True
Is IST_3 spanning? : True
Is IST_4 spanning? : True
Is IST_5 spanning? : True
Are all ISTs independent? : True

====TEST CR(528, 83, 166)====
Is IST_0 spanning? : True
Is IST_1 spanning? : True
Is IST_2 spanning? : True
Is IST_3 spanning? : True
Is IST_4 spanning? : True
Is IST_5 spanning? : True
Are all ISTs independent? : True

====TEST CR(529, 83, 166)====
Is IST_0 spanning? : True
Is IST_1 spanning? : True
Is IST_2 spanning? : True
Is IST_3 spanning? : True
Is IST_4 spanning? : True
Is IST_5 spanning? : True
Are all ISTs independent? : True

====TEST CR(530, 83, 166)====
Is IST_0 spanning? : True
Is IST_1 spanning? : True
Is IST_2 spanning? : True
Is IST_3 spanning? : True
Is IST_4 spanning? : True
Is IST_5 spanning? : True
Are all ISTs independent? : True

====TEST CR(531, 83, 166)====
Is IST_0 spanning? : True
Is IST_1 spanning? : True
Is IST_2 spanning? : True
Is IST_3 spanning? : True
Is IST_4 spanning? : True
Is IST_5 spanning? : True
Are all ISTs independent? : True

====TEST CR(532, 83, 166)====
Is IST_0 spanning? : True
Is IST_1 spanning? : True
Is IST_2 spanning? : True
Is IST_3 spanning? : True
Is IST_4 spanning? : True
Is IST_5 spanning? : True
Are all ISTs independent? : True

====TEST CR(533, 83, 166)====
Is IST_0 spanning? : True
Is IST_1 spanning? : True
Is IST_2 spanning? : True
Is IST_3 spanning? : True
Is IST_4 spanning? : True
Is IST_5 spanning? : True
Are all ISTs independent? : True

====TEST CR(534, 83, 166)====
Is IST_0 spanning? : True
Is IST_1 spanning? : True
Is IST_2 spanning? : True
Is IST_3 spanning? : True
Is IST_4 spanning? : True
Is IST_5 spanning? : True
Are all ISTs independent? : True

====TEST CR(535, 83, 166)====
Is IST_0 spanning? : True
Is IST_1 spanning? : True
Is IST_2 spanning? : True
Is IST_3 spanning? : True
Is IST_4 spanning? : True
Is IST_5 spanning? : True
Are all ISTs independent? : True

====TEST CR(536, 83, 166)====
Is IST_0 spanning? : True
Is IST_1 spanning? : True
Is IST_2 spanning? : True
Is IST_3 spanning? : True
Is IST_4 spanning? : True
Is IST_5 spanning? : True
Are all ISTs independent? : True

====TEST CR(537, 83, 166)====
Is IST_0 spanning? : True
Is IST_1 spanning? : True
Is IST_2 spanning? : True
Is IST_3 spanning? : True
Is IST_4 spanning? : True
Is IST_5 spanning? : True
Are all ISTs independent? : True

====TEST CR(538, 83, 166)====
Is IST_0 spanning? : True
Is IST_1 spanning? : True
Is IST_2 spanning? : True
Is IST_3 spanning? : True
Is IST_4 spanning? : True
Is IST_5 spanning? : True
Are all ISTs independent? : True

====TEST CR(539, 83, 166)====
Is IST_0 spanning? : True
Is IST_1 spanning? : True
Is IST_2 spanning? : True
Is IST_3 spanning? : True
Is IST_4 spanning? : True
Is IST_5 spanning? : True
Are all ISTs independent? : True

====TEST CR(540, 83, 166)====
Is IST_0 spanning? : True
Is IST_1 spanning? : True
Is IST_2 spanning? : True
Is IST_3 spanning? : True
Is IST_4 spanning? : True
Is IST_5 spanning? : True
Are all ISTs independent? : True

====TEST CR(541, 83, 166)====
Is IST_0 spanning? : True
Is IST_1 spanning? : True
Is IST_2 spanning? : True
Is IST_3 spanning? : True
Is IST_4 spanning? : True
Is IST_5 spanning? : True
Are all ISTs independent? : True

====TEST CR(542, 83, 166)====
Is IST_0 spanning? : True
Is IST_1 spanning? : True
Is IST_2 spanning? : True
Is IST_3 spanning? : True
Is IST_4 spanning? : True
Is IST_5 spanning? : True
Are all ISTs independent? : True

====TEST CR(543, 83, 166)====
Is IST_0 spanning? : True
Is IST_1 spanning? : True
Is IST_2 spanning? : True
Is IST_3 spanning? : True
Is IST_4 spanning? : True
Is IST_5 spanning? : True
Are all ISTs independent? : True

====TEST CR(544, 83, 166)====
Is IST_0 spanning? : True
Is IST_1 spanning? : True
Is IST_2 spanning? : True
Is IST_3 spanning? : True
Is IST_4 spanning? : True
Is IST_5 spanning? : True
Are all ISTs independent? : True

====TEST CR(545, 83, 166)====
Is IST_0 spanning? : True
Is IST_1 spanning? : True
Is IST_2 spanning? : True
Is IST_3 spanning? : True
Is IST_4 spanning? : True
Is IST_5 spanning? : True
Are all ISTs independent? : True

====TEST CR(546, 83, 166)====
Is IST_0 spanning? : True
Is IST_1 spanning? : True
Is IST_2 spanning? : True
Is IST_3 spanning? : True
Is IST_4 spanning? : True
Is IST_5 spanning? : True
Are all ISTs independent? : True

====TEST CR(547, 83, 166)====
Is IST_0 spanning? : True
Is IST_1 spanning? : True
Is IST_2 spanning? : True
Is IST_3 spanning? : True
Is IST_4 spanning? : True
Is IST_5 spanning? : True
Are all ISTs independent? : True

====TEST CR(548, 83, 166)====
Is IST_0 spanning? : True
Is IST_1 spanning? : True
Is IST_2 spanning? : True
Is IST_3 spanning? : True
Is IST_4 spanning? : True
Is IST_5 spanning? : True
Are all ISTs independent? : True

====TEST CR(549, 83, 166)====
Is IST_0 spanning? : True
Is IST_1 spanning? : True
Is IST_2 spanning? : True
Is IST_3 spanning? : True
Is IST_4 spanning? : True
Is IST_5 spanning? : True
Are all ISTs independent? : True

====TEST CR(550, 83, 166)====
Is IST_0 spanning? : True
Is IST_1 spanning? : True
Is IST_2 spanning? : True
Is IST_3 spanning? : True
Is IST_4 spanning? : True
Is IST_5 spanning? : True
Are all ISTs independent? : True

====TEST CR(551, 83, 166)====
Is IST_0 spanning? : True
Is IST_1 spanning? : True
Is IST_2 spanning? : True
Is IST_3 spanning? : True
Is IST_4 spanning? : True
Is IST_5 spanning? : True
Are all ISTs independent? : True

====TEST CR(552, 83, 166)====
Is IST_0 spanning? : True
Is IST_1 spanning? : True
Is IST_2 spanning? : True
Is IST_3 spanning? : True
Is IST_4 spanning? : True
Is IST_5 spanning? : True
Are all ISTs independent? : True

====TEST CR(553, 83, 166)====
Is IST_0 spanning? : True
Is IST_1 spanning? : True
Is IST_2 spanning? : True
Is IST_3 spanning? : True
Is IST_4 spanning? : True
Is IST_5 spanning? : True
Are all ISTs independent? : True

====TEST CR(554, 83, 166)====
Is IST_0 spanning? : True
Is IST_1 spanning? : True
Is IST_2 spanning? : True
Is IST_3 spanning? : True
Is IST_4 spanning? : True
Is IST_5 spanning? : True
Are all ISTs independent? : True

====TEST CR(555, 83, 166)====
Is IST_0 spanning? : True
Is IST_1 spanning? : True
Is IST_2 spanning? : True
Is IST_3 spanning? : True
Is IST_4 spanning? : True
Is IST_5 spanning? : True
Are all ISTs independent? : True

====TEST CR(556, 83, 166)====
Is IST_0 spanning? : True
Is IST_1 spanning? : True
Is IST_2 spanning? : True
Is IST_3 spanning? : True
Is IST_4 spanning? : True
Is IST_5 spanning? : True
Are all ISTs independent? : True

====TEST CR(557, 83, 166)====
Is IST_0 spanning? : True
Is IST_1 spanning? : True
Is IST_2 spanning? : True
Is IST_3 spanning? : True
Is IST_4 spanning? : True
Is IST_5 spanning? : True
Are all ISTs independent? : True

====TEST CR(558, 83, 166)====
Is IST_0 spanning? : True
Is IST_1 spanning? : True
Is IST_2 spanning? : True
Is IST_3 spanning? : True
Is IST_4 spanning? : True
Is IST_5 spanning? : True
Are all ISTs independent? : True

====TEST CR(559, 83, 166)====
Is IST_0 spanning? : True
Is IST_1 spanning? : True
Is IST_2 spanning? : True
Is IST_3 spanning? : True
Is IST_4 spanning? : True
Is IST_5 spanning? : True
Are all ISTs independent? : True

====TEST CR(560, 83, 166)====
Is IST_0 spanning? : True
Is IST_1 spanning? : True
Is IST_2 spanning? : True
Is IST_3 spanning? : True
Is IST_4 spanning? : True
Is IST_5 spanning? : True
Are all ISTs independent? : True

====TEST CR(561, 83, 166)====
Is IST_0 spanning? : True
Is IST_1 spanning? : True
Is IST_2 spanning? : True
Is IST_3 spanning? : True
Is IST_4 spanning? : True
Is IST_5 spanning? : True
Are all ISTs independent? : True

====TEST CR(562, 83, 166)====
Is IST_0 spanning? : True
Is IST_1 spanning? : True
Is IST_2 spanning? : True
Is IST_3 spanning? : True
Is IST_4 spanning? : True
Is IST_5 spanning? : True
Are all ISTs independent? : True

====TEST CR(563, 83, 166)====
Is IST_0 spanning? : True
Is IST_1 spanning? : True
Is IST_2 spanning? : True
Is IST_3 spanning? : True
Is IST_4 spanning? : True
Is IST_5 spanning? : True
Are all ISTs independent? : True

====TEST CR(564, 83, 166)====
Is IST_0 spanning? : True
Is IST_1 spanning? : True
Is IST_2 spanning? : True
Is IST_3 spanning? : True
Is IST_4 spanning? : True
Is IST_5 spanning? : True
Are all ISTs independent? : True

====TEST CR(565, 83, 166)====
Is IST_0 spanning? : True
Is IST_1 spanning? : True
Is IST_2 spanning? : True
Is IST_3 spanning? : True
Is IST_4 spanning? : True
Is IST_5 spanning? : True
Are all ISTs independent? : True

====TEST CR(566, 83, 166)====
Is IST_0 spanning? : True
Is IST_1 spanning? : True
Is IST_2 spanning? : True
Is IST_3 spanning? : True
Is IST_4 spanning? : True
Is IST_5 spanning? : True
Are all ISTs independent? : True

====TEST CR(567, 83, 166)====
Is IST_0 spanning? : True
Is IST_1 spanning? : True
Is IST_2 spanning? : True
Is IST_3 spanning? : True
Is IST_4 spanning? : True
Is IST_5 spanning? : True
Are all ISTs independent? : True

====TEST CR(568, 83, 166)====
Is IST_0 spanning? : True
Is IST_1 spanning? : True
Is IST_2 spanning? : True
Is IST_3 spanning? : True
Is IST_4 spanning? : True
Is IST_5 spanning? : True
Are all ISTs independent? : True

====TEST CR(569, 83, 166)====
Is IST_0 spanning? : True
Is IST_1 spanning? : True
Is IST_2 spanning? : True
Is IST_3 spanning? : True
Is IST_4 spanning? : True
Is IST_5 spanning? : True
Are all ISTs independent? : True

====TEST CR(570, 83, 166)====
Is IST_0 spanning? : True
Is IST_1 spanning? : True
Is IST_2 spanning? : True
Is IST_3 spanning? : True
Is IST_4 spanning? : True
Is IST_5 spanning? : True
Are all ISTs independent? : True

====TEST CR(571, 83, 166)====
Is IST_0 spanning? : True
Is IST_1 spanning? : True
Is IST_2 spanning? : True
Is IST_3 spanning? : True
Is IST_4 spanning? : True
Is IST_5 spanning? : True
Are all ISTs independent? : True

====TEST CR(572, 83, 166)====
Is IST_0 spanning? : True
Is IST_1 spanning? : True
Is IST_2 spanning? : True
Is IST_3 spanning? : True
Is IST_4 spanning? : True
Is IST_5 spanning? : True
Are all ISTs independent? : True

====TEST CR(573, 83, 166)====
Is IST_0 spanning? : True
Is IST_1 spanning? : True
Is IST_2 spanning? : True
Is IST_3 spanning? : True
Is IST_4 spanning? : True
Is IST_5 spanning? : True
Are all ISTs independent? : True

====TEST CR(574, 83, 166)====
Is IST_0 spanning? : True
Is IST_1 spanning? : True
Is IST_2 spanning? : True
Is IST_3 spanning? : True
Is IST_4 spanning? : True
Is IST_5 spanning? : True
Are all ISTs independent? : True

====TEST CR(575, 83, 166)====
Is IST_0 spanning? : True
Is IST_1 spanning? : True
Is IST_2 spanning? : True
Is IST_3 spanning? : True
Is IST_4 spanning? : True
Is IST_5 spanning? : True
Are all ISTs independent? : True

====TEST CR(576, 83, 166)====
Is IST_0 spanning? : True
Is IST_1 spanning? : True
Is IST_2 spanning? : True
Is IST_3 spanning? : True
Is IST_4 spanning? : True
Is IST_5 spanning? : True
Are all ISTs independent? : True

====TEST CR(577, 83, 166)====
Is IST_0 spanning? : True
Is IST_1 spanning? : True
Is IST_2 spanning? : True
Is IST_3 spanning? : True
Is IST_4 spanning? : True
Is IST_5 spanning? : True
Are all ISTs independent? : True

====TEST CR(578, 83, 166)====
Is IST_0 spanning? : True
Is IST_1 spanning? : True
Is IST_2 spanning? : True
Is IST_3 spanning? : True
Is IST_4 spanning? : True
Is IST_5 spanning? : True
Are all ISTs independent? : True

====TEST CR(579, 83, 166)====
Is IST_0 spanning? : True
Is IST_1 spanning? : True
Is IST_2 spanning? : True
Is IST_3 spanning? : True
Is IST_4 spanning? : True
Is IST_5 spanning? : True
Are all ISTs independent? : True

====TEST CR(580, 83, 166)====
Is IST_0 spanning? : True
Is IST_1 spanning? : True
Is IST_2 spanning? : True
Is IST_3 spanning? : True
Is IST_4 spanning? : True
Is IST_5 spanning? : True
Are all ISTs independent? : True

====TEST CR(581, 83, 166)====
Is IST_0 spanning? : True
Is IST_1 spanning? : True
Is IST_2 spanning? : True
Is IST_3 spanning? : True
Is IST_4 spanning? : True
Is IST_5 spanning? : True
Are all ISTs independent? : True

====TEST CR(582, 83, 166)====
Is IST_0 spanning? : True
Is IST_1 spanning? : True
Is IST_2 spanning? : True
Is IST_3 spanning? : True
Is IST_4 spanning? : True
Is IST_5 spanning? : True
Are all ISTs independent? : True

====TEST CR(583, 83, 166)====
Is IST_0 spanning? : True
Is IST_1 spanning? : True
Is IST_2 spanning? : True
Is IST_3 spanning? : True
Is IST_4 spanning? : True
Is IST_5 spanning? : True
Are all ISTs independent? : True

====TEST CR(584, 83, 166)====
Is IST_0 spanning? : True
Is IST_1 spanning? : True
Is IST_2 spanning? : True
Is IST_3 spanning? : True
Is IST_4 spanning? : True
Is IST_5 spanning? : True
Are all ISTs independent? : True

====TEST CR(585, 83, 166)====
Is IST_0 spanning? : True
Is IST_1 spanning? : True
Is IST_2 spanning? : True
Is IST_3 spanning? : True
Is IST_4 spanning? : True
Is IST_5 spanning? : True
Are all ISTs independent? : True

====TEST CR(586, 83, 166)====
Is IST_0 spanning? : True
Is IST_1 spanning? : True
Is IST_2 spanning? : True
Is IST_3 spanning? : True
Is IST_4 spanning? : True
Is IST_5 spanning? : True
Are all ISTs independent? : True

====TEST CR(587, 83, 166)====
Is IST_0 spanning? : True
Is IST_1 spanning? : True
Is IST_2 spanning? : True
Is IST_3 spanning? : True
Is IST_4 spanning? : True
Is IST_5 spanning? : True
Are all ISTs independent? : True

====TEST CR(588, 83, 166)====
Is IST_0 spanning? : True
Is IST_1 spanning? : True
Is IST_2 spanning? : True
Is IST_3 spanning? : True
Is IST_4 spanning? : True
Is IST_5 spanning? : True
Are all ISTs independent? : True

====TEST CR(589, 83, 166)====
Is IST_0 spanning? : True
Is IST_1 spanning? : True
Is IST_2 spanning? : True
Is IST_3 spanning? : True
Is IST_4 spanning? : True
Is IST_5 spanning? : True
Are all ISTs independent? : True

====TEST CR(590, 83, 166)====
Is IST_0 spanning? : True
Is IST_1 spanning? : True
Is IST_2 spanning? : True
Is IST_3 spanning? : True
Is IST_4 spanning? : True
Is IST_5 spanning? : True
Are all ISTs independent? : True

====TEST CR(591, 83, 166)====
Is IST_0 spanning? : True
Is IST_1 spanning? : True
Is IST_2 spanning? : True
Is IST_3 spanning? : True
Is IST_4 spanning? : True
Is IST_5 spanning? : True
Are all ISTs independent? : True

====TEST CR(592, 83, 166)====
Is IST_0 spanning? : True
Is IST_1 spanning? : True
Is IST_2 spanning? : True
Is IST_3 spanning? : True
Is IST_4 spanning? : True
Is IST_5 spanning? : True
Are all ISTs independent? : True

====TEST CR(593, 83, 166)====
Is IST_0 spanning? : True
Is IST_1 spanning? : True
Is IST_2 spanning? : True
Is IST_3 spanning? : True
Is IST_4 spanning? : True
Is IST_5 spanning? : True
Are all ISTs independent? : True

====TEST CR(594, 83, 166)====
Is IST_0 spanning? : True
Is IST_1 spanning? : True
Is IST_2 spanning? : True
Is IST_3 spanning? : True
Is IST_4 spanning? : True
Is IST_5 spanning? : True
Are all ISTs independent? : True

====TEST CR(595, 83, 166)====
Is IST_0 spanning? : True
Is IST_1 spanning? : True
Is IST_2 spanning? : True
Is IST_3 spanning? : True
Is IST_4 spanning? : True
Is IST_5 spanning? : True
Are all ISTs independent? : True

====TEST CR(596, 83, 166)====
Is IST_0 spanning? : True
Is IST_1 spanning? : True
Is IST_2 spanning? : True
Is IST_3 spanning? : True
Is IST_4 spanning? : True
Is IST_5 spanning? : True
Are all ISTs independent? : True

====TEST CR(597, 83, 166)====
Is IST_0 spanning? : True
Is IST_1 spanning? : True
Is IST_2 spanning? : True
Is IST_3 spanning? : True
Is IST_4 spanning? : True
Is IST_5 spanning? : True
Are all ISTs independent? : True

====TEST CR(598, 83, 166)====
Is IST_0 spanning? : True
Is IST_1 spanning? : True
Is IST_2 spanning? : True
Is IST_3 spanning? : True
Is IST_4 spanning? : True
Is IST_5 spanning? : True
Are all ISTs independent? : True

====TEST CR(599, 83, 166)====
Is IST_0 spanning? : True
Is IST_1 spanning? : True
Is IST_2 spanning? : True
Is IST_3 spanning? : True
Is IST_4 spanning? : True
Is IST_5 spanning? : True
Are all ISTs independent? : True

====TEST CR(600, 83, 166)====
Is IST_0 spanning? : True
Is IST_1 spanning? : True
Is IST_2 spanning? : True
Is IST_3 spanning? : True
Is IST_4 spanning? : True
Is IST_5 spanning? : True
Are all ISTs independent? : True

====TEST CR(601, 83, 166)====
Is IST_0 spanning? : True
Is IST_1 spanning? : True
Is IST_2 spanning? : True
Is IST_3 spanning? : True
Is IST_4 spanning? : True
Is IST_5 spanning? : True
Are all ISTs independent? : True

====TEST CR(602, 83, 166)====
Is IST_0 spanning? : True
Is IST_1 spanning? : True
Is IST_2 spanning? : True
Is IST_3 spanning? : True
Is IST_4 spanning? : True
Is IST_5 spanning? : True
Are all ISTs independent? : True

====TEST CR(603, 83, 166)====
Is IST_0 spanning? : True
Is IST_1 spanning? : True
Is IST_2 spanning? : True
Is IST_3 spanning? : True
Is IST_4 spanning? : True
Is IST_5 spanning? : True
Are all ISTs independent? : True

====TEST CR(604, 83, 166)====
Is IST_0 spanning? : True
Is IST_1 spanning? : True
Is IST_2 spanning? : True
Is IST_3 spanning? : True
Is IST_4 spanning? : True
Is IST_5 spanning? : True
Are all ISTs independent? : True

====TEST CR(605, 83, 166)====
Is IST_0 spanning? : True
Is IST_1 spanning? : True
Is IST_2 spanning? : True
Is IST_3 spanning? : True
Is IST_4 spanning? : True
Is IST_5 spanning? : True
Are all ISTs independent? : True

====TEST CR(606, 83, 166)====
Is IST_0 spanning? : True
Is IST_1 spanning? : True
Is IST_2 spanning? : True
Is IST_3 spanning? : True
Is IST_4 spanning? : True
Is IST_5 spanning? : True
Are all ISTs independent? : True

====TEST CR(607, 83, 166)====
Is IST_0 spanning? : True
Is IST_1 spanning? : True
Is IST_2 spanning? : True
Is IST_3 spanning? : True
Is IST_4 spanning? : True
Is IST_5 spanning? : True
Are all ISTs independent? : True

====TEST CR(608, 83, 166)====
Is IST_0 spanning? : True
Is IST_1 spanning? : True
Is IST_2 spanning? : True
Is IST_3 spanning? : True
Is IST_4 spanning? : True
Is IST_5 spanning? : True
Are all ISTs independent? : True

====TEST CR(609, 83, 166)====
Is IST_0 spanning? : True
Is IST_1 spanning? : True
Is IST_2 spanning? : True
Is IST_3 spanning? : True
Is IST_4 spanning? : True
Is IST_5 spanning? : True
Are all ISTs independent? : True

====TEST CR(610, 83, 166)====
Is IST_0 spanning? : True
Is IST_1 spanning? : True
Is IST_2 spanning? : True
Is IST_3 spanning? : True
Is IST_4 spanning? : True
Is IST_5 spanning? : True
Are all ISTs independent? : True

====TEST CR(611, 83, 166)====
Is IST_0 spanning? : True
Is IST_1 spanning? : True
Is IST_2 spanning? : True
Is IST_3 spanning? : True
Is IST_4 spanning? : True
Is IST_5 spanning? : True
Are all ISTs independent? : True

====TEST CR(612, 83, 166)====
Is IST_0 spanning? : True
Is IST_1 spanning? : True
Is IST_2 spanning? : True
Is IST_3 spanning? : True
Is IST_4 spanning? : True
Is IST_5 spanning? : True
Are all ISTs independent? : True

====TEST CR(613, 83, 166)====
Is IST_0 spanning? : True
Is IST_1 spanning? : True
Is IST_2 spanning? : True
Is IST_3 spanning? : True
Is IST_4 spanning? : True
Is IST_5 spanning? : True
Are all ISTs independent? : True

====TEST CR(614, 83, 166)====
Is IST_0 spanning? : True
Is IST_1 spanning? : True
Is IST_2 spanning? : True
Is IST_3 spanning? : True
Is IST_4 spanning? : True
Is IST_5 spanning? : True
Are all ISTs independent? : True

====TEST CR(615, 83, 166)====
Is IST_0 spanning? : True
Is IST_1 spanning? : True
Is IST_2 spanning? : True
Is IST_3 spanning? : True
Is IST_4 spanning? : True
Is IST_5 spanning? : True
Are all ISTs independent? : True

====TEST CR(616, 83, 166)====
Is IST_0 spanning? : True
Is IST_1 spanning? : True
Is IST_2 spanning? : True
Is IST_3 spanning? : True
Is IST_4 spanning? : True
Is IST_5 spanning? : True
Are all ISTs independent? : True

====TEST CR(617, 83, 166)====
Is IST_0 spanning? : True
Is IST_1 spanning? : True
Is IST_2 spanning? : True
Is IST_3 spanning? : True
Is IST_4 spanning? : True
Is IST_5 spanning? : True
Are all ISTs independent? : True

====TEST CR(618, 83, 166)====
Is IST_0 spanning? : True
Is IST_1 spanning? : True
Is IST_2 spanning? : True
Is IST_3 spanning? : True
Is IST_4 spanning? : True
Is IST_5 spanning? : True
Are all ISTs independent? : True

====TEST CR(619, 83, 166)====
Is IST_0 spanning? : True
Is IST_1 spanning? : True
Is IST_2 spanning? : True
Is IST_3 spanning? : True
Is IST_4 spanning? : True
Is IST_5 spanning? : True
Are all ISTs independent? : True

====TEST CR(620, 83, 166)====
Is IST_0 spanning? : True
Is IST_1 spanning? : True
Is IST_2 spanning? : True
Is IST_3 spanning? : True
Is IST_4 spanning? : True
Is IST_5 spanning? : True
Are all ISTs independent? : True

====TEST CR(621, 83, 166)====
Is IST_0 spanning? : True
Is IST_1 spanning? : True
Is IST_2 spanning? : True
Is IST_3 spanning? : True
Is IST_4 spanning? : True
Is IST_5 spanning? : True
Are all ISTs independent? : True

====TEST CR(622, 83, 166)====
Is IST_0 spanning? : True
Is IST_1 spanning? : True
Is IST_2 spanning? : True
Is IST_3 spanning? : True
Is IST_4 spanning? : True
Is IST_5 spanning? : True
Are all ISTs independent? : True

====TEST CR(623, 83, 166)====
Is IST_0 spanning? : True
Is IST_1 spanning? : True
Is IST_2 spanning? : True
Is IST_3 spanning? : True
Is IST_4 spanning? : True
Is IST_5 spanning? : True
Are all ISTs independent? : True

====TEST CR(624, 83, 166)====
Is IST_0 spanning? : True
Is IST_1 spanning? : True
Is IST_2 spanning? : True
Is IST_3 spanning? : True
Is IST_4 spanning? : True
Is IST_5 spanning? : True
Are all ISTs independent? : True

====TEST CR(625, 83, 166)====
Is IST_0 spanning? : True
Is IST_1 spanning? : True
Is IST_2 spanning? : True
Is IST_3 spanning? : True
Is IST_4 spanning? : True
Is IST_5 spanning? : True
Are all ISTs independent? : True

====TEST CR(626, 83, 166)====
Is IST_0 spanning? : True
Is IST_1 spanning? : True
Is IST_2 spanning? : True
Is IST_3 spanning? : True
Is IST_4 spanning? : True
Is IST_5 spanning? : True
Are all ISTs independent? : True

====TEST CR(504, 84, 168)====
Is IST_0 spanning? : True
Is IST_1 spanning? : True
Is IST_2 spanning? : True
Is IST_3 spanning? : True
Is IST_4 spanning? : True
Is IST_5 spanning? : True
Are all ISTs independent? : True

====TEST CR(505, 84, 168)====
Is IST_0 spanning? : True
Is IST_1 spanning? : True
Is IST_2 spanning? : True
Is IST_3 spanning? : True
Is IST_4 spanning? : True
Is IST_5 spanning? : True
Are all ISTs independent? : True

====TEST CR(506, 84, 168)====
Is IST_0 spanning? : True
Is IST_1 spanning? : True
Is IST_2 spanning? : True
Is IST_3 spanning? : True
Is IST_4 spanning? : True
Is IST_5 spanning? : True
Are all ISTs independent? : True

====TEST CR(507, 84, 168)====
Is IST_0 spanning? : True
Is IST_1 spanning? : True
Is IST_2 spanning? : True
Is IST_3 spanning? : True
Is IST_4 spanning? : True
Is IST_5 spanning? : True
Are all ISTs independent? : True

====TEST CR(508, 84, 168)====
Is IST_0 spanning? : True
Is IST_1 spanning? : True
Is IST_2 spanning? : True
Is IST_3 spanning? : True
Is IST_4 spanning? : True
Is IST_5 spanning? : True
Are all ISTs independent? : True

====TEST CR(509, 84, 168)====
Is IST_0 spanning? : True
Is IST_1 spanning? : True
Is IST_2 spanning? : True
Is IST_3 spanning? : True
Is IST_4 spanning? : True
Is IST_5 spanning? : True
Are all ISTs independent? : True

====TEST CR(510, 84, 168)====
Is IST_0 spanning? : True
Is IST_1 spanning? : True
Is IST_2 spanning? : True
Is IST_3 spanning? : True
Is IST_4 spanning? : True
Is IST_5 spanning? : True
Are all ISTs independent? : True

====TEST CR(511, 84, 168)====
Is IST_0 spanning? : True
Is IST_1 spanning? : True
Is IST_2 spanning? : True
Is IST_3 spanning? : True
Is IST_4 spanning? : True
Is IST_5 spanning? : True
Are all ISTs independent? : True

====TEST CR(512, 84, 168)====
Is IST_0 spanning? : True
Is IST_1 spanning? : True
Is IST_2 spanning? : True
Is IST_3 spanning? : True
Is IST_4 spanning? : True
Is IST_5 spanning? : True
Are all ISTs independent? : True

====TEST CR(513, 84, 168)====
Is IST_0 spanning? : True
Is IST_1 spanning? : True
Is IST_2 spanning? : True
Is IST_3 spanning? : True
Is IST_4 spanning? : True
Is IST_5 spanning? : True
Are all ISTs independent? : True

====TEST CR(514, 84, 168)====
Is IST_0 spanning? : True
Is IST_1 spanning? : True
Is IST_2 spanning? : True
Is IST_3 spanning? : True
Is IST_4 spanning? : True
Is IST_5 spanning? : True
Are all ISTs independent? : True

====TEST CR(515, 84, 168)====
Is IST_0 spanning? : True
Is IST_1 spanning? : True
Is IST_2 spanning? : True
Is IST_3 spanning? : True
Is IST_4 spanning? : True
Is IST_5 spanning? : True
Are all ISTs independent? : True

====TEST CR(516, 84, 168)====
Is IST_0 spanning? : True
Is IST_1 spanning? : True
Is IST_2 spanning? : True
Is IST_3 spanning? : True
Is IST_4 spanning? : True
Is IST_5 spanning? : True
Are all ISTs independent? : True

====TEST CR(517, 84, 168)====
Is IST_0 spanning? : True
Is IST_1 spanning? : True
Is IST_2 spanning? : True
Is IST_3 spanning? : True
Is IST_4 spanning? : True
Is IST_5 spanning? : True
Are all ISTs independent? : True

====TEST CR(518, 84, 168)====
Is IST_0 spanning? : True
Is IST_1 spanning? : True
Is IST_2 spanning? : True
Is IST_3 spanning? : True
Is IST_4 spanning? : True
Is IST_5 spanning? : True
Are all ISTs independent? : True

====TEST CR(519, 84, 168)====
Is IST_0 spanning? : True
Is IST_1 spanning? : True
Is IST_2 spanning? : True
Is IST_3 spanning? : True
Is IST_4 spanning? : True
Is IST_5 spanning? : True
Are all ISTs independent? : True

====TEST CR(520, 84, 168)====
Is IST_0 spanning? : True
Is IST_1 spanning? : True
Is IST_2 spanning? : True
Is IST_3 spanning? : True
Is IST_4 spanning? : True
Is IST_5 spanning? : True
Are all ISTs independent? : True

====TEST CR(521, 84, 168)====
Is IST_0 spanning? : True
Is IST_1 spanning? : True
Is IST_2 spanning? : True
Is IST_3 spanning? : True
Is IST_4 spanning? : True
Is IST_5 spanning? : True
Are all ISTs independent? : True

====TEST CR(522, 84, 168)====
Is IST_0 spanning? : True
Is IST_1 spanning? : True
Is IST_2 spanning? : True
Is IST_3 spanning? : True
Is IST_4 spanning? : True
Is IST_5 spanning? : True
Are all ISTs independent? : True

====TEST CR(523, 84, 168)====
Is IST_0 spanning? : True
Is IST_1 spanning? : True
Is IST_2 spanning? : True
Is IST_3 spanning? : True
Is IST_4 spanning? : True
Is IST_5 spanning? : True
Are all ISTs independent? : True

====TEST CR(524, 84, 168)====
Is IST_0 spanning? : True
Is IST_1 spanning? : True
Is IST_2 spanning? : True
Is IST_3 spanning? : True
Is IST_4 spanning? : True
Is IST_5 spanning? : True
Are all ISTs independent? : True

====TEST CR(525, 84, 168)====
Is IST_0 spanning? : True
Is IST_1 spanning? : True
Is IST_2 spanning? : True
Is IST_3 spanning? : True
Is IST_4 spanning? : True
Is IST_5 spanning? : True
Are all ISTs independent? : True

====TEST CR(526, 84, 168)====
Is IST_0 spanning? : True
Is IST_1 spanning? : True
Is IST_2 spanning? : True
Is IST_3 spanning? : True
Is IST_4 spanning? : True
Is IST_5 spanning? : True
Are all ISTs independent? : True

====TEST CR(527, 84, 168)====
Is IST_0 spanning? : True
Is IST_1 spanning? : True
Is IST_2 spanning? : True
Is IST_3 spanning? : True
Is IST_4 spanning? : True
Is IST_5 spanning? : True
Are all ISTs independent? : True

====TEST CR(528, 84, 168)====
Is IST_0 spanning? : True
Is IST_1 spanning? : True
Is IST_2 spanning? : True
Is IST_3 spanning? : True
Is IST_4 spanning? : True
Is IST_5 spanning? : True
Are all ISTs independent? : True

====TEST CR(529, 84, 168)====
Is IST_0 spanning? : True
Is IST_1 spanning? : True
Is IST_2 spanning? : True
Is IST_3 spanning? : True
Is IST_4 spanning? : True
Is IST_5 spanning? : True
Are all ISTs independent? : True

====TEST CR(530, 84, 168)====
Is IST_0 spanning? : True
Is IST_1 spanning? : True
Is IST_2 spanning? : True
Is IST_3 spanning? : True
Is IST_4 spanning? : True
Is IST_5 spanning? : True
Are all ISTs independent? : True

====TEST CR(531, 84, 168)====
Is IST_0 spanning? : True
Is IST_1 spanning? : True
Is IST_2 spanning? : True
Is IST_3 spanning? : True
Is IST_4 spanning? : True
Is IST_5 spanning? : True
Are all ISTs independent? : True

====TEST CR(532, 84, 168)====
Is IST_0 spanning? : True
Is IST_1 spanning? : True
Is IST_2 spanning? : True
Is IST_3 spanning? : True
Is IST_4 spanning? : True
Is IST_5 spanning? : True
Are all ISTs independent? : True

====TEST CR(533, 84, 168)====
Is IST_0 spanning? : True
Is IST_1 spanning? : True
Is IST_2 spanning? : True
Is IST_3 spanning? : True
Is IST_4 spanning? : True
Is IST_5 spanning? : True
Are all ISTs independent? : True

====TEST CR(534, 84, 168)====
Is IST_0 spanning? : True
Is IST_1 spanning? : True
Is IST_2 spanning? : True
Is IST_3 spanning? : True
Is IST_4 spanning? : True
Is IST_5 spanning? : True
Are all ISTs independent? : True

====TEST CR(535, 84, 168)====
Is IST_0 spanning? : True
Is IST_1 spanning? : True
Is IST_2 spanning? : True
Is IST_3 spanning? : True
Is IST_4 spanning? : True
Is IST_5 spanning? : True
Are all ISTs independent? : True

====TEST CR(536, 84, 168)====
Is IST_0 spanning? : True
Is IST_1 spanning? : True
Is IST_2 spanning? : True
Is IST_3 spanning? : True
Is IST_4 spanning? : True
Is IST_5 spanning? : True
Are all ISTs independent? : True

====TEST CR(537, 84, 168)====
Is IST_0 spanning? : True
Is IST_1 spanning? : True
Is IST_2 spanning? : True
Is IST_3 spanning? : True
Is IST_4 spanning? : True
Is IST_5 spanning? : True
Are all ISTs independent? : True

====TEST CR(538, 84, 168)====
Is IST_0 spanning? : True
Is IST_1 spanning? : True
Is IST_2 spanning? : True
Is IST_3 spanning? : True
Is IST_4 spanning? : True
Is IST_5 spanning? : True
Are all ISTs independent? : True

====TEST CR(539, 84, 168)====
Is IST_0 spanning? : True
Is IST_1 spanning? : True
Is IST_2 spanning? : True
Is IST_3 spanning? : True
Is IST_4 spanning? : True
Is IST_5 spanning? : True
Are all ISTs independent? : True

====TEST CR(540, 84, 168)====
Is IST_0 spanning? : True
Is IST_1 spanning? : True
Is IST_2 spanning? : True
Is IST_3 spanning? : True
Is IST_4 spanning? : True
Is IST_5 spanning? : True
Are all ISTs independent? : True

====TEST CR(541, 84, 168)====
Is IST_0 spanning? : True
Is IST_1 spanning? : True
Is IST_2 spanning? : True
Is IST_3 spanning? : True
Is IST_4 spanning? : True
Is IST_5 spanning? : True
Are all ISTs independent? : True

====TEST CR(542, 84, 168)====
Is IST_0 spanning? : True
Is IST_1 spanning? : True
Is IST_2 spanning? : True
Is IST_3 spanning? : True
Is IST_4 spanning? : True
Is IST_5 spanning? : True
Are all ISTs independent? : True

====TEST CR(543, 84, 168)====
Is IST_0 spanning? : True
Is IST_1 spanning? : True
Is IST_2 spanning? : True
Is IST_3 spanning? : True
Is IST_4 spanning? : True
Is IST_5 spanning? : True
Are all ISTs independent? : True

====TEST CR(544, 84, 168)====
Is IST_0 spanning? : True
Is IST_1 spanning? : True
Is IST_2 spanning? : True
Is IST_3 spanning? : True
Is IST_4 spanning? : True
Is IST_5 spanning? : True
Are all ISTs independent? : True

====TEST CR(545, 84, 168)====
Is IST_0 spanning? : True
Is IST_1 spanning? : True
Is IST_2 spanning? : True
Is IST_3 spanning? : True
Is IST_4 spanning? : True
Is IST_5 spanning? : True
Are all ISTs independent? : True

====TEST CR(546, 84, 168)====
Is IST_0 spanning? : True
Is IST_1 spanning? : True
Is IST_2 spanning? : True
Is IST_3 spanning? : True
Is IST_4 spanning? : True
Is IST_5 spanning? : True
Are all ISTs independent? : True

====TEST CR(547, 84, 168)====
Is IST_0 spanning? : True
Is IST_1 spanning? : True
Is IST_2 spanning? : True
Is IST_3 spanning? : True
Is IST_4 spanning? : True
Is IST_5 spanning? : True
Are all ISTs independent? : True

====TEST CR(548, 84, 168)====
Is IST_0 spanning? : True
Is IST_1 spanning? : True
Is IST_2 spanning? : True
Is IST_3 spanning? : True
Is IST_4 spanning? : True
Is IST_5 spanning? : True
Are all ISTs independent? : True

====TEST CR(549, 84, 168)====
Is IST_0 spanning? : True
Is IST_1 spanning? : True
Is IST_2 spanning? : True
Is IST_3 spanning? : True
Is IST_4 spanning? : True
Is IST_5 spanning? : True
Are all ISTs independent? : True

====TEST CR(550, 84, 168)====
Is IST_0 spanning? : True
Is IST_1 spanning? : True
Is IST_2 spanning? : True
Is IST_3 spanning? : True
Is IST_4 spanning? : True
Is IST_5 spanning? : True
Are all ISTs independent? : True

====TEST CR(551, 84, 168)====
Is IST_0 spanning? : True
Is IST_1 spanning? : True
Is IST_2 spanning? : True
Is IST_3 spanning? : True
Is IST_4 spanning? : True
Is IST_5 spanning? : True
Are all ISTs independent? : True

====TEST CR(552, 84, 168)====
Is IST_0 spanning? : True
Is IST_1 spanning? : True
Is IST_2 spanning? : True
Is IST_3 spanning? : True
Is IST_4 spanning? : True
Is IST_5 spanning? : True
Are all ISTs independent? : True

====TEST CR(553, 84, 168)====
Is IST_0 spanning? : True
Is IST_1 spanning? : True
Is IST_2 spanning? : True
Is IST_3 spanning? : True
Is IST_4 spanning? : True
Is IST_5 spanning? : True
Are all ISTs independent? : True

====TEST CR(554, 84, 168)====
Is IST_0 spanning? : True
Is IST_1 spanning? : True
Is IST_2 spanning? : True
Is IST_3 spanning? : True
Is IST_4 spanning? : True
Is IST_5 spanning? : True
Are all ISTs independent? : True

====TEST CR(555, 84, 168)====
Is IST_0 spanning? : True
Is IST_1 spanning? : True
Is IST_2 spanning? : True
Is IST_3 spanning? : True
Is IST_4 spanning? : True
Is IST_5 spanning? : True
Are all ISTs independent? : True

====TEST CR(556, 84, 168)====
Is IST_0 spanning? : True
Is IST_1 spanning? : True
Is IST_2 spanning? : True
Is IST_3 spanning? : True
Is IST_4 spanning? : True
Is IST_5 spanning? : True
Are all ISTs independent? : True

====TEST CR(557, 84, 168)====
Is IST_0 spanning? : True
Is IST_1 spanning? : True
Is IST_2 spanning? : True
Is IST_3 spanning? : True
Is IST_4 spanning? : True
Is IST_5 spanning? : True
Are all ISTs independent? : True

====TEST CR(558, 84, 168)====
Is IST_0 spanning? : True
Is IST_1 spanning? : True
Is IST_2 spanning? : True
Is IST_3 spanning? : True
Is IST_4 spanning? : True
Is IST_5 spanning? : True
Are all ISTs independent? : True

====TEST CR(559, 84, 168)====
Is IST_0 spanning? : True
Is IST_1 spanning? : True
Is IST_2 spanning? : True
Is IST_3 spanning? : True
Is IST_4 spanning? : True
Is IST_5 spanning? : True
Are all ISTs independent? : True

====TEST CR(560, 84, 168)====
Is IST_0 spanning? : True
Is IST_1 spanning? : True
Is IST_2 spanning? : True
Is IST_3 spanning? : True
Is IST_4 spanning? : True
Is IST_5 spanning? : True
Are all ISTs independent? : True

====TEST CR(561, 84, 168)====
Is IST_0 spanning? : True
Is IST_1 spanning? : True
Is IST_2 spanning? : True
Is IST_3 spanning? : True
Is IST_4 spanning? : True
Is IST_5 spanning? : True
Are all ISTs independent? : True

====TEST CR(562, 84, 168)====
Is IST_0 spanning? : True
Is IST_1 spanning? : True
Is IST_2 spanning? : True
Is IST_3 spanning? : True
Is IST_4 spanning? : True
Is IST_5 spanning? : True
Are all ISTs independent? : True

====TEST CR(563, 84, 168)====
Is IST_0 spanning? : True
Is IST_1 spanning? : True
Is IST_2 spanning? : True
Is IST_3 spanning? : True
Is IST_4 spanning? : True
Is IST_5 spanning? : True
Are all ISTs independent? : True

====TEST CR(564, 84, 168)====
Is IST_0 spanning? : True
Is IST_1 spanning? : True
Is IST_2 spanning? : True
Is IST_3 spanning? : True
Is IST_4 spanning? : True
Is IST_5 spanning? : True
Are all ISTs independent? : True

====TEST CR(565, 84, 168)====
Is IST_0 spanning? : True
Is IST_1 spanning? : True
Is IST_2 spanning? : True
Is IST_3 spanning? : True
Is IST_4 spanning? : True
Is IST_5 spanning? : True
Are all ISTs independent? : True

====TEST CR(566, 84, 168)====
Is IST_0 spanning? : True
Is IST_1 spanning? : True
Is IST_2 spanning? : True
Is IST_3 spanning? : True
Is IST_4 spanning? : True
Is IST_5 spanning? : True
Are all ISTs independent? : True

====TEST CR(567, 84, 168)====
Is IST_0 spanning? : True
Is IST_1 spanning? : True
Is IST_2 spanning? : True
Is IST_3 spanning? : True
Is IST_4 spanning? : True
Is IST_5 spanning? : True
Are all ISTs independent? : True

====TEST CR(568, 84, 168)====
Is IST_0 spanning? : True
Is IST_1 spanning? : True
Is IST_2 spanning? : True
Is IST_3 spanning? : True
Is IST_4 spanning? : True
Is IST_5 spanning? : True
Are all ISTs independent? : True

====TEST CR(569, 84, 168)====
Is IST_0 spanning? : True
Is IST_1 spanning? : True
Is IST_2 spanning? : True
Is IST_3 spanning? : True
Is IST_4 spanning? : True
Is IST_5 spanning? : True
Are all ISTs independent? : True

====TEST CR(570, 84, 168)====
Is IST_0 spanning? : True
Is IST_1 spanning? : True
Is IST_2 spanning? : True
Is IST_3 spanning? : True
Is IST_4 spanning? : True
Is IST_5 spanning? : True
Are all ISTs independent? : True

====TEST CR(571, 84, 168)====
Is IST_0 spanning? : True
Is IST_1 spanning? : True
Is IST_2 spanning? : True
Is IST_3 spanning? : True
Is IST_4 spanning? : True
Is IST_5 spanning? : True
Are all ISTs independent? : True

====TEST CR(572, 84, 168)====
Is IST_0 spanning? : True
Is IST_1 spanning? : True
Is IST_2 spanning? : True
Is IST_3 spanning? : True
Is IST_4 spanning? : True
Is IST_5 spanning? : True
Are all ISTs independent? : True

====TEST CR(573, 84, 168)====
Is IST_0 spanning? : True
Is IST_1 spanning? : True
Is IST_2 spanning? : True
Is IST_3 spanning? : True
Is IST_4 spanning? : True
Is IST_5 spanning? : True
Are all ISTs independent? : True

====TEST CR(574, 84, 168)====
Is IST_0 spanning? : True
Is IST_1 spanning? : True
Is IST_2 spanning? : True
Is IST_3 spanning? : True
Is IST_4 spanning? : True
Is IST_5 spanning? : True
Are all ISTs independent? : True

====TEST CR(575, 84, 168)====
Is IST_0 spanning? : True
Is IST_1 spanning? : True
Is IST_2 spanning? : True
Is IST_3 spanning? : True
Is IST_4 spanning? : True
Is IST_5 spanning? : True
Are all ISTs independent? : True

====TEST CR(576, 84, 168)====
Is IST_0 spanning? : True
Is IST_1 spanning? : True
Is IST_2 spanning? : True
Is IST_3 spanning? : True
Is IST_4 spanning? : True
Is IST_5 spanning? : True
Are all ISTs independent? : True

====TEST CR(577, 84, 168)====
Is IST_0 spanning? : True
Is IST_1 spanning? : True
Is IST_2 spanning? : True
Is IST_3 spanning? : True
Is IST_4 spanning? : True
Is IST_5 spanning? : True
Are all ISTs independent? : True

====TEST CR(578, 84, 168)====
Is IST_0 spanning? : True
Is IST_1 spanning? : True
Is IST_2 spanning? : True
Is IST_3 spanning? : True
Is IST_4 spanning? : True
Is IST_5 spanning? : True
Are all ISTs independent? : True

====TEST CR(579, 84, 168)====
Is IST_0 spanning? : True
Is IST_1 spanning? : True
Is IST_2 spanning? : True
Is IST_3 spanning? : True
Is IST_4 spanning? : True
Is IST_5 spanning? : True
Are all ISTs independent? : True

====TEST CR(580, 84, 168)====
Is IST_0 spanning? : True
Is IST_1 spanning? : True
Is IST_2 spanning? : True
Is IST_3 spanning? : True
Is IST_4 spanning? : True
Is IST_5 spanning? : True
Are all ISTs independent? : True

====TEST CR(581, 84, 168)====
Is IST_0 spanning? : True
Is IST_1 spanning? : True
Is IST_2 spanning? : True
Is IST_3 spanning? : True
Is IST_4 spanning? : True
Is IST_5 spanning? : True
Are all ISTs independent? : True

====TEST CR(582, 84, 168)====
Is IST_0 spanning? : True
Is IST_1 spanning? : True
Is IST_2 spanning? : True
Is IST_3 spanning? : True
Is IST_4 spanning? : True
Is IST_5 spanning? : True
Are all ISTs independent? : True

====TEST CR(583, 84, 168)====
Is IST_0 spanning? : True
Is IST_1 spanning? : True
Is IST_2 spanning? : True
Is IST_3 spanning? : True
Is IST_4 spanning? : True
Is IST_5 spanning? : True
Are all ISTs independent? : True

====TEST CR(584, 84, 168)====
Is IST_0 spanning? : True
Is IST_1 spanning? : True
Is IST_2 spanning? : True
Is IST_3 spanning? : True
Is IST_4 spanning? : True
Is IST_5 spanning? : True
Are all ISTs independent? : True

====TEST CR(585, 84, 168)====
Is IST_0 spanning? : True
Is IST_1 spanning? : True
Is IST_2 spanning? : True
Is IST_3 spanning? : True
Is IST_4 spanning? : True
Is IST_5 spanning? : True
Are all ISTs independent? : True

====TEST CR(586, 84, 168)====
Is IST_0 spanning? : True
Is IST_1 spanning? : True
Is IST_2 spanning? : True
Is IST_3 spanning? : True
Is IST_4 spanning? : True
Is IST_5 spanning? : True
Are all ISTs independent? : True

====TEST CR(587, 84, 168)====
Is IST_0 spanning? : True
Is IST_1 spanning? : True
Is IST_2 spanning? : True
Is IST_3 spanning? : True
Is IST_4 spanning? : True
Is IST_5 spanning? : True
Are all ISTs independent? : True

====TEST CR(588, 84, 168)====
Is IST_0 spanning? : True
Is IST_1 spanning? : True
Is IST_2 spanning? : True
Is IST_3 spanning? : True
Is IST_4 spanning? : True
Is IST_5 spanning? : True
Are all ISTs independent? : True

====TEST CR(589, 84, 168)====
Is IST_0 spanning? : True
Is IST_1 spanning? : True
Is IST_2 spanning? : True
Is IST_3 spanning? : True
Is IST_4 spanning? : True
Is IST_5 spanning? : True
Are all ISTs independent? : True

====TEST CR(590, 84, 168)====
Is IST_0 spanning? : True
Is IST_1 spanning? : True
Is IST_2 spanning? : True
Is IST_3 spanning? : True
Is IST_4 spanning? : True
Is IST_5 spanning? : True
Are all ISTs independent? : True

====TEST CR(591, 84, 168)====
Is IST_0 spanning? : True
Is IST_1 spanning? : True
Is IST_2 spanning? : True
Is IST_3 spanning? : True
Is IST_4 spanning? : True
Is IST_5 spanning? : True
Are all ISTs independent? : True

====TEST CR(592, 84, 168)====
Is IST_0 spanning? : True
Is IST_1 spanning? : True
Is IST_2 spanning? : True
Is IST_3 spanning? : True
Is IST_4 spanning? : True
Is IST_5 spanning? : True
Are all ISTs independent? : True

====TEST CR(593, 84, 168)====
Is IST_0 spanning? : True
Is IST_1 spanning? : True
Is IST_2 spanning? : True
Is IST_3 spanning? : True
Is IST_4 spanning? : True
Is IST_5 spanning? : True
Are all ISTs independent? : True

====TEST CR(594, 84, 168)====
Is IST_0 spanning? : True
Is IST_1 spanning? : True
Is IST_2 spanning? : True
Is IST_3 spanning? : True
Is IST_4 spanning? : True
Is IST_5 spanning? : True
Are all ISTs independent? : True

====TEST CR(595, 84, 168)====
Is IST_0 spanning? : True
Is IST_1 spanning? : True
Is IST_2 spanning? : True
Is IST_3 spanning? : True
Is IST_4 spanning? : True
Is IST_5 spanning? : True
Are all ISTs independent? : True

====TEST CR(596, 84, 168)====
Is IST_0 spanning? : True
Is IST_1 spanning? : True
Is IST_2 spanning? : True
Is IST_3 spanning? : True
Is IST_4 spanning? : True
Is IST_5 spanning? : True
Are all ISTs independent? : True

====TEST CR(597, 84, 168)====
Is IST_0 spanning? : True
Is IST_1 spanning? : True
Is IST_2 spanning? : True
Is IST_3 spanning? : True
Is IST_4 spanning? : True
Is IST_5 spanning? : True
Are all ISTs independent? : True

====TEST CR(598, 84, 168)====
Is IST_0 spanning? : True
Is IST_1 spanning? : True
Is IST_2 spanning? : True
Is IST_3 spanning? : True
Is IST_4 spanning? : True
Is IST_5 spanning? : True
Are all ISTs independent? : True

====TEST CR(599, 84, 168)====
Is IST_0 spanning? : True
Is IST_1 spanning? : True
Is IST_2 spanning? : True
Is IST_3 spanning? : True
Is IST_4 spanning? : True
Is IST_5 spanning? : True
Are all ISTs independent? : True

====TEST CR(600, 84, 168)====
Is IST_0 spanning? : True
Is IST_1 spanning? : True
Is IST_2 spanning? : True
Is IST_3 spanning? : True
Is IST_4 spanning? : True
Is IST_5 spanning? : True
Are all ISTs independent? : True

====TEST CR(601, 84, 168)====
Is IST_0 spanning? : True
Is IST_1 spanning? : True
Is IST_2 spanning? : True
Is IST_3 spanning? : True
Is IST_4 spanning? : True
Is IST_5 spanning? : True
Are all ISTs independent? : True

====TEST CR(602, 84, 168)====
Is IST_0 spanning? : True
Is IST_1 spanning? : True
Is IST_2 spanning? : True
Is IST_3 spanning? : True
Is IST_4 spanning? : True
Is IST_5 spanning? : True
Are all ISTs independent? : True

====TEST CR(603, 84, 168)====
Is IST_0 spanning? : True
Is IST_1 spanning? : True
Is IST_2 spanning? : True
Is IST_3 spanning? : True
Is IST_4 spanning? : True
Is IST_5 spanning? : True
Are all ISTs independent? : True

====TEST CR(604, 84, 168)====
Is IST_0 spanning? : True
Is IST_1 spanning? : True
Is IST_2 spanning? : True
Is IST_3 spanning? : True
Is IST_4 spanning? : True
Is IST_5 spanning? : True
Are all ISTs independent? : True

====TEST CR(605, 84, 168)====
Is IST_0 spanning? : True
Is IST_1 spanning? : True
Is IST_2 spanning? : True
Is IST_3 spanning? : True
Is IST_4 spanning? : True
Is IST_5 spanning? : True
Are all ISTs independent? : True

====TEST CR(606, 84, 168)====
Is IST_0 spanning? : True
Is IST_1 spanning? : True
Is IST_2 spanning? : True
Is IST_3 spanning? : True
Is IST_4 spanning? : True
Is IST_5 spanning? : True
Are all ISTs independent? : True

====TEST CR(607, 84, 168)====
Is IST_0 spanning? : True
Is IST_1 spanning? : True
Is IST_2 spanning? : True
Is IST_3 spanning? : True
Is IST_4 spanning? : True
Is IST_5 spanning? : True
Are all ISTs independent? : True

====TEST CR(608, 84, 168)====
Is IST_0 spanning? : True
Is IST_1 spanning? : True
Is IST_2 spanning? : True
Is IST_3 spanning? : True
Is IST_4 spanning? : True
Is IST_5 spanning? : True
Are all ISTs independent? : True

====TEST CR(609, 84, 168)====
Is IST_0 spanning? : True
Is IST_1 spanning? : True
Is IST_2 spanning? : True
Is IST_3 spanning? : True
Is IST_4 spanning? : True
Is IST_5 spanning? : True
Are all ISTs independent? : True

====TEST CR(610, 84, 168)====
Is IST_0 spanning? : True
Is IST_1 spanning? : True
Is IST_2 spanning? : True
Is IST_3 spanning? : True
Is IST_4 spanning? : True
Is IST_5 spanning? : True
Are all ISTs independent? : True

====TEST CR(611, 84, 168)====
Is IST_0 spanning? : True
Is IST_1 spanning? : True
Is IST_2 spanning? : True
Is IST_3 spanning? : True
Is IST_4 spanning? : True
Is IST_5 spanning? : True
Are all ISTs independent? : True

====TEST CR(612, 84, 168)====
Is IST_0 spanning? : True
Is IST_1 spanning? : True
Is IST_2 spanning? : True
Is IST_3 spanning? : True
Is IST_4 spanning? : True
Is IST_5 spanning? : True
Are all ISTs independent? : True

====TEST CR(613, 84, 168)====
Is IST_0 spanning? : True
Is IST_1 spanning? : True
Is IST_2 spanning? : True
Is IST_3 spanning? : True
Is IST_4 spanning? : True
Is IST_5 spanning? : True
Are all ISTs independent? : True

====TEST CR(614, 84, 168)====
Is IST_0 spanning? : True
Is IST_1 spanning? : True
Is IST_2 spanning? : True
Is IST_3 spanning? : True
Is IST_4 spanning? : True
Is IST_5 spanning? : True
Are all ISTs independent? : True

====TEST CR(615, 84, 168)====
Is IST_0 spanning? : True
Is IST_1 spanning? : True
Is IST_2 spanning? : True
Is IST_3 spanning? : True
Is IST_4 spanning? : True
Is IST_5 spanning? : True
Are all ISTs independent? : True

====TEST CR(616, 84, 168)====
Is IST_0 spanning? : True
Is IST_1 spanning? : True
Is IST_2 spanning? : True
Is IST_3 spanning? : True
Is IST_4 spanning? : True
Is IST_5 spanning? : True
Are all ISTs independent? : True

====TEST CR(617, 84, 168)====
Is IST_0 spanning? : True
Is IST_1 spanning? : True
Is IST_2 spanning? : True
Is IST_3 spanning? : True
Is IST_4 spanning? : True
Is IST_5 spanning? : True
Are all ISTs independent? : True

====TEST CR(618, 84, 168)====
Is IST_0 spanning? : True
Is IST_1 spanning? : True
Is IST_2 spanning? : True
Is IST_3 spanning? : True
Is IST_4 spanning? : True
Is IST_5 spanning? : True
Are all ISTs independent? : True

====TEST CR(619, 84, 168)====
Is IST_0 spanning? : True
Is IST_1 spanning? : True
Is IST_2 spanning? : True
Is IST_3 spanning? : True
Is IST_4 spanning? : True
Is IST_5 spanning? : True
Are all ISTs independent? : True

====TEST CR(620, 84, 168)====
Is IST_0 spanning? : True
Is IST_1 spanning? : True
Is IST_2 spanning? : True
Is IST_3 spanning? : True
Is IST_4 spanning? : True
Is IST_5 spanning? : True
Are all ISTs independent? : True

====TEST CR(621, 84, 168)====
Is IST_0 spanning? : True
Is IST_1 spanning? : True
Is IST_2 spanning? : True
Is IST_3 spanning? : True
Is IST_4 spanning? : True
Is IST_5 spanning? : True
Are all ISTs independent? : True

====TEST CR(622, 84, 168)====
Is IST_0 spanning? : True
Is IST_1 spanning? : True
Is IST_2 spanning? : True
Is IST_3 spanning? : True
Is IST_4 spanning? : True
Is IST_5 spanning? : True
Are all ISTs independent? : True

====TEST CR(623, 84, 168)====
Is IST_0 spanning? : True
Is IST_1 spanning? : True
Is IST_2 spanning? : True
Is IST_3 spanning? : True
Is IST_4 spanning? : True
Is IST_5 spanning? : True
Are all ISTs independent? : True

====TEST CR(624, 84, 168)====
Is IST_0 spanning? : True
Is IST_1 spanning? : True
Is IST_2 spanning? : True
Is IST_3 spanning? : True
Is IST_4 spanning? : True
Is IST_5 spanning? : True
Are all ISTs independent? : True

====TEST CR(625, 84, 168)====
Is IST_0 spanning? : True
Is IST_1 spanning? : True
Is IST_2 spanning? : True
Is IST_3 spanning? : True
Is IST_4 spanning? : True
Is IST_5 spanning? : True
Are all ISTs independent? : True

====TEST CR(626, 84, 168)====
Is IST_0 spanning? : True
Is IST_1 spanning? : True
Is IST_2 spanning? : True
Is IST_3 spanning? : True
Is IST_4 spanning? : True
Is IST_5 spanning? : True
Are all ISTs independent? : True

====TEST CR(627, 84, 168)====
Is IST_0 spanning? : True
Is IST_1 spanning? : True
Is IST_2 spanning? : True
Is IST_3 spanning? : True
Is IST_4 spanning? : True
Is IST_5 spanning? : True
Are all ISTs independent? : True

====TEST CR(628, 84, 168)====
Is IST_0 spanning? : True
Is IST_1 spanning? : True
Is IST_2 spanning? : True
Is IST_3 spanning? : True
Is IST_4 spanning? : True
Is IST_5 spanning? : True
Are all ISTs independent? : True

====TEST CR(629, 84, 168)====
Is IST_0 spanning? : True
Is IST_1 spanning? : True
Is IST_2 spanning? : True
Is IST_3 spanning? : True
Is IST_4 spanning? : True
Is IST_5 spanning? : True
Are all ISTs independent? : True

====TEST CR(630, 84, 168)====
Is IST_0 spanning? : True
Is IST_1 spanning? : True
Is IST_2 spanning? : True
Is IST_3 spanning? : True
Is IST_4 spanning? : True
Is IST_5 spanning? : True
Are all ISTs independent? : True

====TEST CR(631, 84, 168)====
Is IST_0 spanning? : True
Is IST_1 spanning? : True
Is IST_2 spanning? : True
Is IST_3 spanning? : True
Is IST_4 spanning? : True
Is IST_5 spanning? : True
Are all ISTs independent? : True

====TEST CR(632, 84, 168)====
Is IST_0 spanning? : True
Is IST_1 spanning? : True
Is IST_2 spanning? : True
Is IST_3 spanning? : True
Is IST_4 spanning? : True
Is IST_5 spanning? : True
Are all ISTs independent? : True

====TEST CR(510, 85, 170)====
Is IST_0 spanning? : True
Is IST_1 spanning? : True
Is IST_2 spanning? : True
Is IST_3 spanning? : True
Is IST_4 spanning? : True
Is IST_5 spanning? : True
Are all ISTs independent? : True

====TEST CR(511, 85, 170)====
Is IST_0 spanning? : True
Is IST_1 spanning? : True
Is IST_2 spanning? : True
Is IST_3 spanning? : True
Is IST_4 spanning? : True
Is IST_5 spanning? : True
Are all ISTs independent? : True

====TEST CR(512, 85, 170)====
Is IST_0 spanning? : True
Is IST_1 spanning? : True
Is IST_2 spanning? : True
Is IST_3 spanning? : True
Is IST_4 spanning? : True
Is IST_5 spanning? : True
Are all ISTs independent? : True

====TEST CR(513, 85, 170)====
Is IST_0 spanning? : True
Is IST_1 spanning? : True
Is IST_2 spanning? : True
Is IST_3 spanning? : True
Is IST_4 spanning? : True
Is IST_5 spanning? : True
Are all ISTs independent? : True

====TEST CR(514, 85, 170)====
Is IST_0 spanning? : True
Is IST_1 spanning? : True
Is IST_2 spanning? : True
Is IST_3 spanning? : True
Is IST_4 spanning? : True
Is IST_5 spanning? : True
Are all ISTs independent? : True

====TEST CR(515, 85, 170)====
Is IST_0 spanning? : True
Is IST_1 spanning? : True
Is IST_2 spanning? : True
Is IST_3 spanning? : True
Is IST_4 spanning? : True
Is IST_5 spanning? : True
Are all ISTs independent? : True

====TEST CR(516, 85, 170)====
Is IST_0 spanning? : True
Is IST_1 spanning? : True
Is IST_2 spanning? : True
Is IST_3 spanning? : True
Is IST_4 spanning? : True
Is IST_5 spanning? : True
Are all ISTs independent? : True

====TEST CR(517, 85, 170)====
Is IST_0 spanning? : True
Is IST_1 spanning? : True
Is IST_2 spanning? : True
Is IST_3 spanning? : True
Is IST_4 spanning? : True
Is IST_5 spanning? : True
Are all ISTs independent? : True

====TEST CR(518, 85, 170)====
Is IST_0 spanning? : True
Is IST_1 spanning? : True
Is IST_2 spanning? : True
Is IST_3 spanning? : True
Is IST_4 spanning? : True
Is IST_5 spanning? : True
Are all ISTs independent? : True

====TEST CR(519, 85, 170)====
Is IST_0 spanning? : True
Is IST_1 spanning? : True
Is IST_2 spanning? : True
Is IST_3 spanning? : True
Is IST_4 spanning? : True
Is IST_5 spanning? : True
Are all ISTs independent? : True

====TEST CR(520, 85, 170)====
Is IST_0 spanning? : True
Is IST_1 spanning? : True
Is IST_2 spanning? : True
Is IST_3 spanning? : True
Is IST_4 spanning? : True
Is IST_5 spanning? : True
Are all ISTs independent? : True

====TEST CR(521, 85, 170)====
Is IST_0 spanning? : True
Is IST_1 spanning? : True
Is IST_2 spanning? : True
Is IST_3 spanning? : True
Is IST_4 spanning? : True
Is IST_5 spanning? : True
Are all ISTs independent? : True

====TEST CR(522, 85, 170)====
Is IST_0 spanning? : True
Is IST_1 spanning? : True
Is IST_2 spanning? : True
Is IST_3 spanning? : True
Is IST_4 spanning? : True
Is IST_5 spanning? : True
Are all ISTs independent? : True

====TEST CR(523, 85, 170)====
Is IST_0 spanning? : True
Is IST_1 spanning? : True
Is IST_2 spanning? : True
Is IST_3 spanning? : True
Is IST_4 spanning? : True
Is IST_5 spanning? : True
Are all ISTs independent? : True

====TEST CR(524, 85, 170)====
Is IST_0 spanning? : True
Is IST_1 spanning? : True
Is IST_2 spanning? : True
Is IST_3 spanning? : True
Is IST_4 spanning? : True
Is IST_5 spanning? : True
Are all ISTs independent? : True

====TEST CR(525, 85, 170)====
Is IST_0 spanning? : True
Is IST_1 spanning? : True
Is IST_2 spanning? : True
Is IST_3 spanning? : True
Is IST_4 spanning? : True
Is IST_5 spanning? : True
Are all ISTs independent? : True

====TEST CR(526, 85, 170)====
Is IST_0 spanning? : True
Is IST_1 spanning? : True
Is IST_2 spanning? : True
Is IST_3 spanning? : True
Is IST_4 spanning? : True
Is IST_5 spanning? : True
Are all ISTs independent? : True

====TEST CR(527, 85, 170)====
Is IST_0 spanning? : True
Is IST_1 spanning? : True
Is IST_2 spanning? : True
Is IST_3 spanning? : True
Is IST_4 spanning? : True
Is IST_5 spanning? : True
Are all ISTs independent? : True

====TEST CR(528, 85, 170)====
Is IST_0 spanning? : True
Is IST_1 spanning? : True
Is IST_2 spanning? : True
Is IST_3 spanning? : True
Is IST_4 spanning? : True
Is IST_5 spanning? : True
Are all ISTs independent? : True

====TEST CR(529, 85, 170)====
Is IST_0 spanning? : True
Is IST_1 spanning? : True
Is IST_2 spanning? : True
Is IST_3 spanning? : True
Is IST_4 spanning? : True
Is IST_5 spanning? : True
Are all ISTs independent? : True

====TEST CR(530, 85, 170)====
Is IST_0 spanning? : True
Is IST_1 spanning? : True
Is IST_2 spanning? : True
Is IST_3 spanning? : True
Is IST_4 spanning? : True
Is IST_5 spanning? : True
Are all ISTs independent? : True

====TEST CR(531, 85, 170)====
Is IST_0 spanning? : True
Is IST_1 spanning? : True
Is IST_2 spanning? : True
Is IST_3 spanning? : True
Is IST_4 spanning? : True
Is IST_5 spanning? : True
Are all ISTs independent? : True

====TEST CR(532, 85, 170)====
Is IST_0 spanning? : True
Is IST_1 spanning? : True
Is IST_2 spanning? : True
Is IST_3 spanning? : True
Is IST_4 spanning? : True
Is IST_5 spanning? : True
Are all ISTs independent? : True

====TEST CR(533, 85, 170)====
Is IST_0 spanning? : True
Is IST_1 spanning? : True
Is IST_2 spanning? : True
Is IST_3 spanning? : True
Is IST_4 spanning? : True
Is IST_5 spanning? : True
Are all ISTs independent? : True

====TEST CR(534, 85, 170)====
Is IST_0 spanning? : True
Is IST_1 spanning? : True
Is IST_2 spanning? : True
Is IST_3 spanning? : True
Is IST_4 spanning? : True
Is IST_5 spanning? : True
Are all ISTs independent? : True

====TEST CR(535, 85, 170)====
Is IST_0 spanning? : True
Is IST_1 spanning? : True
Is IST_2 spanning? : True
Is IST_3 spanning? : True
Is IST_4 spanning? : True
Is IST_5 spanning? : True
Are all ISTs independent? : True

====TEST CR(536, 85, 170)====
Is IST_0 spanning? : True
Is IST_1 spanning? : True
Is IST_2 spanning? : True
Is IST_3 spanning? : True
Is IST_4 spanning? : True
Is IST_5 spanning? : True
Are all ISTs independent? : True

====TEST CR(537, 85, 170)====
Is IST_0 spanning? : True
Is IST_1 spanning? : True
Is IST_2 spanning? : True
Is IST_3 spanning? : True
Is IST_4 spanning? : True
Is IST_5 spanning? : True
Are all ISTs independent? : True

====TEST CR(538, 85, 170)====
Is IST_0 spanning? : True
Is IST_1 spanning? : True
Is IST_2 spanning? : True
Is IST_3 spanning? : True
Is IST_4 spanning? : True
Is IST_5 spanning? : True
Are all ISTs independent? : True

====TEST CR(539, 85, 170)====
Is IST_0 spanning? : True
Is IST_1 spanning? : True
Is IST_2 spanning? : True
Is IST_3 spanning? : True
Is IST_4 spanning? : True
Is IST_5 spanning? : True
Are all ISTs independent? : True

====TEST CR(540, 85, 170)====
Is IST_0 spanning? : True
Is IST_1 spanning? : True
Is IST_2 spanning? : True
Is IST_3 spanning? : True
Is IST_4 spanning? : True
Is IST_5 spanning? : True
Are all ISTs independent? : True

====TEST CR(541, 85, 170)====
Is IST_0 spanning? : True
Is IST_1 spanning? : True
Is IST_2 spanning? : True
Is IST_3 spanning? : True
Is IST_4 spanning? : True
Is IST_5 spanning? : True
Are all ISTs independent? : True

====TEST CR(542, 85, 170)====
Is IST_0 spanning? : True
Is IST_1 spanning? : True
Is IST_2 spanning? : True
Is IST_3 spanning? : True
Is IST_4 spanning? : True
Is IST_5 spanning? : True
Are all ISTs independent? : True

====TEST CR(543, 85, 170)====
Is IST_0 spanning? : True
Is IST_1 spanning? : True
Is IST_2 spanning? : True
Is IST_3 spanning? : True
Is IST_4 spanning? : True
Is IST_5 spanning? : True
Are all ISTs independent? : True

====TEST CR(544, 85, 170)====
Is IST_0 spanning? : True
Is IST_1 spanning? : True
Is IST_2 spanning? : True
Is IST_3 spanning? : True
Is IST_4 spanning? : True
Is IST_5 spanning? : True
Are all ISTs independent? : True

====TEST CR(545, 85, 170)====
Is IST_0 spanning? : True
Is IST_1 spanning? : True
Is IST_2 spanning? : True
Is IST_3 spanning? : True
Is IST_4 spanning? : True
Is IST_5 spanning? : True
Are all ISTs independent? : True

====TEST CR(546, 85, 170)====
Is IST_0 spanning? : True
Is IST_1 spanning? : True
Is IST_2 spanning? : True
Is IST_3 spanning? : True
Is IST_4 spanning? : True
Is IST_5 spanning? : True
Are all ISTs independent? : True

====TEST CR(547, 85, 170)====
Is IST_0 spanning? : True
Is IST_1 spanning? : True
Is IST_2 spanning? : True
Is IST_3 spanning? : True
Is IST_4 spanning? : True
Is IST_5 spanning? : True
Are all ISTs independent? : True

====TEST CR(548, 85, 170)====
Is IST_0 spanning? : True
Is IST_1 spanning? : True
Is IST_2 spanning? : True
Is IST_3 spanning? : True
Is IST_4 spanning? : True
Is IST_5 spanning? : True
Are all ISTs independent? : True

====TEST CR(549, 85, 170)====
Is IST_0 spanning? : True
Is IST_1 spanning? : True
Is IST_2 spanning? : True
Is IST_3 spanning? : True
Is IST_4 spanning? : True
Is IST_5 spanning? : True
Are all ISTs independent? : True

====TEST CR(550, 85, 170)====
Is IST_0 spanning? : True
Is IST_1 spanning? : True
Is IST_2 spanning? : True
Is IST_3 spanning? : True
Is IST_4 spanning? : True
Is IST_5 spanning? : True
Are all ISTs independent? : True

====TEST CR(551, 85, 170)====
Is IST_0 spanning? : True
Is IST_1 spanning? : True
Is IST_2 spanning? : True
Is IST_3 spanning? : True
Is IST_4 spanning? : True
Is IST_5 spanning? : True
Are all ISTs independent? : True

====TEST CR(552, 85, 170)====
Is IST_0 spanning? : True
Is IST_1 spanning? : True
Is IST_2 spanning? : True
Is IST_3 spanning? : True
Is IST_4 spanning? : True
Is IST_5 spanning? : True
Are all ISTs independent? : True

====TEST CR(553, 85, 170)====
Is IST_0 spanning? : True
Is IST_1 spanning? : True
Is IST_2 spanning? : True
Is IST_3 spanning? : True
Is IST_4 spanning? : True
Is IST_5 spanning? : True
Are all ISTs independent? : True

====TEST CR(554, 85, 170)====
Is IST_0 spanning? : True
Is IST_1 spanning? : True
Is IST_2 spanning? : True
Is IST_3 spanning? : True
Is IST_4 spanning? : True
Is IST_5 spanning? : True
Are all ISTs independent? : True

====TEST CR(555, 85, 170)====
Is IST_0 spanning? : True
Is IST_1 spanning? : True
Is IST_2 spanning? : True
Is IST_3 spanning? : True
Is IST_4 spanning? : True
Is IST_5 spanning? : True
Are all ISTs independent? : True

====TEST CR(556, 85, 170)====
Is IST_0 spanning? : True
Is IST_1 spanning? : True
Is IST_2 spanning? : True
Is IST_3 spanning? : True
Is IST_4 spanning? : True
Is IST_5 spanning? : True
Are all ISTs independent? : True

====TEST CR(557, 85, 170)====
Is IST_0 spanning? : True
Is IST_1 spanning? : True
Is IST_2 spanning? : True
Is IST_3 spanning? : True
Is IST_4 spanning? : True
Is IST_5 spanning? : True
Are all ISTs independent? : True

====TEST CR(558, 85, 170)====
Is IST_0 spanning? : True
Is IST_1 spanning? : True
Is IST_2 spanning? : True
Is IST_3 spanning? : True
Is IST_4 spanning? : True
Is IST_5 spanning? : True
Are all ISTs independent? : True

====TEST CR(559, 85, 170)====
Is IST_0 spanning? : True
Is IST_1 spanning? : True
Is IST_2 spanning? : True
Is IST_3 spanning? : True
Is IST_4 spanning? : True
Is IST_5 spanning? : True
Are all ISTs independent? : True

====TEST CR(560, 85, 170)====
Is IST_0 spanning? : True
Is IST_1 spanning? : True
Is IST_2 spanning? : True
Is IST_3 spanning? : True
Is IST_4 spanning? : True
Is IST_5 spanning? : True
Are all ISTs independent? : True

====TEST CR(561, 85, 170)====
Is IST_0 spanning? : True
Is IST_1 spanning? : True
Is IST_2 spanning? : True
Is IST_3 spanning? : True
Is IST_4 spanning? : True
Is IST_5 spanning? : True
Are all ISTs independent? : True

====TEST CR(562, 85, 170)====
Is IST_0 spanning? : True
Is IST_1 spanning? : True
Is IST_2 spanning? : True
Is IST_3 spanning? : True
Is IST_4 spanning? : True
Is IST_5 spanning? : True
Are all ISTs independent? : True

====TEST CR(563, 85, 170)====
Is IST_0 spanning? : True
Is IST_1 spanning? : True
Is IST_2 spanning? : True
Is IST_3 spanning? : True
Is IST_4 spanning? : True
Is IST_5 spanning? : True
Are all ISTs independent? : True

====TEST CR(564, 85, 170)====
Is IST_0 spanning? : True
Is IST_1 spanning? : True
Is IST_2 spanning? : True
Is IST_3 spanning? : True
Is IST_4 spanning? : True
Is IST_5 spanning? : True
Are all ISTs independent? : True

====TEST CR(565, 85, 170)====
Is IST_0 spanning? : True
Is IST_1 spanning? : True
Is IST_2 spanning? : True
Is IST_3 spanning? : True
Is IST_4 spanning? : True
Is IST_5 spanning? : True
Are all ISTs independent? : True

====TEST CR(566, 85, 170)====
Is IST_0 spanning? : True
Is IST_1 spanning? : True
Is IST_2 spanning? : True
Is IST_3 spanning? : True
Is IST_4 spanning? : True
Is IST_5 spanning? : True
Are all ISTs independent? : True

====TEST CR(567, 85, 170)====
Is IST_0 spanning? : True
Is IST_1 spanning? : True
Is IST_2 spanning? : True
Is IST_3 spanning? : True
Is IST_4 spanning? : True
Is IST_5 spanning? : True
Are all ISTs independent? : True

====TEST CR(568, 85, 170)====
Is IST_0 spanning? : True
Is IST_1 spanning? : True
Is IST_2 spanning? : True
Is IST_3 spanning? : True
Is IST_4 spanning? : True
Is IST_5 spanning? : True
Are all ISTs independent? : True

====TEST CR(569, 85, 170)====
Is IST_0 spanning? : True
Is IST_1 spanning? : True
Is IST_2 spanning? : True
Is IST_3 spanning? : True
Is IST_4 spanning? : True
Is IST_5 spanning? : True
Are all ISTs independent? : True

====TEST CR(570, 85, 170)====
Is IST_0 spanning? : True
Is IST_1 spanning? : True
Is IST_2 spanning? : True
Is IST_3 spanning? : True
Is IST_4 spanning? : True
Is IST_5 spanning? : True
Are all ISTs independent? : True

====TEST CR(571, 85, 170)====
Is IST_0 spanning? : True
Is IST_1 spanning? : True
Is IST_2 spanning? : True
Is IST_3 spanning? : True
Is IST_4 spanning? : True
Is IST_5 spanning? : True
Are all ISTs independent? : True

====TEST CR(572, 85, 170)====
Is IST_0 spanning? : True
Is IST_1 spanning? : True
Is IST_2 spanning? : True
Is IST_3 spanning? : True
Is IST_4 spanning? : True
Is IST_5 spanning? : True
Are all ISTs independent? : True

====TEST CR(573, 85, 170)====
Is IST_0 spanning? : True
Is IST_1 spanning? : True
Is IST_2 spanning? : True
Is IST_3 spanning? : True
Is IST_4 spanning? : True
Is IST_5 spanning? : True
Are all ISTs independent? : True

====TEST CR(574, 85, 170)====
Is IST_0 spanning? : True
Is IST_1 spanning? : True
Is IST_2 spanning? : True
Is IST_3 spanning? : True
Is IST_4 spanning? : True
Is IST_5 spanning? : True
Are all ISTs independent? : True

====TEST CR(575, 85, 170)====
Is IST_0 spanning? : True
Is IST_1 spanning? : True
Is IST_2 spanning? : True
Is IST_3 spanning? : True
Is IST_4 spanning? : True
Is IST_5 spanning? : True
Are all ISTs independent? : True

====TEST CR(576, 85, 170)====
Is IST_0 spanning? : True
Is IST_1 spanning? : True
Is IST_2 spanning? : True
Is IST_3 spanning? : True
Is IST_4 spanning? : True
Is IST_5 spanning? : True
Are all ISTs independent? : True

====TEST CR(577, 85, 170)====
Is IST_0 spanning? : True
Is IST_1 spanning? : True
Is IST_2 spanning? : True
Is IST_3 spanning? : True
Is IST_4 spanning? : True
Is IST_5 spanning? : True
Are all ISTs independent? : True

====TEST CR(578, 85, 170)====
Is IST_0 spanning? : True
Is IST_1 spanning? : True
Is IST_2 spanning? : True
Is IST_3 spanning? : True
Is IST_4 spanning? : True
Is IST_5 spanning? : True
Are all ISTs independent? : True

====TEST CR(579, 85, 170)====
Is IST_0 spanning? : True
Is IST_1 spanning? : True
Is IST_2 spanning? : True
Is IST_3 spanning? : True
Is IST_4 spanning? : True
Is IST_5 spanning? : True
Are all ISTs independent? : True

====TEST CR(580, 85, 170)====
Is IST_0 spanning? : True
Is IST_1 spanning? : True
Is IST_2 spanning? : True
Is IST_3 spanning? : True
Is IST_4 spanning? : True
Is IST_5 spanning? : True
Are all ISTs independent? : True

====TEST CR(581, 85, 170)====
Is IST_0 spanning? : True
Is IST_1 spanning? : True
Is IST_2 spanning? : True
Is IST_3 spanning? : True
Is IST_4 spanning? : True
Is IST_5 spanning? : True
Are all ISTs independent? : True

====TEST CR(582, 85, 170)====
Is IST_0 spanning? : True
Is IST_1 spanning? : True
Is IST_2 spanning? : True
Is IST_3 spanning? : True
Is IST_4 spanning? : True
Is IST_5 spanning? : True
Are all ISTs independent? : True

====TEST CR(583, 85, 170)====
Is IST_0 spanning? : True
Is IST_1 spanning? : True
Is IST_2 spanning? : True
Is IST_3 spanning? : True
Is IST_4 spanning? : True
Is IST_5 spanning? : True
Are all ISTs independent? : True

====TEST CR(584, 85, 170)====
Is IST_0 spanning? : True
Is IST_1 spanning? : True
Is IST_2 spanning? : True
Is IST_3 spanning? : True
Is IST_4 spanning? : True
Is IST_5 spanning? : True
Are all ISTs independent? : True

====TEST CR(585, 85, 170)====
Is IST_0 spanning? : True
Is IST_1 spanning? : True
Is IST_2 spanning? : True
Is IST_3 spanning? : True
Is IST_4 spanning? : True
Is IST_5 spanning? : True
Are all ISTs independent? : True

====TEST CR(586, 85, 170)====
Is IST_0 spanning? : True
Is IST_1 spanning? : True
Is IST_2 spanning? : True
Is IST_3 spanning? : True
Is IST_4 spanning? : True
Is IST_5 spanning? : True
Are all ISTs independent? : True

====TEST CR(587, 85, 170)====
Is IST_0 spanning? : True
Is IST_1 spanning? : True
Is IST_2 spanning? : True
Is IST_3 spanning? : True
Is IST_4 spanning? : True
Is IST_5 spanning? : True
Are all ISTs independent? : True

====TEST CR(588, 85, 170)====
Is IST_0 spanning? : True
Is IST_1 spanning? : True
Is IST_2 spanning? : True
Is IST_3 spanning? : True
Is IST_4 spanning? : True
Is IST_5 spanning? : True
Are all ISTs independent? : True

====TEST CR(589, 85, 170)====
Is IST_0 spanning? : True
Is IST_1 spanning? : True
Is IST_2 spanning? : True
Is IST_3 spanning? : True
Is IST_4 spanning? : True
Is IST_5 spanning? : True
Are all ISTs independent? : True

====TEST CR(590, 85, 170)====
Is IST_0 spanning? : True
Is IST_1 spanning? : True
Is IST_2 spanning? : True
Is IST_3 spanning? : True
Is IST_4 spanning? : True
Is IST_5 spanning? : True
Are all ISTs independent? : True

====TEST CR(591, 85, 170)====
Is IST_0 spanning? : True
Is IST_1 spanning? : True
Is IST_2 spanning? : True
Is IST_3 spanning? : True
Is IST_4 spanning? : True
Is IST_5 spanning? : True
Are all ISTs independent? : True

====TEST CR(592, 85, 170)====
Is IST_0 spanning? : True
Is IST_1 spanning? : True
Is IST_2 spanning? : True
Is IST_3 spanning? : True
Is IST_4 spanning? : True
Is IST_5 spanning? : True
Are all ISTs independent? : True

====TEST CR(593, 85, 170)====
Is IST_0 spanning? : True
Is IST_1 spanning? : True
Is IST_2 spanning? : True
Is IST_3 spanning? : True
Is IST_4 spanning? : True
Is IST_5 spanning? : True
Are all ISTs independent? : True

====TEST CR(594, 85, 170)====
Is IST_0 spanning? : True
Is IST_1 spanning? : True
Is IST_2 spanning? : True
Is IST_3 spanning? : True
Is IST_4 spanning? : True
Is IST_5 spanning? : True
Are all ISTs independent? : True

====TEST CR(595, 85, 170)====
Is IST_0 spanning? : True
Is IST_1 spanning? : True
Is IST_2 spanning? : True
Is IST_3 spanning? : True
Is IST_4 spanning? : True
Is IST_5 spanning? : True
Are all ISTs independent? : True

====TEST CR(596, 85, 170)====
Is IST_0 spanning? : True
Is IST_1 spanning? : True
Is IST_2 spanning? : True
Is IST_3 spanning? : True
Is IST_4 spanning? : True
Is IST_5 spanning? : True
Are all ISTs independent? : True

====TEST CR(597, 85, 170)====
Is IST_0 spanning? : True
Is IST_1 spanning? : True
Is IST_2 spanning? : True
Is IST_3 spanning? : True
Is IST_4 spanning? : True
Is IST_5 spanning? : True
Are all ISTs independent? : True

====TEST CR(598, 85, 170)====
Is IST_0 spanning? : True
Is IST_1 spanning? : True
Is IST_2 spanning? : True
Is IST_3 spanning? : True
Is IST_4 spanning? : True
Is IST_5 spanning? : True
Are all ISTs independent? : True

====TEST CR(599, 85, 170)====
Is IST_0 spanning? : True
Is IST_1 spanning? : True
Is IST_2 spanning? : True
Is IST_3 spanning? : True
Is IST_4 spanning? : True
Is IST_5 spanning? : True
Are all ISTs independent? : True

====TEST CR(600, 85, 170)====
Is IST_0 spanning? : True
Is IST_1 spanning? : True
Is IST_2 spanning? : True
Is IST_3 spanning? : True
Is IST_4 spanning? : True
Is IST_5 spanning? : True
Are all ISTs independent? : True

====TEST CR(601, 85, 170)====
Is IST_0 spanning? : True
Is IST_1 spanning? : True
Is IST_2 spanning? : True
Is IST_3 spanning? : True
Is IST_4 spanning? : True
Is IST_5 spanning? : True
Are all ISTs independent? : True

====TEST CR(602, 85, 170)====
Is IST_0 spanning? : True
Is IST_1 spanning? : True
Is IST_2 spanning? : True
Is IST_3 spanning? : True
Is IST_4 spanning? : True
Is IST_5 spanning? : True
Are all ISTs independent? : True

====TEST CR(603, 85, 170)====
Is IST_0 spanning? : True
Is IST_1 spanning? : True
Is IST_2 spanning? : True
Is IST_3 spanning? : True
Is IST_4 spanning? : True
Is IST_5 spanning? : True
Are all ISTs independent? : True

====TEST CR(604, 85, 170)====
Is IST_0 spanning? : True
Is IST_1 spanning? : True
Is IST_2 spanning? : True
Is IST_3 spanning? : True
Is IST_4 spanning? : True
Is IST_5 spanning? : True
Are all ISTs independent? : True

====TEST CR(605, 85, 170)====
Is IST_0 spanning? : True
Is IST_1 spanning? : True
Is IST_2 spanning? : True
Is IST_3 spanning? : True
Is IST_4 spanning? : True
Is IST_5 spanning? : True
Are all ISTs independent? : True

====TEST CR(606, 85, 170)====
Is IST_0 spanning? : True
Is IST_1 spanning? : True
Is IST_2 spanning? : True
Is IST_3 spanning? : True
Is IST_4 spanning? : True
Is IST_5 spanning? : True
Are all ISTs independent? : True

====TEST CR(607, 85, 170)====
Is IST_0 spanning? : True
Is IST_1 spanning? : True
Is IST_2 spanning? : True
Is IST_3 spanning? : True
Is IST_4 spanning? : True
Is IST_5 spanning? : True
Are all ISTs independent? : True

====TEST CR(608, 85, 170)====
Is IST_0 spanning? : True
Is IST_1 spanning? : True
Is IST_2 spanning? : True
Is IST_3 spanning? : True
Is IST_4 spanning? : True
Is IST_5 spanning? : True
Are all ISTs independent? : True

====TEST CR(609, 85, 170)====
Is IST_0 spanning? : True
Is IST_1 spanning? : True
Is IST_2 spanning? : True
Is IST_3 spanning? : True
Is IST_4 spanning? : True
Is IST_5 spanning? : True
Are all ISTs independent? : True

====TEST CR(610, 85, 170)====
Is IST_0 spanning? : True
Is IST_1 spanning? : True
Is IST_2 spanning? : True
Is IST_3 spanning? : True
Is IST_4 spanning? : True
Is IST_5 spanning? : True
Are all ISTs independent? : True

====TEST CR(611, 85, 170)====
Is IST_0 spanning? : True
Is IST_1 spanning? : True
Is IST_2 spanning? : True
Is IST_3 spanning? : True
Is IST_4 spanning? : True
Is IST_5 spanning? : True
Are all ISTs independent? : True

====TEST CR(612, 85, 170)====
Is IST_0 spanning? : True
Is IST_1 spanning? : True
Is IST_2 spanning? : True
Is IST_3 spanning? : True
Is IST_4 spanning? : True
Is IST_5 spanning? : True
Are all ISTs independent? : True

====TEST CR(613, 85, 170)====
Is IST_0 spanning? : True
Is IST_1 spanning? : True
Is IST_2 spanning? : True
Is IST_3 spanning? : True
Is IST_4 spanning? : True
Is IST_5 spanning? : True
Are all ISTs independent? : True

====TEST CR(614, 85, 170)====
Is IST_0 spanning? : True
Is IST_1 spanning? : True
Is IST_2 spanning? : True
Is IST_3 spanning? : True
Is IST_4 spanning? : True
Is IST_5 spanning? : True
Are all ISTs independent? : True

====TEST CR(615, 85, 170)====
Is IST_0 spanning? : True
Is IST_1 spanning? : True
Is IST_2 spanning? : True
Is IST_3 spanning? : True
Is IST_4 spanning? : True
Is IST_5 spanning? : True
Are all ISTs independent? : True

====TEST CR(616, 85, 170)====
Is IST_0 spanning? : True
Is IST_1 spanning? : True
Is IST_2 spanning? : True
Is IST_3 spanning? : True
Is IST_4 spanning? : True
Is IST_5 spanning? : True
Are all ISTs independent? : True

====TEST CR(617, 85, 170)====
Is IST_0 spanning? : True
Is IST_1 spanning? : True
Is IST_2 spanning? : True
Is IST_3 spanning? : True
Is IST_4 spanning? : True
Is IST_5 spanning? : True
Are all ISTs independent? : True

====TEST CR(618, 85, 170)====
Is IST_0 spanning? : True
Is IST_1 spanning? : True
Is IST_2 spanning? : True
Is IST_3 spanning? : True
Is IST_4 spanning? : True
Is IST_5 spanning? : True
Are all ISTs independent? : True

====TEST CR(619, 85, 170)====
Is IST_0 spanning? : True
Is IST_1 spanning? : True
Is IST_2 spanning? : True
Is IST_3 spanning? : True
Is IST_4 spanning? : True
Is IST_5 spanning? : True
Are all ISTs independent? : True

====TEST CR(620, 85, 170)====
Is IST_0 spanning? : True
Is IST_1 spanning? : True
Is IST_2 spanning? : True
Is IST_3 spanning? : True
Is IST_4 spanning? : True
Is IST_5 spanning? : True
Are all ISTs independent? : True

====TEST CR(621, 85, 170)====
Is IST_0 spanning? : True
Is IST_1 spanning? : True
Is IST_2 spanning? : True
Is IST_3 spanning? : True
Is IST_4 spanning? : True
Is IST_5 spanning? : True
Are all ISTs independent? : True

====TEST CR(622, 85, 170)====
Is IST_0 spanning? : True
Is IST_1 spanning? : True
Is IST_2 spanning? : True
Is IST_3 spanning? : True
Is IST_4 spanning? : True
Is IST_5 spanning? : True
Are all ISTs independent? : True

====TEST CR(623, 85, 170)====
Is IST_0 spanning? : True
Is IST_1 spanning? : True
Is IST_2 spanning? : True
Is IST_3 spanning? : True
Is IST_4 spanning? : True
Is IST_5 spanning? : True
Are all ISTs independent? : True

====TEST CR(624, 85, 170)====
Is IST_0 spanning? : True
Is IST_1 spanning? : True
Is IST_2 spanning? : True
Is IST_3 spanning? : True
Is IST_4 spanning? : True
Is IST_5 spanning? : True
Are all ISTs independent? : True

====TEST CR(625, 85, 170)====
Is IST_0 spanning? : True
Is IST_1 spanning? : True
Is IST_2 spanning? : True
Is IST_3 spanning? : True
Is IST_4 spanning? : True
Is IST_5 spanning? : True
Are all ISTs independent? : True

====TEST CR(626, 85, 170)====
Is IST_0 spanning? : True
Is IST_1 spanning? : True
Is IST_2 spanning? : True
Is IST_3 spanning? : True
Is IST_4 spanning? : True
Is IST_5 spanning? : True
Are all ISTs independent? : True

====TEST CR(627, 85, 170)====
Is IST_0 spanning? : True
Is IST_1 spanning? : True
Is IST_2 spanning? : True
Is IST_3 spanning? : True
Is IST_4 spanning? : True
Is IST_5 spanning? : True
Are all ISTs independent? : True

====TEST CR(628, 85, 170)====
Is IST_0 spanning? : True
Is IST_1 spanning? : True
Is IST_2 spanning? : True
Is IST_3 spanning? : True
Is IST_4 spanning? : True
Is IST_5 spanning? : True
Are all ISTs independent? : True

====TEST CR(629, 85, 170)====
Is IST_0 spanning? : True
Is IST_1 spanning? : True
Is IST_2 spanning? : True
Is IST_3 spanning? : True
Is IST_4 spanning? : True
Is IST_5 spanning? : True
Are all ISTs independent? : True

====TEST CR(630, 85, 170)====
Is IST_0 spanning? : True
Is IST_1 spanning? : True
Is IST_2 spanning? : True
Is IST_3 spanning? : True
Is IST_4 spanning? : True
Is IST_5 spanning? : True
Are all ISTs independent? : True

====TEST CR(631, 85, 170)====
Is IST_0 spanning? : True
Is IST_1 spanning? : True
Is IST_2 spanning? : True
Is IST_3 spanning? : True
Is IST_4 spanning? : True
Is IST_5 spanning? : True
Are all ISTs independent? : True

====TEST CR(632, 85, 170)====
Is IST_0 spanning? : True
Is IST_1 spanning? : True
Is IST_2 spanning? : True
Is IST_3 spanning? : True
Is IST_4 spanning? : True
Is IST_5 spanning? : True
Are all ISTs independent? : True

====TEST CR(633, 85, 170)====
Is IST_0 spanning? : True
Is IST_1 spanning? : True
Is IST_2 spanning? : True
Is IST_3 spanning? : True
Is IST_4 spanning? : True
Is IST_5 spanning? : True
Are all ISTs independent? : True

====TEST CR(634, 85, 170)====
Is IST_0 spanning? : True
Is IST_1 spanning? : True
Is IST_2 spanning? : True
Is IST_3 spanning? : True
Is IST_4 spanning? : True
Is IST_5 spanning? : True
Are all ISTs independent? : True

====TEST CR(635, 85, 170)====
Is IST_0 spanning? : True
Is IST_1 spanning? : True
Is IST_2 spanning? : True
Is IST_3 spanning? : True
Is IST_4 spanning? : True
Is IST_5 spanning? : True
Are all ISTs independent? : True

====TEST CR(636, 85, 170)====
Is IST_0 spanning? : True
Is IST_1 spanning? : True
Is IST_2 spanning? : True
Is IST_3 spanning? : True
Is IST_4 spanning? : True
Is IST_5 spanning? : True
Are all ISTs independent? : True

====TEST CR(637, 85, 170)====
Is IST_0 spanning? : True
Is IST_1 spanning? : True
Is IST_2 spanning? : True
Is IST_3 spanning? : True
Is IST_4 spanning? : True
Is IST_5 spanning? : True
Are all ISTs independent? : True

====TEST CR(638, 85, 170)====
Is IST_0 spanning? : True
Is IST_1 spanning? : True
Is IST_2 spanning? : True
Is IST_3 spanning? : True
Is IST_4 spanning? : True
Is IST_5 spanning? : True
Are all ISTs independent? : True

====TEST CR(516, 86, 172)====
Is IST_0 spanning? : True
Is IST_1 spanning? : True
Is IST_2 spanning? : True
Is IST_3 spanning? : True
Is IST_4 spanning? : True
Is IST_5 spanning? : True
Are all ISTs independent? : True

====TEST CR(517, 86, 172)====
Is IST_0 spanning? : True
Is IST_1 spanning? : True
Is IST_2 spanning? : True
Is IST_3 spanning? : True
Is IST_4 spanning? : True
Is IST_5 spanning? : True
Are all ISTs independent? : True

====TEST CR(518, 86, 172)====
Is IST_0 spanning? : True
Is IST_1 spanning? : True
Is IST_2 spanning? : True
Is IST_3 spanning? : True
Is IST_4 spanning? : True
Is IST_5 spanning? : True
Are all ISTs independent? : True

====TEST CR(519, 86, 172)====
Is IST_0 spanning? : True
Is IST_1 spanning? : True
Is IST_2 spanning? : True
Is IST_3 spanning? : True
Is IST_4 spanning? : True
Is IST_5 spanning? : True
Are all ISTs independent? : True

====TEST CR(520, 86, 172)====
Is IST_0 spanning? : True
Is IST_1 spanning? : True
Is IST_2 spanning? : True
Is IST_3 spanning? : True
Is IST_4 spanning? : True
Is IST_5 spanning? : True
Are all ISTs independent? : True

====TEST CR(521, 86, 172)====
Is IST_0 spanning? : True
Is IST_1 spanning? : True
Is IST_2 spanning? : True
Is IST_3 spanning? : True
Is IST_4 spanning? : True
Is IST_5 spanning? : True
Are all ISTs independent? : True

====TEST CR(522, 86, 172)====
Is IST_0 spanning? : True
Is IST_1 spanning? : True
Is IST_2 spanning? : True
Is IST_3 spanning? : True
Is IST_4 spanning? : True
Is IST_5 spanning? : True
Are all ISTs independent? : True

====TEST CR(523, 86, 172)====
Is IST_0 spanning? : True
Is IST_1 spanning? : True
Is IST_2 spanning? : True
Is IST_3 spanning? : True
Is IST_4 spanning? : True
Is IST_5 spanning? : True
Are all ISTs independent? : True

====TEST CR(524, 86, 172)====
Is IST_0 spanning? : True
Is IST_1 spanning? : True
Is IST_2 spanning? : True
Is IST_3 spanning? : True
Is IST_4 spanning? : True
Is IST_5 spanning? : True
Are all ISTs independent? : True

====TEST CR(525, 86, 172)====
Is IST_0 spanning? : True
Is IST_1 spanning? : True
Is IST_2 spanning? : True
Is IST_3 spanning? : True
Is IST_4 spanning? : True
Is IST_5 spanning? : True
Are all ISTs independent? : True

====TEST CR(526, 86, 172)====
Is IST_0 spanning? : True
Is IST_1 spanning? : True
Is IST_2 spanning? : True
Is IST_3 spanning? : True
Is IST_4 spanning? : True
Is IST_5 spanning? : True
Are all ISTs independent? : True

====TEST CR(527, 86, 172)====
Is IST_0 spanning? : True
Is IST_1 spanning? : True
Is IST_2 spanning? : True
Is IST_3 spanning? : True
Is IST_4 spanning? : True
Is IST_5 spanning? : True
Are all ISTs independent? : True

====TEST CR(528, 86, 172)====
Is IST_0 spanning? : True
Is IST_1 spanning? : True
Is IST_2 spanning? : True
Is IST_3 spanning? : True
Is IST_4 spanning? : True
Is IST_5 spanning? : True
Are all ISTs independent? : True

====TEST CR(529, 86, 172)====
Is IST_0 spanning? : True
Is IST_1 spanning? : True
Is IST_2 spanning? : True
Is IST_3 spanning? : True
Is IST_4 spanning? : True
Is IST_5 spanning? : True
Are all ISTs independent? : True

====TEST CR(530, 86, 172)====
Is IST_0 spanning? : True
Is IST_1 spanning? : True
Is IST_2 spanning? : True
Is IST_3 spanning? : True
Is IST_4 spanning? : True
Is IST_5 spanning? : True
Are all ISTs independent? : True

====TEST CR(531, 86, 172)====
Is IST_0 spanning? : True
Is IST_1 spanning? : True
Is IST_2 spanning? : True
Is IST_3 spanning? : True
Is IST_4 spanning? : True
Is IST_5 spanning? : True
Are all ISTs independent? : True

====TEST CR(532, 86, 172)====
Is IST_0 spanning? : True
Is IST_1 spanning? : True
Is IST_2 spanning? : True
Is IST_3 spanning? : True
Is IST_4 spanning? : True
Is IST_5 spanning? : True
Are all ISTs independent? : True

====TEST CR(533, 86, 172)====
Is IST_0 spanning? : True
Is IST_1 spanning? : True
Is IST_2 spanning? : True
Is IST_3 spanning? : True
Is IST_4 spanning? : True
Is IST_5 spanning? : True
Are all ISTs independent? : True

====TEST CR(534, 86, 172)====
Is IST_0 spanning? : True
Is IST_1 spanning? : True
Is IST_2 spanning? : True
Is IST_3 spanning? : True
Is IST_4 spanning? : True
Is IST_5 spanning? : True
Are all ISTs independent? : True

====TEST CR(535, 86, 172)====
Is IST_0 spanning? : True
Is IST_1 spanning? : True
Is IST_2 spanning? : True
Is IST_3 spanning? : True
Is IST_4 spanning? : True
Is IST_5 spanning? : True
Are all ISTs independent? : True

====TEST CR(536, 86, 172)====
Is IST_0 spanning? : True
Is IST_1 spanning? : True
Is IST_2 spanning? : True
Is IST_3 spanning? : True
Is IST_4 spanning? : True
Is IST_5 spanning? : True
Are all ISTs independent? : True

====TEST CR(537, 86, 172)====
Is IST_0 spanning? : True
Is IST_1 spanning? : True
Is IST_2 spanning? : True
Is IST_3 spanning? : True
Is IST_4 spanning? : True
Is IST_5 spanning? : True
Are all ISTs independent? : True

====TEST CR(538, 86, 172)====
Is IST_0 spanning? : True
Is IST_1 spanning? : True
Is IST_2 spanning? : True
Is IST_3 spanning? : True
Is IST_4 spanning? : True
Is IST_5 spanning? : True
Are all ISTs independent? : True

====TEST CR(539, 86, 172)====
Is IST_0 spanning? : True
Is IST_1 spanning? : True
Is IST_2 spanning? : True
Is IST_3 spanning? : True
Is IST_4 spanning? : True
Is IST_5 spanning? : True
Are all ISTs independent? : True

====TEST CR(540, 86, 172)====
Is IST_0 spanning? : True
Is IST_1 spanning? : True
Is IST_2 spanning? : True
Is IST_3 spanning? : True
Is IST_4 spanning? : True
Is IST_5 spanning? : True
Are all ISTs independent? : True

====TEST CR(541, 86, 172)====
Is IST_0 spanning? : True
Is IST_1 spanning? : True
Is IST_2 spanning? : True
Is IST_3 spanning? : True
Is IST_4 spanning? : True
Is IST_5 spanning? : True
Are all ISTs independent? : True

====TEST CR(542, 86, 172)====
Is IST_0 spanning? : True
Is IST_1 spanning? : True
Is IST_2 spanning? : True
Is IST_3 spanning? : True
Is IST_4 spanning? : True
Is IST_5 spanning? : True
Are all ISTs independent? : True

====TEST CR(543, 86, 172)====
Is IST_0 spanning? : True
Is IST_1 spanning? : True
Is IST_2 spanning? : True
Is IST_3 spanning? : True
Is IST_4 spanning? : True
Is IST_5 spanning? : True
Are all ISTs independent? : True

====TEST CR(544, 86, 172)====
Is IST_0 spanning? : True
Is IST_1 spanning? : True
Is IST_2 spanning? : True
Is IST_3 spanning? : True
Is IST_4 spanning? : True
Is IST_5 spanning? : True
Are all ISTs independent? : True

====TEST CR(545, 86, 172)====
Is IST_0 spanning? : True
Is IST_1 spanning? : True
Is IST_2 spanning? : True
Is IST_3 spanning? : True
Is IST_4 spanning? : True
Is IST_5 spanning? : True
Are all ISTs independent? : True

====TEST CR(546, 86, 172)====
Is IST_0 spanning? : True
Is IST_1 spanning? : True
Is IST_2 spanning? : True
Is IST_3 spanning? : True
Is IST_4 spanning? : True
Is IST_5 spanning? : True
Are all ISTs independent? : True

====TEST CR(547, 86, 172)====
Is IST_0 spanning? : True
Is IST_1 spanning? : True
Is IST_2 spanning? : True
Is IST_3 spanning? : True
Is IST_4 spanning? : True
Is IST_5 spanning? : True
Are all ISTs independent? : True

====TEST CR(548, 86, 172)====
Is IST_0 spanning? : True
Is IST_1 spanning? : True
Is IST_2 spanning? : True
Is IST_3 spanning? : True
Is IST_4 spanning? : True
Is IST_5 spanning? : True
Are all ISTs independent? : True

====TEST CR(549, 86, 172)====
Is IST_0 spanning? : True
Is IST_1 spanning? : True
Is IST_2 spanning? : True
Is IST_3 spanning? : True
Is IST_4 spanning? : True
Is IST_5 spanning? : True
Are all ISTs independent? : True

====TEST CR(550, 86, 172)====
Is IST_0 spanning? : True
Is IST_1 spanning? : True
Is IST_2 spanning? : True
Is IST_3 spanning? : True
Is IST_4 spanning? : True
Is IST_5 spanning? : True
Are all ISTs independent? : True

====TEST CR(551, 86, 172)====
Is IST_0 spanning? : True
Is IST_1 spanning? : True
Is IST_2 spanning? : True
Is IST_3 spanning? : True
Is IST_4 spanning? : True
Is IST_5 spanning? : True
Are all ISTs independent? : True

====TEST CR(552, 86, 172)====
Is IST_0 spanning? : True
Is IST_1 spanning? : True
Is IST_2 spanning? : True
Is IST_3 spanning? : True
Is IST_4 spanning? : True
Is IST_5 spanning? : True
Are all ISTs independent? : True

====TEST CR(553, 86, 172)====
Is IST_0 spanning? : True
Is IST_1 spanning? : True
Is IST_2 spanning? : True
Is IST_3 spanning? : True
Is IST_4 spanning? : True
Is IST_5 spanning? : True
Are all ISTs independent? : True

====TEST CR(554, 86, 172)====
Is IST_0 spanning? : True
Is IST_1 spanning? : True
Is IST_2 spanning? : True
Is IST_3 spanning? : True
Is IST_4 spanning? : True
Is IST_5 spanning? : True
Are all ISTs independent? : True

====TEST CR(555, 86, 172)====
Is IST_0 spanning? : True
Is IST_1 spanning? : True
Is IST_2 spanning? : True
Is IST_3 spanning? : True
Is IST_4 spanning? : True
Is IST_5 spanning? : True
Are all ISTs independent? : True

====TEST CR(556, 86, 172)====
Is IST_0 spanning? : True
Is IST_1 spanning? : True
Is IST_2 spanning? : True
Is IST_3 spanning? : True
Is IST_4 spanning? : True
Is IST_5 spanning? : True
Are all ISTs independent? : True

====TEST CR(557, 86, 172)====
Is IST_0 spanning? : True
Is IST_1 spanning? : True
Is IST_2 spanning? : True
Is IST_3 spanning? : True
Is IST_4 spanning? : True
Is IST_5 spanning? : True
Are all ISTs independent? : True

====TEST CR(558, 86, 172)====
Is IST_0 spanning? : True
Is IST_1 spanning? : True
Is IST_2 spanning? : True
Is IST_3 spanning? : True
Is IST_4 spanning? : True
Is IST_5 spanning? : True
Are all ISTs independent? : True

====TEST CR(559, 86, 172)====
Is IST_0 spanning? : True
Is IST_1 spanning? : True
Is IST_2 spanning? : True
Is IST_3 spanning? : True
Is IST_4 spanning? : True
Is IST_5 spanning? : True
Are all ISTs independent? : True

====TEST CR(560, 86, 172)====
Is IST_0 spanning? : True
Is IST_1 spanning? : True
Is IST_2 spanning? : True
Is IST_3 spanning? : True
Is IST_4 spanning? : True
Is IST_5 spanning? : True
Are all ISTs independent? : True

====TEST CR(561, 86, 172)====
Is IST_0 spanning? : True
Is IST_1 spanning? : True
Is IST_2 spanning? : True
Is IST_3 spanning? : True
Is IST_4 spanning? : True
Is IST_5 spanning? : True
Are all ISTs independent? : True

====TEST CR(562, 86, 172)====
Is IST_0 spanning? : True
Is IST_1 spanning? : True
Is IST_2 spanning? : True
Is IST_3 spanning? : True
Is IST_4 spanning? : True
Is IST_5 spanning? : True
Are all ISTs independent? : True

====TEST CR(563, 86, 172)====
Is IST_0 spanning? : True
Is IST_1 spanning? : True
Is IST_2 spanning? : True
Is IST_3 spanning? : True
Is IST_4 spanning? : True
Is IST_5 spanning? : True
Are all ISTs independent? : True

====TEST CR(564, 86, 172)====
Is IST_0 spanning? : True
Is IST_1 spanning? : True
Is IST_2 spanning? : True
Is IST_3 spanning? : True
Is IST_4 spanning? : True
Is IST_5 spanning? : True
Are all ISTs independent? : True

====TEST CR(565, 86, 172)====
Is IST_0 spanning? : True
Is IST_1 spanning? : True
Is IST_2 spanning? : True
Is IST_3 spanning? : True
Is IST_4 spanning? : True
Is IST_5 spanning? : True
Are all ISTs independent? : True

====TEST CR(566, 86, 172)====
Is IST_0 spanning? : True
Is IST_1 spanning? : True
Is IST_2 spanning? : True
Is IST_3 spanning? : True
Is IST_4 spanning? : True
Is IST_5 spanning? : True
Are all ISTs independent? : True

====TEST CR(567, 86, 172)====
Is IST_0 spanning? : True
Is IST_1 spanning? : True
Is IST_2 spanning? : True
Is IST_3 spanning? : True
Is IST_4 spanning? : True
Is IST_5 spanning? : True
Are all ISTs independent? : True

====TEST CR(568, 86, 172)====
Is IST_0 spanning? : True
Is IST_1 spanning? : True
Is IST_2 spanning? : True
Is IST_3 spanning? : True
Is IST_4 spanning? : True
Is IST_5 spanning? : True
Are all ISTs independent? : True

====TEST CR(569, 86, 172)====
Is IST_0 spanning? : True
Is IST_1 spanning? : True
Is IST_2 spanning? : True
Is IST_3 spanning? : True
Is IST_4 spanning? : True
Is IST_5 spanning? : True
Are all ISTs independent? : True

====TEST CR(570, 86, 172)====
Is IST_0 spanning? : True
Is IST_1 spanning? : True
Is IST_2 spanning? : True
Is IST_3 spanning? : True
Is IST_4 spanning? : True
Is IST_5 spanning? : True
Are all ISTs independent? : True

====TEST CR(571, 86, 172)====
Is IST_0 spanning? : True
Is IST_1 spanning? : True
Is IST_2 spanning? : True
Is IST_3 spanning? : True
Is IST_4 spanning? : True
Is IST_5 spanning? : True
Are all ISTs independent? : True

====TEST CR(572, 86, 172)====
Is IST_0 spanning? : True
Is IST_1 spanning? : True
Is IST_2 spanning? : True
Is IST_3 spanning? : True
Is IST_4 spanning? : True
Is IST_5 spanning? : True
Are all ISTs independent? : True

====TEST CR(573, 86, 172)====
Is IST_0 spanning? : True
Is IST_1 spanning? : True
Is IST_2 spanning? : True
Is IST_3 spanning? : True
Is IST_4 spanning? : True
Is IST_5 spanning? : True
Are all ISTs independent? : True

====TEST CR(574, 86, 172)====
Is IST_0 spanning? : True
Is IST_1 spanning? : True
Is IST_2 spanning? : True
Is IST_3 spanning? : True
Is IST_4 spanning? : True
Is IST_5 spanning? : True
Are all ISTs independent? : True

====TEST CR(575, 86, 172)====
Is IST_0 spanning? : True
Is IST_1 spanning? : True
Is IST_2 spanning? : True
Is IST_3 spanning? : True
Is IST_4 spanning? : True
Is IST_5 spanning? : True
Are all ISTs independent? : True

====TEST CR(576, 86, 172)====
Is IST_0 spanning? : True
Is IST_1 spanning? : True
Is IST_2 spanning? : True
Is IST_3 spanning? : True
Is IST_4 spanning? : True
Is IST_5 spanning? : True
Are all ISTs independent? : True

====TEST CR(577, 86, 172)====
Is IST_0 spanning? : True
Is IST_1 spanning? : True
Is IST_2 spanning? : True
Is IST_3 spanning? : True
Is IST_4 spanning? : True
Is IST_5 spanning? : True
Are all ISTs independent? : True

====TEST CR(578, 86, 172)====
Is IST_0 spanning? : True
Is IST_1 spanning? : True
Is IST_2 spanning? : True
Is IST_3 spanning? : True
Is IST_4 spanning? : True
Is IST_5 spanning? : True
Are all ISTs independent? : True

====TEST CR(579, 86, 172)====
Is IST_0 spanning? : True
Is IST_1 spanning? : True
Is IST_2 spanning? : True
Is IST_3 spanning? : True
Is IST_4 spanning? : True
Is IST_5 spanning? : True
Are all ISTs independent? : True

====TEST CR(580, 86, 172)====
Is IST_0 spanning? : True
Is IST_1 spanning? : True
Is IST_2 spanning? : True
Is IST_3 spanning? : True
Is IST_4 spanning? : True
Is IST_5 spanning? : True
Are all ISTs independent? : True

====TEST CR(581, 86, 172)====
Is IST_0 spanning? : True
Is IST_1 spanning? : True
Is IST_2 spanning? : True
Is IST_3 spanning? : True
Is IST_4 spanning? : True
Is IST_5 spanning? : True
Are all ISTs independent? : True

====TEST CR(582, 86, 172)====
Is IST_0 spanning? : True
Is IST_1 spanning? : True
Is IST_2 spanning? : True
Is IST_3 spanning? : True
Is IST_4 spanning? : True
Is IST_5 spanning? : True
Are all ISTs independent? : True

====TEST CR(583, 86, 172)====
Is IST_0 spanning? : True
Is IST_1 spanning? : True
Is IST_2 spanning? : True
Is IST_3 spanning? : True
Is IST_4 spanning? : True
Is IST_5 spanning? : True
Are all ISTs independent? : True

====TEST CR(584, 86, 172)====
Is IST_0 spanning? : True
Is IST_1 spanning? : True
Is IST_2 spanning? : True
Is IST_3 spanning? : True
Is IST_4 spanning? : True
Is IST_5 spanning? : True
Are all ISTs independent? : True

====TEST CR(585, 86, 172)====
Is IST_0 spanning? : True
Is IST_1 spanning? : True
Is IST_2 spanning? : True
Is IST_3 spanning? : True
Is IST_4 spanning? : True
Is IST_5 spanning? : True
Are all ISTs independent? : True

====TEST CR(586, 86, 172)====
Is IST_0 spanning? : True
Is IST_1 spanning? : True
Is IST_2 spanning? : True
Is IST_3 spanning? : True
Is IST_4 spanning? : True
Is IST_5 spanning? : True
Are all ISTs independent? : True

====TEST CR(587, 86, 172)====
Is IST_0 spanning? : True
Is IST_1 spanning? : True
Is IST_2 spanning? : True
Is IST_3 spanning? : True
Is IST_4 spanning? : True
Is IST_5 spanning? : True
Are all ISTs independent? : True

====TEST CR(588, 86, 172)====
Is IST_0 spanning? : True
Is IST_1 spanning? : True
Is IST_2 spanning? : True
Is IST_3 spanning? : True
Is IST_4 spanning? : True
Is IST_5 spanning? : True
Are all ISTs independent? : True

====TEST CR(589, 86, 172)====
Is IST_0 spanning? : True
Is IST_1 spanning? : True
Is IST_2 spanning? : True
Is IST_3 spanning? : True
Is IST_4 spanning? : True
Is IST_5 spanning? : True
Are all ISTs independent? : True

====TEST CR(590, 86, 172)====
Is IST_0 spanning? : True
Is IST_1 spanning? : True
Is IST_2 spanning? : True
Is IST_3 spanning? : True
Is IST_4 spanning? : True
Is IST_5 spanning? : True
Are all ISTs independent? : True

====TEST CR(591, 86, 172)====
Is IST_0 spanning? : True
Is IST_1 spanning? : True
Is IST_2 spanning? : True
Is IST_3 spanning? : True
Is IST_4 spanning? : True
Is IST_5 spanning? : True
Are all ISTs independent? : True

====TEST CR(592, 86, 172)====
Is IST_0 spanning? : True
Is IST_1 spanning? : True
Is IST_2 spanning? : True
Is IST_3 spanning? : True
Is IST_4 spanning? : True
Is IST_5 spanning? : True
Are all ISTs independent? : True

====TEST CR(593, 86, 172)====
Is IST_0 spanning? : True
Is IST_1 spanning? : True
Is IST_2 spanning? : True
Is IST_3 spanning? : True
Is IST_4 spanning? : True
Is IST_5 spanning? : True
Are all ISTs independent? : True

====TEST CR(594, 86, 172)====
Is IST_0 spanning? : True
Is IST_1 spanning? : True
Is IST_2 spanning? : True
Is IST_3 spanning? : True
Is IST_4 spanning? : True
Is IST_5 spanning? : True
Are all ISTs independent? : True

====TEST CR(595, 86, 172)====
Is IST_0 spanning? : True
Is IST_1 spanning? : True
Is IST_2 spanning? : True
Is IST_3 spanning? : True
Is IST_4 spanning? : True
Is IST_5 spanning? : True
Are all ISTs independent? : True

====TEST CR(596, 86, 172)====
Is IST_0 spanning? : True
Is IST_1 spanning? : True
Is IST_2 spanning? : True
Is IST_3 spanning? : True
Is IST_4 spanning? : True
Is IST_5 spanning? : True
Are all ISTs independent? : True

====TEST CR(597, 86, 172)====
Is IST_0 spanning? : True
Is IST_1 spanning? : True
Is IST_2 spanning? : True
Is IST_3 spanning? : True
Is IST_4 spanning? : True
Is IST_5 spanning? : True
Are all ISTs independent? : True

====TEST CR(598, 86, 172)====
Is IST_0 spanning? : True
Is IST_1 spanning? : True
Is IST_2 spanning? : True
Is IST_3 spanning? : True
Is IST_4 spanning? : True
Is IST_5 spanning? : True
Are all ISTs independent? : True

====TEST CR(599, 86, 172)====
Is IST_0 spanning? : True
Is IST_1 spanning? : True
Is IST_2 spanning? : True
Is IST_3 spanning? : True
Is IST_4 spanning? : True
Is IST_5 spanning? : True
Are all ISTs independent? : True

====TEST CR(600, 86, 172)====
Is IST_0 spanning? : True
Is IST_1 spanning? : True
Is IST_2 spanning? : True
Is IST_3 spanning? : True
Is IST_4 spanning? : True
Is IST_5 spanning? : True
Are all ISTs independent? : True

====TEST CR(601, 86, 172)====
Is IST_0 spanning? : True
Is IST_1 spanning? : True
Is IST_2 spanning? : True
Is IST_3 spanning? : True
Is IST_4 spanning? : True
Is IST_5 spanning? : True
Are all ISTs independent? : True

====TEST CR(602, 86, 172)====
Is IST_0 spanning? : True
Is IST_1 spanning? : True
Is IST_2 spanning? : True
Is IST_3 spanning? : True
Is IST_4 spanning? : True
Is IST_5 spanning? : True
Are all ISTs independent? : True

====TEST CR(603, 86, 172)====
Is IST_0 spanning? : True
Is IST_1 spanning? : True
Is IST_2 spanning? : True
Is IST_3 spanning? : True
Is IST_4 spanning? : True
Is IST_5 spanning? : True
Are all ISTs independent? : True

====TEST CR(604, 86, 172)====
Is IST_0 spanning? : True
Is IST_1 spanning? : True
Is IST_2 spanning? : True
Is IST_3 spanning? : True
Is IST_4 spanning? : True
Is IST_5 spanning? : True
Are all ISTs independent? : True

====TEST CR(605, 86, 172)====
Is IST_0 spanning? : True
Is IST_1 spanning? : True
Is IST_2 spanning? : True
Is IST_3 spanning? : True
Is IST_4 spanning? : True
Is IST_5 spanning? : True
Are all ISTs independent? : True

====TEST CR(606, 86, 172)====
Is IST_0 spanning? : True
Is IST_1 spanning? : True
Is IST_2 spanning? : True
Is IST_3 spanning? : True
Is IST_4 spanning? : True
Is IST_5 spanning? : True
Are all ISTs independent? : True

====TEST CR(607, 86, 172)====
Is IST_0 spanning? : True
Is IST_1 spanning? : True
Is IST_2 spanning? : True
Is IST_3 spanning? : True
Is IST_4 spanning? : True
Is IST_5 spanning? : True
Are all ISTs independent? : True

====TEST CR(608, 86, 172)====
Is IST_0 spanning? : True
Is IST_1 spanning? : True
Is IST_2 spanning? : True
Is IST_3 spanning? : True
Is IST_4 spanning? : True
Is IST_5 spanning? : True
Are all ISTs independent? : True

====TEST CR(609, 86, 172)====
Is IST_0 spanning? : True
Is IST_1 spanning? : True
Is IST_2 spanning? : True
Is IST_3 spanning? : True
Is IST_4 spanning? : True
Is IST_5 spanning? : True
Are all ISTs independent? : True

====TEST CR(610, 86, 172)====
Is IST_0 spanning? : True
Is IST_1 spanning? : True
Is IST_2 spanning? : True
Is IST_3 spanning? : True
Is IST_4 spanning? : True
Is IST_5 spanning? : True
Are all ISTs independent? : True

====TEST CR(611, 86, 172)====
Is IST_0 spanning? : True
Is IST_1 spanning? : True
Is IST_2 spanning? : True
Is IST_3 spanning? : True
Is IST_4 spanning? : True
Is IST_5 spanning? : True
Are all ISTs independent? : True

====TEST CR(612, 86, 172)====
Is IST_0 spanning? : True
Is IST_1 spanning? : True
Is IST_2 spanning? : True
Is IST_3 spanning? : True
Is IST_4 spanning? : True
Is IST_5 spanning? : True
Are all ISTs independent? : True

====TEST CR(613, 86, 172)====
Is IST_0 spanning? : True
Is IST_1 spanning? : True
Is IST_2 spanning? : True
Is IST_3 spanning? : True
Is IST_4 spanning? : True
Is IST_5 spanning? : True
Are all ISTs independent? : True

====TEST CR(614, 86, 172)====
Is IST_0 spanning? : True
Is IST_1 spanning? : True
Is IST_2 spanning? : True
Is IST_3 spanning? : True
Is IST_4 spanning? : True
Is IST_5 spanning? : True
Are all ISTs independent? : True

====TEST CR(615, 86, 172)====
Is IST_0 spanning? : True
Is IST_1 spanning? : True
Is IST_2 spanning? : True
Is IST_3 spanning? : True
Is IST_4 spanning? : True
Is IST_5 spanning? : True
Are all ISTs independent? : True

====TEST CR(616, 86, 172)====
Is IST_0 spanning? : True
Is IST_1 spanning? : True
Is IST_2 spanning? : True
Is IST_3 spanning? : True
Is IST_4 spanning? : True
Is IST_5 spanning? : True
Are all ISTs independent? : True

====TEST CR(617, 86, 172)====
Is IST_0 spanning? : True
Is IST_1 spanning? : True
Is IST_2 spanning? : True
Is IST_3 spanning? : True
Is IST_4 spanning? : True
Is IST_5 spanning? : True
Are all ISTs independent? : True

====TEST CR(618, 86, 172)====
Is IST_0 spanning? : True
Is IST_1 spanning? : True
Is IST_2 spanning? : True
Is IST_3 spanning? : True
Is IST_4 spanning? : True
Is IST_5 spanning? : True
Are all ISTs independent? : True

====TEST CR(619, 86, 172)====
Is IST_0 spanning? : True
Is IST_1 spanning? : True
Is IST_2 spanning? : True
Is IST_3 spanning? : True
Is IST_4 spanning? : True
Is IST_5 spanning? : True
Are all ISTs independent? : True

====TEST CR(620, 86, 172)====
Is IST_0 spanning? : True
Is IST_1 spanning? : True
Is IST_2 spanning? : True
Is IST_3 spanning? : True
Is IST_4 spanning? : True
Is IST_5 spanning? : True
Are all ISTs independent? : True

====TEST CR(621, 86, 172)====
Is IST_0 spanning? : True
Is IST_1 spanning? : True
Is IST_2 spanning? : True
Is IST_3 spanning? : True
Is IST_4 spanning? : True
Is IST_5 spanning? : True
Are all ISTs independent? : True

====TEST CR(622, 86, 172)====
Is IST_0 spanning? : True
Is IST_1 spanning? : True
Is IST_2 spanning? : True
Is IST_3 spanning? : True
Is IST_4 spanning? : True
Is IST_5 spanning? : True
Are all ISTs independent? : True

====TEST CR(623, 86, 172)====
Is IST_0 spanning? : True
Is IST_1 spanning? : True
Is IST_2 spanning? : True
Is IST_3 spanning? : True
Is IST_4 spanning? : True
Is IST_5 spanning? : True
Are all ISTs independent? : True

====TEST CR(624, 86, 172)====
Is IST_0 spanning? : True
Is IST_1 spanning? : True
Is IST_2 spanning? : True
Is IST_3 spanning? : True
Is IST_4 spanning? : True
Is IST_5 spanning? : True
Are all ISTs independent? : True

====TEST CR(625, 86, 172)====
Is IST_0 spanning? : True
Is IST_1 spanning? : True
Is IST_2 spanning? : True
Is IST_3 spanning? : True
Is IST_4 spanning? : True
Is IST_5 spanning? : True
Are all ISTs independent? : True

====TEST CR(626, 86, 172)====
Is IST_0 spanning? : True
Is IST_1 spanning? : True
Is IST_2 spanning? : True
Is IST_3 spanning? : True
Is IST_4 spanning? : True
Is IST_5 spanning? : True
Are all ISTs independent? : True

====TEST CR(627, 86, 172)====
Is IST_0 spanning? : True
Is IST_1 spanning? : True
Is IST_2 spanning? : True
Is IST_3 spanning? : True
Is IST_4 spanning? : True
Is IST_5 spanning? : True
Are all ISTs independent? : True

====TEST CR(628, 86, 172)====
Is IST_0 spanning? : True
Is IST_1 spanning? : True
Is IST_2 spanning? : True
Is IST_3 spanning? : True
Is IST_4 spanning? : True
Is IST_5 spanning? : True
Are all ISTs independent? : True

====TEST CR(629, 86, 172)====
Is IST_0 spanning? : True
Is IST_1 spanning? : True
Is IST_2 spanning? : True
Is IST_3 spanning? : True
Is IST_4 spanning? : True
Is IST_5 spanning? : True
Are all ISTs independent? : True

====TEST CR(630, 86, 172)====
Is IST_0 spanning? : True
Is IST_1 spanning? : True
Is IST_2 spanning? : True
Is IST_3 spanning? : True
Is IST_4 spanning? : True
Is IST_5 spanning? : True
Are all ISTs independent? : True

====TEST CR(631, 86, 172)====
Is IST_0 spanning? : True
Is IST_1 spanning? : True
Is IST_2 spanning? : True
Is IST_3 spanning? : True
Is IST_4 spanning? : True
Is IST_5 spanning? : True
Are all ISTs independent? : True

====TEST CR(632, 86, 172)====
Is IST_0 spanning? : True
Is IST_1 spanning? : True
Is IST_2 spanning? : True
Is IST_3 spanning? : True
Is IST_4 spanning? : True
Is IST_5 spanning? : True
Are all ISTs independent? : True

====TEST CR(633, 86, 172)====
Is IST_0 spanning? : True
Is IST_1 spanning? : True
Is IST_2 spanning? : True
Is IST_3 spanning? : True
Is IST_4 spanning? : True
Is IST_5 spanning? : True
Are all ISTs independent? : True

====TEST CR(634, 86, 172)====
Is IST_0 spanning? : True
Is IST_1 spanning? : True
Is IST_2 spanning? : True
Is IST_3 spanning? : True
Is IST_4 spanning? : True
Is IST_5 spanning? : True
Are all ISTs independent? : True

====TEST CR(635, 86, 172)====
Is IST_0 spanning? : True
Is IST_1 spanning? : True
Is IST_2 spanning? : True
Is IST_3 spanning? : True
Is IST_4 spanning? : True
Is IST_5 spanning? : True
Are all ISTs independent? : True

====TEST CR(636, 86, 172)====
Is IST_0 spanning? : True
Is IST_1 spanning? : True
Is IST_2 spanning? : True
Is IST_3 spanning? : True
Is IST_4 spanning? : True
Is IST_5 spanning? : True
Are all ISTs independent? : True

====TEST CR(637, 86, 172)====
Is IST_0 spanning? : True
Is IST_1 spanning? : True
Is IST_2 spanning? : True
Is IST_3 spanning? : True
Is IST_4 spanning? : True
Is IST_5 spanning? : True
Are all ISTs independent? : True

====TEST CR(638, 86, 172)====
Is IST_0 spanning? : True
Is IST_1 spanning? : True
Is IST_2 spanning? : True
Is IST_3 spanning? : True
Is IST_4 spanning? : True
Is IST_5 spanning? : True
Are all ISTs independent? : True

====TEST CR(639, 86, 172)====
Is IST_0 spanning? : True
Is IST_1 spanning? : True
Is IST_2 spanning? : True
Is IST_3 spanning? : True
Is IST_4 spanning? : True
Is IST_5 spanning? : True
Are all ISTs independent? : True

====TEST CR(640, 86, 172)====
Is IST_0 spanning? : True
Is IST_1 spanning? : True
Is IST_2 spanning? : True
Is IST_3 spanning? : True
Is IST_4 spanning? : True
Is IST_5 spanning? : True
Are all ISTs independent? : True

====TEST CR(641, 86, 172)====
Is IST_0 spanning? : True
Is IST_1 spanning? : True
Is IST_2 spanning? : True
Is IST_3 spanning? : True
Is IST_4 spanning? : True
Is IST_5 spanning? : True
Are all ISTs independent? : True

====TEST CR(642, 86, 172)====
Is IST_0 spanning? : True
Is IST_1 spanning? : True
Is IST_2 spanning? : True
Is IST_3 spanning? : True
Is IST_4 spanning? : True
Is IST_5 spanning? : True
Are all ISTs independent? : True

====TEST CR(643, 86, 172)====
Is IST_0 spanning? : True
Is IST_1 spanning? : True
Is IST_2 spanning? : True
Is IST_3 spanning? : True
Is IST_4 spanning? : True
Is IST_5 spanning? : True
Are all ISTs independent? : True

====TEST CR(644, 86, 172)====
Is IST_0 spanning? : True
Is IST_1 spanning? : True
Is IST_2 spanning? : True
Is IST_3 spanning? : True
Is IST_4 spanning? : True
Is IST_5 spanning? : True
Are all ISTs independent? : True

====TEST CR(522, 87, 174)====
Is IST_0 spanning? : True
Is IST_1 spanning? : True
Is IST_2 spanning? : True
Is IST_3 spanning? : True
Is IST_4 spanning? : True
Is IST_5 spanning? : True
Are all ISTs independent? : True

====TEST CR(523, 87, 174)====
Is IST_0 spanning? : True
Is IST_1 spanning? : True
Is IST_2 spanning? : True
Is IST_3 spanning? : True
Is IST_4 spanning? : True
Is IST_5 spanning? : True
Are all ISTs independent? : True

====TEST CR(524, 87, 174)====
Is IST_0 spanning? : True
Is IST_1 spanning? : True
Is IST_2 spanning? : True
Is IST_3 spanning? : True
Is IST_4 spanning? : True
Is IST_5 spanning? : True
Are all ISTs independent? : True

====TEST CR(525, 87, 174)====
Is IST_0 spanning? : True
Is IST_1 spanning? : True
Is IST_2 spanning? : True
Is IST_3 spanning? : True
Is IST_4 spanning? : True
Is IST_5 spanning? : True
Are all ISTs independent? : True

====TEST CR(526, 87, 174)====
Is IST_0 spanning? : True
Is IST_1 spanning? : True
Is IST_2 spanning? : True
Is IST_3 spanning? : True
Is IST_4 spanning? : True
Is IST_5 spanning? : True
Are all ISTs independent? : True

====TEST CR(527, 87, 174)====
Is IST_0 spanning? : True
Is IST_1 spanning? : True
Is IST_2 spanning? : True
Is IST_3 spanning? : True
Is IST_4 spanning? : True
Is IST_5 spanning? : True
Are all ISTs independent? : True

====TEST CR(528, 87, 174)====
Is IST_0 spanning? : True
Is IST_1 spanning? : True
Is IST_2 spanning? : True
Is IST_3 spanning? : True
Is IST_4 spanning? : True
Is IST_5 spanning? : True
Are all ISTs independent? : True

====TEST CR(529, 87, 174)====
Is IST_0 spanning? : True
Is IST_1 spanning? : True
Is IST_2 spanning? : True
Is IST_3 spanning? : True
Is IST_4 spanning? : True
Is IST_5 spanning? : True
Are all ISTs independent? : True

====TEST CR(530, 87, 174)====
Is IST_0 spanning? : True
Is IST_1 spanning? : True
Is IST_2 spanning? : True
Is IST_3 spanning? : True
Is IST_4 spanning? : True
Is IST_5 spanning? : True
Are all ISTs independent? : True

====TEST CR(531, 87, 174)====
Is IST_0 spanning? : True
Is IST_1 spanning? : True
Is IST_2 spanning? : True
Is IST_3 spanning? : True
Is IST_4 spanning? : True
Is IST_5 spanning? : True
Are all ISTs independent? : True

====TEST CR(532, 87, 174)====
Is IST_0 spanning? : True
Is IST_1 spanning? : True
Is IST_2 spanning? : True
Is IST_3 spanning? : True
Is IST_4 spanning? : True
Is IST_5 spanning? : True
Are all ISTs independent? : True

====TEST CR(533, 87, 174)====
Is IST_0 spanning? : True
Is IST_1 spanning? : True
Is IST_2 spanning? : True
Is IST_3 spanning? : True
Is IST_4 spanning? : True
Is IST_5 spanning? : True
Are all ISTs independent? : True

====TEST CR(534, 87, 174)====
Is IST_0 spanning? : True
Is IST_1 spanning? : True
Is IST_2 spanning? : True
Is IST_3 spanning? : True
Is IST_4 spanning? : True
Is IST_5 spanning? : True
Are all ISTs independent? : True

====TEST CR(535, 87, 174)====
Is IST_0 spanning? : True
Is IST_1 spanning? : True
Is IST_2 spanning? : True
Is IST_3 spanning? : True
Is IST_4 spanning? : True
Is IST_5 spanning? : True
Are all ISTs independent? : True

====TEST CR(536, 87, 174)====
Is IST_0 spanning? : True
Is IST_1 spanning? : True
Is IST_2 spanning? : True
Is IST_3 spanning? : True
Is IST_4 spanning? : True
Is IST_5 spanning? : True
Are all ISTs independent? : True

====TEST CR(537, 87, 174)====
Is IST_0 spanning? : True
Is IST_1 spanning? : True
Is IST_2 spanning? : True
Is IST_3 spanning? : True
Is IST_4 spanning? : True
Is IST_5 spanning? : True
Are all ISTs independent? : True

====TEST CR(538, 87, 174)====
Is IST_0 spanning? : True
Is IST_1 spanning? : True
Is IST_2 spanning? : True
Is IST_3 spanning? : True
Is IST_4 spanning? : True
Is IST_5 spanning? : True
Are all ISTs independent? : True

====TEST CR(539, 87, 174)====
Is IST_0 spanning? : True
Is IST_1 spanning? : True
Is IST_2 spanning? : True
Is IST_3 spanning? : True
Is IST_4 spanning? : True
Is IST_5 spanning? : True
Are all ISTs independent? : True

====TEST CR(540, 87, 174)====
Is IST_0 spanning? : True
Is IST_1 spanning? : True
Is IST_2 spanning? : True
Is IST_3 spanning? : True
Is IST_4 spanning? : True
Is IST_5 spanning? : True
Are all ISTs independent? : True

====TEST CR(541, 87, 174)====
Is IST_0 spanning? : True
Is IST_1 spanning? : True
Is IST_2 spanning? : True
Is IST_3 spanning? : True
Is IST_4 spanning? : True
Is IST_5 spanning? : True
Are all ISTs independent? : True

====TEST CR(542, 87, 174)====
Is IST_0 spanning? : True
Is IST_1 spanning? : True
Is IST_2 spanning? : True
Is IST_3 spanning? : True
Is IST_4 spanning? : True
Is IST_5 spanning? : True
Are all ISTs independent? : True

====TEST CR(543, 87, 174)====
Is IST_0 spanning? : True
Is IST_1 spanning? : True
Is IST_2 spanning? : True
Is IST_3 spanning? : True
Is IST_4 spanning? : True
Is IST_5 spanning? : True
Are all ISTs independent? : True

====TEST CR(544, 87, 174)====
Is IST_0 spanning? : True
Is IST_1 spanning? : True
Is IST_2 spanning? : True
Is IST_3 spanning? : True
Is IST_4 spanning? : True
Is IST_5 spanning? : True
Are all ISTs independent? : True

====TEST CR(545, 87, 174)====
Is IST_0 spanning? : True
Is IST_1 spanning? : True
Is IST_2 spanning? : True
Is IST_3 spanning? : True
Is IST_4 spanning? : True
Is IST_5 spanning? : True
Are all ISTs independent? : True

====TEST CR(546, 87, 174)====
Is IST_0 spanning? : True
Is IST_1 spanning? : True
Is IST_2 spanning? : True
Is IST_3 spanning? : True
Is IST_4 spanning? : True
Is IST_5 spanning? : True
Are all ISTs independent? : True

====TEST CR(547, 87, 174)====
Is IST_0 spanning? : True
Is IST_1 spanning? : True
Is IST_2 spanning? : True
Is IST_3 spanning? : True
Is IST_4 spanning? : True
Is IST_5 spanning? : True
Are all ISTs independent? : True

====TEST CR(548, 87, 174)====
Is IST_0 spanning? : True
Is IST_1 spanning? : True
Is IST_2 spanning? : True
Is IST_3 spanning? : True
Is IST_4 spanning? : True
Is IST_5 spanning? : True
Are all ISTs independent? : True

====TEST CR(549, 87, 174)====
Is IST_0 spanning? : True
Is IST_1 spanning? : True
Is IST_2 spanning? : True
Is IST_3 spanning? : True
Is IST_4 spanning? : True
Is IST_5 spanning? : True
Are all ISTs independent? : True

====TEST CR(550, 87, 174)====
Is IST_0 spanning? : True
Is IST_1 spanning? : True
Is IST_2 spanning? : True
Is IST_3 spanning? : True
Is IST_4 spanning? : True
Is IST_5 spanning? : True
Are all ISTs independent? : True

====TEST CR(551, 87, 174)====
Is IST_0 spanning? : True
Is IST_1 spanning? : True
Is IST_2 spanning? : True
Is IST_3 spanning? : True
Is IST_4 spanning? : True
Is IST_5 spanning? : True
Are all ISTs independent? : True

====TEST CR(552, 87, 174)====
Is IST_0 spanning? : True
Is IST_1 spanning? : True
Is IST_2 spanning? : True
Is IST_3 spanning? : True
Is IST_4 spanning? : True
Is IST_5 spanning? : True
Are all ISTs independent? : True

====TEST CR(553, 87, 174)====
Is IST_0 spanning? : True
Is IST_1 spanning? : True
Is IST_2 spanning? : True
Is IST_3 spanning? : True
Is IST_4 spanning? : True
Is IST_5 spanning? : True
Are all ISTs independent? : True

====TEST CR(554, 87, 174)====
Is IST_0 spanning? : True
Is IST_1 spanning? : True
Is IST_2 spanning? : True
Is IST_3 spanning? : True
Is IST_4 spanning? : True
Is IST_5 spanning? : True
Are all ISTs independent? : True

====TEST CR(555, 87, 174)====
Is IST_0 spanning? : True
Is IST_1 spanning? : True
Is IST_2 spanning? : True
Is IST_3 spanning? : True
Is IST_4 spanning? : True
Is IST_5 spanning? : True
Are all ISTs independent? : True

====TEST CR(556, 87, 174)====
Is IST_0 spanning? : True
Is IST_1 spanning? : True
Is IST_2 spanning? : True
Is IST_3 spanning? : True
Is IST_4 spanning? : True
Is IST_5 spanning? : True
Are all ISTs independent? : True

====TEST CR(557, 87, 174)====
Is IST_0 spanning? : True
Is IST_1 spanning? : True
Is IST_2 spanning? : True
Is IST_3 spanning? : True
Is IST_4 spanning? : True
Is IST_5 spanning? : True
Are all ISTs independent? : True

====TEST CR(558, 87, 174)====
Is IST_0 spanning? : True
Is IST_1 spanning? : True
Is IST_2 spanning? : True
Is IST_3 spanning? : True
Is IST_4 spanning? : True
Is IST_5 spanning? : True
Are all ISTs independent? : True

====TEST CR(559, 87, 174)====
Is IST_0 spanning? : True
Is IST_1 spanning? : True
Is IST_2 spanning? : True
Is IST_3 spanning? : True
Is IST_4 spanning? : True
Is IST_5 spanning? : True
Are all ISTs independent? : True

====TEST CR(560, 87, 174)====
Is IST_0 spanning? : True
Is IST_1 spanning? : True
Is IST_2 spanning? : True
Is IST_3 spanning? : True
Is IST_4 spanning? : True
Is IST_5 spanning? : True
Are all ISTs independent? : True

====TEST CR(561, 87, 174)====
Is IST_0 spanning? : True
Is IST_1 spanning? : True
Is IST_2 spanning? : True
Is IST_3 spanning? : True
Is IST_4 spanning? : True
Is IST_5 spanning? : True
Are all ISTs independent? : True

====TEST CR(562, 87, 174)====
Is IST_0 spanning? : True
Is IST_1 spanning? : True
Is IST_2 spanning? : True
Is IST_3 spanning? : True
Is IST_4 spanning? : True
Is IST_5 spanning? : True
Are all ISTs independent? : True

====TEST CR(563, 87, 174)====
Is IST_0 spanning? : True
Is IST_1 spanning? : True
Is IST_2 spanning? : True
Is IST_3 spanning? : True
Is IST_4 spanning? : True
Is IST_5 spanning? : True
Are all ISTs independent? : True

====TEST CR(564, 87, 174)====
Is IST_0 spanning? : True
Is IST_1 spanning? : True
Is IST_2 spanning? : True
Is IST_3 spanning? : True
Is IST_4 spanning? : True
Is IST_5 spanning? : True
Are all ISTs independent? : True

====TEST CR(565, 87, 174)====
Is IST_0 spanning? : True
Is IST_1 spanning? : True
Is IST_2 spanning? : True
Is IST_3 spanning? : True
Is IST_4 spanning? : True
Is IST_5 spanning? : True
Are all ISTs independent? : True

====TEST CR(566, 87, 174)====
Is IST_0 spanning? : True
Is IST_1 spanning? : True
Is IST_2 spanning? : True
Is IST_3 spanning? : True
Is IST_4 spanning? : True
Is IST_5 spanning? : True
Are all ISTs independent? : True

====TEST CR(567, 87, 174)====
Is IST_0 spanning? : True
Is IST_1 spanning? : True
Is IST_2 spanning? : True
Is IST_3 spanning? : True
Is IST_4 spanning? : True
Is IST_5 spanning? : True
Are all ISTs independent? : True

====TEST CR(568, 87, 174)====
Is IST_0 spanning? : True
Is IST_1 spanning? : True
Is IST_2 spanning? : True
Is IST_3 spanning? : True
Is IST_4 spanning? : True
Is IST_5 spanning? : True
Are all ISTs independent? : True

====TEST CR(569, 87, 174)====
Is IST_0 spanning? : True
Is IST_1 spanning? : True
Is IST_2 spanning? : True
Is IST_3 spanning? : True
Is IST_4 spanning? : True
Is IST_5 spanning? : True
Are all ISTs independent? : True

====TEST CR(570, 87, 174)====
Is IST_0 spanning? : True
Is IST_1 spanning? : True
Is IST_2 spanning? : True
Is IST_3 spanning? : True
Is IST_4 spanning? : True
Is IST_5 spanning? : True
Are all ISTs independent? : True

====TEST CR(571, 87, 174)====
Is IST_0 spanning? : True
Is IST_1 spanning? : True
Is IST_2 spanning? : True
Is IST_3 spanning? : True
Is IST_4 spanning? : True
Is IST_5 spanning? : True
Are all ISTs independent? : True

====TEST CR(572, 87, 174)====
Is IST_0 spanning? : True
Is IST_1 spanning? : True
Is IST_2 spanning? : True
Is IST_3 spanning? : True
Is IST_4 spanning? : True
Is IST_5 spanning? : True
Are all ISTs independent? : True

====TEST CR(573, 87, 174)====
Is IST_0 spanning? : True
Is IST_1 spanning? : True
Is IST_2 spanning? : True
Is IST_3 spanning? : True
Is IST_4 spanning? : True
Is IST_5 spanning? : True
Are all ISTs independent? : True

====TEST CR(574, 87, 174)====
Is IST_0 spanning? : True
Is IST_1 spanning? : True
Is IST_2 spanning? : True
Is IST_3 spanning? : True
Is IST_4 spanning? : True
Is IST_5 spanning? : True
Are all ISTs independent? : True

====TEST CR(575, 87, 174)====
Is IST_0 spanning? : True
Is IST_1 spanning? : True
Is IST_2 spanning? : True
Is IST_3 spanning? : True
Is IST_4 spanning? : True
Is IST_5 spanning? : True
Are all ISTs independent? : True

====TEST CR(576, 87, 174)====
Is IST_0 spanning? : True
Is IST_1 spanning? : True
Is IST_2 spanning? : True
Is IST_3 spanning? : True
Is IST_4 spanning? : True
Is IST_5 spanning? : True
Are all ISTs independent? : True

====TEST CR(577, 87, 174)====
Is IST_0 spanning? : True
Is IST_1 spanning? : True
Is IST_2 spanning? : True
Is IST_3 spanning? : True
Is IST_4 spanning? : True
Is IST_5 spanning? : True
Are all ISTs independent? : True

====TEST CR(578, 87, 174)====
Is IST_0 spanning? : True
Is IST_1 spanning? : True
Is IST_2 spanning? : True
Is IST_3 spanning? : True
Is IST_4 spanning? : True
Is IST_5 spanning? : True
Are all ISTs independent? : True

====TEST CR(579, 87, 174)====
Is IST_0 spanning? : True
Is IST_1 spanning? : True
Is IST_2 spanning? : True
Is IST_3 spanning? : True
Is IST_4 spanning? : True
Is IST_5 spanning? : True
Are all ISTs independent? : True

====TEST CR(580, 87, 174)====
Is IST_0 spanning? : True
Is IST_1 spanning? : True
Is IST_2 spanning? : True
Is IST_3 spanning? : True
Is IST_4 spanning? : True
Is IST_5 spanning? : True
Are all ISTs independent? : True

====TEST CR(581, 87, 174)====
Is IST_0 spanning? : True
Is IST_1 spanning? : True
Is IST_2 spanning? : True
Is IST_3 spanning? : True
Is IST_4 spanning? : True
Is IST_5 spanning? : True
Are all ISTs independent? : True

====TEST CR(582, 87, 174)====
Is IST_0 spanning? : True
Is IST_1 spanning? : True
Is IST_2 spanning? : True
Is IST_3 spanning? : True
Is IST_4 spanning? : True
Is IST_5 spanning? : True
Are all ISTs independent? : True

====TEST CR(583, 87, 174)====
Is IST_0 spanning? : True
Is IST_1 spanning? : True
Is IST_2 spanning? : True
Is IST_3 spanning? : True
Is IST_4 spanning? : True
Is IST_5 spanning? : True
Are all ISTs independent? : True

====TEST CR(584, 87, 174)====
Is IST_0 spanning? : True
Is IST_1 spanning? : True
Is IST_2 spanning? : True
Is IST_3 spanning? : True
Is IST_4 spanning? : True
Is IST_5 spanning? : True
Are all ISTs independent? : True

====TEST CR(585, 87, 174)====
Is IST_0 spanning? : True
Is IST_1 spanning? : True
Is IST_2 spanning? : True
Is IST_3 spanning? : True
Is IST_4 spanning? : True
Is IST_5 spanning? : True
Are all ISTs independent? : True

====TEST CR(586, 87, 174)====
Is IST_0 spanning? : True
Is IST_1 spanning? : True
Is IST_2 spanning? : True
Is IST_3 spanning? : True
Is IST_4 spanning? : True
Is IST_5 spanning? : True
Are all ISTs independent? : True

====TEST CR(587, 87, 174)====
Is IST_0 spanning? : True
Is IST_1 spanning? : True
Is IST_2 spanning? : True
Is IST_3 spanning? : True
Is IST_4 spanning? : True
Is IST_5 spanning? : True
Are all ISTs independent? : True

====TEST CR(588, 87, 174)====
Is IST_0 spanning? : True
Is IST_1 spanning? : True
Is IST_2 spanning? : True
Is IST_3 spanning? : True
Is IST_4 spanning? : True
Is IST_5 spanning? : True
Are all ISTs independent? : True

====TEST CR(589, 87, 174)====
Is IST_0 spanning? : True
Is IST_1 spanning? : True
Is IST_2 spanning? : True
Is IST_3 spanning? : True
Is IST_4 spanning? : True
Is IST_5 spanning? : True
Are all ISTs independent? : True

====TEST CR(590, 87, 174)====
Is IST_0 spanning? : True
Is IST_1 spanning? : True
Is IST_2 spanning? : True
Is IST_3 spanning? : True
Is IST_4 spanning? : True
Is IST_5 spanning? : True
Are all ISTs independent? : True

====TEST CR(591, 87, 174)====
Is IST_0 spanning? : True
Is IST_1 spanning? : True
Is IST_2 spanning? : True
Is IST_3 spanning? : True
Is IST_4 spanning? : True
Is IST_5 spanning? : True
Are all ISTs independent? : True

====TEST CR(592, 87, 174)====
Is IST_0 spanning? : True
Is IST_1 spanning? : True
Is IST_2 spanning? : True
Is IST_3 spanning? : True
Is IST_4 spanning? : True
Is IST_5 spanning? : True
Are all ISTs independent? : True

====TEST CR(593, 87, 174)====
Is IST_0 spanning? : True
Is IST_1 spanning? : True
Is IST_2 spanning? : True
Is IST_3 spanning? : True
Is IST_4 spanning? : True
Is IST_5 spanning? : True
Are all ISTs independent? : True

====TEST CR(594, 87, 174)====
Is IST_0 spanning? : True
Is IST_1 spanning? : True
Is IST_2 spanning? : True
Is IST_3 spanning? : True
Is IST_4 spanning? : True
Is IST_5 spanning? : True
Are all ISTs independent? : True

====TEST CR(595, 87, 174)====
Is IST_0 spanning? : True
Is IST_1 spanning? : True
Is IST_2 spanning? : True
Is IST_3 spanning? : True
Is IST_4 spanning? : True
Is IST_5 spanning? : True
Are all ISTs independent? : True

====TEST CR(596, 87, 174)====
Is IST_0 spanning? : True
Is IST_1 spanning? : True
Is IST_2 spanning? : True
Is IST_3 spanning? : True
Is IST_4 spanning? : True
Is IST_5 spanning? : True
Are all ISTs independent? : True

====TEST CR(597, 87, 174)====
Is IST_0 spanning? : True
Is IST_1 spanning? : True
Is IST_2 spanning? : True
Is IST_3 spanning? : True
Is IST_4 spanning? : True
Is IST_5 spanning? : True
Are all ISTs independent? : True

====TEST CR(598, 87, 174)====
Is IST_0 spanning? : True
Is IST_1 spanning? : True
Is IST_2 spanning? : True
Is IST_3 spanning? : True
Is IST_4 spanning? : True
Is IST_5 spanning? : True
Are all ISTs independent? : True

====TEST CR(599, 87, 174)====
Is IST_0 spanning? : True
Is IST_1 spanning? : True
Is IST_2 spanning? : True
Is IST_3 spanning? : True
Is IST_4 spanning? : True
Is IST_5 spanning? : True
Are all ISTs independent? : True

====TEST CR(600, 87, 174)====
Is IST_0 spanning? : True
Is IST_1 spanning? : True
Is IST_2 spanning? : True
Is IST_3 spanning? : True
Is IST_4 spanning? : True
Is IST_5 spanning? : True
Are all ISTs independent? : True

====TEST CR(601, 87, 174)====
Is IST_0 spanning? : True
Is IST_1 spanning? : True
Is IST_2 spanning? : True
Is IST_3 spanning? : True
Is IST_4 spanning? : True
Is IST_5 spanning? : True
Are all ISTs independent? : True

====TEST CR(602, 87, 174)====
Is IST_0 spanning? : True
Is IST_1 spanning? : True
Is IST_2 spanning? : True
Is IST_3 spanning? : True
Is IST_4 spanning? : True
Is IST_5 spanning? : True
Are all ISTs independent? : True

====TEST CR(603, 87, 174)====
Is IST_0 spanning? : True
Is IST_1 spanning? : True
Is IST_2 spanning? : True
Is IST_3 spanning? : True
Is IST_4 spanning? : True
Is IST_5 spanning? : True
Are all ISTs independent? : True

====TEST CR(604, 87, 174)====
Is IST_0 spanning? : True
Is IST_1 spanning? : True
Is IST_2 spanning? : True
Is IST_3 spanning? : True
Is IST_4 spanning? : True
Is IST_5 spanning? : True
Are all ISTs independent? : True

====TEST CR(605, 87, 174)====
Is IST_0 spanning? : True
Is IST_1 spanning? : True
Is IST_2 spanning? : True
Is IST_3 spanning? : True
Is IST_4 spanning? : True
Is IST_5 spanning? : True
Are all ISTs independent? : True

====TEST CR(606, 87, 174)====
Is IST_0 spanning? : True
Is IST_1 spanning? : True
Is IST_2 spanning? : True
Is IST_3 spanning? : True
Is IST_4 spanning? : True
Is IST_5 spanning? : True
Are all ISTs independent? : True

====TEST CR(607, 87, 174)====
Is IST_0 spanning? : True
Is IST_1 spanning? : True
Is IST_2 spanning? : True
Is IST_3 spanning? : True
Is IST_4 spanning? : True
Is IST_5 spanning? : True
Are all ISTs independent? : True

====TEST CR(608, 87, 174)====
Is IST_0 spanning? : True
Is IST_1 spanning? : True
Is IST_2 spanning? : True
Is IST_3 spanning? : True
Is IST_4 spanning? : True
Is IST_5 spanning? : True
Are all ISTs independent? : True

====TEST CR(609, 87, 174)====
Is IST_0 spanning? : True
Is IST_1 spanning? : True
Is IST_2 spanning? : True
Is IST_3 spanning? : True
Is IST_4 spanning? : True
Is IST_5 spanning? : True
Are all ISTs independent? : True

====TEST CR(610, 87, 174)====
Is IST_0 spanning? : True
Is IST_1 spanning? : True
Is IST_2 spanning? : True
Is IST_3 spanning? : True
Is IST_4 spanning? : True
Is IST_5 spanning? : True
Are all ISTs independent? : True

====TEST CR(611, 87, 174)====
Is IST_0 spanning? : True
Is IST_1 spanning? : True
Is IST_2 spanning? : True
Is IST_3 spanning? : True
Is IST_4 spanning? : True
Is IST_5 spanning? : True
Are all ISTs independent? : True

====TEST CR(612, 87, 174)====
Is IST_0 spanning? : True
Is IST_1 spanning? : True
Is IST_2 spanning? : True
Is IST_3 spanning? : True
Is IST_4 spanning? : True
Is IST_5 spanning? : True
Are all ISTs independent? : True

====TEST CR(613, 87, 174)====
Is IST_0 spanning? : True
Is IST_1 spanning? : True
Is IST_2 spanning? : True
Is IST_3 spanning? : True
Is IST_4 spanning? : True
Is IST_5 spanning? : True
Are all ISTs independent? : True

====TEST CR(614, 87, 174)====
Is IST_0 spanning? : True
Is IST_1 spanning? : True
Is IST_2 spanning? : True
Is IST_3 spanning? : True
Is IST_4 spanning? : True
Is IST_5 spanning? : True
Are all ISTs independent? : True

====TEST CR(615, 87, 174)====
Is IST_0 spanning? : True
Is IST_1 spanning? : True
Is IST_2 spanning? : True
Is IST_3 spanning? : True
Is IST_4 spanning? : True
Is IST_5 spanning? : True
Are all ISTs independent? : True

====TEST CR(616, 87, 174)====
Is IST_0 spanning? : True
Is IST_1 spanning? : True
Is IST_2 spanning? : True
Is IST_3 spanning? : True
Is IST_4 spanning? : True
Is IST_5 spanning? : True
Are all ISTs independent? : True

====TEST CR(617, 87, 174)====
Is IST_0 spanning? : True
Is IST_1 spanning? : True
Is IST_2 spanning? : True
Is IST_3 spanning? : True
Is IST_4 spanning? : True
Is IST_5 spanning? : True
Are all ISTs independent? : True

====TEST CR(618, 87, 174)====
Is IST_0 spanning? : True
Is IST_1 spanning? : True
Is IST_2 spanning? : True
Is IST_3 spanning? : True
Is IST_4 spanning? : True
Is IST_5 spanning? : True
Are all ISTs independent? : True

====TEST CR(619, 87, 174)====
Is IST_0 spanning? : True
Is IST_1 spanning? : True
Is IST_2 spanning? : True
Is IST_3 spanning? : True
Is IST_4 spanning? : True
Is IST_5 spanning? : True
Are all ISTs independent? : True

====TEST CR(620, 87, 174)====
Is IST_0 spanning? : True
Is IST_1 spanning? : True
Is IST_2 spanning? : True
Is IST_3 spanning? : True
Is IST_4 spanning? : True
Is IST_5 spanning? : True
Are all ISTs independent? : True

====TEST CR(621, 87, 174)====
Is IST_0 spanning? : True
Is IST_1 spanning? : True
Is IST_2 spanning? : True
Is IST_3 spanning? : True
Is IST_4 spanning? : True
Is IST_5 spanning? : True
Are all ISTs independent? : True

====TEST CR(622, 87, 174)====
Is IST_0 spanning? : True
Is IST_1 spanning? : True
Is IST_2 spanning? : True
Is IST_3 spanning? : True
Is IST_4 spanning? : True
Is IST_5 spanning? : True
Are all ISTs independent? : True

====TEST CR(623, 87, 174)====
Is IST_0 spanning? : True
Is IST_1 spanning? : True
Is IST_2 spanning? : True
Is IST_3 spanning? : True
Is IST_4 spanning? : True
Is IST_5 spanning? : True
Are all ISTs independent? : True

====TEST CR(624, 87, 174)====
Is IST_0 spanning? : True
Is IST_1 spanning? : True
Is IST_2 spanning? : True
Is IST_3 spanning? : True
Is IST_4 spanning? : True
Is IST_5 spanning? : True
Are all ISTs independent? : True

====TEST CR(625, 87, 174)====
Is IST_0 spanning? : True
Is IST_1 spanning? : True
Is IST_2 spanning? : True
Is IST_3 spanning? : True
Is IST_4 spanning? : True
Is IST_5 spanning? : True
Are all ISTs independent? : True

====TEST CR(626, 87, 174)====
Is IST_0 spanning? : True
Is IST_1 spanning? : True
Is IST_2 spanning? : True
Is IST_3 spanning? : True
Is IST_4 spanning? : True
Is IST_5 spanning? : True
Are all ISTs independent? : True

====TEST CR(627, 87, 174)====
Is IST_0 spanning? : True
Is IST_1 spanning? : True
Is IST_2 spanning? : True
Is IST_3 spanning? : True
Is IST_4 spanning? : True
Is IST_5 spanning? : True
Are all ISTs independent? : True

====TEST CR(628, 87, 174)====
Is IST_0 spanning? : True
Is IST_1 spanning? : True
Is IST_2 spanning? : True
Is IST_3 spanning? : True
Is IST_4 spanning? : True
Is IST_5 spanning? : True
Are all ISTs independent? : True

====TEST CR(629, 87, 174)====
Is IST_0 spanning? : True
Is IST_1 spanning? : True
Is IST_2 spanning? : True
Is IST_3 spanning? : True
Is IST_4 spanning? : True
Is IST_5 spanning? : True
Are all ISTs independent? : True

====TEST CR(630, 87, 174)====
Is IST_0 spanning? : True
Is IST_1 spanning? : True
Is IST_2 spanning? : True
Is IST_3 spanning? : True
Is IST_4 spanning? : True
Is IST_5 spanning? : True
Are all ISTs independent? : True

====TEST CR(631, 87, 174)====
Is IST_0 spanning? : True
Is IST_1 spanning? : True
Is IST_2 spanning? : True
Is IST_3 spanning? : True
Is IST_4 spanning? : True
Is IST_5 spanning? : True
Are all ISTs independent? : True

====TEST CR(632, 87, 174)====
Is IST_0 spanning? : True
Is IST_1 spanning? : True
Is IST_2 spanning? : True
Is IST_3 spanning? : True
Is IST_4 spanning? : True
Is IST_5 spanning? : True
Are all ISTs independent? : True

====TEST CR(633, 87, 174)====
Is IST_0 spanning? : True
Is IST_1 spanning? : True
Is IST_2 spanning? : True
Is IST_3 spanning? : True
Is IST_4 spanning? : True
Is IST_5 spanning? : True
Are all ISTs independent? : True

====TEST CR(634, 87, 174)====
Is IST_0 spanning? : True
Is IST_1 spanning? : True
Is IST_2 spanning? : True
Is IST_3 spanning? : True
Is IST_4 spanning? : True
Is IST_5 spanning? : True
Are all ISTs independent? : True

====TEST CR(635, 87, 174)====
Is IST_0 spanning? : True
Is IST_1 spanning? : True
Is IST_2 spanning? : True
Is IST_3 spanning? : True
Is IST_4 spanning? : True
Is IST_5 spanning? : True
Are all ISTs independent? : True

====TEST CR(636, 87, 174)====
Is IST_0 spanning? : True
Is IST_1 spanning? : True
Is IST_2 spanning? : True
Is IST_3 spanning? : True
Is IST_4 spanning? : True
Is IST_5 spanning? : True
Are all ISTs independent? : True

====TEST CR(637, 87, 174)====
Is IST_0 spanning? : True
Is IST_1 spanning? : True
Is IST_2 spanning? : True
Is IST_3 spanning? : True
Is IST_4 spanning? : True
Is IST_5 spanning? : True
Are all ISTs independent? : True

====TEST CR(638, 87, 174)====
Is IST_0 spanning? : True
Is IST_1 spanning? : True
Is IST_2 spanning? : True
Is IST_3 spanning? : True
Is IST_4 spanning? : True
Is IST_5 spanning? : True
Are all ISTs independent? : True

====TEST CR(639, 87, 174)====
Is IST_0 spanning? : True
Is IST_1 spanning? : True
Is IST_2 spanning? : True
Is IST_3 spanning? : True
Is IST_4 spanning? : True
Is IST_5 spanning? : True
Are all ISTs independent? : True

====TEST CR(640, 87, 174)====
Is IST_0 spanning? : True
Is IST_1 spanning? : True
Is IST_2 spanning? : True
Is IST_3 spanning? : True
Is IST_4 spanning? : True
Is IST_5 spanning? : True
Are all ISTs independent? : True

====TEST CR(641, 87, 174)====
Is IST_0 spanning? : True
Is IST_1 spanning? : True
Is IST_2 spanning? : True
Is IST_3 spanning? : True
Is IST_4 spanning? : True
Is IST_5 spanning? : True
Are all ISTs independent? : True

====TEST CR(642, 87, 174)====
Is IST_0 spanning? : True
Is IST_1 spanning? : True
Is IST_2 spanning? : True
Is IST_3 spanning? : True
Is IST_4 spanning? : True
Is IST_5 spanning? : True
Are all ISTs independent? : True

====TEST CR(643, 87, 174)====
Is IST_0 spanning? : True
Is IST_1 spanning? : True
Is IST_2 spanning? : True
Is IST_3 spanning? : True
Is IST_4 spanning? : True
Is IST_5 spanning? : True
Are all ISTs independent? : True

====TEST CR(644, 87, 174)====
Is IST_0 spanning? : True
Is IST_1 spanning? : True
Is IST_2 spanning? : True
Is IST_3 spanning? : True
Is IST_4 spanning? : True
Is IST_5 spanning? : True
Are all ISTs independent? : True

====TEST CR(645, 87, 174)====
Is IST_0 spanning? : True
Is IST_1 spanning? : True
Is IST_2 spanning? : True
Is IST_3 spanning? : True
Is IST_4 spanning? : True
Is IST_5 spanning? : True
Are all ISTs independent? : True

====TEST CR(646, 87, 174)====
Is IST_0 spanning? : True
Is IST_1 spanning? : True
Is IST_2 spanning? : True
Is IST_3 spanning? : True
Is IST_4 spanning? : True
Is IST_5 spanning? : True
Are all ISTs independent? : True

====TEST CR(647, 87, 174)====
Is IST_0 spanning? : True
Is IST_1 spanning? : True
Is IST_2 spanning? : True
Is IST_3 spanning? : True
Is IST_4 spanning? : True
Is IST_5 spanning? : True
Are all ISTs independent? : True

====TEST CR(648, 87, 174)====
Is IST_0 spanning? : True
Is IST_1 spanning? : True
Is IST_2 spanning? : True
Is IST_3 spanning? : True
Is IST_4 spanning? : True
Is IST_5 spanning? : True
Are all ISTs independent? : True

====TEST CR(649, 87, 174)====
Is IST_0 spanning? : True
Is IST_1 spanning? : True
Is IST_2 spanning? : True
Is IST_3 spanning? : True
Is IST_4 spanning? : True
Is IST_5 spanning? : True
Are all ISTs independent? : True

====TEST CR(650, 87, 174)====
Is IST_0 spanning? : True
Is IST_1 spanning? : True
Is IST_2 spanning? : True
Is IST_3 spanning? : True
Is IST_4 spanning? : True
Is IST_5 spanning? : True
Are all ISTs independent? : True

====TEST CR(528, 88, 176)====
Is IST_0 spanning? : True
Is IST_1 spanning? : True
Is IST_2 spanning? : True
Is IST_3 spanning? : True
Is IST_4 spanning? : True
Is IST_5 spanning? : True
Are all ISTs independent? : True

====TEST CR(529, 88, 176)====
Is IST_0 spanning? : True
Is IST_1 spanning? : True
Is IST_2 spanning? : True
Is IST_3 spanning? : True
Is IST_4 spanning? : True
Is IST_5 spanning? : True
Are all ISTs independent? : True

====TEST CR(530, 88, 176)====
Is IST_0 spanning? : True
Is IST_1 spanning? : True
Is IST_2 spanning? : True
Is IST_3 spanning? : True
Is IST_4 spanning? : True
Is IST_5 spanning? : True
Are all ISTs independent? : True

====TEST CR(531, 88, 176)====
Is IST_0 spanning? : True
Is IST_1 spanning? : True
Is IST_2 spanning? : True
Is IST_3 spanning? : True
Is IST_4 spanning? : True
Is IST_5 spanning? : True
Are all ISTs independent? : True

====TEST CR(532, 88, 176)====
Is IST_0 spanning? : True
Is IST_1 spanning? : True
Is IST_2 spanning? : True
Is IST_3 spanning? : True
Is IST_4 spanning? : True
Is IST_5 spanning? : True
Are all ISTs independent? : True

====TEST CR(533, 88, 176)====
Is IST_0 spanning? : True
Is IST_1 spanning? : True
Is IST_2 spanning? : True
Is IST_3 spanning? : True
Is IST_4 spanning? : True
Is IST_5 spanning? : True
Are all ISTs independent? : True

====TEST CR(534, 88, 176)====
Is IST_0 spanning? : True
Is IST_1 spanning? : True
Is IST_2 spanning? : True
Is IST_3 spanning? : True
Is IST_4 spanning? : True
Is IST_5 spanning? : True
Are all ISTs independent? : True

====TEST CR(535, 88, 176)====
Is IST_0 spanning? : True
Is IST_1 spanning? : True
Is IST_2 spanning? : True
Is IST_3 spanning? : True
Is IST_4 spanning? : True
Is IST_5 spanning? : True
Are all ISTs independent? : True

====TEST CR(536, 88, 176)====
Is IST_0 spanning? : True
Is IST_1 spanning? : True
Is IST_2 spanning? : True
Is IST_3 spanning? : True
Is IST_4 spanning? : True
Is IST_5 spanning? : True
Are all ISTs independent? : True

====TEST CR(537, 88, 176)====
Is IST_0 spanning? : True
Is IST_1 spanning? : True
Is IST_2 spanning? : True
Is IST_3 spanning? : True
Is IST_4 spanning? : True
Is IST_5 spanning? : True
Are all ISTs independent? : True

====TEST CR(538, 88, 176)====
Is IST_0 spanning? : True
Is IST_1 spanning? : True
Is IST_2 spanning? : True
Is IST_3 spanning? : True
Is IST_4 spanning? : True
Is IST_5 spanning? : True
Are all ISTs independent? : True

====TEST CR(539, 88, 176)====
Is IST_0 spanning? : True
Is IST_1 spanning? : True
Is IST_2 spanning? : True
Is IST_3 spanning? : True
Is IST_4 spanning? : True
Is IST_5 spanning? : True
Are all ISTs independent? : True

====TEST CR(540, 88, 176)====
Is IST_0 spanning? : True
Is IST_1 spanning? : True
Is IST_2 spanning? : True
Is IST_3 spanning? : True
Is IST_4 spanning? : True
Is IST_5 spanning? : True
Are all ISTs independent? : True

====TEST CR(541, 88, 176)====
Is IST_0 spanning? : True
Is IST_1 spanning? : True
Is IST_2 spanning? : True
Is IST_3 spanning? : True
Is IST_4 spanning? : True
Is IST_5 spanning? : True
Are all ISTs independent? : True

====TEST CR(542, 88, 176)====
Is IST_0 spanning? : True
Is IST_1 spanning? : True
Is IST_2 spanning? : True
Is IST_3 spanning? : True
Is IST_4 spanning? : True
Is IST_5 spanning? : True
Are all ISTs independent? : True

====TEST CR(543, 88, 176)====
Is IST_0 spanning? : True
Is IST_1 spanning? : True
Is IST_2 spanning? : True
Is IST_3 spanning? : True
Is IST_4 spanning? : True
Is IST_5 spanning? : True
Are all ISTs independent? : True

====TEST CR(544, 88, 176)====
Is IST_0 spanning? : True
Is IST_1 spanning? : True
Is IST_2 spanning? : True
Is IST_3 spanning? : True
Is IST_4 spanning? : True
Is IST_5 spanning? : True
Are all ISTs independent? : True

====TEST CR(545, 88, 176)====
Is IST_0 spanning? : True
Is IST_1 spanning? : True
Is IST_2 spanning? : True
Is IST_3 spanning? : True
Is IST_4 spanning? : True
Is IST_5 spanning? : True
Are all ISTs independent? : True

====TEST CR(546, 88, 176)====
Is IST_0 spanning? : True
Is IST_1 spanning? : True
Is IST_2 spanning? : True
Is IST_3 spanning? : True
Is IST_4 spanning? : True
Is IST_5 spanning? : True
Are all ISTs independent? : True

====TEST CR(547, 88, 176)====
Is IST_0 spanning? : True
Is IST_1 spanning? : True
Is IST_2 spanning? : True
Is IST_3 spanning? : True
Is IST_4 spanning? : True
Is IST_5 spanning? : True
Are all ISTs independent? : True

====TEST CR(548, 88, 176)====
Is IST_0 spanning? : True
Is IST_1 spanning? : True
Is IST_2 spanning? : True
Is IST_3 spanning? : True
Is IST_4 spanning? : True
Is IST_5 spanning? : True
Are all ISTs independent? : True

====TEST CR(549, 88, 176)====
Is IST_0 spanning? : True
Is IST_1 spanning? : True
Is IST_2 spanning? : True
Is IST_3 spanning? : True
Is IST_4 spanning? : True
Is IST_5 spanning? : True
Are all ISTs independent? : True

====TEST CR(550, 88, 176)====
Is IST_0 spanning? : True
Is IST_1 spanning? : True
Is IST_2 spanning? : True
Is IST_3 spanning? : True
Is IST_4 spanning? : True
Is IST_5 spanning? : True
Are all ISTs independent? : True

====TEST CR(551, 88, 176)====
Is IST_0 spanning? : True
Is IST_1 spanning? : True
Is IST_2 spanning? : True
Is IST_3 spanning? : True
Is IST_4 spanning? : True
Is IST_5 spanning? : True
Are all ISTs independent? : True

====TEST CR(552, 88, 176)====
Is IST_0 spanning? : True
Is IST_1 spanning? : True
Is IST_2 spanning? : True
Is IST_3 spanning? : True
Is IST_4 spanning? : True
Is IST_5 spanning? : True
Are all ISTs independent? : True

====TEST CR(553, 88, 176)====
Is IST_0 spanning? : True
Is IST_1 spanning? : True
Is IST_2 spanning? : True
Is IST_3 spanning? : True
Is IST_4 spanning? : True
Is IST_5 spanning? : True
Are all ISTs independent? : True

====TEST CR(554, 88, 176)====
Is IST_0 spanning? : True
Is IST_1 spanning? : True
Is IST_2 spanning? : True
Is IST_3 spanning? : True
Is IST_4 spanning? : True
Is IST_5 spanning? : True
Are all ISTs independent? : True

====TEST CR(555, 88, 176)====
Is IST_0 spanning? : True
Is IST_1 spanning? : True
Is IST_2 spanning? : True
Is IST_3 spanning? : True
Is IST_4 spanning? : True
Is IST_5 spanning? : True
Are all ISTs independent? : True

====TEST CR(556, 88, 176)====
Is IST_0 spanning? : True
Is IST_1 spanning? : True
Is IST_2 spanning? : True
Is IST_3 spanning? : True
Is IST_4 spanning? : True
Is IST_5 spanning? : True
Are all ISTs independent? : True

====TEST CR(557, 88, 176)====
Is IST_0 spanning? : True
Is IST_1 spanning? : True
Is IST_2 spanning? : True
Is IST_3 spanning? : True
Is IST_4 spanning? : True
Is IST_5 spanning? : True
Are all ISTs independent? : True

====TEST CR(558, 88, 176)====
Is IST_0 spanning? : True
Is IST_1 spanning? : True
Is IST_2 spanning? : True
Is IST_3 spanning? : True
Is IST_4 spanning? : True
Is IST_5 spanning? : True
Are all ISTs independent? : True

====TEST CR(559, 88, 176)====
Is IST_0 spanning? : True
Is IST_1 spanning? : True
Is IST_2 spanning? : True
Is IST_3 spanning? : True
Is IST_4 spanning? : True
Is IST_5 spanning? : True
Are all ISTs independent? : True

====TEST CR(560, 88, 176)====
Is IST_0 spanning? : True
Is IST_1 spanning? : True
Is IST_2 spanning? : True
Is IST_3 spanning? : True
Is IST_4 spanning? : True
Is IST_5 spanning? : True
Are all ISTs independent? : True

====TEST CR(561, 88, 176)====
Is IST_0 spanning? : True
Is IST_1 spanning? : True
Is IST_2 spanning? : True
Is IST_3 spanning? : True
Is IST_4 spanning? : True
Is IST_5 spanning? : True
Are all ISTs independent? : True

====TEST CR(562, 88, 176)====
Is IST_0 spanning? : True
Is IST_1 spanning? : True
Is IST_2 spanning? : True
Is IST_3 spanning? : True
Is IST_4 spanning? : True
Is IST_5 spanning? : True
Are all ISTs independent? : True

====TEST CR(563, 88, 176)====
Is IST_0 spanning? : True
Is IST_1 spanning? : True
Is IST_2 spanning? : True
Is IST_3 spanning? : True
Is IST_4 spanning? : True
Is IST_5 spanning? : True
Are all ISTs independent? : True

====TEST CR(564, 88, 176)====
Is IST_0 spanning? : True
Is IST_1 spanning? : True
Is IST_2 spanning? : True
Is IST_3 spanning? : True
Is IST_4 spanning? : True
Is IST_5 spanning? : True
Are all ISTs independent? : True

====TEST CR(565, 88, 176)====
Is IST_0 spanning? : True
Is IST_1 spanning? : True
Is IST_2 spanning? : True
Is IST_3 spanning? : True
Is IST_4 spanning? : True
Is IST_5 spanning? : True
Are all ISTs independent? : True

====TEST CR(566, 88, 176)====
Is IST_0 spanning? : True
Is IST_1 spanning? : True
Is IST_2 spanning? : True
Is IST_3 spanning? : True
Is IST_4 spanning? : True
Is IST_5 spanning? : True
Are all ISTs independent? : True

====TEST CR(567, 88, 176)====
Is IST_0 spanning? : True
Is IST_1 spanning? : True
Is IST_2 spanning? : True
Is IST_3 spanning? : True
Is IST_4 spanning? : True
Is IST_5 spanning? : True
Are all ISTs independent? : True

====TEST CR(568, 88, 176)====
Is IST_0 spanning? : True
Is IST_1 spanning? : True
Is IST_2 spanning? : True
Is IST_3 spanning? : True
Is IST_4 spanning? : True
Is IST_5 spanning? : True
Are all ISTs independent? : True

====TEST CR(569, 88, 176)====
Is IST_0 spanning? : True
Is IST_1 spanning? : True
Is IST_2 spanning? : True
Is IST_3 spanning? : True
Is IST_4 spanning? : True
Is IST_5 spanning? : True
Are all ISTs independent? : True

====TEST CR(570, 88, 176)====
Is IST_0 spanning? : True
Is IST_1 spanning? : True
Is IST_2 spanning? : True
Is IST_3 spanning? : True
Is IST_4 spanning? : True
Is IST_5 spanning? : True
Are all ISTs independent? : True

====TEST CR(571, 88, 176)====
Is IST_0 spanning? : True
Is IST_1 spanning? : True
Is IST_2 spanning? : True
Is IST_3 spanning? : True
Is IST_4 spanning? : True
Is IST_5 spanning? : True
Are all ISTs independent? : True

====TEST CR(572, 88, 176)====
Is IST_0 spanning? : True
Is IST_1 spanning? : True
Is IST_2 spanning? : True
Is IST_3 spanning? : True
Is IST_4 spanning? : True
Is IST_5 spanning? : True
Are all ISTs independent? : True

====TEST CR(573, 88, 176)====
Is IST_0 spanning? : True
Is IST_1 spanning? : True
Is IST_2 spanning? : True
Is IST_3 spanning? : True
Is IST_4 spanning? : True
Is IST_5 spanning? : True
Are all ISTs independent? : True

====TEST CR(574, 88, 176)====
Is IST_0 spanning? : True
Is IST_1 spanning? : True
Is IST_2 spanning? : True
Is IST_3 spanning? : True
Is IST_4 spanning? : True
Is IST_5 spanning? : True
Are all ISTs independent? : True

====TEST CR(575, 88, 176)====
Is IST_0 spanning? : True
Is IST_1 spanning? : True
Is IST_2 spanning? : True
Is IST_3 spanning? : True
Is IST_4 spanning? : True
Is IST_5 spanning? : True
Are all ISTs independent? : True

====TEST CR(576, 88, 176)====
Is IST_0 spanning? : True
Is IST_1 spanning? : True
Is IST_2 spanning? : True
Is IST_3 spanning? : True
Is IST_4 spanning? : True
Is IST_5 spanning? : True
Are all ISTs independent? : True

====TEST CR(577, 88, 176)====
Is IST_0 spanning? : True
Is IST_1 spanning? : True
Is IST_2 spanning? : True
Is IST_3 spanning? : True
Is IST_4 spanning? : True
Is IST_5 spanning? : True
Are all ISTs independent? : True

====TEST CR(578, 88, 176)====
Is IST_0 spanning? : True
Is IST_1 spanning? : True
Is IST_2 spanning? : True
Is IST_3 spanning? : True
Is IST_4 spanning? : True
Is IST_5 spanning? : True
Are all ISTs independent? : True

====TEST CR(579, 88, 176)====
Is IST_0 spanning? : True
Is IST_1 spanning? : True
Is IST_2 spanning? : True
Is IST_3 spanning? : True
Is IST_4 spanning? : True
Is IST_5 spanning? : True
Are all ISTs independent? : True

====TEST CR(580, 88, 176)====
Is IST_0 spanning? : True
Is IST_1 spanning? : True
Is IST_2 spanning? : True
Is IST_3 spanning? : True
Is IST_4 spanning? : True
Is IST_5 spanning? : True
Are all ISTs independent? : True

====TEST CR(581, 88, 176)====
Is IST_0 spanning? : True
Is IST_1 spanning? : True
Is IST_2 spanning? : True
Is IST_3 spanning? : True
Is IST_4 spanning? : True
Is IST_5 spanning? : True
Are all ISTs independent? : True

====TEST CR(582, 88, 176)====
Is IST_0 spanning? : True
Is IST_1 spanning? : True
Is IST_2 spanning? : True
Is IST_3 spanning? : True
Is IST_4 spanning? : True
Is IST_5 spanning? : True
Are all ISTs independent? : True

====TEST CR(583, 88, 176)====
Is IST_0 spanning? : True
Is IST_1 spanning? : True
Is IST_2 spanning? : True
Is IST_3 spanning? : True
Is IST_4 spanning? : True
Is IST_5 spanning? : True
Are all ISTs independent? : True

====TEST CR(584, 88, 176)====
Is IST_0 spanning? : True
Is IST_1 spanning? : True
Is IST_2 spanning? : True
Is IST_3 spanning? : True
Is IST_4 spanning? : True
Is IST_5 spanning? : True
Are all ISTs independent? : True

====TEST CR(585, 88, 176)====
Is IST_0 spanning? : True
Is IST_1 spanning? : True
Is IST_2 spanning? : True
Is IST_3 spanning? : True
Is IST_4 spanning? : True
Is IST_5 spanning? : True
Are all ISTs independent? : True

====TEST CR(586, 88, 176)====
Is IST_0 spanning? : True
Is IST_1 spanning? : True
Is IST_2 spanning? : True
Is IST_3 spanning? : True
Is IST_4 spanning? : True
Is IST_5 spanning? : True
Are all ISTs independent? : True

====TEST CR(587, 88, 176)====
Is IST_0 spanning? : True
Is IST_1 spanning? : True
Is IST_2 spanning? : True
Is IST_3 spanning? : True
Is IST_4 spanning? : True
Is IST_5 spanning? : True
Are all ISTs independent? : True

====TEST CR(588, 88, 176)====
Is IST_0 spanning? : True
Is IST_1 spanning? : True
Is IST_2 spanning? : True
Is IST_3 spanning? : True
Is IST_4 spanning? : True
Is IST_5 spanning? : True
Are all ISTs independent? : True

====TEST CR(589, 88, 176)====
Is IST_0 spanning? : True
Is IST_1 spanning? : True
Is IST_2 spanning? : True
Is IST_3 spanning? : True
Is IST_4 spanning? : True
Is IST_5 spanning? : True
Are all ISTs independent? : True

====TEST CR(590, 88, 176)====
Is IST_0 spanning? : True
Is IST_1 spanning? : True
Is IST_2 spanning? : True
Is IST_3 spanning? : True
Is IST_4 spanning? : True
Is IST_5 spanning? : True
Are all ISTs independent? : True

====TEST CR(591, 88, 176)====
Is IST_0 spanning? : True
Is IST_1 spanning? : True
Is IST_2 spanning? : True
Is IST_3 spanning? : True
Is IST_4 spanning? : True
Is IST_5 spanning? : True
Are all ISTs independent? : True

====TEST CR(592, 88, 176)====
Is IST_0 spanning? : True
Is IST_1 spanning? : True
Is IST_2 spanning? : True
Is IST_3 spanning? : True
Is IST_4 spanning? : True
Is IST_5 spanning? : True
Are all ISTs independent? : True

====TEST CR(593, 88, 176)====
Is IST_0 spanning? : True
Is IST_1 spanning? : True
Is IST_2 spanning? : True
Is IST_3 spanning? : True
Is IST_4 spanning? : True
Is IST_5 spanning? : True
Are all ISTs independent? : True

====TEST CR(594, 88, 176)====
Is IST_0 spanning? : True
Is IST_1 spanning? : True
Is IST_2 spanning? : True
Is IST_3 spanning? : True
Is IST_4 spanning? : True
Is IST_5 spanning? : True
Are all ISTs independent? : True

====TEST CR(595, 88, 176)====
Is IST_0 spanning? : True
Is IST_1 spanning? : True
Is IST_2 spanning? : True
Is IST_3 spanning? : True
Is IST_4 spanning? : True
Is IST_5 spanning? : True
Are all ISTs independent? : True

====TEST CR(596, 88, 176)====
Is IST_0 spanning? : True
Is IST_1 spanning? : True
Is IST_2 spanning? : True
Is IST_3 spanning? : True
Is IST_4 spanning? : True
Is IST_5 spanning? : True
Are all ISTs independent? : True

====TEST CR(597, 88, 176)====
Is IST_0 spanning? : True
Is IST_1 spanning? : True
Is IST_2 spanning? : True
Is IST_3 spanning? : True
Is IST_4 spanning? : True
Is IST_5 spanning? : True
Are all ISTs independent? : True

====TEST CR(598, 88, 176)====
Is IST_0 spanning? : True
Is IST_1 spanning? : True
Is IST_2 spanning? : True
Is IST_3 spanning? : True
Is IST_4 spanning? : True
Is IST_5 spanning? : True
Are all ISTs independent? : True

====TEST CR(599, 88, 176)====
Is IST_0 spanning? : True
Is IST_1 spanning? : True
Is IST_2 spanning? : True
Is IST_3 spanning? : True
Is IST_4 spanning? : True
Is IST_5 spanning? : True
Are all ISTs independent? : True

====TEST CR(600, 88, 176)====
Is IST_0 spanning? : True
Is IST_1 spanning? : True
Is IST_2 spanning? : True
Is IST_3 spanning? : True
Is IST_4 spanning? : True
Is IST_5 spanning? : True
Are all ISTs independent? : True

====TEST CR(601, 88, 176)====
Is IST_0 spanning? : True
Is IST_1 spanning? : True
Is IST_2 spanning? : True
Is IST_3 spanning? : True
Is IST_4 spanning? : True
Is IST_5 spanning? : True
Are all ISTs independent? : True

====TEST CR(602, 88, 176)====
Is IST_0 spanning? : True
Is IST_1 spanning? : True
Is IST_2 spanning? : True
Is IST_3 spanning? : True
Is IST_4 spanning? : True
Is IST_5 spanning? : True
Are all ISTs independent? : True

====TEST CR(603, 88, 176)====
Is IST_0 spanning? : True
Is IST_1 spanning? : True
Is IST_2 spanning? : True
Is IST_3 spanning? : True
Is IST_4 spanning? : True
Is IST_5 spanning? : True
Are all ISTs independent? : True

====TEST CR(604, 88, 176)====
Is IST_0 spanning? : True
Is IST_1 spanning? : True
Is IST_2 spanning? : True
Is IST_3 spanning? : True
Is IST_4 spanning? : True
Is IST_5 spanning? : True
Are all ISTs independent? : True

====TEST CR(605, 88, 176)====
Is IST_0 spanning? : True
Is IST_1 spanning? : True
Is IST_2 spanning? : True
Is IST_3 spanning? : True
Is IST_4 spanning? : True
Is IST_5 spanning? : True
Are all ISTs independent? : True

====TEST CR(606, 88, 176)====
Is IST_0 spanning? : True
Is IST_1 spanning? : True
Is IST_2 spanning? : True
Is IST_3 spanning? : True
Is IST_4 spanning? : True
Is IST_5 spanning? : True
Are all ISTs independent? : True

====TEST CR(607, 88, 176)====
Is IST_0 spanning? : True
Is IST_1 spanning? : True
Is IST_2 spanning? : True
Is IST_3 spanning? : True
Is IST_4 spanning? : True
Is IST_5 spanning? : True
Are all ISTs independent? : True

====TEST CR(608, 88, 176)====
Is IST_0 spanning? : True
Is IST_1 spanning? : True
Is IST_2 spanning? : True
Is IST_3 spanning? : True
Is IST_4 spanning? : True
Is IST_5 spanning? : True
Are all ISTs independent? : True

====TEST CR(609, 88, 176)====
Is IST_0 spanning? : True
Is IST_1 spanning? : True
Is IST_2 spanning? : True
Is IST_3 spanning? : True
Is IST_4 spanning? : True
Is IST_5 spanning? : True
Are all ISTs independent? : True

====TEST CR(610, 88, 176)====
Is IST_0 spanning? : True
Is IST_1 spanning? : True
Is IST_2 spanning? : True
Is IST_3 spanning? : True
Is IST_4 spanning? : True
Is IST_5 spanning? : True
Are all ISTs independent? : True

====TEST CR(611, 88, 176)====
Is IST_0 spanning? : True
Is IST_1 spanning? : True
Is IST_2 spanning? : True
Is IST_3 spanning? : True
Is IST_4 spanning? : True
Is IST_5 spanning? : True
Are all ISTs independent? : True

====TEST CR(612, 88, 176)====
Is IST_0 spanning? : True
Is IST_1 spanning? : True
Is IST_2 spanning? : True
Is IST_3 spanning? : True
Is IST_4 spanning? : True
Is IST_5 spanning? : True
Are all ISTs independent? : True

====TEST CR(613, 88, 176)====
Is IST_0 spanning? : True
Is IST_1 spanning? : True
Is IST_2 spanning? : True
Is IST_3 spanning? : True
Is IST_4 spanning? : True
Is IST_5 spanning? : True
Are all ISTs independent? : True

====TEST CR(614, 88, 176)====
Is IST_0 spanning? : True
Is IST_1 spanning? : True
Is IST_2 spanning? : True
Is IST_3 spanning? : True
Is IST_4 spanning? : True
Is IST_5 spanning? : True
Are all ISTs independent? : True

====TEST CR(615, 88, 176)====
Is IST_0 spanning? : True
Is IST_1 spanning? : True
Is IST_2 spanning? : True
Is IST_3 spanning? : True
Is IST_4 spanning? : True
Is IST_5 spanning? : True
Are all ISTs independent? : True

====TEST CR(616, 88, 176)====
Is IST_0 spanning? : True
Is IST_1 spanning? : True
Is IST_2 spanning? : True
Is IST_3 spanning? : True
Is IST_4 spanning? : True
Is IST_5 spanning? : True
Are all ISTs independent? : True

====TEST CR(617, 88, 176)====
Is IST_0 spanning? : True
Is IST_1 spanning? : True
Is IST_2 spanning? : True
Is IST_3 spanning? : True
Is IST_4 spanning? : True
Is IST_5 spanning? : True
Are all ISTs independent? : True

====TEST CR(618, 88, 176)====
Is IST_0 spanning? : True
Is IST_1 spanning? : True
Is IST_2 spanning? : True
Is IST_3 spanning? : True
Is IST_4 spanning? : True
Is IST_5 spanning? : True
Are all ISTs independent? : True

====TEST CR(619, 88, 176)====
Is IST_0 spanning? : True
Is IST_1 spanning? : True
Is IST_2 spanning? : True
Is IST_3 spanning? : True
Is IST_4 spanning? : True
Is IST_5 spanning? : True
Are all ISTs independent? : True

====TEST CR(620, 88, 176)====
Is IST_0 spanning? : True
Is IST_1 spanning? : True
Is IST_2 spanning? : True
Is IST_3 spanning? : True
Is IST_4 spanning? : True
Is IST_5 spanning? : True
Are all ISTs independent? : True

====TEST CR(621, 88, 176)====
Is IST_0 spanning? : True
Is IST_1 spanning? : True
Is IST_2 spanning? : True
Is IST_3 spanning? : True
Is IST_4 spanning? : True
Is IST_5 spanning? : True
Are all ISTs independent? : True

====TEST CR(622, 88, 176)====
Is IST_0 spanning? : True
Is IST_1 spanning? : True
Is IST_2 spanning? : True
Is IST_3 spanning? : True
Is IST_4 spanning? : True
Is IST_5 spanning? : True
Are all ISTs independent? : True

====TEST CR(623, 88, 176)====
Is IST_0 spanning? : True
Is IST_1 spanning? : True
Is IST_2 spanning? : True
Is IST_3 spanning? : True
Is IST_4 spanning? : True
Is IST_5 spanning? : True
Are all ISTs independent? : True

====TEST CR(624, 88, 176)====
Is IST_0 spanning? : True
Is IST_1 spanning? : True
Is IST_2 spanning? : True
Is IST_3 spanning? : True
Is IST_4 spanning? : True
Is IST_5 spanning? : True
Are all ISTs independent? : True

====TEST CR(625, 88, 176)====
Is IST_0 spanning? : True
Is IST_1 spanning? : True
Is IST_2 spanning? : True
Is IST_3 spanning? : True
Is IST_4 spanning? : True
Is IST_5 spanning? : True
Are all ISTs independent? : True

====TEST CR(626, 88, 176)====
Is IST_0 spanning? : True
Is IST_1 spanning? : True
Is IST_2 spanning? : True
Is IST_3 spanning? : True
Is IST_4 spanning? : True
Is IST_5 spanning? : True
Are all ISTs independent? : True

====TEST CR(627, 88, 176)====
Is IST_0 spanning? : True
Is IST_1 spanning? : True
Is IST_2 spanning? : True
Is IST_3 spanning? : True
Is IST_4 spanning? : True
Is IST_5 spanning? : True
Are all ISTs independent? : True

====TEST CR(628, 88, 176)====
Is IST_0 spanning? : True
Is IST_1 spanning? : True
Is IST_2 spanning? : True
Is IST_3 spanning? : True
Is IST_4 spanning? : True
Is IST_5 spanning? : True
Are all ISTs independent? : True

====TEST CR(629, 88, 176)====
Is IST_0 spanning? : True
Is IST_1 spanning? : True
Is IST_2 spanning? : True
Is IST_3 spanning? : True
Is IST_4 spanning? : True
Is IST_5 spanning? : True
Are all ISTs independent? : True

====TEST CR(630, 88, 176)====
Is IST_0 spanning? : True
Is IST_1 spanning? : True
Is IST_2 spanning? : True
Is IST_3 spanning? : True
Is IST_4 spanning? : True
Is IST_5 spanning? : True
Are all ISTs independent? : True

====TEST CR(631, 88, 176)====
Is IST_0 spanning? : True
Is IST_1 spanning? : True
Is IST_2 spanning? : True
Is IST_3 spanning? : True
Is IST_4 spanning? : True
Is IST_5 spanning? : True
Are all ISTs independent? : True

====TEST CR(632, 88, 176)====
Is IST_0 spanning? : True
Is IST_1 spanning? : True
Is IST_2 spanning? : True
Is IST_3 spanning? : True
Is IST_4 spanning? : True
Is IST_5 spanning? : True
Are all ISTs independent? : True

====TEST CR(633, 88, 176)====
Is IST_0 spanning? : True
Is IST_1 spanning? : True
Is IST_2 spanning? : True
Is IST_3 spanning? : True
Is IST_4 spanning? : True
Is IST_5 spanning? : True
Are all ISTs independent? : True

====TEST CR(634, 88, 176)====
Is IST_0 spanning? : True
Is IST_1 spanning? : True
Is IST_2 spanning? : True
Is IST_3 spanning? : True
Is IST_4 spanning? : True
Is IST_5 spanning? : True
Are all ISTs independent? : True

====TEST CR(635, 88, 176)====
Is IST_0 spanning? : True
Is IST_1 spanning? : True
Is IST_2 spanning? : True
Is IST_3 spanning? : True
Is IST_4 spanning? : True
Is IST_5 spanning? : True
Are all ISTs independent? : True

====TEST CR(636, 88, 176)====
Is IST_0 spanning? : True
Is IST_1 spanning? : True
Is IST_2 spanning? : True
Is IST_3 spanning? : True
Is IST_4 spanning? : True
Is IST_5 spanning? : True
Are all ISTs independent? : True

====TEST CR(637, 88, 176)====
Is IST_0 spanning? : True
Is IST_1 spanning? : True
Is IST_2 spanning? : True
Is IST_3 spanning? : True
Is IST_4 spanning? : True
Is IST_5 spanning? : True
Are all ISTs independent? : True

====TEST CR(638, 88, 176)====
Is IST_0 spanning? : True
Is IST_1 spanning? : True
Is IST_2 spanning? : True
Is IST_3 spanning? : True
Is IST_4 spanning? : True
Is IST_5 spanning? : True
Are all ISTs independent? : True

====TEST CR(639, 88, 176)====
Is IST_0 spanning? : True
Is IST_1 spanning? : True
Is IST_2 spanning? : True
Is IST_3 spanning? : True
Is IST_4 spanning? : True
Is IST_5 spanning? : True
Are all ISTs independent? : True

====TEST CR(640, 88, 176)====
Is IST_0 spanning? : True
Is IST_1 spanning? : True
Is IST_2 spanning? : True
Is IST_3 spanning? : True
Is IST_4 spanning? : True
Is IST_5 spanning? : True
Are all ISTs independent? : True

====TEST CR(641, 88, 176)====
Is IST_0 spanning? : True
Is IST_1 spanning? : True
Is IST_2 spanning? : True
Is IST_3 spanning? : True
Is IST_4 spanning? : True
Is IST_5 spanning? : True
Are all ISTs independent? : True

====TEST CR(642, 88, 176)====
Is IST_0 spanning? : True
Is IST_1 spanning? : True
Is IST_2 spanning? : True
Is IST_3 spanning? : True
Is IST_4 spanning? : True
Is IST_5 spanning? : True
Are all ISTs independent? : True

====TEST CR(643, 88, 176)====
Is IST_0 spanning? : True
Is IST_1 spanning? : True
Is IST_2 spanning? : True
Is IST_3 spanning? : True
Is IST_4 spanning? : True
Is IST_5 spanning? : True
Are all ISTs independent? : True

====TEST CR(644, 88, 176)====
Is IST_0 spanning? : True
Is IST_1 spanning? : True
Is IST_2 spanning? : True
Is IST_3 spanning? : True
Is IST_4 spanning? : True
Is IST_5 spanning? : True
Are all ISTs independent? : True

====TEST CR(645, 88, 176)====
Is IST_0 spanning? : True
Is IST_1 spanning? : True
Is IST_2 spanning? : True
Is IST_3 spanning? : True
Is IST_4 spanning? : True
Is IST_5 spanning? : True
Are all ISTs independent? : True

====TEST CR(646, 88, 176)====
Is IST_0 spanning? : True
Is IST_1 spanning? : True
Is IST_2 spanning? : True
Is IST_3 spanning? : True
Is IST_4 spanning? : True
Is IST_5 spanning? : True
Are all ISTs independent? : True

====TEST CR(647, 88, 176)====
Is IST_0 spanning? : True
Is IST_1 spanning? : True
Is IST_2 spanning? : True
Is IST_3 spanning? : True
Is IST_4 spanning? : True
Is IST_5 spanning? : True
Are all ISTs independent? : True

====TEST CR(648, 88, 176)====
Is IST_0 spanning? : True
Is IST_1 spanning? : True
Is IST_2 spanning? : True
Is IST_3 spanning? : True
Is IST_4 spanning? : True
Is IST_5 spanning? : True
Are all ISTs independent? : True

====TEST CR(649, 88, 176)====
Is IST_0 spanning? : True
Is IST_1 spanning? : True
Is IST_2 spanning? : True
Is IST_3 spanning? : True
Is IST_4 spanning? : True
Is IST_5 spanning? : True
Are all ISTs independent? : True

====TEST CR(650, 88, 176)====
Is IST_0 spanning? : True
Is IST_1 spanning? : True
Is IST_2 spanning? : True
Is IST_3 spanning? : True
Is IST_4 spanning? : True
Is IST_5 spanning? : True
Are all ISTs independent? : True

====TEST CR(651, 88, 176)====
Is IST_0 spanning? : True
Is IST_1 spanning? : True
Is IST_2 spanning? : True
Is IST_3 spanning? : True
Is IST_4 spanning? : True
Is IST_5 spanning? : True
Are all ISTs independent? : True

====TEST CR(652, 88, 176)====
Is IST_0 spanning? : True
Is IST_1 spanning? : True
Is IST_2 spanning? : True
Is IST_3 spanning? : True
Is IST_4 spanning? : True
Is IST_5 spanning? : True
Are all ISTs independent? : True

====TEST CR(653, 88, 176)====
Is IST_0 spanning? : True
Is IST_1 spanning? : True
Is IST_2 spanning? : True
Is IST_3 spanning? : True
Is IST_4 spanning? : True
Is IST_5 spanning? : True
Are all ISTs independent? : True

====TEST CR(654, 88, 176)====
Is IST_0 spanning? : True
Is IST_1 spanning? : True
Is IST_2 spanning? : True
Is IST_3 spanning? : True
Is IST_4 spanning? : True
Is IST_5 spanning? : True
Are all ISTs independent? : True

====TEST CR(655, 88, 176)====
Is IST_0 spanning? : True
Is IST_1 spanning? : True
Is IST_2 spanning? : True
Is IST_3 spanning? : True
Is IST_4 spanning? : True
Is IST_5 spanning? : True
Are all ISTs independent? : True

====TEST CR(656, 88, 176)====
Is IST_0 spanning? : True
Is IST_1 spanning? : True
Is IST_2 spanning? : True
Is IST_3 spanning? : True
Is IST_4 spanning? : True
Is IST_5 spanning? : True
Are all ISTs independent? : True

====TEST CR(534, 89, 178)====
Is IST_0 spanning? : True
Is IST_1 spanning? : True
Is IST_2 spanning? : True
Is IST_3 spanning? : True
Is IST_4 spanning? : True
Is IST_5 spanning? : True
Are all ISTs independent? : True

====TEST CR(535, 89, 178)====
Is IST_0 spanning? : True
Is IST_1 spanning? : True
Is IST_2 spanning? : True
Is IST_3 spanning? : True
Is IST_4 spanning? : True
Is IST_5 spanning? : True
Are all ISTs independent? : True

====TEST CR(536, 89, 178)====
Is IST_0 spanning? : True
Is IST_1 spanning? : True
Is IST_2 spanning? : True
Is IST_3 spanning? : True
Is IST_4 spanning? : True
Is IST_5 spanning? : True
Are all ISTs independent? : True

====TEST CR(537, 89, 178)====
Is IST_0 spanning? : True
Is IST_1 spanning? : True
Is IST_2 spanning? : True
Is IST_3 spanning? : True
Is IST_4 spanning? : True
Is IST_5 spanning? : True
Are all ISTs independent? : True

====TEST CR(538, 89, 178)====
Is IST_0 spanning? : True
Is IST_1 spanning? : True
Is IST_2 spanning? : True
Is IST_3 spanning? : True
Is IST_4 spanning? : True
Is IST_5 spanning? : True
Are all ISTs independent? : True

====TEST CR(539, 89, 178)====
Is IST_0 spanning? : True
Is IST_1 spanning? : True
Is IST_2 spanning? : True
Is IST_3 spanning? : True
Is IST_4 spanning? : True
Is IST_5 spanning? : True
Are all ISTs independent? : True

====TEST CR(540, 89, 178)====
Is IST_0 spanning? : True
Is IST_1 spanning? : True
Is IST_2 spanning? : True
Is IST_3 spanning? : True
Is IST_4 spanning? : True
Is IST_5 spanning? : True
Are all ISTs independent? : True

====TEST CR(541, 89, 178)====
Is IST_0 spanning? : True
Is IST_1 spanning? : True
Is IST_2 spanning? : True
Is IST_3 spanning? : True
Is IST_4 spanning? : True
Is IST_5 spanning? : True
Are all ISTs independent? : True

====TEST CR(542, 89, 178)====
Is IST_0 spanning? : True
Is IST_1 spanning? : True
Is IST_2 spanning? : True
Is IST_3 spanning? : True
Is IST_4 spanning? : True
Is IST_5 spanning? : True
Are all ISTs independent? : True

====TEST CR(543, 89, 178)====
Is IST_0 spanning? : True
Is IST_1 spanning? : True
Is IST_2 spanning? : True
Is IST_3 spanning? : True
Is IST_4 spanning? : True
Is IST_5 spanning? : True
Are all ISTs independent? : True

====TEST CR(544, 89, 178)====
Is IST_0 spanning? : True
Is IST_1 spanning? : True
Is IST_2 spanning? : True
Is IST_3 spanning? : True
Is IST_4 spanning? : True
Is IST_5 spanning? : True
Are all ISTs independent? : True

====TEST CR(545, 89, 178)====
Is IST_0 spanning? : True
Is IST_1 spanning? : True
Is IST_2 spanning? : True
Is IST_3 spanning? : True
Is IST_4 spanning? : True
Is IST_5 spanning? : True
Are all ISTs independent? : True

====TEST CR(546, 89, 178)====
Is IST_0 spanning? : True
Is IST_1 spanning? : True
Is IST_2 spanning? : True
Is IST_3 spanning? : True
Is IST_4 spanning? : True
Is IST_5 spanning? : True
Are all ISTs independent? : True

====TEST CR(547, 89, 178)====
Is IST_0 spanning? : True
Is IST_1 spanning? : True
Is IST_2 spanning? : True
Is IST_3 spanning? : True
Is IST_4 spanning? : True
Is IST_5 spanning? : True
Are all ISTs independent? : True

====TEST CR(548, 89, 178)====
Is IST_0 spanning? : True
Is IST_1 spanning? : True
Is IST_2 spanning? : True
Is IST_3 spanning? : True
Is IST_4 spanning? : True
Is IST_5 spanning? : True
Are all ISTs independent? : True

====TEST CR(549, 89, 178)====
Is IST_0 spanning? : True
Is IST_1 spanning? : True
Is IST_2 spanning? : True
Is IST_3 spanning? : True
Is IST_4 spanning? : True
Is IST_5 spanning? : True
Are all ISTs independent? : True

====TEST CR(550, 89, 178)====
Is IST_0 spanning? : True
Is IST_1 spanning? : True
Is IST_2 spanning? : True
Is IST_3 spanning? : True
Is IST_4 spanning? : True
Is IST_5 spanning? : True
Are all ISTs independent? : True

====TEST CR(551, 89, 178)====
Is IST_0 spanning? : True
Is IST_1 spanning? : True
Is IST_2 spanning? : True
Is IST_3 spanning? : True
Is IST_4 spanning? : True
Is IST_5 spanning? : True
Are all ISTs independent? : True

====TEST CR(552, 89, 178)====
Is IST_0 spanning? : True
Is IST_1 spanning? : True
Is IST_2 spanning? : True
Is IST_3 spanning? : True
Is IST_4 spanning? : True
Is IST_5 spanning? : True
Are all ISTs independent? : True

====TEST CR(553, 89, 178)====
Is IST_0 spanning? : True
Is IST_1 spanning? : True
Is IST_2 spanning? : True
Is IST_3 spanning? : True
Is IST_4 spanning? : True
Is IST_5 spanning? : True
Are all ISTs independent? : True

====TEST CR(554, 89, 178)====
Is IST_0 spanning? : True
Is IST_1 spanning? : True
Is IST_2 spanning? : True
Is IST_3 spanning? : True
Is IST_4 spanning? : True
Is IST_5 spanning? : True
Are all ISTs independent? : True

====TEST CR(555, 89, 178)====
Is IST_0 spanning? : True
Is IST_1 spanning? : True
Is IST_2 spanning? : True
Is IST_3 spanning? : True
Is IST_4 spanning? : True
Is IST_5 spanning? : True
Are all ISTs independent? : True

====TEST CR(556, 89, 178)====
Is IST_0 spanning? : True
Is IST_1 spanning? : True
Is IST_2 spanning? : True
Is IST_3 spanning? : True
Is IST_4 spanning? : True
Is IST_5 spanning? : True
Are all ISTs independent? : True

====TEST CR(557, 89, 178)====
Is IST_0 spanning? : True
Is IST_1 spanning? : True
Is IST_2 spanning? : True
Is IST_3 spanning? : True
Is IST_4 spanning? : True
Is IST_5 spanning? : True
Are all ISTs independent? : True

====TEST CR(558, 89, 178)====
Is IST_0 spanning? : True
Is IST_1 spanning? : True
Is IST_2 spanning? : True
Is IST_3 spanning? : True
Is IST_4 spanning? : True
Is IST_5 spanning? : True
Are all ISTs independent? : True

====TEST CR(559, 89, 178)====
Is IST_0 spanning? : True
Is IST_1 spanning? : True
Is IST_2 spanning? : True
Is IST_3 spanning? : True
Is IST_4 spanning? : True
Is IST_5 spanning? : True
Are all ISTs independent? : True

====TEST CR(560, 89, 178)====
Is IST_0 spanning? : True
Is IST_1 spanning? : True
Is IST_2 spanning? : True
Is IST_3 spanning? : True
Is IST_4 spanning? : True
Is IST_5 spanning? : True
Are all ISTs independent? : True

====TEST CR(561, 89, 178)====
Is IST_0 spanning? : True
Is IST_1 spanning? : True
Is IST_2 spanning? : True
Is IST_3 spanning? : True
Is IST_4 spanning? : True
Is IST_5 spanning? : True
Are all ISTs independent? : True

====TEST CR(562, 89, 178)====
Is IST_0 spanning? : True
Is IST_1 spanning? : True
Is IST_2 spanning? : True
Is IST_3 spanning? : True
Is IST_4 spanning? : True
Is IST_5 spanning? : True
Are all ISTs independent? : True

====TEST CR(563, 89, 178)====
Is IST_0 spanning? : True
Is IST_1 spanning? : True
Is IST_2 spanning? : True
Is IST_3 spanning? : True
Is IST_4 spanning? : True
Is IST_5 spanning? : True
Are all ISTs independent? : True

====TEST CR(564, 89, 178)====
Is IST_0 spanning? : True
Is IST_1 spanning? : True
Is IST_2 spanning? : True
Is IST_3 spanning? : True
Is IST_4 spanning? : True
Is IST_5 spanning? : True
Are all ISTs independent? : True

====TEST CR(565, 89, 178)====
Is IST_0 spanning? : True
Is IST_1 spanning? : True
Is IST_2 spanning? : True
Is IST_3 spanning? : True
Is IST_4 spanning? : True
Is IST_5 spanning? : True
Are all ISTs independent? : True

====TEST CR(566, 89, 178)====
Is IST_0 spanning? : True
Is IST_1 spanning? : True
Is IST_2 spanning? : True
Is IST_3 spanning? : True
Is IST_4 spanning? : True
Is IST_5 spanning? : True
Are all ISTs independent? : True

====TEST CR(567, 89, 178)====
Is IST_0 spanning? : True
Is IST_1 spanning? : True
Is IST_2 spanning? : True
Is IST_3 spanning? : True
Is IST_4 spanning? : True
Is IST_5 spanning? : True
Are all ISTs independent? : True

====TEST CR(568, 89, 178)====
Is IST_0 spanning? : True
Is IST_1 spanning? : True
Is IST_2 spanning? : True
Is IST_3 spanning? : True
Is IST_4 spanning? : True
Is IST_5 spanning? : True
Are all ISTs independent? : True

====TEST CR(569, 89, 178)====
Is IST_0 spanning? : True
Is IST_1 spanning? : True
Is IST_2 spanning? : True
Is IST_3 spanning? : True
Is IST_4 spanning? : True
Is IST_5 spanning? : True
Are all ISTs independent? : True

====TEST CR(570, 89, 178)====
Is IST_0 spanning? : True
Is IST_1 spanning? : True
Is IST_2 spanning? : True
Is IST_3 spanning? : True
Is IST_4 spanning? : True
Is IST_5 spanning? : True
Are all ISTs independent? : True

====TEST CR(571, 89, 178)====
Is IST_0 spanning? : True
Is IST_1 spanning? : True
Is IST_2 spanning? : True
Is IST_3 spanning? : True
Is IST_4 spanning? : True
Is IST_5 spanning? : True
Are all ISTs independent? : True

====TEST CR(572, 89, 178)====
Is IST_0 spanning? : True
Is IST_1 spanning? : True
Is IST_2 spanning? : True
Is IST_3 spanning? : True
Is IST_4 spanning? : True
Is IST_5 spanning? : True
Are all ISTs independent? : True

====TEST CR(573, 89, 178)====
Is IST_0 spanning? : True
Is IST_1 spanning? : True
Is IST_2 spanning? : True
Is IST_3 spanning? : True
Is IST_4 spanning? : True
Is IST_5 spanning? : True
Are all ISTs independent? : True

====TEST CR(574, 89, 178)====
Is IST_0 spanning? : True
Is IST_1 spanning? : True
Is IST_2 spanning? : True
Is IST_3 spanning? : True
Is IST_4 spanning? : True
Is IST_5 spanning? : True
Are all ISTs independent? : True

====TEST CR(575, 89, 178)====
Is IST_0 spanning? : True
Is IST_1 spanning? : True
Is IST_2 spanning? : True
Is IST_3 spanning? : True
Is IST_4 spanning? : True
Is IST_5 spanning? : True
Are all ISTs independent? : True

====TEST CR(576, 89, 178)====
Is IST_0 spanning? : True
Is IST_1 spanning? : True
Is IST_2 spanning? : True
Is IST_3 spanning? : True
Is IST_4 spanning? : True
Is IST_5 spanning? : True
Are all ISTs independent? : True

====TEST CR(577, 89, 178)====
Is IST_0 spanning? : True
Is IST_1 spanning? : True
Is IST_2 spanning? : True
Is IST_3 spanning? : True
Is IST_4 spanning? : True
Is IST_5 spanning? : True
Are all ISTs independent? : True

====TEST CR(578, 89, 178)====
Is IST_0 spanning? : True
Is IST_1 spanning? : True
Is IST_2 spanning? : True
Is IST_3 spanning? : True
Is IST_4 spanning? : True
Is IST_5 spanning? : True
Are all ISTs independent? : True

====TEST CR(579, 89, 178)====
Is IST_0 spanning? : True
Is IST_1 spanning? : True
Is IST_2 spanning? : True
Is IST_3 spanning? : True
Is IST_4 spanning? : True
Is IST_5 spanning? : True
Are all ISTs independent? : True

====TEST CR(580, 89, 178)====
Is IST_0 spanning? : True
Is IST_1 spanning? : True
Is IST_2 spanning? : True
Is IST_3 spanning? : True
Is IST_4 spanning? : True
Is IST_5 spanning? : True
Are all ISTs independent? : True

====TEST CR(581, 89, 178)====
Is IST_0 spanning? : True
Is IST_1 spanning? : True
Is IST_2 spanning? : True
Is IST_3 spanning? : True
Is IST_4 spanning? : True
Is IST_5 spanning? : True
Are all ISTs independent? : True

====TEST CR(582, 89, 178)====
Is IST_0 spanning? : True
Is IST_1 spanning? : True
Is IST_2 spanning? : True
Is IST_3 spanning? : True
Is IST_4 spanning? : True
Is IST_5 spanning? : True
Are all ISTs independent? : True

====TEST CR(583, 89, 178)====
Is IST_0 spanning? : True
Is IST_1 spanning? : True
Is IST_2 spanning? : True
Is IST_3 spanning? : True
Is IST_4 spanning? : True
Is IST_5 spanning? : True
Are all ISTs independent? : True

====TEST CR(584, 89, 178)====
Is IST_0 spanning? : True
Is IST_1 spanning? : True
Is IST_2 spanning? : True
Is IST_3 spanning? : True
Is IST_4 spanning? : True
Is IST_5 spanning? : True
Are all ISTs independent? : True

====TEST CR(585, 89, 178)====
Is IST_0 spanning? : True
Is IST_1 spanning? : True
Is IST_2 spanning? : True
Is IST_3 spanning? : True
Is IST_4 spanning? : True
Is IST_5 spanning? : True
Are all ISTs independent? : True

====TEST CR(586, 89, 178)====
Is IST_0 spanning? : True
Is IST_1 spanning? : True
Is IST_2 spanning? : True
Is IST_3 spanning? : True
Is IST_4 spanning? : True
Is IST_5 spanning? : True
Are all ISTs independent? : True

====TEST CR(587, 89, 178)====
Is IST_0 spanning? : True
Is IST_1 spanning? : True
Is IST_2 spanning? : True
Is IST_3 spanning? : True
Is IST_4 spanning? : True
Is IST_5 spanning? : True
Are all ISTs independent? : True

====TEST CR(588, 89, 178)====
Is IST_0 spanning? : True
Is IST_1 spanning? : True
Is IST_2 spanning? : True
Is IST_3 spanning? : True
Is IST_4 spanning? : True
Is IST_5 spanning? : True
Are all ISTs independent? : True

====TEST CR(589, 89, 178)====
Is IST_0 spanning? : True
Is IST_1 spanning? : True
Is IST_2 spanning? : True
Is IST_3 spanning? : True
Is IST_4 spanning? : True
Is IST_5 spanning? : True
Are all ISTs independent? : True

====TEST CR(590, 89, 178)====
Is IST_0 spanning? : True
Is IST_1 spanning? : True
Is IST_2 spanning? : True
Is IST_3 spanning? : True
Is IST_4 spanning? : True
Is IST_5 spanning? : True
Are all ISTs independent? : True

====TEST CR(591, 89, 178)====
Is IST_0 spanning? : True
Is IST_1 spanning? : True
Is IST_2 spanning? : True
Is IST_3 spanning? : True
Is IST_4 spanning? : True
Is IST_5 spanning? : True
Are all ISTs independent? : True

====TEST CR(592, 89, 178)====
Is IST_0 spanning? : True
Is IST_1 spanning? : True
Is IST_2 spanning? : True
Is IST_3 spanning? : True
Is IST_4 spanning? : True
Is IST_5 spanning? : True
Are all ISTs independent? : True

====TEST CR(593, 89, 178)====
Is IST_0 spanning? : True
Is IST_1 spanning? : True
Is IST_2 spanning? : True
Is IST_3 spanning? : True
Is IST_4 spanning? : True
Is IST_5 spanning? : True
Are all ISTs independent? : True

====TEST CR(594, 89, 178)====
Is IST_0 spanning? : True
Is IST_1 spanning? : True
Is IST_2 spanning? : True
Is IST_3 spanning? : True
Is IST_4 spanning? : True
Is IST_5 spanning? : True
Are all ISTs independent? : True

====TEST CR(595, 89, 178)====
Is IST_0 spanning? : True
Is IST_1 spanning? : True
Is IST_2 spanning? : True
Is IST_3 spanning? : True
Is IST_4 spanning? : True
Is IST_5 spanning? : True
Are all ISTs independent? : True

====TEST CR(596, 89, 178)====
Is IST_0 spanning? : True
Is IST_1 spanning? : True
Is IST_2 spanning? : True
Is IST_3 spanning? : True
Is IST_4 spanning? : True
Is IST_5 spanning? : True
Are all ISTs independent? : True

====TEST CR(597, 89, 178)====
Is IST_0 spanning? : True
Is IST_1 spanning? : True
Is IST_2 spanning? : True
Is IST_3 spanning? : True
Is IST_4 spanning? : True
Is IST_5 spanning? : True
Are all ISTs independent? : True

====TEST CR(598, 89, 178)====
Is IST_0 spanning? : True
Is IST_1 spanning? : True
Is IST_2 spanning? : True
Is IST_3 spanning? : True
Is IST_4 spanning? : True
Is IST_5 spanning? : True
Are all ISTs independent? : True

====TEST CR(599, 89, 178)====
Is IST_0 spanning? : True
Is IST_1 spanning? : True
Is IST_2 spanning? : True
Is IST_3 spanning? : True
Is IST_4 spanning? : True
Is IST_5 spanning? : True
Are all ISTs independent? : True

====TEST CR(600, 89, 178)====
Is IST_0 spanning? : True
Is IST_1 spanning? : True
Is IST_2 spanning? : True
Is IST_3 spanning? : True
Is IST_4 spanning? : True
Is IST_5 spanning? : True
Are all ISTs independent? : True

====TEST CR(601, 89, 178)====
Is IST_0 spanning? : True
Is IST_1 spanning? : True
Is IST_2 spanning? : True
Is IST_3 spanning? : True
Is IST_4 spanning? : True
Is IST_5 spanning? : True
Are all ISTs independent? : True

====TEST CR(602, 89, 178)====
Is IST_0 spanning? : True
Is IST_1 spanning? : True
Is IST_2 spanning? : True
Is IST_3 spanning? : True
Is IST_4 spanning? : True
Is IST_5 spanning? : True
Are all ISTs independent? : True

====TEST CR(603, 89, 178)====
Is IST_0 spanning? : True
Is IST_1 spanning? : True
Is IST_2 spanning? : True
Is IST_3 spanning? : True
Is IST_4 spanning? : True
Is IST_5 spanning? : True
Are all ISTs independent? : True

====TEST CR(604, 89, 178)====
Is IST_0 spanning? : True
Is IST_1 spanning? : True
Is IST_2 spanning? : True
Is IST_3 spanning? : True
Is IST_4 spanning? : True
Is IST_5 spanning? : True
Are all ISTs independent? : True

====TEST CR(605, 89, 178)====
Is IST_0 spanning? : True
Is IST_1 spanning? : True
Is IST_2 spanning? : True
Is IST_3 spanning? : True
Is IST_4 spanning? : True
Is IST_5 spanning? : True
Are all ISTs independent? : True

====TEST CR(606, 89, 178)====
Is IST_0 spanning? : True
Is IST_1 spanning? : True
Is IST_2 spanning? : True
Is IST_3 spanning? : True
Is IST_4 spanning? : True
Is IST_5 spanning? : True
Are all ISTs independent? : True

====TEST CR(607, 89, 178)====
Is IST_0 spanning? : True
Is IST_1 spanning? : True
Is IST_2 spanning? : True
Is IST_3 spanning? : True
Is IST_4 spanning? : True
Is IST_5 spanning? : True
Are all ISTs independent? : True

====TEST CR(608, 89, 178)====
Is IST_0 spanning? : True
Is IST_1 spanning? : True
Is IST_2 spanning? : True
Is IST_3 spanning? : True
Is IST_4 spanning? : True
Is IST_5 spanning? : True
Are all ISTs independent? : True

====TEST CR(609, 89, 178)====
Is IST_0 spanning? : True
Is IST_1 spanning? : True
Is IST_2 spanning? : True
Is IST_3 spanning? : True
Is IST_4 spanning? : True
Is IST_5 spanning? : True
Are all ISTs independent? : True

====TEST CR(610, 89, 178)====
Is IST_0 spanning? : True
Is IST_1 spanning? : True
Is IST_2 spanning? : True
Is IST_3 spanning? : True
Is IST_4 spanning? : True
Is IST_5 spanning? : True
Are all ISTs independent? : True

====TEST CR(611, 89, 178)====
Is IST_0 spanning? : True
Is IST_1 spanning? : True
Is IST_2 spanning? : True
Is IST_3 spanning? : True
Is IST_4 spanning? : True
Is IST_5 spanning? : True
Are all ISTs independent? : True

====TEST CR(612, 89, 178)====
Is IST_0 spanning? : True
Is IST_1 spanning? : True
Is IST_2 spanning? : True
Is IST_3 spanning? : True
Is IST_4 spanning? : True
Is IST_5 spanning? : True
Are all ISTs independent? : True

====TEST CR(613, 89, 178)====
Is IST_0 spanning? : True
Is IST_1 spanning? : True
Is IST_2 spanning? : True
Is IST_3 spanning? : True
Is IST_4 spanning? : True
Is IST_5 spanning? : True
Are all ISTs independent? : True

====TEST CR(614, 89, 178)====
Is IST_0 spanning? : True
Is IST_1 spanning? : True
Is IST_2 spanning? : True
Is IST_3 spanning? : True
Is IST_4 spanning? : True
Is IST_5 spanning? : True
Are all ISTs independent? : True

====TEST CR(615, 89, 178)====
Is IST_0 spanning? : True
Is IST_1 spanning? : True
Is IST_2 spanning? : True
Is IST_3 spanning? : True
Is IST_4 spanning? : True
Is IST_5 spanning? : True
Are all ISTs independent? : True

====TEST CR(616, 89, 178)====
Is IST_0 spanning? : True
Is IST_1 spanning? : True
Is IST_2 spanning? : True
Is IST_3 spanning? : True
Is IST_4 spanning? : True
Is IST_5 spanning? : True
Are all ISTs independent? : True

====TEST CR(617, 89, 178)====
Is IST_0 spanning? : True
Is IST_1 spanning? : True
Is IST_2 spanning? : True
Is IST_3 spanning? : True
Is IST_4 spanning? : True
Is IST_5 spanning? : True
Are all ISTs independent? : True

====TEST CR(618, 89, 178)====
Is IST_0 spanning? : True
Is IST_1 spanning? : True
Is IST_2 spanning? : True
Is IST_3 spanning? : True
Is IST_4 spanning? : True
Is IST_5 spanning? : True
Are all ISTs independent? : True

====TEST CR(619, 89, 178)====
Is IST_0 spanning? : True
Is IST_1 spanning? : True
Is IST_2 spanning? : True
Is IST_3 spanning? : True
Is IST_4 spanning? : True
Is IST_5 spanning? : True
Are all ISTs independent? : True

====TEST CR(620, 89, 178)====
Is IST_0 spanning? : True
Is IST_1 spanning? : True
Is IST_2 spanning? : True
Is IST_3 spanning? : True
Is IST_4 spanning? : True
Is IST_5 spanning? : True
Are all ISTs independent? : True

====TEST CR(621, 89, 178)====
Is IST_0 spanning? : True
Is IST_1 spanning? : True
Is IST_2 spanning? : True
Is IST_3 spanning? : True
Is IST_4 spanning? : True
Is IST_5 spanning? : True
Are all ISTs independent? : True

====TEST CR(622, 89, 178)====
Is IST_0 spanning? : True
Is IST_1 spanning? : True
Is IST_2 spanning? : True
Is IST_3 spanning? : True
Is IST_4 spanning? : True
Is IST_5 spanning? : True
Are all ISTs independent? : True

====TEST CR(623, 89, 178)====
Is IST_0 spanning? : True
Is IST_1 spanning? : True
Is IST_2 spanning? : True
Is IST_3 spanning? : True
Is IST_4 spanning? : True
Is IST_5 spanning? : True
Are all ISTs independent? : True

====TEST CR(624, 89, 178)====
Is IST_0 spanning? : True
Is IST_1 spanning? : True
Is IST_2 spanning? : True
Is IST_3 spanning? : True
Is IST_4 spanning? : True
Is IST_5 spanning? : True
Are all ISTs independent? : True

====TEST CR(625, 89, 178)====
Is IST_0 spanning? : True
Is IST_1 spanning? : True
Is IST_2 spanning? : True
Is IST_3 spanning? : True
Is IST_4 spanning? : True
Is IST_5 spanning? : True
Are all ISTs independent? : True

====TEST CR(626, 89, 178)====
Is IST_0 spanning? : True
Is IST_1 spanning? : True
Is IST_2 spanning? : True
Is IST_3 spanning? : True
Is IST_4 spanning? : True
Is IST_5 spanning? : True
Are all ISTs independent? : True

====TEST CR(627, 89, 178)====
Is IST_0 spanning? : True
Is IST_1 spanning? : True
Is IST_2 spanning? : True
Is IST_3 spanning? : True
Is IST_4 spanning? : True
Is IST_5 spanning? : True
Are all ISTs independent? : True

====TEST CR(628, 89, 178)====
Is IST_0 spanning? : True
Is IST_1 spanning? : True
Is IST_2 spanning? : True
Is IST_3 spanning? : True
Is IST_4 spanning? : True
Is IST_5 spanning? : True
Are all ISTs independent? : True

====TEST CR(629, 89, 178)====
Is IST_0 spanning? : True
Is IST_1 spanning? : True
Is IST_2 spanning? : True
Is IST_3 spanning? : True
Is IST_4 spanning? : True
Is IST_5 spanning? : True
Are all ISTs independent? : True

====TEST CR(630, 89, 178)====
Is IST_0 spanning? : True
Is IST_1 spanning? : True
Is IST_2 spanning? : True
Is IST_3 spanning? : True
Is IST_4 spanning? : True
Is IST_5 spanning? : True
Are all ISTs independent? : True

====TEST CR(631, 89, 178)====
Is IST_0 spanning? : True
Is IST_1 spanning? : True
Is IST_2 spanning? : True
Is IST_3 spanning? : True
Is IST_4 spanning? : True
Is IST_5 spanning? : True
Are all ISTs independent? : True

====TEST CR(632, 89, 178)====
Is IST_0 spanning? : True
Is IST_1 spanning? : True
Is IST_2 spanning? : True
Is IST_3 spanning? : True
Is IST_4 spanning? : True
Is IST_5 spanning? : True
Are all ISTs independent? : True

====TEST CR(633, 89, 178)====
Is IST_0 spanning? : True
Is IST_1 spanning? : True
Is IST_2 spanning? : True
Is IST_3 spanning? : True
Is IST_4 spanning? : True
Is IST_5 spanning? : True
Are all ISTs independent? : True

====TEST CR(634, 89, 178)====
Is IST_0 spanning? : True
Is IST_1 spanning? : True
Is IST_2 spanning? : True
Is IST_3 spanning? : True
Is IST_4 spanning? : True
Is IST_5 spanning? : True
Are all ISTs independent? : True

====TEST CR(635, 89, 178)====
Is IST_0 spanning? : True
Is IST_1 spanning? : True
Is IST_2 spanning? : True
Is IST_3 spanning? : True
Is IST_4 spanning? : True
Is IST_5 spanning? : True
Are all ISTs independent? : True

====TEST CR(636, 89, 178)====
Is IST_0 spanning? : True
Is IST_1 spanning? : True
Is IST_2 spanning? : True
Is IST_3 spanning? : True
Is IST_4 spanning? : True
Is IST_5 spanning? : True
Are all ISTs independent? : True

====TEST CR(637, 89, 178)====
Is IST_0 spanning? : True
Is IST_1 spanning? : True
Is IST_2 spanning? : True
Is IST_3 spanning? : True
Is IST_4 spanning? : True
Is IST_5 spanning? : True
Are all ISTs independent? : True

====TEST CR(638, 89, 178)====
Is IST_0 spanning? : True
Is IST_1 spanning? : True
Is IST_2 spanning? : True
Is IST_3 spanning? : True
Is IST_4 spanning? : True
Is IST_5 spanning? : True
Are all ISTs independent? : True

====TEST CR(639, 89, 178)====
Is IST_0 spanning? : True
Is IST_1 spanning? : True
Is IST_2 spanning? : True
Is IST_3 spanning? : True
Is IST_4 spanning? : True
Is IST_5 spanning? : True
Are all ISTs independent? : True

====TEST CR(640, 89, 178)====
Is IST_0 spanning? : True
Is IST_1 spanning? : True
Is IST_2 spanning? : True
Is IST_3 spanning? : True
Is IST_4 spanning? : True
Is IST_5 spanning? : True
Are all ISTs independent? : True

====TEST CR(641, 89, 178)====
Is IST_0 spanning? : True
Is IST_1 spanning? : True
Is IST_2 spanning? : True
Is IST_3 spanning? : True
Is IST_4 spanning? : True
Is IST_5 spanning? : True
Are all ISTs independent? : True

====TEST CR(642, 89, 178)====
Is IST_0 spanning? : True
Is IST_1 spanning? : True
Is IST_2 spanning? : True
Is IST_3 spanning? : True
Is IST_4 spanning? : True
Is IST_5 spanning? : True
Are all ISTs independent? : True

====TEST CR(643, 89, 178)====
Is IST_0 spanning? : True
Is IST_1 spanning? : True
Is IST_2 spanning? : True
Is IST_3 spanning? : True
Is IST_4 spanning? : True
Is IST_5 spanning? : True
Are all ISTs independent? : True

====TEST CR(644, 89, 178)====
Is IST_0 spanning? : True
Is IST_1 spanning? : True
Is IST_2 spanning? : True
Is IST_3 spanning? : True
Is IST_4 spanning? : True
Is IST_5 spanning? : True
Are all ISTs independent? : True

====TEST CR(645, 89, 178)====
Is IST_0 spanning? : True
Is IST_1 spanning? : True
Is IST_2 spanning? : True
Is IST_3 spanning? : True
Is IST_4 spanning? : True
Is IST_5 spanning? : True
Are all ISTs independent? : True

====TEST CR(646, 89, 178)====
Is IST_0 spanning? : True
Is IST_1 spanning? : True
Is IST_2 spanning? : True
Is IST_3 spanning? : True
Is IST_4 spanning? : True
Is IST_5 spanning? : True
Are all ISTs independent? : True

====TEST CR(647, 89, 178)====
Is IST_0 spanning? : True
Is IST_1 spanning? : True
Is IST_2 spanning? : True
Is IST_3 spanning? : True
Is IST_4 spanning? : True
Is IST_5 spanning? : True
Are all ISTs independent? : True

====TEST CR(648, 89, 178)====
Is IST_0 spanning? : True
Is IST_1 spanning? : True
Is IST_2 spanning? : True
Is IST_3 spanning? : True
Is IST_4 spanning? : True
Is IST_5 spanning? : True
Are all ISTs independent? : True

====TEST CR(649, 89, 178)====
Is IST_0 spanning? : True
Is IST_1 spanning? : True
Is IST_2 spanning? : True
Is IST_3 spanning? : True
Is IST_4 spanning? : True
Is IST_5 spanning? : True
Are all ISTs independent? : True

====TEST CR(650, 89, 178)====
Is IST_0 spanning? : True
Is IST_1 spanning? : True
Is IST_2 spanning? : True
Is IST_3 spanning? : True
Is IST_4 spanning? : True
Is IST_5 spanning? : True
Are all ISTs independent? : True

====TEST CR(651, 89, 178)====
Is IST_0 spanning? : True
Is IST_1 spanning? : True
Is IST_2 spanning? : True
Is IST_3 spanning? : True
Is IST_4 spanning? : True
Is IST_5 spanning? : True
Are all ISTs independent? : True

====TEST CR(652, 89, 178)====
Is IST_0 spanning? : True
Is IST_1 spanning? : True
Is IST_2 spanning? : True
Is IST_3 spanning? : True
Is IST_4 spanning? : True
Is IST_5 spanning? : True
Are all ISTs independent? : True

====TEST CR(653, 89, 178)====
Is IST_0 spanning? : True
Is IST_1 spanning? : True
Is IST_2 spanning? : True
Is IST_3 spanning? : True
Is IST_4 spanning? : True
Is IST_5 spanning? : True
Are all ISTs independent? : True

====TEST CR(654, 89, 178)====
Is IST_0 spanning? : True
Is IST_1 spanning? : True
Is IST_2 spanning? : True
Is IST_3 spanning? : True
Is IST_4 spanning? : True
Is IST_5 spanning? : True
Are all ISTs independent? : True

====TEST CR(655, 89, 178)====
Is IST_0 spanning? : True
Is IST_1 spanning? : True
Is IST_2 spanning? : True
Is IST_3 spanning? : True
Is IST_4 spanning? : True
Is IST_5 spanning? : True
Are all ISTs independent? : True

====TEST CR(656, 89, 178)====
Is IST_0 spanning? : True
Is IST_1 spanning? : True
Is IST_2 spanning? : True
Is IST_3 spanning? : True
Is IST_4 spanning? : True
Is IST_5 spanning? : True
Are all ISTs independent? : True

====TEST CR(657, 89, 178)====
Is IST_0 spanning? : True
Is IST_1 spanning? : True
Is IST_2 spanning? : True
Is IST_3 spanning? : True
Is IST_4 spanning? : True
Is IST_5 spanning? : True
Are all ISTs independent? : True

====TEST CR(658, 89, 178)====
Is IST_0 spanning? : True
Is IST_1 spanning? : True
Is IST_2 spanning? : True
Is IST_3 spanning? : True
Is IST_4 spanning? : True
Is IST_5 spanning? : True
Are all ISTs independent? : True

====TEST CR(659, 89, 178)====
Is IST_0 spanning? : True
Is IST_1 spanning? : True
Is IST_2 spanning? : True
Is IST_3 spanning? : True
Is IST_4 spanning? : True
Is IST_5 spanning? : True
Are all ISTs independent? : True

====TEST CR(660, 89, 178)====
Is IST_0 spanning? : True
Is IST_1 spanning? : True
Is IST_2 spanning? : True
Is IST_3 spanning? : True
Is IST_4 spanning? : True
Is IST_5 spanning? : True
Are all ISTs independent? : True

====TEST CR(661, 89, 178)====
Is IST_0 spanning? : True
Is IST_1 spanning? : True
Is IST_2 spanning? : True
Is IST_3 spanning? : True
Is IST_4 spanning? : True
Is IST_5 spanning? : True
Are all ISTs independent? : True

====TEST CR(662, 89, 178)====
Is IST_0 spanning? : True
Is IST_1 spanning? : True
Is IST_2 spanning? : True
Is IST_3 spanning? : True
Is IST_4 spanning? : True
Is IST_5 spanning? : True
Are all ISTs independent? : True

====TEST CR(540, 90, 180)====
Is IST_0 spanning? : True
Is IST_1 spanning? : True
Is IST_2 spanning? : True
Is IST_3 spanning? : True
Is IST_4 spanning? : True
Is IST_5 spanning? : True
Are all ISTs independent? : True

====TEST CR(541, 90, 180)====
Is IST_0 spanning? : True
Is IST_1 spanning? : True
Is IST_2 spanning? : True
Is IST_3 spanning? : True
Is IST_4 spanning? : True
Is IST_5 spanning? : True
Are all ISTs independent? : True

====TEST CR(542, 90, 180)====
Is IST_0 spanning? : True
Is IST_1 spanning? : True
Is IST_2 spanning? : True
Is IST_3 spanning? : True
Is IST_4 spanning? : True
Is IST_5 spanning? : True
Are all ISTs independent? : True

====TEST CR(543, 90, 180)====
Is IST_0 spanning? : True
Is IST_1 spanning? : True
Is IST_2 spanning? : True
Is IST_3 spanning? : True
Is IST_4 spanning? : True
Is IST_5 spanning? : True
Are all ISTs independent? : True

====TEST CR(544, 90, 180)====
Is IST_0 spanning? : True
Is IST_1 spanning? : True
Is IST_2 spanning? : True
Is IST_3 spanning? : True
Is IST_4 spanning? : True
Is IST_5 spanning? : True
Are all ISTs independent? : True

====TEST CR(545, 90, 180)====
Is IST_0 spanning? : True
Is IST_1 spanning? : True
Is IST_2 spanning? : True
Is IST_3 spanning? : True
Is IST_4 spanning? : True
Is IST_5 spanning? : True
Are all ISTs independent? : True

====TEST CR(546, 90, 180)====
Is IST_0 spanning? : True
Is IST_1 spanning? : True
Is IST_2 spanning? : True
Is IST_3 spanning? : True
Is IST_4 spanning? : True
Is IST_5 spanning? : True
Are all ISTs independent? : True

====TEST CR(547, 90, 180)====
Is IST_0 spanning? : True
Is IST_1 spanning? : True
Is IST_2 spanning? : True
Is IST_3 spanning? : True
Is IST_4 spanning? : True
Is IST_5 spanning? : True
Are all ISTs independent? : True

====TEST CR(548, 90, 180)====
Is IST_0 spanning? : True
Is IST_1 spanning? : True
Is IST_2 spanning? : True
Is IST_3 spanning? : True
Is IST_4 spanning? : True
Is IST_5 spanning? : True
Are all ISTs independent? : True

====TEST CR(549, 90, 180)====
Is IST_0 spanning? : True
Is IST_1 spanning? : True
Is IST_2 spanning? : True
Is IST_3 spanning? : True
Is IST_4 spanning? : True
Is IST_5 spanning? : True
Are all ISTs independent? : True

====TEST CR(550, 90, 180)====
Is IST_0 spanning? : True
Is IST_1 spanning? : True
Is IST_2 spanning? : True
Is IST_3 spanning? : True
Is IST_4 spanning? : True
Is IST_5 spanning? : True
Are all ISTs independent? : True

====TEST CR(551, 90, 180)====
Is IST_0 spanning? : True
Is IST_1 spanning? : True
Is IST_2 spanning? : True
Is IST_3 spanning? : True
Is IST_4 spanning? : True
Is IST_5 spanning? : True
Are all ISTs independent? : True

====TEST CR(552, 90, 180)====
Is IST_0 spanning? : True
Is IST_1 spanning? : True
Is IST_2 spanning? : True
Is IST_3 spanning? : True
Is IST_4 spanning? : True
Is IST_5 spanning? : True
Are all ISTs independent? : True

====TEST CR(553, 90, 180)====
Is IST_0 spanning? : True
Is IST_1 spanning? : True
Is IST_2 spanning? : True
Is IST_3 spanning? : True
Is IST_4 spanning? : True
Is IST_5 spanning? : True
Are all ISTs independent? : True

====TEST CR(554, 90, 180)====
Is IST_0 spanning? : True
Is IST_1 spanning? : True
Is IST_2 spanning? : True
Is IST_3 spanning? : True
Is IST_4 spanning? : True
Is IST_5 spanning? : True
Are all ISTs independent? : True

====TEST CR(555, 90, 180)====
Is IST_0 spanning? : True
Is IST_1 spanning? : True
Is IST_2 spanning? : True
Is IST_3 spanning? : True
Is IST_4 spanning? : True
Is IST_5 spanning? : True
Are all ISTs independent? : True

====TEST CR(556, 90, 180)====
Is IST_0 spanning? : True
Is IST_1 spanning? : True
Is IST_2 spanning? : True
Is IST_3 spanning? : True
Is IST_4 spanning? : True
Is IST_5 spanning? : True
Are all ISTs independent? : True

====TEST CR(557, 90, 180)====
Is IST_0 spanning? : True
Is IST_1 spanning? : True
Is IST_2 spanning? : True
Is IST_3 spanning? : True
Is IST_4 spanning? : True
Is IST_5 spanning? : True
Are all ISTs independent? : True

====TEST CR(558, 90, 180)====
Is IST_0 spanning? : True
Is IST_1 spanning? : True
Is IST_2 spanning? : True
Is IST_3 spanning? : True
Is IST_4 spanning? : True
Is IST_5 spanning? : True
Are all ISTs independent? : True

====TEST CR(559, 90, 180)====
Is IST_0 spanning? : True
Is IST_1 spanning? : True
Is IST_2 spanning? : True
Is IST_3 spanning? : True
Is IST_4 spanning? : True
Is IST_5 spanning? : True
Are all ISTs independent? : True

====TEST CR(560, 90, 180)====
Is IST_0 spanning? : True
Is IST_1 spanning? : True
Is IST_2 spanning? : True
Is IST_3 spanning? : True
Is IST_4 spanning? : True
Is IST_5 spanning? : True
Are all ISTs independent? : True

====TEST CR(561, 90, 180)====
Is IST_0 spanning? : True
Is IST_1 spanning? : True
Is IST_2 spanning? : True
Is IST_3 spanning? : True
Is IST_4 spanning? : True
Is IST_5 spanning? : True
Are all ISTs independent? : True

====TEST CR(562, 90, 180)====
Is IST_0 spanning? : True
Is IST_1 spanning? : True
Is IST_2 spanning? : True
Is IST_3 spanning? : True
Is IST_4 spanning? : True
Is IST_5 spanning? : True
Are all ISTs independent? : True

====TEST CR(563, 90, 180)====
Is IST_0 spanning? : True
Is IST_1 spanning? : True
Is IST_2 spanning? : True
Is IST_3 spanning? : True
Is IST_4 spanning? : True
Is IST_5 spanning? : True
Are all ISTs independent? : True

====TEST CR(564, 90, 180)====
Is IST_0 spanning? : True
Is IST_1 spanning? : True
Is IST_2 spanning? : True
Is IST_3 spanning? : True
Is IST_4 spanning? : True
Is IST_5 spanning? : True
Are all ISTs independent? : True

====TEST CR(565, 90, 180)====
Is IST_0 spanning? : True
Is IST_1 spanning? : True
Is IST_2 spanning? : True
Is IST_3 spanning? : True
Is IST_4 spanning? : True
Is IST_5 spanning? : True
Are all ISTs independent? : True

====TEST CR(566, 90, 180)====
Is IST_0 spanning? : True
Is IST_1 spanning? : True
Is IST_2 spanning? : True
Is IST_3 spanning? : True
Is IST_4 spanning? : True
Is IST_5 spanning? : True
Are all ISTs independent? : True

====TEST CR(567, 90, 180)====
Is IST_0 spanning? : True
Is IST_1 spanning? : True
Is IST_2 spanning? : True
Is IST_3 spanning? : True
Is IST_4 spanning? : True
Is IST_5 spanning? : True
Are all ISTs independent? : True

====TEST CR(568, 90, 180)====
Is IST_0 spanning? : True
Is IST_1 spanning? : True
Is IST_2 spanning? : True
Is IST_3 spanning? : True
Is IST_4 spanning? : True
Is IST_5 spanning? : True
Are all ISTs independent? : True

====TEST CR(569, 90, 180)====
Is IST_0 spanning? : True
Is IST_1 spanning? : True
Is IST_2 spanning? : True
Is IST_3 spanning? : True
Is IST_4 spanning? : True
Is IST_5 spanning? : True
Are all ISTs independent? : True

====TEST CR(570, 90, 180)====
Is IST_0 spanning? : True
Is IST_1 spanning? : True
Is IST_2 spanning? : True
Is IST_3 spanning? : True
Is IST_4 spanning? : True
Is IST_5 spanning? : True
Are all ISTs independent? : True

====TEST CR(571, 90, 180)====
Is IST_0 spanning? : True
Is IST_1 spanning? : True
Is IST_2 spanning? : True
Is IST_3 spanning? : True
Is IST_4 spanning? : True
Is IST_5 spanning? : True
Are all ISTs independent? : True

====TEST CR(572, 90, 180)====
Is IST_0 spanning? : True
Is IST_1 spanning? : True
Is IST_2 spanning? : True
Is IST_3 spanning? : True
Is IST_4 spanning? : True
Is IST_5 spanning? : True
Are all ISTs independent? : True

====TEST CR(573, 90, 180)====
Is IST_0 spanning? : True
Is IST_1 spanning? : True
Is IST_2 spanning? : True
Is IST_3 spanning? : True
Is IST_4 spanning? : True
Is IST_5 spanning? : True
Are all ISTs independent? : True

====TEST CR(574, 90, 180)====
Is IST_0 spanning? : True
Is IST_1 spanning? : True
Is IST_2 spanning? : True
Is IST_3 spanning? : True
Is IST_4 spanning? : True
Is IST_5 spanning? : True
Are all ISTs independent? : True

====TEST CR(575, 90, 180)====
Is IST_0 spanning? : True
Is IST_1 spanning? : True
Is IST_2 spanning? : True
Is IST_3 spanning? : True
Is IST_4 spanning? : True
Is IST_5 spanning? : True
Are all ISTs independent? : True

====TEST CR(576, 90, 180)====
Is IST_0 spanning? : True
Is IST_1 spanning? : True
Is IST_2 spanning? : True
Is IST_3 spanning? : True
Is IST_4 spanning? : True
Is IST_5 spanning? : True
Are all ISTs independent? : True

====TEST CR(577, 90, 180)====
Is IST_0 spanning? : True
Is IST_1 spanning? : True
Is IST_2 spanning? : True
Is IST_3 spanning? : True
Is IST_4 spanning? : True
Is IST_5 spanning? : True
Are all ISTs independent? : True

====TEST CR(578, 90, 180)====
Is IST_0 spanning? : True
Is IST_1 spanning? : True
Is IST_2 spanning? : True
Is IST_3 spanning? : True
Is IST_4 spanning? : True
Is IST_5 spanning? : True
Are all ISTs independent? : True

====TEST CR(579, 90, 180)====
Is IST_0 spanning? : True
Is IST_1 spanning? : True
Is IST_2 spanning? : True
Is IST_3 spanning? : True
Is IST_4 spanning? : True
Is IST_5 spanning? : True
Are all ISTs independent? : True

====TEST CR(580, 90, 180)====
Is IST_0 spanning? : True
Is IST_1 spanning? : True
Is IST_2 spanning? : True
Is IST_3 spanning? : True
Is IST_4 spanning? : True
Is IST_5 spanning? : True
Are all ISTs independent? : True

====TEST CR(581, 90, 180)====
Is IST_0 spanning? : True
Is IST_1 spanning? : True
Is IST_2 spanning? : True
Is IST_3 spanning? : True
Is IST_4 spanning? : True
Is IST_5 spanning? : True
Are all ISTs independent? : True

====TEST CR(582, 90, 180)====
Is IST_0 spanning? : True
Is IST_1 spanning? : True
Is IST_2 spanning? : True
Is IST_3 spanning? : True
Is IST_4 spanning? : True
Is IST_5 spanning? : True
Are all ISTs independent? : True

====TEST CR(583, 90, 180)====
Is IST_0 spanning? : True
Is IST_1 spanning? : True
Is IST_2 spanning? : True
Is IST_3 spanning? : True
Is IST_4 spanning? : True
Is IST_5 spanning? : True
Are all ISTs independent? : True

====TEST CR(584, 90, 180)====
Is IST_0 spanning? : True
Is IST_1 spanning? : True
Is IST_2 spanning? : True
Is IST_3 spanning? : True
Is IST_4 spanning? : True
Is IST_5 spanning? : True
Are all ISTs independent? : True

====TEST CR(585, 90, 180)====
Is IST_0 spanning? : True
Is IST_1 spanning? : True
Is IST_2 spanning? : True
Is IST_3 spanning? : True
Is IST_4 spanning? : True
Is IST_5 spanning? : True
Are all ISTs independent? : True

====TEST CR(586, 90, 180)====
Is IST_0 spanning? : True
Is IST_1 spanning? : True
Is IST_2 spanning? : True
Is IST_3 spanning? : True
Is IST_4 spanning? : True
Is IST_5 spanning? : True
Are all ISTs independent? : True

====TEST CR(587, 90, 180)====
Is IST_0 spanning? : True
Is IST_1 spanning? : True
Is IST_2 spanning? : True
Is IST_3 spanning? : True
Is IST_4 spanning? : True
Is IST_5 spanning? : True
Are all ISTs independent? : True

====TEST CR(588, 90, 180)====
Is IST_0 spanning? : True
Is IST_1 spanning? : True
Is IST_2 spanning? : True
Is IST_3 spanning? : True
Is IST_4 spanning? : True
Is IST_5 spanning? : True
Are all ISTs independent? : True

====TEST CR(589, 90, 180)====
Is IST_0 spanning? : True
Is IST_1 spanning? : True
Is IST_2 spanning? : True
Is IST_3 spanning? : True
Is IST_4 spanning? : True
Is IST_5 spanning? : True
Are all ISTs independent? : True

====TEST CR(590, 90, 180)====
Is IST_0 spanning? : True
Is IST_1 spanning? : True
Is IST_2 spanning? : True
Is IST_3 spanning? : True
Is IST_4 spanning? : True
Is IST_5 spanning? : True
Are all ISTs independent? : True

====TEST CR(591, 90, 180)====
Is IST_0 spanning? : True
Is IST_1 spanning? : True
Is IST_2 spanning? : True
Is IST_3 spanning? : True
Is IST_4 spanning? : True
Is IST_5 spanning? : True
Are all ISTs independent? : True

====TEST CR(592, 90, 180)====
Is IST_0 spanning? : True
Is IST_1 spanning? : True
Is IST_2 spanning? : True
Is IST_3 spanning? : True
Is IST_4 spanning? : True
Is IST_5 spanning? : True
Are all ISTs independent? : True

====TEST CR(593, 90, 180)====
Is IST_0 spanning? : True
Is IST_1 spanning? : True
Is IST_2 spanning? : True
Is IST_3 spanning? : True
Is IST_4 spanning? : True
Is IST_5 spanning? : True
Are all ISTs independent? : True

====TEST CR(594, 90, 180)====
Is IST_0 spanning? : True
Is IST_1 spanning? : True
Is IST_2 spanning? : True
Is IST_3 spanning? : True
Is IST_4 spanning? : True
Is IST_5 spanning? : True
Are all ISTs independent? : True

====TEST CR(595, 90, 180)====
Is IST_0 spanning? : True
Is IST_1 spanning? : True
Is IST_2 spanning? : True
Is IST_3 spanning? : True
Is IST_4 spanning? : True
Is IST_5 spanning? : True
Are all ISTs independent? : True

====TEST CR(596, 90, 180)====
Is IST_0 spanning? : True
Is IST_1 spanning? : True
Is IST_2 spanning? : True
Is IST_3 spanning? : True
Is IST_4 spanning? : True
Is IST_5 spanning? : True
Are all ISTs independent? : True

====TEST CR(597, 90, 180)====
Is IST_0 spanning? : True
Is IST_1 spanning? : True
Is IST_2 spanning? : True
Is IST_3 spanning? : True
Is IST_4 spanning? : True
Is IST_5 spanning? : True
Are all ISTs independent? : True

====TEST CR(598, 90, 180)====
Is IST_0 spanning? : True
Is IST_1 spanning? : True
Is IST_2 spanning? : True
Is IST_3 spanning? : True
Is IST_4 spanning? : True
Is IST_5 spanning? : True
Are all ISTs independent? : True

====TEST CR(599, 90, 180)====
Is IST_0 spanning? : True
Is IST_1 spanning? : True
Is IST_2 spanning? : True
Is IST_3 spanning? : True
Is IST_4 spanning? : True
Is IST_5 spanning? : True
Are all ISTs independent? : True

====TEST CR(600, 90, 180)====
Is IST_0 spanning? : True
Is IST_1 spanning? : True
Is IST_2 spanning? : True
Is IST_3 spanning? : True
Is IST_4 spanning? : True
Is IST_5 spanning? : True
Are all ISTs independent? : True

====TEST CR(601, 90, 180)====
Is IST_0 spanning? : True
Is IST_1 spanning? : True
Is IST_2 spanning? : True
Is IST_3 spanning? : True
Is IST_4 spanning? : True
Is IST_5 spanning? : True
Are all ISTs independent? : True

====TEST CR(602, 90, 180)====
Is IST_0 spanning? : True
Is IST_1 spanning? : True
Is IST_2 spanning? : True
Is IST_3 spanning? : True
Is IST_4 spanning? : True
Is IST_5 spanning? : True
Are all ISTs independent? : True

====TEST CR(603, 90, 180)====
Is IST_0 spanning? : True
Is IST_1 spanning? : True
Is IST_2 spanning? : True
Is IST_3 spanning? : True
Is IST_4 spanning? : True
Is IST_5 spanning? : True
Are all ISTs independent? : True

====TEST CR(604, 90, 180)====
Is IST_0 spanning? : True
Is IST_1 spanning? : True
Is IST_2 spanning? : True
Is IST_3 spanning? : True
Is IST_4 spanning? : True
Is IST_5 spanning? : True
Are all ISTs independent? : True

====TEST CR(605, 90, 180)====
Is IST_0 spanning? : True
Is IST_1 spanning? : True
Is IST_2 spanning? : True
Is IST_3 spanning? : True
Is IST_4 spanning? : True
Is IST_5 spanning? : True
Are all ISTs independent? : True

====TEST CR(606, 90, 180)====
Is IST_0 spanning? : True
Is IST_1 spanning? : True
Is IST_2 spanning? : True
Is IST_3 spanning? : True
Is IST_4 spanning? : True
Is IST_5 spanning? : True
Are all ISTs independent? : True

====TEST CR(607, 90, 180)====
Is IST_0 spanning? : True
Is IST_1 spanning? : True
Is IST_2 spanning? : True
Is IST_3 spanning? : True
Is IST_4 spanning? : True
Is IST_5 spanning? : True
Are all ISTs independent? : True

====TEST CR(608, 90, 180)====
Is IST_0 spanning? : True
Is IST_1 spanning? : True
Is IST_2 spanning? : True
Is IST_3 spanning? : True
Is IST_4 spanning? : True
Is IST_5 spanning? : True
Are all ISTs independent? : True

====TEST CR(609, 90, 180)====
Is IST_0 spanning? : True
Is IST_1 spanning? : True
Is IST_2 spanning? : True
Is IST_3 spanning? : True
Is IST_4 spanning? : True
Is IST_5 spanning? : True
Are all ISTs independent? : True

====TEST CR(610, 90, 180)====
Is IST_0 spanning? : True
Is IST_1 spanning? : True
Is IST_2 spanning? : True
Is IST_3 spanning? : True
Is IST_4 spanning? : True
Is IST_5 spanning? : True
Are all ISTs independent? : True

====TEST CR(611, 90, 180)====
Is IST_0 spanning? : True
Is IST_1 spanning? : True
Is IST_2 spanning? : True
Is IST_3 spanning? : True
Is IST_4 spanning? : True
Is IST_5 spanning? : True
Are all ISTs independent? : True

====TEST CR(612, 90, 180)====
Is IST_0 spanning? : True
Is IST_1 spanning? : True
Is IST_2 spanning? : True
Is IST_3 spanning? : True
Is IST_4 spanning? : True
Is IST_5 spanning? : True
Are all ISTs independent? : True

====TEST CR(613, 90, 180)====
Is IST_0 spanning? : True
Is IST_1 spanning? : True
Is IST_2 spanning? : True
Is IST_3 spanning? : True
Is IST_4 spanning? : True
Is IST_5 spanning? : True
Are all ISTs independent? : True

====TEST CR(614, 90, 180)====
Is IST_0 spanning? : True
Is IST_1 spanning? : True
Is IST_2 spanning? : True
Is IST_3 spanning? : True
Is IST_4 spanning? : True
Is IST_5 spanning? : True
Are all ISTs independent? : True

====TEST CR(615, 90, 180)====
Is IST_0 spanning? : True
Is IST_1 spanning? : True
Is IST_2 spanning? : True
Is IST_3 spanning? : True
Is IST_4 spanning? : True
Is IST_5 spanning? : True
Are all ISTs independent? : True

====TEST CR(616, 90, 180)====
Is IST_0 spanning? : True
Is IST_1 spanning? : True
Is IST_2 spanning? : True
Is IST_3 spanning? : True
Is IST_4 spanning? : True
Is IST_5 spanning? : True
Are all ISTs independent? : True

====TEST CR(617, 90, 180)====
Is IST_0 spanning? : True
Is IST_1 spanning? : True
Is IST_2 spanning? : True
Is IST_3 spanning? : True
Is IST_4 spanning? : True
Is IST_5 spanning? : True
Are all ISTs independent? : True

====TEST CR(618, 90, 180)====
Is IST_0 spanning? : True
Is IST_1 spanning? : True
Is IST_2 spanning? : True
Is IST_3 spanning? : True
Is IST_4 spanning? : True
Is IST_5 spanning? : True
Are all ISTs independent? : True

====TEST CR(619, 90, 180)====
Is IST_0 spanning? : True
Is IST_1 spanning? : True
Is IST_2 spanning? : True
Is IST_3 spanning? : True
Is IST_4 spanning? : True
Is IST_5 spanning? : True
Are all ISTs independent? : True

====TEST CR(620, 90, 180)====
Is IST_0 spanning? : True
Is IST_1 spanning? : True
Is IST_2 spanning? : True
Is IST_3 spanning? : True
Is IST_4 spanning? : True
Is IST_5 spanning? : True
Are all ISTs independent? : True

====TEST CR(621, 90, 180)====
Is IST_0 spanning? : True
Is IST_1 spanning? : True
Is IST_2 spanning? : True
Is IST_3 spanning? : True
Is IST_4 spanning? : True
Is IST_5 spanning? : True
Are all ISTs independent? : True

====TEST CR(622, 90, 180)====
Is IST_0 spanning? : True
Is IST_1 spanning? : True
Is IST_2 spanning? : True
Is IST_3 spanning? : True
Is IST_4 spanning? : True
Is IST_5 spanning? : True
Are all ISTs independent? : True

====TEST CR(623, 90, 180)====
Is IST_0 spanning? : True
Is IST_1 spanning? : True
Is IST_2 spanning? : True
Is IST_3 spanning? : True
Is IST_4 spanning? : True
Is IST_5 spanning? : True
Are all ISTs independent? : True

====TEST CR(624, 90, 180)====
Is IST_0 spanning? : True
Is IST_1 spanning? : True
Is IST_2 spanning? : True
Is IST_3 spanning? : True
Is IST_4 spanning? : True
Is IST_5 spanning? : True
Are all ISTs independent? : True

====TEST CR(625, 90, 180)====
Is IST_0 spanning? : True
Is IST_1 spanning? : True
Is IST_2 spanning? : True
Is IST_3 spanning? : True
Is IST_4 spanning? : True
Is IST_5 spanning? : True
Are all ISTs independent? : True

====TEST CR(626, 90, 180)====
Is IST_0 spanning? : True
Is IST_1 spanning? : True
Is IST_2 spanning? : True
Is IST_3 spanning? : True
Is IST_4 spanning? : True
Is IST_5 spanning? : True
Are all ISTs independent? : True

====TEST CR(627, 90, 180)====
Is IST_0 spanning? : True
Is IST_1 spanning? : True
Is IST_2 spanning? : True
Is IST_3 spanning? : True
Is IST_4 spanning? : True
Is IST_5 spanning? : True
Are all ISTs independent? : True

====TEST CR(628, 90, 180)====
Is IST_0 spanning? : True
Is IST_1 spanning? : True
Is IST_2 spanning? : True
Is IST_3 spanning? : True
Is IST_4 spanning? : True
Is IST_5 spanning? : True
Are all ISTs independent? : True

====TEST CR(629, 90, 180)====
Is IST_0 spanning? : True
Is IST_1 spanning? : True
Is IST_2 spanning? : True
Is IST_3 spanning? : True
Is IST_4 spanning? : True
Is IST_5 spanning? : True
Are all ISTs independent? : True

====TEST CR(630, 90, 180)====
Is IST_0 spanning? : True
Is IST_1 spanning? : True
Is IST_2 spanning? : True
Is IST_3 spanning? : True
Is IST_4 spanning? : True
Is IST_5 spanning? : True
Are all ISTs independent? : True

====TEST CR(631, 90, 180)====
Is IST_0 spanning? : True
Is IST_1 spanning? : True
Is IST_2 spanning? : True
Is IST_3 spanning? : True
Is IST_4 spanning? : True
Is IST_5 spanning? : True
Are all ISTs independent? : True

====TEST CR(632, 90, 180)====
Is IST_0 spanning? : True
Is IST_1 spanning? : True
Is IST_2 spanning? : True
Is IST_3 spanning? : True
Is IST_4 spanning? : True
Is IST_5 spanning? : True
Are all ISTs independent? : True

====TEST CR(633, 90, 180)====
Is IST_0 spanning? : True
Is IST_1 spanning? : True
Is IST_2 spanning? : True
Is IST_3 spanning? : True
Is IST_4 spanning? : True
Is IST_5 spanning? : True
Are all ISTs independent? : True

====TEST CR(634, 90, 180)====
Is IST_0 spanning? : True
Is IST_1 spanning? : True
Is IST_2 spanning? : True
Is IST_3 spanning? : True
Is IST_4 spanning? : True
Is IST_5 spanning? : True
Are all ISTs independent? : True

====TEST CR(635, 90, 180)====
Is IST_0 spanning? : True
Is IST_1 spanning? : True
Is IST_2 spanning? : True
Is IST_3 spanning? : True
Is IST_4 spanning? : True
Is IST_5 spanning? : True
Are all ISTs independent? : True

====TEST CR(636, 90, 180)====
Is IST_0 spanning? : True
Is IST_1 spanning? : True
Is IST_2 spanning? : True
Is IST_3 spanning? : True
Is IST_4 spanning? : True
Is IST_5 spanning? : True
Are all ISTs independent? : True

====TEST CR(637, 90, 180)====
Is IST_0 spanning? : True
Is IST_1 spanning? : True
Is IST_2 spanning? : True
Is IST_3 spanning? : True
Is IST_4 spanning? : True
Is IST_5 spanning? : True
Are all ISTs independent? : True

====TEST CR(638, 90, 180)====
Is IST_0 spanning? : True
Is IST_1 spanning? : True
Is IST_2 spanning? : True
Is IST_3 spanning? : True
Is IST_4 spanning? : True
Is IST_5 spanning? : True
Are all ISTs independent? : True

====TEST CR(639, 90, 180)====
Is IST_0 spanning? : True
Is IST_1 spanning? : True
Is IST_2 spanning? : True
Is IST_3 spanning? : True
Is IST_4 spanning? : True
Is IST_5 spanning? : True
Are all ISTs independent? : True

====TEST CR(640, 90, 180)====
Is IST_0 spanning? : True
Is IST_1 spanning? : True
Is IST_2 spanning? : True
Is IST_3 spanning? : True
Is IST_4 spanning? : True
Is IST_5 spanning? : True
Are all ISTs independent? : True

====TEST CR(641, 90, 180)====
Is IST_0 spanning? : True
Is IST_1 spanning? : True
Is IST_2 spanning? : True
Is IST_3 spanning? : True
Is IST_4 spanning? : True
Is IST_5 spanning? : True
Are all ISTs independent? : True

====TEST CR(642, 90, 180)====
Is IST_0 spanning? : True
Is IST_1 spanning? : True
Is IST_2 spanning? : True
Is IST_3 spanning? : True
Is IST_4 spanning? : True
Is IST_5 spanning? : True
Are all ISTs independent? : True

====TEST CR(643, 90, 180)====
Is IST_0 spanning? : True
Is IST_1 spanning? : True
Is IST_2 spanning? : True
Is IST_3 spanning? : True
Is IST_4 spanning? : True
Is IST_5 spanning? : True
Are all ISTs independent? : True

====TEST CR(644, 90, 180)====
Is IST_0 spanning? : True
Is IST_1 spanning? : True
Is IST_2 spanning? : True
Is IST_3 spanning? : True
Is IST_4 spanning? : True
Is IST_5 spanning? : True
Are all ISTs independent? : True

====TEST CR(645, 90, 180)====
Is IST_0 spanning? : True
Is IST_1 spanning? : True
Is IST_2 spanning? : True
Is IST_3 spanning? : True
Is IST_4 spanning? : True
Is IST_5 spanning? : True
Are all ISTs independent? : True

====TEST CR(646, 90, 180)====
Is IST_0 spanning? : True
Is IST_1 spanning? : True
Is IST_2 spanning? : True
Is IST_3 spanning? : True
Is IST_4 spanning? : True
Is IST_5 spanning? : True
Are all ISTs independent? : True

====TEST CR(647, 90, 180)====
Is IST_0 spanning? : True
Is IST_1 spanning? : True
Is IST_2 spanning? : True
Is IST_3 spanning? : True
Is IST_4 spanning? : True
Is IST_5 spanning? : True
Are all ISTs independent? : True

====TEST CR(648, 90, 180)====
Is IST_0 spanning? : True
Is IST_1 spanning? : True
Is IST_2 spanning? : True
Is IST_3 spanning? : True
Is IST_4 spanning? : True
Is IST_5 spanning? : True
Are all ISTs independent? : True

====TEST CR(649, 90, 180)====
Is IST_0 spanning? : True
Is IST_1 spanning? : True
Is IST_2 spanning? : True
Is IST_3 spanning? : True
Is IST_4 spanning? : True
Is IST_5 spanning? : True
Are all ISTs independent? : True

====TEST CR(650, 90, 180)====
Is IST_0 spanning? : True
Is IST_1 spanning? : True
Is IST_2 spanning? : True
Is IST_3 spanning? : True
Is IST_4 spanning? : True
Is IST_5 spanning? : True
Are all ISTs independent? : True

====TEST CR(651, 90, 180)====
Is IST_0 spanning? : True
Is IST_1 spanning? : True
Is IST_2 spanning? : True
Is IST_3 spanning? : True
Is IST_4 spanning? : True
Is IST_5 spanning? : True
Are all ISTs independent? : True

====TEST CR(652, 90, 180)====
Is IST_0 spanning? : True
Is IST_1 spanning? : True
Is IST_2 spanning? : True
Is IST_3 spanning? : True
Is IST_4 spanning? : True
Is IST_5 spanning? : True
Are all ISTs independent? : True

====TEST CR(653, 90, 180)====
Is IST_0 spanning? : True
Is IST_1 spanning? : True
Is IST_2 spanning? : True
Is IST_3 spanning? : True
Is IST_4 spanning? : True
Is IST_5 spanning? : True
Are all ISTs independent? : True

====TEST CR(654, 90, 180)====
Is IST_0 spanning? : True
Is IST_1 spanning? : True
Is IST_2 spanning? : True
Is IST_3 spanning? : True
Is IST_4 spanning? : True
Is IST_5 spanning? : True
Are all ISTs independent? : True

====TEST CR(655, 90, 180)====
Is IST_0 spanning? : True
Is IST_1 spanning? : True
Is IST_2 spanning? : True
Is IST_3 spanning? : True
Is IST_4 spanning? : True
Is IST_5 spanning? : True
Are all ISTs independent? : True

====TEST CR(656, 90, 180)====
Is IST_0 spanning? : True
Is IST_1 spanning? : True
Is IST_2 spanning? : True
Is IST_3 spanning? : True
Is IST_4 spanning? : True
Is IST_5 spanning? : True
Are all ISTs independent? : True

====TEST CR(657, 90, 180)====
Is IST_0 spanning? : True
Is IST_1 spanning? : True
Is IST_2 spanning? : True
Is IST_3 spanning? : True
Is IST_4 spanning? : True
Is IST_5 spanning? : True
Are all ISTs independent? : True

====TEST CR(658, 90, 180)====
Is IST_0 spanning? : True
Is IST_1 spanning? : True
Is IST_2 spanning? : True
Is IST_3 spanning? : True
Is IST_4 spanning? : True
Is IST_5 spanning? : True
Are all ISTs independent? : True

====TEST CR(659, 90, 180)====
Is IST_0 spanning? : True
Is IST_1 spanning? : True
Is IST_2 spanning? : True
Is IST_3 spanning? : True
Is IST_4 spanning? : True
Is IST_5 spanning? : True
Are all ISTs independent? : True

====TEST CR(660, 90, 180)====
Is IST_0 spanning? : True
Is IST_1 spanning? : True
Is IST_2 spanning? : True
Is IST_3 spanning? : True
Is IST_4 spanning? : True
Is IST_5 spanning? : True
Are all ISTs independent? : True

====TEST CR(661, 90, 180)====
Is IST_0 spanning? : True
Is IST_1 spanning? : True
Is IST_2 spanning? : True
Is IST_3 spanning? : True
Is IST_4 spanning? : True
Is IST_5 spanning? : True
Are all ISTs independent? : True

====TEST CR(662, 90, 180)====
Is IST_0 spanning? : True
Is IST_1 spanning? : True
Is IST_2 spanning? : True
Is IST_3 spanning? : True
Is IST_4 spanning? : True
Is IST_5 spanning? : True
Are all ISTs independent? : True

====TEST CR(663, 90, 180)====
Is IST_0 spanning? : True
Is IST_1 spanning? : True
Is IST_2 spanning? : True
Is IST_3 spanning? : True
Is IST_4 spanning? : True
Is IST_5 spanning? : True
Are all ISTs independent? : True

====TEST CR(664, 90, 180)====
Is IST_0 spanning? : True
Is IST_1 spanning? : True
Is IST_2 spanning? : True
Is IST_3 spanning? : True
Is IST_4 spanning? : True
Is IST_5 spanning? : True
Are all ISTs independent? : True

====TEST CR(665, 90, 180)====
Is IST_0 spanning? : True
Is IST_1 spanning? : True
Is IST_2 spanning? : True
Is IST_3 spanning? : True
Is IST_4 spanning? : True
Is IST_5 spanning? : True
Are all ISTs independent? : True

====TEST CR(666, 90, 180)====
Is IST_0 spanning? : True
Is IST_1 spanning? : True
Is IST_2 spanning? : True
Is IST_3 spanning? : True
Is IST_4 spanning? : True
Is IST_5 spanning? : True
Are all ISTs independent? : True

====TEST CR(667, 90, 180)====
Is IST_0 spanning? : True
Is IST_1 spanning? : True
Is IST_2 spanning? : True
Is IST_3 spanning? : True
Is IST_4 spanning? : True
Is IST_5 spanning? : True
Are all ISTs independent? : True

====TEST CR(668, 90, 180)====
Is IST_0 spanning? : True
Is IST_1 spanning? : True
Is IST_2 spanning? : True
Is IST_3 spanning? : True
Is IST_4 spanning? : True
Is IST_5 spanning? : True
Are all ISTs independent? : True

====TEST CR(546, 91, 182)====
Is IST_0 spanning? : True
Is IST_1 spanning? : True
Is IST_2 spanning? : True
Is IST_3 spanning? : True
Is IST_4 spanning? : True
Is IST_5 spanning? : True
Are all ISTs independent? : True

====TEST CR(547, 91, 182)====
Is IST_0 spanning? : True
Is IST_1 spanning? : True
Is IST_2 spanning? : True
Is IST_3 spanning? : True
Is IST_4 spanning? : True
Is IST_5 spanning? : True
Are all ISTs independent? : True

====TEST CR(548, 91, 182)====
Is IST_0 spanning? : True
Is IST_1 spanning? : True
Is IST_2 spanning? : True
Is IST_3 spanning? : True
Is IST_4 spanning? : True
Is IST_5 spanning? : True
Are all ISTs independent? : True

====TEST CR(549, 91, 182)====
Is IST_0 spanning? : True
Is IST_1 spanning? : True
Is IST_2 spanning? : True
Is IST_3 spanning? : True
Is IST_4 spanning? : True
Is IST_5 spanning? : True
Are all ISTs independent? : True

====TEST CR(550, 91, 182)====
Is IST_0 spanning? : True
Is IST_1 spanning? : True
Is IST_2 spanning? : True
Is IST_3 spanning? : True
Is IST_4 spanning? : True
Is IST_5 spanning? : True
Are all ISTs independent? : True

====TEST CR(551, 91, 182)====
Is IST_0 spanning? : True
Is IST_1 spanning? : True
Is IST_2 spanning? : True
Is IST_3 spanning? : True
Is IST_4 spanning? : True
Is IST_5 spanning? : True
Are all ISTs independent? : True

====TEST CR(552, 91, 182)====
Is IST_0 spanning? : True
Is IST_1 spanning? : True
Is IST_2 spanning? : True
Is IST_3 spanning? : True
Is IST_4 spanning? : True
Is IST_5 spanning? : True
Are all ISTs independent? : True

====TEST CR(553, 91, 182)====
Is IST_0 spanning? : True
Is IST_1 spanning? : True
Is IST_2 spanning? : True
Is IST_3 spanning? : True
Is IST_4 spanning? : True
Is IST_5 spanning? : True
Are all ISTs independent? : True

====TEST CR(554, 91, 182)====
Is IST_0 spanning? : True
Is IST_1 spanning? : True
Is IST_2 spanning? : True
Is IST_3 spanning? : True
Is IST_4 spanning? : True
Is IST_5 spanning? : True
Are all ISTs independent? : True

====TEST CR(555, 91, 182)====
Is IST_0 spanning? : True
Is IST_1 spanning? : True
Is IST_2 spanning? : True
Is IST_3 spanning? : True
Is IST_4 spanning? : True
Is IST_5 spanning? : True
Are all ISTs independent? : True

====TEST CR(556, 91, 182)====
Is IST_0 spanning? : True
Is IST_1 spanning? : True
Is IST_2 spanning? : True
Is IST_3 spanning? : True
Is IST_4 spanning? : True
Is IST_5 spanning? : True
Are all ISTs independent? : True

====TEST CR(557, 91, 182)====
Is IST_0 spanning? : True
Is IST_1 spanning? : True
Is IST_2 spanning? : True
Is IST_3 spanning? : True
Is IST_4 spanning? : True
Is IST_5 spanning? : True
Are all ISTs independent? : True

====TEST CR(558, 91, 182)====
Is IST_0 spanning? : True
Is IST_1 spanning? : True
Is IST_2 spanning? : True
Is IST_3 spanning? : True
Is IST_4 spanning? : True
Is IST_5 spanning? : True
Are all ISTs independent? : True

====TEST CR(559, 91, 182)====
Is IST_0 spanning? : True
Is IST_1 spanning? : True
Is IST_2 spanning? : True
Is IST_3 spanning? : True
Is IST_4 spanning? : True
Is IST_5 spanning? : True
Are all ISTs independent? : True

====TEST CR(560, 91, 182)====
Is IST_0 spanning? : True
Is IST_1 spanning? : True
Is IST_2 spanning? : True
Is IST_3 spanning? : True
Is IST_4 spanning? : True
Is IST_5 spanning? : True
Are all ISTs independent? : True

====TEST CR(561, 91, 182)====
Is IST_0 spanning? : True
Is IST_1 spanning? : True
Is IST_2 spanning? : True
Is IST_3 spanning? : True
Is IST_4 spanning? : True
Is IST_5 spanning? : True
Are all ISTs independent? : True

====TEST CR(562, 91, 182)====
Is IST_0 spanning? : True
Is IST_1 spanning? : True
Is IST_2 spanning? : True
Is IST_3 spanning? : True
Is IST_4 spanning? : True
Is IST_5 spanning? : True
Are all ISTs independent? : True

====TEST CR(563, 91, 182)====
Is IST_0 spanning? : True
Is IST_1 spanning? : True
Is IST_2 spanning? : True
Is IST_3 spanning? : True
Is IST_4 spanning? : True
Is IST_5 spanning? : True
Are all ISTs independent? : True

====TEST CR(564, 91, 182)====
Is IST_0 spanning? : True
Is IST_1 spanning? : True
Is IST_2 spanning? : True
Is IST_3 spanning? : True
Is IST_4 spanning? : True
Is IST_5 spanning? : True
Are all ISTs independent? : True

====TEST CR(565, 91, 182)====
Is IST_0 spanning? : True
Is IST_1 spanning? : True
Is IST_2 spanning? : True
Is IST_3 spanning? : True
Is IST_4 spanning? : True
Is IST_5 spanning? : True
Are all ISTs independent? : True

====TEST CR(566, 91, 182)====
Is IST_0 spanning? : True
Is IST_1 spanning? : True
Is IST_2 spanning? : True
Is IST_3 spanning? : True
Is IST_4 spanning? : True
Is IST_5 spanning? : True
Are all ISTs independent? : True

====TEST CR(567, 91, 182)====
Is IST_0 spanning? : True
Is IST_1 spanning? : True
Is IST_2 spanning? : True
Is IST_3 spanning? : True
Is IST_4 spanning? : True
Is IST_5 spanning? : True
Are all ISTs independent? : True

====TEST CR(568, 91, 182)====
Is IST_0 spanning? : True
Is IST_1 spanning? : True
Is IST_2 spanning? : True
Is IST_3 spanning? : True
Is IST_4 spanning? : True
Is IST_5 spanning? : True
Are all ISTs independent? : True

====TEST CR(569, 91, 182)====
Is IST_0 spanning? : True
Is IST_1 spanning? : True
Is IST_2 spanning? : True
Is IST_3 spanning? : True
Is IST_4 spanning? : True
Is IST_5 spanning? : True
Are all ISTs independent? : True

====TEST CR(570, 91, 182)====
Is IST_0 spanning? : True
Is IST_1 spanning? : True
Is IST_2 spanning? : True
Is IST_3 spanning? : True
Is IST_4 spanning? : True
Is IST_5 spanning? : True
Are all ISTs independent? : True

====TEST CR(571, 91, 182)====
Is IST_0 spanning? : True
Is IST_1 spanning? : True
Is IST_2 spanning? : True
Is IST_3 spanning? : True
Is IST_4 spanning? : True
Is IST_5 spanning? : True
Are all ISTs independent? : True

====TEST CR(572, 91, 182)====
Is IST_0 spanning? : True
Is IST_1 spanning? : True
Is IST_2 spanning? : True
Is IST_3 spanning? : True
Is IST_4 spanning? : True
Is IST_5 spanning? : True
Are all ISTs independent? : True

====TEST CR(573, 91, 182)====
Is IST_0 spanning? : True
Is IST_1 spanning? : True
Is IST_2 spanning? : True
Is IST_3 spanning? : True
Is IST_4 spanning? : True
Is IST_5 spanning? : True
Are all ISTs independent? : True

====TEST CR(574, 91, 182)====
Is IST_0 spanning? : True
Is IST_1 spanning? : True
Is IST_2 spanning? : True
Is IST_3 spanning? : True
Is IST_4 spanning? : True
Is IST_5 spanning? : True
Are all ISTs independent? : True

====TEST CR(575, 91, 182)====
Is IST_0 spanning? : True
Is IST_1 spanning? : True
Is IST_2 spanning? : True
Is IST_3 spanning? : True
Is IST_4 spanning? : True
Is IST_5 spanning? : True
Are all ISTs independent? : True

====TEST CR(576, 91, 182)====
Is IST_0 spanning? : True
Is IST_1 spanning? : True
Is IST_2 spanning? : True
Is IST_3 spanning? : True
Is IST_4 spanning? : True
Is IST_5 spanning? : True
Are all ISTs independent? : True

====TEST CR(577, 91, 182)====
Is IST_0 spanning? : True
Is IST_1 spanning? : True
Is IST_2 spanning? : True
Is IST_3 spanning? : True
Is IST_4 spanning? : True
Is IST_5 spanning? : True
Are all ISTs independent? : True

====TEST CR(578, 91, 182)====
Is IST_0 spanning? : True
Is IST_1 spanning? : True
Is IST_2 spanning? : True
Is IST_3 spanning? : True
Is IST_4 spanning? : True
Is IST_5 spanning? : True
Are all ISTs independent? : True

====TEST CR(579, 91, 182)====
Is IST_0 spanning? : True
Is IST_1 spanning? : True
Is IST_2 spanning? : True
Is IST_3 spanning? : True
Is IST_4 spanning? : True
Is IST_5 spanning? : True
Are all ISTs independent? : True

====TEST CR(580, 91, 182)====
Is IST_0 spanning? : True
Is IST_1 spanning? : True
Is IST_2 spanning? : True
Is IST_3 spanning? : True
Is IST_4 spanning? : True
Is IST_5 spanning? : True
Are all ISTs independent? : True

====TEST CR(581, 91, 182)====
Is IST_0 spanning? : True
Is IST_1 spanning? : True
Is IST_2 spanning? : True
Is IST_3 spanning? : True
Is IST_4 spanning? : True
Is IST_5 spanning? : True
Are all ISTs independent? : True

====TEST CR(582, 91, 182)====
Is IST_0 spanning? : True
Is IST_1 spanning? : True
Is IST_2 spanning? : True
Is IST_3 spanning? : True
Is IST_4 spanning? : True
Is IST_5 spanning? : True
Are all ISTs independent? : True

====TEST CR(583, 91, 182)====
Is IST_0 spanning? : True
Is IST_1 spanning? : True
Is IST_2 spanning? : True
Is IST_3 spanning? : True
Is IST_4 spanning? : True
Is IST_5 spanning? : True
Are all ISTs independent? : True

====TEST CR(584, 91, 182)====
Is IST_0 spanning? : True
Is IST_1 spanning? : True
Is IST_2 spanning? : True
Is IST_3 spanning? : True
Is IST_4 spanning? : True
Is IST_5 spanning? : True
Are all ISTs independent? : True

====TEST CR(585, 91, 182)====
Is IST_0 spanning? : True
Is IST_1 spanning? : True
Is IST_2 spanning? : True
Is IST_3 spanning? : True
Is IST_4 spanning? : True
Is IST_5 spanning? : True
Are all ISTs independent? : True

====TEST CR(586, 91, 182)====
Is IST_0 spanning? : True
Is IST_1 spanning? : True
Is IST_2 spanning? : True
Is IST_3 spanning? : True
Is IST_4 spanning? : True
Is IST_5 spanning? : True
Are all ISTs independent? : True

====TEST CR(587, 91, 182)====
Is IST_0 spanning? : True
Is IST_1 spanning? : True
Is IST_2 spanning? : True
Is IST_3 spanning? : True
Is IST_4 spanning? : True
Is IST_5 spanning? : True
Are all ISTs independent? : True

====TEST CR(588, 91, 182)====
Is IST_0 spanning? : True
Is IST_1 spanning? : True
Is IST_2 spanning? : True
Is IST_3 spanning? : True
Is IST_4 spanning? : True
Is IST_5 spanning? : True
Are all ISTs independent? : True

====TEST CR(589, 91, 182)====
Is IST_0 spanning? : True
Is IST_1 spanning? : True
Is IST_2 spanning? : True
Is IST_3 spanning? : True
Is IST_4 spanning? : True
Is IST_5 spanning? : True
Are all ISTs independent? : True

====TEST CR(590, 91, 182)====
Is IST_0 spanning? : True
Is IST_1 spanning? : True
Is IST_2 spanning? : True
Is IST_3 spanning? : True
Is IST_4 spanning? : True
Is IST_5 spanning? : True
Are all ISTs independent? : True

====TEST CR(591, 91, 182)====
Is IST_0 spanning? : True
Is IST_1 spanning? : True
Is IST_2 spanning? : True
Is IST_3 spanning? : True
Is IST_4 spanning? : True
Is IST_5 spanning? : True
Are all ISTs independent? : True

====TEST CR(592, 91, 182)====
Is IST_0 spanning? : True
Is IST_1 spanning? : True
Is IST_2 spanning? : True
Is IST_3 spanning? : True
Is IST_4 spanning? : True
Is IST_5 spanning? : True
Are all ISTs independent? : True

====TEST CR(593, 91, 182)====
Is IST_0 spanning? : True
Is IST_1 spanning? : True
Is IST_2 spanning? : True
Is IST_3 spanning? : True
Is IST_4 spanning? : True
Is IST_5 spanning? : True
Are all ISTs independent? : True

====TEST CR(594, 91, 182)====
Is IST_0 spanning? : True
Is IST_1 spanning? : True
Is IST_2 spanning? : True
Is IST_3 spanning? : True
Is IST_4 spanning? : True
Is IST_5 spanning? : True
Are all ISTs independent? : True

====TEST CR(595, 91, 182)====
Is IST_0 spanning? : True
Is IST_1 spanning? : True
Is IST_2 spanning? : True
Is IST_3 spanning? : True
Is IST_4 spanning? : True
Is IST_5 spanning? : True
Are all ISTs independent? : True

====TEST CR(596, 91, 182)====
Is IST_0 spanning? : True
Is IST_1 spanning? : True
Is IST_2 spanning? : True
Is IST_3 spanning? : True
Is IST_4 spanning? : True
Is IST_5 spanning? : True
Are all ISTs independent? : True

====TEST CR(597, 91, 182)====
Is IST_0 spanning? : True
Is IST_1 spanning? : True
Is IST_2 spanning? : True
Is IST_3 spanning? : True
Is IST_4 spanning? : True
Is IST_5 spanning? : True
Are all ISTs independent? : True

====TEST CR(598, 91, 182)====
Is IST_0 spanning? : True
Is IST_1 spanning? : True
Is IST_2 spanning? : True
Is IST_3 spanning? : True
Is IST_4 spanning? : True
Is IST_5 spanning? : True
Are all ISTs independent? : True

====TEST CR(599, 91, 182)====
Is IST_0 spanning? : True
Is IST_1 spanning? : True
Is IST_2 spanning? : True
Is IST_3 spanning? : True
Is IST_4 spanning? : True
Is IST_5 spanning? : True
Are all ISTs independent? : True

====TEST CR(600, 91, 182)====
Is IST_0 spanning? : True
Is IST_1 spanning? : True
Is IST_2 spanning? : True
Is IST_3 spanning? : True
Is IST_4 spanning? : True
Is IST_5 spanning? : True
Are all ISTs independent? : True

====TEST CR(601, 91, 182)====
Is IST_0 spanning? : True
Is IST_1 spanning? : True
Is IST_2 spanning? : True
Is IST_3 spanning? : True
Is IST_4 spanning? : True
Is IST_5 spanning? : True
Are all ISTs independent? : True

====TEST CR(602, 91, 182)====
Is IST_0 spanning? : True
Is IST_1 spanning? : True
Is IST_2 spanning? : True
Is IST_3 spanning? : True
Is IST_4 spanning? : True
Is IST_5 spanning? : True
Are all ISTs independent? : True

====TEST CR(603, 91, 182)====
Is IST_0 spanning? : True
Is IST_1 spanning? : True
Is IST_2 spanning? : True
Is IST_3 spanning? : True
Is IST_4 spanning? : True
Is IST_5 spanning? : True
Are all ISTs independent? : True

====TEST CR(604, 91, 182)====
Is IST_0 spanning? : True
Is IST_1 spanning? : True
Is IST_2 spanning? : True
Is IST_3 spanning? : True
Is IST_4 spanning? : True
Is IST_5 spanning? : True
Are all ISTs independent? : True

====TEST CR(605, 91, 182)====
Is IST_0 spanning? : True
Is IST_1 spanning? : True
Is IST_2 spanning? : True
Is IST_3 spanning? : True
Is IST_4 spanning? : True
Is IST_5 spanning? : True
Are all ISTs independent? : True

====TEST CR(606, 91, 182)====
Is IST_0 spanning? : True
Is IST_1 spanning? : True
Is IST_2 spanning? : True
Is IST_3 spanning? : True
Is IST_4 spanning? : True
Is IST_5 spanning? : True
Are all ISTs independent? : True

====TEST CR(607, 91, 182)====
Is IST_0 spanning? : True
Is IST_1 spanning? : True
Is IST_2 spanning? : True
Is IST_3 spanning? : True
Is IST_4 spanning? : True
Is IST_5 spanning? : True
Are all ISTs independent? : True

====TEST CR(608, 91, 182)====
Is IST_0 spanning? : True
Is IST_1 spanning? : True
Is IST_2 spanning? : True
Is IST_3 spanning? : True
Is IST_4 spanning? : True
Is IST_5 spanning? : True
Are all ISTs independent? : True

====TEST CR(609, 91, 182)====
Is IST_0 spanning? : True
Is IST_1 spanning? : True
Is IST_2 spanning? : True
Is IST_3 spanning? : True
Is IST_4 spanning? : True
Is IST_5 spanning? : True
Are all ISTs independent? : True

====TEST CR(610, 91, 182)====
Is IST_0 spanning? : True
Is IST_1 spanning? : True
Is IST_2 spanning? : True
Is IST_3 spanning? : True
Is IST_4 spanning? : True
Is IST_5 spanning? : True
Are all ISTs independent? : True

====TEST CR(611, 91, 182)====
Is IST_0 spanning? : True
Is IST_1 spanning? : True
Is IST_2 spanning? : True
Is IST_3 spanning? : True
Is IST_4 spanning? : True
Is IST_5 spanning? : True
Are all ISTs independent? : True

====TEST CR(612, 91, 182)====
Is IST_0 spanning? : True
Is IST_1 spanning? : True
Is IST_2 spanning? : True
Is IST_3 spanning? : True
Is IST_4 spanning? : True
Is IST_5 spanning? : True
Are all ISTs independent? : True

====TEST CR(613, 91, 182)====
Is IST_0 spanning? : True
Is IST_1 spanning? : True
Is IST_2 spanning? : True
Is IST_3 spanning? : True
Is IST_4 spanning? : True
Is IST_5 spanning? : True
Are all ISTs independent? : True

====TEST CR(614, 91, 182)====
Is IST_0 spanning? : True
Is IST_1 spanning? : True
Is IST_2 spanning? : True
Is IST_3 spanning? : True
Is IST_4 spanning? : True
Is IST_5 spanning? : True
Are all ISTs independent? : True

====TEST CR(615, 91, 182)====
Is IST_0 spanning? : True
Is IST_1 spanning? : True
Is IST_2 spanning? : True
Is IST_3 spanning? : True
Is IST_4 spanning? : True
Is IST_5 spanning? : True
Are all ISTs independent? : True

====TEST CR(616, 91, 182)====
Is IST_0 spanning? : True
Is IST_1 spanning? : True
Is IST_2 spanning? : True
Is IST_3 spanning? : True
Is IST_4 spanning? : True
Is IST_5 spanning? : True
Are all ISTs independent? : True

====TEST CR(617, 91, 182)====
Is IST_0 spanning? : True
Is IST_1 spanning? : True
Is IST_2 spanning? : True
Is IST_3 spanning? : True
Is IST_4 spanning? : True
Is IST_5 spanning? : True
Are all ISTs independent? : True

====TEST CR(618, 91, 182)====
Is IST_0 spanning? : True
Is IST_1 spanning? : True
Is IST_2 spanning? : True
Is IST_3 spanning? : True
Is IST_4 spanning? : True
Is IST_5 spanning? : True
Are all ISTs independent? : True

====TEST CR(619, 91, 182)====
Is IST_0 spanning? : True
Is IST_1 spanning? : True
Is IST_2 spanning? : True
Is IST_3 spanning? : True
Is IST_4 spanning? : True
Is IST_5 spanning? : True
Are all ISTs independent? : True

====TEST CR(620, 91, 182)====
Is IST_0 spanning? : True
Is IST_1 spanning? : True
Is IST_2 spanning? : True
Is IST_3 spanning? : True
Is IST_4 spanning? : True
Is IST_5 spanning? : True
Are all ISTs independent? : True

====TEST CR(621, 91, 182)====
Is IST_0 spanning? : True
Is IST_1 spanning? : True
Is IST_2 spanning? : True
Is IST_3 spanning? : True
Is IST_4 spanning? : True
Is IST_5 spanning? : True
Are all ISTs independent? : True

====TEST CR(622, 91, 182)====
Is IST_0 spanning? : True
Is IST_1 spanning? : True
Is IST_2 spanning? : True
Is IST_3 spanning? : True
Is IST_4 spanning? : True
Is IST_5 spanning? : True
Are all ISTs independent? : True

====TEST CR(623, 91, 182)====
Is IST_0 spanning? : True
Is IST_1 spanning? : True
Is IST_2 spanning? : True
Is IST_3 spanning? : True
Is IST_4 spanning? : True
Is IST_5 spanning? : True
Are all ISTs independent? : True

====TEST CR(624, 91, 182)====
Is IST_0 spanning? : True
Is IST_1 spanning? : True
Is IST_2 spanning? : True
Is IST_3 spanning? : True
Is IST_4 spanning? : True
Is IST_5 spanning? : True
Are all ISTs independent? : True

====TEST CR(625, 91, 182)====
Is IST_0 spanning? : True
Is IST_1 spanning? : True
Is IST_2 spanning? : True
Is IST_3 spanning? : True
Is IST_4 spanning? : True
Is IST_5 spanning? : True
Are all ISTs independent? : True

====TEST CR(626, 91, 182)====
Is IST_0 spanning? : True
Is IST_1 spanning? : True
Is IST_2 spanning? : True
Is IST_3 spanning? : True
Is IST_4 spanning? : True
Is IST_5 spanning? : True
Are all ISTs independent? : True

====TEST CR(627, 91, 182)====
Is IST_0 spanning? : True
Is IST_1 spanning? : True
Is IST_2 spanning? : True
Is IST_3 spanning? : True
Is IST_4 spanning? : True
Is IST_5 spanning? : True
Are all ISTs independent? : True

====TEST CR(628, 91, 182)====
Is IST_0 spanning? : True
Is IST_1 spanning? : True
Is IST_2 spanning? : True
Is IST_3 spanning? : True
Is IST_4 spanning? : True
Is IST_5 spanning? : True
Are all ISTs independent? : True

====TEST CR(629, 91, 182)====
Is IST_0 spanning? : True
Is IST_1 spanning? : True
Is IST_2 spanning? : True
Is IST_3 spanning? : True
Is IST_4 spanning? : True
Is IST_5 spanning? : True
Are all ISTs independent? : True

====TEST CR(630, 91, 182)====
Is IST_0 spanning? : True
Is IST_1 spanning? : True
Is IST_2 spanning? : True
Is IST_3 spanning? : True
Is IST_4 spanning? : True
Is IST_5 spanning? : True
Are all ISTs independent? : True

====TEST CR(631, 91, 182)====
Is IST_0 spanning? : True
Is IST_1 spanning? : True
Is IST_2 spanning? : True
Is IST_3 spanning? : True
Is IST_4 spanning? : True
Is IST_5 spanning? : True
Are all ISTs independent? : True

====TEST CR(632, 91, 182)====
Is IST_0 spanning? : True
Is IST_1 spanning? : True
Is IST_2 spanning? : True
Is IST_3 spanning? : True
Is IST_4 spanning? : True
Is IST_5 spanning? : True
Are all ISTs independent? : True

====TEST CR(633, 91, 182)====
Is IST_0 spanning? : True
Is IST_1 spanning? : True
Is IST_2 spanning? : True
Is IST_3 spanning? : True
Is IST_4 spanning? : True
Is IST_5 spanning? : True
Are all ISTs independent? : True

====TEST CR(634, 91, 182)====
Is IST_0 spanning? : True
Is IST_1 spanning? : True
Is IST_2 spanning? : True
Is IST_3 spanning? : True
Is IST_4 spanning? : True
Is IST_5 spanning? : True
Are all ISTs independent? : True

====TEST CR(635, 91, 182)====
Is IST_0 spanning? : True
Is IST_1 spanning? : True
Is IST_2 spanning? : True
Is IST_3 spanning? : True
Is IST_4 spanning? : True
Is IST_5 spanning? : True
Are all ISTs independent? : True

====TEST CR(636, 91, 182)====
Is IST_0 spanning? : True
Is IST_1 spanning? : True
Is IST_2 spanning? : True
Is IST_3 spanning? : True
Is IST_4 spanning? : True
Is IST_5 spanning? : True
Are all ISTs independent? : True

====TEST CR(637, 91, 182)====
Is IST_0 spanning? : True
Is IST_1 spanning? : True
Is IST_2 spanning? : True
Is IST_3 spanning? : True
Is IST_4 spanning? : True
Is IST_5 spanning? : True
Are all ISTs independent? : True

====TEST CR(638, 91, 182)====
Is IST_0 spanning? : True
Is IST_1 spanning? : True
Is IST_2 spanning? : True
Is IST_3 spanning? : True
Is IST_4 spanning? : True
Is IST_5 spanning? : True
Are all ISTs independent? : True

====TEST CR(639, 91, 182)====
Is IST_0 spanning? : True
Is IST_1 spanning? : True
Is IST_2 spanning? : True
Is IST_3 spanning? : True
Is IST_4 spanning? : True
Is IST_5 spanning? : True
Are all ISTs independent? : True

====TEST CR(640, 91, 182)====
Is IST_0 spanning? : True
Is IST_1 spanning? : True
Is IST_2 spanning? : True
Is IST_3 spanning? : True
Is IST_4 spanning? : True
Is IST_5 spanning? : True
Are all ISTs independent? : True

====TEST CR(641, 91, 182)====
Is IST_0 spanning? : True
Is IST_1 spanning? : True
Is IST_2 spanning? : True
Is IST_3 spanning? : True
Is IST_4 spanning? : True
Is IST_5 spanning? : True
Are all ISTs independent? : True

====TEST CR(642, 91, 182)====
Is IST_0 spanning? : True
Is IST_1 spanning? : True
Is IST_2 spanning? : True
Is IST_3 spanning? : True
Is IST_4 spanning? : True
Is IST_5 spanning? : True
Are all ISTs independent? : True

====TEST CR(643, 91, 182)====
Is IST_0 spanning? : True
Is IST_1 spanning? : True
Is IST_2 spanning? : True
Is IST_3 spanning? : True
Is IST_4 spanning? : True
Is IST_5 spanning? : True
Are all ISTs independent? : True

====TEST CR(644, 91, 182)====
Is IST_0 spanning? : True
Is IST_1 spanning? : True
Is IST_2 spanning? : True
Is IST_3 spanning? : True
Is IST_4 spanning? : True
Is IST_5 spanning? : True
Are all ISTs independent? : True

====TEST CR(645, 91, 182)====
Is IST_0 spanning? : True
Is IST_1 spanning? : True
Is IST_2 spanning? : True
Is IST_3 spanning? : True
Is IST_4 spanning? : True
Is IST_5 spanning? : True
Are all ISTs independent? : True

====TEST CR(646, 91, 182)====
Is IST_0 spanning? : True
Is IST_1 spanning? : True
Is IST_2 spanning? : True
Is IST_3 spanning? : True
Is IST_4 spanning? : True
Is IST_5 spanning? : True
Are all ISTs independent? : True

====TEST CR(647, 91, 182)====
Is IST_0 spanning? : True
Is IST_1 spanning? : True
Is IST_2 spanning? : True
Is IST_3 spanning? : True
Is IST_4 spanning? : True
Is IST_5 spanning? : True
Are all ISTs independent? : True

====TEST CR(648, 91, 182)====
Is IST_0 spanning? : True
Is IST_1 spanning? : True
Is IST_2 spanning? : True
Is IST_3 spanning? : True
Is IST_4 spanning? : True
Is IST_5 spanning? : True
Are all ISTs independent? : True

====TEST CR(649, 91, 182)====
Is IST_0 spanning? : True
Is IST_1 spanning? : True
Is IST_2 spanning? : True
Is IST_3 spanning? : True
Is IST_4 spanning? : True
Is IST_5 spanning? : True
Are all ISTs independent? : True

====TEST CR(650, 91, 182)====
Is IST_0 spanning? : True
Is IST_1 spanning? : True
Is IST_2 spanning? : True
Is IST_3 spanning? : True
Is IST_4 spanning? : True
Is IST_5 spanning? : True
Are all ISTs independent? : True

====TEST CR(651, 91, 182)====
Is IST_0 spanning? : True
Is IST_1 spanning? : True
Is IST_2 spanning? : True
Is IST_3 spanning? : True
Is IST_4 spanning? : True
Is IST_5 spanning? : True
Are all ISTs independent? : True

====TEST CR(652, 91, 182)====
Is IST_0 spanning? : True
Is IST_1 spanning? : True
Is IST_2 spanning? : True
Is IST_3 spanning? : True
Is IST_4 spanning? : True
Is IST_5 spanning? : True
Are all ISTs independent? : True

====TEST CR(653, 91, 182)====
Is IST_0 spanning? : True
Is IST_1 spanning? : True
Is IST_2 spanning? : True
Is IST_3 spanning? : True
Is IST_4 spanning? : True
Is IST_5 spanning? : True
Are all ISTs independent? : True

====TEST CR(654, 91, 182)====
Is IST_0 spanning? : True
Is IST_1 spanning? : True
Is IST_2 spanning? : True
Is IST_3 spanning? : True
Is IST_4 spanning? : True
Is IST_5 spanning? : True
Are all ISTs independent? : True

====TEST CR(655, 91, 182)====
Is IST_0 spanning? : True
Is IST_1 spanning? : True
Is IST_2 spanning? : True
Is IST_3 spanning? : True
Is IST_4 spanning? : True
Is IST_5 spanning? : True
Are all ISTs independent? : True

====TEST CR(656, 91, 182)====
Is IST_0 spanning? : True
Is IST_1 spanning? : True
Is IST_2 spanning? : True
Is IST_3 spanning? : True
Is IST_4 spanning? : True
Is IST_5 spanning? : True
Are all ISTs independent? : True

====TEST CR(657, 91, 182)====
Is IST_0 spanning? : True
Is IST_1 spanning? : True
Is IST_2 spanning? : True
Is IST_3 spanning? : True
Is IST_4 spanning? : True
Is IST_5 spanning? : True
Are all ISTs independent? : True

====TEST CR(658, 91, 182)====
Is IST_0 spanning? : True
Is IST_1 spanning? : True
Is IST_2 spanning? : True
Is IST_3 spanning? : True
Is IST_4 spanning? : True
Is IST_5 spanning? : True
Are all ISTs independent? : True

====TEST CR(659, 91, 182)====
Is IST_0 spanning? : True
Is IST_1 spanning? : True
Is IST_2 spanning? : True
Is IST_3 spanning? : True
Is IST_4 spanning? : True
Is IST_5 spanning? : True
Are all ISTs independent? : True

====TEST CR(660, 91, 182)====
Is IST_0 spanning? : True
Is IST_1 spanning? : True
Is IST_2 spanning? : True
Is IST_3 spanning? : True
Is IST_4 spanning? : True
Is IST_5 spanning? : True
Are all ISTs independent? : True

====TEST CR(661, 91, 182)====
Is IST_0 spanning? : True
Is IST_1 spanning? : True
Is IST_2 spanning? : True
Is IST_3 spanning? : True
Is IST_4 spanning? : True
Is IST_5 spanning? : True
Are all ISTs independent? : True

====TEST CR(662, 91, 182)====
Is IST_0 spanning? : True
Is IST_1 spanning? : True
Is IST_2 spanning? : True
Is IST_3 spanning? : True
Is IST_4 spanning? : True
Is IST_5 spanning? : True
Are all ISTs independent? : True

====TEST CR(663, 91, 182)====
Is IST_0 spanning? : True
Is IST_1 spanning? : True
Is IST_2 spanning? : True
Is IST_3 spanning? : True
Is IST_4 spanning? : True
Is IST_5 spanning? : True
Are all ISTs independent? : True

====TEST CR(664, 91, 182)====
Is IST_0 spanning? : True
Is IST_1 spanning? : True
Is IST_2 spanning? : True
Is IST_3 spanning? : True
Is IST_4 spanning? : True
Is IST_5 spanning? : True
Are all ISTs independent? : True

====TEST CR(665, 91, 182)====
Is IST_0 spanning? : True
Is IST_1 spanning? : True
Is IST_2 spanning? : True
Is IST_3 spanning? : True
Is IST_4 spanning? : True
Is IST_5 spanning? : True
Are all ISTs independent? : True

====TEST CR(666, 91, 182)====
Is IST_0 spanning? : True
Is IST_1 spanning? : True
Is IST_2 spanning? : True
Is IST_3 spanning? : True
Is IST_4 spanning? : True
Is IST_5 spanning? : True
Are all ISTs independent? : True

====TEST CR(667, 91, 182)====
Is IST_0 spanning? : True
Is IST_1 spanning? : True
Is IST_2 spanning? : True
Is IST_3 spanning? : True
Is IST_4 spanning? : True
Is IST_5 spanning? : True
Are all ISTs independent? : True

====TEST CR(668, 91, 182)====
Is IST_0 spanning? : True
Is IST_1 spanning? : True
Is IST_2 spanning? : True
Is IST_3 spanning? : True
Is IST_4 spanning? : True
Is IST_5 spanning? : True
Are all ISTs independent? : True

====TEST CR(669, 91, 182)====
Is IST_0 spanning? : True
Is IST_1 spanning? : True
Is IST_2 spanning? : True
Is IST_3 spanning? : True
Is IST_4 spanning? : True
Is IST_5 spanning? : True
Are all ISTs independent? : True

====TEST CR(670, 91, 182)====
Is IST_0 spanning? : True
Is IST_1 spanning? : True
Is IST_2 spanning? : True
Is IST_3 spanning? : True
Is IST_4 spanning? : True
Is IST_5 spanning? : True
Are all ISTs independent? : True

====TEST CR(671, 91, 182)====
Is IST_0 spanning? : True
Is IST_1 spanning? : True
Is IST_2 spanning? : True
Is IST_3 spanning? : True
Is IST_4 spanning? : True
Is IST_5 spanning? : True
Are all ISTs independent? : True

====TEST CR(672, 91, 182)====
Is IST_0 spanning? : True
Is IST_1 spanning? : True
Is IST_2 spanning? : True
Is IST_3 spanning? : True
Is IST_4 spanning? : True
Is IST_5 spanning? : True
Are all ISTs independent? : True

====TEST CR(673, 91, 182)====
Is IST_0 spanning? : True
Is IST_1 spanning? : True
Is IST_2 spanning? : True
Is IST_3 spanning? : True
Is IST_4 spanning? : True
Is IST_5 spanning? : True
Are all ISTs independent? : True

====TEST CR(674, 91, 182)====
Is IST_0 spanning? : True
Is IST_1 spanning? : True
Is IST_2 spanning? : True
Is IST_3 spanning? : True
Is IST_4 spanning? : True
Is IST_5 spanning? : True
Are all ISTs independent? : True

====TEST CR(552, 92, 184)====
Is IST_0 spanning? : True
Is IST_1 spanning? : True
Is IST_2 spanning? : True
Is IST_3 spanning? : True
Is IST_4 spanning? : True
Is IST_5 spanning? : True
Are all ISTs independent? : True

====TEST CR(553, 92, 184)====
Is IST_0 spanning? : True
Is IST_1 spanning? : True
Is IST_2 spanning? : True
Is IST_3 spanning? : True
Is IST_4 spanning? : True
Is IST_5 spanning? : True
Are all ISTs independent? : True

====TEST CR(554, 92, 184)====
Is IST_0 spanning? : True
Is IST_1 spanning? : True
Is IST_2 spanning? : True
Is IST_3 spanning? : True
Is IST_4 spanning? : True
Is IST_5 spanning? : True
Are all ISTs independent? : True

====TEST CR(555, 92, 184)====
Is IST_0 spanning? : True
Is IST_1 spanning? : True
Is IST_2 spanning? : True
Is IST_3 spanning? : True
Is IST_4 spanning? : True
Is IST_5 spanning? : True
Are all ISTs independent? : True

====TEST CR(556, 92, 184)====
Is IST_0 spanning? : True
Is IST_1 spanning? : True
Is IST_2 spanning? : True
Is IST_3 spanning? : True
Is IST_4 spanning? : True
Is IST_5 spanning? : True
Are all ISTs independent? : True

====TEST CR(557, 92, 184)====
Is IST_0 spanning? : True
Is IST_1 spanning? : True
Is IST_2 spanning? : True
Is IST_3 spanning? : True
Is IST_4 spanning? : True
Is IST_5 spanning? : True
Are all ISTs independent? : True

====TEST CR(558, 92, 184)====
Is IST_0 spanning? : True
Is IST_1 spanning? : True
Is IST_2 spanning? : True
Is IST_3 spanning? : True
Is IST_4 spanning? : True
Is IST_5 spanning? : True
Are all ISTs independent? : True

====TEST CR(559, 92, 184)====
Is IST_0 spanning? : True
Is IST_1 spanning? : True
Is IST_2 spanning? : True
Is IST_3 spanning? : True
Is IST_4 spanning? : True
Is IST_5 spanning? : True
Are all ISTs independent? : True

====TEST CR(560, 92, 184)====
Is IST_0 spanning? : True
Is IST_1 spanning? : True
Is IST_2 spanning? : True
Is IST_3 spanning? : True
Is IST_4 spanning? : True
Is IST_5 spanning? : True
Are all ISTs independent? : True

====TEST CR(561, 92, 184)====
Is IST_0 spanning? : True
Is IST_1 spanning? : True
Is IST_2 spanning? : True
Is IST_3 spanning? : True
Is IST_4 spanning? : True
Is IST_5 spanning? : True
Are all ISTs independent? : True

====TEST CR(562, 92, 184)====
Is IST_0 spanning? : True
Is IST_1 spanning? : True
Is IST_2 spanning? : True
Is IST_3 spanning? : True
Is IST_4 spanning? : True
Is IST_5 spanning? : True
Are all ISTs independent? : True

====TEST CR(563, 92, 184)====
Is IST_0 spanning? : True
Is IST_1 spanning? : True
Is IST_2 spanning? : True
Is IST_3 spanning? : True
Is IST_4 spanning? : True
Is IST_5 spanning? : True
Are all ISTs independent? : True

====TEST CR(564, 92, 184)====
Is IST_0 spanning? : True
Is IST_1 spanning? : True
Is IST_2 spanning? : True
Is IST_3 spanning? : True
Is IST_4 spanning? : True
Is IST_5 spanning? : True
Are all ISTs independent? : True

====TEST CR(565, 92, 184)====
Is IST_0 spanning? : True
Is IST_1 spanning? : True
Is IST_2 spanning? : True
Is IST_3 spanning? : True
Is IST_4 spanning? : True
Is IST_5 spanning? : True
Are all ISTs independent? : True

====TEST CR(566, 92, 184)====
Is IST_0 spanning? : True
Is IST_1 spanning? : True
Is IST_2 spanning? : True
Is IST_3 spanning? : True
Is IST_4 spanning? : True
Is IST_5 spanning? : True
Are all ISTs independent? : True

====TEST CR(567, 92, 184)====
Is IST_0 spanning? : True
Is IST_1 spanning? : True
Is IST_2 spanning? : True
Is IST_3 spanning? : True
Is IST_4 spanning? : True
Is IST_5 spanning? : True
Are all ISTs independent? : True

====TEST CR(568, 92, 184)====
Is IST_0 spanning? : True
Is IST_1 spanning? : True
Is IST_2 spanning? : True
Is IST_3 spanning? : True
Is IST_4 spanning? : True
Is IST_5 spanning? : True
Are all ISTs independent? : True

====TEST CR(569, 92, 184)====
Is IST_0 spanning? : True
Is IST_1 spanning? : True
Is IST_2 spanning? : True
Is IST_3 spanning? : True
Is IST_4 spanning? : True
Is IST_5 spanning? : True
Are all ISTs independent? : True

====TEST CR(570, 92, 184)====
Is IST_0 spanning? : True
Is IST_1 spanning? : True
Is IST_2 spanning? : True
Is IST_3 spanning? : True
Is IST_4 spanning? : True
Is IST_5 spanning? : True
Are all ISTs independent? : True

====TEST CR(571, 92, 184)====
Is IST_0 spanning? : True
Is IST_1 spanning? : True
Is IST_2 spanning? : True
Is IST_3 spanning? : True
Is IST_4 spanning? : True
Is IST_5 spanning? : True
Are all ISTs independent? : True

====TEST CR(572, 92, 184)====
Is IST_0 spanning? : True
Is IST_1 spanning? : True
Is IST_2 spanning? : True
Is IST_3 spanning? : True
Is IST_4 spanning? : True
Is IST_5 spanning? : True
Are all ISTs independent? : True

====TEST CR(573, 92, 184)====
Is IST_0 spanning? : True
Is IST_1 spanning? : True
Is IST_2 spanning? : True
Is IST_3 spanning? : True
Is IST_4 spanning? : True
Is IST_5 spanning? : True
Are all ISTs independent? : True

====TEST CR(574, 92, 184)====
Is IST_0 spanning? : True
Is IST_1 spanning? : True
Is IST_2 spanning? : True
Is IST_3 spanning? : True
Is IST_4 spanning? : True
Is IST_5 spanning? : True
Are all ISTs independent? : True

====TEST CR(575, 92, 184)====
Is IST_0 spanning? : True
Is IST_1 spanning? : True
Is IST_2 spanning? : True
Is IST_3 spanning? : True
Is IST_4 spanning? : True
Is IST_5 spanning? : True
Are all ISTs independent? : True

====TEST CR(576, 92, 184)====
Is IST_0 spanning? : True
Is IST_1 spanning? : True
Is IST_2 spanning? : True
Is IST_3 spanning? : True
Is IST_4 spanning? : True
Is IST_5 spanning? : True
Are all ISTs independent? : True

====TEST CR(577, 92, 184)====
Is IST_0 spanning? : True
Is IST_1 spanning? : True
Is IST_2 spanning? : True
Is IST_3 spanning? : True
Is IST_4 spanning? : True
Is IST_5 spanning? : True
Are all ISTs independent? : True

====TEST CR(578, 92, 184)====
Is IST_0 spanning? : True
Is IST_1 spanning? : True
Is IST_2 spanning? : True
Is IST_3 spanning? : True
Is IST_4 spanning? : True
Is IST_5 spanning? : True
Are all ISTs independent? : True

====TEST CR(579, 92, 184)====
Is IST_0 spanning? : True
Is IST_1 spanning? : True
Is IST_2 spanning? : True
Is IST_3 spanning? : True
Is IST_4 spanning? : True
Is IST_5 spanning? : True
Are all ISTs independent? : True

====TEST CR(580, 92, 184)====
Is IST_0 spanning? : True
Is IST_1 spanning? : True
Is IST_2 spanning? : True
Is IST_3 spanning? : True
Is IST_4 spanning? : True
Is IST_5 spanning? : True
Are all ISTs independent? : True

====TEST CR(581, 92, 184)====
Is IST_0 spanning? : True
Is IST_1 spanning? : True
Is IST_2 spanning? : True
Is IST_3 spanning? : True
Is IST_4 spanning? : True
Is IST_5 spanning? : True
Are all ISTs independent? : True

====TEST CR(582, 92, 184)====
Is IST_0 spanning? : True
Is IST_1 spanning? : True
Is IST_2 spanning? : True
Is IST_3 spanning? : True
Is IST_4 spanning? : True
Is IST_5 spanning? : True
Are all ISTs independent? : True

====TEST CR(583, 92, 184)====
Is IST_0 spanning? : True
Is IST_1 spanning? : True
Is IST_2 spanning? : True
Is IST_3 spanning? : True
Is IST_4 spanning? : True
Is IST_5 spanning? : True
Are all ISTs independent? : True

====TEST CR(584, 92, 184)====
Is IST_0 spanning? : True
Is IST_1 spanning? : True
Is IST_2 spanning? : True
Is IST_3 spanning? : True
Is IST_4 spanning? : True
Is IST_5 spanning? : True
Are all ISTs independent? : True

====TEST CR(585, 92, 184)====
Is IST_0 spanning? : True
Is IST_1 spanning? : True
Is IST_2 spanning? : True
Is IST_3 spanning? : True
Is IST_4 spanning? : True
Is IST_5 spanning? : True
Are all ISTs independent? : True

====TEST CR(586, 92, 184)====
Is IST_0 spanning? : True
Is IST_1 spanning? : True
Is IST_2 spanning? : True
Is IST_3 spanning? : True
Is IST_4 spanning? : True
Is IST_5 spanning? : True
Are all ISTs independent? : True

====TEST CR(587, 92, 184)====
Is IST_0 spanning? : True
Is IST_1 spanning? : True
Is IST_2 spanning? : True
Is IST_3 spanning? : True
Is IST_4 spanning? : True
Is IST_5 spanning? : True
Are all ISTs independent? : True

====TEST CR(588, 92, 184)====
Is IST_0 spanning? : True
Is IST_1 spanning? : True
Is IST_2 spanning? : True
Is IST_3 spanning? : True
Is IST_4 spanning? : True
Is IST_5 spanning? : True
Are all ISTs independent? : True

====TEST CR(589, 92, 184)====
Is IST_0 spanning? : True
Is IST_1 spanning? : True
Is IST_2 spanning? : True
Is IST_3 spanning? : True
Is IST_4 spanning? : True
Is IST_5 spanning? : True
Are all ISTs independent? : True

====TEST CR(590, 92, 184)====
Is IST_0 spanning? : True
Is IST_1 spanning? : True
Is IST_2 spanning? : True
Is IST_3 spanning? : True
Is IST_4 spanning? : True
Is IST_5 spanning? : True
Are all ISTs independent? : True

====TEST CR(591, 92, 184)====
Is IST_0 spanning? : True
Is IST_1 spanning? : True
Is IST_2 spanning? : True
Is IST_3 spanning? : True
Is IST_4 spanning? : True
Is IST_5 spanning? : True
Are all ISTs independent? : True

====TEST CR(592, 92, 184)====
Is IST_0 spanning? : True
Is IST_1 spanning? : True
Is IST_2 spanning? : True
Is IST_3 spanning? : True
Is IST_4 spanning? : True
Is IST_5 spanning? : True
Are all ISTs independent? : True

====TEST CR(593, 92, 184)====
Is IST_0 spanning? : True
Is IST_1 spanning? : True
Is IST_2 spanning? : True
Is IST_3 spanning? : True
Is IST_4 spanning? : True
Is IST_5 spanning? : True
Are all ISTs independent? : True

====TEST CR(594, 92, 184)====
Is IST_0 spanning? : True
Is IST_1 spanning? : True
Is IST_2 spanning? : True
Is IST_3 spanning? : True
Is IST_4 spanning? : True
Is IST_5 spanning? : True
Are all ISTs independent? : True

====TEST CR(595, 92, 184)====
Is IST_0 spanning? : True
Is IST_1 spanning? : True
Is IST_2 spanning? : True
Is IST_3 spanning? : True
Is IST_4 spanning? : True
Is IST_5 spanning? : True
Are all ISTs independent? : True

====TEST CR(596, 92, 184)====
Is IST_0 spanning? : True
Is IST_1 spanning? : True
Is IST_2 spanning? : True
Is IST_3 spanning? : True
Is IST_4 spanning? : True
Is IST_5 spanning? : True
Are all ISTs independent? : True

====TEST CR(597, 92, 184)====
Is IST_0 spanning? : True
Is IST_1 spanning? : True
Is IST_2 spanning? : True
Is IST_3 spanning? : True
Is IST_4 spanning? : True
Is IST_5 spanning? : True
Are all ISTs independent? : True

====TEST CR(598, 92, 184)====
Is IST_0 spanning? : True
Is IST_1 spanning? : True
Is IST_2 spanning? : True
Is IST_3 spanning? : True
Is IST_4 spanning? : True
Is IST_5 spanning? : True
Are all ISTs independent? : True

====TEST CR(599, 92, 184)====
Is IST_0 spanning? : True
Is IST_1 spanning? : True
Is IST_2 spanning? : True
Is IST_3 spanning? : True
Is IST_4 spanning? : True
Is IST_5 spanning? : True
Are all ISTs independent? : True

====TEST CR(600, 92, 184)====
Is IST_0 spanning? : True
Is IST_1 spanning? : True
Is IST_2 spanning? : True
Is IST_3 spanning? : True
Is IST_4 spanning? : True
Is IST_5 spanning? : True
Are all ISTs independent? : True

====TEST CR(601, 92, 184)====
Is IST_0 spanning? : True
Is IST_1 spanning? : True
Is IST_2 spanning? : True
Is IST_3 spanning? : True
Is IST_4 spanning? : True
Is IST_5 spanning? : True
Are all ISTs independent? : True

====TEST CR(602, 92, 184)====
Is IST_0 spanning? : True
Is IST_1 spanning? : True
Is IST_2 spanning? : True
Is IST_3 spanning? : True
Is IST_4 spanning? : True
Is IST_5 spanning? : True
Are all ISTs independent? : True

====TEST CR(603, 92, 184)====
Is IST_0 spanning? : True
Is IST_1 spanning? : True
Is IST_2 spanning? : True
Is IST_3 spanning? : True
Is IST_4 spanning? : True
Is IST_5 spanning? : True
Are all ISTs independent? : True

====TEST CR(604, 92, 184)====
Is IST_0 spanning? : True
Is IST_1 spanning? : True
Is IST_2 spanning? : True
Is IST_3 spanning? : True
Is IST_4 spanning? : True
Is IST_5 spanning? : True
Are all ISTs independent? : True

====TEST CR(605, 92, 184)====
Is IST_0 spanning? : True
Is IST_1 spanning? : True
Is IST_2 spanning? : True
Is IST_3 spanning? : True
Is IST_4 spanning? : True
Is IST_5 spanning? : True
Are all ISTs independent? : True

====TEST CR(606, 92, 184)====
Is IST_0 spanning? : True
Is IST_1 spanning? : True
Is IST_2 spanning? : True
Is IST_3 spanning? : True
Is IST_4 spanning? : True
Is IST_5 spanning? : True
Are all ISTs independent? : True

====TEST CR(607, 92, 184)====
Is IST_0 spanning? : True
Is IST_1 spanning? : True
Is IST_2 spanning? : True
Is IST_3 spanning? : True
Is IST_4 spanning? : True
Is IST_5 spanning? : True
Are all ISTs independent? : True

====TEST CR(608, 92, 184)====
Is IST_0 spanning? : True
Is IST_1 spanning? : True
Is IST_2 spanning? : True
Is IST_3 spanning? : True
Is IST_4 spanning? : True
Is IST_5 spanning? : True
Are all ISTs independent? : True

====TEST CR(609, 92, 184)====
Is IST_0 spanning? : True
Is IST_1 spanning? : True
Is IST_2 spanning? : True
Is IST_3 spanning? : True
Is IST_4 spanning? : True
Is IST_5 spanning? : True
Are all ISTs independent? : True

====TEST CR(610, 92, 184)====
Is IST_0 spanning? : True
Is IST_1 spanning? : True
Is IST_2 spanning? : True
Is IST_3 spanning? : True
Is IST_4 spanning? : True
Is IST_5 spanning? : True
Are all ISTs independent? : True

====TEST CR(611, 92, 184)====
Is IST_0 spanning? : True
Is IST_1 spanning? : True
Is IST_2 spanning? : True
Is IST_3 spanning? : True
Is IST_4 spanning? : True
Is IST_5 spanning? : True
Are all ISTs independent? : True

====TEST CR(612, 92, 184)====
Is IST_0 spanning? : True
Is IST_1 spanning? : True
Is IST_2 spanning? : True
Is IST_3 spanning? : True
Is IST_4 spanning? : True
Is IST_5 spanning? : True
Are all ISTs independent? : True

====TEST CR(613, 92, 184)====
Is IST_0 spanning? : True
Is IST_1 spanning? : True
Is IST_2 spanning? : True
Is IST_3 spanning? : True
Is IST_4 spanning? : True
Is IST_5 spanning? : True
Are all ISTs independent? : True

====TEST CR(614, 92, 184)====
Is IST_0 spanning? : True
Is IST_1 spanning? : True
Is IST_2 spanning? : True
Is IST_3 spanning? : True
Is IST_4 spanning? : True
Is IST_5 spanning? : True
Are all ISTs independent? : True

====TEST CR(615, 92, 184)====
Is IST_0 spanning? : True
Is IST_1 spanning? : True
Is IST_2 spanning? : True
Is IST_3 spanning? : True
Is IST_4 spanning? : True
Is IST_5 spanning? : True
Are all ISTs independent? : True

====TEST CR(616, 92, 184)====
Is IST_0 spanning? : True
Is IST_1 spanning? : True
Is IST_2 spanning? : True
Is IST_3 spanning? : True
Is IST_4 spanning? : True
Is IST_5 spanning? : True
Are all ISTs independent? : True

====TEST CR(617, 92, 184)====
Is IST_0 spanning? : True
Is IST_1 spanning? : True
Is IST_2 spanning? : True
Is IST_3 spanning? : True
Is IST_4 spanning? : True
Is IST_5 spanning? : True
Are all ISTs independent? : True

====TEST CR(618, 92, 184)====
Is IST_0 spanning? : True
Is IST_1 spanning? : True
Is IST_2 spanning? : True
Is IST_3 spanning? : True
Is IST_4 spanning? : True
Is IST_5 spanning? : True
Are all ISTs independent? : True

====TEST CR(619, 92, 184)====
Is IST_0 spanning? : True
Is IST_1 spanning? : True
Is IST_2 spanning? : True
Is IST_3 spanning? : True
Is IST_4 spanning? : True
Is IST_5 spanning? : True
Are all ISTs independent? : True

====TEST CR(620, 92, 184)====
Is IST_0 spanning? : True
Is IST_1 spanning? : True
Is IST_2 spanning? : True
Is IST_3 spanning? : True
Is IST_4 spanning? : True
Is IST_5 spanning? : True
Are all ISTs independent? : True

====TEST CR(621, 92, 184)====
Is IST_0 spanning? : True
Is IST_1 spanning? : True
Is IST_2 spanning? : True
Is IST_3 spanning? : True
Is IST_4 spanning? : True
Is IST_5 spanning? : True
Are all ISTs independent? : True

====TEST CR(622, 92, 184)====
Is IST_0 spanning? : True
Is IST_1 spanning? : True
Is IST_2 spanning? : True
Is IST_3 spanning? : True
Is IST_4 spanning? : True
Is IST_5 spanning? : True
Are all ISTs independent? : True

====TEST CR(623, 92, 184)====
Is IST_0 spanning? : True
Is IST_1 spanning? : True
Is IST_2 spanning? : True
Is IST_3 spanning? : True
Is IST_4 spanning? : True
Is IST_5 spanning? : True
Are all ISTs independent? : True

====TEST CR(624, 92, 184)====
Is IST_0 spanning? : True
Is IST_1 spanning? : True
Is IST_2 spanning? : True
Is IST_3 spanning? : True
Is IST_4 spanning? : True
Is IST_5 spanning? : True
Are all ISTs independent? : True

====TEST CR(625, 92, 184)====
Is IST_0 spanning? : True
Is IST_1 spanning? : True
Is IST_2 spanning? : True
Is IST_3 spanning? : True
Is IST_4 spanning? : True
Is IST_5 spanning? : True
Are all ISTs independent? : True

====TEST CR(626, 92, 184)====
Is IST_0 spanning? : True
Is IST_1 spanning? : True
Is IST_2 spanning? : True
Is IST_3 spanning? : True
Is IST_4 spanning? : True
Is IST_5 spanning? : True
Are all ISTs independent? : True

====TEST CR(627, 92, 184)====
Is IST_0 spanning? : True
Is IST_1 spanning? : True
Is IST_2 spanning? : True
Is IST_3 spanning? : True
Is IST_4 spanning? : True
Is IST_5 spanning? : True
Are all ISTs independent? : True

====TEST CR(628, 92, 184)====
Is IST_0 spanning? : True
Is IST_1 spanning? : True
Is IST_2 spanning? : True
Is IST_3 spanning? : True
Is IST_4 spanning? : True
Is IST_5 spanning? : True
Are all ISTs independent? : True

====TEST CR(629, 92, 184)====
Is IST_0 spanning? : True
Is IST_1 spanning? : True
Is IST_2 spanning? : True
Is IST_3 spanning? : True
Is IST_4 spanning? : True
Is IST_5 spanning? : True
Are all ISTs independent? : True

====TEST CR(630, 92, 184)====
Is IST_0 spanning? : True
Is IST_1 spanning? : True
Is IST_2 spanning? : True
Is IST_3 spanning? : True
Is IST_4 spanning? : True
Is IST_5 spanning? : True
Are all ISTs independent? : True

====TEST CR(631, 92, 184)====
Is IST_0 spanning? : True
Is IST_1 spanning? : True
Is IST_2 spanning? : True
Is IST_3 spanning? : True
Is IST_4 spanning? : True
Is IST_5 spanning? : True
Are all ISTs independent? : True

====TEST CR(632, 92, 184)====
Is IST_0 spanning? : True
Is IST_1 spanning? : True
Is IST_2 spanning? : True
Is IST_3 spanning? : True
Is IST_4 spanning? : True
Is IST_5 spanning? : True
Are all ISTs independent? : True

====TEST CR(633, 92, 184)====
Is IST_0 spanning? : True
Is IST_1 spanning? : True
Is IST_2 spanning? : True
Is IST_3 spanning? : True
Is IST_4 spanning? : True
Is IST_5 spanning? : True
Are all ISTs independent? : True

====TEST CR(634, 92, 184)====
Is IST_0 spanning? : True
Is IST_1 spanning? : True
Is IST_2 spanning? : True
Is IST_3 spanning? : True
Is IST_4 spanning? : True
Is IST_5 spanning? : True
Are all ISTs independent? : True

====TEST CR(635, 92, 184)====
Is IST_0 spanning? : True
Is IST_1 spanning? : True
Is IST_2 spanning? : True
Is IST_3 spanning? : True
Is IST_4 spanning? : True
Is IST_5 spanning? : True
Are all ISTs independent? : True

====TEST CR(636, 92, 184)====
Is IST_0 spanning? : True
Is IST_1 spanning? : True
Is IST_2 spanning? : True
Is IST_3 spanning? : True
Is IST_4 spanning? : True
Is IST_5 spanning? : True
Are all ISTs independent? : True

====TEST CR(637, 92, 184)====
Is IST_0 spanning? : True
Is IST_1 spanning? : True
Is IST_2 spanning? : True
Is IST_3 spanning? : True
Is IST_4 spanning? : True
Is IST_5 spanning? : True
Are all ISTs independent? : True

====TEST CR(638, 92, 184)====
Is IST_0 spanning? : True
Is IST_1 spanning? : True
Is IST_2 spanning? : True
Is IST_3 spanning? : True
Is IST_4 spanning? : True
Is IST_5 spanning? : True
Are all ISTs independent? : True

====TEST CR(639, 92, 184)====
Is IST_0 spanning? : True
Is IST_1 spanning? : True
Is IST_2 spanning? : True
Is IST_3 spanning? : True
Is IST_4 spanning? : True
Is IST_5 spanning? : True
Are all ISTs independent? : True

====TEST CR(640, 92, 184)====
Is IST_0 spanning? : True
Is IST_1 spanning? : True
Is IST_2 spanning? : True
Is IST_3 spanning? : True
Is IST_4 spanning? : True
Is IST_5 spanning? : True
Are all ISTs independent? : True

====TEST CR(641, 92, 184)====
Is IST_0 spanning? : True
Is IST_1 spanning? : True
Is IST_2 spanning? : True
Is IST_3 spanning? : True
Is IST_4 spanning? : True
Is IST_5 spanning? : True
Are all ISTs independent? : True

====TEST CR(642, 92, 184)====
Is IST_0 spanning? : True
Is IST_1 spanning? : True
Is IST_2 spanning? : True
Is IST_3 spanning? : True
Is IST_4 spanning? : True
Is IST_5 spanning? : True
Are all ISTs independent? : True

====TEST CR(643, 92, 184)====
Is IST_0 spanning? : True
Is IST_1 spanning? : True
Is IST_2 spanning? : True
Is IST_3 spanning? : True
Is IST_4 spanning? : True
Is IST_5 spanning? : True
Are all ISTs independent? : True

====TEST CR(644, 92, 184)====
Is IST_0 spanning? : True
Is IST_1 spanning? : True
Is IST_2 spanning? : True
Is IST_3 spanning? : True
Is IST_4 spanning? : True
Is IST_5 spanning? : True
Are all ISTs independent? : True

====TEST CR(645, 92, 184)====
Is IST_0 spanning? : True
Is IST_1 spanning? : True
Is IST_2 spanning? : True
Is IST_3 spanning? : True
Is IST_4 spanning? : True
Is IST_5 spanning? : True
Are all ISTs independent? : True

====TEST CR(646, 92, 184)====
Is IST_0 spanning? : True
Is IST_1 spanning? : True
Is IST_2 spanning? : True
Is IST_3 spanning? : True
Is IST_4 spanning? : True
Is IST_5 spanning? : True
Are all ISTs independent? : True

====TEST CR(647, 92, 184)====
Is IST_0 spanning? : True
Is IST_1 spanning? : True
Is IST_2 spanning? : True
Is IST_3 spanning? : True
Is IST_4 spanning? : True
Is IST_5 spanning? : True
Are all ISTs independent? : True

====TEST CR(648, 92, 184)====
Is IST_0 spanning? : True
Is IST_1 spanning? : True
Is IST_2 spanning? : True
Is IST_3 spanning? : True
Is IST_4 spanning? : True
Is IST_5 spanning? : True
Are all ISTs independent? : True

====TEST CR(649, 92, 184)====
Is IST_0 spanning? : True
Is IST_1 spanning? : True
Is IST_2 spanning? : True
Is IST_3 spanning? : True
Is IST_4 spanning? : True
Is IST_5 spanning? : True
Are all ISTs independent? : True

====TEST CR(650, 92, 184)====
Is IST_0 spanning? : True
Is IST_1 spanning? : True
Is IST_2 spanning? : True
Is IST_3 spanning? : True
Is IST_4 spanning? : True
Is IST_5 spanning? : True
Are all ISTs independent? : True

====TEST CR(651, 92, 184)====
Is IST_0 spanning? : True
Is IST_1 spanning? : True
Is IST_2 spanning? : True
Is IST_3 spanning? : True
Is IST_4 spanning? : True
Is IST_5 spanning? : True
Are all ISTs independent? : True

====TEST CR(652, 92, 184)====
Is IST_0 spanning? : True
Is IST_1 spanning? : True
Is IST_2 spanning? : True
Is IST_3 spanning? : True
Is IST_4 spanning? : True
Is IST_5 spanning? : True
Are all ISTs independent? : True

====TEST CR(653, 92, 184)====
Is IST_0 spanning? : True
Is IST_1 spanning? : True
Is IST_2 spanning? : True
Is IST_3 spanning? : True
Is IST_4 spanning? : True
Is IST_5 spanning? : True
Are all ISTs independent? : True

====TEST CR(654, 92, 184)====
Is IST_0 spanning? : True
Is IST_1 spanning? : True
Is IST_2 spanning? : True
Is IST_3 spanning? : True
Is IST_4 spanning? : True
Is IST_5 spanning? : True
Are all ISTs independent? : True

====TEST CR(655, 92, 184)====
Is IST_0 spanning? : True
Is IST_1 spanning? : True
Is IST_2 spanning? : True
Is IST_3 spanning? : True
Is IST_4 spanning? : True
Is IST_5 spanning? : True
Are all ISTs independent? : True

====TEST CR(656, 92, 184)====
Is IST_0 spanning? : True
Is IST_1 spanning? : True
Is IST_2 spanning? : True
Is IST_3 spanning? : True
Is IST_4 spanning? : True
Is IST_5 spanning? : True
Are all ISTs independent? : True

====TEST CR(657, 92, 184)====
Is IST_0 spanning? : True
Is IST_1 spanning? : True
Is IST_2 spanning? : True
Is IST_3 spanning? : True
Is IST_4 spanning? : True
Is IST_5 spanning? : True
Are all ISTs independent? : True

====TEST CR(658, 92, 184)====
Is IST_0 spanning? : True
Is IST_1 spanning? : True
Is IST_2 spanning? : True
Is IST_3 spanning? : True
Is IST_4 spanning? : True
Is IST_5 spanning? : True
Are all ISTs independent? : True

====TEST CR(659, 92, 184)====
Is IST_0 spanning? : True
Is IST_1 spanning? : True
Is IST_2 spanning? : True
Is IST_3 spanning? : True
Is IST_4 spanning? : True
Is IST_5 spanning? : True
Are all ISTs independent? : True

====TEST CR(660, 92, 184)====
Is IST_0 spanning? : True
Is IST_1 spanning? : True
Is IST_2 spanning? : True
Is IST_3 spanning? : True
Is IST_4 spanning? : True
Is IST_5 spanning? : True
Are all ISTs independent? : True

====TEST CR(661, 92, 184)====
Is IST_0 spanning? : True
Is IST_1 spanning? : True
Is IST_2 spanning? : True
Is IST_3 spanning? : True
Is IST_4 spanning? : True
Is IST_5 spanning? : True
Are all ISTs independent? : True

====TEST CR(662, 92, 184)====
Is IST_0 spanning? : True
Is IST_1 spanning? : True
Is IST_2 spanning? : True
Is IST_3 spanning? : True
Is IST_4 spanning? : True
Is IST_5 spanning? : True
Are all ISTs independent? : True

====TEST CR(663, 92, 184)====
Is IST_0 spanning? : True
Is IST_1 spanning? : True
Is IST_2 spanning? : True
Is IST_3 spanning? : True
Is IST_4 spanning? : True
Is IST_5 spanning? : True
Are all ISTs independent? : True

====TEST CR(664, 92, 184)====
Is IST_0 spanning? : True
Is IST_1 spanning? : True
Is IST_2 spanning? : True
Is IST_3 spanning? : True
Is IST_4 spanning? : True
Is IST_5 spanning? : True
Are all ISTs independent? : True

====TEST CR(665, 92, 184)====
Is IST_0 spanning? : True
Is IST_1 spanning? : True
Is IST_2 spanning? : True
Is IST_3 spanning? : True
Is IST_4 spanning? : True
Is IST_5 spanning? : True
Are all ISTs independent? : True

====TEST CR(666, 92, 184)====
Is IST_0 spanning? : True
Is IST_1 spanning? : True
Is IST_2 spanning? : True
Is IST_3 spanning? : True
Is IST_4 spanning? : True
Is IST_5 spanning? : True
Are all ISTs independent? : True

====TEST CR(667, 92, 184)====
Is IST_0 spanning? : True
Is IST_1 spanning? : True
Is IST_2 spanning? : True
Is IST_3 spanning? : True
Is IST_4 spanning? : True
Is IST_5 spanning? : True
Are all ISTs independent? : True

====TEST CR(668, 92, 184)====
Is IST_0 spanning? : True
Is IST_1 spanning? : True
Is IST_2 spanning? : True
Is IST_3 spanning? : True
Is IST_4 spanning? : True
Is IST_5 spanning? : True
Are all ISTs independent? : True

====TEST CR(669, 92, 184)====
Is IST_0 spanning? : True
Is IST_1 spanning? : True
Is IST_2 spanning? : True
Is IST_3 spanning? : True
Is IST_4 spanning? : True
Is IST_5 spanning? : True
Are all ISTs independent? : True

====TEST CR(670, 92, 184)====
Is IST_0 spanning? : True
Is IST_1 spanning? : True
Is IST_2 spanning? : True
Is IST_3 spanning? : True
Is IST_4 spanning? : True
Is IST_5 spanning? : True
Are all ISTs independent? : True

====TEST CR(671, 92, 184)====
Is IST_0 spanning? : True
Is IST_1 spanning? : True
Is IST_2 spanning? : True
Is IST_3 spanning? : True
Is IST_4 spanning? : True
Is IST_5 spanning? : True
Are all ISTs independent? : True

====TEST CR(672, 92, 184)====
Is IST_0 spanning? : True
Is IST_1 spanning? : True
Is IST_2 spanning? : True
Is IST_3 spanning? : True
Is IST_4 spanning? : True
Is IST_5 spanning? : True
Are all ISTs independent? : True

====TEST CR(673, 92, 184)====
Is IST_0 spanning? : True
Is IST_1 spanning? : True
Is IST_2 spanning? : True
Is IST_3 spanning? : True
Is IST_4 spanning? : True
Is IST_5 spanning? : True
Are all ISTs independent? : True

====TEST CR(674, 92, 184)====
Is IST_0 spanning? : True
Is IST_1 spanning? : True
Is IST_2 spanning? : True
Is IST_3 spanning? : True
Is IST_4 spanning? : True
Is IST_5 spanning? : True
Are all ISTs independent? : True

====TEST CR(675, 92, 184)====
Is IST_0 spanning? : True
Is IST_1 spanning? : True
Is IST_2 spanning? : True
Is IST_3 spanning? : True
Is IST_4 spanning? : True
Is IST_5 spanning? : True
Are all ISTs independent? : True

====TEST CR(676, 92, 184)====
Is IST_0 spanning? : True
Is IST_1 spanning? : True
Is IST_2 spanning? : True
Is IST_3 spanning? : True
Is IST_4 spanning? : True
Is IST_5 spanning? : True
Are all ISTs independent? : True

====TEST CR(677, 92, 184)====
Is IST_0 spanning? : True
Is IST_1 spanning? : True
Is IST_2 spanning? : True
Is IST_3 spanning? : True
Is IST_4 spanning? : True
Is IST_5 spanning? : True
Are all ISTs independent? : True

====TEST CR(678, 92, 184)====
Is IST_0 spanning? : True
Is IST_1 spanning? : True
Is IST_2 spanning? : True
Is IST_3 spanning? : True
Is IST_4 spanning? : True
Is IST_5 spanning? : True
Are all ISTs independent? : True

====TEST CR(679, 92, 184)====
Is IST_0 spanning? : True
Is IST_1 spanning? : True
Is IST_2 spanning? : True
Is IST_3 spanning? : True
Is IST_4 spanning? : True
Is IST_5 spanning? : True
Are all ISTs independent? : True

====TEST CR(680, 92, 184)====
Is IST_0 spanning? : True
Is IST_1 spanning? : True
Is IST_2 spanning? : True
Is IST_3 spanning? : True
Is IST_4 spanning? : True
Is IST_5 spanning? : True
Are all ISTs independent? : True

====TEST CR(558, 93, 186)====
Is IST_0 spanning? : True
Is IST_1 spanning? : True
Is IST_2 spanning? : True
Is IST_3 spanning? : True
Is IST_4 spanning? : True
Is IST_5 spanning? : True
Are all ISTs independent? : True

====TEST CR(559, 93, 186)====
Is IST_0 spanning? : True
Is IST_1 spanning? : True
Is IST_2 spanning? : True
Is IST_3 spanning? : True
Is IST_4 spanning? : True
Is IST_5 spanning? : True
Are all ISTs independent? : True

====TEST CR(560, 93, 186)====
Is IST_0 spanning? : True
Is IST_1 spanning? : True
Is IST_2 spanning? : True
Is IST_3 spanning? : True
Is IST_4 spanning? : True
Is IST_5 spanning? : True
Are all ISTs independent? : True

====TEST CR(561, 93, 186)====
Is IST_0 spanning? : True
Is IST_1 spanning? : True
Is IST_2 spanning? : True
Is IST_3 spanning? : True
Is IST_4 spanning? : True
Is IST_5 spanning? : True
Are all ISTs independent? : True

====TEST CR(562, 93, 186)====
Is IST_0 spanning? : True
Is IST_1 spanning? : True
Is IST_2 spanning? : True
Is IST_3 spanning? : True
Is IST_4 spanning? : True
Is IST_5 spanning? : True
Are all ISTs independent? : True

====TEST CR(563, 93, 186)====
Is IST_0 spanning? : True
Is IST_1 spanning? : True
Is IST_2 spanning? : True
Is IST_3 spanning? : True
Is IST_4 spanning? : True
Is IST_5 spanning? : True
Are all ISTs independent? : True

====TEST CR(564, 93, 186)====
Is IST_0 spanning? : True
Is IST_1 spanning? : True
Is IST_2 spanning? : True
Is IST_3 spanning? : True
Is IST_4 spanning? : True
Is IST_5 spanning? : True
Are all ISTs independent? : True

====TEST CR(565, 93, 186)====
Is IST_0 spanning? : True
Is IST_1 spanning? : True
Is IST_2 spanning? : True
Is IST_3 spanning? : True
Is IST_4 spanning? : True
Is IST_5 spanning? : True
Are all ISTs independent? : True

====TEST CR(566, 93, 186)====
Is IST_0 spanning? : True
Is IST_1 spanning? : True
Is IST_2 spanning? : True
Is IST_3 spanning? : True
Is IST_4 spanning? : True
Is IST_5 spanning? : True
Are all ISTs independent? : True

====TEST CR(567, 93, 186)====
Is IST_0 spanning? : True
Is IST_1 spanning? : True
Is IST_2 spanning? : True
Is IST_3 spanning? : True
Is IST_4 spanning? : True
Is IST_5 spanning? : True
Are all ISTs independent? : True

====TEST CR(568, 93, 186)====
Is IST_0 spanning? : True
Is IST_1 spanning? : True
Is IST_2 spanning? : True
Is IST_3 spanning? : True
Is IST_4 spanning? : True
Is IST_5 spanning? : True
Are all ISTs independent? : True

====TEST CR(569, 93, 186)====
Is IST_0 spanning? : True
Is IST_1 spanning? : True
Is IST_2 spanning? : True
Is IST_3 spanning? : True
Is IST_4 spanning? : True
Is IST_5 spanning? : True
Are all ISTs independent? : True

====TEST CR(570, 93, 186)====
Is IST_0 spanning? : True
Is IST_1 spanning? : True
Is IST_2 spanning? : True
Is IST_3 spanning? : True
Is IST_4 spanning? : True
Is IST_5 spanning? : True
Are all ISTs independent? : True

====TEST CR(571, 93, 186)====
Is IST_0 spanning? : True
Is IST_1 spanning? : True
Is IST_2 spanning? : True
Is IST_3 spanning? : True
Is IST_4 spanning? : True
Is IST_5 spanning? : True
Are all ISTs independent? : True

====TEST CR(572, 93, 186)====
Is IST_0 spanning? : True
Is IST_1 spanning? : True
Is IST_2 spanning? : True
Is IST_3 spanning? : True
Is IST_4 spanning? : True
Is IST_5 spanning? : True
Are all ISTs independent? : True

====TEST CR(573, 93, 186)====
Is IST_0 spanning? : True
Is IST_1 spanning? : True
Is IST_2 spanning? : True
Is IST_3 spanning? : True
Is IST_4 spanning? : True
Is IST_5 spanning? : True
Are all ISTs independent? : True

====TEST CR(574, 93, 186)====
Is IST_0 spanning? : True
Is IST_1 spanning? : True
Is IST_2 spanning? : True
Is IST_3 spanning? : True
Is IST_4 spanning? : True
Is IST_5 spanning? : True
Are all ISTs independent? : True

====TEST CR(575, 93, 186)====
Is IST_0 spanning? : True
Is IST_1 spanning? : True
Is IST_2 spanning? : True
Is IST_3 spanning? : True
Is IST_4 spanning? : True
Is IST_5 spanning? : True
Are all ISTs independent? : True

====TEST CR(576, 93, 186)====
Is IST_0 spanning? : True
Is IST_1 spanning? : True
Is IST_2 spanning? : True
Is IST_3 spanning? : True
Is IST_4 spanning? : True
Is IST_5 spanning? : True
Are all ISTs independent? : True

====TEST CR(577, 93, 186)====
Is IST_0 spanning? : True
Is IST_1 spanning? : True
Is IST_2 spanning? : True
Is IST_3 spanning? : True
Is IST_4 spanning? : True
Is IST_5 spanning? : True
Are all ISTs independent? : True

====TEST CR(578, 93, 186)====
Is IST_0 spanning? : True
Is IST_1 spanning? : True
Is IST_2 spanning? : True
Is IST_3 spanning? : True
Is IST_4 spanning? : True
Is IST_5 spanning? : True
Are all ISTs independent? : True

====TEST CR(579, 93, 186)====
Is IST_0 spanning? : True
Is IST_1 spanning? : True
Is IST_2 spanning? : True
Is IST_3 spanning? : True
Is IST_4 spanning? : True
Is IST_5 spanning? : True
Are all ISTs independent? : True

====TEST CR(580, 93, 186)====
Is IST_0 spanning? : True
Is IST_1 spanning? : True
Is IST_2 spanning? : True
Is IST_3 spanning? : True
Is IST_4 spanning? : True
Is IST_5 spanning? : True
Are all ISTs independent? : True

====TEST CR(581, 93, 186)====
Is IST_0 spanning? : True
Is IST_1 spanning? : True
Is IST_2 spanning? : True
Is IST_3 spanning? : True
Is IST_4 spanning? : True
Is IST_5 spanning? : True
Are all ISTs independent? : True

====TEST CR(582, 93, 186)====
Is IST_0 spanning? : True
Is IST_1 spanning? : True
Is IST_2 spanning? : True
Is IST_3 spanning? : True
Is IST_4 spanning? : True
Is IST_5 spanning? : True
Are all ISTs independent? : True

====TEST CR(583, 93, 186)====
Is IST_0 spanning? : True
Is IST_1 spanning? : True
Is IST_2 spanning? : True
Is IST_3 spanning? : True
Is IST_4 spanning? : True
Is IST_5 spanning? : True
Are all ISTs independent? : True

====TEST CR(584, 93, 186)====
Is IST_0 spanning? : True
Is IST_1 spanning? : True
Is IST_2 spanning? : True
Is IST_3 spanning? : True
Is IST_4 spanning? : True
Is IST_5 spanning? : True
Are all ISTs independent? : True

====TEST CR(585, 93, 186)====
Is IST_0 spanning? : True
Is IST_1 spanning? : True
Is IST_2 spanning? : True
Is IST_3 spanning? : True
Is IST_4 spanning? : True
Is IST_5 spanning? : True
Are all ISTs independent? : True

====TEST CR(586, 93, 186)====
Is IST_0 spanning? : True
Is IST_1 spanning? : True
Is IST_2 spanning? : True
Is IST_3 spanning? : True
Is IST_4 spanning? : True
Is IST_5 spanning? : True
Are all ISTs independent? : True

====TEST CR(587, 93, 186)====
Is IST_0 spanning? : True
Is IST_1 spanning? : True
Is IST_2 spanning? : True
Is IST_3 spanning? : True
Is IST_4 spanning? : True
Is IST_5 spanning? : True
Are all ISTs independent? : True

====TEST CR(588, 93, 186)====
Is IST_0 spanning? : True
Is IST_1 spanning? : True
Is IST_2 spanning? : True
Is IST_3 spanning? : True
Is IST_4 spanning? : True
Is IST_5 spanning? : True
Are all ISTs independent? : True

====TEST CR(589, 93, 186)====
Is IST_0 spanning? : True
Is IST_1 spanning? : True
Is IST_2 spanning? : True
Is IST_3 spanning? : True
Is IST_4 spanning? : True
Is IST_5 spanning? : True
Are all ISTs independent? : True

====TEST CR(590, 93, 186)====
Is IST_0 spanning? : True
Is IST_1 spanning? : True
Is IST_2 spanning? : True
Is IST_3 spanning? : True
Is IST_4 spanning? : True
Is IST_5 spanning? : True
Are all ISTs independent? : True

====TEST CR(591, 93, 186)====
Is IST_0 spanning? : True
Is IST_1 spanning? : True
Is IST_2 spanning? : True
Is IST_3 spanning? : True
Is IST_4 spanning? : True
Is IST_5 spanning? : True
Are all ISTs independent? : True

====TEST CR(592, 93, 186)====
Is IST_0 spanning? : True
Is IST_1 spanning? : True
Is IST_2 spanning? : True
Is IST_3 spanning? : True
Is IST_4 spanning? : True
Is IST_5 spanning? : True
Are all ISTs independent? : True

====TEST CR(593, 93, 186)====
Is IST_0 spanning? : True
Is IST_1 spanning? : True
Is IST_2 spanning? : True
Is IST_3 spanning? : True
Is IST_4 spanning? : True
Is IST_5 spanning? : True
Are all ISTs independent? : True

====TEST CR(594, 93, 186)====
Is IST_0 spanning? : True
Is IST_1 spanning? : True
Is IST_2 spanning? : True
Is IST_3 spanning? : True
Is IST_4 spanning? : True
Is IST_5 spanning? : True
Are all ISTs independent? : True

====TEST CR(595, 93, 186)====
Is IST_0 spanning? : True
Is IST_1 spanning? : True
Is IST_2 spanning? : True
Is IST_3 spanning? : True
Is IST_4 spanning? : True
Is IST_5 spanning? : True
Are all ISTs independent? : True

====TEST CR(596, 93, 186)====
Is IST_0 spanning? : True
Is IST_1 spanning? : True
Is IST_2 spanning? : True
Is IST_3 spanning? : True
Is IST_4 spanning? : True
Is IST_5 spanning? : True
Are all ISTs independent? : True

====TEST CR(597, 93, 186)====
Is IST_0 spanning? : True
Is IST_1 spanning? : True
Is IST_2 spanning? : True
Is IST_3 spanning? : True
Is IST_4 spanning? : True
Is IST_5 spanning? : True
Are all ISTs independent? : True

====TEST CR(598, 93, 186)====
Is IST_0 spanning? : True
Is IST_1 spanning? : True
Is IST_2 spanning? : True
Is IST_3 spanning? : True
Is IST_4 spanning? : True
Is IST_5 spanning? : True
Are all ISTs independent? : True

====TEST CR(599, 93, 186)====
Is IST_0 spanning? : True
Is IST_1 spanning? : True
Is IST_2 spanning? : True
Is IST_3 spanning? : True
Is IST_4 spanning? : True
Is IST_5 spanning? : True
Are all ISTs independent? : True

====TEST CR(600, 93, 186)====
Is IST_0 spanning? : True
Is IST_1 spanning? : True
Is IST_2 spanning? : True
Is IST_3 spanning? : True
Is IST_4 spanning? : True
Is IST_5 spanning? : True
Are all ISTs independent? : True

====TEST CR(601, 93, 186)====
Is IST_0 spanning? : True
Is IST_1 spanning? : True
Is IST_2 spanning? : True
Is IST_3 spanning? : True
Is IST_4 spanning? : True
Is IST_5 spanning? : True
Are all ISTs independent? : True

====TEST CR(602, 93, 186)====
Is IST_0 spanning? : True
Is IST_1 spanning? : True
Is IST_2 spanning? : True
Is IST_3 spanning? : True
Is IST_4 spanning? : True
Is IST_5 spanning? : True
Are all ISTs independent? : True

====TEST CR(603, 93, 186)====
Is IST_0 spanning? : True
Is IST_1 spanning? : True
Is IST_2 spanning? : True
Is IST_3 spanning? : True
Is IST_4 spanning? : True
Is IST_5 spanning? : True
Are all ISTs independent? : True

====TEST CR(604, 93, 186)====
Is IST_0 spanning? : True
Is IST_1 spanning? : True
Is IST_2 spanning? : True
Is IST_3 spanning? : True
Is IST_4 spanning? : True
Is IST_5 spanning? : True
Are all ISTs independent? : True

====TEST CR(605, 93, 186)====
Is IST_0 spanning? : True
Is IST_1 spanning? : True
Is IST_2 spanning? : True
Is IST_3 spanning? : True
Is IST_4 spanning? : True
Is IST_5 spanning? : True
Are all ISTs independent? : True

====TEST CR(606, 93, 186)====
Is IST_0 spanning? : True
Is IST_1 spanning? : True
Is IST_2 spanning? : True
Is IST_3 spanning? : True
Is IST_4 spanning? : True
Is IST_5 spanning? : True
Are all ISTs independent? : True

====TEST CR(607, 93, 186)====
Is IST_0 spanning? : True
Is IST_1 spanning? : True
Is IST_2 spanning? : True
Is IST_3 spanning? : True
Is IST_4 spanning? : True
Is IST_5 spanning? : True
Are all ISTs independent? : True

====TEST CR(608, 93, 186)====
Is IST_0 spanning? : True
Is IST_1 spanning? : True
Is IST_2 spanning? : True
Is IST_3 spanning? : True
Is IST_4 spanning? : True
Is IST_5 spanning? : True
Are all ISTs independent? : True

====TEST CR(609, 93, 186)====
Is IST_0 spanning? : True
Is IST_1 spanning? : True
Is IST_2 spanning? : True
Is IST_3 spanning? : True
Is IST_4 spanning? : True
Is IST_5 spanning? : True
Are all ISTs independent? : True

====TEST CR(610, 93, 186)====
Is IST_0 spanning? : True
Is IST_1 spanning? : True
Is IST_2 spanning? : True
Is IST_3 spanning? : True
Is IST_4 spanning? : True
Is IST_5 spanning? : True
Are all ISTs independent? : True

====TEST CR(611, 93, 186)====
Is IST_0 spanning? : True
Is IST_1 spanning? : True
Is IST_2 spanning? : True
Is IST_3 spanning? : True
Is IST_4 spanning? : True
Is IST_5 spanning? : True
Are all ISTs independent? : True

====TEST CR(612, 93, 186)====
Is IST_0 spanning? : True
Is IST_1 spanning? : True
Is IST_2 spanning? : True
Is IST_3 spanning? : True
Is IST_4 spanning? : True
Is IST_5 spanning? : True
Are all ISTs independent? : True

====TEST CR(613, 93, 186)====
Is IST_0 spanning? : True
Is IST_1 spanning? : True
Is IST_2 spanning? : True
Is IST_3 spanning? : True
Is IST_4 spanning? : True
Is IST_5 spanning? : True
Are all ISTs independent? : True

====TEST CR(614, 93, 186)====
Is IST_0 spanning? : True
Is IST_1 spanning? : True
Is IST_2 spanning? : True
Is IST_3 spanning? : True
Is IST_4 spanning? : True
Is IST_5 spanning? : True
Are all ISTs independent? : True

====TEST CR(615, 93, 186)====
Is IST_0 spanning? : True
Is IST_1 spanning? : True
Is IST_2 spanning? : True
Is IST_3 spanning? : True
Is IST_4 spanning? : True
Is IST_5 spanning? : True
Are all ISTs independent? : True

====TEST CR(616, 93, 186)====
Is IST_0 spanning? : True
Is IST_1 spanning? : True
Is IST_2 spanning? : True
Is IST_3 spanning? : True
Is IST_4 spanning? : True
Is IST_5 spanning? : True
Are all ISTs independent? : True

====TEST CR(617, 93, 186)====
Is IST_0 spanning? : True
Is IST_1 spanning? : True
Is IST_2 spanning? : True
Is IST_3 spanning? : True
Is IST_4 spanning? : True
Is IST_5 spanning? : True
Are all ISTs independent? : True

====TEST CR(618, 93, 186)====
Is IST_0 spanning? : True
Is IST_1 spanning? : True
Is IST_2 spanning? : True
Is IST_3 spanning? : True
Is IST_4 spanning? : True
Is IST_5 spanning? : True
Are all ISTs independent? : True

====TEST CR(619, 93, 186)====
Is IST_0 spanning? : True
Is IST_1 spanning? : True
Is IST_2 spanning? : True
Is IST_3 spanning? : True
Is IST_4 spanning? : True
Is IST_5 spanning? : True
Are all ISTs independent? : True

====TEST CR(620, 93, 186)====
Is IST_0 spanning? : True
Is IST_1 spanning? : True
Is IST_2 spanning? : True
Is IST_3 spanning? : True
Is IST_4 spanning? : True
Is IST_5 spanning? : True
Are all ISTs independent? : True

====TEST CR(621, 93, 186)====
Is IST_0 spanning? : True
Is IST_1 spanning? : True
Is IST_2 spanning? : True
Is IST_3 spanning? : True
Is IST_4 spanning? : True
Is IST_5 spanning? : True
Are all ISTs independent? : True

====TEST CR(622, 93, 186)====
Is IST_0 spanning? : True
Is IST_1 spanning? : True
Is IST_2 spanning? : True
Is IST_3 spanning? : True
Is IST_4 spanning? : True
Is IST_5 spanning? : True
Are all ISTs independent? : True

====TEST CR(623, 93, 186)====
Is IST_0 spanning? : True
Is IST_1 spanning? : True
Is IST_2 spanning? : True
Is IST_3 spanning? : True
Is IST_4 spanning? : True
Is IST_5 spanning? : True
Are all ISTs independent? : True

====TEST CR(624, 93, 186)====
Is IST_0 spanning? : True
Is IST_1 spanning? : True
Is IST_2 spanning? : True
Is IST_3 spanning? : True
Is IST_4 spanning? : True
Is IST_5 spanning? : True
Are all ISTs independent? : True

====TEST CR(625, 93, 186)====
Is IST_0 spanning? : True
Is IST_1 spanning? : True
Is IST_2 spanning? : True
Is IST_3 spanning? : True
Is IST_4 spanning? : True
Is IST_5 spanning? : True
Are all ISTs independent? : True

====TEST CR(626, 93, 186)====
Is IST_0 spanning? : True
Is IST_1 spanning? : True
Is IST_2 spanning? : True
Is IST_3 spanning? : True
Is IST_4 spanning? : True
Is IST_5 spanning? : True
Are all ISTs independent? : True

====TEST CR(627, 93, 186)====
Is IST_0 spanning? : True
Is IST_1 spanning? : True
Is IST_2 spanning? : True
Is IST_3 spanning? : True
Is IST_4 spanning? : True
Is IST_5 spanning? : True
Are all ISTs independent? : True

====TEST CR(628, 93, 186)====
Is IST_0 spanning? : True
Is IST_1 spanning? : True
Is IST_2 spanning? : True
Is IST_3 spanning? : True
Is IST_4 spanning? : True
Is IST_5 spanning? : True
Are all ISTs independent? : True

====TEST CR(629, 93, 186)====
Is IST_0 spanning? : True
Is IST_1 spanning? : True
Is IST_2 spanning? : True
Is IST_3 spanning? : True
Is IST_4 spanning? : True
Is IST_5 spanning? : True
Are all ISTs independent? : True

====TEST CR(630, 93, 186)====
Is IST_0 spanning? : True
Is IST_1 spanning? : True
Is IST_2 spanning? : True
Is IST_3 spanning? : True
Is IST_4 spanning? : True
Is IST_5 spanning? : True
Are all ISTs independent? : True

====TEST CR(631, 93, 186)====
Is IST_0 spanning? : True
Is IST_1 spanning? : True
Is IST_2 spanning? : True
Is IST_3 spanning? : True
Is IST_4 spanning? : True
Is IST_5 spanning? : True
Are all ISTs independent? : True

====TEST CR(632, 93, 186)====
Is IST_0 spanning? : True
Is IST_1 spanning? : True
Is IST_2 spanning? : True
Is IST_3 spanning? : True
Is IST_4 spanning? : True
Is IST_5 spanning? : True
Are all ISTs independent? : True

====TEST CR(633, 93, 186)====
Is IST_0 spanning? : True
Is IST_1 spanning? : True
Is IST_2 spanning? : True
Is IST_3 spanning? : True
Is IST_4 spanning? : True
Is IST_5 spanning? : True
Are all ISTs independent? : True

====TEST CR(634, 93, 186)====
Is IST_0 spanning? : True
Is IST_1 spanning? : True
Is IST_2 spanning? : True
Is IST_3 spanning? : True
Is IST_4 spanning? : True
Is IST_5 spanning? : True
Are all ISTs independent? : True

====TEST CR(635, 93, 186)====
Is IST_0 spanning? : True
Is IST_1 spanning? : True
Is IST_2 spanning? : True
Is IST_3 spanning? : True
Is IST_4 spanning? : True
Is IST_5 spanning? : True
Are all ISTs independent? : True

====TEST CR(636, 93, 186)====
Is IST_0 spanning? : True
Is IST_1 spanning? : True
Is IST_2 spanning? : True
Is IST_3 spanning? : True
Is IST_4 spanning? : True
Is IST_5 spanning? : True
Are all ISTs independent? : True

====TEST CR(637, 93, 186)====
Is IST_0 spanning? : True
Is IST_1 spanning? : True
Is IST_2 spanning? : True
Is IST_3 spanning? : True
Is IST_4 spanning? : True
Is IST_5 spanning? : True
Are all ISTs independent? : True

====TEST CR(638, 93, 186)====
Is IST_0 spanning? : True
Is IST_1 spanning? : True
Is IST_2 spanning? : True
Is IST_3 spanning? : True
Is IST_4 spanning? : True
Is IST_5 spanning? : True
Are all ISTs independent? : True

====TEST CR(639, 93, 186)====
Is IST_0 spanning? : True
Is IST_1 spanning? : True
Is IST_2 spanning? : True
Is IST_3 spanning? : True
Is IST_4 spanning? : True
Is IST_5 spanning? : True
Are all ISTs independent? : True

====TEST CR(640, 93, 186)====
Is IST_0 spanning? : True
Is IST_1 spanning? : True
Is IST_2 spanning? : True
Is IST_3 spanning? : True
Is IST_4 spanning? : True
Is IST_5 spanning? : True
Are all ISTs independent? : True

====TEST CR(641, 93, 186)====
Is IST_0 spanning? : True
Is IST_1 spanning? : True
Is IST_2 spanning? : True
Is IST_3 spanning? : True
Is IST_4 spanning? : True
Is IST_5 spanning? : True
Are all ISTs independent? : True

====TEST CR(642, 93, 186)====
Is IST_0 spanning? : True
Is IST_1 spanning? : True
Is IST_2 spanning? : True
Is IST_3 spanning? : True
Is IST_4 spanning? : True
Is IST_5 spanning? : True
Are all ISTs independent? : True

====TEST CR(643, 93, 186)====
Is IST_0 spanning? : True
Is IST_1 spanning? : True
Is IST_2 spanning? : True
Is IST_3 spanning? : True
Is IST_4 spanning? : True
Is IST_5 spanning? : True
Are all ISTs independent? : True

====TEST CR(644, 93, 186)====
Is IST_0 spanning? : True
Is IST_1 spanning? : True
Is IST_2 spanning? : True
Is IST_3 spanning? : True
Is IST_4 spanning? : True
Is IST_5 spanning? : True
Are all ISTs independent? : True

====TEST CR(645, 93, 186)====
Is IST_0 spanning? : True
Is IST_1 spanning? : True
Is IST_2 spanning? : True
Is IST_3 spanning? : True
Is IST_4 spanning? : True
Is IST_5 spanning? : True
Are all ISTs independent? : True

====TEST CR(646, 93, 186)====
Is IST_0 spanning? : True
Is IST_1 spanning? : True
Is IST_2 spanning? : True
Is IST_3 spanning? : True
Is IST_4 spanning? : True
Is IST_5 spanning? : True
Are all ISTs independent? : True

====TEST CR(647, 93, 186)====
Is IST_0 spanning? : True
Is IST_1 spanning? : True
Is IST_2 spanning? : True
Is IST_3 spanning? : True
Is IST_4 spanning? : True
Is IST_5 spanning? : True
Are all ISTs independent? : True

====TEST CR(648, 93, 186)====
Is IST_0 spanning? : True
Is IST_1 spanning? : True
Is IST_2 spanning? : True
Is IST_3 spanning? : True
Is IST_4 spanning? : True
Is IST_5 spanning? : True
Are all ISTs independent? : True

====TEST CR(649, 93, 186)====
Is IST_0 spanning? : True
Is IST_1 spanning? : True
Is IST_2 spanning? : True
Is IST_3 spanning? : True
Is IST_4 spanning? : True
Is IST_5 spanning? : True
Are all ISTs independent? : True

====TEST CR(650, 93, 186)====
Is IST_0 spanning? : True
Is IST_1 spanning? : True
Is IST_2 spanning? : True
Is IST_3 spanning? : True
Is IST_4 spanning? : True
Is IST_5 spanning? : True
Are all ISTs independent? : True

====TEST CR(651, 93, 186)====
Is IST_0 spanning? : True
Is IST_1 spanning? : True
Is IST_2 spanning? : True
Is IST_3 spanning? : True
Is IST_4 spanning? : True
Is IST_5 spanning? : True
Are all ISTs independent? : True

====TEST CR(652, 93, 186)====
Is IST_0 spanning? : True
Is IST_1 spanning? : True
Is IST_2 spanning? : True
Is IST_3 spanning? : True
Is IST_4 spanning? : True
Is IST_5 spanning? : True
Are all ISTs independent? : True

====TEST CR(653, 93, 186)====
Is IST_0 spanning? : True
Is IST_1 spanning? : True
Is IST_2 spanning? : True
Is IST_3 spanning? : True
Is IST_4 spanning? : True
Is IST_5 spanning? : True
Are all ISTs independent? : True

====TEST CR(654, 93, 186)====
Is IST_0 spanning? : True
Is IST_1 spanning? : True
Is IST_2 spanning? : True
Is IST_3 spanning? : True
Is IST_4 spanning? : True
Is IST_5 spanning? : True
Are all ISTs independent? : True

====TEST CR(655, 93, 186)====
Is IST_0 spanning? : True
Is IST_1 spanning? : True
Is IST_2 spanning? : True
Is IST_3 spanning? : True
Is IST_4 spanning? : True
Is IST_5 spanning? : True
Are all ISTs independent? : True

====TEST CR(656, 93, 186)====
Is IST_0 spanning? : True
Is IST_1 spanning? : True
Is IST_2 spanning? : True
Is IST_3 spanning? : True
Is IST_4 spanning? : True
Is IST_5 spanning? : True
Are all ISTs independent? : True

====TEST CR(657, 93, 186)====
Is IST_0 spanning? : True
Is IST_1 spanning? : True
Is IST_2 spanning? : True
Is IST_3 spanning? : True
Is IST_4 spanning? : True
Is IST_5 spanning? : True
Are all ISTs independent? : True

====TEST CR(658, 93, 186)====
Is IST_0 spanning? : True
Is IST_1 spanning? : True
Is IST_2 spanning? : True
Is IST_3 spanning? : True
Is IST_4 spanning? : True
Is IST_5 spanning? : True
Are all ISTs independent? : True

====TEST CR(659, 93, 186)====
Is IST_0 spanning? : True
Is IST_1 spanning? : True
Is IST_2 spanning? : True
Is IST_3 spanning? : True
Is IST_4 spanning? : True
Is IST_5 spanning? : True
Are all ISTs independent? : True

====TEST CR(660, 93, 186)====
Is IST_0 spanning? : True
Is IST_1 spanning? : True
Is IST_2 spanning? : True
Is IST_3 spanning? : True
Is IST_4 spanning? : True
Is IST_5 spanning? : True
Are all ISTs independent? : True

====TEST CR(661, 93, 186)====
Is IST_0 spanning? : True
Is IST_1 spanning? : True
Is IST_2 spanning? : True
Is IST_3 spanning? : True
Is IST_4 spanning? : True
Is IST_5 spanning? : True
Are all ISTs independent? : True

====TEST CR(662, 93, 186)====
Is IST_0 spanning? : True
Is IST_1 spanning? : True
Is IST_2 spanning? : True
Is IST_3 spanning? : True
Is IST_4 spanning? : True
Is IST_5 spanning? : True
Are all ISTs independent? : True

====TEST CR(663, 93, 186)====
Is IST_0 spanning? : True
Is IST_1 spanning? : True
Is IST_2 spanning? : True
Is IST_3 spanning? : True
Is IST_4 spanning? : True
Is IST_5 spanning? : True
Are all ISTs independent? : True

====TEST CR(664, 93, 186)====
Is IST_0 spanning? : True
Is IST_1 spanning? : True
Is IST_2 spanning? : True
Is IST_3 spanning? : True
Is IST_4 spanning? : True
Is IST_5 spanning? : True
Are all ISTs independent? : True

====TEST CR(665, 93, 186)====
Is IST_0 spanning? : True
Is IST_1 spanning? : True
Is IST_2 spanning? : True
Is IST_3 spanning? : True
Is IST_4 spanning? : True
Is IST_5 spanning? : True
Are all ISTs independent? : True

====TEST CR(666, 93, 186)====
Is IST_0 spanning? : True
Is IST_1 spanning? : True
Is IST_2 spanning? : True
Is IST_3 spanning? : True
Is IST_4 spanning? : True
Is IST_5 spanning? : True
Are all ISTs independent? : True

====TEST CR(667, 93, 186)====
Is IST_0 spanning? : True
Is IST_1 spanning? : True
Is IST_2 spanning? : True
Is IST_3 spanning? : True
Is IST_4 spanning? : True
Is IST_5 spanning? : True
Are all ISTs independent? : True

====TEST CR(668, 93, 186)====
Is IST_0 spanning? : True
Is IST_1 spanning? : True
Is IST_2 spanning? : True
Is IST_3 spanning? : True
Is IST_4 spanning? : True
Is IST_5 spanning? : True
Are all ISTs independent? : True

====TEST CR(669, 93, 186)====
Is IST_0 spanning? : True
Is IST_1 spanning? : True
Is IST_2 spanning? : True
Is IST_3 spanning? : True
Is IST_4 spanning? : True
Is IST_5 spanning? : True
Are all ISTs independent? : True

====TEST CR(670, 93, 186)====
Is IST_0 spanning? : True
Is IST_1 spanning? : True
Is IST_2 spanning? : True
Is IST_3 spanning? : True
Is IST_4 spanning? : True
Is IST_5 spanning? : True
Are all ISTs independent? : True

====TEST CR(671, 93, 186)====
Is IST_0 spanning? : True
Is IST_1 spanning? : True
Is IST_2 spanning? : True
Is IST_3 spanning? : True
Is IST_4 spanning? : True
Is IST_5 spanning? : True
Are all ISTs independent? : True

====TEST CR(672, 93, 186)====
Is IST_0 spanning? : True
Is IST_1 spanning? : True
Is IST_2 spanning? : True
Is IST_3 spanning? : True
Is IST_4 spanning? : True
Is IST_5 spanning? : True
Are all ISTs independent? : True

====TEST CR(673, 93, 186)====
Is IST_0 spanning? : True
Is IST_1 spanning? : True
Is IST_2 spanning? : True
Is IST_3 spanning? : True
Is IST_4 spanning? : True
Is IST_5 spanning? : True
Are all ISTs independent? : True

====TEST CR(674, 93, 186)====
Is IST_0 spanning? : True
Is IST_1 spanning? : True
Is IST_2 spanning? : True
Is IST_3 spanning? : True
Is IST_4 spanning? : True
Is IST_5 spanning? : True
Are all ISTs independent? : True

====TEST CR(675, 93, 186)====
Is IST_0 spanning? : True
Is IST_1 spanning? : True
Is IST_2 spanning? : True
Is IST_3 spanning? : True
Is IST_4 spanning? : True
Is IST_5 spanning? : True
Are all ISTs independent? : True

====TEST CR(676, 93, 186)====
Is IST_0 spanning? : True
Is IST_1 spanning? : True
Is IST_2 spanning? : True
Is IST_3 spanning? : True
Is IST_4 spanning? : True
Is IST_5 spanning? : True
Are all ISTs independent? : True

====TEST CR(677, 93, 186)====
Is IST_0 spanning? : True
Is IST_1 spanning? : True
Is IST_2 spanning? : True
Is IST_3 spanning? : True
Is IST_4 spanning? : True
Is IST_5 spanning? : True
Are all ISTs independent? : True

====TEST CR(678, 93, 186)====
Is IST_0 spanning? : True
Is IST_1 spanning? : True
Is IST_2 spanning? : True
Is IST_3 spanning? : True
Is IST_4 spanning? : True
Is IST_5 spanning? : True
Are all ISTs independent? : True

====TEST CR(679, 93, 186)====
Is IST_0 spanning? : True
Is IST_1 spanning? : True
Is IST_2 spanning? : True
Is IST_3 spanning? : True
Is IST_4 spanning? : True
Is IST_5 spanning? : True
Are all ISTs independent? : True

====TEST CR(680, 93, 186)====
Is IST_0 spanning? : True
Is IST_1 spanning? : True
Is IST_2 spanning? : True
Is IST_3 spanning? : True
Is IST_4 spanning? : True
Is IST_5 spanning? : True
Are all ISTs independent? : True

====TEST CR(681, 93, 186)====
Is IST_0 spanning? : True
Is IST_1 spanning? : True
Is IST_2 spanning? : True
Is IST_3 spanning? : True
Is IST_4 spanning? : True
Is IST_5 spanning? : True
Are all ISTs independent? : True

====TEST CR(682, 93, 186)====
Is IST_0 spanning? : True
Is IST_1 spanning? : True
Is IST_2 spanning? : True
Is IST_3 spanning? : True
Is IST_4 spanning? : True
Is IST_5 spanning? : True
Are all ISTs independent? : True

====TEST CR(683, 93, 186)====
Is IST_0 spanning? : True
Is IST_1 spanning? : True
Is IST_2 spanning? : True
Is IST_3 spanning? : True
Is IST_4 spanning? : True
Is IST_5 spanning? : True
Are all ISTs independent? : True

====TEST CR(684, 93, 186)====
Is IST_0 spanning? : True
Is IST_1 spanning? : True
Is IST_2 spanning? : True
Is IST_3 spanning? : True
Is IST_4 spanning? : True
Is IST_5 spanning? : True
Are all ISTs independent? : True

====TEST CR(685, 93, 186)====
Is IST_0 spanning? : True
Is IST_1 spanning? : True
Is IST_2 spanning? : True
Is IST_3 spanning? : True
Is IST_4 spanning? : True
Is IST_5 spanning? : True
Are all ISTs independent? : True

====TEST CR(686, 93, 186)====
Is IST_0 spanning? : True
Is IST_1 spanning? : True
Is IST_2 spanning? : True
Is IST_3 spanning? : True
Is IST_4 spanning? : True
Is IST_5 spanning? : True
Are all ISTs independent? : True

====TEST CR(564, 94, 188)====
Is IST_0 spanning? : True
Is IST_1 spanning? : True
Is IST_2 spanning? : True
Is IST_3 spanning? : True
Is IST_4 spanning? : True
Is IST_5 spanning? : True
Are all ISTs independent? : True

====TEST CR(565, 94, 188)====
Is IST_0 spanning? : True
Is IST_1 spanning? : True
Is IST_2 spanning? : True
Is IST_3 spanning? : True
Is IST_4 spanning? : True
Is IST_5 spanning? : True
Are all ISTs independent? : True

====TEST CR(566, 94, 188)====
Is IST_0 spanning? : True
Is IST_1 spanning? : True
Is IST_2 spanning? : True
Is IST_3 spanning? : True
Is IST_4 spanning? : True
Is IST_5 spanning? : True
Are all ISTs independent? : True

====TEST CR(567, 94, 188)====
Is IST_0 spanning? : True
Is IST_1 spanning? : True
Is IST_2 spanning? : True
Is IST_3 spanning? : True
Is IST_4 spanning? : True
Is IST_5 spanning? : True
Are all ISTs independent? : True

====TEST CR(568, 94, 188)====
Is IST_0 spanning? : True
Is IST_1 spanning? : True
Is IST_2 spanning? : True
Is IST_3 spanning? : True
Is IST_4 spanning? : True
Is IST_5 spanning? : True
Are all ISTs independent? : True

====TEST CR(569, 94, 188)====
Is IST_0 spanning? : True
Is IST_1 spanning? : True
Is IST_2 spanning? : True
Is IST_3 spanning? : True
Is IST_4 spanning? : True
Is IST_5 spanning? : True
Are all ISTs independent? : True

====TEST CR(570, 94, 188)====
Is IST_0 spanning? : True
Is IST_1 spanning? : True
Is IST_2 spanning? : True
Is IST_3 spanning? : True
Is IST_4 spanning? : True
Is IST_5 spanning? : True
Are all ISTs independent? : True

====TEST CR(571, 94, 188)====
Is IST_0 spanning? : True
Is IST_1 spanning? : True
Is IST_2 spanning? : True
Is IST_3 spanning? : True
Is IST_4 spanning? : True
Is IST_5 spanning? : True
Are all ISTs independent? : True

====TEST CR(572, 94, 188)====
Is IST_0 spanning? : True
Is IST_1 spanning? : True
Is IST_2 spanning? : True
Is IST_3 spanning? : True
Is IST_4 spanning? : True
Is IST_5 spanning? : True
Are all ISTs independent? : True

====TEST CR(573, 94, 188)====
Is IST_0 spanning? : True
Is IST_1 spanning? : True
Is IST_2 spanning? : True
Is IST_3 spanning? : True
Is IST_4 spanning? : True
Is IST_5 spanning? : True
Are all ISTs independent? : True

====TEST CR(574, 94, 188)====
Is IST_0 spanning? : True
Is IST_1 spanning? : True
Is IST_2 spanning? : True
Is IST_3 spanning? : True
Is IST_4 spanning? : True
Is IST_5 spanning? : True
Are all ISTs independent? : True

====TEST CR(575, 94, 188)====
Is IST_0 spanning? : True
Is IST_1 spanning? : True
Is IST_2 spanning? : True
Is IST_3 spanning? : True
Is IST_4 spanning? : True
Is IST_5 spanning? : True
Are all ISTs independent? : True

====TEST CR(576, 94, 188)====
Is IST_0 spanning? : True
Is IST_1 spanning? : True
Is IST_2 spanning? : True
Is IST_3 spanning? : True
Is IST_4 spanning? : True
Is IST_5 spanning? : True
Are all ISTs independent? : True

====TEST CR(577, 94, 188)====
Is IST_0 spanning? : True
Is IST_1 spanning? : True
Is IST_2 spanning? : True
Is IST_3 spanning? : True
Is IST_4 spanning? : True
Is IST_5 spanning? : True
Are all ISTs independent? : True

====TEST CR(578, 94, 188)====
Is IST_0 spanning? : True
Is IST_1 spanning? : True
Is IST_2 spanning? : True
Is IST_3 spanning? : True
Is IST_4 spanning? : True
Is IST_5 spanning? : True
Are all ISTs independent? : True

====TEST CR(579, 94, 188)====
Is IST_0 spanning? : True
Is IST_1 spanning? : True
Is IST_2 spanning? : True
Is IST_3 spanning? : True
Is IST_4 spanning? : True
Is IST_5 spanning? : True
Are all ISTs independent? : True

====TEST CR(580, 94, 188)====
Is IST_0 spanning? : True
Is IST_1 spanning? : True
Is IST_2 spanning? : True
Is IST_3 spanning? : True
Is IST_4 spanning? : True
Is IST_5 spanning? : True
Are all ISTs independent? : True

====TEST CR(581, 94, 188)====
Is IST_0 spanning? : True
Is IST_1 spanning? : True
Is IST_2 spanning? : True
Is IST_3 spanning? : True
Is IST_4 spanning? : True
Is IST_5 spanning? : True
Are all ISTs independent? : True

====TEST CR(582, 94, 188)====
Is IST_0 spanning? : True
Is IST_1 spanning? : True
Is IST_2 spanning? : True
Is IST_3 spanning? : True
Is IST_4 spanning? : True
Is IST_5 spanning? : True
Are all ISTs independent? : True

====TEST CR(583, 94, 188)====
Is IST_0 spanning? : True
Is IST_1 spanning? : True
Is IST_2 spanning? : True
Is IST_3 spanning? : True
Is IST_4 spanning? : True
Is IST_5 spanning? : True
Are all ISTs independent? : True

====TEST CR(584, 94, 188)====
Is IST_0 spanning? : True
Is IST_1 spanning? : True
Is IST_2 spanning? : True
Is IST_3 spanning? : True
Is IST_4 spanning? : True
Is IST_5 spanning? : True
Are all ISTs independent? : True

====TEST CR(585, 94, 188)====
Is IST_0 spanning? : True
Is IST_1 spanning? : True
Is IST_2 spanning? : True
Is IST_3 spanning? : True
Is IST_4 spanning? : True
Is IST_5 spanning? : True
Are all ISTs independent? : True

====TEST CR(586, 94, 188)====
Is IST_0 spanning? : True
Is IST_1 spanning? : True
Is IST_2 spanning? : True
Is IST_3 spanning? : True
Is IST_4 spanning? : True
Is IST_5 spanning? : True
Are all ISTs independent? : True

====TEST CR(587, 94, 188)====
Is IST_0 spanning? : True
Is IST_1 spanning? : True
Is IST_2 spanning? : True
Is IST_3 spanning? : True
Is IST_4 spanning? : True
Is IST_5 spanning? : True
Are all ISTs independent? : True

====TEST CR(588, 94, 188)====
Is IST_0 spanning? : True
Is IST_1 spanning? : True
Is IST_2 spanning? : True
Is IST_3 spanning? : True
Is IST_4 spanning? : True
Is IST_5 spanning? : True
Are all ISTs independent? : True

====TEST CR(589, 94, 188)====
Is IST_0 spanning? : True
Is IST_1 spanning? : True
Is IST_2 spanning? : True
Is IST_3 spanning? : True
Is IST_4 spanning? : True
Is IST_5 spanning? : True
Are all ISTs independent? : True

====TEST CR(590, 94, 188)====
Is IST_0 spanning? : True
Is IST_1 spanning? : True
Is IST_2 spanning? : True
Is IST_3 spanning? : True
Is IST_4 spanning? : True
Is IST_5 spanning? : True
Are all ISTs independent? : True

====TEST CR(591, 94, 188)====
Is IST_0 spanning? : True
Is IST_1 spanning? : True
Is IST_2 spanning? : True
Is IST_3 spanning? : True
Is IST_4 spanning? : True
Is IST_5 spanning? : True
Are all ISTs independent? : True

====TEST CR(592, 94, 188)====
Is IST_0 spanning? : True
Is IST_1 spanning? : True
Is IST_2 spanning? : True
Is IST_3 spanning? : True
Is IST_4 spanning? : True
Is IST_5 spanning? : True
Are all ISTs independent? : True

====TEST CR(593, 94, 188)====
Is IST_0 spanning? : True
Is IST_1 spanning? : True
Is IST_2 spanning? : True
Is IST_3 spanning? : True
Is IST_4 spanning? : True
Is IST_5 spanning? : True
Are all ISTs independent? : True

====TEST CR(594, 94, 188)====
Is IST_0 spanning? : True
Is IST_1 spanning? : True
Is IST_2 spanning? : True
Is IST_3 spanning? : True
Is IST_4 spanning? : True
Is IST_5 spanning? : True
Are all ISTs independent? : True

====TEST CR(595, 94, 188)====
Is IST_0 spanning? : True
Is IST_1 spanning? : True
Is IST_2 spanning? : True
Is IST_3 spanning? : True
Is IST_4 spanning? : True
Is IST_5 spanning? : True
Are all ISTs independent? : True

====TEST CR(596, 94, 188)====
Is IST_0 spanning? : True
Is IST_1 spanning? : True
Is IST_2 spanning? : True
Is IST_3 spanning? : True
Is IST_4 spanning? : True
Is IST_5 spanning? : True
Are all ISTs independent? : True

====TEST CR(597, 94, 188)====
Is IST_0 spanning? : True
Is IST_1 spanning? : True
Is IST_2 spanning? : True
Is IST_3 spanning? : True
Is IST_4 spanning? : True
Is IST_5 spanning? : True
Are all ISTs independent? : True

====TEST CR(598, 94, 188)====
Is IST_0 spanning? : True
Is IST_1 spanning? : True
Is IST_2 spanning? : True
Is IST_3 spanning? : True
Is IST_4 spanning? : True
Is IST_5 spanning? : True
Are all ISTs independent? : True

====TEST CR(599, 94, 188)====
Is IST_0 spanning? : True
Is IST_1 spanning? : True
Is IST_2 spanning? : True
Is IST_3 spanning? : True
Is IST_4 spanning? : True
Is IST_5 spanning? : True
Are all ISTs independent? : True

====TEST CR(600, 94, 188)====
Is IST_0 spanning? : True
Is IST_1 spanning? : True
Is IST_2 spanning? : True
Is IST_3 spanning? : True
Is IST_4 spanning? : True
Is IST_5 spanning? : True
Are all ISTs independent? : True

====TEST CR(601, 94, 188)====
Is IST_0 spanning? : True
Is IST_1 spanning? : True
Is IST_2 spanning? : True
Is IST_3 spanning? : True
Is IST_4 spanning? : True
Is IST_5 spanning? : True
Are all ISTs independent? : True

====TEST CR(602, 94, 188)====
Is IST_0 spanning? : True
Is IST_1 spanning? : True
Is IST_2 spanning? : True
Is IST_3 spanning? : True
Is IST_4 spanning? : True
Is IST_5 spanning? : True
Are all ISTs independent? : True

====TEST CR(603, 94, 188)====
Is IST_0 spanning? : True
Is IST_1 spanning? : True
Is IST_2 spanning? : True
Is IST_3 spanning? : True
Is IST_4 spanning? : True
Is IST_5 spanning? : True
Are all ISTs independent? : True

====TEST CR(604, 94, 188)====
Is IST_0 spanning? : True
Is IST_1 spanning? : True
Is IST_2 spanning? : True
Is IST_3 spanning? : True
Is IST_4 spanning? : True
Is IST_5 spanning? : True
Are all ISTs independent? : True

====TEST CR(605, 94, 188)====
Is IST_0 spanning? : True
Is IST_1 spanning? : True
Is IST_2 spanning? : True
Is IST_3 spanning? : True
Is IST_4 spanning? : True
Is IST_5 spanning? : True
Are all ISTs independent? : True

====TEST CR(606, 94, 188)====
Is IST_0 spanning? : True
Is IST_1 spanning? : True
Is IST_2 spanning? : True
Is IST_3 spanning? : True
Is IST_4 spanning? : True
Is IST_5 spanning? : True
Are all ISTs independent? : True

====TEST CR(607, 94, 188)====
Is IST_0 spanning? : True
Is IST_1 spanning? : True
Is IST_2 spanning? : True
Is IST_3 spanning? : True
Is IST_4 spanning? : True
Is IST_5 spanning? : True
Are all ISTs independent? : True

====TEST CR(608, 94, 188)====
Is IST_0 spanning? : True
Is IST_1 spanning? : True
Is IST_2 spanning? : True
Is IST_3 spanning? : True
Is IST_4 spanning? : True
Is IST_5 spanning? : True
Are all ISTs independent? : True

====TEST CR(609, 94, 188)====
Is IST_0 spanning? : True
Is IST_1 spanning? : True
Is IST_2 spanning? : True
Is IST_3 spanning? : True
Is IST_4 spanning? : True
Is IST_5 spanning? : True
Are all ISTs independent? : True

====TEST CR(610, 94, 188)====
Is IST_0 spanning? : True
Is IST_1 spanning? : True
Is IST_2 spanning? : True
Is IST_3 spanning? : True
Is IST_4 spanning? : True
Is IST_5 spanning? : True
Are all ISTs independent? : True

====TEST CR(611, 94, 188)====
Is IST_0 spanning? : True
Is IST_1 spanning? : True
Is IST_2 spanning? : True
Is IST_3 spanning? : True
Is IST_4 spanning? : True
Is IST_5 spanning? : True
Are all ISTs independent? : True

====TEST CR(612, 94, 188)====
Is IST_0 spanning? : True
Is IST_1 spanning? : True
Is IST_2 spanning? : True
Is IST_3 spanning? : True
Is IST_4 spanning? : True
Is IST_5 spanning? : True
Are all ISTs independent? : True

====TEST CR(613, 94, 188)====
Is IST_0 spanning? : True
Is IST_1 spanning? : True
Is IST_2 spanning? : True
Is IST_3 spanning? : True
Is IST_4 spanning? : True
Is IST_5 spanning? : True
Are all ISTs independent? : True

====TEST CR(614, 94, 188)====
Is IST_0 spanning? : True
Is IST_1 spanning? : True
Is IST_2 spanning? : True
Is IST_3 spanning? : True
Is IST_4 spanning? : True
Is IST_5 spanning? : True
Are all ISTs independent? : True

====TEST CR(615, 94, 188)====
Is IST_0 spanning? : True
Is IST_1 spanning? : True
Is IST_2 spanning? : True
Is IST_3 spanning? : True
Is IST_4 spanning? : True
Is IST_5 spanning? : True
Are all ISTs independent? : True

====TEST CR(616, 94, 188)====
Is IST_0 spanning? : True
Is IST_1 spanning? : True
Is IST_2 spanning? : True
Is IST_3 spanning? : True
Is IST_4 spanning? : True
Is IST_5 spanning? : True
Are all ISTs independent? : True

====TEST CR(617, 94, 188)====
Is IST_0 spanning? : True
Is IST_1 spanning? : True
Is IST_2 spanning? : True
Is IST_3 spanning? : True
Is IST_4 spanning? : True
Is IST_5 spanning? : True
Are all ISTs independent? : True

====TEST CR(618, 94, 188)====
Is IST_0 spanning? : True
Is IST_1 spanning? : True
Is IST_2 spanning? : True
Is IST_3 spanning? : True
Is IST_4 spanning? : True
Is IST_5 spanning? : True
Are all ISTs independent? : True

====TEST CR(619, 94, 188)====
Is IST_0 spanning? : True
Is IST_1 spanning? : True
Is IST_2 spanning? : True
Is IST_3 spanning? : True
Is IST_4 spanning? : True
Is IST_5 spanning? : True
Are all ISTs independent? : True

====TEST CR(620, 94, 188)====
Is IST_0 spanning? : True
Is IST_1 spanning? : True
Is IST_2 spanning? : True
Is IST_3 spanning? : True
Is IST_4 spanning? : True
Is IST_5 spanning? : True
Are all ISTs independent? : True

====TEST CR(621, 94, 188)====
Is IST_0 spanning? : True
Is IST_1 spanning? : True
Is IST_2 spanning? : True
Is IST_3 spanning? : True
Is IST_4 spanning? : True
Is IST_5 spanning? : True
Are all ISTs independent? : True

====TEST CR(622, 94, 188)====
Is IST_0 spanning? : True
Is IST_1 spanning? : True
Is IST_2 spanning? : True
Is IST_3 spanning? : True
Is IST_4 spanning? : True
Is IST_5 spanning? : True
Are all ISTs independent? : True

====TEST CR(623, 94, 188)====
Is IST_0 spanning? : True
Is IST_1 spanning? : True
Is IST_2 spanning? : True
Is IST_3 spanning? : True
Is IST_4 spanning? : True
Is IST_5 spanning? : True
Are all ISTs independent? : True

====TEST CR(624, 94, 188)====
Is IST_0 spanning? : True
Is IST_1 spanning? : True
Is IST_2 spanning? : True
Is IST_3 spanning? : True
Is IST_4 spanning? : True
Is IST_5 spanning? : True
Are all ISTs independent? : True

====TEST CR(625, 94, 188)====
Is IST_0 spanning? : True
Is IST_1 spanning? : True
Is IST_2 spanning? : True
Is IST_3 spanning? : True
Is IST_4 spanning? : True
Is IST_5 spanning? : True
Are all ISTs independent? : True

====TEST CR(626, 94, 188)====
Is IST_0 spanning? : True
Is IST_1 spanning? : True
Is IST_2 spanning? : True
Is IST_3 spanning? : True
Is IST_4 spanning? : True
Is IST_5 spanning? : True
Are all ISTs independent? : True

====TEST CR(627, 94, 188)====
Is IST_0 spanning? : True
Is IST_1 spanning? : True
Is IST_2 spanning? : True
Is IST_3 spanning? : True
Is IST_4 spanning? : True
Is IST_5 spanning? : True
Are all ISTs independent? : True

====TEST CR(628, 94, 188)====
Is IST_0 spanning? : True
Is IST_1 spanning? : True
Is IST_2 spanning? : True
Is IST_3 spanning? : True
Is IST_4 spanning? : True
Is IST_5 spanning? : True
Are all ISTs independent? : True

====TEST CR(629, 94, 188)====
Is IST_0 spanning? : True
Is IST_1 spanning? : True
Is IST_2 spanning? : True
Is IST_3 spanning? : True
Is IST_4 spanning? : True
Is IST_5 spanning? : True
Are all ISTs independent? : True

====TEST CR(630, 94, 188)====
Is IST_0 spanning? : True
Is IST_1 spanning? : True
Is IST_2 spanning? : True
Is IST_3 spanning? : True
Is IST_4 spanning? : True
Is IST_5 spanning? : True
Are all ISTs independent? : True

====TEST CR(631, 94, 188)====
Is IST_0 spanning? : True
Is IST_1 spanning? : True
Is IST_2 spanning? : True
Is IST_3 spanning? : True
Is IST_4 spanning? : True
Is IST_5 spanning? : True
Are all ISTs independent? : True

====TEST CR(632, 94, 188)====
Is IST_0 spanning? : True
Is IST_1 spanning? : True
Is IST_2 spanning? : True
Is IST_3 spanning? : True
Is IST_4 spanning? : True
Is IST_5 spanning? : True
Are all ISTs independent? : True

====TEST CR(633, 94, 188)====
Is IST_0 spanning? : True
Is IST_1 spanning? : True
Is IST_2 spanning? : True
Is IST_3 spanning? : True
Is IST_4 spanning? : True
Is IST_5 spanning? : True
Are all ISTs independent? : True

====TEST CR(634, 94, 188)====
Is IST_0 spanning? : True
Is IST_1 spanning? : True
Is IST_2 spanning? : True
Is IST_3 spanning? : True
Is IST_4 spanning? : True
Is IST_5 spanning? : True
Are all ISTs independent? : True

====TEST CR(635, 94, 188)====
Is IST_0 spanning? : True
Is IST_1 spanning? : True
Is IST_2 spanning? : True
Is IST_3 spanning? : True
Is IST_4 spanning? : True
Is IST_5 spanning? : True
Are all ISTs independent? : True

====TEST CR(636, 94, 188)====
Is IST_0 spanning? : True
Is IST_1 spanning? : True
Is IST_2 spanning? : True
Is IST_3 spanning? : True
Is IST_4 spanning? : True
Is IST_5 spanning? : True
Are all ISTs independent? : True

====TEST CR(637, 94, 188)====
Is IST_0 spanning? : True
Is IST_1 spanning? : True
Is IST_2 spanning? : True
Is IST_3 spanning? : True
Is IST_4 spanning? : True
Is IST_5 spanning? : True
Are all ISTs independent? : True

====TEST CR(638, 94, 188)====
Is IST_0 spanning? : True
Is IST_1 spanning? : True
Is IST_2 spanning? : True
Is IST_3 spanning? : True
Is IST_4 spanning? : True
Is IST_5 spanning? : True
Are all ISTs independent? : True

====TEST CR(639, 94, 188)====
Is IST_0 spanning? : True
Is IST_1 spanning? : True
Is IST_2 spanning? : True
Is IST_3 spanning? : True
Is IST_4 spanning? : True
Is IST_5 spanning? : True
Are all ISTs independent? : True

====TEST CR(640, 94, 188)====
Is IST_0 spanning? : True
Is IST_1 spanning? : True
Is IST_2 spanning? : True
Is IST_3 spanning? : True
Is IST_4 spanning? : True
Is IST_5 spanning? : True
Are all ISTs independent? : True

====TEST CR(641, 94, 188)====
Is IST_0 spanning? : True
Is IST_1 spanning? : True
Is IST_2 spanning? : True
Is IST_3 spanning? : True
Is IST_4 spanning? : True
Is IST_5 spanning? : True
Are all ISTs independent? : True

====TEST CR(642, 94, 188)====
Is IST_0 spanning? : True
Is IST_1 spanning? : True
Is IST_2 spanning? : True
Is IST_3 spanning? : True
Is IST_4 spanning? : True
Is IST_5 spanning? : True
Are all ISTs independent? : True

====TEST CR(643, 94, 188)====
Is IST_0 spanning? : True
Is IST_1 spanning? : True
Is IST_2 spanning? : True
Is IST_3 spanning? : True
Is IST_4 spanning? : True
Is IST_5 spanning? : True
Are all ISTs independent? : True

====TEST CR(644, 94, 188)====
Is IST_0 spanning? : True
Is IST_1 spanning? : True
Is IST_2 spanning? : True
Is IST_3 spanning? : True
Is IST_4 spanning? : True
Is IST_5 spanning? : True
Are all ISTs independent? : True

====TEST CR(645, 94, 188)====
Is IST_0 spanning? : True
Is IST_1 spanning? : True
Is IST_2 spanning? : True
Is IST_3 spanning? : True
Is IST_4 spanning? : True
Is IST_5 spanning? : True
Are all ISTs independent? : True

====TEST CR(646, 94, 188)====
Is IST_0 spanning? : True
Is IST_1 spanning? : True
Is IST_2 spanning? : True
Is IST_3 spanning? : True
Is IST_4 spanning? : True
Is IST_5 spanning? : True
Are all ISTs independent? : True

====TEST CR(647, 94, 188)====
Is IST_0 spanning? : True
Is IST_1 spanning? : True
Is IST_2 spanning? : True
Is IST_3 spanning? : True
Is IST_4 spanning? : True
Is IST_5 spanning? : True
Are all ISTs independent? : True

====TEST CR(648, 94, 188)====
Is IST_0 spanning? : True
Is IST_1 spanning? : True
Is IST_2 spanning? : True
Is IST_3 spanning? : True
Is IST_4 spanning? : True
Is IST_5 spanning? : True
Are all ISTs independent? : True

====TEST CR(649, 94, 188)====
Is IST_0 spanning? : True
Is IST_1 spanning? : True
Is IST_2 spanning? : True
Is IST_3 spanning? : True
Is IST_4 spanning? : True
Is IST_5 spanning? : True
Are all ISTs independent? : True

====TEST CR(650, 94, 188)====
Is IST_0 spanning? : True
Is IST_1 spanning? : True
Is IST_2 spanning? : True
Is IST_3 spanning? : True
Is IST_4 spanning? : True
Is IST_5 spanning? : True
Are all ISTs independent? : True

====TEST CR(651, 94, 188)====
Is IST_0 spanning? : True
Is IST_1 spanning? : True
Is IST_2 spanning? : True
Is IST_3 spanning? : True
Is IST_4 spanning? : True
Is IST_5 spanning? : True
Are all ISTs independent? : True

====TEST CR(652, 94, 188)====
Is IST_0 spanning? : True
Is IST_1 spanning? : True
Is IST_2 spanning? : True
Is IST_3 spanning? : True
Is IST_4 spanning? : True
Is IST_5 spanning? : True
Are all ISTs independent? : True

====TEST CR(653, 94, 188)====
Is IST_0 spanning? : True
Is IST_1 spanning? : True
Is IST_2 spanning? : True
Is IST_3 spanning? : True
Is IST_4 spanning? : True
Is IST_5 spanning? : True
Are all ISTs independent? : True

====TEST CR(654, 94, 188)====
Is IST_0 spanning? : True
Is IST_1 spanning? : True
Is IST_2 spanning? : True
Is IST_3 spanning? : True
Is IST_4 spanning? : True
Is IST_5 spanning? : True
Are all ISTs independent? : True

====TEST CR(655, 94, 188)====
Is IST_0 spanning? : True
Is IST_1 spanning? : True
Is IST_2 spanning? : True
Is IST_3 spanning? : True
Is IST_4 spanning? : True
Is IST_5 spanning? : True
Are all ISTs independent? : True

====TEST CR(656, 94, 188)====
Is IST_0 spanning? : True
Is IST_1 spanning? : True
Is IST_2 spanning? : True
Is IST_3 spanning? : True
Is IST_4 spanning? : True
Is IST_5 spanning? : True
Are all ISTs independent? : True

====TEST CR(657, 94, 188)====
Is IST_0 spanning? : True
Is IST_1 spanning? : True
Is IST_2 spanning? : True
Is IST_3 spanning? : True
Is IST_4 spanning? : True
Is IST_5 spanning? : True
Are all ISTs independent? : True

====TEST CR(658, 94, 188)====
Is IST_0 spanning? : True
Is IST_1 spanning? : True
Is IST_2 spanning? : True
Is IST_3 spanning? : True
Is IST_4 spanning? : True
Is IST_5 spanning? : True
Are all ISTs independent? : True

====TEST CR(659, 94, 188)====
Is IST_0 spanning? : True
Is IST_1 spanning? : True
Is IST_2 spanning? : True
Is IST_3 spanning? : True
Is IST_4 spanning? : True
Is IST_5 spanning? : True
Are all ISTs independent? : True

====TEST CR(660, 94, 188)====
Is IST_0 spanning? : True
Is IST_1 spanning? : True
Is IST_2 spanning? : True
Is IST_3 spanning? : True
Is IST_4 spanning? : True
Is IST_5 spanning? : True
Are all ISTs independent? : True

====TEST CR(661, 94, 188)====
Is IST_0 spanning? : True
Is IST_1 spanning? : True
Is IST_2 spanning? : True
Is IST_3 spanning? : True
Is IST_4 spanning? : True
Is IST_5 spanning? : True
Are all ISTs independent? : True

====TEST CR(662, 94, 188)====
Is IST_0 spanning? : True
Is IST_1 spanning? : True
Is IST_2 spanning? : True
Is IST_3 spanning? : True
Is IST_4 spanning? : True
Is IST_5 spanning? : True
Are all ISTs independent? : True

====TEST CR(663, 94, 188)====
Is IST_0 spanning? : True
Is IST_1 spanning? : True
Is IST_2 spanning? : True
Is IST_3 spanning? : True
Is IST_4 spanning? : True
Is IST_5 spanning? : True
Are all ISTs independent? : True

====TEST CR(664, 94, 188)====
Is IST_0 spanning? : True
Is IST_1 spanning? : True
Is IST_2 spanning? : True
Is IST_3 spanning? : True
Is IST_4 spanning? : True
Is IST_5 spanning? : True
Are all ISTs independent? : True

====TEST CR(665, 94, 188)====
Is IST_0 spanning? : True
Is IST_1 spanning? : True
Is IST_2 spanning? : True
Is IST_3 spanning? : True
Is IST_4 spanning? : True
Is IST_5 spanning? : True
Are all ISTs independent? : True

====TEST CR(666, 94, 188)====
Is IST_0 spanning? : True
Is IST_1 spanning? : True
Is IST_2 spanning? : True
Is IST_3 spanning? : True
Is IST_4 spanning? : True
Is IST_5 spanning? : True
Are all ISTs independent? : True

====TEST CR(667, 94, 188)====
Is IST_0 spanning? : True
Is IST_1 spanning? : True
Is IST_2 spanning? : True
Is IST_3 spanning? : True
Is IST_4 spanning? : True
Is IST_5 spanning? : True
Are all ISTs independent? : True

====TEST CR(668, 94, 188)====
Is IST_0 spanning? : True
Is IST_1 spanning? : True
Is IST_2 spanning? : True
Is IST_3 spanning? : True
Is IST_4 spanning? : True
Is IST_5 spanning? : True
Are all ISTs independent? : True

====TEST CR(669, 94, 188)====
Is IST_0 spanning? : True
Is IST_1 spanning? : True
Is IST_2 spanning? : True
Is IST_3 spanning? : True
Is IST_4 spanning? : True
Is IST_5 spanning? : True
Are all ISTs independent? : True

====TEST CR(670, 94, 188)====
Is IST_0 spanning? : True
Is IST_1 spanning? : True
Is IST_2 spanning? : True
Is IST_3 spanning? : True
Is IST_4 spanning? : True
Is IST_5 spanning? : True
Are all ISTs independent? : True

====TEST CR(671, 94, 188)====
Is IST_0 spanning? : True
Is IST_1 spanning? : True
Is IST_2 spanning? : True
Is IST_3 spanning? : True
Is IST_4 spanning? : True
Is IST_5 spanning? : True
Are all ISTs independent? : True

====TEST CR(672, 94, 188)====
Is IST_0 spanning? : True
Is IST_1 spanning? : True
Is IST_2 spanning? : True
Is IST_3 spanning? : True
Is IST_4 spanning? : True
Is IST_5 spanning? : True
Are all ISTs independent? : True

====TEST CR(673, 94, 188)====
Is IST_0 spanning? : True
Is IST_1 spanning? : True
Is IST_2 spanning? : True
Is IST_3 spanning? : True
Is IST_4 spanning? : True
Is IST_5 spanning? : True
Are all ISTs independent? : True

====TEST CR(674, 94, 188)====
Is IST_0 spanning? : True
Is IST_1 spanning? : True
Is IST_2 spanning? : True
Is IST_3 spanning? : True
Is IST_4 spanning? : True
Is IST_5 spanning? : True
Are all ISTs independent? : True

====TEST CR(675, 94, 188)====
Is IST_0 spanning? : True
Is IST_1 spanning? : True
Is IST_2 spanning? : True
Is IST_3 spanning? : True
Is IST_4 spanning? : True
Is IST_5 spanning? : True
Are all ISTs independent? : True

====TEST CR(676, 94, 188)====
Is IST_0 spanning? : True
Is IST_1 spanning? : True
Is IST_2 spanning? : True
Is IST_3 spanning? : True
Is IST_4 spanning? : True
Is IST_5 spanning? : True
Are all ISTs independent? : True

====TEST CR(677, 94, 188)====
Is IST_0 spanning? : True
Is IST_1 spanning? : True
Is IST_2 spanning? : True
Is IST_3 spanning? : True
Is IST_4 spanning? : True
Is IST_5 spanning? : True
Are all ISTs independent? : True

====TEST CR(678, 94, 188)====
Is IST_0 spanning? : True
Is IST_1 spanning? : True
Is IST_2 spanning? : True
Is IST_3 spanning? : True
Is IST_4 spanning? : True
Is IST_5 spanning? : True
Are all ISTs independent? : True

====TEST CR(679, 94, 188)====
Is IST_0 spanning? : True
Is IST_1 spanning? : True
Is IST_2 spanning? : True
Is IST_3 spanning? : True
Is IST_4 spanning? : True
Is IST_5 spanning? : True
Are all ISTs independent? : True

====TEST CR(680, 94, 188)====
Is IST_0 spanning? : True
Is IST_1 spanning? : True
Is IST_2 spanning? : True
Is IST_3 spanning? : True
Is IST_4 spanning? : True
Is IST_5 spanning? : True
Are all ISTs independent? : True

====TEST CR(681, 94, 188)====
Is IST_0 spanning? : True
Is IST_1 spanning? : True
Is IST_2 spanning? : True
Is IST_3 spanning? : True
Is IST_4 spanning? : True
Is IST_5 spanning? : True
Are all ISTs independent? : True

====TEST CR(682, 94, 188)====
Is IST_0 spanning? : True
Is IST_1 spanning? : True
Is IST_2 spanning? : True
Is IST_3 spanning? : True
Is IST_4 spanning? : True
Is IST_5 spanning? : True
Are all ISTs independent? : True

====TEST CR(683, 94, 188)====
Is IST_0 spanning? : True
Is IST_1 spanning? : True
Is IST_2 spanning? : True
Is IST_3 spanning? : True
Is IST_4 spanning? : True
Is IST_5 spanning? : True
Are all ISTs independent? : True

====TEST CR(684, 94, 188)====
Is IST_0 spanning? : True
Is IST_1 spanning? : True
Is IST_2 spanning? : True
Is IST_3 spanning? : True
Is IST_4 spanning? : True
Is IST_5 spanning? : True
Are all ISTs independent? : True

====TEST CR(685, 94, 188)====
Is IST_0 spanning? : True
Is IST_1 spanning? : True
Is IST_2 spanning? : True
Is IST_3 spanning? : True
Is IST_4 spanning? : True
Is IST_5 spanning? : True
Are all ISTs independent? : True

====TEST CR(686, 94, 188)====
Is IST_0 spanning? : True
Is IST_1 spanning? : True
Is IST_2 spanning? : True
Is IST_3 spanning? : True
Is IST_4 spanning? : True
Is IST_5 spanning? : True
Are all ISTs independent? : True

====TEST CR(687, 94, 188)====
Is IST_0 spanning? : True
Is IST_1 spanning? : True
Is IST_2 spanning? : True
Is IST_3 spanning? : True
Is IST_4 spanning? : True
Is IST_5 spanning? : True
Are all ISTs independent? : True

====TEST CR(688, 94, 188)====
Is IST_0 spanning? : True
Is IST_1 spanning? : True
Is IST_2 spanning? : True
Is IST_3 spanning? : True
Is IST_4 spanning? : True
Is IST_5 spanning? : True
Are all ISTs independent? : True

====TEST CR(689, 94, 188)====
Is IST_0 spanning? : True
Is IST_1 spanning? : True
Is IST_2 spanning? : True
Is IST_3 spanning? : True
Is IST_4 spanning? : True
Is IST_5 spanning? : True
Are all ISTs independent? : True

====TEST CR(690, 94, 188)====
Is IST_0 spanning? : True
Is IST_1 spanning? : True
Is IST_2 spanning? : True
Is IST_3 spanning? : True
Is IST_4 spanning? : True
Is IST_5 spanning? : True
Are all ISTs independent? : True

====TEST CR(691, 94, 188)====
Is IST_0 spanning? : True
Is IST_1 spanning? : True
Is IST_2 spanning? : True
Is IST_3 spanning? : True
Is IST_4 spanning? : True
Is IST_5 spanning? : True
Are all ISTs independent? : True

====TEST CR(692, 94, 188)====
Is IST_0 spanning? : True
Is IST_1 spanning? : True
Is IST_2 spanning? : True
Is IST_3 spanning? : True
Is IST_4 spanning? : True
Is IST_5 spanning? : True
Are all ISTs independent? : True

====TEST CR(570, 95, 190)====
Is IST_0 spanning? : True
Is IST_1 spanning? : True
Is IST_2 spanning? : True
Is IST_3 spanning? : True
Is IST_4 spanning? : True
Is IST_5 spanning? : True
Are all ISTs independent? : True

====TEST CR(571, 95, 190)====
Is IST_0 spanning? : True
Is IST_1 spanning? : True
Is IST_2 spanning? : True
Is IST_3 spanning? : True
Is IST_4 spanning? : True
Is IST_5 spanning? : True
Are all ISTs independent? : True

====TEST CR(572, 95, 190)====
Is IST_0 spanning? : True
Is IST_1 spanning? : True
Is IST_2 spanning? : True
Is IST_3 spanning? : True
Is IST_4 spanning? : True
Is IST_5 spanning? : True
Are all ISTs independent? : True

====TEST CR(573, 95, 190)====
Is IST_0 spanning? : True
Is IST_1 spanning? : True
Is IST_2 spanning? : True
Is IST_3 spanning? : True
Is IST_4 spanning? : True
Is IST_5 spanning? : True
Are all ISTs independent? : True

====TEST CR(574, 95, 190)====
Is IST_0 spanning? : True
Is IST_1 spanning? : True
Is IST_2 spanning? : True
Is IST_3 spanning? : True
Is IST_4 spanning? : True
Is IST_5 spanning? : True
Are all ISTs independent? : True

====TEST CR(575, 95, 190)====
Is IST_0 spanning? : True
Is IST_1 spanning? : True
Is IST_2 spanning? : True
Is IST_3 spanning? : True
Is IST_4 spanning? : True
Is IST_5 spanning? : True
Are all ISTs independent? : True

====TEST CR(576, 95, 190)====
Is IST_0 spanning? : True
Is IST_1 spanning? : True
Is IST_2 spanning? : True
Is IST_3 spanning? : True
Is IST_4 spanning? : True
Is IST_5 spanning? : True
Are all ISTs independent? : True

====TEST CR(577, 95, 190)====
Is IST_0 spanning? : True
Is IST_1 spanning? : True
Is IST_2 spanning? : True
Is IST_3 spanning? : True
Is IST_4 spanning? : True
Is IST_5 spanning? : True
Are all ISTs independent? : True

====TEST CR(578, 95, 190)====
Is IST_0 spanning? : True
Is IST_1 spanning? : True
Is IST_2 spanning? : True
Is IST_3 spanning? : True
Is IST_4 spanning? : True
Is IST_5 spanning? : True
Are all ISTs independent? : True

====TEST CR(579, 95, 190)====
Is IST_0 spanning? : True
Is IST_1 spanning? : True
Is IST_2 spanning? : True
Is IST_3 spanning? : True
Is IST_4 spanning? : True
Is IST_5 spanning? : True
Are all ISTs independent? : True

====TEST CR(580, 95, 190)====
Is IST_0 spanning? : True
Is IST_1 spanning? : True
Is IST_2 spanning? : True
Is IST_3 spanning? : True
Is IST_4 spanning? : True
Is IST_5 spanning? : True
Are all ISTs independent? : True

====TEST CR(581, 95, 190)====
Is IST_0 spanning? : True
Is IST_1 spanning? : True
Is IST_2 spanning? : True
Is IST_3 spanning? : True
Is IST_4 spanning? : True
Is IST_5 spanning? : True
Are all ISTs independent? : True

====TEST CR(582, 95, 190)====
Is IST_0 spanning? : True
Is IST_1 spanning? : True
Is IST_2 spanning? : True
Is IST_3 spanning? : True
Is IST_4 spanning? : True
Is IST_5 spanning? : True
Are all ISTs independent? : True

====TEST CR(583, 95, 190)====
Is IST_0 spanning? : True
Is IST_1 spanning? : True
Is IST_2 spanning? : True
Is IST_3 spanning? : True
Is IST_4 spanning? : True
Is IST_5 spanning? : True
Are all ISTs independent? : True

====TEST CR(584, 95, 190)====
Is IST_0 spanning? : True
Is IST_1 spanning? : True
Is IST_2 spanning? : True
Is IST_3 spanning? : True
Is IST_4 spanning? : True
Is IST_5 spanning? : True
Are all ISTs independent? : True

====TEST CR(585, 95, 190)====
Is IST_0 spanning? : True
Is IST_1 spanning? : True
Is IST_2 spanning? : True
Is IST_3 spanning? : True
Is IST_4 spanning? : True
Is IST_5 spanning? : True
Are all ISTs independent? : True

====TEST CR(586, 95, 190)====
Is IST_0 spanning? : True
Is IST_1 spanning? : True
Is IST_2 spanning? : True
Is IST_3 spanning? : True
Is IST_4 spanning? : True
Is IST_5 spanning? : True
Are all ISTs independent? : True

====TEST CR(587, 95, 190)====
Is IST_0 spanning? : True
Is IST_1 spanning? : True
Is IST_2 spanning? : True
Is IST_3 spanning? : True
Is IST_4 spanning? : True
Is IST_5 spanning? : True
Are all ISTs independent? : True

====TEST CR(588, 95, 190)====
Is IST_0 spanning? : True
Is IST_1 spanning? : True
Is IST_2 spanning? : True
Is IST_3 spanning? : True
Is IST_4 spanning? : True
Is IST_5 spanning? : True
Are all ISTs independent? : True

====TEST CR(589, 95, 190)====
Is IST_0 spanning? : True
Is IST_1 spanning? : True
Is IST_2 spanning? : True
Is IST_3 spanning? : True
Is IST_4 spanning? : True
Is IST_5 spanning? : True
Are all ISTs independent? : True

====TEST CR(590, 95, 190)====
Is IST_0 spanning? : True
Is IST_1 spanning? : True
Is IST_2 spanning? : True
Is IST_3 spanning? : True
Is IST_4 spanning? : True
Is IST_5 spanning? : True
Are all ISTs independent? : True

====TEST CR(591, 95, 190)====
Is IST_0 spanning? : True
Is IST_1 spanning? : True
Is IST_2 spanning? : True
Is IST_3 spanning? : True
Is IST_4 spanning? : True
Is IST_5 spanning? : True
Are all ISTs independent? : True

====TEST CR(592, 95, 190)====
Is IST_0 spanning? : True
Is IST_1 spanning? : True
Is IST_2 spanning? : True
Is IST_3 spanning? : True
Is IST_4 spanning? : True
Is IST_5 spanning? : True
Are all ISTs independent? : True

====TEST CR(593, 95, 190)====
Is IST_0 spanning? : True
Is IST_1 spanning? : True
Is IST_2 spanning? : True
Is IST_3 spanning? : True
Is IST_4 spanning? : True
Is IST_5 spanning? : True
Are all ISTs independent? : True

====TEST CR(594, 95, 190)====
Is IST_0 spanning? : True
Is IST_1 spanning? : True
Is IST_2 spanning? : True
Is IST_3 spanning? : True
Is IST_4 spanning? : True
Is IST_5 spanning? : True
Are all ISTs independent? : True

====TEST CR(595, 95, 190)====
Is IST_0 spanning? : True
Is IST_1 spanning? : True
Is IST_2 spanning? : True
Is IST_3 spanning? : True
Is IST_4 spanning? : True
Is IST_5 spanning? : True
Are all ISTs independent? : True

====TEST CR(596, 95, 190)====
Is IST_0 spanning? : True
Is IST_1 spanning? : True
Is IST_2 spanning? : True
Is IST_3 spanning? : True
Is IST_4 spanning? : True
Is IST_5 spanning? : True
Are all ISTs independent? : True

====TEST CR(597, 95, 190)====
Is IST_0 spanning? : True
Is IST_1 spanning? : True
Is IST_2 spanning? : True
Is IST_3 spanning? : True
Is IST_4 spanning? : True
Is IST_5 spanning? : True
Are all ISTs independent? : True

====TEST CR(598, 95, 190)====
Is IST_0 spanning? : True
Is IST_1 spanning? : True
Is IST_2 spanning? : True
Is IST_3 spanning? : True
Is IST_4 spanning? : True
Is IST_5 spanning? : True
Are all ISTs independent? : True

====TEST CR(599, 95, 190)====
Is IST_0 spanning? : True
Is IST_1 spanning? : True
Is IST_2 spanning? : True
Is IST_3 spanning? : True
Is IST_4 spanning? : True
Is IST_5 spanning? : True
Are all ISTs independent? : True

====TEST CR(600, 95, 190)====
Is IST_0 spanning? : True
Is IST_1 spanning? : True
Is IST_2 spanning? : True
Is IST_3 spanning? : True
Is IST_4 spanning? : True
Is IST_5 spanning? : True
Are all ISTs independent? : True

====TEST CR(601, 95, 190)====
Is IST_0 spanning? : True
Is IST_1 spanning? : True
Is IST_2 spanning? : True
Is IST_3 spanning? : True
Is IST_4 spanning? : True
Is IST_5 spanning? : True
Are all ISTs independent? : True

====TEST CR(602, 95, 190)====
Is IST_0 spanning? : True
Is IST_1 spanning? : True
Is IST_2 spanning? : True
Is IST_3 spanning? : True
Is IST_4 spanning? : True
Is IST_5 spanning? : True
Are all ISTs independent? : True

====TEST CR(603, 95, 190)====
Is IST_0 spanning? : True
Is IST_1 spanning? : True
Is IST_2 spanning? : True
Is IST_3 spanning? : True
Is IST_4 spanning? : True
Is IST_5 spanning? : True
Are all ISTs independent? : True

====TEST CR(604, 95, 190)====
Is IST_0 spanning? : True
Is IST_1 spanning? : True
Is IST_2 spanning? : True
Is IST_3 spanning? : True
Is IST_4 spanning? : True
Is IST_5 spanning? : True
Are all ISTs independent? : True

====TEST CR(605, 95, 190)====
Is IST_0 spanning? : True
Is IST_1 spanning? : True
Is IST_2 spanning? : True
Is IST_3 spanning? : True
Is IST_4 spanning? : True
Is IST_5 spanning? : True
Are all ISTs independent? : True

====TEST CR(606, 95, 190)====
Is IST_0 spanning? : True
Is IST_1 spanning? : True
Is IST_2 spanning? : True
Is IST_3 spanning? : True
Is IST_4 spanning? : True
Is IST_5 spanning? : True
Are all ISTs independent? : True

====TEST CR(607, 95, 190)====
Is IST_0 spanning? : True
Is IST_1 spanning? : True
Is IST_2 spanning? : True
Is IST_3 spanning? : True
Is IST_4 spanning? : True
Is IST_5 spanning? : True
Are all ISTs independent? : True

====TEST CR(608, 95, 190)====
Is IST_0 spanning? : True
Is IST_1 spanning? : True
Is IST_2 spanning? : True
Is IST_3 spanning? : True
Is IST_4 spanning? : True
Is IST_5 spanning? : True
Are all ISTs independent? : True

====TEST CR(609, 95, 190)====
Is IST_0 spanning? : True
Is IST_1 spanning? : True
Is IST_2 spanning? : True
Is IST_3 spanning? : True
Is IST_4 spanning? : True
Is IST_5 spanning? : True
Are all ISTs independent? : True

====TEST CR(610, 95, 190)====
Is IST_0 spanning? : True
Is IST_1 spanning? : True
Is IST_2 spanning? : True
Is IST_3 spanning? : True
Is IST_4 spanning? : True
Is IST_5 spanning? : True
Are all ISTs independent? : True

====TEST CR(611, 95, 190)====
Is IST_0 spanning? : True
Is IST_1 spanning? : True
Is IST_2 spanning? : True
Is IST_3 spanning? : True
Is IST_4 spanning? : True
Is IST_5 spanning? : True
Are all ISTs independent? : True

====TEST CR(612, 95, 190)====
Is IST_0 spanning? : True
Is IST_1 spanning? : True
Is IST_2 spanning? : True
Is IST_3 spanning? : True
Is IST_4 spanning? : True
Is IST_5 spanning? : True
Are all ISTs independent? : True

====TEST CR(613, 95, 190)====
Is IST_0 spanning? : True
Is IST_1 spanning? : True
Is IST_2 spanning? : True
Is IST_3 spanning? : True
Is IST_4 spanning? : True
Is IST_5 spanning? : True
Are all ISTs independent? : True

====TEST CR(614, 95, 190)====
Is IST_0 spanning? : True
Is IST_1 spanning? : True
Is IST_2 spanning? : True
Is IST_3 spanning? : True
Is IST_4 spanning? : True
Is IST_5 spanning? : True
Are all ISTs independent? : True

====TEST CR(615, 95, 190)====
Is IST_0 spanning? : True
Is IST_1 spanning? : True
Is IST_2 spanning? : True
Is IST_3 spanning? : True
Is IST_4 spanning? : True
Is IST_5 spanning? : True
Are all ISTs independent? : True

====TEST CR(616, 95, 190)====
Is IST_0 spanning? : True
Is IST_1 spanning? : True
Is IST_2 spanning? : True
Is IST_3 spanning? : True
Is IST_4 spanning? : True
Is IST_5 spanning? : True
Are all ISTs independent? : True

====TEST CR(617, 95, 190)====
Is IST_0 spanning? : True
Is IST_1 spanning? : True
Is IST_2 spanning? : True
Is IST_3 spanning? : True
Is IST_4 spanning? : True
Is IST_5 spanning? : True
Are all ISTs independent? : True

====TEST CR(618, 95, 190)====
Is IST_0 spanning? : True
Is IST_1 spanning? : True
Is IST_2 spanning? : True
Is IST_3 spanning? : True
Is IST_4 spanning? : True
Is IST_5 spanning? : True
Are all ISTs independent? : True

====TEST CR(619, 95, 190)====
Is IST_0 spanning? : True
Is IST_1 spanning? : True
Is IST_2 spanning? : True
Is IST_3 spanning? : True
Is IST_4 spanning? : True
Is IST_5 spanning? : True
Are all ISTs independent? : True

====TEST CR(620, 95, 190)====
Is IST_0 spanning? : True
Is IST_1 spanning? : True
Is IST_2 spanning? : True
Is IST_3 spanning? : True
Is IST_4 spanning? : True
Is IST_5 spanning? : True
Are all ISTs independent? : True

====TEST CR(621, 95, 190)====
Is IST_0 spanning? : True
Is IST_1 spanning? : True
Is IST_2 spanning? : True
Is IST_3 spanning? : True
Is IST_4 spanning? : True
Is IST_5 spanning? : True
Are all ISTs independent? : True

====TEST CR(622, 95, 190)====
Is IST_0 spanning? : True
Is IST_1 spanning? : True
Is IST_2 spanning? : True
Is IST_3 spanning? : True
Is IST_4 spanning? : True
Is IST_5 spanning? : True
Are all ISTs independent? : True

====TEST CR(623, 95, 190)====
Is IST_0 spanning? : True
Is IST_1 spanning? : True
Is IST_2 spanning? : True
Is IST_3 spanning? : True
Is IST_4 spanning? : True
Is IST_5 spanning? : True
Are all ISTs independent? : True

====TEST CR(624, 95, 190)====
Is IST_0 spanning? : True
Is IST_1 spanning? : True
Is IST_2 spanning? : True
Is IST_3 spanning? : True
Is IST_4 spanning? : True
Is IST_5 spanning? : True
Are all ISTs independent? : True

====TEST CR(625, 95, 190)====
Is IST_0 spanning? : True
Is IST_1 spanning? : True
Is IST_2 spanning? : True
Is IST_3 spanning? : True
Is IST_4 spanning? : True
Is IST_5 spanning? : True
Are all ISTs independent? : True

====TEST CR(626, 95, 190)====
Is IST_0 spanning? : True
Is IST_1 spanning? : True
Is IST_2 spanning? : True
Is IST_3 spanning? : True
Is IST_4 spanning? : True
Is IST_5 spanning? : True
Are all ISTs independent? : True

====TEST CR(627, 95, 190)====
Is IST_0 spanning? : True
Is IST_1 spanning? : True
Is IST_2 spanning? : True
Is IST_3 spanning? : True
Is IST_4 spanning? : True
Is IST_5 spanning? : True
Are all ISTs independent? : True

====TEST CR(628, 95, 190)====
Is IST_0 spanning? : True
Is IST_1 spanning? : True
Is IST_2 spanning? : True
Is IST_3 spanning? : True
Is IST_4 spanning? : True
Is IST_5 spanning? : True
Are all ISTs independent? : True

====TEST CR(629, 95, 190)====
Is IST_0 spanning? : True
Is IST_1 spanning? : True
Is IST_2 spanning? : True
Is IST_3 spanning? : True
Is IST_4 spanning? : True
Is IST_5 spanning? : True
Are all ISTs independent? : True

====TEST CR(630, 95, 190)====
Is IST_0 spanning? : True
Is IST_1 spanning? : True
Is IST_2 spanning? : True
Is IST_3 spanning? : True
Is IST_4 spanning? : True
Is IST_5 spanning? : True
Are all ISTs independent? : True

====TEST CR(631, 95, 190)====
Is IST_0 spanning? : True
Is IST_1 spanning? : True
Is IST_2 spanning? : True
Is IST_3 spanning? : True
Is IST_4 spanning? : True
Is IST_5 spanning? : True
Are all ISTs independent? : True

====TEST CR(632, 95, 190)====
Is IST_0 spanning? : True
Is IST_1 spanning? : True
Is IST_2 spanning? : True
Is IST_3 spanning? : True
Is IST_4 spanning? : True
Is IST_5 spanning? : True
Are all ISTs independent? : True

====TEST CR(633, 95, 190)====
Is IST_0 spanning? : True
Is IST_1 spanning? : True
Is IST_2 spanning? : True
Is IST_3 spanning? : True
Is IST_4 spanning? : True
Is IST_5 spanning? : True
Are all ISTs independent? : True

====TEST CR(634, 95, 190)====
Is IST_0 spanning? : True
Is IST_1 spanning? : True
Is IST_2 spanning? : True
Is IST_3 spanning? : True
Is IST_4 spanning? : True
Is IST_5 spanning? : True
Are all ISTs independent? : True

====TEST CR(635, 95, 190)====
Is IST_0 spanning? : True
Is IST_1 spanning? : True
Is IST_2 spanning? : True
Is IST_3 spanning? : True
Is IST_4 spanning? : True
Is IST_5 spanning? : True
Are all ISTs independent? : True

====TEST CR(636, 95, 190)====
Is IST_0 spanning? : True
Is IST_1 spanning? : True
Is IST_2 spanning? : True
Is IST_3 spanning? : True
Is IST_4 spanning? : True
Is IST_5 spanning? : True
Are all ISTs independent? : True

====TEST CR(637, 95, 190)====
Is IST_0 spanning? : True
Is IST_1 spanning? : True
Is IST_2 spanning? : True
Is IST_3 spanning? : True
Is IST_4 spanning? : True
Is IST_5 spanning? : True
Are all ISTs independent? : True

====TEST CR(638, 95, 190)====
Is IST_0 spanning? : True
Is IST_1 spanning? : True
Is IST_2 spanning? : True
Is IST_3 spanning? : True
Is IST_4 spanning? : True
Is IST_5 spanning? : True
Are all ISTs independent? : True

====TEST CR(639, 95, 190)====
Is IST_0 spanning? : True
Is IST_1 spanning? : True
Is IST_2 spanning? : True
Is IST_3 spanning? : True
Is IST_4 spanning? : True
Is IST_5 spanning? : True
Are all ISTs independent? : True

====TEST CR(640, 95, 190)====
Is IST_0 spanning? : True
Is IST_1 spanning? : True
Is IST_2 spanning? : True
Is IST_3 spanning? : True
Is IST_4 spanning? : True
Is IST_5 spanning? : True
Are all ISTs independent? : True

====TEST CR(641, 95, 190)====
Is IST_0 spanning? : True
Is IST_1 spanning? : True
Is IST_2 spanning? : True
Is IST_3 spanning? : True
Is IST_4 spanning? : True
Is IST_5 spanning? : True
Are all ISTs independent? : True

====TEST CR(642, 95, 190)====
Is IST_0 spanning? : True
Is IST_1 spanning? : True
Is IST_2 spanning? : True
Is IST_3 spanning? : True
Is IST_4 spanning? : True
Is IST_5 spanning? : True
Are all ISTs independent? : True

====TEST CR(643, 95, 190)====
Is IST_0 spanning? : True
Is IST_1 spanning? : True
Is IST_2 spanning? : True
Is IST_3 spanning? : True
Is IST_4 spanning? : True
Is IST_5 spanning? : True
Are all ISTs independent? : True

====TEST CR(644, 95, 190)====
Is IST_0 spanning? : True
Is IST_1 spanning? : True
Is IST_2 spanning? : True
Is IST_3 spanning? : True
Is IST_4 spanning? : True
Is IST_5 spanning? : True
Are all ISTs independent? : True

====TEST CR(645, 95, 190)====
Is IST_0 spanning? : True
Is IST_1 spanning? : True
Is IST_2 spanning? : True
Is IST_3 spanning? : True
Is IST_4 spanning? : True
Is IST_5 spanning? : True
Are all ISTs independent? : True

====TEST CR(646, 95, 190)====
Is IST_0 spanning? : True
Is IST_1 spanning? : True
Is IST_2 spanning? : True
Is IST_3 spanning? : True
Is IST_4 spanning? : True
Is IST_5 spanning? : True
Are all ISTs independent? : True

====TEST CR(647, 95, 190)====
Is IST_0 spanning? : True
Is IST_1 spanning? : True
Is IST_2 spanning? : True
Is IST_3 spanning? : True
Is IST_4 spanning? : True
Is IST_5 spanning? : True
Are all ISTs independent? : True

====TEST CR(648, 95, 190)====
Is IST_0 spanning? : True
Is IST_1 spanning? : True
Is IST_2 spanning? : True
Is IST_3 spanning? : True
Is IST_4 spanning? : True
Is IST_5 spanning? : True
Are all ISTs independent? : True

====TEST CR(649, 95, 190)====
Is IST_0 spanning? : True
Is IST_1 spanning? : True
Is IST_2 spanning? : True
Is IST_3 spanning? : True
Is IST_4 spanning? : True
Is IST_5 spanning? : True
Are all ISTs independent? : True

====TEST CR(650, 95, 190)====
Is IST_0 spanning? : True
Is IST_1 spanning? : True
Is IST_2 spanning? : True
Is IST_3 spanning? : True
Is IST_4 spanning? : True
Is IST_5 spanning? : True
Are all ISTs independent? : True

====TEST CR(651, 95, 190)====
Is IST_0 spanning? : True
Is IST_1 spanning? : True
Is IST_2 spanning? : True
Is IST_3 spanning? : True
Is IST_4 spanning? : True
Is IST_5 spanning? : True
Are all ISTs independent? : True

====TEST CR(652, 95, 190)====
Is IST_0 spanning? : True
Is IST_1 spanning? : True
Is IST_2 spanning? : True
Is IST_3 spanning? : True
Is IST_4 spanning? : True
Is IST_5 spanning? : True
Are all ISTs independent? : True

====TEST CR(653, 95, 190)====
Is IST_0 spanning? : True
Is IST_1 spanning? : True
Is IST_2 spanning? : True
Is IST_3 spanning? : True
Is IST_4 spanning? : True
Is IST_5 spanning? : True
Are all ISTs independent? : True

====TEST CR(654, 95, 190)====
Is IST_0 spanning? : True
Is IST_1 spanning? : True
Is IST_2 spanning? : True
Is IST_3 spanning? : True
Is IST_4 spanning? : True
Is IST_5 spanning? : True
Are all ISTs independent? : True

====TEST CR(655, 95, 190)====
Is IST_0 spanning? : True
Is IST_1 spanning? : True
Is IST_2 spanning? : True
Is IST_3 spanning? : True
Is IST_4 spanning? : True
Is IST_5 spanning? : True
Are all ISTs independent? : True

====TEST CR(656, 95, 190)====
Is IST_0 spanning? : True
Is IST_1 spanning? : True
Is IST_2 spanning? : True
Is IST_3 spanning? : True
Is IST_4 spanning? : True
Is IST_5 spanning? : True
Are all ISTs independent? : True

====TEST CR(657, 95, 190)====
Is IST_0 spanning? : True
Is IST_1 spanning? : True
Is IST_2 spanning? : True
Is IST_3 spanning? : True
Is IST_4 spanning? : True
Is IST_5 spanning? : True
Are all ISTs independent? : True

====TEST CR(658, 95, 190)====
Is IST_0 spanning? : True
Is IST_1 spanning? : True
Is IST_2 spanning? : True
Is IST_3 spanning? : True
Is IST_4 spanning? : True
Is IST_5 spanning? : True
Are all ISTs independent? : True

====TEST CR(659, 95, 190)====
Is IST_0 spanning? : True
Is IST_1 spanning? : True
Is IST_2 spanning? : True
Is IST_3 spanning? : True
Is IST_4 spanning? : True
Is IST_5 spanning? : True
Are all ISTs independent? : True

====TEST CR(660, 95, 190)====
Is IST_0 spanning? : True
Is IST_1 spanning? : True
Is IST_2 spanning? : True
Is IST_3 spanning? : True
Is IST_4 spanning? : True
Is IST_5 spanning? : True
Are all ISTs independent? : True

====TEST CR(661, 95, 190)====
Is IST_0 spanning? : True
Is IST_1 spanning? : True
Is IST_2 spanning? : True
Is IST_3 spanning? : True
Is IST_4 spanning? : True
Is IST_5 spanning? : True
Are all ISTs independent? : True

====TEST CR(662, 95, 190)====
Is IST_0 spanning? : True
Is IST_1 spanning? : True
Is IST_2 spanning? : True
Is IST_3 spanning? : True
Is IST_4 spanning? : True
Is IST_5 spanning? : True
Are all ISTs independent? : True

====TEST CR(663, 95, 190)====
Is IST_0 spanning? : True
Is IST_1 spanning? : True
Is IST_2 spanning? : True
Is IST_3 spanning? : True
Is IST_4 spanning? : True
Is IST_5 spanning? : True
Are all ISTs independent? : True

====TEST CR(664, 95, 190)====
Is IST_0 spanning? : True
Is IST_1 spanning? : True
Is IST_2 spanning? : True
Is IST_3 spanning? : True
Is IST_4 spanning? : True
Is IST_5 spanning? : True
Are all ISTs independent? : True

====TEST CR(665, 95, 190)====
Is IST_0 spanning? : True
Is IST_1 spanning? : True
Is IST_2 spanning? : True
Is IST_3 spanning? : True
Is IST_4 spanning? : True
Is IST_5 spanning? : True
Are all ISTs independent? : True

====TEST CR(666, 95, 190)====
Is IST_0 spanning? : True
Is IST_1 spanning? : True
Is IST_2 spanning? : True
Is IST_3 spanning? : True
Is IST_4 spanning? : True
Is IST_5 spanning? : True
Are all ISTs independent? : True

====TEST CR(667, 95, 190)====
Is IST_0 spanning? : True
Is IST_1 spanning? : True
Is IST_2 spanning? : True
Is IST_3 spanning? : True
Is IST_4 spanning? : True
Is IST_5 spanning? : True
Are all ISTs independent? : True

====TEST CR(668, 95, 190)====
Is IST_0 spanning? : True
Is IST_1 spanning? : True
Is IST_2 spanning? : True
Is IST_3 spanning? : True
Is IST_4 spanning? : True
Is IST_5 spanning? : True
Are all ISTs independent? : True

====TEST CR(669, 95, 190)====
Is IST_0 spanning? : True
Is IST_1 spanning? : True
Is IST_2 spanning? : True
Is IST_3 spanning? : True
Is IST_4 spanning? : True
Is IST_5 spanning? : True
Are all ISTs independent? : True

====TEST CR(670, 95, 190)====
Is IST_0 spanning? : True
Is IST_1 spanning? : True
Is IST_2 spanning? : True
Is IST_3 spanning? : True
Is IST_4 spanning? : True
Is IST_5 spanning? : True
Are all ISTs independent? : True

====TEST CR(671, 95, 190)====
Is IST_0 spanning? : True
Is IST_1 spanning? : True
Is IST_2 spanning? : True
Is IST_3 spanning? : True
Is IST_4 spanning? : True
Is IST_5 spanning? : True
Are all ISTs independent? : True

====TEST CR(672, 95, 190)====
Is IST_0 spanning? : True
Is IST_1 spanning? : True
Is IST_2 spanning? : True
Is IST_3 spanning? : True
Is IST_4 spanning? : True
Is IST_5 spanning? : True
Are all ISTs independent? : True

====TEST CR(673, 95, 190)====
Is IST_0 spanning? : True
Is IST_1 spanning? : True
Is IST_2 spanning? : True
Is IST_3 spanning? : True
Is IST_4 spanning? : True
Is IST_5 spanning? : True
Are all ISTs independent? : True

====TEST CR(674, 95, 190)====
Is IST_0 spanning? : True
Is IST_1 spanning? : True
Is IST_2 spanning? : True
Is IST_3 spanning? : True
Is IST_4 spanning? : True
Is IST_5 spanning? : True
Are all ISTs independent? : True

====TEST CR(675, 95, 190)====
Is IST_0 spanning? : True
Is IST_1 spanning? : True
Is IST_2 spanning? : True
Is IST_3 spanning? : True
Is IST_4 spanning? : True
Is IST_5 spanning? : True
Are all ISTs independent? : True

====TEST CR(676, 95, 190)====
Is IST_0 spanning? : True
Is IST_1 spanning? : True
Is IST_2 spanning? : True
Is IST_3 spanning? : True
Is IST_4 spanning? : True
Is IST_5 spanning? : True
Are all ISTs independent? : True

====TEST CR(677, 95, 190)====
Is IST_0 spanning? : True
Is IST_1 spanning? : True
Is IST_2 spanning? : True
Is IST_3 spanning? : True
Is IST_4 spanning? : True
Is IST_5 spanning? : True
Are all ISTs independent? : True

====TEST CR(678, 95, 190)====
Is IST_0 spanning? : True
Is IST_1 spanning? : True
Is IST_2 spanning? : True
Is IST_3 spanning? : True
Is IST_4 spanning? : True
Is IST_5 spanning? : True
Are all ISTs independent? : True

====TEST CR(679, 95, 190)====
Is IST_0 spanning? : True
Is IST_1 spanning? : True
Is IST_2 spanning? : True
Is IST_3 spanning? : True
Is IST_4 spanning? : True
Is IST_5 spanning? : True
Are all ISTs independent? : True

====TEST CR(680, 95, 190)====
Is IST_0 spanning? : True
Is IST_1 spanning? : True
Is IST_2 spanning? : True
Is IST_3 spanning? : True
Is IST_4 spanning? : True
Is IST_5 spanning? : True
Are all ISTs independent? : True

====TEST CR(681, 95, 190)====
Is IST_0 spanning? : True
Is IST_1 spanning? : True
Is IST_2 spanning? : True
Is IST_3 spanning? : True
Is IST_4 spanning? : True
Is IST_5 spanning? : True
Are all ISTs independent? : True

====TEST CR(682, 95, 190)====
Is IST_0 spanning? : True
Is IST_1 spanning? : True
Is IST_2 spanning? : True
Is IST_3 spanning? : True
Is IST_4 spanning? : True
Is IST_5 spanning? : True
Are all ISTs independent? : True

====TEST CR(683, 95, 190)====
Is IST_0 spanning? : True
Is IST_1 spanning? : True
Is IST_2 spanning? : True
Is IST_3 spanning? : True
Is IST_4 spanning? : True
Is IST_5 spanning? : True
Are all ISTs independent? : True

====TEST CR(684, 95, 190)====
Is IST_0 spanning? : True
Is IST_1 spanning? : True
Is IST_2 spanning? : True
Is IST_3 spanning? : True
Is IST_4 spanning? : True
Is IST_5 spanning? : True
Are all ISTs independent? : True

====TEST CR(685, 95, 190)====
Is IST_0 spanning? : True
Is IST_1 spanning? : True
Is IST_2 spanning? : True
Is IST_3 spanning? : True
Is IST_4 spanning? : True
Is IST_5 spanning? : True
Are all ISTs independent? : True

====TEST CR(686, 95, 190)====
Is IST_0 spanning? : True
Is IST_1 spanning? : True
Is IST_2 spanning? : True
Is IST_3 spanning? : True
Is IST_4 spanning? : True
Is IST_5 spanning? : True
Are all ISTs independent? : True

====TEST CR(687, 95, 190)====
Is IST_0 spanning? : True
Is IST_1 spanning? : True
Is IST_2 spanning? : True
Is IST_3 spanning? : True
Is IST_4 spanning? : True
Is IST_5 spanning? : True
Are all ISTs independent? : True

====TEST CR(688, 95, 190)====
Is IST_0 spanning? : True
Is IST_1 spanning? : True
Is IST_2 spanning? : True
Is IST_3 spanning? : True
Is IST_4 spanning? : True
Is IST_5 spanning? : True
Are all ISTs independent? : True

====TEST CR(689, 95, 190)====
Is IST_0 spanning? : True
Is IST_1 spanning? : True
Is IST_2 spanning? : True
Is IST_3 spanning? : True
Is IST_4 spanning? : True
Is IST_5 spanning? : True
Are all ISTs independent? : True

====TEST CR(690, 95, 190)====
Is IST_0 spanning? : True
Is IST_1 spanning? : True
Is IST_2 spanning? : True
Is IST_3 spanning? : True
Is IST_4 spanning? : True
Is IST_5 spanning? : True
Are all ISTs independent? : True

====TEST CR(691, 95, 190)====
Is IST_0 spanning? : True
Is IST_1 spanning? : True
Is IST_2 spanning? : True
Is IST_3 spanning? : True
Is IST_4 spanning? : True
Is IST_5 spanning? : True
Are all ISTs independent? : True

====TEST CR(692, 95, 190)====
Is IST_0 spanning? : True
Is IST_1 spanning? : True
Is IST_2 spanning? : True
Is IST_3 spanning? : True
Is IST_4 spanning? : True
Is IST_5 spanning? : True
Are all ISTs independent? : True

====TEST CR(693, 95, 190)====
Is IST_0 spanning? : True
Is IST_1 spanning? : True
Is IST_2 spanning? : True
Is IST_3 spanning? : True
Is IST_4 spanning? : True
Is IST_5 spanning? : True
Are all ISTs independent? : True

====TEST CR(694, 95, 190)====
Is IST_0 spanning? : True
Is IST_1 spanning? : True
Is IST_2 spanning? : True
Is IST_3 spanning? : True
Is IST_4 spanning? : True
Is IST_5 spanning? : True
Are all ISTs independent? : True

====TEST CR(695, 95, 190)====
Is IST_0 spanning? : True
Is IST_1 spanning? : True
Is IST_2 spanning? : True
Is IST_3 spanning? : True
Is IST_4 spanning? : True
Is IST_5 spanning? : True
Are all ISTs independent? : True

====TEST CR(696, 95, 190)====
Is IST_0 spanning? : True
Is IST_1 spanning? : True
Is IST_2 spanning? : True
Is IST_3 spanning? : True
Is IST_4 spanning? : True
Is IST_5 spanning? : True
Are all ISTs independent? : True

====TEST CR(697, 95, 190)====
Is IST_0 spanning? : True
Is IST_1 spanning? : True
Is IST_2 spanning? : True
Is IST_3 spanning? : True
Is IST_4 spanning? : True
Is IST_5 spanning? : True
Are all ISTs independent? : True

====TEST CR(698, 95, 190)====
Is IST_0 spanning? : True
Is IST_1 spanning? : True
Is IST_2 spanning? : True
Is IST_3 spanning? : True
Is IST_4 spanning? : True
Is IST_5 spanning? : True
Are all ISTs independent? : True

====TEST CR(576, 96, 192)====
Is IST_0 spanning? : True
Is IST_1 spanning? : True
Is IST_2 spanning? : True
Is IST_3 spanning? : True
Is IST_4 spanning? : True
Is IST_5 spanning? : True
Are all ISTs independent? : True

====TEST CR(577, 96, 192)====
Is IST_0 spanning? : True
Is IST_1 spanning? : True
Is IST_2 spanning? : True
Is IST_3 spanning? : True
Is IST_4 spanning? : True
Is IST_5 spanning? : True
Are all ISTs independent? : True

====TEST CR(578, 96, 192)====
Is IST_0 spanning? : True
Is IST_1 spanning? : True
Is IST_2 spanning? : True
Is IST_3 spanning? : True
Is IST_4 spanning? : True
Is IST_5 spanning? : True
Are all ISTs independent? : True

====TEST CR(579, 96, 192)====
Is IST_0 spanning? : True
Is IST_1 spanning? : True
Is IST_2 spanning? : True
Is IST_3 spanning? : True
Is IST_4 spanning? : True
Is IST_5 spanning? : True
Are all ISTs independent? : True

====TEST CR(580, 96, 192)====
Is IST_0 spanning? : True
Is IST_1 spanning? : True
Is IST_2 spanning? : True
Is IST_3 spanning? : True
Is IST_4 spanning? : True
Is IST_5 spanning? : True
Are all ISTs independent? : True

====TEST CR(581, 96, 192)====
Is IST_0 spanning? : True
Is IST_1 spanning? : True
Is IST_2 spanning? : True
Is IST_3 spanning? : True
Is IST_4 spanning? : True
Is IST_5 spanning? : True
Are all ISTs independent? : True

====TEST CR(582, 96, 192)====
Is IST_0 spanning? : True
Is IST_1 spanning? : True
Is IST_2 spanning? : True
Is IST_3 spanning? : True
Is IST_4 spanning? : True
Is IST_5 spanning? : True
Are all ISTs independent? : True

====TEST CR(583, 96, 192)====
Is IST_0 spanning? : True
Is IST_1 spanning? : True
Is IST_2 spanning? : True
Is IST_3 spanning? : True
Is IST_4 spanning? : True
Is IST_5 spanning? : True
Are all ISTs independent? : True

====TEST CR(584, 96, 192)====
Is IST_0 spanning? : True
Is IST_1 spanning? : True
Is IST_2 spanning? : True
Is IST_3 spanning? : True
Is IST_4 spanning? : True
Is IST_5 spanning? : True
Are all ISTs independent? : True

====TEST CR(585, 96, 192)====
Is IST_0 spanning? : True
Is IST_1 spanning? : True
Is IST_2 spanning? : True
Is IST_3 spanning? : True
Is IST_4 spanning? : True
Is IST_5 spanning? : True
Are all ISTs independent? : True

====TEST CR(586, 96, 192)====
Is IST_0 spanning? : True
Is IST_1 spanning? : True
Is IST_2 spanning? : True
Is IST_3 spanning? : True
Is IST_4 spanning? : True
Is IST_5 spanning? : True
Are all ISTs independent? : True

====TEST CR(587, 96, 192)====
Is IST_0 spanning? : True
Is IST_1 spanning? : True
Is IST_2 spanning? : True
Is IST_3 spanning? : True
Is IST_4 spanning? : True
Is IST_5 spanning? : True
Are all ISTs independent? : True

====TEST CR(588, 96, 192)====
Is IST_0 spanning? : True
Is IST_1 spanning? : True
Is IST_2 spanning? : True
Is IST_3 spanning? : True
Is IST_4 spanning? : True
Is IST_5 spanning? : True
Are all ISTs independent? : True

====TEST CR(589, 96, 192)====
Is IST_0 spanning? : True
Is IST_1 spanning? : True
Is IST_2 spanning? : True
Is IST_3 spanning? : True
Is IST_4 spanning? : True
Is IST_5 spanning? : True
Are all ISTs independent? : True

====TEST CR(590, 96, 192)====
Is IST_0 spanning? : True
Is IST_1 spanning? : True
Is IST_2 spanning? : True
Is IST_3 spanning? : True
Is IST_4 spanning? : True
Is IST_5 spanning? : True
Are all ISTs independent? : True

====TEST CR(591, 96, 192)====
Is IST_0 spanning? : True
Is IST_1 spanning? : True
Is IST_2 spanning? : True
Is IST_3 spanning? : True
Is IST_4 spanning? : True
Is IST_5 spanning? : True
Are all ISTs independent? : True

====TEST CR(592, 96, 192)====
Is IST_0 spanning? : True
Is IST_1 spanning? : True
Is IST_2 spanning? : True
Is IST_3 spanning? : True
Is IST_4 spanning? : True
Is IST_5 spanning? : True
Are all ISTs independent? : True

====TEST CR(593, 96, 192)====
Is IST_0 spanning? : True
Is IST_1 spanning? : True
Is IST_2 spanning? : True
Is IST_3 spanning? : True
Is IST_4 spanning? : True
Is IST_5 spanning? : True
Are all ISTs independent? : True

====TEST CR(594, 96, 192)====
Is IST_0 spanning? : True
Is IST_1 spanning? : True
Is IST_2 spanning? : True
Is IST_3 spanning? : True
Is IST_4 spanning? : True
Is IST_5 spanning? : True
Are all ISTs independent? : True

====TEST CR(595, 96, 192)====
Is IST_0 spanning? : True
Is IST_1 spanning? : True
Is IST_2 spanning? : True
Is IST_3 spanning? : True
Is IST_4 spanning? : True
Is IST_5 spanning? : True
Are all ISTs independent? : True

====TEST CR(596, 96, 192)====
Is IST_0 spanning? : True
Is IST_1 spanning? : True
Is IST_2 spanning? : True
Is IST_3 spanning? : True
Is IST_4 spanning? : True
Is IST_5 spanning? : True
Are all ISTs independent? : True

====TEST CR(597, 96, 192)====
Is IST_0 spanning? : True
Is IST_1 spanning? : True
Is IST_2 spanning? : True
Is IST_3 spanning? : True
Is IST_4 spanning? : True
Is IST_5 spanning? : True
Are all ISTs independent? : True

====TEST CR(598, 96, 192)====
Is IST_0 spanning? : True
Is IST_1 spanning? : True
Is IST_2 spanning? : True
Is IST_3 spanning? : True
Is IST_4 spanning? : True
Is IST_5 spanning? : True
Are all ISTs independent? : True

====TEST CR(599, 96, 192)====
Is IST_0 spanning? : True
Is IST_1 spanning? : True
Is IST_2 spanning? : True
Is IST_3 spanning? : True
Is IST_4 spanning? : True
Is IST_5 spanning? : True
Are all ISTs independent? : True

====TEST CR(600, 96, 192)====
Is IST_0 spanning? : True
Is IST_1 spanning? : True
Is IST_2 spanning? : True
Is IST_3 spanning? : True
Is IST_4 spanning? : True
Is IST_5 spanning? : True
Are all ISTs independent? : True

====TEST CR(601, 96, 192)====
Is IST_0 spanning? : True
Is IST_1 spanning? : True
Is IST_2 spanning? : True
Is IST_3 spanning? : True
Is IST_4 spanning? : True
Is IST_5 spanning? : True
Are all ISTs independent? : True

====TEST CR(602, 96, 192)====
Is IST_0 spanning? : True
Is IST_1 spanning? : True
Is IST_2 spanning? : True
Is IST_3 spanning? : True
Is IST_4 spanning? : True
Is IST_5 spanning? : True
Are all ISTs independent? : True

====TEST CR(603, 96, 192)====
Is IST_0 spanning? : True
Is IST_1 spanning? : True
Is IST_2 spanning? : True
Is IST_3 spanning? : True
Is IST_4 spanning? : True
Is IST_5 spanning? : True
Are all ISTs independent? : True

====TEST CR(604, 96, 192)====
Is IST_0 spanning? : True
Is IST_1 spanning? : True
Is IST_2 spanning? : True
Is IST_3 spanning? : True
Is IST_4 spanning? : True
Is IST_5 spanning? : True
Are all ISTs independent? : True

====TEST CR(605, 96, 192)====
Is IST_0 spanning? : True
Is IST_1 spanning? : True
Is IST_2 spanning? : True
Is IST_3 spanning? : True
Is IST_4 spanning? : True
Is IST_5 spanning? : True
Are all ISTs independent? : True

====TEST CR(606, 96, 192)====
Is IST_0 spanning? : True
Is IST_1 spanning? : True
Is IST_2 spanning? : True
Is IST_3 spanning? : True
Is IST_4 spanning? : True
Is IST_5 spanning? : True
Are all ISTs independent? : True

====TEST CR(607, 96, 192)====
Is IST_0 spanning? : True
Is IST_1 spanning? : True
Is IST_2 spanning? : True
Is IST_3 spanning? : True
Is IST_4 spanning? : True
Is IST_5 spanning? : True
Are all ISTs independent? : True

====TEST CR(608, 96, 192)====
Is IST_0 spanning? : True
Is IST_1 spanning? : True
Is IST_2 spanning? : True
Is IST_3 spanning? : True
Is IST_4 spanning? : True
Is IST_5 spanning? : True
Are all ISTs independent? : True

====TEST CR(609, 96, 192)====
Is IST_0 spanning? : True
Is IST_1 spanning? : True
Is IST_2 spanning? : True
Is IST_3 spanning? : True
Is IST_4 spanning? : True
Is IST_5 spanning? : True
Are all ISTs independent? : True

====TEST CR(610, 96, 192)====
Is IST_0 spanning? : True
Is IST_1 spanning? : True
Is IST_2 spanning? : True
Is IST_3 spanning? : True
Is IST_4 spanning? : True
Is IST_5 spanning? : True
Are all ISTs independent? : True

====TEST CR(611, 96, 192)====
Is IST_0 spanning? : True
Is IST_1 spanning? : True
Is IST_2 spanning? : True
Is IST_3 spanning? : True
Is IST_4 spanning? : True
Is IST_5 spanning? : True
Are all ISTs independent? : True

====TEST CR(612, 96, 192)====
Is IST_0 spanning? : True
Is IST_1 spanning? : True
Is IST_2 spanning? : True
Is IST_3 spanning? : True
Is IST_4 spanning? : True
Is IST_5 spanning? : True
Are all ISTs independent? : True

====TEST CR(613, 96, 192)====
Is IST_0 spanning? : True
Is IST_1 spanning? : True
Is IST_2 spanning? : True
Is IST_3 spanning? : True
Is IST_4 spanning? : True
Is IST_5 spanning? : True
Are all ISTs independent? : True

====TEST CR(614, 96, 192)====
Is IST_0 spanning? : True
Is IST_1 spanning? : True
Is IST_2 spanning? : True
Is IST_3 spanning? : True
Is IST_4 spanning? : True
Is IST_5 spanning? : True
Are all ISTs independent? : True

====TEST CR(615, 96, 192)====
Is IST_0 spanning? : True
Is IST_1 spanning? : True
Is IST_2 spanning? : True
Is IST_3 spanning? : True
Is IST_4 spanning? : True
Is IST_5 spanning? : True
Are all ISTs independent? : True

====TEST CR(616, 96, 192)====
Is IST_0 spanning? : True
Is IST_1 spanning? : True
Is IST_2 spanning? : True
Is IST_3 spanning? : True
Is IST_4 spanning? : True
Is IST_5 spanning? : True
Are all ISTs independent? : True

====TEST CR(617, 96, 192)====
Is IST_0 spanning? : True
Is IST_1 spanning? : True
Is IST_2 spanning? : True
Is IST_3 spanning? : True
Is IST_4 spanning? : True
Is IST_5 spanning? : True
Are all ISTs independent? : True

====TEST CR(618, 96, 192)====
Is IST_0 spanning? : True
Is IST_1 spanning? : True
Is IST_2 spanning? : True
Is IST_3 spanning? : True
Is IST_4 spanning? : True
Is IST_5 spanning? : True
Are all ISTs independent? : True

====TEST CR(619, 96, 192)====
Is IST_0 spanning? : True
Is IST_1 spanning? : True
Is IST_2 spanning? : True
Is IST_3 spanning? : True
Is IST_4 spanning? : True
Is IST_5 spanning? : True
Are all ISTs independent? : True

====TEST CR(620, 96, 192)====
Is IST_0 spanning? : True
Is IST_1 spanning? : True
Is IST_2 spanning? : True
Is IST_3 spanning? : True
Is IST_4 spanning? : True
Is IST_5 spanning? : True
Are all ISTs independent? : True

====TEST CR(621, 96, 192)====
Is IST_0 spanning? : True
Is IST_1 spanning? : True
Is IST_2 spanning? : True
Is IST_3 spanning? : True
Is IST_4 spanning? : True
Is IST_5 spanning? : True
Are all ISTs independent? : True

====TEST CR(622, 96, 192)====
Is IST_0 spanning? : True
Is IST_1 spanning? : True
Is IST_2 spanning? : True
Is IST_3 spanning? : True
Is IST_4 spanning? : True
Is IST_5 spanning? : True
Are all ISTs independent? : True

====TEST CR(623, 96, 192)====
Is IST_0 spanning? : True
Is IST_1 spanning? : True
Is IST_2 spanning? : True
Is IST_3 spanning? : True
Is IST_4 spanning? : True
Is IST_5 spanning? : True
Are all ISTs independent? : True

====TEST CR(624, 96, 192)====
Is IST_0 spanning? : True
Is IST_1 spanning? : True
Is IST_2 spanning? : True
Is IST_3 spanning? : True
Is IST_4 spanning? : True
Is IST_5 spanning? : True
Are all ISTs independent? : True

====TEST CR(625, 96, 192)====
Is IST_0 spanning? : True
Is IST_1 spanning? : True
Is IST_2 spanning? : True
Is IST_3 spanning? : True
Is IST_4 spanning? : True
Is IST_5 spanning? : True
Are all ISTs independent? : True

====TEST CR(626, 96, 192)====
Is IST_0 spanning? : True
Is IST_1 spanning? : True
Is IST_2 spanning? : True
Is IST_3 spanning? : True
Is IST_4 spanning? : True
Is IST_5 spanning? : True
Are all ISTs independent? : True

====TEST CR(627, 96, 192)====
Is IST_0 spanning? : True
Is IST_1 spanning? : True
Is IST_2 spanning? : True
Is IST_3 spanning? : True
Is IST_4 spanning? : True
Is IST_5 spanning? : True
Are all ISTs independent? : True

====TEST CR(628, 96, 192)====
Is IST_0 spanning? : True
Is IST_1 spanning? : True
Is IST_2 spanning? : True
Is IST_3 spanning? : True
Is IST_4 spanning? : True
Is IST_5 spanning? : True
Are all ISTs independent? : True

====TEST CR(629, 96, 192)====
Is IST_0 spanning? : True
Is IST_1 spanning? : True
Is IST_2 spanning? : True
Is IST_3 spanning? : True
Is IST_4 spanning? : True
Is IST_5 spanning? : True
Are all ISTs independent? : True

====TEST CR(630, 96, 192)====
Is IST_0 spanning? : True
Is IST_1 spanning? : True
Is IST_2 spanning? : True
Is IST_3 spanning? : True
Is IST_4 spanning? : True
Is IST_5 spanning? : True
Are all ISTs independent? : True

====TEST CR(631, 96, 192)====
Is IST_0 spanning? : True
Is IST_1 spanning? : True
Is IST_2 spanning? : True
Is IST_3 spanning? : True
Is IST_4 spanning? : True
Is IST_5 spanning? : True
Are all ISTs independent? : True

====TEST CR(632, 96, 192)====
Is IST_0 spanning? : True
Is IST_1 spanning? : True
Is IST_2 spanning? : True
Is IST_3 spanning? : True
Is IST_4 spanning? : True
Is IST_5 spanning? : True
Are all ISTs independent? : True

====TEST CR(633, 96, 192)====
Is IST_0 spanning? : True
Is IST_1 spanning? : True
Is IST_2 spanning? : True
Is IST_3 spanning? : True
Is IST_4 spanning? : True
Is IST_5 spanning? : True
Are all ISTs independent? : True

====TEST CR(634, 96, 192)====
Is IST_0 spanning? : True
Is IST_1 spanning? : True
Is IST_2 spanning? : True
Is IST_3 spanning? : True
Is IST_4 spanning? : True
Is IST_5 spanning? : True
Are all ISTs independent? : True

====TEST CR(635, 96, 192)====
Is IST_0 spanning? : True
Is IST_1 spanning? : True
Is IST_2 spanning? : True
Is IST_3 spanning? : True
Is IST_4 spanning? : True
Is IST_5 spanning? : True
Are all ISTs independent? : True

====TEST CR(636, 96, 192)====
Is IST_0 spanning? : True
Is IST_1 spanning? : True
Is IST_2 spanning? : True
Is IST_3 spanning? : True
Is IST_4 spanning? : True
Is IST_5 spanning? : True
Are all ISTs independent? : True

====TEST CR(637, 96, 192)====
Is IST_0 spanning? : True
Is IST_1 spanning? : True
Is IST_2 spanning? : True
Is IST_3 spanning? : True
Is IST_4 spanning? : True
Is IST_5 spanning? : True
Are all ISTs independent? : True

====TEST CR(638, 96, 192)====
Is IST_0 spanning? : True
Is IST_1 spanning? : True
Is IST_2 spanning? : True
Is IST_3 spanning? : True
Is IST_4 spanning? : True
Is IST_5 spanning? : True
Are all ISTs independent? : True

====TEST CR(639, 96, 192)====
Is IST_0 spanning? : True
Is IST_1 spanning? : True
Is IST_2 spanning? : True
Is IST_3 spanning? : True
Is IST_4 spanning? : True
Is IST_5 spanning? : True
Are all ISTs independent? : True

====TEST CR(640, 96, 192)====
Is IST_0 spanning? : True
Is IST_1 spanning? : True
Is IST_2 spanning? : True
Is IST_3 spanning? : True
Is IST_4 spanning? : True
Is IST_5 spanning? : True
Are all ISTs independent? : True

====TEST CR(641, 96, 192)====
Is IST_0 spanning? : True
Is IST_1 spanning? : True
Is IST_2 spanning? : True
Is IST_3 spanning? : True
Is IST_4 spanning? : True
Is IST_5 spanning? : True
Are all ISTs independent? : True

====TEST CR(642, 96, 192)====
Is IST_0 spanning? : True
Is IST_1 spanning? : True
Is IST_2 spanning? : True
Is IST_3 spanning? : True
Is IST_4 spanning? : True
Is IST_5 spanning? : True
Are all ISTs independent? : True

====TEST CR(643, 96, 192)====
Is IST_0 spanning? : True
Is IST_1 spanning? : True
Is IST_2 spanning? : True
Is IST_3 spanning? : True
Is IST_4 spanning? : True
Is IST_5 spanning? : True
Are all ISTs independent? : True

====TEST CR(644, 96, 192)====
Is IST_0 spanning? : True
Is IST_1 spanning? : True
Is IST_2 spanning? : True
Is IST_3 spanning? : True
Is IST_4 spanning? : True
Is IST_5 spanning? : True
Are all ISTs independent? : True

====TEST CR(645, 96, 192)====
Is IST_0 spanning? : True
Is IST_1 spanning? : True
Is IST_2 spanning? : True
Is IST_3 spanning? : True
Is IST_4 spanning? : True
Is IST_5 spanning? : True
Are all ISTs independent? : True

====TEST CR(646, 96, 192)====
Is IST_0 spanning? : True
Is IST_1 spanning? : True
Is IST_2 spanning? : True
Is IST_3 spanning? : True
Is IST_4 spanning? : True
Is IST_5 spanning? : True
Are all ISTs independent? : True

====TEST CR(647, 96, 192)====
Is IST_0 spanning? : True
Is IST_1 spanning? : True
Is IST_2 spanning? : True
Is IST_3 spanning? : True
Is IST_4 spanning? : True
Is IST_5 spanning? : True
Are all ISTs independent? : True

====TEST CR(648, 96, 192)====
Is IST_0 spanning? : True
Is IST_1 spanning? : True
Is IST_2 spanning? : True
Is IST_3 spanning? : True
Is IST_4 spanning? : True
Is IST_5 spanning? : True
Are all ISTs independent? : True

====TEST CR(649, 96, 192)====
Is IST_0 spanning? : True
Is IST_1 spanning? : True
Is IST_2 spanning? : True
Is IST_3 spanning? : True
Is IST_4 spanning? : True
Is IST_5 spanning? : True
Are all ISTs independent? : True

====TEST CR(650, 96, 192)====
Is IST_0 spanning? : True
Is IST_1 spanning? : True
Is IST_2 spanning? : True
Is IST_3 spanning? : True
Is IST_4 spanning? : True
Is IST_5 spanning? : True
Are all ISTs independent? : True

====TEST CR(651, 96, 192)====
Is IST_0 spanning? : True
Is IST_1 spanning? : True
Is IST_2 spanning? : True
Is IST_3 spanning? : True
Is IST_4 spanning? : True
Is IST_5 spanning? : True
Are all ISTs independent? : True

====TEST CR(652, 96, 192)====
Is IST_0 spanning? : True
Is IST_1 spanning? : True
Is IST_2 spanning? : True
Is IST_3 spanning? : True
Is IST_4 spanning? : True
Is IST_5 spanning? : True
Are all ISTs independent? : True

====TEST CR(653, 96, 192)====
Is IST_0 spanning? : True
Is IST_1 spanning? : True
Is IST_2 spanning? : True
Is IST_3 spanning? : True
Is IST_4 spanning? : True
Is IST_5 spanning? : True
Are all ISTs independent? : True

====TEST CR(654, 96, 192)====
Is IST_0 spanning? : True
Is IST_1 spanning? : True
Is IST_2 spanning? : True
Is IST_3 spanning? : True
Is IST_4 spanning? : True
Is IST_5 spanning? : True
Are all ISTs independent? : True

====TEST CR(655, 96, 192)====
Is IST_0 spanning? : True
Is IST_1 spanning? : True
Is IST_2 spanning? : True
Is IST_3 spanning? : True
Is IST_4 spanning? : True
Is IST_5 spanning? : True
Are all ISTs independent? : True

====TEST CR(656, 96, 192)====
Is IST_0 spanning? : True
Is IST_1 spanning? : True
Is IST_2 spanning? : True
Is IST_3 spanning? : True
Is IST_4 spanning? : True
Is IST_5 spanning? : True
Are all ISTs independent? : True

====TEST CR(657, 96, 192)====
Is IST_0 spanning? : True
Is IST_1 spanning? : True
Is IST_2 spanning? : True
Is IST_3 spanning? : True
Is IST_4 spanning? : True
Is IST_5 spanning? : True
Are all ISTs independent? : True

====TEST CR(658, 96, 192)====
Is IST_0 spanning? : True
Is IST_1 spanning? : True
Is IST_2 spanning? : True
Is IST_3 spanning? : True
Is IST_4 spanning? : True
Is IST_5 spanning? : True
Are all ISTs independent? : True

====TEST CR(659, 96, 192)====
Is IST_0 spanning? : True
Is IST_1 spanning? : True
Is IST_2 spanning? : True
Is IST_3 spanning? : True
Is IST_4 spanning? : True
Is IST_5 spanning? : True
Are all ISTs independent? : True

====TEST CR(660, 96, 192)====
Is IST_0 spanning? : True
Is IST_1 spanning? : True
Is IST_2 spanning? : True
Is IST_3 spanning? : True
Is IST_4 spanning? : True
Is IST_5 spanning? : True
Are all ISTs independent? : True

====TEST CR(661, 96, 192)====
Is IST_0 spanning? : True
Is IST_1 spanning? : True
Is IST_2 spanning? : True
Is IST_3 spanning? : True
Is IST_4 spanning? : True
Is IST_5 spanning? : True
Are all ISTs independent? : True

====TEST CR(662, 96, 192)====
Is IST_0 spanning? : True
Is IST_1 spanning? : True
Is IST_2 spanning? : True
Is IST_3 spanning? : True
Is IST_4 spanning? : True
Is IST_5 spanning? : True
Are all ISTs independent? : True

====TEST CR(663, 96, 192)====
Is IST_0 spanning? : True
Is IST_1 spanning? : True
Is IST_2 spanning? : True
Is IST_3 spanning? : True
Is IST_4 spanning? : True
Is IST_5 spanning? : True
Are all ISTs independent? : True

====TEST CR(664, 96, 192)====
Is IST_0 spanning? : True
Is IST_1 spanning? : True
Is IST_2 spanning? : True
Is IST_3 spanning? : True
Is IST_4 spanning? : True
Is IST_5 spanning? : True
Are all ISTs independent? : True

====TEST CR(665, 96, 192)====
Is IST_0 spanning? : True
Is IST_1 spanning? : True
Is IST_2 spanning? : True
Is IST_3 spanning? : True
Is IST_4 spanning? : True
Is IST_5 spanning? : True
Are all ISTs independent? : True

====TEST CR(666, 96, 192)====
Is IST_0 spanning? : True
Is IST_1 spanning? : True
Is IST_2 spanning? : True
Is IST_3 spanning? : True
Is IST_4 spanning? : True
Is IST_5 spanning? : True
Are all ISTs independent? : True

====TEST CR(667, 96, 192)====
Is IST_0 spanning? : True
Is IST_1 spanning? : True
Is IST_2 spanning? : True
Is IST_3 spanning? : True
Is IST_4 spanning? : True
Is IST_5 spanning? : True
Are all ISTs independent? : True

====TEST CR(668, 96, 192)====
Is IST_0 spanning? : True
Is IST_1 spanning? : True
Is IST_2 spanning? : True
Is IST_3 spanning? : True
Is IST_4 spanning? : True
Is IST_5 spanning? : True
Are all ISTs independent? : True

====TEST CR(669, 96, 192)====
Is IST_0 spanning? : True
Is IST_1 spanning? : True
Is IST_2 spanning? : True
Is IST_3 spanning? : True
Is IST_4 spanning? : True
Is IST_5 spanning? : True
Are all ISTs independent? : True

====TEST CR(670, 96, 192)====
Is IST_0 spanning? : True
Is IST_1 spanning? : True
Is IST_2 spanning? : True
Is IST_3 spanning? : True
Is IST_4 spanning? : True
Is IST_5 spanning? : True
Are all ISTs independent? : True

====TEST CR(671, 96, 192)====
Is IST_0 spanning? : True
Is IST_1 spanning? : True
Is IST_2 spanning? : True
Is IST_3 spanning? : True
Is IST_4 spanning? : True
Is IST_5 spanning? : True
Are all ISTs independent? : True

====TEST CR(672, 96, 192)====
Is IST_0 spanning? : True
Is IST_1 spanning? : True
Is IST_2 spanning? : True
Is IST_3 spanning? : True
Is IST_4 spanning? : True
Is IST_5 spanning? : True
Are all ISTs independent? : True

====TEST CR(673, 96, 192)====
Is IST_0 spanning? : True
Is IST_1 spanning? : True
Is IST_2 spanning? : True
Is IST_3 spanning? : True
Is IST_4 spanning? : True
Is IST_5 spanning? : True
Are all ISTs independent? : True

====TEST CR(674, 96, 192)====
Is IST_0 spanning? : True
Is IST_1 spanning? : True
Is IST_2 spanning? : True
Is IST_3 spanning? : True
Is IST_4 spanning? : True
Is IST_5 spanning? : True
Are all ISTs independent? : True

====TEST CR(675, 96, 192)====
Is IST_0 spanning? : True
Is IST_1 spanning? : True
Is IST_2 spanning? : True
Is IST_3 spanning? : True
Is IST_4 spanning? : True
Is IST_5 spanning? : True
Are all ISTs independent? : True

====TEST CR(676, 96, 192)====
Is IST_0 spanning? : True
Is IST_1 spanning? : True
Is IST_2 spanning? : True
Is IST_3 spanning? : True
Is IST_4 spanning? : True
Is IST_5 spanning? : True
Are all ISTs independent? : True

====TEST CR(677, 96, 192)====
Is IST_0 spanning? : True
Is IST_1 spanning? : True
Is IST_2 spanning? : True
Is IST_3 spanning? : True
Is IST_4 spanning? : True
Is IST_5 spanning? : True
Are all ISTs independent? : True

====TEST CR(678, 96, 192)====
Is IST_0 spanning? : True
Is IST_1 spanning? : True
Is IST_2 spanning? : True
Is IST_3 spanning? : True
Is IST_4 spanning? : True
Is IST_5 spanning? : True
Are all ISTs independent? : True

====TEST CR(679, 96, 192)====
Is IST_0 spanning? : True
Is IST_1 spanning? : True
Is IST_2 spanning? : True
Is IST_3 spanning? : True
Is IST_4 spanning? : True
Is IST_5 spanning? : True
Are all ISTs independent? : True

====TEST CR(680, 96, 192)====
Is IST_0 spanning? : True
Is IST_1 spanning? : True
Is IST_2 spanning? : True
Is IST_3 spanning? : True
Is IST_4 spanning? : True
Is IST_5 spanning? : True
Are all ISTs independent? : True

====TEST CR(681, 96, 192)====
Is IST_0 spanning? : True
Is IST_1 spanning? : True
Is IST_2 spanning? : True
Is IST_3 spanning? : True
Is IST_4 spanning? : True
Is IST_5 spanning? : True
Are all ISTs independent? : True

====TEST CR(682, 96, 192)====
Is IST_0 spanning? : True
Is IST_1 spanning? : True
Is IST_2 spanning? : True
Is IST_3 spanning? : True
Is IST_4 spanning? : True
Is IST_5 spanning? : True
Are all ISTs independent? : True

====TEST CR(683, 96, 192)====
Is IST_0 spanning? : True
Is IST_1 spanning? : True
Is IST_2 spanning? : True
Is IST_3 spanning? : True
Is IST_4 spanning? : True
Is IST_5 spanning? : True
Are all ISTs independent? : True

====TEST CR(684, 96, 192)====
Is IST_0 spanning? : True
Is IST_1 spanning? : True
Is IST_2 spanning? : True
Is IST_3 spanning? : True
Is IST_4 spanning? : True
Is IST_5 spanning? : True
Are all ISTs independent? : True

====TEST CR(685, 96, 192)====
Is IST_0 spanning? : True
Is IST_1 spanning? : True
Is IST_2 spanning? : True
Is IST_3 spanning? : True
Is IST_4 spanning? : True
Is IST_5 spanning? : True
Are all ISTs independent? : True

====TEST CR(686, 96, 192)====
Is IST_0 spanning? : True
Is IST_1 spanning? : True
Is IST_2 spanning? : True
Is IST_3 spanning? : True
Is IST_4 spanning? : True
Is IST_5 spanning? : True
Are all ISTs independent? : True

====TEST CR(687, 96, 192)====
Is IST_0 spanning? : True
Is IST_1 spanning? : True
Is IST_2 spanning? : True
Is IST_3 spanning? : True
Is IST_4 spanning? : True
Is IST_5 spanning? : True
Are all ISTs independent? : True

====TEST CR(688, 96, 192)====
Is IST_0 spanning? : True
Is IST_1 spanning? : True
Is IST_2 spanning? : True
Is IST_3 spanning? : True
Is IST_4 spanning? : True
Is IST_5 spanning? : True
Are all ISTs independent? : True

====TEST CR(689, 96, 192)====
Is IST_0 spanning? : True
Is IST_1 spanning? : True
Is IST_2 spanning? : True
Is IST_3 spanning? : True
Is IST_4 spanning? : True
Is IST_5 spanning? : True
Are all ISTs independent? : True

====TEST CR(690, 96, 192)====
Is IST_0 spanning? : True
Is IST_1 spanning? : True
Is IST_2 spanning? : True
Is IST_3 spanning? : True
Is IST_4 spanning? : True
Is IST_5 spanning? : True
Are all ISTs independent? : True

====TEST CR(691, 96, 192)====
Is IST_0 spanning? : True
Is IST_1 spanning? : True
Is IST_2 spanning? : True
Is IST_3 spanning? : True
Is IST_4 spanning? : True
Is IST_5 spanning? : True
Are all ISTs independent? : True

====TEST CR(692, 96, 192)====
Is IST_0 spanning? : True
Is IST_1 spanning? : True
Is IST_2 spanning? : True
Is IST_3 spanning? : True
Is IST_4 spanning? : True
Is IST_5 spanning? : True
Are all ISTs independent? : True

====TEST CR(693, 96, 192)====
Is IST_0 spanning? : True
Is IST_1 spanning? : True
Is IST_2 spanning? : True
Is IST_3 spanning? : True
Is IST_4 spanning? : True
Is IST_5 spanning? : True
Are all ISTs independent? : True

====TEST CR(694, 96, 192)====
Is IST_0 spanning? : True
Is IST_1 spanning? : True
Is IST_2 spanning? : True
Is IST_3 spanning? : True
Is IST_4 spanning? : True
Is IST_5 spanning? : True
Are all ISTs independent? : True

====TEST CR(695, 96, 192)====
Is IST_0 spanning? : True
Is IST_1 spanning? : True
Is IST_2 spanning? : True
Is IST_3 spanning? : True
Is IST_4 spanning? : True
Is IST_5 spanning? : True
Are all ISTs independent? : True

====TEST CR(696, 96, 192)====
Is IST_0 spanning? : True
Is IST_1 spanning? : True
Is IST_2 spanning? : True
Is IST_3 spanning? : True
Is IST_4 spanning? : True
Is IST_5 spanning? : True
Are all ISTs independent? : True

====TEST CR(697, 96, 192)====
Is IST_0 spanning? : True
Is IST_1 spanning? : True
Is IST_2 spanning? : True
Is IST_3 spanning? : True
Is IST_4 spanning? : True
Is IST_5 spanning? : True
Are all ISTs independent? : True

====TEST CR(698, 96, 192)====
Is IST_0 spanning? : True
Is IST_1 spanning? : True
Is IST_2 spanning? : True
Is IST_3 spanning? : True
Is IST_4 spanning? : True
Is IST_5 spanning? : True
Are all ISTs independent? : True

====TEST CR(699, 96, 192)====
Is IST_0 spanning? : True
Is IST_1 spanning? : True
Is IST_2 spanning? : True
Is IST_3 spanning? : True
Is IST_4 spanning? : True
Is IST_5 spanning? : True
Are all ISTs independent? : True

====TEST CR(700, 96, 192)====
Is IST_0 spanning? : True
Is IST_1 spanning? : True
Is IST_2 spanning? : True
Is IST_3 spanning? : True
Is IST_4 spanning? : True
Is IST_5 spanning? : True
Are all ISTs independent? : True

====TEST CR(701, 96, 192)====
Is IST_0 spanning? : True
Is IST_1 spanning? : True
Is IST_2 spanning? : True
Is IST_3 spanning? : True
Is IST_4 spanning? : True
Is IST_5 spanning? : True
Are all ISTs independent? : True

====TEST CR(702, 96, 192)====
Is IST_0 spanning? : True
Is IST_1 spanning? : True
Is IST_2 spanning? : True
Is IST_3 spanning? : True
Is IST_4 spanning? : True
Is IST_5 spanning? : True
Are all ISTs independent? : True

====TEST CR(703, 96, 192)====
Is IST_0 spanning? : True
Is IST_1 spanning? : True
Is IST_2 spanning? : True
Is IST_3 spanning? : True
Is IST_4 spanning? : True
Is IST_5 spanning? : True
Are all ISTs independent? : True

====TEST CR(704, 96, 192)====
Is IST_0 spanning? : True
Is IST_1 spanning? : True
Is IST_2 spanning? : True
Is IST_3 spanning? : True
Is IST_4 spanning? : True
Is IST_5 spanning? : True
Are all ISTs independent? : True

====TEST CR(582, 97, 194)====
Is IST_0 spanning? : True
Is IST_1 spanning? : True
Is IST_2 spanning? : True
Is IST_3 spanning? : True
Is IST_4 spanning? : True
Is IST_5 spanning? : True
Are all ISTs independent? : True

====TEST CR(583, 97, 194)====
Is IST_0 spanning? : True
Is IST_1 spanning? : True
Is IST_2 spanning? : True
Is IST_3 spanning? : True
Is IST_4 spanning? : True
Is IST_5 spanning? : True
Are all ISTs independent? : True

====TEST CR(584, 97, 194)====
Is IST_0 spanning? : True
Is IST_1 spanning? : True
Is IST_2 spanning? : True
Is IST_3 spanning? : True
Is IST_4 spanning? : True
Is IST_5 spanning? : True
Are all ISTs independent? : True

====TEST CR(585, 97, 194)====
Is IST_0 spanning? : True
Is IST_1 spanning? : True
Is IST_2 spanning? : True
Is IST_3 spanning? : True
Is IST_4 spanning? : True
Is IST_5 spanning? : True
Are all ISTs independent? : True

====TEST CR(586, 97, 194)====
Is IST_0 spanning? : True
Is IST_1 spanning? : True
Is IST_2 spanning? : True
Is IST_3 spanning? : True
Is IST_4 spanning? : True
Is IST_5 spanning? : True
Are all ISTs independent? : True

====TEST CR(587, 97, 194)====
Is IST_0 spanning? : True
Is IST_1 spanning? : True
Is IST_2 spanning? : True
Is IST_3 spanning? : True
Is IST_4 spanning? : True
Is IST_5 spanning? : True
Are all ISTs independent? : True

====TEST CR(588, 97, 194)====
Is IST_0 spanning? : True
Is IST_1 spanning? : True
Is IST_2 spanning? : True
Is IST_3 spanning? : True
Is IST_4 spanning? : True
Is IST_5 spanning? : True
Are all ISTs independent? : True

====TEST CR(589, 97, 194)====
Is IST_0 spanning? : True
Is IST_1 spanning? : True
Is IST_2 spanning? : True
Is IST_3 spanning? : True
Is IST_4 spanning? : True
Is IST_5 spanning? : True
Are all ISTs independent? : True

====TEST CR(590, 97, 194)====
Is IST_0 spanning? : True
Is IST_1 spanning? : True
Is IST_2 spanning? : True
Is IST_3 spanning? : True
Is IST_4 spanning? : True
Is IST_5 spanning? : True
Are all ISTs independent? : True

====TEST CR(591, 97, 194)====
Is IST_0 spanning? : True
Is IST_1 spanning? : True
Is IST_2 spanning? : True
Is IST_3 spanning? : True
Is IST_4 spanning? : True
Is IST_5 spanning? : True
Are all ISTs independent? : True

====TEST CR(592, 97, 194)====
Is IST_0 spanning? : True
Is IST_1 spanning? : True
Is IST_2 spanning? : True
Is IST_3 spanning? : True
Is IST_4 spanning? : True
Is IST_5 spanning? : True
Are all ISTs independent? : True

====TEST CR(593, 97, 194)====
Is IST_0 spanning? : True
Is IST_1 spanning? : True
Is IST_2 spanning? : True
Is IST_3 spanning? : True
Is IST_4 spanning? : True
Is IST_5 spanning? : True
Are all ISTs independent? : True

====TEST CR(594, 97, 194)====
Is IST_0 spanning? : True
Is IST_1 spanning? : True
Is IST_2 spanning? : True
Is IST_3 spanning? : True
Is IST_4 spanning? : True
Is IST_5 spanning? : True
Are all ISTs independent? : True

====TEST CR(595, 97, 194)====
Is IST_0 spanning? : True
Is IST_1 spanning? : True
Is IST_2 spanning? : True
Is IST_3 spanning? : True
Is IST_4 spanning? : True
Is IST_5 spanning? : True
Are all ISTs independent? : True

====TEST CR(596, 97, 194)====
Is IST_0 spanning? : True
Is IST_1 spanning? : True
Is IST_2 spanning? : True
Is IST_3 spanning? : True
Is IST_4 spanning? : True
Is IST_5 spanning? : True
Are all ISTs independent? : True

====TEST CR(597, 97, 194)====
Is IST_0 spanning? : True
Is IST_1 spanning? : True
Is IST_2 spanning? : True
Is IST_3 spanning? : True
Is IST_4 spanning? : True
Is IST_5 spanning? : True
Are all ISTs independent? : True

====TEST CR(598, 97, 194)====
Is IST_0 spanning? : True
Is IST_1 spanning? : True
Is IST_2 spanning? : True
Is IST_3 spanning? : True
Is IST_4 spanning? : True
Is IST_5 spanning? : True
Are all ISTs independent? : True

====TEST CR(599, 97, 194)====
Is IST_0 spanning? : True
Is IST_1 spanning? : True
Is IST_2 spanning? : True
Is IST_3 spanning? : True
Is IST_4 spanning? : True
Is IST_5 spanning? : True
Are all ISTs independent? : True

====TEST CR(600, 97, 194)====
Is IST_0 spanning? : True
Is IST_1 spanning? : True
Is IST_2 spanning? : True
Is IST_3 spanning? : True
Is IST_4 spanning? : True
Is IST_5 spanning? : True
Are all ISTs independent? : True

====TEST CR(601, 97, 194)====
Is IST_0 spanning? : True
Is IST_1 spanning? : True
Is IST_2 spanning? : True
Is IST_3 spanning? : True
Is IST_4 spanning? : True
Is IST_5 spanning? : True
Are all ISTs independent? : True

====TEST CR(602, 97, 194)====
Is IST_0 spanning? : True
Is IST_1 spanning? : True
Is IST_2 spanning? : True
Is IST_3 spanning? : True
Is IST_4 spanning? : True
Is IST_5 spanning? : True
Are all ISTs independent? : True

====TEST CR(603, 97, 194)====
Is IST_0 spanning? : True
Is IST_1 spanning? : True
Is IST_2 spanning? : True
Is IST_3 spanning? : True
Is IST_4 spanning? : True
Is IST_5 spanning? : True
Are all ISTs independent? : True

====TEST CR(604, 97, 194)====
Is IST_0 spanning? : True
Is IST_1 spanning? : True
Is IST_2 spanning? : True
Is IST_3 spanning? : True
Is IST_4 spanning? : True
Is IST_5 spanning? : True
Are all ISTs independent? : True

====TEST CR(605, 97, 194)====
Is IST_0 spanning? : True
Is IST_1 spanning? : True
Is IST_2 spanning? : True
Is IST_3 spanning? : True
Is IST_4 spanning? : True
Is IST_5 spanning? : True
Are all ISTs independent? : True

====TEST CR(606, 97, 194)====
Is IST_0 spanning? : True
Is IST_1 spanning? : True
Is IST_2 spanning? : True
Is IST_3 spanning? : True
Is IST_4 spanning? : True
Is IST_5 spanning? : True
Are all ISTs independent? : True

====TEST CR(607, 97, 194)====
Is IST_0 spanning? : True
Is IST_1 spanning? : True
Is IST_2 spanning? : True
Is IST_3 spanning? : True
Is IST_4 spanning? : True
Is IST_5 spanning? : True
Are all ISTs independent? : True

====TEST CR(608, 97, 194)====
Is IST_0 spanning? : True
Is IST_1 spanning? : True
Is IST_2 spanning? : True
Is IST_3 spanning? : True
Is IST_4 spanning? : True
Is IST_5 spanning? : True
Are all ISTs independent? : True

====TEST CR(609, 97, 194)====
Is IST_0 spanning? : True
Is IST_1 spanning? : True
Is IST_2 spanning? : True
Is IST_3 spanning? : True
Is IST_4 spanning? : True
Is IST_5 spanning? : True
Are all ISTs independent? : True

====TEST CR(610, 97, 194)====
Is IST_0 spanning? : True
Is IST_1 spanning? : True
Is IST_2 spanning? : True
Is IST_3 spanning? : True
Is IST_4 spanning? : True
Is IST_5 spanning? : True
Are all ISTs independent? : True

====TEST CR(611, 97, 194)====
Is IST_0 spanning? : True
Is IST_1 spanning? : True
Is IST_2 spanning? : True
Is IST_3 spanning? : True
Is IST_4 spanning? : True
Is IST_5 spanning? : True
Are all ISTs independent? : True

====TEST CR(612, 97, 194)====
Is IST_0 spanning? : True
Is IST_1 spanning? : True
Is IST_2 spanning? : True
Is IST_3 spanning? : True
Is IST_4 spanning? : True
Is IST_5 spanning? : True
Are all ISTs independent? : True

====TEST CR(613, 97, 194)====
Is IST_0 spanning? : True
Is IST_1 spanning? : True
Is IST_2 spanning? : True
Is IST_3 spanning? : True
Is IST_4 spanning? : True
Is IST_5 spanning? : True
Are all ISTs independent? : True

====TEST CR(614, 97, 194)====
Is IST_0 spanning? : True
Is IST_1 spanning? : True
Is IST_2 spanning? : True
Is IST_3 spanning? : True
Is IST_4 spanning? : True
Is IST_5 spanning? : True
Are all ISTs independent? : True

====TEST CR(615, 97, 194)====
Is IST_0 spanning? : True
Is IST_1 spanning? : True
Is IST_2 spanning? : True
Is IST_3 spanning? : True
Is IST_4 spanning? : True
Is IST_5 spanning? : True
Are all ISTs independent? : True

====TEST CR(616, 97, 194)====
Is IST_0 spanning? : True
Is IST_1 spanning? : True
Is IST_2 spanning? : True
Is IST_3 spanning? : True
Is IST_4 spanning? : True
Is IST_5 spanning? : True
Are all ISTs independent? : True

====TEST CR(617, 97, 194)====
Is IST_0 spanning? : True
Is IST_1 spanning? : True
Is IST_2 spanning? : True
Is IST_3 spanning? : True
Is IST_4 spanning? : True
Is IST_5 spanning? : True
Are all ISTs independent? : True

====TEST CR(618, 97, 194)====
Is IST_0 spanning? : True
Is IST_1 spanning? : True
Is IST_2 spanning? : True
Is IST_3 spanning? : True
Is IST_4 spanning? : True
Is IST_5 spanning? : True
Are all ISTs independent? : True

====TEST CR(619, 97, 194)====
Is IST_0 spanning? : True
Is IST_1 spanning? : True
Is IST_2 spanning? : True
Is IST_3 spanning? : True
Is IST_4 spanning? : True
Is IST_5 spanning? : True
Are all ISTs independent? : True

====TEST CR(620, 97, 194)====
Is IST_0 spanning? : True
Is IST_1 spanning? : True
Is IST_2 spanning? : True
Is IST_3 spanning? : True
Is IST_4 spanning? : True
Is IST_5 spanning? : True
Are all ISTs independent? : True

====TEST CR(621, 97, 194)====
Is IST_0 spanning? : True
Is IST_1 spanning? : True
Is IST_2 spanning? : True
Is IST_3 spanning? : True
Is IST_4 spanning? : True
Is IST_5 spanning? : True
Are all ISTs independent? : True

====TEST CR(622, 97, 194)====
Is IST_0 spanning? : True
Is IST_1 spanning? : True
Is IST_2 spanning? : True
Is IST_3 spanning? : True
Is IST_4 spanning? : True
Is IST_5 spanning? : True
Are all ISTs independent? : True

====TEST CR(623, 97, 194)====
Is IST_0 spanning? : True
Is IST_1 spanning? : True
Is IST_2 spanning? : True
Is IST_3 spanning? : True
Is IST_4 spanning? : True
Is IST_5 spanning? : True
Are all ISTs independent? : True

====TEST CR(624, 97, 194)====
Is IST_0 spanning? : True
Is IST_1 spanning? : True
Is IST_2 spanning? : True
Is IST_3 spanning? : True
Is IST_4 spanning? : True
Is IST_5 spanning? : True
Are all ISTs independent? : True

====TEST CR(625, 97, 194)====
Is IST_0 spanning? : True
Is IST_1 spanning? : True
Is IST_2 spanning? : True
Is IST_3 spanning? : True
Is IST_4 spanning? : True
Is IST_5 spanning? : True
Are all ISTs independent? : True

====TEST CR(626, 97, 194)====
Is IST_0 spanning? : True
Is IST_1 spanning? : True
Is IST_2 spanning? : True
Is IST_3 spanning? : True
Is IST_4 spanning? : True
Is IST_5 spanning? : True
Are all ISTs independent? : True

====TEST CR(627, 97, 194)====
Is IST_0 spanning? : True
Is IST_1 spanning? : True
Is IST_2 spanning? : True
Is IST_3 spanning? : True
Is IST_4 spanning? : True
Is IST_5 spanning? : True
Are all ISTs independent? : True

====TEST CR(628, 97, 194)====
Is IST_0 spanning? : True
Is IST_1 spanning? : True
Is IST_2 spanning? : True
Is IST_3 spanning? : True
Is IST_4 spanning? : True
Is IST_5 spanning? : True
Are all ISTs independent? : True

====TEST CR(629, 97, 194)====
Is IST_0 spanning? : True
Is IST_1 spanning? : True
Is IST_2 spanning? : True
Is IST_3 spanning? : True
Is IST_4 spanning? : True
Is IST_5 spanning? : True
Are all ISTs independent? : True

====TEST CR(630, 97, 194)====
Is IST_0 spanning? : True
Is IST_1 spanning? : True
Is IST_2 spanning? : True
Is IST_3 spanning? : True
Is IST_4 spanning? : True
Is IST_5 spanning? : True
Are all ISTs independent? : True

====TEST CR(631, 97, 194)====
Is IST_0 spanning? : True
Is IST_1 spanning? : True
Is IST_2 spanning? : True
Is IST_3 spanning? : True
Is IST_4 spanning? : True
Is IST_5 spanning? : True
Are all ISTs independent? : True

====TEST CR(632, 97, 194)====
Is IST_0 spanning? : True
Is IST_1 spanning? : True
Is IST_2 spanning? : True
Is IST_3 spanning? : True
Is IST_4 spanning? : True
Is IST_5 spanning? : True
Are all ISTs independent? : True

====TEST CR(633, 97, 194)====
Is IST_0 spanning? : True
Is IST_1 spanning? : True
Is IST_2 spanning? : True
Is IST_3 spanning? : True
Is IST_4 spanning? : True
Is IST_5 spanning? : True
Are all ISTs independent? : True

====TEST CR(634, 97, 194)====
Is IST_0 spanning? : True
Is IST_1 spanning? : True
Is IST_2 spanning? : True
Is IST_3 spanning? : True
Is IST_4 spanning? : True
Is IST_5 spanning? : True
Are all ISTs independent? : True

====TEST CR(635, 97, 194)====
Is IST_0 spanning? : True
Is IST_1 spanning? : True
Is IST_2 spanning? : True
Is IST_3 spanning? : True
Is IST_4 spanning? : True
Is IST_5 spanning? : True
Are all ISTs independent? : True

====TEST CR(636, 97, 194)====
Is IST_0 spanning? : True
Is IST_1 spanning? : True
Is IST_2 spanning? : True
Is IST_3 spanning? : True
Is IST_4 spanning? : True
Is IST_5 spanning? : True
Are all ISTs independent? : True

====TEST CR(637, 97, 194)====
Is IST_0 spanning? : True
Is IST_1 spanning? : True
Is IST_2 spanning? : True
Is IST_3 spanning? : True
Is IST_4 spanning? : True
Is IST_5 spanning? : True
Are all ISTs independent? : True

====TEST CR(638, 97, 194)====
Is IST_0 spanning? : True
Is IST_1 spanning? : True
Is IST_2 spanning? : True
Is IST_3 spanning? : True
Is IST_4 spanning? : True
Is IST_5 spanning? : True
Are all ISTs independent? : True

====TEST CR(639, 97, 194)====
Is IST_0 spanning? : True
Is IST_1 spanning? : True
Is IST_2 spanning? : True
Is IST_3 spanning? : True
Is IST_4 spanning? : True
Is IST_5 spanning? : True
Are all ISTs independent? : True

====TEST CR(640, 97, 194)====
Is IST_0 spanning? : True
Is IST_1 spanning? : True
Is IST_2 spanning? : True
Is IST_3 spanning? : True
Is IST_4 spanning? : True
Is IST_5 spanning? : True
Are all ISTs independent? : True

====TEST CR(641, 97, 194)====
Is IST_0 spanning? : True
Is IST_1 spanning? : True
Is IST_2 spanning? : True
Is IST_3 spanning? : True
Is IST_4 spanning? : True
Is IST_5 spanning? : True
Are all ISTs independent? : True

====TEST CR(642, 97, 194)====
Is IST_0 spanning? : True
Is IST_1 spanning? : True
Is IST_2 spanning? : True
Is IST_3 spanning? : True
Is IST_4 spanning? : True
Is IST_5 spanning? : True
Are all ISTs independent? : True

====TEST CR(643, 97, 194)====
Is IST_0 spanning? : True
Is IST_1 spanning? : True
Is IST_2 spanning? : True
Is IST_3 spanning? : True
Is IST_4 spanning? : True
Is IST_5 spanning? : True
Are all ISTs independent? : True

====TEST CR(644, 97, 194)====
Is IST_0 spanning? : True
Is IST_1 spanning? : True
Is IST_2 spanning? : True
Is IST_3 spanning? : True
Is IST_4 spanning? : True
Is IST_5 spanning? : True
Are all ISTs independent? : True

====TEST CR(645, 97, 194)====
Is IST_0 spanning? : True
Is IST_1 spanning? : True
Is IST_2 spanning? : True
Is IST_3 spanning? : True
Is IST_4 spanning? : True
Is IST_5 spanning? : True
Are all ISTs independent? : True

====TEST CR(646, 97, 194)====
Is IST_0 spanning? : True
Is IST_1 spanning? : True
Is IST_2 spanning? : True
Is IST_3 spanning? : True
Is IST_4 spanning? : True
Is IST_5 spanning? : True
Are all ISTs independent? : True

====TEST CR(647, 97, 194)====
Is IST_0 spanning? : True
Is IST_1 spanning? : True
Is IST_2 spanning? : True
Is IST_3 spanning? : True
Is IST_4 spanning? : True
Is IST_5 spanning? : True
Are all ISTs independent? : True

====TEST CR(648, 97, 194)====
Is IST_0 spanning? : True
Is IST_1 spanning? : True
Is IST_2 spanning? : True
Is IST_3 spanning? : True
Is IST_4 spanning? : True
Is IST_5 spanning? : True
Are all ISTs independent? : True

====TEST CR(649, 97, 194)====
Is IST_0 spanning? : True
Is IST_1 spanning? : True
Is IST_2 spanning? : True
Is IST_3 spanning? : True
Is IST_4 spanning? : True
Is IST_5 spanning? : True
Are all ISTs independent? : True

====TEST CR(650, 97, 194)====
Is IST_0 spanning? : True
Is IST_1 spanning? : True
Is IST_2 spanning? : True
Is IST_3 spanning? : True
Is IST_4 spanning? : True
Is IST_5 spanning? : True
Are all ISTs independent? : True

====TEST CR(651, 97, 194)====
Is IST_0 spanning? : True
Is IST_1 spanning? : True
Is IST_2 spanning? : True
Is IST_3 spanning? : True
Is IST_4 spanning? : True
Is IST_5 spanning? : True
Are all ISTs independent? : True

====TEST CR(652, 97, 194)====
Is IST_0 spanning? : True
Is IST_1 spanning? : True
Is IST_2 spanning? : True
Is IST_3 spanning? : True
Is IST_4 spanning? : True
Is IST_5 spanning? : True
Are all ISTs independent? : True

====TEST CR(653, 97, 194)====
Is IST_0 spanning? : True
Is IST_1 spanning? : True
Is IST_2 spanning? : True
Is IST_3 spanning? : True
Is IST_4 spanning? : True
Is IST_5 spanning? : True
Are all ISTs independent? : True

====TEST CR(654, 97, 194)====
Is IST_0 spanning? : True
Is IST_1 spanning? : True
Is IST_2 spanning? : True
Is IST_3 spanning? : True
Is IST_4 spanning? : True
Is IST_5 spanning? : True
Are all ISTs independent? : True

====TEST CR(655, 97, 194)====
Is IST_0 spanning? : True
Is IST_1 spanning? : True
Is IST_2 spanning? : True
Is IST_3 spanning? : True
Is IST_4 spanning? : True
Is IST_5 spanning? : True
Are all ISTs independent? : True

====TEST CR(656, 97, 194)====
Is IST_0 spanning? : True
Is IST_1 spanning? : True
Is IST_2 spanning? : True
Is IST_3 spanning? : True
Is IST_4 spanning? : True
Is IST_5 spanning? : True
Are all ISTs independent? : True

====TEST CR(657, 97, 194)====
Is IST_0 spanning? : True
Is IST_1 spanning? : True
Is IST_2 spanning? : True
Is IST_3 spanning? : True
Is IST_4 spanning? : True
Is IST_5 spanning? : True
Are all ISTs independent? : True

====TEST CR(658, 97, 194)====
Is IST_0 spanning? : True
Is IST_1 spanning? : True
Is IST_2 spanning? : True
Is IST_3 spanning? : True
Is IST_4 spanning? : True
Is IST_5 spanning? : True
Are all ISTs independent? : True

====TEST CR(659, 97, 194)====
Is IST_0 spanning? : True
Is IST_1 spanning? : True
Is IST_2 spanning? : True
Is IST_3 spanning? : True
Is IST_4 spanning? : True
Is IST_5 spanning? : True
Are all ISTs independent? : True

====TEST CR(660, 97, 194)====
Is IST_0 spanning? : True
Is IST_1 spanning? : True
Is IST_2 spanning? : True
Is IST_3 spanning? : True
Is IST_4 spanning? : True
Is IST_5 spanning? : True
Are all ISTs independent? : True

====TEST CR(661, 97, 194)====
Is IST_0 spanning? : True
Is IST_1 spanning? : True
Is IST_2 spanning? : True
Is IST_3 spanning? : True
Is IST_4 spanning? : True
Is IST_5 spanning? : True
Are all ISTs independent? : True

====TEST CR(662, 97, 194)====
Is IST_0 spanning? : True
Is IST_1 spanning? : True
Is IST_2 spanning? : True
Is IST_3 spanning? : True
Is IST_4 spanning? : True
Is IST_5 spanning? : True
Are all ISTs independent? : True

====TEST CR(663, 97, 194)====
Is IST_0 spanning? : True
Is IST_1 spanning? : True
Is IST_2 spanning? : True
Is IST_3 spanning? : True
Is IST_4 spanning? : True
Is IST_5 spanning? : True
Are all ISTs independent? : True

====TEST CR(664, 97, 194)====
Is IST_0 spanning? : True
Is IST_1 spanning? : True
Is IST_2 spanning? : True
Is IST_3 spanning? : True
Is IST_4 spanning? : True
Is IST_5 spanning? : True
Are all ISTs independent? : True

====TEST CR(665, 97, 194)====
Is IST_0 spanning? : True
Is IST_1 spanning? : True
Is IST_2 spanning? : True
Is IST_3 spanning? : True
Is IST_4 spanning? : True
Is IST_5 spanning? : True
Are all ISTs independent? : True

====TEST CR(666, 97, 194)====
Is IST_0 spanning? : True
Is IST_1 spanning? : True
Is IST_2 spanning? : True
Is IST_3 spanning? : True
Is IST_4 spanning? : True
Is IST_5 spanning? : True
Are all ISTs independent? : True

====TEST CR(667, 97, 194)====
Is IST_0 spanning? : True
Is IST_1 spanning? : True
Is IST_2 spanning? : True
Is IST_3 spanning? : True
Is IST_4 spanning? : True
Is IST_5 spanning? : True
Are all ISTs independent? : True

====TEST CR(668, 97, 194)====
Is IST_0 spanning? : True
Is IST_1 spanning? : True
Is IST_2 spanning? : True
Is IST_3 spanning? : True
Is IST_4 spanning? : True
Is IST_5 spanning? : True
Are all ISTs independent? : True

====TEST CR(669, 97, 194)====
Is IST_0 spanning? : True
Is IST_1 spanning? : True
Is IST_2 spanning? : True
Is IST_3 spanning? : True
Is IST_4 spanning? : True
Is IST_5 spanning? : True
Are all ISTs independent? : True

====TEST CR(670, 97, 194)====
Is IST_0 spanning? : True
Is IST_1 spanning? : True
Is IST_2 spanning? : True
Is IST_3 spanning? : True
Is IST_4 spanning? : True
Is IST_5 spanning? : True
Are all ISTs independent? : True

====TEST CR(671, 97, 194)====
Is IST_0 spanning? : True
Is IST_1 spanning? : True
Is IST_2 spanning? : True
Is IST_3 spanning? : True
Is IST_4 spanning? : True
Is IST_5 spanning? : True
Are all ISTs independent? : True

====TEST CR(672, 97, 194)====
Is IST_0 spanning? : True
Is IST_1 spanning? : True
Is IST_2 spanning? : True
Is IST_3 spanning? : True
Is IST_4 spanning? : True
Is IST_5 spanning? : True
Are all ISTs independent? : True

====TEST CR(673, 97, 194)====
Is IST_0 spanning? : True
Is IST_1 spanning? : True
Is IST_2 spanning? : True
Is IST_3 spanning? : True
Is IST_4 spanning? : True
Is IST_5 spanning? : True
Are all ISTs independent? : True

====TEST CR(674, 97, 194)====
Is IST_0 spanning? : True
Is IST_1 spanning? : True
Is IST_2 spanning? : True
Is IST_3 spanning? : True
Is IST_4 spanning? : True
Is IST_5 spanning? : True
Are all ISTs independent? : True

====TEST CR(675, 97, 194)====
Is IST_0 spanning? : True
Is IST_1 spanning? : True
Is IST_2 spanning? : True
Is IST_3 spanning? : True
Is IST_4 spanning? : True
Is IST_5 spanning? : True
Are all ISTs independent? : True

====TEST CR(676, 97, 194)====
Is IST_0 spanning? : True
Is IST_1 spanning? : True
Is IST_2 spanning? : True
Is IST_3 spanning? : True
Is IST_4 spanning? : True
Is IST_5 spanning? : True
Are all ISTs independent? : True

====TEST CR(677, 97, 194)====
Is IST_0 spanning? : True
Is IST_1 spanning? : True
Is IST_2 spanning? : True
Is IST_3 spanning? : True
Is IST_4 spanning? : True
Is IST_5 spanning? : True
Are all ISTs independent? : True

====TEST CR(678, 97, 194)====
Is IST_0 spanning? : True
Is IST_1 spanning? : True
Is IST_2 spanning? : True
Is IST_3 spanning? : True
Is IST_4 spanning? : True
Is IST_5 spanning? : True
Are all ISTs independent? : True

====TEST CR(679, 97, 194)====
Is IST_0 spanning? : True
Is IST_1 spanning? : True
Is IST_2 spanning? : True
Is IST_3 spanning? : True
Is IST_4 spanning? : True
Is IST_5 spanning? : True
Are all ISTs independent? : True

====TEST CR(680, 97, 194)====
Is IST_0 spanning? : True
Is IST_1 spanning? : True
Is IST_2 spanning? : True
Is IST_3 spanning? : True
Is IST_4 spanning? : True
Is IST_5 spanning? : True
Are all ISTs independent? : True

====TEST CR(681, 97, 194)====
Is IST_0 spanning? : True
Is IST_1 spanning? : True
Is IST_2 spanning? : True
Is IST_3 spanning? : True
Is IST_4 spanning? : True
Is IST_5 spanning? : True
Are all ISTs independent? : True

====TEST CR(682, 97, 194)====
Is IST_0 spanning? : True
Is IST_1 spanning? : True
Is IST_2 spanning? : True
Is IST_3 spanning? : True
Is IST_4 spanning? : True
Is IST_5 spanning? : True
Are all ISTs independent? : True

====TEST CR(683, 97, 194)====
Is IST_0 spanning? : True
Is IST_1 spanning? : True
Is IST_2 spanning? : True
Is IST_3 spanning? : True
Is IST_4 spanning? : True
Is IST_5 spanning? : True
Are all ISTs independent? : True

====TEST CR(684, 97, 194)====
Is IST_0 spanning? : True
Is IST_1 spanning? : True
Is IST_2 spanning? : True
Is IST_3 spanning? : True
Is IST_4 spanning? : True
Is IST_5 spanning? : True
Are all ISTs independent? : True

====TEST CR(685, 97, 194)====
Is IST_0 spanning? : True
Is IST_1 spanning? : True
Is IST_2 spanning? : True
Is IST_3 spanning? : True
Is IST_4 spanning? : True
Is IST_5 spanning? : True
Are all ISTs independent? : True

====TEST CR(686, 97, 194)====
Is IST_0 spanning? : True
Is IST_1 spanning? : True
Is IST_2 spanning? : True
Is IST_3 spanning? : True
Is IST_4 spanning? : True
Is IST_5 spanning? : True
Are all ISTs independent? : True

====TEST CR(687, 97, 194)====
Is IST_0 spanning? : True
Is IST_1 spanning? : True
Is IST_2 spanning? : True
Is IST_3 spanning? : True
Is IST_4 spanning? : True
Is IST_5 spanning? : True
Are all ISTs independent? : True

====TEST CR(688, 97, 194)====
Is IST_0 spanning? : True
Is IST_1 spanning? : True
Is IST_2 spanning? : True
Is IST_3 spanning? : True
Is IST_4 spanning? : True
Is IST_5 spanning? : True
Are all ISTs independent? : True

====TEST CR(689, 97, 194)====
Is IST_0 spanning? : True
Is IST_1 spanning? : True
Is IST_2 spanning? : True
Is IST_3 spanning? : True
Is IST_4 spanning? : True
Is IST_5 spanning? : True
Are all ISTs independent? : True

====TEST CR(690, 97, 194)====
Is IST_0 spanning? : True
Is IST_1 spanning? : True
Is IST_2 spanning? : True
Is IST_3 spanning? : True
Is IST_4 spanning? : True
Is IST_5 spanning? : True
Are all ISTs independent? : True

====TEST CR(691, 97, 194)====
Is IST_0 spanning? : True
Is IST_1 spanning? : True
Is IST_2 spanning? : True
Is IST_3 spanning? : True
Is IST_4 spanning? : True
Is IST_5 spanning? : True
Are all ISTs independent? : True

====TEST CR(692, 97, 194)====
Is IST_0 spanning? : True
Is IST_1 spanning? : True
Is IST_2 spanning? : True
Is IST_3 spanning? : True
Is IST_4 spanning? : True
Is IST_5 spanning? : True
Are all ISTs independent? : True

====TEST CR(693, 97, 194)====
Is IST_0 spanning? : True
Is IST_1 spanning? : True
Is IST_2 spanning? : True
Is IST_3 spanning? : True
Is IST_4 spanning? : True
Is IST_5 spanning? : True
Are all ISTs independent? : True

====TEST CR(694, 97, 194)====
Is IST_0 spanning? : True
Is IST_1 spanning? : True
Is IST_2 spanning? : True
Is IST_3 spanning? : True
Is IST_4 spanning? : True
Is IST_5 spanning? : True
Are all ISTs independent? : True

====TEST CR(695, 97, 194)====
Is IST_0 spanning? : True
Is IST_1 spanning? : True
Is IST_2 spanning? : True
Is IST_3 spanning? : True
Is IST_4 spanning? : True
Is IST_5 spanning? : True
Are all ISTs independent? : True

====TEST CR(696, 97, 194)====
Is IST_0 spanning? : True
Is IST_1 spanning? : True
Is IST_2 spanning? : True
Is IST_3 spanning? : True
Is IST_4 spanning? : True
Is IST_5 spanning? : True
Are all ISTs independent? : True

====TEST CR(697, 97, 194)====
Is IST_0 spanning? : True
Is IST_1 spanning? : True
Is IST_2 spanning? : True
Is IST_3 spanning? : True
Is IST_4 spanning? : True
Is IST_5 spanning? : True
Are all ISTs independent? : True

====TEST CR(698, 97, 194)====
Is IST_0 spanning? : True
Is IST_1 spanning? : True
Is IST_2 spanning? : True
Is IST_3 spanning? : True
Is IST_4 spanning? : True
Is IST_5 spanning? : True
Are all ISTs independent? : True

====TEST CR(699, 97, 194)====
Is IST_0 spanning? : True
Is IST_1 spanning? : True
Is IST_2 spanning? : True
Is IST_3 spanning? : True
Is IST_4 spanning? : True
Is IST_5 spanning? : True
Are all ISTs independent? : True

====TEST CR(700, 97, 194)====
Is IST_0 spanning? : True
Is IST_1 spanning? : True
Is IST_2 spanning? : True
Is IST_3 spanning? : True
Is IST_4 spanning? : True
Is IST_5 spanning? : True
Are all ISTs independent? : True

====TEST CR(701, 97, 194)====
Is IST_0 spanning? : True
Is IST_1 spanning? : True
Is IST_2 spanning? : True
Is IST_3 spanning? : True
Is IST_4 spanning? : True
Is IST_5 spanning? : True
Are all ISTs independent? : True

====TEST CR(702, 97, 194)====
Is IST_0 spanning? : True
Is IST_1 spanning? : True
Is IST_2 spanning? : True
Is IST_3 spanning? : True
Is IST_4 spanning? : True
Is IST_5 spanning? : True
Are all ISTs independent? : True

====TEST CR(703, 97, 194)====
Is IST_0 spanning? : True
Is IST_1 spanning? : True
Is IST_2 spanning? : True
Is IST_3 spanning? : True
Is IST_4 spanning? : True
Is IST_5 spanning? : True
Are all ISTs independent? : True

====TEST CR(704, 97, 194)====
Is IST_0 spanning? : True
Is IST_1 spanning? : True
Is IST_2 spanning? : True
Is IST_3 spanning? : True
Is IST_4 spanning? : True
Is IST_5 spanning? : True
Are all ISTs independent? : True

====TEST CR(705, 97, 194)====
Is IST_0 spanning? : True
Is IST_1 spanning? : True
Is IST_2 spanning? : True
Is IST_3 spanning? : True
Is IST_4 spanning? : True
Is IST_5 spanning? : True
Are all ISTs independent? : True

====TEST CR(706, 97, 194)====
Is IST_0 spanning? : True
Is IST_1 spanning? : True
Is IST_2 spanning? : True
Is IST_3 spanning? : True
Is IST_4 spanning? : True
Is IST_5 spanning? : True
Are all ISTs independent? : True

====TEST CR(707, 97, 194)====
Is IST_0 spanning? : True
Is IST_1 spanning? : True
Is IST_2 spanning? : True
Is IST_3 spanning? : True
Is IST_4 spanning? : True
Is IST_5 spanning? : True
Are all ISTs independent? : True

====TEST CR(708, 97, 194)====
Is IST_0 spanning? : True
Is IST_1 spanning? : True
Is IST_2 spanning? : True
Is IST_3 spanning? : True
Is IST_4 spanning? : True
Is IST_5 spanning? : True
Are all ISTs independent? : True

====TEST CR(709, 97, 194)====
Is IST_0 spanning? : True
Is IST_1 spanning? : True
Is IST_2 spanning? : True
Is IST_3 spanning? : True
Is IST_4 spanning? : True
Is IST_5 spanning? : True
Are all ISTs independent? : True

====TEST CR(710, 97, 194)====
Is IST_0 spanning? : True
Is IST_1 spanning? : True
Is IST_2 spanning? : True
Is IST_3 spanning? : True
Is IST_4 spanning? : True
Is IST_5 spanning? : True
Are all ISTs independent? : True

====TEST CR(588, 98, 196)====
Is IST_0 spanning? : True
Is IST_1 spanning? : True
Is IST_2 spanning? : True
Is IST_3 spanning? : True
Is IST_4 spanning? : True
Is IST_5 spanning? : True
Are all ISTs independent? : True

====TEST CR(589, 98, 196)====
Is IST_0 spanning? : True
Is IST_1 spanning? : True
Is IST_2 spanning? : True
Is IST_3 spanning? : True
Is IST_4 spanning? : True
Is IST_5 spanning? : True
Are all ISTs independent? : True

====TEST CR(590, 98, 196)====
Is IST_0 spanning? : True
Is IST_1 spanning? : True
Is IST_2 spanning? : True
Is IST_3 spanning? : True
Is IST_4 spanning? : True
Is IST_5 spanning? : True
Are all ISTs independent? : True

====TEST CR(591, 98, 196)====
Is IST_0 spanning? : True
Is IST_1 spanning? : True
Is IST_2 spanning? : True
Is IST_3 spanning? : True
Is IST_4 spanning? : True
Is IST_5 spanning? : True
Are all ISTs independent? : True

====TEST CR(592, 98, 196)====
Is IST_0 spanning? : True
Is IST_1 spanning? : True
Is IST_2 spanning? : True
Is IST_3 spanning? : True
Is IST_4 spanning? : True
Is IST_5 spanning? : True
Are all ISTs independent? : True

====TEST CR(593, 98, 196)====
Is IST_0 spanning? : True
Is IST_1 spanning? : True
Is IST_2 spanning? : True
Is IST_3 spanning? : True
Is IST_4 spanning? : True
Is IST_5 spanning? : True
Are all ISTs independent? : True

====TEST CR(594, 98, 196)====
Is IST_0 spanning? : True
Is IST_1 spanning? : True
Is IST_2 spanning? : True
Is IST_3 spanning? : True
Is IST_4 spanning? : True
Is IST_5 spanning? : True
Are all ISTs independent? : True

====TEST CR(595, 98, 196)====
Is IST_0 spanning? : True
Is IST_1 spanning? : True
Is IST_2 spanning? : True
Is IST_3 spanning? : True
Is IST_4 spanning? : True
Is IST_5 spanning? : True
Are all ISTs independent? : True

====TEST CR(596, 98, 196)====
Is IST_0 spanning? : True
Is IST_1 spanning? : True
Is IST_2 spanning? : True
Is IST_3 spanning? : True
Is IST_4 spanning? : True
Is IST_5 spanning? : True
Are all ISTs independent? : True

====TEST CR(597, 98, 196)====
Is IST_0 spanning? : True
Is IST_1 spanning? : True
Is IST_2 spanning? : True
Is IST_3 spanning? : True
Is IST_4 spanning? : True
Is IST_5 spanning? : True
Are all ISTs independent? : True

====TEST CR(598, 98, 196)====
Is IST_0 spanning? : True
Is IST_1 spanning? : True
Is IST_2 spanning? : True
Is IST_3 spanning? : True
Is IST_4 spanning? : True
Is IST_5 spanning? : True
Are all ISTs independent? : True

====TEST CR(599, 98, 196)====
Is IST_0 spanning? : True
Is IST_1 spanning? : True
Is IST_2 spanning? : True
Is IST_3 spanning? : True
Is IST_4 spanning? : True
Is IST_5 spanning? : True
Are all ISTs independent? : True

====TEST CR(600, 98, 196)====
Is IST_0 spanning? : True
Is IST_1 spanning? : True
Is IST_2 spanning? : True
Is IST_3 spanning? : True
Is IST_4 spanning? : True
Is IST_5 spanning? : True
Are all ISTs independent? : True

====TEST CR(601, 98, 196)====
Is IST_0 spanning? : True
Is IST_1 spanning? : True
Is IST_2 spanning? : True
Is IST_3 spanning? : True
Is IST_4 spanning? : True
Is IST_5 spanning? : True
Are all ISTs independent? : True

====TEST CR(602, 98, 196)====
Is IST_0 spanning? : True
Is IST_1 spanning? : True
Is IST_2 spanning? : True
Is IST_3 spanning? : True
Is IST_4 spanning? : True
Is IST_5 spanning? : True
Are all ISTs independent? : True

====TEST CR(603, 98, 196)====
Is IST_0 spanning? : True
Is IST_1 spanning? : True
Is IST_2 spanning? : True
Is IST_3 spanning? : True
Is IST_4 spanning? : True
Is IST_5 spanning? : True
Are all ISTs independent? : True

====TEST CR(604, 98, 196)====
Is IST_0 spanning? : True
Is IST_1 spanning? : True
Is IST_2 spanning? : True
Is IST_3 spanning? : True
Is IST_4 spanning? : True
Is IST_5 spanning? : True
Are all ISTs independent? : True

====TEST CR(605, 98, 196)====
Is IST_0 spanning? : True
Is IST_1 spanning? : True
Is IST_2 spanning? : True
Is IST_3 spanning? : True
Is IST_4 spanning? : True
Is IST_5 spanning? : True
Are all ISTs independent? : True

====TEST CR(606, 98, 196)====
Is IST_0 spanning? : True
Is IST_1 spanning? : True
Is IST_2 spanning? : True
Is IST_3 spanning? : True
Is IST_4 spanning? : True
Is IST_5 spanning? : True
Are all ISTs independent? : True

====TEST CR(607, 98, 196)====
Is IST_0 spanning? : True
Is IST_1 spanning? : True
Is IST_2 spanning? : True
Is IST_3 spanning? : True
Is IST_4 spanning? : True
Is IST_5 spanning? : True
Are all ISTs independent? : True

====TEST CR(608, 98, 196)====
Is IST_0 spanning? : True
Is IST_1 spanning? : True
Is IST_2 spanning? : True
Is IST_3 spanning? : True
Is IST_4 spanning? : True
Is IST_5 spanning? : True
Are all ISTs independent? : True

====TEST CR(609, 98, 196)====
Is IST_0 spanning? : True
Is IST_1 spanning? : True
Is IST_2 spanning? : True
Is IST_3 spanning? : True
Is IST_4 spanning? : True
Is IST_5 spanning? : True
Are all ISTs independent? : True

====TEST CR(610, 98, 196)====
Is IST_0 spanning? : True
Is IST_1 spanning? : True
Is IST_2 spanning? : True
Is IST_3 spanning? : True
Is IST_4 spanning? : True
Is IST_5 spanning? : True
Are all ISTs independent? : True

====TEST CR(611, 98, 196)====
Is IST_0 spanning? : True
Is IST_1 spanning? : True
Is IST_2 spanning? : True
Is IST_3 spanning? : True
Is IST_4 spanning? : True
Is IST_5 spanning? : True
Are all ISTs independent? : True

====TEST CR(612, 98, 196)====
Is IST_0 spanning? : True
Is IST_1 spanning? : True
Is IST_2 spanning? : True
Is IST_3 spanning? : True
Is IST_4 spanning? : True
Is IST_5 spanning? : True
Are all ISTs independent? : True

====TEST CR(613, 98, 196)====
Is IST_0 spanning? : True
Is IST_1 spanning? : True
Is IST_2 spanning? : True
Is IST_3 spanning? : True
Is IST_4 spanning? : True
Is IST_5 spanning? : True
Are all ISTs independent? : True

====TEST CR(614, 98, 196)====
Is IST_0 spanning? : True
Is IST_1 spanning? : True
Is IST_2 spanning? : True
Is IST_3 spanning? : True
Is IST_4 spanning? : True
Is IST_5 spanning? : True
Are all ISTs independent? : True

====TEST CR(615, 98, 196)====
Is IST_0 spanning? : True
Is IST_1 spanning? : True
Is IST_2 spanning? : True
Is IST_3 spanning? : True
Is IST_4 spanning? : True
Is IST_5 spanning? : True
Are all ISTs independent? : True

====TEST CR(616, 98, 196)====
Is IST_0 spanning? : True
Is IST_1 spanning? : True
Is IST_2 spanning? : True
Is IST_3 spanning? : True
Is IST_4 spanning? : True
Is IST_5 spanning? : True
Are all ISTs independent? : True

====TEST CR(617, 98, 196)====
Is IST_0 spanning? : True
Is IST_1 spanning? : True
Is IST_2 spanning? : True
Is IST_3 spanning? : True
Is IST_4 spanning? : True
Is IST_5 spanning? : True
Are all ISTs independent? : True

====TEST CR(618, 98, 196)====
Is IST_0 spanning? : True
Is IST_1 spanning? : True
Is IST_2 spanning? : True
Is IST_3 spanning? : True
Is IST_4 spanning? : True
Is IST_5 spanning? : True
Are all ISTs independent? : True

====TEST CR(619, 98, 196)====
Is IST_0 spanning? : True
Is IST_1 spanning? : True
Is IST_2 spanning? : True
Is IST_3 spanning? : True
Is IST_4 spanning? : True
Is IST_5 spanning? : True
Are all ISTs independent? : True

====TEST CR(620, 98, 196)====
Is IST_0 spanning? : True
Is IST_1 spanning? : True
Is IST_2 spanning? : True
Is IST_3 spanning? : True
Is IST_4 spanning? : True
Is IST_5 spanning? : True
Are all ISTs independent? : True

====TEST CR(621, 98, 196)====
Is IST_0 spanning? : True
Is IST_1 spanning? : True
Is IST_2 spanning? : True
Is IST_3 spanning? : True
Is IST_4 spanning? : True
Is IST_5 spanning? : True
Are all ISTs independent? : True

====TEST CR(622, 98, 196)====
Is IST_0 spanning? : True
Is IST_1 spanning? : True
Is IST_2 spanning? : True
Is IST_3 spanning? : True
Is IST_4 spanning? : True
Is IST_5 spanning? : True
Are all ISTs independent? : True

====TEST CR(623, 98, 196)====
Is IST_0 spanning? : True
Is IST_1 spanning? : True
Is IST_2 spanning? : True
Is IST_3 spanning? : True
Is IST_4 spanning? : True
Is IST_5 spanning? : True
Are all ISTs independent? : True

====TEST CR(624, 98, 196)====
Is IST_0 spanning? : True
Is IST_1 spanning? : True
Is IST_2 spanning? : True
Is IST_3 spanning? : True
Is IST_4 spanning? : True
Is IST_5 spanning? : True
Are all ISTs independent? : True

====TEST CR(625, 98, 196)====
Is IST_0 spanning? : True
Is IST_1 spanning? : True
Is IST_2 spanning? : True
Is IST_3 spanning? : True
Is IST_4 spanning? : True
Is IST_5 spanning? : True
Are all ISTs independent? : True

====TEST CR(626, 98, 196)====
Is IST_0 spanning? : True
Is IST_1 spanning? : True
Is IST_2 spanning? : True
Is IST_3 spanning? : True
Is IST_4 spanning? : True
Is IST_5 spanning? : True
Are all ISTs independent? : True

====TEST CR(627, 98, 196)====
Is IST_0 spanning? : True
Is IST_1 spanning? : True
Is IST_2 spanning? : True
Is IST_3 spanning? : True
Is IST_4 spanning? : True
Is IST_5 spanning? : True
Are all ISTs independent? : True

====TEST CR(628, 98, 196)====
Is IST_0 spanning? : True
Is IST_1 spanning? : True
Is IST_2 spanning? : True
Is IST_3 spanning? : True
Is IST_4 spanning? : True
Is IST_5 spanning? : True
Are all ISTs independent? : True

====TEST CR(629, 98, 196)====
Is IST_0 spanning? : True
Is IST_1 spanning? : True
Is IST_2 spanning? : True
Is IST_3 spanning? : True
Is IST_4 spanning? : True
Is IST_5 spanning? : True
Are all ISTs independent? : True

====TEST CR(630, 98, 196)====
Is IST_0 spanning? : True
Is IST_1 spanning? : True
Is IST_2 spanning? : True
Is IST_3 spanning? : True
Is IST_4 spanning? : True
Is IST_5 spanning? : True
Are all ISTs independent? : True

====TEST CR(631, 98, 196)====
Is IST_0 spanning? : True
Is IST_1 spanning? : True
Is IST_2 spanning? : True
Is IST_3 spanning? : True
Is IST_4 spanning? : True
Is IST_5 spanning? : True
Are all ISTs independent? : True

====TEST CR(632, 98, 196)====
Is IST_0 spanning? : True
Is IST_1 spanning? : True
Is IST_2 spanning? : True
Is IST_3 spanning? : True
Is IST_4 spanning? : True
Is IST_5 spanning? : True
Are all ISTs independent? : True

====TEST CR(633, 98, 196)====
Is IST_0 spanning? : True
Is IST_1 spanning? : True
Is IST_2 spanning? : True
Is IST_3 spanning? : True
Is IST_4 spanning? : True
Is IST_5 spanning? : True
Are all ISTs independent? : True

====TEST CR(634, 98, 196)====
Is IST_0 spanning? : True
Is IST_1 spanning? : True
Is IST_2 spanning? : True
Is IST_3 spanning? : True
Is IST_4 spanning? : True
Is IST_5 spanning? : True
Are all ISTs independent? : True

====TEST CR(635, 98, 196)====
Is IST_0 spanning? : True
Is IST_1 spanning? : True
Is IST_2 spanning? : True
Is IST_3 spanning? : True
Is IST_4 spanning? : True
Is IST_5 spanning? : True
Are all ISTs independent? : True

====TEST CR(636, 98, 196)====
Is IST_0 spanning? : True
Is IST_1 spanning? : True
Is IST_2 spanning? : True
Is IST_3 spanning? : True
Is IST_4 spanning? : True
Is IST_5 spanning? : True
Are all ISTs independent? : True

====TEST CR(637, 98, 196)====
Is IST_0 spanning? : True
Is IST_1 spanning? : True
Is IST_2 spanning? : True
Is IST_3 spanning? : True
Is IST_4 spanning? : True
Is IST_5 spanning? : True
Are all ISTs independent? : True

====TEST CR(638, 98, 196)====
Is IST_0 spanning? : True
Is IST_1 spanning? : True
Is IST_2 spanning? : True
Is IST_3 spanning? : True
Is IST_4 spanning? : True
Is IST_5 spanning? : True
Are all ISTs independent? : True

====TEST CR(639, 98, 196)====
Is IST_0 spanning? : True
Is IST_1 spanning? : True
Is IST_2 spanning? : True
Is IST_3 spanning? : True
Is IST_4 spanning? : True
Is IST_5 spanning? : True
Are all ISTs independent? : True

====TEST CR(640, 98, 196)====
Is IST_0 spanning? : True
Is IST_1 spanning? : True
Is IST_2 spanning? : True
Is IST_3 spanning? : True
Is IST_4 spanning? : True
Is IST_5 spanning? : True
Are all ISTs independent? : True

====TEST CR(641, 98, 196)====
Is IST_0 spanning? : True
Is IST_1 spanning? : True
Is IST_2 spanning? : True
Is IST_3 spanning? : True
Is IST_4 spanning? : True
Is IST_5 spanning? : True
Are all ISTs independent? : True

====TEST CR(642, 98, 196)====
Is IST_0 spanning? : True
Is IST_1 spanning? : True
Is IST_2 spanning? : True
Is IST_3 spanning? : True
Is IST_4 spanning? : True
Is IST_5 spanning? : True
Are all ISTs independent? : True

====TEST CR(643, 98, 196)====
Is IST_0 spanning? : True
Is IST_1 spanning? : True
Is IST_2 spanning? : True
Is IST_3 spanning? : True
Is IST_4 spanning? : True
Is IST_5 spanning? : True
Are all ISTs independent? : True

====TEST CR(644, 98, 196)====
Is IST_0 spanning? : True
Is IST_1 spanning? : True
Is IST_2 spanning? : True
Is IST_3 spanning? : True
Is IST_4 spanning? : True
Is IST_5 spanning? : True
Are all ISTs independent? : True

====TEST CR(645, 98, 196)====
Is IST_0 spanning? : True
Is IST_1 spanning? : True
Is IST_2 spanning? : True
Is IST_3 spanning? : True
Is IST_4 spanning? : True
Is IST_5 spanning? : True
Are all ISTs independent? : True

====TEST CR(646, 98, 196)====
Is IST_0 spanning? : True
Is IST_1 spanning? : True
Is IST_2 spanning? : True
Is IST_3 spanning? : True
Is IST_4 spanning? : True
Is IST_5 spanning? : True
Are all ISTs independent? : True

====TEST CR(647, 98, 196)====
Is IST_0 spanning? : True
Is IST_1 spanning? : True
Is IST_2 spanning? : True
Is IST_3 spanning? : True
Is IST_4 spanning? : True
Is IST_5 spanning? : True
Are all ISTs independent? : True

====TEST CR(648, 98, 196)====
Is IST_0 spanning? : True
Is IST_1 spanning? : True
Is IST_2 spanning? : True
Is IST_3 spanning? : True
Is IST_4 spanning? : True
Is IST_5 spanning? : True
Are all ISTs independent? : True

====TEST CR(649, 98, 196)====
Is IST_0 spanning? : True
Is IST_1 spanning? : True
Is IST_2 spanning? : True
Is IST_3 spanning? : True
Is IST_4 spanning? : True
Is IST_5 spanning? : True
Are all ISTs independent? : True

====TEST CR(650, 98, 196)====
Is IST_0 spanning? : True
Is IST_1 spanning? : True
Is IST_2 spanning? : True
Is IST_3 spanning? : True
Is IST_4 spanning? : True
Is IST_5 spanning? : True
Are all ISTs independent? : True

====TEST CR(651, 98, 196)====
Is IST_0 spanning? : True
Is IST_1 spanning? : True
Is IST_2 spanning? : True
Is IST_3 spanning? : True
Is IST_4 spanning? : True
Is IST_5 spanning? : True
Are all ISTs independent? : True

====TEST CR(652, 98, 196)====
Is IST_0 spanning? : True
Is IST_1 spanning? : True
Is IST_2 spanning? : True
Is IST_3 spanning? : True
Is IST_4 spanning? : True
Is IST_5 spanning? : True
Are all ISTs independent? : True

====TEST CR(653, 98, 196)====
Is IST_0 spanning? : True
Is IST_1 spanning? : True
Is IST_2 spanning? : True
Is IST_3 spanning? : True
Is IST_4 spanning? : True
Is IST_5 spanning? : True
Are all ISTs independent? : True

====TEST CR(654, 98, 196)====
Is IST_0 spanning? : True
Is IST_1 spanning? : True
Is IST_2 spanning? : True
Is IST_3 spanning? : True
Is IST_4 spanning? : True
Is IST_5 spanning? : True
Are all ISTs independent? : True

====TEST CR(655, 98, 196)====
Is IST_0 spanning? : True
Is IST_1 spanning? : True
Is IST_2 spanning? : True
Is IST_3 spanning? : True
Is IST_4 spanning? : True
Is IST_5 spanning? : True
Are all ISTs independent? : True

====TEST CR(656, 98, 196)====
Is IST_0 spanning? : True
Is IST_1 spanning? : True
Is IST_2 spanning? : True
Is IST_3 spanning? : True
Is IST_4 spanning? : True
Is IST_5 spanning? : True
Are all ISTs independent? : True

====TEST CR(657, 98, 196)====
Is IST_0 spanning? : True
Is IST_1 spanning? : True
Is IST_2 spanning? : True
Is IST_3 spanning? : True
Is IST_4 spanning? : True
Is IST_5 spanning? : True
Are all ISTs independent? : True

====TEST CR(658, 98, 196)====
Is IST_0 spanning? : True
Is IST_1 spanning? : True
Is IST_2 spanning? : True
Is IST_3 spanning? : True
Is IST_4 spanning? : True
Is IST_5 spanning? : True
Are all ISTs independent? : True

====TEST CR(659, 98, 196)====
Is IST_0 spanning? : True
Is IST_1 spanning? : True
Is IST_2 spanning? : True
Is IST_3 spanning? : True
Is IST_4 spanning? : True
Is IST_5 spanning? : True
Are all ISTs independent? : True

====TEST CR(660, 98, 196)====
Is IST_0 spanning? : True
Is IST_1 spanning? : True
Is IST_2 spanning? : True
Is IST_3 spanning? : True
Is IST_4 spanning? : True
Is IST_5 spanning? : True
Are all ISTs independent? : True

====TEST CR(661, 98, 196)====
Is IST_0 spanning? : True
Is IST_1 spanning? : True
Is IST_2 spanning? : True
Is IST_3 spanning? : True
Is IST_4 spanning? : True
Is IST_5 spanning? : True
Are all ISTs independent? : True

====TEST CR(662, 98, 196)====
Is IST_0 spanning? : True
Is IST_1 spanning? : True
Is IST_2 spanning? : True
Is IST_3 spanning? : True
Is IST_4 spanning? : True
Is IST_5 spanning? : True
Are all ISTs independent? : True

====TEST CR(663, 98, 196)====
Is IST_0 spanning? : True
Is IST_1 spanning? : True
Is IST_2 spanning? : True
Is IST_3 spanning? : True
Is IST_4 spanning? : True
Is IST_5 spanning? : True
Are all ISTs independent? : True

====TEST CR(664, 98, 196)====
Is IST_0 spanning? : True
Is IST_1 spanning? : True
Is IST_2 spanning? : True
Is IST_3 spanning? : True
Is IST_4 spanning? : True
Is IST_5 spanning? : True
Are all ISTs independent? : True

====TEST CR(665, 98, 196)====
Is IST_0 spanning? : True
Is IST_1 spanning? : True
Is IST_2 spanning? : True
Is IST_3 spanning? : True
Is IST_4 spanning? : True
Is IST_5 spanning? : True
Are all ISTs independent? : True

====TEST CR(666, 98, 196)====
Is IST_0 spanning? : True
Is IST_1 spanning? : True
Is IST_2 spanning? : True
Is IST_3 spanning? : True
Is IST_4 spanning? : True
Is IST_5 spanning? : True
Are all ISTs independent? : True

====TEST CR(667, 98, 196)====
Is IST_0 spanning? : True
Is IST_1 spanning? : True
Is IST_2 spanning? : True
Is IST_3 spanning? : True
Is IST_4 spanning? : True
Is IST_5 spanning? : True
Are all ISTs independent? : True

====TEST CR(668, 98, 196)====
Is IST_0 spanning? : True
Is IST_1 spanning? : True
Is IST_2 spanning? : True
Is IST_3 spanning? : True
Is IST_4 spanning? : True
Is IST_5 spanning? : True
Are all ISTs independent? : True

====TEST CR(669, 98, 196)====
Is IST_0 spanning? : True
Is IST_1 spanning? : True
Is IST_2 spanning? : True
Is IST_3 spanning? : True
Is IST_4 spanning? : True
Is IST_5 spanning? : True
Are all ISTs independent? : True

====TEST CR(670, 98, 196)====
Is IST_0 spanning? : True
Is IST_1 spanning? : True
Is IST_2 spanning? : True
Is IST_3 spanning? : True
Is IST_4 spanning? : True
Is IST_5 spanning? : True
Are all ISTs independent? : True

====TEST CR(671, 98, 196)====
Is IST_0 spanning? : True
Is IST_1 spanning? : True
Is IST_2 spanning? : True
Is IST_3 spanning? : True
Is IST_4 spanning? : True
Is IST_5 spanning? : True
Are all ISTs independent? : True

====TEST CR(672, 98, 196)====
Is IST_0 spanning? : True
Is IST_1 spanning? : True
Is IST_2 spanning? : True
Is IST_3 spanning? : True
Is IST_4 spanning? : True
Is IST_5 spanning? : True
Are all ISTs independent? : True

====TEST CR(673, 98, 196)====
Is IST_0 spanning? : True
Is IST_1 spanning? : True
Is IST_2 spanning? : True
Is IST_3 spanning? : True
Is IST_4 spanning? : True
Is IST_5 spanning? : True
Are all ISTs independent? : True

====TEST CR(674, 98, 196)====
Is IST_0 spanning? : True
Is IST_1 spanning? : True
Is IST_2 spanning? : True
Is IST_3 spanning? : True
Is IST_4 spanning? : True
Is IST_5 spanning? : True
Are all ISTs independent? : True

====TEST CR(675, 98, 196)====
Is IST_0 spanning? : True
Is IST_1 spanning? : True
Is IST_2 spanning? : True
Is IST_3 spanning? : True
Is IST_4 spanning? : True
Is IST_5 spanning? : True
Are all ISTs independent? : True

====TEST CR(676, 98, 196)====
Is IST_0 spanning? : True
Is IST_1 spanning? : True
Is IST_2 spanning? : True
Is IST_3 spanning? : True
Is IST_4 spanning? : True
Is IST_5 spanning? : True
Are all ISTs independent? : True

====TEST CR(677, 98, 196)====
Is IST_0 spanning? : True
Is IST_1 spanning? : True
Is IST_2 spanning? : True
Is IST_3 spanning? : True
Is IST_4 spanning? : True
Is IST_5 spanning? : True
Are all ISTs independent? : True

====TEST CR(678, 98, 196)====
Is IST_0 spanning? : True
Is IST_1 spanning? : True
Is IST_2 spanning? : True
Is IST_3 spanning? : True
Is IST_4 spanning? : True
Is IST_5 spanning? : True
Are all ISTs independent? : True

====TEST CR(679, 98, 196)====
Is IST_0 spanning? : True
Is IST_1 spanning? : True
Is IST_2 spanning? : True
Is IST_3 spanning? : True
Is IST_4 spanning? : True
Is IST_5 spanning? : True
Are all ISTs independent? : True

====TEST CR(680, 98, 196)====
Is IST_0 spanning? : True
Is IST_1 spanning? : True
Is IST_2 spanning? : True
Is IST_3 spanning? : True
Is IST_4 spanning? : True
Is IST_5 spanning? : True
Are all ISTs independent? : True

====TEST CR(681, 98, 196)====
Is IST_0 spanning? : True
Is IST_1 spanning? : True
Is IST_2 spanning? : True
Is IST_3 spanning? : True
Is IST_4 spanning? : True
Is IST_5 spanning? : True
Are all ISTs independent? : True

====TEST CR(682, 98, 196)====
Is IST_0 spanning? : True
Is IST_1 spanning? : True
Is IST_2 spanning? : True
Is IST_3 spanning? : True
Is IST_4 spanning? : True
Is IST_5 spanning? : True
Are all ISTs independent? : True

====TEST CR(683, 98, 196)====
Is IST_0 spanning? : True
Is IST_1 spanning? : True
Is IST_2 spanning? : True
Is IST_3 spanning? : True
Is IST_4 spanning? : True
Is IST_5 spanning? : True
Are all ISTs independent? : True

====TEST CR(684, 98, 196)====
Is IST_0 spanning? : True
Is IST_1 spanning? : True
Is IST_2 spanning? : True
Is IST_3 spanning? : True
Is IST_4 spanning? : True
Is IST_5 spanning? : True
Are all ISTs independent? : True

====TEST CR(685, 98, 196)====
Is IST_0 spanning? : True
Is IST_1 spanning? : True
Is IST_2 spanning? : True
Is IST_3 spanning? : True
Is IST_4 spanning? : True
Is IST_5 spanning? : True
Are all ISTs independent? : True

====TEST CR(686, 98, 196)====
Is IST_0 spanning? : True
Is IST_1 spanning? : True
Is IST_2 spanning? : True
Is IST_3 spanning? : True
Is IST_4 spanning? : True
Is IST_5 spanning? : True
Are all ISTs independent? : True

====TEST CR(687, 98, 196)====
Is IST_0 spanning? : True
Is IST_1 spanning? : True
Is IST_2 spanning? : True
Is IST_3 spanning? : True
Is IST_4 spanning? : True
Is IST_5 spanning? : True
Are all ISTs independent? : True

====TEST CR(688, 98, 196)====
Is IST_0 spanning? : True
Is IST_1 spanning? : True
Is IST_2 spanning? : True
Is IST_3 spanning? : True
Is IST_4 spanning? : True
Is IST_5 spanning? : True
Are all ISTs independent? : True

====TEST CR(689, 98, 196)====
Is IST_0 spanning? : True
Is IST_1 spanning? : True
Is IST_2 spanning? : True
Is IST_3 spanning? : True
Is IST_4 spanning? : True
Is IST_5 spanning? : True
Are all ISTs independent? : True

====TEST CR(690, 98, 196)====
Is IST_0 spanning? : True
Is IST_1 spanning? : True
Is IST_2 spanning? : True
Is IST_3 spanning? : True
Is IST_4 spanning? : True
Is IST_5 spanning? : True
Are all ISTs independent? : True

====TEST CR(691, 98, 196)====
Is IST_0 spanning? : True
Is IST_1 spanning? : True
Is IST_2 spanning? : True
Is IST_3 spanning? : True
Is IST_4 spanning? : True
Is IST_5 spanning? : True
Are all ISTs independent? : True

====TEST CR(692, 98, 196)====
Is IST_0 spanning? : True
Is IST_1 spanning? : True
Is IST_2 spanning? : True
Is IST_3 spanning? : True
Is IST_4 spanning? : True
Is IST_5 spanning? : True
Are all ISTs independent? : True

====TEST CR(693, 98, 196)====
Is IST_0 spanning? : True
Is IST_1 spanning? : True
Is IST_2 spanning? : True
Is IST_3 spanning? : True
Is IST_4 spanning? : True
Is IST_5 spanning? : True
Are all ISTs independent? : True

====TEST CR(694, 98, 196)====
Is IST_0 spanning? : True
Is IST_1 spanning? : True
Is IST_2 spanning? : True
Is IST_3 spanning? : True
Is IST_4 spanning? : True
Is IST_5 spanning? : True
Are all ISTs independent? : True

====TEST CR(695, 98, 196)====
Is IST_0 spanning? : True
Is IST_1 spanning? : True
Is IST_2 spanning? : True
Is IST_3 spanning? : True
Is IST_4 spanning? : True
Is IST_5 spanning? : True
Are all ISTs independent? : True

====TEST CR(696, 98, 196)====
Is IST_0 spanning? : True
Is IST_1 spanning? : True
Is IST_2 spanning? : True
Is IST_3 spanning? : True
Is IST_4 spanning? : True
Is IST_5 spanning? : True
Are all ISTs independent? : True

====TEST CR(697, 98, 196)====
Is IST_0 spanning? : True
Is IST_1 spanning? : True
Is IST_2 spanning? : True
Is IST_3 spanning? : True
Is IST_4 spanning? : True
Is IST_5 spanning? : True
Are all ISTs independent? : True

====TEST CR(698, 98, 196)====
Is IST_0 spanning? : True
Is IST_1 spanning? : True
Is IST_2 spanning? : True
Is IST_3 spanning? : True
Is IST_4 spanning? : True
Is IST_5 spanning? : True
Are all ISTs independent? : True

====TEST CR(699, 98, 196)====
Is IST_0 spanning? : True
Is IST_1 spanning? : True
Is IST_2 spanning? : True
Is IST_3 spanning? : True
Is IST_4 spanning? : True
Is IST_5 spanning? : True
Are all ISTs independent? : True

====TEST CR(700, 98, 196)====
Is IST_0 spanning? : True
Is IST_1 spanning? : True
Is IST_2 spanning? : True
Is IST_3 spanning? : True
Is IST_4 spanning? : True
Is IST_5 spanning? : True
Are all ISTs independent? : True

====TEST CR(701, 98, 196)====
Is IST_0 spanning? : True
Is IST_1 spanning? : True
Is IST_2 spanning? : True
Is IST_3 spanning? : True
Is IST_4 spanning? : True
Is IST_5 spanning? : True
Are all ISTs independent? : True

====TEST CR(702, 98, 196)====
Is IST_0 spanning? : True
Is IST_1 spanning? : True
Is IST_2 spanning? : True
Is IST_3 spanning? : True
Is IST_4 spanning? : True
Is IST_5 spanning? : True
Are all ISTs independent? : True

====TEST CR(703, 98, 196)====
Is IST_0 spanning? : True
Is IST_1 spanning? : True
Is IST_2 spanning? : True
Is IST_3 spanning? : True
Is IST_4 spanning? : True
Is IST_5 spanning? : True
Are all ISTs independent? : True

====TEST CR(704, 98, 196)====
Is IST_0 spanning? : True
Is IST_1 spanning? : True
Is IST_2 spanning? : True
Is IST_3 spanning? : True
Is IST_4 spanning? : True
Is IST_5 spanning? : True
Are all ISTs independent? : True

====TEST CR(705, 98, 196)====
Is IST_0 spanning? : True
Is IST_1 spanning? : True
Is IST_2 spanning? : True
Is IST_3 spanning? : True
Is IST_4 spanning? : True
Is IST_5 spanning? : True
Are all ISTs independent? : True

====TEST CR(706, 98, 196)====
Is IST_0 spanning? : True
Is IST_1 spanning? : True
Is IST_2 spanning? : True
Is IST_3 spanning? : True
Is IST_4 spanning? : True
Is IST_5 spanning? : True
Are all ISTs independent? : True

====TEST CR(707, 98, 196)====
Is IST_0 spanning? : True
Is IST_1 spanning? : True
Is IST_2 spanning? : True
Is IST_3 spanning? : True
Is IST_4 spanning? : True
Is IST_5 spanning? : True
Are all ISTs independent? : True

====TEST CR(708, 98, 196)====
Is IST_0 spanning? : True
Is IST_1 spanning? : True
Is IST_2 spanning? : True
Is IST_3 spanning? : True
Is IST_4 spanning? : True
Is IST_5 spanning? : True
Are all ISTs independent? : True

====TEST CR(709, 98, 196)====
Is IST_0 spanning? : True
Is IST_1 spanning? : True
Is IST_2 spanning? : True
Is IST_3 spanning? : True
Is IST_4 spanning? : True
Is IST_5 spanning? : True
Are all ISTs independent? : True

====TEST CR(710, 98, 196)====
Is IST_0 spanning? : True
Is IST_1 spanning? : True
Is IST_2 spanning? : True
Is IST_3 spanning? : True
Is IST_4 spanning? : True
Is IST_5 spanning? : True
Are all ISTs independent? : True

====TEST CR(711, 98, 196)====
Is IST_0 spanning? : True
Is IST_1 spanning? : True
Is IST_2 spanning? : True
Is IST_3 spanning? : True
Is IST_4 spanning? : True
Is IST_5 spanning? : True
Are all ISTs independent? : True

====TEST CR(712, 98, 196)====
Is IST_0 spanning? : True
Is IST_1 spanning? : True
Is IST_2 spanning? : True
Is IST_3 spanning? : True
Is IST_4 spanning? : True
Is IST_5 spanning? : True
Are all ISTs independent? : True

====TEST CR(713, 98, 196)====
Is IST_0 spanning? : True
Is IST_1 spanning? : True
Is IST_2 spanning? : True
Is IST_3 spanning? : True
Is IST_4 spanning? : True
Is IST_5 spanning? : True
Are all ISTs independent? : True

====TEST CR(714, 98, 196)====
Is IST_0 spanning? : True
Is IST_1 spanning? : True
Is IST_2 spanning? : True
Is IST_3 spanning? : True
Is IST_4 spanning? : True
Is IST_5 spanning? : True
Are all ISTs independent? : True

====TEST CR(715, 98, 196)====
Is IST_0 spanning? : True
Is IST_1 spanning? : True
Is IST_2 spanning? : True
Is IST_3 spanning? : True
Is IST_4 spanning? : True
Is IST_5 spanning? : True
Are all ISTs independent? : True

====TEST CR(716, 98, 196)====
Is IST_0 spanning? : True
Is IST_1 spanning? : True
Is IST_2 spanning? : True
Is IST_3 spanning? : True
Is IST_4 spanning? : True
Is IST_5 spanning? : True
Are all ISTs independent? : True

====TEST CR(594, 99, 198)====
Is IST_0 spanning? : True
Is IST_1 spanning? : True
Is IST_2 spanning? : True
Is IST_3 spanning? : True
Is IST_4 spanning? : True
Is IST_5 spanning? : True
Are all ISTs independent? : True

====TEST CR(595, 99, 198)====
Is IST_0 spanning? : True
Is IST_1 spanning? : True
Is IST_2 spanning? : True
Is IST_3 spanning? : True
Is IST_4 spanning? : True
Is IST_5 spanning? : True
Are all ISTs independent? : True

====TEST CR(596, 99, 198)====
Is IST_0 spanning? : True
Is IST_1 spanning? : True
Is IST_2 spanning? : True
Is IST_3 spanning? : True
Is IST_4 spanning? : True
Is IST_5 spanning? : True
Are all ISTs independent? : True

====TEST CR(597, 99, 198)====
Is IST_0 spanning? : True
Is IST_1 spanning? : True
Is IST_2 spanning? : True
Is IST_3 spanning? : True
Is IST_4 spanning? : True
Is IST_5 spanning? : True
Are all ISTs independent? : True

====TEST CR(598, 99, 198)====
Is IST_0 spanning? : True
Is IST_1 spanning? : True
Is IST_2 spanning? : True
Is IST_3 spanning? : True
Is IST_4 spanning? : True
Is IST_5 spanning? : True
Are all ISTs independent? : True

====TEST CR(599, 99, 198)====
Is IST_0 spanning? : True
Is IST_1 spanning? : True
Is IST_2 spanning? : True
Is IST_3 spanning? : True
Is IST_4 spanning? : True
Is IST_5 spanning? : True
Are all ISTs independent? : True

====TEST CR(600, 99, 198)====
Is IST_0 spanning? : True
Is IST_1 spanning? : True
Is IST_2 spanning? : True
Is IST_3 spanning? : True
Is IST_4 spanning? : True
Is IST_5 spanning? : True
Are all ISTs independent? : True

====TEST CR(601, 99, 198)====
Is IST_0 spanning? : True
Is IST_1 spanning? : True
Is IST_2 spanning? : True
Is IST_3 spanning? : True
Is IST_4 spanning? : True
Is IST_5 spanning? : True
Are all ISTs independent? : True

====TEST CR(602, 99, 198)====
Is IST_0 spanning? : True
Is IST_1 spanning? : True
Is IST_2 spanning? : True
Is IST_3 spanning? : True
Is IST_4 spanning? : True
Is IST_5 spanning? : True
Are all ISTs independent? : True

====TEST CR(603, 99, 198)====
Is IST_0 spanning? : True
Is IST_1 spanning? : True
Is IST_2 spanning? : True
Is IST_3 spanning? : True
Is IST_4 spanning? : True
Is IST_5 spanning? : True
Are all ISTs independent? : True

====TEST CR(604, 99, 198)====
Is IST_0 spanning? : True
Is IST_1 spanning? : True
Is IST_2 spanning? : True
Is IST_3 spanning? : True
Is IST_4 spanning? : True
Is IST_5 spanning? : True
Are all ISTs independent? : True

====TEST CR(605, 99, 198)====
Is IST_0 spanning? : True
Is IST_1 spanning? : True
Is IST_2 spanning? : True
Is IST_3 spanning? : True
Is IST_4 spanning? : True
Is IST_5 spanning? : True
Are all ISTs independent? : True

====TEST CR(606, 99, 198)====
Is IST_0 spanning? : True
Is IST_1 spanning? : True
Is IST_2 spanning? : True
Is IST_3 spanning? : True
Is IST_4 spanning? : True
Is IST_5 spanning? : True
Are all ISTs independent? : True

====TEST CR(607, 99, 198)====
Is IST_0 spanning? : True
Is IST_1 spanning? : True
Is IST_2 spanning? : True
Is IST_3 spanning? : True
Is IST_4 spanning? : True
Is IST_5 spanning? : True
Are all ISTs independent? : True

====TEST CR(608, 99, 198)====
Is IST_0 spanning? : True
Is IST_1 spanning? : True
Is IST_2 spanning? : True
Is IST_3 spanning? : True
Is IST_4 spanning? : True
Is IST_5 spanning? : True
Are all ISTs independent? : True

====TEST CR(609, 99, 198)====
Is IST_0 spanning? : True
Is IST_1 spanning? : True
Is IST_2 spanning? : True
Is IST_3 spanning? : True
Is IST_4 spanning? : True
Is IST_5 spanning? : True
Are all ISTs independent? : True

====TEST CR(610, 99, 198)====
Is IST_0 spanning? : True
Is IST_1 spanning? : True
Is IST_2 spanning? : True
Is IST_3 spanning? : True
Is IST_4 spanning? : True
Is IST_5 spanning? : True
Are all ISTs independent? : True

====TEST CR(611, 99, 198)====
Is IST_0 spanning? : True
Is IST_1 spanning? : True
Is IST_2 spanning? : True
Is IST_3 spanning? : True
Is IST_4 spanning? : True
Is IST_5 spanning? : True
Are all ISTs independent? : True

====TEST CR(612, 99, 198)====
Is IST_0 spanning? : True
Is IST_1 spanning? : True
Is IST_2 spanning? : True
Is IST_3 spanning? : True
Is IST_4 spanning? : True
Is IST_5 spanning? : True
Are all ISTs independent? : True

====TEST CR(613, 99, 198)====
Is IST_0 spanning? : True
Is IST_1 spanning? : True
Is IST_2 spanning? : True
Is IST_3 spanning? : True
Is IST_4 spanning? : True
Is IST_5 spanning? : True
Are all ISTs independent? : True

====TEST CR(614, 99, 198)====
Is IST_0 spanning? : True
Is IST_1 spanning? : True
Is IST_2 spanning? : True
Is IST_3 spanning? : True
Is IST_4 spanning? : True
Is IST_5 spanning? : True
Are all ISTs independent? : True

====TEST CR(615, 99, 198)====
Is IST_0 spanning? : True
Is IST_1 spanning? : True
Is IST_2 spanning? : True
Is IST_3 spanning? : True
Is IST_4 spanning? : True
Is IST_5 spanning? : True
Are all ISTs independent? : True

====TEST CR(616, 99, 198)====
Is IST_0 spanning? : True
Is IST_1 spanning? : True
Is IST_2 spanning? : True
Is IST_3 spanning? : True
Is IST_4 spanning? : True
Is IST_5 spanning? : True
Are all ISTs independent? : True

====TEST CR(617, 99, 198)====
Is IST_0 spanning? : True
Is IST_1 spanning? : True
Is IST_2 spanning? : True
Is IST_3 spanning? : True
Is IST_4 spanning? : True
Is IST_5 spanning? : True
Are all ISTs independent? : True

====TEST CR(618, 99, 198)====
Is IST_0 spanning? : True
Is IST_1 spanning? : True
Is IST_2 spanning? : True
Is IST_3 spanning? : True
Is IST_4 spanning? : True
Is IST_5 spanning? : True
Are all ISTs independent? : True

====TEST CR(619, 99, 198)====
Is IST_0 spanning? : True
Is IST_1 spanning? : True
Is IST_2 spanning? : True
Is IST_3 spanning? : True
Is IST_4 spanning? : True
Is IST_5 spanning? : True
Are all ISTs independent? : True

====TEST CR(620, 99, 198)====
Is IST_0 spanning? : True
Is IST_1 spanning? : True
Is IST_2 spanning? : True
Is IST_3 spanning? : True
Is IST_4 spanning? : True
Is IST_5 spanning? : True
Are all ISTs independent? : True

====TEST CR(621, 99, 198)====
Is IST_0 spanning? : True
Is IST_1 spanning? : True
Is IST_2 spanning? : True
Is IST_3 spanning? : True
Is IST_4 spanning? : True
Is IST_5 spanning? : True
Are all ISTs independent? : True

====TEST CR(622, 99, 198)====
Is IST_0 spanning? : True
Is IST_1 spanning? : True
Is IST_2 spanning? : True
Is IST_3 spanning? : True
Is IST_4 spanning? : True
Is IST_5 spanning? : True
Are all ISTs independent? : True

====TEST CR(623, 99, 198)====
Is IST_0 spanning? : True
Is IST_1 spanning? : True
Is IST_2 spanning? : True
Is IST_3 spanning? : True
Is IST_4 spanning? : True
Is IST_5 spanning? : True
Are all ISTs independent? : True

====TEST CR(624, 99, 198)====
Is IST_0 spanning? : True
Is IST_1 spanning? : True
Is IST_2 spanning? : True
Is IST_3 spanning? : True
Is IST_4 spanning? : True
Is IST_5 spanning? : True
Are all ISTs independent? : True

====TEST CR(625, 99, 198)====
Is IST_0 spanning? : True
Is IST_1 spanning? : True
Is IST_2 spanning? : True
Is IST_3 spanning? : True
Is IST_4 spanning? : True
Is IST_5 spanning? : True
Are all ISTs independent? : True

====TEST CR(626, 99, 198)====
Is IST_0 spanning? : True
Is IST_1 spanning? : True
Is IST_2 spanning? : True
Is IST_3 spanning? : True
Is IST_4 spanning? : True
Is IST_5 spanning? : True
Are all ISTs independent? : True

====TEST CR(627, 99, 198)====
Is IST_0 spanning? : True
Is IST_1 spanning? : True
Is IST_2 spanning? : True
Is IST_3 spanning? : True
Is IST_4 spanning? : True
Is IST_5 spanning? : True
Are all ISTs independent? : True

====TEST CR(628, 99, 198)====
Is IST_0 spanning? : True
Is IST_1 spanning? : True
Is IST_2 spanning? : True
Is IST_3 spanning? : True
Is IST_4 spanning? : True
Is IST_5 spanning? : True
Are all ISTs independent? : True

====TEST CR(629, 99, 198)====
Is IST_0 spanning? : True
Is IST_1 spanning? : True
Is IST_2 spanning? : True
Is IST_3 spanning? : True
Is IST_4 spanning? : True
Is IST_5 spanning? : True
Are all ISTs independent? : True

====TEST CR(630, 99, 198)====
Is IST_0 spanning? : True
Is IST_1 spanning? : True
Is IST_2 spanning? : True
Is IST_3 spanning? : True
Is IST_4 spanning? : True
Is IST_5 spanning? : True
Are all ISTs independent? : True

====TEST CR(631, 99, 198)====
Is IST_0 spanning? : True
Is IST_1 spanning? : True
Is IST_2 spanning? : True
Is IST_3 spanning? : True
Is IST_4 spanning? : True
Is IST_5 spanning? : True
Are all ISTs independent? : True

====TEST CR(632, 99, 198)====
Is IST_0 spanning? : True
Is IST_1 spanning? : True
Is IST_2 spanning? : True
Is IST_3 spanning? : True
Is IST_4 spanning? : True
Is IST_5 spanning? : True
Are all ISTs independent? : True

====TEST CR(633, 99, 198)====
Is IST_0 spanning? : True
Is IST_1 spanning? : True
Is IST_2 spanning? : True
Is IST_3 spanning? : True
Is IST_4 spanning? : True
Is IST_5 spanning? : True
Are all ISTs independent? : True

====TEST CR(634, 99, 198)====
Is IST_0 spanning? : True
Is IST_1 spanning? : True
Is IST_2 spanning? : True
Is IST_3 spanning? : True
Is IST_4 spanning? : True
Is IST_5 spanning? : True
Are all ISTs independent? : True

====TEST CR(635, 99, 198)====
Is IST_0 spanning? : True
Is IST_1 spanning? : True
Is IST_2 spanning? : True
Is IST_3 spanning? : True
Is IST_4 spanning? : True
Is IST_5 spanning? : True
Are all ISTs independent? : True

====TEST CR(636, 99, 198)====
Is IST_0 spanning? : True
Is IST_1 spanning? : True
Is IST_2 spanning? : True
Is IST_3 spanning? : True
Is IST_4 spanning? : True
Is IST_5 spanning? : True
Are all ISTs independent? : True

====TEST CR(637, 99, 198)====
Is IST_0 spanning? : True
Is IST_1 spanning? : True
Is IST_2 spanning? : True
Is IST_3 spanning? : True
Is IST_4 spanning? : True
Is IST_5 spanning? : True
Are all ISTs independent? : True

====TEST CR(638, 99, 198)====
Is IST_0 spanning? : True
Is IST_1 spanning? : True
Is IST_2 spanning? : True
Is IST_3 spanning? : True
Is IST_4 spanning? : True
Is IST_5 spanning? : True
Are all ISTs independent? : True

====TEST CR(639, 99, 198)====
Is IST_0 spanning? : True
Is IST_1 spanning? : True
Is IST_2 spanning? : True
Is IST_3 spanning? : True
Is IST_4 spanning? : True
Is IST_5 spanning? : True
Are all ISTs independent? : True

====TEST CR(640, 99, 198)====
Is IST_0 spanning? : True
Is IST_1 spanning? : True
Is IST_2 spanning? : True
Is IST_3 spanning? : True
Is IST_4 spanning? : True
Is IST_5 spanning? : True
Are all ISTs independent? : True

====TEST CR(641, 99, 198)====
Is IST_0 spanning? : True
Is IST_1 spanning? : True
Is IST_2 spanning? : True
Is IST_3 spanning? : True
Is IST_4 spanning? : True
Is IST_5 spanning? : True
Are all ISTs independent? : True

====TEST CR(642, 99, 198)====
Is IST_0 spanning? : True
Is IST_1 spanning? : True
Is IST_2 spanning? : True
Is IST_3 spanning? : True
Is IST_4 spanning? : True
Is IST_5 spanning? : True
Are all ISTs independent? : True

====TEST CR(643, 99, 198)====
Is IST_0 spanning? : True
Is IST_1 spanning? : True
Is IST_2 spanning? : True
Is IST_3 spanning? : True
Is IST_4 spanning? : True
Is IST_5 spanning? : True
Are all ISTs independent? : True

====TEST CR(644, 99, 198)====
Is IST_0 spanning? : True
Is IST_1 spanning? : True
Is IST_2 spanning? : True
Is IST_3 spanning? : True
Is IST_4 spanning? : True
Is IST_5 spanning? : True
Are all ISTs independent? : True

====TEST CR(645, 99, 198)====
Is IST_0 spanning? : True
Is IST_1 spanning? : True
Is IST_2 spanning? : True
Is IST_3 spanning? : True
Is IST_4 spanning? : True
Is IST_5 spanning? : True
Are all ISTs independent? : True

====TEST CR(646, 99, 198)====
Is IST_0 spanning? : True
Is IST_1 spanning? : True
Is IST_2 spanning? : True
Is IST_3 spanning? : True
Is IST_4 spanning? : True
Is IST_5 spanning? : True
Are all ISTs independent? : True

====TEST CR(647, 99, 198)====
Is IST_0 spanning? : True
Is IST_1 spanning? : True
Is IST_2 spanning? : True
Is IST_3 spanning? : True
Is IST_4 spanning? : True
Is IST_5 spanning? : True
Are all ISTs independent? : True

====TEST CR(648, 99, 198)====
Is IST_0 spanning? : True
Is IST_1 spanning? : True
Is IST_2 spanning? : True
Is IST_3 spanning? : True
Is IST_4 spanning? : True
Is IST_5 spanning? : True
Are all ISTs independent? : True

====TEST CR(649, 99, 198)====
Is IST_0 spanning? : True
Is IST_1 spanning? : True
Is IST_2 spanning? : True
Is IST_3 spanning? : True
Is IST_4 spanning? : True
Is IST_5 spanning? : True
Are all ISTs independent? : True

====TEST CR(650, 99, 198)====
Is IST_0 spanning? : True
Is IST_1 spanning? : True
Is IST_2 spanning? : True
Is IST_3 spanning? : True
Is IST_4 spanning? : True
Is IST_5 spanning? : True
Are all ISTs independent? : True

====TEST CR(651, 99, 198)====
Is IST_0 spanning? : True
Is IST_1 spanning? : True
Is IST_2 spanning? : True
Is IST_3 spanning? : True
Is IST_4 spanning? : True
Is IST_5 spanning? : True
Are all ISTs independent? : True

====TEST CR(652, 99, 198)====
Is IST_0 spanning? : True
Is IST_1 spanning? : True
Is IST_2 spanning? : True
Is IST_3 spanning? : True
Is IST_4 spanning? : True
Is IST_5 spanning? : True
Are all ISTs independent? : True

====TEST CR(653, 99, 198)====
Is IST_0 spanning? : True
Is IST_1 spanning? : True
Is IST_2 spanning? : True
Is IST_3 spanning? : True
Is IST_4 spanning? : True
Is IST_5 spanning? : True
Are all ISTs independent? : True

====TEST CR(654, 99, 198)====
Is IST_0 spanning? : True
Is IST_1 spanning? : True
Is IST_2 spanning? : True
Is IST_3 spanning? : True
Is IST_4 spanning? : True
Is IST_5 spanning? : True
Are all ISTs independent? : True

====TEST CR(655, 99, 198)====
Is IST_0 spanning? : True
Is IST_1 spanning? : True
Is IST_2 spanning? : True
Is IST_3 spanning? : True
Is IST_4 spanning? : True
Is IST_5 spanning? : True
Are all ISTs independent? : True

====TEST CR(656, 99, 198)====
Is IST_0 spanning? : True
Is IST_1 spanning? : True
Is IST_2 spanning? : True
Is IST_3 spanning? : True
Is IST_4 spanning? : True
Is IST_5 spanning? : True
Are all ISTs independent? : True

====TEST CR(657, 99, 198)====
Is IST_0 spanning? : True
Is IST_1 spanning? : True
Is IST_2 spanning? : True
Is IST_3 spanning? : True
Is IST_4 spanning? : True
Is IST_5 spanning? : True
Are all ISTs independent? : True

====TEST CR(658, 99, 198)====
Is IST_0 spanning? : True
Is IST_1 spanning? : True
Is IST_2 spanning? : True
Is IST_3 spanning? : True
Is IST_4 spanning? : True
Is IST_5 spanning? : True
Are all ISTs independent? : True

====TEST CR(659, 99, 198)====
Is IST_0 spanning? : True
Is IST_1 spanning? : True
Is IST_2 spanning? : True
Is IST_3 spanning? : True
Is IST_4 spanning? : True
Is IST_5 spanning? : True
Are all ISTs independent? : True

====TEST CR(660, 99, 198)====
Is IST_0 spanning? : True
Is IST_1 spanning? : True
Is IST_2 spanning? : True
Is IST_3 spanning? : True
Is IST_4 spanning? : True
Is IST_5 spanning? : True
Are all ISTs independent? : True

====TEST CR(661, 99, 198)====
Is IST_0 spanning? : True
Is IST_1 spanning? : True
Is IST_2 spanning? : True
Is IST_3 spanning? : True
Is IST_4 spanning? : True
Is IST_5 spanning? : True
Are all ISTs independent? : True

====TEST CR(662, 99, 198)====
Is IST_0 spanning? : True
Is IST_1 spanning? : True
Is IST_2 spanning? : True
Is IST_3 spanning? : True
Is IST_4 spanning? : True
Is IST_5 spanning? : True
Are all ISTs independent? : True

====TEST CR(663, 99, 198)====
Is IST_0 spanning? : True
Is IST_1 spanning? : True
Is IST_2 spanning? : True
Is IST_3 spanning? : True
Is IST_4 spanning? : True
Is IST_5 spanning? : True
Are all ISTs independent? : True

====TEST CR(664, 99, 198)====
Is IST_0 spanning? : True
Is IST_1 spanning? : True
Is IST_2 spanning? : True
Is IST_3 spanning? : True
Is IST_4 spanning? : True
Is IST_5 spanning? : True
Are all ISTs independent? : True

====TEST CR(665, 99, 198)====
Is IST_0 spanning? : True
Is IST_1 spanning? : True
Is IST_2 spanning? : True
Is IST_3 spanning? : True
Is IST_4 spanning? : True
Is IST_5 spanning? : True
Are all ISTs independent? : True

====TEST CR(666, 99, 198)====
Is IST_0 spanning? : True
Is IST_1 spanning? : True
Is IST_2 spanning? : True
Is IST_3 spanning? : True
Is IST_4 spanning? : True
Is IST_5 spanning? : True
Are all ISTs independent? : True

====TEST CR(667, 99, 198)====
Is IST_0 spanning? : True
Is IST_1 spanning? : True
Is IST_2 spanning? : True
Is IST_3 spanning? : True
Is IST_4 spanning? : True
Is IST_5 spanning? : True
Are all ISTs independent? : True

====TEST CR(668, 99, 198)====
Is IST_0 spanning? : True
Is IST_1 spanning? : True
Is IST_2 spanning? : True
Is IST_3 spanning? : True
Is IST_4 spanning? : True
Is IST_5 spanning? : True
Are all ISTs independent? : True

====TEST CR(669, 99, 198)====
Is IST_0 spanning? : True
Is IST_1 spanning? : True
Is IST_2 spanning? : True
Is IST_3 spanning? : True
Is IST_4 spanning? : True
Is IST_5 spanning? : True
Are all ISTs independent? : True

====TEST CR(670, 99, 198)====
Is IST_0 spanning? : True
Is IST_1 spanning? : True
Is IST_2 spanning? : True
Is IST_3 spanning? : True
Is IST_4 spanning? : True
Is IST_5 spanning? : True
Are all ISTs independent? : True

====TEST CR(671, 99, 198)====
Is IST_0 spanning? : True
Is IST_1 spanning? : True
Is IST_2 spanning? : True
Is IST_3 spanning? : True
Is IST_4 spanning? : True
Is IST_5 spanning? : True
Are all ISTs independent? : True

====TEST CR(672, 99, 198)====
Is IST_0 spanning? : True
Is IST_1 spanning? : True
Is IST_2 spanning? : True
Is IST_3 spanning? : True
Is IST_4 spanning? : True
Is IST_5 spanning? : True
Are all ISTs independent? : True

====TEST CR(673, 99, 198)====
Is IST_0 spanning? : True
Is IST_1 spanning? : True
Is IST_2 spanning? : True
Is IST_3 spanning? : True
Is IST_4 spanning? : True
Is IST_5 spanning? : True
Are all ISTs independent? : True

====TEST CR(674, 99, 198)====
Is IST_0 spanning? : True
Is IST_1 spanning? : True
Is IST_2 spanning? : True
Is IST_3 spanning? : True
Is IST_4 spanning? : True
Is IST_5 spanning? : True
Are all ISTs independent? : True

====TEST CR(675, 99, 198)====
Is IST_0 spanning? : True
Is IST_1 spanning? : True
Is IST_2 spanning? : True
Is IST_3 spanning? : True
Is IST_4 spanning? : True
Is IST_5 spanning? : True
Are all ISTs independent? : True

====TEST CR(676, 99, 198)====
Is IST_0 spanning? : True
Is IST_1 spanning? : True
Is IST_2 spanning? : True
Is IST_3 spanning? : True
Is IST_4 spanning? : True
Is IST_5 spanning? : True
Are all ISTs independent? : True

====TEST CR(677, 99, 198)====
Is IST_0 spanning? : True
Is IST_1 spanning? : True
Is IST_2 spanning? : True
Is IST_3 spanning? : True
Is IST_4 spanning? : True
Is IST_5 spanning? : True
Are all ISTs independent? : True

====TEST CR(678, 99, 198)====
Is IST_0 spanning? : True
Is IST_1 spanning? : True
Is IST_2 spanning? : True
Is IST_3 spanning? : True
Is IST_4 spanning? : True
Is IST_5 spanning? : True
Are all ISTs independent? : True

====TEST CR(679, 99, 198)====
Is IST_0 spanning? : True
Is IST_1 spanning? : True
Is IST_2 spanning? : True
Is IST_3 spanning? : True
Is IST_4 spanning? : True
Is IST_5 spanning? : True
Are all ISTs independent? : True

====TEST CR(680, 99, 198)====
Is IST_0 spanning? : True
Is IST_1 spanning? : True
Is IST_2 spanning? : True
Is IST_3 spanning? : True
Is IST_4 spanning? : True
Is IST_5 spanning? : True
Are all ISTs independent? : True

====TEST CR(681, 99, 198)====
Is IST_0 spanning? : True
Is IST_1 spanning? : True
Is IST_2 spanning? : True
Is IST_3 spanning? : True
Is IST_4 spanning? : True
Is IST_5 spanning? : True
Are all ISTs independent? : True

====TEST CR(682, 99, 198)====
Is IST_0 spanning? : True
Is IST_1 spanning? : True
Is IST_2 spanning? : True
Is IST_3 spanning? : True
Is IST_4 spanning? : True
Is IST_5 spanning? : True
Are all ISTs independent? : True

====TEST CR(683, 99, 198)====
Is IST_0 spanning? : True
Is IST_1 spanning? : True
Is IST_2 spanning? : True
Is IST_3 spanning? : True
Is IST_4 spanning? : True
Is IST_5 spanning? : True
Are all ISTs independent? : True

====TEST CR(684, 99, 198)====
Is IST_0 spanning? : True
Is IST_1 spanning? : True
Is IST_2 spanning? : True
Is IST_3 spanning? : True
Is IST_4 spanning? : True
Is IST_5 spanning? : True
Are all ISTs independent? : True

====TEST CR(685, 99, 198)====
Is IST_0 spanning? : True
Is IST_1 spanning? : True
Is IST_2 spanning? : True
Is IST_3 spanning? : True
Is IST_4 spanning? : True
Is IST_5 spanning? : True
Are all ISTs independent? : True

====TEST CR(686, 99, 198)====
Is IST_0 spanning? : True
Is IST_1 spanning? : True
Is IST_2 spanning? : True
Is IST_3 spanning? : True
Is IST_4 spanning? : True
Is IST_5 spanning? : True
Are all ISTs independent? : True

====TEST CR(687, 99, 198)====
Is IST_0 spanning? : True
Is IST_1 spanning? : True
Is IST_2 spanning? : True
Is IST_3 spanning? : True
Is IST_4 spanning? : True
Is IST_5 spanning? : True
Are all ISTs independent? : True

====TEST CR(688, 99, 198)====
Is IST_0 spanning? : True
Is IST_1 spanning? : True
Is IST_2 spanning? : True
Is IST_3 spanning? : True
Is IST_4 spanning? : True
Is IST_5 spanning? : True
Are all ISTs independent? : True

====TEST CR(689, 99, 198)====
Is IST_0 spanning? : True
Is IST_1 spanning? : True
Is IST_2 spanning? : True
Is IST_3 spanning? : True
Is IST_4 spanning? : True
Is IST_5 spanning? : True
Are all ISTs independent? : True

====TEST CR(690, 99, 198)====
Is IST_0 spanning? : True
Is IST_1 spanning? : True
Is IST_2 spanning? : True
Is IST_3 spanning? : True
Is IST_4 spanning? : True
Is IST_5 spanning? : True
Are all ISTs independent? : True

====TEST CR(691, 99, 198)====
Is IST_0 spanning? : True
Is IST_1 spanning? : True
Is IST_2 spanning? : True
Is IST_3 spanning? : True
Is IST_4 spanning? : True
Is IST_5 spanning? : True
Are all ISTs independent? : True

====TEST CR(692, 99, 198)====
Is IST_0 spanning? : True
Is IST_1 spanning? : True
Is IST_2 spanning? : True
Is IST_3 spanning? : True
Is IST_4 spanning? : True
Is IST_5 spanning? : True
Are all ISTs independent? : True

====TEST CR(693, 99, 198)====
Is IST_0 spanning? : True
Is IST_1 spanning? : True
Is IST_2 spanning? : True
Is IST_3 spanning? : True
Is IST_4 spanning? : True
Is IST_5 spanning? : True
Are all ISTs independent? : True

====TEST CR(694, 99, 198)====
Is IST_0 spanning? : True
Is IST_1 spanning? : True
Is IST_2 spanning? : True
Is IST_3 spanning? : True
Is IST_4 spanning? : True
Is IST_5 spanning? : True
Are all ISTs independent? : True

====TEST CR(695, 99, 198)====
Is IST_0 spanning? : True
Is IST_1 spanning? : True
Is IST_2 spanning? : True
Is IST_3 spanning? : True
Is IST_4 spanning? : True
Is IST_5 spanning? : True
Are all ISTs independent? : True

====TEST CR(696, 99, 198)====
Is IST_0 spanning? : True
Is IST_1 spanning? : True
Is IST_2 spanning? : True
Is IST_3 spanning? : True
Is IST_4 spanning? : True
Is IST_5 spanning? : True
Are all ISTs independent? : True

====TEST CR(697, 99, 198)====
Is IST_0 spanning? : True
Is IST_1 spanning? : True
Is IST_2 spanning? : True
Is IST_3 spanning? : True
Is IST_4 spanning? : True
Is IST_5 spanning? : True
Are all ISTs independent? : True

====TEST CR(698, 99, 198)====
Is IST_0 spanning? : True
Is IST_1 spanning? : True
Is IST_2 spanning? : True
Is IST_3 spanning? : True
Is IST_4 spanning? : True
Is IST_5 spanning? : True
Are all ISTs independent? : True

====TEST CR(699, 99, 198)====
Is IST_0 spanning? : True
Is IST_1 spanning? : True
Is IST_2 spanning? : True
Is IST_3 spanning? : True
Is IST_4 spanning? : True
Is IST_5 spanning? : True
Are all ISTs independent? : True

====TEST CR(700, 99, 198)====
Is IST_0 spanning? : True
Is IST_1 spanning? : True
Is IST_2 spanning? : True
Is IST_3 spanning? : True
Is IST_4 spanning? : True
Is IST_5 spanning? : True
Are all ISTs independent? : True

====TEST CR(701, 99, 198)====
Is IST_0 spanning? : True
Is IST_1 spanning? : True
Is IST_2 spanning? : True
Is IST_3 spanning? : True
Is IST_4 spanning? : True
Is IST_5 spanning? : True
Are all ISTs independent? : True

====TEST CR(702, 99, 198)====
Is IST_0 spanning? : True
Is IST_1 spanning? : True
Is IST_2 spanning? : True
Is IST_3 spanning? : True
Is IST_4 spanning? : True
Is IST_5 spanning? : True
Are all ISTs independent? : True

====TEST CR(703, 99, 198)====
Is IST_0 spanning? : True
Is IST_1 spanning? : True
Is IST_2 spanning? : True
Is IST_3 spanning? : True
Is IST_4 spanning? : True
Is IST_5 spanning? : True
Are all ISTs independent? : True

====TEST CR(704, 99, 198)====
Is IST_0 spanning? : True
Is IST_1 spanning? : True
Is IST_2 spanning? : True
Is IST_3 spanning? : True
Is IST_4 spanning? : True
Is IST_5 spanning? : True
Are all ISTs independent? : True

====TEST CR(705, 99, 198)====
Is IST_0 spanning? : True
Is IST_1 spanning? : True
Is IST_2 spanning? : True
Is IST_3 spanning? : True
Is IST_4 spanning? : True
Is IST_5 spanning? : True
Are all ISTs independent? : True

====TEST CR(706, 99, 198)====
Is IST_0 spanning? : True
Is IST_1 spanning? : True
Is IST_2 spanning? : True
Is IST_3 spanning? : True
Is IST_4 spanning? : True
Is IST_5 spanning? : True
Are all ISTs independent? : True

====TEST CR(707, 99, 198)====
Is IST_0 spanning? : True
Is IST_1 spanning? : True
Is IST_2 spanning? : True
Is IST_3 spanning? : True
Is IST_4 spanning? : True
Is IST_5 spanning? : True
Are all ISTs independent? : True

====TEST CR(708, 99, 198)====
Is IST_0 spanning? : True
Is IST_1 spanning? : True
Is IST_2 spanning? : True
Is IST_3 spanning? : True
Is IST_4 spanning? : True
Is IST_5 spanning? : True
Are all ISTs independent? : True

====TEST CR(709, 99, 198)====
Is IST_0 spanning? : True
Is IST_1 spanning? : True
Is IST_2 spanning? : True
Is IST_3 spanning? : True
Is IST_4 spanning? : True
Is IST_5 spanning? : True
Are all ISTs independent? : True

====TEST CR(710, 99, 198)====
Is IST_0 spanning? : True
Is IST_1 spanning? : True
Is IST_2 spanning? : True
Is IST_3 spanning? : True
Is IST_4 spanning? : True
Is IST_5 spanning? : True
Are all ISTs independent? : True

====TEST CR(711, 99, 198)====
Is IST_0 spanning? : True
Is IST_1 spanning? : True
Is IST_2 spanning? : True
Is IST_3 spanning? : True
Is IST_4 spanning? : True
Is IST_5 spanning? : True
Are all ISTs independent? : True

====TEST CR(712, 99, 198)====
Is IST_0 spanning? : True
Is IST_1 spanning? : True
Is IST_2 spanning? : True
Is IST_3 spanning? : True
Is IST_4 spanning? : True
Is IST_5 spanning? : True
Are all ISTs independent? : True

====TEST CR(713, 99, 198)====
Is IST_0 spanning? : True
Is IST_1 spanning? : True
Is IST_2 spanning? : True
Is IST_3 spanning? : True
Is IST_4 spanning? : True
Is IST_5 spanning? : True
Are all ISTs independent? : True

====TEST CR(714, 99, 198)====
Is IST_0 spanning? : True
Is IST_1 spanning? : True
Is IST_2 spanning? : True
Is IST_3 spanning? : True
Is IST_4 spanning? : True
Is IST_5 spanning? : True
Are all ISTs independent? : True

====TEST CR(715, 99, 198)====
Is IST_0 spanning? : True
Is IST_1 spanning? : True
Is IST_2 spanning? : True
Is IST_3 spanning? : True
Is IST_4 spanning? : True
Is IST_5 spanning? : True
Are all ISTs independent? : True

====TEST CR(716, 99, 198)====
Is IST_0 spanning? : True
Is IST_1 spanning? : True
Is IST_2 spanning? : True
Is IST_3 spanning? : True
Is IST_4 spanning? : True
Is IST_5 spanning? : True
Are all ISTs independent? : True

====TEST CR(717, 99, 198)====
Is IST_0 spanning? : True
Is IST_1 spanning? : True
Is IST_2 spanning? : True
Is IST_3 spanning? : True
Is IST_4 spanning? : True
Is IST_5 spanning? : True
Are all ISTs independent? : True

====TEST CR(718, 99, 198)====
Is IST_0 spanning? : True
Is IST_1 spanning? : True
Is IST_2 spanning? : True
Is IST_3 spanning? : True
Is IST_4 spanning? : True
Is IST_5 spanning? : True
Are all ISTs independent? : True

====TEST CR(719, 99, 198)====
Is IST_0 spanning? : True
Is IST_1 spanning? : True
Is IST_2 spanning? : True
Is IST_3 spanning? : True
Is IST_4 spanning? : True
Is IST_5 spanning? : True
Are all ISTs independent? : True

====TEST CR(720, 99, 198)====
Is IST_0 spanning? : True
Is IST_1 spanning? : True
Is IST_2 spanning? : True
Is IST_3 spanning? : True
Is IST_4 spanning? : True
Is IST_5 spanning? : True
Are all ISTs independent? : True

====TEST CR(721, 99, 198)====
Is IST_0 spanning? : True
Is IST_1 spanning? : True
Is IST_2 spanning? : True
Is IST_3 spanning? : True
Is IST_4 spanning? : True
Is IST_5 spanning? : True
Are all ISTs independent? : True

====TEST CR(722, 99, 198)====
Is IST_0 spanning? : True
Is IST_1 spanning? : True
Is IST_2 spanning? : True
Is IST_3 spanning? : True
Is IST_4 spanning? : True
Is IST_5 spanning? : True
Are all ISTs independent? : True

====TEST CR(600, 100, 200)====
Is IST_0 spanning? : True
Is IST_1 spanning? : True
Is IST_2 spanning? : True
Is IST_3 spanning? : True
Is IST_4 spanning? : True
Is IST_5 spanning? : True
Are all ISTs independent? : True

====TEST CR(601, 100, 200)====
Is IST_0 spanning? : True
Is IST_1 spanning? : True
Is IST_2 spanning? : True
Is IST_3 spanning? : True
Is IST_4 spanning? : True
Is IST_5 spanning? : True
Are all ISTs independent? : True

====TEST CR(602, 100, 200)====
Is IST_0 spanning? : True
Is IST_1 spanning? : True
Is IST_2 spanning? : True
Is IST_3 spanning? : True
Is IST_4 spanning? : True
Is IST_5 spanning? : True
Are all ISTs independent? : True

====TEST CR(603, 100, 200)====
Is IST_0 spanning? : True
Is IST_1 spanning? : True
Is IST_2 spanning? : True
Is IST_3 spanning? : True
Is IST_4 spanning? : True
Is IST_5 spanning? : True
Are all ISTs independent? : True

====TEST CR(604, 100, 200)====
Is IST_0 spanning? : True
Is IST_1 spanning? : True
Is IST_2 spanning? : True
Is IST_3 spanning? : True
Is IST_4 spanning? : True
Is IST_5 spanning? : True
Are all ISTs independent? : True

====TEST CR(605, 100, 200)====
Is IST_0 spanning? : True
Is IST_1 spanning? : True
Is IST_2 spanning? : True
Is IST_3 spanning? : True
Is IST_4 spanning? : True
Is IST_5 spanning? : True
Are all ISTs independent? : True

====TEST CR(606, 100, 200)====
Is IST_0 spanning? : True
Is IST_1 spanning? : True
Is IST_2 spanning? : True
Is IST_3 spanning? : True
Is IST_4 spanning? : True
Is IST_5 spanning? : True
Are all ISTs independent? : True

====TEST CR(607, 100, 200)====
Is IST_0 spanning? : True
Is IST_1 spanning? : True
Is IST_2 spanning? : True
Is IST_3 spanning? : True
Is IST_4 spanning? : True
Is IST_5 spanning? : True
Are all ISTs independent? : True

====TEST CR(608, 100, 200)====
Is IST_0 spanning? : True
Is IST_1 spanning? : True
Is IST_2 spanning? : True
Is IST_3 spanning? : True
Is IST_4 spanning? : True
Is IST_5 spanning? : True
Are all ISTs independent? : True

====TEST CR(609, 100, 200)====
Is IST_0 spanning? : True
Is IST_1 spanning? : True
Is IST_2 spanning? : True
Is IST_3 spanning? : True
Is IST_4 spanning? : True
Is IST_5 spanning? : True
Are all ISTs independent? : True

====TEST CR(610, 100, 200)====
Is IST_0 spanning? : True
Is IST_1 spanning? : True
Is IST_2 spanning? : True
Is IST_3 spanning? : True
Is IST_4 spanning? : True
Is IST_5 spanning? : True
Are all ISTs independent? : True

====TEST CR(611, 100, 200)====
Is IST_0 spanning? : True
Is IST_1 spanning? : True
Is IST_2 spanning? : True
Is IST_3 spanning? : True
Is IST_4 spanning? : True
Is IST_5 spanning? : True
Are all ISTs independent? : True

====TEST CR(612, 100, 200)====
Is IST_0 spanning? : True
Is IST_1 spanning? : True
Is IST_2 spanning? : True
Is IST_3 spanning? : True
Is IST_4 spanning? : True
Is IST_5 spanning? : True
Are all ISTs independent? : True

====TEST CR(613, 100, 200)====
Is IST_0 spanning? : True
Is IST_1 spanning? : True
Is IST_2 spanning? : True
Is IST_3 spanning? : True
Is IST_4 spanning? : True
Is IST_5 spanning? : True
Are all ISTs independent? : True

====TEST CR(614, 100, 200)====
Is IST_0 spanning? : True
Is IST_1 spanning? : True
Is IST_2 spanning? : True
Is IST_3 spanning? : True
Is IST_4 spanning? : True
Is IST_5 spanning? : True
Are all ISTs independent? : True

====TEST CR(615, 100, 200)====
Is IST_0 spanning? : True
Is IST_1 spanning? : True
Is IST_2 spanning? : True
Is IST_3 spanning? : True
Is IST_4 spanning? : True
Is IST_5 spanning? : True
Are all ISTs independent? : True

====TEST CR(616, 100, 200)====
Is IST_0 spanning? : True
Is IST_1 spanning? : True
Is IST_2 spanning? : True
Is IST_3 spanning? : True
Is IST_4 spanning? : True
Is IST_5 spanning? : True
Are all ISTs independent? : True

====TEST CR(617, 100, 200)====
Is IST_0 spanning? : True
Is IST_1 spanning? : True
Is IST_2 spanning? : True
Is IST_3 spanning? : True
Is IST_4 spanning? : True
Is IST_5 spanning? : True
Are all ISTs independent? : True

====TEST CR(618, 100, 200)====
Is IST_0 spanning? : True
Is IST_1 spanning? : True
Is IST_2 spanning? : True
Is IST_3 spanning? : True
Is IST_4 spanning? : True
Is IST_5 spanning? : True
Are all ISTs independent? : True

====TEST CR(619, 100, 200)====
Is IST_0 spanning? : True
Is IST_1 spanning? : True
Is IST_2 spanning? : True
Is IST_3 spanning? : True
Is IST_4 spanning? : True
Is IST_5 spanning? : True
Are all ISTs independent? : True

====TEST CR(620, 100, 200)====
Is IST_0 spanning? : True
Is IST_1 spanning? : True
Is IST_2 spanning? : True
Is IST_3 spanning? : True
Is IST_4 spanning? : True
Is IST_5 spanning? : True
Are all ISTs independent? : True

====TEST CR(621, 100, 200)====
Is IST_0 spanning? : True
Is IST_1 spanning? : True
Is IST_2 spanning? : True
Is IST_3 spanning? : True
Is IST_4 spanning? : True
Is IST_5 spanning? : True
Are all ISTs independent? : True

====TEST CR(622, 100, 200)====
Is IST_0 spanning? : True
Is IST_1 spanning? : True
Is IST_2 spanning? : True
Is IST_3 spanning? : True
Is IST_4 spanning? : True
Is IST_5 spanning? : True
Are all ISTs independent? : True

====TEST CR(623, 100, 200)====
Is IST_0 spanning? : True
Is IST_1 spanning? : True
Is IST_2 spanning? : True
Is IST_3 spanning? : True
Is IST_4 spanning? : True
Is IST_5 spanning? : True
Are all ISTs independent? : True

====TEST CR(624, 100, 200)====
Is IST_0 spanning? : True
Is IST_1 spanning? : True
Is IST_2 spanning? : True
Is IST_3 spanning? : True
Is IST_4 spanning? : True
Is IST_5 spanning? : True
Are all ISTs independent? : True

====TEST CR(625, 100, 200)====
Is IST_0 spanning? : True
Is IST_1 spanning? : True
Is IST_2 spanning? : True
Is IST_3 spanning? : True
Is IST_4 spanning? : True
Is IST_5 spanning? : True
Are all ISTs independent? : True

====TEST CR(626, 100, 200)====
Is IST_0 spanning? : True
Is IST_1 spanning? : True
Is IST_2 spanning? : True
Is IST_3 spanning? : True
Is IST_4 spanning? : True
Is IST_5 spanning? : True
Are all ISTs independent? : True

====TEST CR(627, 100, 200)====
Is IST_0 spanning? : True
Is IST_1 spanning? : True
Is IST_2 spanning? : True
Is IST_3 spanning? : True
Is IST_4 spanning? : True
Is IST_5 spanning? : True
Are all ISTs independent? : True

====TEST CR(628, 100, 200)====
Is IST_0 spanning? : True
Is IST_1 spanning? : True
Is IST_2 spanning? : True
Is IST_3 spanning? : True
Is IST_4 spanning? : True
Is IST_5 spanning? : True
Are all ISTs independent? : True

====TEST CR(629, 100, 200)====
Is IST_0 spanning? : True
Is IST_1 spanning? : True
Is IST_2 spanning? : True
Is IST_3 spanning? : True
Is IST_4 spanning? : True
Is IST_5 spanning? : True
Are all ISTs independent? : True

====TEST CR(630, 100, 200)====
Is IST_0 spanning? : True
Is IST_1 spanning? : True
Is IST_2 spanning? : True
Is IST_3 spanning? : True
Is IST_4 spanning? : True
Is IST_5 spanning? : True
Are all ISTs independent? : True

====TEST CR(631, 100, 200)====
Is IST_0 spanning? : True
Is IST_1 spanning? : True
Is IST_2 spanning? : True
Is IST_3 spanning? : True
Is IST_4 spanning? : True
Is IST_5 spanning? : True
Are all ISTs independent? : True

====TEST CR(632, 100, 200)====
Is IST_0 spanning? : True
Is IST_1 spanning? : True
Is IST_2 spanning? : True
Is IST_3 spanning? : True
Is IST_4 spanning? : True
Is IST_5 spanning? : True
Are all ISTs independent? : True

====TEST CR(633, 100, 200)====
Is IST_0 spanning? : True
Is IST_1 spanning? : True
Is IST_2 spanning? : True
Is IST_3 spanning? : True
Is IST_4 spanning? : True
Is IST_5 spanning? : True
Are all ISTs independent? : True

====TEST CR(634, 100, 200)====
Is IST_0 spanning? : True
Is IST_1 spanning? : True
Is IST_2 spanning? : True
Is IST_3 spanning? : True
Is IST_4 spanning? : True
Is IST_5 spanning? : True
Are all ISTs independent? : True

====TEST CR(635, 100, 200)====
Is IST_0 spanning? : True
Is IST_1 spanning? : True
Is IST_2 spanning? : True
Is IST_3 spanning? : True
Is IST_4 spanning? : True
Is IST_5 spanning? : True
Are all ISTs independent? : True

====TEST CR(636, 100, 200)====
Is IST_0 spanning? : True
Is IST_1 spanning? : True
Is IST_2 spanning? : True
Is IST_3 spanning? : True
Is IST_4 spanning? : True
Is IST_5 spanning? : True
Are all ISTs independent? : True

====TEST CR(637, 100, 200)====
Is IST_0 spanning? : True
Is IST_1 spanning? : True
Is IST_2 spanning? : True
Is IST_3 spanning? : True
Is IST_4 spanning? : True
Is IST_5 spanning? : True
Are all ISTs independent? : True

====TEST CR(638, 100, 200)====
Is IST_0 spanning? : True
Is IST_1 spanning? : True
Is IST_2 spanning? : True
Is IST_3 spanning? : True
Is IST_4 spanning? : True
Is IST_5 spanning? : True
Are all ISTs independent? : True

====TEST CR(639, 100, 200)====
Is IST_0 spanning? : True
Is IST_1 spanning? : True
Is IST_2 spanning? : True
Is IST_3 spanning? : True
Is IST_4 spanning? : True
Is IST_5 spanning? : True
Are all ISTs independent? : True

====TEST CR(640, 100, 200)====
Is IST_0 spanning? : True
Is IST_1 spanning? : True
Is IST_2 spanning? : True
Is IST_3 spanning? : True
Is IST_4 spanning? : True
Is IST_5 spanning? : True
Are all ISTs independent? : True

====TEST CR(641, 100, 200)====
Is IST_0 spanning? : True
Is IST_1 spanning? : True
Is IST_2 spanning? : True
Is IST_3 spanning? : True
Is IST_4 spanning? : True
Is IST_5 spanning? : True
Are all ISTs independent? : True

====TEST CR(642, 100, 200)====
Is IST_0 spanning? : True
Is IST_1 spanning? : True
Is IST_2 spanning? : True
Is IST_3 spanning? : True
Is IST_4 spanning? : True
Is IST_5 spanning? : True
Are all ISTs independent? : True

====TEST CR(643, 100, 200)====
Is IST_0 spanning? : True
Is IST_1 spanning? : True
Is IST_2 spanning? : True
Is IST_3 spanning? : True
Is IST_4 spanning? : True
Is IST_5 spanning? : True
Are all ISTs independent? : True

====TEST CR(644, 100, 200)====
Is IST_0 spanning? : True
Is IST_1 spanning? : True
Is IST_2 spanning? : True
Is IST_3 spanning? : True
Is IST_4 spanning? : True
Is IST_5 spanning? : True
Are all ISTs independent? : True

====TEST CR(645, 100, 200)====
Is IST_0 spanning? : True
Is IST_1 spanning? : True
Is IST_2 spanning? : True
Is IST_3 spanning? : True
Is IST_4 spanning? : True
Is IST_5 spanning? : True
Are all ISTs independent? : True

====TEST CR(646, 100, 200)====
Is IST_0 spanning? : True
Is IST_1 spanning? : True
Is IST_2 spanning? : True
Is IST_3 spanning? : True
Is IST_4 spanning? : True
Is IST_5 spanning? : True
Are all ISTs independent? : True

====TEST CR(647, 100, 200)====
Is IST_0 spanning? : True
Is IST_1 spanning? : True
Is IST_2 spanning? : True
Is IST_3 spanning? : True
Is IST_4 spanning? : True
Is IST_5 spanning? : True
Are all ISTs independent? : True

====TEST CR(648, 100, 200)====
Is IST_0 spanning? : True
Is IST_1 spanning? : True
Is IST_2 spanning? : True
Is IST_3 spanning? : True
Is IST_4 spanning? : True
Is IST_5 spanning? : True
Are all ISTs independent? : True

====TEST CR(649, 100, 200)====
Is IST_0 spanning? : True
Is IST_1 spanning? : True
Is IST_2 spanning? : True
Is IST_3 spanning? : True
Is IST_4 spanning? : True
Is IST_5 spanning? : True
Are all ISTs independent? : True

====TEST CR(650, 100, 200)====
Is IST_0 spanning? : True
Is IST_1 spanning? : True
Is IST_2 spanning? : True
Is IST_3 spanning? : True
Is IST_4 spanning? : True
Is IST_5 spanning? : True
Are all ISTs independent? : True

====TEST CR(651, 100, 200)====
Is IST_0 spanning? : True
Is IST_1 spanning? : True
Is IST_2 spanning? : True
Is IST_3 spanning? : True
Is IST_4 spanning? : True
Is IST_5 spanning? : True
Are all ISTs independent? : True

====TEST CR(652, 100, 200)====
Is IST_0 spanning? : True
Is IST_1 spanning? : True
Is IST_2 spanning? : True
Is IST_3 spanning? : True
Is IST_4 spanning? : True
Is IST_5 spanning? : True
Are all ISTs independent? : True

====TEST CR(653, 100, 200)====
Is IST_0 spanning? : True
Is IST_1 spanning? : True
Is IST_2 spanning? : True
Is IST_3 spanning? : True
Is IST_4 spanning? : True
Is IST_5 spanning? : True
Are all ISTs independent? : True

====TEST CR(654, 100, 200)====
Is IST_0 spanning? : True
Is IST_1 spanning? : True
Is IST_2 spanning? : True
Is IST_3 spanning? : True
Is IST_4 spanning? : True
Is IST_5 spanning? : True
Are all ISTs independent? : True

====TEST CR(655, 100, 200)====
Is IST_0 spanning? : True
Is IST_1 spanning? : True
Is IST_2 spanning? : True
Is IST_3 spanning? : True
Is IST_4 spanning? : True
Is IST_5 spanning? : True
Are all ISTs independent? : True

====TEST CR(656, 100, 200)====
Is IST_0 spanning? : True
Is IST_1 spanning? : True
Is IST_2 spanning? : True
Is IST_3 spanning? : True
Is IST_4 spanning? : True
Is IST_5 spanning? : True
Are all ISTs independent? : True

====TEST CR(657, 100, 200)====
Is IST_0 spanning? : True
Is IST_1 spanning? : True
Is IST_2 spanning? : True
Is IST_3 spanning? : True
Is IST_4 spanning? : True
Is IST_5 spanning? : True
Are all ISTs independent? : True

====TEST CR(658, 100, 200)====
Is IST_0 spanning? : True
Is IST_1 spanning? : True
Is IST_2 spanning? : True
Is IST_3 spanning? : True
Is IST_4 spanning? : True
Is IST_5 spanning? : True
Are all ISTs independent? : True

====TEST CR(659, 100, 200)====
Is IST_0 spanning? : True
Is IST_1 spanning? : True
Is IST_2 spanning? : True
Is IST_3 spanning? : True
Is IST_4 spanning? : True
Is IST_5 spanning? : True
Are all ISTs independent? : True

====TEST CR(660, 100, 200)====
Is IST_0 spanning? : True
Is IST_1 spanning? : True
Is IST_2 spanning? : True
Is IST_3 spanning? : True
Is IST_4 spanning? : True
Is IST_5 spanning? : True
Are all ISTs independent? : True

====TEST CR(661, 100, 200)====
Is IST_0 spanning? : True
Is IST_1 spanning? : True
Is IST_2 spanning? : True
Is IST_3 spanning? : True
Is IST_4 spanning? : True
Is IST_5 spanning? : True
Are all ISTs independent? : True

====TEST CR(662, 100, 200)====
Is IST_0 spanning? : True
Is IST_1 spanning? : True
Is IST_2 spanning? : True
Is IST_3 spanning? : True
Is IST_4 spanning? : True
Is IST_5 spanning? : True
Are all ISTs independent? : True

====TEST CR(663, 100, 200)====
Is IST_0 spanning? : True
Is IST_1 spanning? : True
Is IST_2 spanning? : True
Is IST_3 spanning? : True
Is IST_4 spanning? : True
Is IST_5 spanning? : True
Are all ISTs independent? : True

====TEST CR(664, 100, 200)====
Is IST_0 spanning? : True
Is IST_1 spanning? : True
Is IST_2 spanning? : True
Is IST_3 spanning? : True
Is IST_4 spanning? : True
Is IST_5 spanning? : True
Are all ISTs independent? : True

====TEST CR(665, 100, 200)====
Is IST_0 spanning? : True
Is IST_1 spanning? : True
Is IST_2 spanning? : True
Is IST_3 spanning? : True
Is IST_4 spanning? : True
Is IST_5 spanning? : True
Are all ISTs independent? : True

====TEST CR(666, 100, 200)====
Is IST_0 spanning? : True
Is IST_1 spanning? : True
Is IST_2 spanning? : True
Is IST_3 spanning? : True
Is IST_4 spanning? : True
Is IST_5 spanning? : True
Are all ISTs independent? : True

====TEST CR(667, 100, 200)====
Is IST_0 spanning? : True
Is IST_1 spanning? : True
Is IST_2 spanning? : True
Is IST_3 spanning? : True
Is IST_4 spanning? : True
Is IST_5 spanning? : True
Are all ISTs independent? : True

====TEST CR(668, 100, 200)====
Is IST_0 spanning? : True
Is IST_1 spanning? : True
Is IST_2 spanning? : True
Is IST_3 spanning? : True
Is IST_4 spanning? : True
Is IST_5 spanning? : True
Are all ISTs independent? : True

====TEST CR(669, 100, 200)====
Is IST_0 spanning? : True
Is IST_1 spanning? : True
Is IST_2 spanning? : True
Is IST_3 spanning? : True
Is IST_4 spanning? : True
Is IST_5 spanning? : True
Are all ISTs independent? : True

====TEST CR(670, 100, 200)====
Is IST_0 spanning? : True
Is IST_1 spanning? : True
Is IST_2 spanning? : True
Is IST_3 spanning? : True
Is IST_4 spanning? : True
Is IST_5 spanning? : True
Are all ISTs independent? : True

====TEST CR(671, 100, 200)====
Is IST_0 spanning? : True
Is IST_1 spanning? : True
Is IST_2 spanning? : True
Is IST_3 spanning? : True
Is IST_4 spanning? : True
Is IST_5 spanning? : True
Are all ISTs independent? : True

====TEST CR(672, 100, 200)====
Is IST_0 spanning? : True
Is IST_1 spanning? : True
Is IST_2 spanning? : True
Is IST_3 spanning? : True
Is IST_4 spanning? : True
Is IST_5 spanning? : True
Are all ISTs independent? : True

====TEST CR(673, 100, 200)====
Is IST_0 spanning? : True
Is IST_1 spanning? : True
Is IST_2 spanning? : True
Is IST_3 spanning? : True
Is IST_4 spanning? : True
Is IST_5 spanning? : True
Are all ISTs independent? : True

====TEST CR(674, 100, 200)====
Is IST_0 spanning? : True
Is IST_1 spanning? : True
Is IST_2 spanning? : True
Is IST_3 spanning? : True
Is IST_4 spanning? : True
Is IST_5 spanning? : True
Are all ISTs independent? : True

====TEST CR(675, 100, 200)====
Is IST_0 spanning? : True
Is IST_1 spanning? : True
Is IST_2 spanning? : True
Is IST_3 spanning? : True
Is IST_4 spanning? : True
Is IST_5 spanning? : True
Are all ISTs independent? : True

====TEST CR(676, 100, 200)====
Is IST_0 spanning? : True
Is IST_1 spanning? : True
Is IST_2 spanning? : True
Is IST_3 spanning? : True
Is IST_4 spanning? : True
Is IST_5 spanning? : True
Are all ISTs independent? : True

====TEST CR(677, 100, 200)====
Is IST_0 spanning? : True
Is IST_1 spanning? : True
Is IST_2 spanning? : True
Is IST_3 spanning? : True
Is IST_4 spanning? : True
Is IST_5 spanning? : True
Are all ISTs independent? : True

====TEST CR(678, 100, 200)====
Is IST_0 spanning? : True
Is IST_1 spanning? : True
Is IST_2 spanning? : True
Is IST_3 spanning? : True
Is IST_4 spanning? : True
Is IST_5 spanning? : True
Are all ISTs independent? : True

====TEST CR(679, 100, 200)====
Is IST_0 spanning? : True
Is IST_1 spanning? : True
Is IST_2 spanning? : True
Is IST_3 spanning? : True
Is IST_4 spanning? : True
Is IST_5 spanning? : True
Are all ISTs independent? : True

====TEST CR(680, 100, 200)====
Is IST_0 spanning? : True
Is IST_1 spanning? : True
Is IST_2 spanning? : True
Is IST_3 spanning? : True
Is IST_4 spanning? : True
Is IST_5 spanning? : True
Are all ISTs independent? : True

====TEST CR(681, 100, 200)====
Is IST_0 spanning? : True
Is IST_1 spanning? : True
Is IST_2 spanning? : True
Is IST_3 spanning? : True
Is IST_4 spanning? : True
Is IST_5 spanning? : True
Are all ISTs independent? : True

====TEST CR(682, 100, 200)====
Is IST_0 spanning? : True
Is IST_1 spanning? : True
Is IST_2 spanning? : True
Is IST_3 spanning? : True
Is IST_4 spanning? : True
Is IST_5 spanning? : True
Are all ISTs independent? : True

====TEST CR(683, 100, 200)====
Is IST_0 spanning? : True
Is IST_1 spanning? : True
Is IST_2 spanning? : True
Is IST_3 spanning? : True
Is IST_4 spanning? : True
Is IST_5 spanning? : True
Are all ISTs independent? : True

====TEST CR(684, 100, 200)====
Is IST_0 spanning? : True
Is IST_1 spanning? : True
Is IST_2 spanning? : True
Is IST_3 spanning? : True
Is IST_4 spanning? : True
Is IST_5 spanning? : True
Are all ISTs independent? : True

====TEST CR(685, 100, 200)====
Is IST_0 spanning? : True
Is IST_1 spanning? : True
Is IST_2 spanning? : True
Is IST_3 spanning? : True
Is IST_4 spanning? : True
Is IST_5 spanning? : True
Are all ISTs independent? : True

====TEST CR(686, 100, 200)====
Is IST_0 spanning? : True
Is IST_1 spanning? : True
Is IST_2 spanning? : True
Is IST_3 spanning? : True
Is IST_4 spanning? : True
Is IST_5 spanning? : True
Are all ISTs independent? : True

====TEST CR(687, 100, 200)====
Is IST_0 spanning? : True
Is IST_1 spanning? : True
Is IST_2 spanning? : True
Is IST_3 spanning? : True
Is IST_4 spanning? : True
Is IST_5 spanning? : True
Are all ISTs independent? : True

====TEST CR(688, 100, 200)====
Is IST_0 spanning? : True
Is IST_1 spanning? : True
Is IST_2 spanning? : True
Is IST_3 spanning? : True
Is IST_4 spanning? : True
Is IST_5 spanning? : True
Are all ISTs independent? : True

====TEST CR(689, 100, 200)====
Is IST_0 spanning? : True
Is IST_1 spanning? : True
Is IST_2 spanning? : True
Is IST_3 spanning? : True
Is IST_4 spanning? : True
Is IST_5 spanning? : True
Are all ISTs independent? : True

====TEST CR(690, 100, 200)====
Is IST_0 spanning? : True
Is IST_1 spanning? : True
Is IST_2 spanning? : True
Is IST_3 spanning? : True
Is IST_4 spanning? : True
Is IST_5 spanning? : True
Are all ISTs independent? : True

====TEST CR(691, 100, 200)====
Is IST_0 spanning? : True
Is IST_1 spanning? : True
Is IST_2 spanning? : True
Is IST_3 spanning? : True
Is IST_4 spanning? : True
Is IST_5 spanning? : True
Are all ISTs independent? : True

====TEST CR(692, 100, 200)====
Is IST_0 spanning? : True
Is IST_1 spanning? : True
Is IST_2 spanning? : True
Is IST_3 spanning? : True
Is IST_4 spanning? : True
Is IST_5 spanning? : True
Are all ISTs independent? : True

====TEST CR(693, 100, 200)====
Is IST_0 spanning? : True
Is IST_1 spanning? : True
Is IST_2 spanning? : True
Is IST_3 spanning? : True
Is IST_4 spanning? : True
Is IST_5 spanning? : True
Are all ISTs independent? : True

====TEST CR(694, 100, 200)====
Is IST_0 spanning? : True
Is IST_1 spanning? : True
Is IST_2 spanning? : True
Is IST_3 spanning? : True
Is IST_4 spanning? : True
Is IST_5 spanning? : True
Are all ISTs independent? : True

====TEST CR(695, 100, 200)====
Is IST_0 spanning? : True
Is IST_1 spanning? : True
Is IST_2 spanning? : True
Is IST_3 spanning? : True
Is IST_4 spanning? : True
Is IST_5 spanning? : True
Are all ISTs independent? : True

====TEST CR(696, 100, 200)====
Is IST_0 spanning? : True
Is IST_1 spanning? : True
Is IST_2 spanning? : True
Is IST_3 spanning? : True
Is IST_4 spanning? : True
Is IST_5 spanning? : True
Are all ISTs independent? : True

====TEST CR(697, 100, 200)====
Is IST_0 spanning? : True
Is IST_1 spanning? : True
Is IST_2 spanning? : True
Is IST_3 spanning? : True
Is IST_4 spanning? : True
Is IST_5 spanning? : True
Are all ISTs independent? : True

====TEST CR(698, 100, 200)====
Is IST_0 spanning? : True
Is IST_1 spanning? : True
Is IST_2 spanning? : True
Is IST_3 spanning? : True
Is IST_4 spanning? : True
Is IST_5 spanning? : True
Are all ISTs independent? : True

====TEST CR(699, 100, 200)====
Is IST_0 spanning? : True
Is IST_1 spanning? : True
Is IST_2 spanning? : True
Is IST_3 spanning? : True
Is IST_4 spanning? : True
Is IST_5 spanning? : True
Are all ISTs independent? : True

====TEST CR(700, 100, 200)====
Is IST_0 spanning? : True
Is IST_1 spanning? : True
Is IST_2 spanning? : True
Is IST_3 spanning? : True
Is IST_4 spanning? : True
Is IST_5 spanning? : True
Are all ISTs independent? : True

====TEST CR(701, 100, 200)====
Is IST_0 spanning? : True
Is IST_1 spanning? : True
Is IST_2 spanning? : True
Is IST_3 spanning? : True
Is IST_4 spanning? : True
Is IST_5 spanning? : True
Are all ISTs independent? : True

====TEST CR(702, 100, 200)====
Is IST_0 spanning? : True
Is IST_1 spanning? : True
Is IST_2 spanning? : True
Is IST_3 spanning? : True
Is IST_4 spanning? : True
Is IST_5 spanning? : True
Are all ISTs independent? : True

====TEST CR(703, 100, 200)====
Is IST_0 spanning? : True
Is IST_1 spanning? : True
Is IST_2 spanning? : True
Is IST_3 spanning? : True
Is IST_4 spanning? : True
Is IST_5 spanning? : True
Are all ISTs independent? : True

====TEST CR(704, 100, 200)====
Is IST_0 spanning? : True
Is IST_1 spanning? : True
Is IST_2 spanning? : True
Is IST_3 spanning? : True
Is IST_4 spanning? : True
Is IST_5 spanning? : True
Are all ISTs independent? : True

====TEST CR(705, 100, 200)====
Is IST_0 spanning? : True
Is IST_1 spanning? : True
Is IST_2 spanning? : True
Is IST_3 spanning? : True
Is IST_4 spanning? : True
Is IST_5 spanning? : True
Are all ISTs independent? : True

====TEST CR(706, 100, 200)====
Is IST_0 spanning? : True
Is IST_1 spanning? : True
Is IST_2 spanning? : True
Is IST_3 spanning? : True
Is IST_4 spanning? : True
Is IST_5 spanning? : True
Are all ISTs independent? : True

====TEST CR(707, 100, 200)====
Is IST_0 spanning? : True
Is IST_1 spanning? : True
Is IST_2 spanning? : True
Is IST_3 spanning? : True
Is IST_4 spanning? : True
Is IST_5 spanning? : True
Are all ISTs independent? : True

====TEST CR(708, 100, 200)====
Is IST_0 spanning? : True
Is IST_1 spanning? : True
Is IST_2 spanning? : True
Is IST_3 spanning? : True
Is IST_4 spanning? : True
Is IST_5 spanning? : True
Are all ISTs independent? : True

====TEST CR(709, 100, 200)====
Is IST_0 spanning? : True
Is IST_1 spanning? : True
Is IST_2 spanning? : True
Is IST_3 spanning? : True
Is IST_4 spanning? : True
Is IST_5 spanning? : True
Are all ISTs independent? : True

====TEST CR(710, 100, 200)====
Is IST_0 spanning? : True
Is IST_1 spanning? : True
Is IST_2 spanning? : True
Is IST_3 spanning? : True
Is IST_4 spanning? : True
Is IST_5 spanning? : True
Are all ISTs independent? : True

====TEST CR(711, 100, 200)====
Is IST_0 spanning? : True
Is IST_1 spanning? : True
Is IST_2 spanning? : True
Is IST_3 spanning? : True
Is IST_4 spanning? : True
Is IST_5 spanning? : True
Are all ISTs independent? : True

====TEST CR(712, 100, 200)====
Is IST_0 spanning? : True
Is IST_1 spanning? : True
Is IST_2 spanning? : True
Is IST_3 spanning? : True
Is IST_4 spanning? : True
Is IST_5 spanning? : True
Are all ISTs independent? : True

====TEST CR(713, 100, 200)====
Is IST_0 spanning? : True
Is IST_1 spanning? : True
Is IST_2 spanning? : True
Is IST_3 spanning? : True
Is IST_4 spanning? : True
Is IST_5 spanning? : True
Are all ISTs independent? : True

====TEST CR(714, 100, 200)====
Is IST_0 spanning? : True
Is IST_1 spanning? : True
Is IST_2 spanning? : True
Is IST_3 spanning? : True
Is IST_4 spanning? : True
Is IST_5 spanning? : True
Are all ISTs independent? : True

====TEST CR(715, 100, 200)====
Is IST_0 spanning? : True
Is IST_1 spanning? : True
Is IST_2 spanning? : True
Is IST_3 spanning? : True
Is IST_4 spanning? : True
Is IST_5 spanning? : True
Are all ISTs independent? : True

====TEST CR(716, 100, 200)====
Is IST_0 spanning? : True
Is IST_1 spanning? : True
Is IST_2 spanning? : True
Is IST_3 spanning? : True
Is IST_4 spanning? : True
Is IST_5 spanning? : True
Are all ISTs independent? : True

====TEST CR(717, 100, 200)====
Is IST_0 spanning? : True
Is IST_1 spanning? : True
Is IST_2 spanning? : True
Is IST_3 spanning? : True
Is IST_4 spanning? : True
Is IST_5 spanning? : True
Are all ISTs independent? : True

====TEST CR(718, 100, 200)====
Is IST_0 spanning? : True
Is IST_1 spanning? : True
Is IST_2 spanning? : True
Is IST_3 spanning? : True
Is IST_4 spanning? : True
Is IST_5 spanning? : True
Are all ISTs independent? : True

====TEST CR(719, 100, 200)====
Is IST_0 spanning? : True
Is IST_1 spanning? : True
Is IST_2 spanning? : True
Is IST_3 spanning? : True
Is IST_4 spanning? : True
Is IST_5 spanning? : True
Are all ISTs independent? : True

====TEST CR(720, 100, 200)====
Is IST_0 spanning? : True
Is IST_1 spanning? : True
Is IST_2 spanning? : True
Is IST_3 spanning? : True
Is IST_4 spanning? : True
Is IST_5 spanning? : True
Are all ISTs independent? : True

====TEST CR(721, 100, 200)====
Is IST_0 spanning? : True
Is IST_1 spanning? : True
Is IST_2 spanning? : True
Is IST_3 spanning? : True
Is IST_4 spanning? : True
Is IST_5 spanning? : True
Are all ISTs independent? : True

====TEST CR(722, 100, 200)====
Is IST_0 spanning? : True
Is IST_1 spanning? : True
Is IST_2 spanning? : True
Is IST_3 spanning? : True
Is IST_4 spanning? : True
Is IST_5 spanning? : True
Are all ISTs independent? : True

====TEST CR(723, 100, 200)====
Is IST_0 spanning? : True
Is IST_1 spanning? : True
Is IST_2 spanning? : True
Is IST_3 spanning? : True
Is IST_4 spanning? : True
Is IST_5 spanning? : True
Are all ISTs independent? : True

====TEST CR(724, 100, 200)====
Is IST_0 spanning? : True
Is IST_1 spanning? : True
Is IST_2 spanning? : True
Is IST_3 spanning? : True
Is IST_4 spanning? : True
Is IST_5 spanning? : True
Are all ISTs independent? : True

====TEST CR(725, 100, 200)====
Is IST_0 spanning? : True
Is IST_1 spanning? : True
Is IST_2 spanning? : True
Is IST_3 spanning? : True
Is IST_4 spanning? : True
Is IST_5 spanning? : True
Are all ISTs independent? : True

====TEST CR(726, 100, 200)====
Is IST_0 spanning? : True
Is IST_1 spanning? : True
Is IST_2 spanning? : True
Is IST_3 spanning? : True
Is IST_4 spanning? : True
Is IST_5 spanning? : True
Are all ISTs independent? : True

====TEST CR(727, 100, 200)====
Is IST_0 spanning? : True
Is IST_1 spanning? : True
Is IST_2 spanning? : True
Is IST_3 spanning? : True
Is IST_4 spanning? : True
Is IST_5 spanning? : True
Are all ISTs independent? : True

====TEST CR(728, 100, 200)====
Is IST_0 spanning? : True
Is IST_1 spanning? : True
Is IST_2 spanning? : True
Is IST_3 spanning? : True
Is IST_4 spanning? : True
Is IST_5 spanning? : True
Are all ISTs independent? : True

====TEST CR(606, 101, 202)====
Is IST_0 spanning? : True
Is IST_1 spanning? : True
Is IST_2 spanning? : True
Is IST_3 spanning? : True
Is IST_4 spanning? : True
Is IST_5 spanning? : True
Are all ISTs independent? : True

====TEST CR(607, 101, 202)====
Is IST_0 spanning? : True
Is IST_1 spanning? : True
Is IST_2 spanning? : True
Is IST_3 spanning? : True
Is IST_4 spanning? : True
Is IST_5 spanning? : True
Are all ISTs independent? : True

====TEST CR(608, 101, 202)====
Is IST_0 spanning? : True
Is IST_1 spanning? : True
Is IST_2 spanning? : True
Is IST_3 spanning? : True
Is IST_4 spanning? : True
Is IST_5 spanning? : True
Are all ISTs independent? : True

====TEST CR(609, 101, 202)====
Is IST_0 spanning? : True
Is IST_1 spanning? : True
Is IST_2 spanning? : True
Is IST_3 spanning? : True
Is IST_4 spanning? : True
Is IST_5 spanning? : True
Are all ISTs independent? : True

====TEST CR(610, 101, 202)====
Is IST_0 spanning? : True
Is IST_1 spanning? : True
Is IST_2 spanning? : True
Is IST_3 spanning? : True
Is IST_4 spanning? : True
Is IST_5 spanning? : True
Are all ISTs independent? : True

====TEST CR(611, 101, 202)====
Is IST_0 spanning? : True
Is IST_1 spanning? : True
Is IST_2 spanning? : True
Is IST_3 spanning? : True
Is IST_4 spanning? : True
Is IST_5 spanning? : True
Are all ISTs independent? : True

====TEST CR(612, 101, 202)====
Is IST_0 spanning? : True
Is IST_1 spanning? : True
Is IST_2 spanning? : True
Is IST_3 spanning? : True
Is IST_4 spanning? : True
Is IST_5 spanning? : True
Are all ISTs independent? : True

====TEST CR(613, 101, 202)====
Is IST_0 spanning? : True
Is IST_1 spanning? : True
Is IST_2 spanning? : True
Is IST_3 spanning? : True
Is IST_4 spanning? : True
Is IST_5 spanning? : True
Are all ISTs independent? : True

====TEST CR(614, 101, 202)====
Is IST_0 spanning? : True
Is IST_1 spanning? : True
Is IST_2 spanning? : True
Is IST_3 spanning? : True
Is IST_4 spanning? : True
Is IST_5 spanning? : True
Are all ISTs independent? : True

====TEST CR(615, 101, 202)====
Is IST_0 spanning? : True
Is IST_1 spanning? : True
Is IST_2 spanning? : True
Is IST_3 spanning? : True
Is IST_4 spanning? : True
Is IST_5 spanning? : True
Are all ISTs independent? : True

====TEST CR(616, 101, 202)====
Is IST_0 spanning? : True
Is IST_1 spanning? : True
Is IST_2 spanning? : True
Is IST_3 spanning? : True
Is IST_4 spanning? : True
Is IST_5 spanning? : True
Are all ISTs independent? : True

====TEST CR(617, 101, 202)====
Is IST_0 spanning? : True
Is IST_1 spanning? : True
Is IST_2 spanning? : True
Is IST_3 spanning? : True
Is IST_4 spanning? : True
Is IST_5 spanning? : True
Are all ISTs independent? : True

====TEST CR(618, 101, 202)====
Is IST_0 spanning? : True
Is IST_1 spanning? : True
Is IST_2 spanning? : True
Is IST_3 spanning? : True
Is IST_4 spanning? : True
Is IST_5 spanning? : True
Are all ISTs independent? : True

====TEST CR(619, 101, 202)====
Is IST_0 spanning? : True
Is IST_1 spanning? : True
Is IST_2 spanning? : True
Is IST_3 spanning? : True
Is IST_4 spanning? : True
Is IST_5 spanning? : True
Are all ISTs independent? : True

====TEST CR(620, 101, 202)====
Is IST_0 spanning? : True
Is IST_1 spanning? : True
Is IST_2 spanning? : True
Is IST_3 spanning? : True
Is IST_4 spanning? : True
Is IST_5 spanning? : True
Are all ISTs independent? : True

====TEST CR(621, 101, 202)====
Is IST_0 spanning? : True
Is IST_1 spanning? : True
Is IST_2 spanning? : True
Is IST_3 spanning? : True
Is IST_4 spanning? : True
Is IST_5 spanning? : True
Are all ISTs independent? : True

====TEST CR(622, 101, 202)====
Is IST_0 spanning? : True
Is IST_1 spanning? : True
Is IST_2 spanning? : True
Is IST_3 spanning? : True
Is IST_4 spanning? : True
Is IST_5 spanning? : True
Are all ISTs independent? : True

====TEST CR(623, 101, 202)====
Is IST_0 spanning? : True
Is IST_1 spanning? : True
Is IST_2 spanning? : True
Is IST_3 spanning? : True
Is IST_4 spanning? : True
Is IST_5 spanning? : True
Are all ISTs independent? : True

====TEST CR(624, 101, 202)====
Is IST_0 spanning? : True
Is IST_1 spanning? : True
Is IST_2 spanning? : True
Is IST_3 spanning? : True
Is IST_4 spanning? : True
Is IST_5 spanning? : True
Are all ISTs independent? : True

====TEST CR(625, 101, 202)====
Is IST_0 spanning? : True
Is IST_1 spanning? : True
Is IST_2 spanning? : True
Is IST_3 spanning? : True
Is IST_4 spanning? : True
Is IST_5 spanning? : True
Are all ISTs independent? : True

====TEST CR(626, 101, 202)====
Is IST_0 spanning? : True
Is IST_1 spanning? : True
Is IST_2 spanning? : True
Is IST_3 spanning? : True
Is IST_4 spanning? : True
Is IST_5 spanning? : True
Are all ISTs independent? : True

====TEST CR(627, 101, 202)====
Is IST_0 spanning? : True
Is IST_1 spanning? : True
Is IST_2 spanning? : True
Is IST_3 spanning? : True
Is IST_4 spanning? : True
Is IST_5 spanning? : True
Are all ISTs independent? : True

====TEST CR(628, 101, 202)====
Is IST_0 spanning? : True
Is IST_1 spanning? : True
Is IST_2 spanning? : True
Is IST_3 spanning? : True
Is IST_4 spanning? : True
Is IST_5 spanning? : True
Are all ISTs independent? : True

====TEST CR(629, 101, 202)====
Is IST_0 spanning? : True
Is IST_1 spanning? : True
Is IST_2 spanning? : True
Is IST_3 spanning? : True
Is IST_4 spanning? : True
Is IST_5 spanning? : True
Are all ISTs independent? : True

====TEST CR(630, 101, 202)====
Is IST_0 spanning? : True
Is IST_1 spanning? : True
Is IST_2 spanning? : True
Is IST_3 spanning? : True
Is IST_4 spanning? : True
Is IST_5 spanning? : True
Are all ISTs independent? : True

====TEST CR(631, 101, 202)====
Is IST_0 spanning? : True
Is IST_1 spanning? : True
Is IST_2 spanning? : True
Is IST_3 spanning? : True
Is IST_4 spanning? : True
Is IST_5 spanning? : True
Are all ISTs independent? : True

====TEST CR(632, 101, 202)====
Is IST_0 spanning? : True
Is IST_1 spanning? : True
Is IST_2 spanning? : True
Is IST_3 spanning? : True
Is IST_4 spanning? : True
Is IST_5 spanning? : True
Are all ISTs independent? : True

====TEST CR(633, 101, 202)====
Is IST_0 spanning? : True
Is IST_1 spanning? : True
Is IST_2 spanning? : True
Is IST_3 spanning? : True
Is IST_4 spanning? : True
Is IST_5 spanning? : True
Are all ISTs independent? : True

====TEST CR(634, 101, 202)====
Is IST_0 spanning? : True
Is IST_1 spanning? : True
Is IST_2 spanning? : True
Is IST_3 spanning? : True
Is IST_4 spanning? : True
Is IST_5 spanning? : True
Are all ISTs independent? : True

====TEST CR(635, 101, 202)====
Is IST_0 spanning? : True
Is IST_1 spanning? : True
Is IST_2 spanning? : True
Is IST_3 spanning? : True
Is IST_4 spanning? : True
Is IST_5 spanning? : True
Are all ISTs independent? : True

====TEST CR(636, 101, 202)====
Is IST_0 spanning? : True
Is IST_1 spanning? : True
Is IST_2 spanning? : True
Is IST_3 spanning? : True
Is IST_4 spanning? : True
Is IST_5 spanning? : True
Are all ISTs independent? : True

====TEST CR(637, 101, 202)====
Is IST_0 spanning? : True
Is IST_1 spanning? : True
Is IST_2 spanning? : True
Is IST_3 spanning? : True
Is IST_4 spanning? : True
Is IST_5 spanning? : True
Are all ISTs independent? : True

====TEST CR(638, 101, 202)====
Is IST_0 spanning? : True
Is IST_1 spanning? : True
Is IST_2 spanning? : True
Is IST_3 spanning? : True
Is IST_4 spanning? : True
Is IST_5 spanning? : True
Are all ISTs independent? : True

====TEST CR(639, 101, 202)====
Is IST_0 spanning? : True
Is IST_1 spanning? : True
Is IST_2 spanning? : True
Is IST_3 spanning? : True
Is IST_4 spanning? : True
Is IST_5 spanning? : True
Are all ISTs independent? : True

====TEST CR(640, 101, 202)====
Is IST_0 spanning? : True
Is IST_1 spanning? : True
Is IST_2 spanning? : True
Is IST_3 spanning? : True
Is IST_4 spanning? : True
Is IST_5 spanning? : True
Are all ISTs independent? : True

====TEST CR(641, 101, 202)====
Is IST_0 spanning? : True
Is IST_1 spanning? : True
Is IST_2 spanning? : True
Is IST_3 spanning? : True
Is IST_4 spanning? : True
Is IST_5 spanning? : True
Are all ISTs independent? : True

====TEST CR(642, 101, 202)====
Is IST_0 spanning? : True
Is IST_1 spanning? : True
Is IST_2 spanning? : True
Is IST_3 spanning? : True
Is IST_4 spanning? : True
Is IST_5 spanning? : True
Are all ISTs independent? : True

====TEST CR(643, 101, 202)====
Is IST_0 spanning? : True
Is IST_1 spanning? : True
Is IST_2 spanning? : True
Is IST_3 spanning? : True
Is IST_4 spanning? : True
Is IST_5 spanning? : True
Are all ISTs independent? : True

====TEST CR(644, 101, 202)====
Is IST_0 spanning? : True
Is IST_1 spanning? : True
Is IST_2 spanning? : True
Is IST_3 spanning? : True
Is IST_4 spanning? : True
Is IST_5 spanning? : True
Are all ISTs independent? : True

====TEST CR(645, 101, 202)====
Is IST_0 spanning? : True
Is IST_1 spanning? : True
Is IST_2 spanning? : True
Is IST_3 spanning? : True
Is IST_4 spanning? : True
Is IST_5 spanning? : True
Are all ISTs independent? : True

====TEST CR(646, 101, 202)====
Is IST_0 spanning? : True
Is IST_1 spanning? : True
Is IST_2 spanning? : True
Is IST_3 spanning? : True
Is IST_4 spanning? : True
Is IST_5 spanning? : True
Are all ISTs independent? : True

====TEST CR(647, 101, 202)====
Is IST_0 spanning? : True
Is IST_1 spanning? : True
Is IST_2 spanning? : True
Is IST_3 spanning? : True
Is IST_4 spanning? : True
Is IST_5 spanning? : True
Are all ISTs independent? : True

====TEST CR(648, 101, 202)====
Is IST_0 spanning? : True
Is IST_1 spanning? : True
Is IST_2 spanning? : True
Is IST_3 spanning? : True
Is IST_4 spanning? : True
Is IST_5 spanning? : True
Are all ISTs independent? : True

====TEST CR(649, 101, 202)====
Is IST_0 spanning? : True
Is IST_1 spanning? : True
Is IST_2 spanning? : True
Is IST_3 spanning? : True
Is IST_4 spanning? : True
Is IST_5 spanning? : True
Are all ISTs independent? : True

====TEST CR(650, 101, 202)====
Is IST_0 spanning? : True
Is IST_1 spanning? : True
Is IST_2 spanning? : True
Is IST_3 spanning? : True
Is IST_4 spanning? : True
Is IST_5 spanning? : True
Are all ISTs independent? : True

====TEST CR(651, 101, 202)====
Is IST_0 spanning? : True
Is IST_1 spanning? : True
Is IST_2 spanning? : True
Is IST_3 spanning? : True
Is IST_4 spanning? : True
Is IST_5 spanning? : True
Are all ISTs independent? : True

====TEST CR(652, 101, 202)====
Is IST_0 spanning? : True
Is IST_1 spanning? : True
Is IST_2 spanning? : True
Is IST_3 spanning? : True
Is IST_4 spanning? : True
Is IST_5 spanning? : True
Are all ISTs independent? : True

====TEST CR(653, 101, 202)====
Is IST_0 spanning? : True
Is IST_1 spanning? : True
Is IST_2 spanning? : True
Is IST_3 spanning? : True
Is IST_4 spanning? : True
Is IST_5 spanning? : True
Are all ISTs independent? : True

====TEST CR(654, 101, 202)====
Is IST_0 spanning? : True
Is IST_1 spanning? : True
Is IST_2 spanning? : True
Is IST_3 spanning? : True
Is IST_4 spanning? : True
Is IST_5 spanning? : True
Are all ISTs independent? : True

====TEST CR(655, 101, 202)====
Is IST_0 spanning? : True
Is IST_1 spanning? : True
Is IST_2 spanning? : True
Is IST_3 spanning? : True
Is IST_4 spanning? : True
Is IST_5 spanning? : True
Are all ISTs independent? : True

====TEST CR(656, 101, 202)====
Is IST_0 spanning? : True
Is IST_1 spanning? : True
Is IST_2 spanning? : True
Is IST_3 spanning? : True
Is IST_4 spanning? : True
Is IST_5 spanning? : True
Are all ISTs independent? : True

====TEST CR(657, 101, 202)====
Is IST_0 spanning? : True
Is IST_1 spanning? : True
Is IST_2 spanning? : True
Is IST_3 spanning? : True
Is IST_4 spanning? : True
Is IST_5 spanning? : True
Are all ISTs independent? : True

====TEST CR(658, 101, 202)====
Is IST_0 spanning? : True
Is IST_1 spanning? : True
Is IST_2 spanning? : True
Is IST_3 spanning? : True
Is IST_4 spanning? : True
Is IST_5 spanning? : True
Are all ISTs independent? : True

====TEST CR(659, 101, 202)====
Is IST_0 spanning? : True
Is IST_1 spanning? : True
Is IST_2 spanning? : True
Is IST_3 spanning? : True
Is IST_4 spanning? : True
Is IST_5 spanning? : True
Are all ISTs independent? : True

====TEST CR(660, 101, 202)====
Is IST_0 spanning? : True
Is IST_1 spanning? : True
Is IST_2 spanning? : True
Is IST_3 spanning? : True
Is IST_4 spanning? : True
Is IST_5 spanning? : True
Are all ISTs independent? : True

====TEST CR(661, 101, 202)====
Is IST_0 spanning? : True
Is IST_1 spanning? : True
Is IST_2 spanning? : True
Is IST_3 spanning? : True
Is IST_4 spanning? : True
Is IST_5 spanning? : True
Are all ISTs independent? : True

====TEST CR(662, 101, 202)====
Is IST_0 spanning? : True
Is IST_1 spanning? : True
Is IST_2 spanning? : True
Is IST_3 spanning? : True
Is IST_4 spanning? : True
Is IST_5 spanning? : True
Are all ISTs independent? : True

====TEST CR(663, 101, 202)====
Is IST_0 spanning? : True
Is IST_1 spanning? : True
Is IST_2 spanning? : True
Is IST_3 spanning? : True
Is IST_4 spanning? : True
Is IST_5 spanning? : True
Are all ISTs independent? : True

====TEST CR(664, 101, 202)====
Is IST_0 spanning? : True
Is IST_1 spanning? : True
Is IST_2 spanning? : True
Is IST_3 spanning? : True
Is IST_4 spanning? : True
Is IST_5 spanning? : True
Are all ISTs independent? : True

====TEST CR(665, 101, 202)====
Is IST_0 spanning? : True
Is IST_1 spanning? : True
Is IST_2 spanning? : True
Is IST_3 spanning? : True
Is IST_4 spanning? : True
Is IST_5 spanning? : True
Are all ISTs independent? : True

====TEST CR(666, 101, 202)====
Is IST_0 spanning? : True
Is IST_1 spanning? : True
Is IST_2 spanning? : True
Is IST_3 spanning? : True
Is IST_4 spanning? : True
Is IST_5 spanning? : True
Are all ISTs independent? : True

====TEST CR(667, 101, 202)====
Is IST_0 spanning? : True
Is IST_1 spanning? : True
Is IST_2 spanning? : True
Is IST_3 spanning? : True
Is IST_4 spanning? : True
Is IST_5 spanning? : True
Are all ISTs independent? : True

====TEST CR(668, 101, 202)====
Is IST_0 spanning? : True
Is IST_1 spanning? : True
Is IST_2 spanning? : True
Is IST_3 spanning? : True
Is IST_4 spanning? : True
Is IST_5 spanning? : True
Are all ISTs independent? : True

====TEST CR(669, 101, 202)====
Is IST_0 spanning? : True
Is IST_1 spanning? : True
Is IST_2 spanning? : True
Is IST_3 spanning? : True
Is IST_4 spanning? : True
Is IST_5 spanning? : True
Are all ISTs independent? : True

====TEST CR(670, 101, 202)====
Is IST_0 spanning? : True
Is IST_1 spanning? : True
Is IST_2 spanning? : True
Is IST_3 spanning? : True
Is IST_4 spanning? : True
Is IST_5 spanning? : True
Are all ISTs independent? : True

====TEST CR(671, 101, 202)====
Is IST_0 spanning? : True
Is IST_1 spanning? : True
Is IST_2 spanning? : True
Is IST_3 spanning? : True
Is IST_4 spanning? : True
Is IST_5 spanning? : True
Are all ISTs independent? : True

====TEST CR(672, 101, 202)====
Is IST_0 spanning? : True
Is IST_1 spanning? : True
Is IST_2 spanning? : True
Is IST_3 spanning? : True
Is IST_4 spanning? : True
Is IST_5 spanning? : True
Are all ISTs independent? : True

====TEST CR(673, 101, 202)====
Is IST_0 spanning? : True
Is IST_1 spanning? : True
Is IST_2 spanning? : True
Is IST_3 spanning? : True
Is IST_4 spanning? : True
Is IST_5 spanning? : True
Are all ISTs independent? : True

====TEST CR(674, 101, 202)====
Is IST_0 spanning? : True
Is IST_1 spanning? : True
Is IST_2 spanning? : True
Is IST_3 spanning? : True
Is IST_4 spanning? : True
Is IST_5 spanning? : True
Are all ISTs independent? : True

====TEST CR(675, 101, 202)====
Is IST_0 spanning? : True
Is IST_1 spanning? : True
Is IST_2 spanning? : True
Is IST_3 spanning? : True
Is IST_4 spanning? : True
Is IST_5 spanning? : True
Are all ISTs independent? : True

====TEST CR(676, 101, 202)====
Is IST_0 spanning? : True
Is IST_1 spanning? : True
Is IST_2 spanning? : True
Is IST_3 spanning? : True
Is IST_4 spanning? : True
Is IST_5 spanning? : True
Are all ISTs independent? : True

====TEST CR(677, 101, 202)====
Is IST_0 spanning? : True
Is IST_1 spanning? : True
Is IST_2 spanning? : True
Is IST_3 spanning? : True
Is IST_4 spanning? : True
Is IST_5 spanning? : True
Are all ISTs independent? : True

====TEST CR(678, 101, 202)====
Is IST_0 spanning? : True
Is IST_1 spanning? : True
Is IST_2 spanning? : True
Is IST_3 spanning? : True
Is IST_4 spanning? : True
Is IST_5 spanning? : True
Are all ISTs independent? : True

====TEST CR(679, 101, 202)====
Is IST_0 spanning? : True
Is IST_1 spanning? : True
Is IST_2 spanning? : True
Is IST_3 spanning? : True
Is IST_4 spanning? : True
Is IST_5 spanning? : True
Are all ISTs independent? : True

====TEST CR(680, 101, 202)====
Is IST_0 spanning? : True
Is IST_1 spanning? : True
Is IST_2 spanning? : True
Is IST_3 spanning? : True
Is IST_4 spanning? : True
Is IST_5 spanning? : True
Are all ISTs independent? : True

====TEST CR(681, 101, 202)====
Is IST_0 spanning? : True
Is IST_1 spanning? : True
Is IST_2 spanning? : True
Is IST_3 spanning? : True
Is IST_4 spanning? : True
Is IST_5 spanning? : True
Are all ISTs independent? : True

====TEST CR(682, 101, 202)====
Is IST_0 spanning? : True
Is IST_1 spanning? : True
Is IST_2 spanning? : True
Is IST_3 spanning? : True
Is IST_4 spanning? : True
Is IST_5 spanning? : True
Are all ISTs independent? : True

====TEST CR(683, 101, 202)====
Is IST_0 spanning? : True
Is IST_1 spanning? : True
Is IST_2 spanning? : True
Is IST_3 spanning? : True
Is IST_4 spanning? : True
Is IST_5 spanning? : True
Are all ISTs independent? : True

====TEST CR(684, 101, 202)====
Is IST_0 spanning? : True
Is IST_1 spanning? : True
Is IST_2 spanning? : True
Is IST_3 spanning? : True
Is IST_4 spanning? : True
Is IST_5 spanning? : True
Are all ISTs independent? : True

====TEST CR(685, 101, 202)====
Is IST_0 spanning? : True
Is IST_1 spanning? : True
Is IST_2 spanning? : True
Is IST_3 spanning? : True
Is IST_4 spanning? : True
Is IST_5 spanning? : True
Are all ISTs independent? : True

====TEST CR(686, 101, 202)====
Is IST_0 spanning? : True
Is IST_1 spanning? : True
Is IST_2 spanning? : True
Is IST_3 spanning? : True
Is IST_4 spanning? : True
Is IST_5 spanning? : True
Are all ISTs independent? : True

====TEST CR(687, 101, 202)====
Is IST_0 spanning? : True
Is IST_1 spanning? : True
Is IST_2 spanning? : True
Is IST_3 spanning? : True
Is IST_4 spanning? : True
Is IST_5 spanning? : True
Are all ISTs independent? : True

====TEST CR(688, 101, 202)====
Is IST_0 spanning? : True
Is IST_1 spanning? : True
Is IST_2 spanning? : True
Is IST_3 spanning? : True
Is IST_4 spanning? : True
Is IST_5 spanning? : True
Are all ISTs independent? : True

====TEST CR(689, 101, 202)====
Is IST_0 spanning? : True
Is IST_1 spanning? : True
Is IST_2 spanning? : True
Is IST_3 spanning? : True
Is IST_4 spanning? : True
Is IST_5 spanning? : True
Are all ISTs independent? : True

====TEST CR(690, 101, 202)====
Is IST_0 spanning? : True
Is IST_1 spanning? : True
Is IST_2 spanning? : True
Is IST_3 spanning? : True
Is IST_4 spanning? : True
Is IST_5 spanning? : True
Are all ISTs independent? : True

====TEST CR(691, 101, 202)====
Is IST_0 spanning? : True
Is IST_1 spanning? : True
Is IST_2 spanning? : True
Is IST_3 spanning? : True
Is IST_4 spanning? : True
Is IST_5 spanning? : True
Are all ISTs independent? : True

====TEST CR(692, 101, 202)====
Is IST_0 spanning? : True
Is IST_1 spanning? : True
Is IST_2 spanning? : True
Is IST_3 spanning? : True
Is IST_4 spanning? : True
Is IST_5 spanning? : True
Are all ISTs independent? : True

====TEST CR(693, 101, 202)====
Is IST_0 spanning? : True
Is IST_1 spanning? : True
Is IST_2 spanning? : True
Is IST_3 spanning? : True
Is IST_4 spanning? : True
Is IST_5 spanning? : True
Are all ISTs independent? : True

====TEST CR(694, 101, 202)====
Is IST_0 spanning? : True
Is IST_1 spanning? : True
Is IST_2 spanning? : True
Is IST_3 spanning? : True
Is IST_4 spanning? : True
Is IST_5 spanning? : True
Are all ISTs independent? : True

====TEST CR(695, 101, 202)====
Is IST_0 spanning? : True
Is IST_1 spanning? : True
Is IST_2 spanning? : True
Is IST_3 spanning? : True
Is IST_4 spanning? : True
Is IST_5 spanning? : True
Are all ISTs independent? : True

====TEST CR(696, 101, 202)====
Is IST_0 spanning? : True
Is IST_1 spanning? : True
Is IST_2 spanning? : True
Is IST_3 spanning? : True
Is IST_4 spanning? : True
Is IST_5 spanning? : True
Are all ISTs independent? : True

====TEST CR(697, 101, 202)====
Is IST_0 spanning? : True
Is IST_1 spanning? : True
Is IST_2 spanning? : True
Is IST_3 spanning? : True
Is IST_4 spanning? : True
Is IST_5 spanning? : True
Are all ISTs independent? : True

====TEST CR(698, 101, 202)====
Is IST_0 spanning? : True
Is IST_1 spanning? : True
Is IST_2 spanning? : True
Is IST_3 spanning? : True
Is IST_4 spanning? : True
Is IST_5 spanning? : True
Are all ISTs independent? : True

====TEST CR(699, 101, 202)====
Is IST_0 spanning? : True
Is IST_1 spanning? : True
Is IST_2 spanning? : True
Is IST_3 spanning? : True
Is IST_4 spanning? : True
Is IST_5 spanning? : True
Are all ISTs independent? : True

====TEST CR(700, 101, 202)====
Is IST_0 spanning? : True
Is IST_1 spanning? : True
Is IST_2 spanning? : True
Is IST_3 spanning? : True
Is IST_4 spanning? : True
Is IST_5 spanning? : True
Are all ISTs independent? : True

====TEST CR(701, 101, 202)====
Is IST_0 spanning? : True
Is IST_1 spanning? : True
Is IST_2 spanning? : True
Is IST_3 spanning? : True
Is IST_4 spanning? : True
Is IST_5 spanning? : True
Are all ISTs independent? : True

====TEST CR(702, 101, 202)====
Is IST_0 spanning? : True
Is IST_1 spanning? : True
Is IST_2 spanning? : True
Is IST_3 spanning? : True
Is IST_4 spanning? : True
Is IST_5 spanning? : True
Are all ISTs independent? : True

====TEST CR(703, 101, 202)====
Is IST_0 spanning? : True
Is IST_1 spanning? : True
Is IST_2 spanning? : True
Is IST_3 spanning? : True
Is IST_4 spanning? : True
Is IST_5 spanning? : True
Are all ISTs independent? : True

====TEST CR(704, 101, 202)====
Is IST_0 spanning? : True
Is IST_1 spanning? : True
Is IST_2 spanning? : True
Is IST_3 spanning? : True
Is IST_4 spanning? : True
Is IST_5 spanning? : True
Are all ISTs independent? : True

====TEST CR(705, 101, 202)====
Is IST_0 spanning? : True
Is IST_1 spanning? : True
Is IST_2 spanning? : True
Is IST_3 spanning? : True
Is IST_4 spanning? : True
Is IST_5 spanning? : True
Are all ISTs independent? : True

====TEST CR(706, 101, 202)====
Is IST_0 spanning? : True
Is IST_1 spanning? : True
Is IST_2 spanning? : True
Is IST_3 spanning? : True
Is IST_4 spanning? : True
Is IST_5 spanning? : True
Are all ISTs independent? : True

====TEST CR(707, 101, 202)====
Is IST_0 spanning? : True
Is IST_1 spanning? : True
Is IST_2 spanning? : True
Is IST_3 spanning? : True
Is IST_4 spanning? : True
Is IST_5 spanning? : True
Are all ISTs independent? : True

====TEST CR(708, 101, 202)====
Is IST_0 spanning? : True
Is IST_1 spanning? : True
Is IST_2 spanning? : True
Is IST_3 spanning? : True
Is IST_4 spanning? : True
Is IST_5 spanning? : True
Are all ISTs independent? : True

====TEST CR(709, 101, 202)====
Is IST_0 spanning? : True
Is IST_1 spanning? : True
Is IST_2 spanning? : True
Is IST_3 spanning? : True
Is IST_4 spanning? : True
Is IST_5 spanning? : True
Are all ISTs independent? : True

====TEST CR(710, 101, 202)====
Is IST_0 spanning? : True
Is IST_1 spanning? : True
Is IST_2 spanning? : True
Is IST_3 spanning? : True
Is IST_4 spanning? : True
Is IST_5 spanning? : True
Are all ISTs independent? : True

====TEST CR(711, 101, 202)====
Is IST_0 spanning? : True
Is IST_1 spanning? : True
Is IST_2 spanning? : True
Is IST_3 spanning? : True
Is IST_4 spanning? : True
Is IST_5 spanning? : True
Are all ISTs independent? : True

====TEST CR(712, 101, 202)====
Is IST_0 spanning? : True
Is IST_1 spanning? : True
Is IST_2 spanning? : True
Is IST_3 spanning? : True
Is IST_4 spanning? : True
Is IST_5 spanning? : True
Are all ISTs independent? : True

====TEST CR(713, 101, 202)====
Is IST_0 spanning? : True
Is IST_1 spanning? : True
Is IST_2 spanning? : True
Is IST_3 spanning? : True
Is IST_4 spanning? : True
Is IST_5 spanning? : True
Are all ISTs independent? : True

====TEST CR(714, 101, 202)====
Is IST_0 spanning? : True
Is IST_1 spanning? : True
Is IST_2 spanning? : True
Is IST_3 spanning? : True
Is IST_4 spanning? : True
Is IST_5 spanning? : True
Are all ISTs independent? : True

====TEST CR(715, 101, 202)====
Is IST_0 spanning? : True
Is IST_1 spanning? : True
Is IST_2 spanning? : True
Is IST_3 spanning? : True
Is IST_4 spanning? : True
Is IST_5 spanning? : True
Are all ISTs independent? : True

====TEST CR(716, 101, 202)====
Is IST_0 spanning? : True
Is IST_1 spanning? : True
Is IST_2 spanning? : True
Is IST_3 spanning? : True
Is IST_4 spanning? : True
Is IST_5 spanning? : True
Are all ISTs independent? : True

====TEST CR(717, 101, 202)====
Is IST_0 spanning? : True
Is IST_1 spanning? : True
Is IST_2 spanning? : True
Is IST_3 spanning? : True
Is IST_4 spanning? : True
Is IST_5 spanning? : True
Are all ISTs independent? : True

====TEST CR(718, 101, 202)====
Is IST_0 spanning? : True
Is IST_1 spanning? : True
Is IST_2 spanning? : True
Is IST_3 spanning? : True
Is IST_4 spanning? : True
Is IST_5 spanning? : True
Are all ISTs independent? : True

====TEST CR(719, 101, 202)====
Is IST_0 spanning? : True
Is IST_1 spanning? : True
Is IST_2 spanning? : True
Is IST_3 spanning? : True
Is IST_4 spanning? : True
Is IST_5 spanning? : True
Are all ISTs independent? : True

====TEST CR(720, 101, 202)====
Is IST_0 spanning? : True
Is IST_1 spanning? : True
Is IST_2 spanning? : True
Is IST_3 spanning? : True
Is IST_4 spanning? : True
Is IST_5 spanning? : True
Are all ISTs independent? : True

====TEST CR(721, 101, 202)====
Is IST_0 spanning? : True
Is IST_1 spanning? : True
Is IST_2 spanning? : True
Is IST_3 spanning? : True
Is IST_4 spanning? : True
Is IST_5 spanning? : True
Are all ISTs independent? : True

====TEST CR(722, 101, 202)====
Is IST_0 spanning? : True
Is IST_1 spanning? : True
Is IST_2 spanning? : True
Is IST_3 spanning? : True
Is IST_4 spanning? : True
Is IST_5 spanning? : True
Are all ISTs independent? : True

====TEST CR(723, 101, 202)====
Is IST_0 spanning? : True
Is IST_1 spanning? : True
Is IST_2 spanning? : True
Is IST_3 spanning? : True
Is IST_4 spanning? : True
Is IST_5 spanning? : True
Are all ISTs independent? : True

====TEST CR(724, 101, 202)====
Is IST_0 spanning? : True
Is IST_1 spanning? : True
Is IST_2 spanning? : True
Is IST_3 spanning? : True
Is IST_4 spanning? : True
Is IST_5 spanning? : True
Are all ISTs independent? : True

====TEST CR(725, 101, 202)====
Is IST_0 spanning? : True
Is IST_1 spanning? : True
Is IST_2 spanning? : True
Is IST_3 spanning? : True
Is IST_4 spanning? : True
Is IST_5 spanning? : True
Are all ISTs independent? : True

====TEST CR(726, 101, 202)====
Is IST_0 spanning? : True
Is IST_1 spanning? : True
Is IST_2 spanning? : True
Is IST_3 spanning? : True
Is IST_4 spanning? : True
Is IST_5 spanning? : True
Are all ISTs independent? : True

====TEST CR(727, 101, 202)====
Is IST_0 spanning? : True
Is IST_1 spanning? : True
Is IST_2 spanning? : True
Is IST_3 spanning? : True
Is IST_4 spanning? : True
Is IST_5 spanning? : True
Are all ISTs independent? : True

====TEST CR(728, 101, 202)====
Is IST_0 spanning? : True
Is IST_1 spanning? : True
Is IST_2 spanning? : True
Is IST_3 spanning? : True
Is IST_4 spanning? : True
Is IST_5 spanning? : True
Are all ISTs independent? : True

====TEST CR(729, 101, 202)====
Is IST_0 spanning? : True
Is IST_1 spanning? : True
Is IST_2 spanning? : True
Is IST_3 spanning? : True
Is IST_4 spanning? : True
Is IST_5 spanning? : True
Are all ISTs independent? : True

====TEST CR(730, 101, 202)====
Is IST_0 spanning? : True
Is IST_1 spanning? : True
Is IST_2 spanning? : True
Is IST_3 spanning? : True
Is IST_4 spanning? : True
Is IST_5 spanning? : True
Are all ISTs independent? : True

====TEST CR(731, 101, 202)====
Is IST_0 spanning? : True
Is IST_1 spanning? : True
Is IST_2 spanning? : True
Is IST_3 spanning? : True
Is IST_4 spanning? : True
Is IST_5 spanning? : True
Are all ISTs independent? : True

====TEST CR(732, 101, 202)====
Is IST_0 spanning? : True
Is IST_1 spanning? : True
Is IST_2 spanning? : True
Is IST_3 spanning? : True
Is IST_4 spanning? : True
Is IST_5 spanning? : True
Are all ISTs independent? : True

====TEST CR(733, 101, 202)====
Is IST_0 spanning? : True
Is IST_1 spanning? : True
Is IST_2 spanning? : True
Is IST_3 spanning? : True
Is IST_4 spanning? : True
Is IST_5 spanning? : True
Are all ISTs independent? : True

====TEST CR(734, 101, 202)====
Is IST_0 spanning? : True
Is IST_1 spanning? : True
Is IST_2 spanning? : True
Is IST_3 spanning? : True
Is IST_4 spanning? : True
Is IST_5 spanning? : True
Are all ISTs independent? : True

====TEST CR(612, 102, 204)====
Is IST_0 spanning? : True
Is IST_1 spanning? : True
Is IST_2 spanning? : True
Is IST_3 spanning? : True
Is IST_4 spanning? : True
Is IST_5 spanning? : True
Are all ISTs independent? : True

====TEST CR(613, 102, 204)====
Is IST_0 spanning? : True
Is IST_1 spanning? : True
Is IST_2 spanning? : True
Is IST_3 spanning? : True
Is IST_4 spanning? : True
Is IST_5 spanning? : True
Are all ISTs independent? : True

====TEST CR(614, 102, 204)====
Is IST_0 spanning? : True
Is IST_1 spanning? : True
Is IST_2 spanning? : True
Is IST_3 spanning? : True
Is IST_4 spanning? : True
Is IST_5 spanning? : True
Are all ISTs independent? : True

====TEST CR(615, 102, 204)====
Is IST_0 spanning? : True
Is IST_1 spanning? : True
Is IST_2 spanning? : True
Is IST_3 spanning? : True
Is IST_4 spanning? : True
Is IST_5 spanning? : True
Are all ISTs independent? : True

====TEST CR(616, 102, 204)====
Is IST_0 spanning? : True
Is IST_1 spanning? : True
Is IST_2 spanning? : True
Is IST_3 spanning? : True
Is IST_4 spanning? : True
Is IST_5 spanning? : True
Are all ISTs independent? : True

====TEST CR(617, 102, 204)====
Is IST_0 spanning? : True
Is IST_1 spanning? : True
Is IST_2 spanning? : True
Is IST_3 spanning? : True
Is IST_4 spanning? : True
Is IST_5 spanning? : True
Are all ISTs independent? : True

====TEST CR(618, 102, 204)====
Is IST_0 spanning? : True
Is IST_1 spanning? : True
Is IST_2 spanning? : True
Is IST_3 spanning? : True
Is IST_4 spanning? : True
Is IST_5 spanning? : True
Are all ISTs independent? : True

====TEST CR(619, 102, 204)====
Is IST_0 spanning? : True
Is IST_1 spanning? : True
Is IST_2 spanning? : True
Is IST_3 spanning? : True
Is IST_4 spanning? : True
Is IST_5 spanning? : True
Are all ISTs independent? : True

====TEST CR(620, 102, 204)====
Is IST_0 spanning? : True
Is IST_1 spanning? : True
Is IST_2 spanning? : True
Is IST_3 spanning? : True
Is IST_4 spanning? : True
Is IST_5 spanning? : True
Are all ISTs independent? : True

====TEST CR(621, 102, 204)====
Is IST_0 spanning? : True
Is IST_1 spanning? : True
Is IST_2 spanning? : True
Is IST_3 spanning? : True
Is IST_4 spanning? : True
Is IST_5 spanning? : True
Are all ISTs independent? : True

====TEST CR(622, 102, 204)====
Is IST_0 spanning? : True
Is IST_1 spanning? : True
Is IST_2 spanning? : True
Is IST_3 spanning? : True
Is IST_4 spanning? : True
Is IST_5 spanning? : True
Are all ISTs independent? : True

====TEST CR(623, 102, 204)====
Is IST_0 spanning? : True
Is IST_1 spanning? : True
Is IST_2 spanning? : True
Is IST_3 spanning? : True
Is IST_4 spanning? : True
Is IST_5 spanning? : True
Are all ISTs independent? : True

====TEST CR(624, 102, 204)====
Is IST_0 spanning? : True
Is IST_1 spanning? : True
Is IST_2 spanning? : True
Is IST_3 spanning? : True
Is IST_4 spanning? : True
Is IST_5 spanning? : True
Are all ISTs independent? : True

====TEST CR(625, 102, 204)====
Is IST_0 spanning? : True
Is IST_1 spanning? : True
Is IST_2 spanning? : True
Is IST_3 spanning? : True
Is IST_4 spanning? : True
Is IST_5 spanning? : True
Are all ISTs independent? : True

====TEST CR(626, 102, 204)====
Is IST_0 spanning? : True
Is IST_1 spanning? : True
Is IST_2 spanning? : True
Is IST_3 spanning? : True
Is IST_4 spanning? : True
Is IST_5 spanning? : True
Are all ISTs independent? : True

====TEST CR(627, 102, 204)====
Is IST_0 spanning? : True
Is IST_1 spanning? : True
Is IST_2 spanning? : True
Is IST_3 spanning? : True
Is IST_4 spanning? : True
Is IST_5 spanning? : True
Are all ISTs independent? : True

====TEST CR(628, 102, 204)====
Is IST_0 spanning? : True
Is IST_1 spanning? : True
Is IST_2 spanning? : True
Is IST_3 spanning? : True
Is IST_4 spanning? : True
Is IST_5 spanning? : True
Are all ISTs independent? : True

====TEST CR(629, 102, 204)====
Is IST_0 spanning? : True
Is IST_1 spanning? : True
Is IST_2 spanning? : True
Is IST_3 spanning? : True
Is IST_4 spanning? : True
Is IST_5 spanning? : True
Are all ISTs independent? : True

====TEST CR(630, 102, 204)====
Is IST_0 spanning? : True
Is IST_1 spanning? : True
Is IST_2 spanning? : True
Is IST_3 spanning? : True
Is IST_4 spanning? : True
Is IST_5 spanning? : True
Are all ISTs independent? : True

====TEST CR(631, 102, 204)====
Is IST_0 spanning? : True
Is IST_1 spanning? : True
Is IST_2 spanning? : True
Is IST_3 spanning? : True
Is IST_4 spanning? : True
Is IST_5 spanning? : True
Are all ISTs independent? : True

====TEST CR(632, 102, 204)====
Is IST_0 spanning? : True
Is IST_1 spanning? : True
Is IST_2 spanning? : True
Is IST_3 spanning? : True
Is IST_4 spanning? : True
Is IST_5 spanning? : True
Are all ISTs independent? : True

====TEST CR(633, 102, 204)====
Is IST_0 spanning? : True
Is IST_1 spanning? : True
Is IST_2 spanning? : True
Is IST_3 spanning? : True
Is IST_4 spanning? : True
Is IST_5 spanning? : True
Are all ISTs independent? : True

====TEST CR(634, 102, 204)====
Is IST_0 spanning? : True
Is IST_1 spanning? : True
Is IST_2 spanning? : True
Is IST_3 spanning? : True
Is IST_4 spanning? : True
Is IST_5 spanning? : True
Are all ISTs independent? : True

====TEST CR(635, 102, 204)====
Is IST_0 spanning? : True
Is IST_1 spanning? : True
Is IST_2 spanning? : True
Is IST_3 spanning? : True
Is IST_4 spanning? : True
Is IST_5 spanning? : True
Are all ISTs independent? : True

====TEST CR(636, 102, 204)====
Is IST_0 spanning? : True
Is IST_1 spanning? : True
Is IST_2 spanning? : True
Is IST_3 spanning? : True
Is IST_4 spanning? : True
Is IST_5 spanning? : True
Are all ISTs independent? : True

====TEST CR(637, 102, 204)====
Is IST_0 spanning? : True
Is IST_1 spanning? : True
Is IST_2 spanning? : True
Is IST_3 spanning? : True
Is IST_4 spanning? : True
Is IST_5 spanning? : True
Are all ISTs independent? : True

====TEST CR(638, 102, 204)====
Is IST_0 spanning? : True
Is IST_1 spanning? : True
Is IST_2 spanning? : True
Is IST_3 spanning? : True
Is IST_4 spanning? : True
Is IST_5 spanning? : True
Are all ISTs independent? : True

====TEST CR(639, 102, 204)====
Is IST_0 spanning? : True
Is IST_1 spanning? : True
Is IST_2 spanning? : True
Is IST_3 spanning? : True
Is IST_4 spanning? : True
Is IST_5 spanning? : True
Are all ISTs independent? : True

====TEST CR(640, 102, 204)====
Is IST_0 spanning? : True
Is IST_1 spanning? : True
Is IST_2 spanning? : True
Is IST_3 spanning? : True
Is IST_4 spanning? : True
Is IST_5 spanning? : True
Are all ISTs independent? : True

====TEST CR(641, 102, 204)====
Is IST_0 spanning? : True
Is IST_1 spanning? : True
Is IST_2 spanning? : True
Is IST_3 spanning? : True
Is IST_4 spanning? : True
Is IST_5 spanning? : True
Are all ISTs independent? : True

====TEST CR(642, 102, 204)====
Is IST_0 spanning? : True
Is IST_1 spanning? : True
Is IST_2 spanning? : True
Is IST_3 spanning? : True
Is IST_4 spanning? : True
Is IST_5 spanning? : True
Are all ISTs independent? : True

====TEST CR(643, 102, 204)====
Is IST_0 spanning? : True
Is IST_1 spanning? : True
Is IST_2 spanning? : True
Is IST_3 spanning? : True
Is IST_4 spanning? : True
Is IST_5 spanning? : True
Are all ISTs independent? : True

====TEST CR(644, 102, 204)====
Is IST_0 spanning? : True
Is IST_1 spanning? : True
Is IST_2 spanning? : True
Is IST_3 spanning? : True
Is IST_4 spanning? : True
Is IST_5 spanning? : True
Are all ISTs independent? : True

====TEST CR(645, 102, 204)====
Is IST_0 spanning? : True
Is IST_1 spanning? : True
Is IST_2 spanning? : True
Is IST_3 spanning? : True
Is IST_4 spanning? : True
Is IST_5 spanning? : True
Are all ISTs independent? : True

====TEST CR(646, 102, 204)====
Is IST_0 spanning? : True
Is IST_1 spanning? : True
Is IST_2 spanning? : True
Is IST_3 spanning? : True
Is IST_4 spanning? : True
Is IST_5 spanning? : True
Are all ISTs independent? : True

====TEST CR(647, 102, 204)====
Is IST_0 spanning? : True
Is IST_1 spanning? : True
Is IST_2 spanning? : True
Is IST_3 spanning? : True
Is IST_4 spanning? : True
Is IST_5 spanning? : True
Are all ISTs independent? : True

====TEST CR(648, 102, 204)====
Is IST_0 spanning? : True
Is IST_1 spanning? : True
Is IST_2 spanning? : True
Is IST_3 spanning? : True
Is IST_4 spanning? : True
Is IST_5 spanning? : True
Are all ISTs independent? : True

====TEST CR(649, 102, 204)====
Is IST_0 spanning? : True
Is IST_1 spanning? : True
Is IST_2 spanning? : True
Is IST_3 spanning? : True
Is IST_4 spanning? : True
Is IST_5 spanning? : True
Are all ISTs independent? : True

====TEST CR(650, 102, 204)====
Is IST_0 spanning? : True
Is IST_1 spanning? : True
Is IST_2 spanning? : True
Is IST_3 spanning? : True
Is IST_4 spanning? : True
Is IST_5 spanning? : True
Are all ISTs independent? : True

====TEST CR(651, 102, 204)====
Is IST_0 spanning? : True
Is IST_1 spanning? : True
Is IST_2 spanning? : True
Is IST_3 spanning? : True
Is IST_4 spanning? : True
Is IST_5 spanning? : True
Are all ISTs independent? : True

====TEST CR(652, 102, 204)====
Is IST_0 spanning? : True
Is IST_1 spanning? : True
Is IST_2 spanning? : True
Is IST_3 spanning? : True
Is IST_4 spanning? : True
Is IST_5 spanning? : True
Are all ISTs independent? : True

====TEST CR(653, 102, 204)====
Is IST_0 spanning? : True
Is IST_1 spanning? : True
Is IST_2 spanning? : True
Is IST_3 spanning? : True
Is IST_4 spanning? : True
Is IST_5 spanning? : True
Are all ISTs independent? : True

====TEST CR(654, 102, 204)====
Is IST_0 spanning? : True
Is IST_1 spanning? : True
Is IST_2 spanning? : True
Is IST_3 spanning? : True
Is IST_4 spanning? : True
Is IST_5 spanning? : True
Are all ISTs independent? : True

====TEST CR(655, 102, 204)====
Is IST_0 spanning? : True
Is IST_1 spanning? : True
Is IST_2 spanning? : True
Is IST_3 spanning? : True
Is IST_4 spanning? : True
Is IST_5 spanning? : True
Are all ISTs independent? : True

====TEST CR(656, 102, 204)====
Is IST_0 spanning? : True
Is IST_1 spanning? : True
Is IST_2 spanning? : True
Is IST_3 spanning? : True
Is IST_4 spanning? : True
Is IST_5 spanning? : True
Are all ISTs independent? : True

====TEST CR(657, 102, 204)====
Is IST_0 spanning? : True
Is IST_1 spanning? : True
Is IST_2 spanning? : True
Is IST_3 spanning? : True
Is IST_4 spanning? : True
Is IST_5 spanning? : True
Are all ISTs independent? : True

====TEST CR(658, 102, 204)====
Is IST_0 spanning? : True
Is IST_1 spanning? : True
Is IST_2 spanning? : True
Is IST_3 spanning? : True
Is IST_4 spanning? : True
Is IST_5 spanning? : True
Are all ISTs independent? : True

====TEST CR(659, 102, 204)====
Is IST_0 spanning? : True
Is IST_1 spanning? : True
Is IST_2 spanning? : True
Is IST_3 spanning? : True
Is IST_4 spanning? : True
Is IST_5 spanning? : True
Are all ISTs independent? : True

====TEST CR(660, 102, 204)====
Is IST_0 spanning? : True
Is IST_1 spanning? : True
Is IST_2 spanning? : True
Is IST_3 spanning? : True
Is IST_4 spanning? : True
Is IST_5 spanning? : True
Are all ISTs independent? : True

====TEST CR(661, 102, 204)====
Is IST_0 spanning? : True
Is IST_1 spanning? : True
Is IST_2 spanning? : True
Is IST_3 spanning? : True
Is IST_4 spanning? : True
Is IST_5 spanning? : True
Are all ISTs independent? : True

====TEST CR(662, 102, 204)====
Is IST_0 spanning? : True
Is IST_1 spanning? : True
Is IST_2 spanning? : True
Is IST_3 spanning? : True
Is IST_4 spanning? : True
Is IST_5 spanning? : True
Are all ISTs independent? : True

====TEST CR(663, 102, 204)====
Is IST_0 spanning? : True
Is IST_1 spanning? : True
Is IST_2 spanning? : True
Is IST_3 spanning? : True
Is IST_4 spanning? : True
Is IST_5 spanning? : True
Are all ISTs independent? : True

====TEST CR(664, 102, 204)====
Is IST_0 spanning? : True
Is IST_1 spanning? : True
Is IST_2 spanning? : True
Is IST_3 spanning? : True
Is IST_4 spanning? : True
Is IST_5 spanning? : True
Are all ISTs independent? : True

====TEST CR(665, 102, 204)====
Is IST_0 spanning? : True
Is IST_1 spanning? : True
Is IST_2 spanning? : True
Is IST_3 spanning? : True
Is IST_4 spanning? : True
Is IST_5 spanning? : True
Are all ISTs independent? : True

====TEST CR(666, 102, 204)====
Is IST_0 spanning? : True
Is IST_1 spanning? : True
Is IST_2 spanning? : True
Is IST_3 spanning? : True
Is IST_4 spanning? : True
Is IST_5 spanning? : True
Are all ISTs independent? : True

====TEST CR(667, 102, 204)====
Is IST_0 spanning? : True
Is IST_1 spanning? : True
Is IST_2 spanning? : True
Is IST_3 spanning? : True
Is IST_4 spanning? : True
Is IST_5 spanning? : True
Are all ISTs independent? : True

====TEST CR(668, 102, 204)====
Is IST_0 spanning? : True
Is IST_1 spanning? : True
Is IST_2 spanning? : True
Is IST_3 spanning? : True
Is IST_4 spanning? : True
Is IST_5 spanning? : True
Are all ISTs independent? : True

====TEST CR(669, 102, 204)====
Is IST_0 spanning? : True
Is IST_1 spanning? : True
Is IST_2 spanning? : True
Is IST_3 spanning? : True
Is IST_4 spanning? : True
Is IST_5 spanning? : True
Are all ISTs independent? : True

====TEST CR(670, 102, 204)====
Is IST_0 spanning? : True
Is IST_1 spanning? : True
Is IST_2 spanning? : True
Is IST_3 spanning? : True
Is IST_4 spanning? : True
Is IST_5 spanning? : True
Are all ISTs independent? : True

====TEST CR(671, 102, 204)====
Is IST_0 spanning? : True
Is IST_1 spanning? : True
Is IST_2 spanning? : True
Is IST_3 spanning? : True
Is IST_4 spanning? : True
Is IST_5 spanning? : True
Are all ISTs independent? : True

====TEST CR(672, 102, 204)====
Is IST_0 spanning? : True
Is IST_1 spanning? : True
Is IST_2 spanning? : True
Is IST_3 spanning? : True
Is IST_4 spanning? : True
Is IST_5 spanning? : True
Are all ISTs independent? : True

====TEST CR(673, 102, 204)====
Is IST_0 spanning? : True
Is IST_1 spanning? : True
Is IST_2 spanning? : True
Is IST_3 spanning? : True
Is IST_4 spanning? : True
Is IST_5 spanning? : True
Are all ISTs independent? : True

====TEST CR(674, 102, 204)====
Is IST_0 spanning? : True
Is IST_1 spanning? : True
Is IST_2 spanning? : True
Is IST_3 spanning? : True
Is IST_4 spanning? : True
Is IST_5 spanning? : True
Are all ISTs independent? : True

====TEST CR(675, 102, 204)====
Is IST_0 spanning? : True
Is IST_1 spanning? : True
Is IST_2 spanning? : True
Is IST_3 spanning? : True
Is IST_4 spanning? : True
Is IST_5 spanning? : True
Are all ISTs independent? : True

====TEST CR(676, 102, 204)====
Is IST_0 spanning? : True
Is IST_1 spanning? : True
Is IST_2 spanning? : True
Is IST_3 spanning? : True
Is IST_4 spanning? : True
Is IST_5 spanning? : True
Are all ISTs independent? : True

====TEST CR(677, 102, 204)====
Is IST_0 spanning? : True
Is IST_1 spanning? : True
Is IST_2 spanning? : True
Is IST_3 spanning? : True
Is IST_4 spanning? : True
Is IST_5 spanning? : True
Are all ISTs independent? : True

====TEST CR(678, 102, 204)====
Is IST_0 spanning? : True
Is IST_1 spanning? : True
Is IST_2 spanning? : True
Is IST_3 spanning? : True
Is IST_4 spanning? : True
Is IST_5 spanning? : True
Are all ISTs independent? : True

====TEST CR(679, 102, 204)====
Is IST_0 spanning? : True
Is IST_1 spanning? : True
Is IST_2 spanning? : True
Is IST_3 spanning? : True
Is IST_4 spanning? : True
Is IST_5 spanning? : True
Are all ISTs independent? : True

====TEST CR(680, 102, 204)====
Is IST_0 spanning? : True
Is IST_1 spanning? : True
Is IST_2 spanning? : True
Is IST_3 spanning? : True
Is IST_4 spanning? : True
Is IST_5 spanning? : True
Are all ISTs independent? : True

====TEST CR(681, 102, 204)====
Is IST_0 spanning? : True
Is IST_1 spanning? : True
Is IST_2 spanning? : True
Is IST_3 spanning? : True
Is IST_4 spanning? : True
Is IST_5 spanning? : True
Are all ISTs independent? : True

====TEST CR(682, 102, 204)====
Is IST_0 spanning? : True
Is IST_1 spanning? : True
Is IST_2 spanning? : True
Is IST_3 spanning? : True
Is IST_4 spanning? : True
Is IST_5 spanning? : True
Are all ISTs independent? : True

====TEST CR(683, 102, 204)====
Is IST_0 spanning? : True
Is IST_1 spanning? : True
Is IST_2 spanning? : True
Is IST_3 spanning? : True
Is IST_4 spanning? : True
Is IST_5 spanning? : True
Are all ISTs independent? : True

====TEST CR(684, 102, 204)====
Is IST_0 spanning? : True
Is IST_1 spanning? : True
Is IST_2 spanning? : True
Is IST_3 spanning? : True
Is IST_4 spanning? : True
Is IST_5 spanning? : True
Are all ISTs independent? : True

====TEST CR(685, 102, 204)====
Is IST_0 spanning? : True
Is IST_1 spanning? : True
Is IST_2 spanning? : True
Is IST_3 spanning? : True
Is IST_4 spanning? : True
Is IST_5 spanning? : True
Are all ISTs independent? : True

====TEST CR(686, 102, 204)====
Is IST_0 spanning? : True
Is IST_1 spanning? : True
Is IST_2 spanning? : True
Is IST_3 spanning? : True
Is IST_4 spanning? : True
Is IST_5 spanning? : True
Are all ISTs independent? : True

====TEST CR(687, 102, 204)====
Is IST_0 spanning? : True
Is IST_1 spanning? : True
Is IST_2 spanning? : True
Is IST_3 spanning? : True
Is IST_4 spanning? : True
Is IST_5 spanning? : True
Are all ISTs independent? : True

====TEST CR(688, 102, 204)====
Is IST_0 spanning? : True
Is IST_1 spanning? : True
Is IST_2 spanning? : True
Is IST_3 spanning? : True
Is IST_4 spanning? : True
Is IST_5 spanning? : True
Are all ISTs independent? : True

====TEST CR(689, 102, 204)====
Is IST_0 spanning? : True
Is IST_1 spanning? : True
Is IST_2 spanning? : True
Is IST_3 spanning? : True
Is IST_4 spanning? : True
Is IST_5 spanning? : True
Are all ISTs independent? : True

====TEST CR(690, 102, 204)====
Is IST_0 spanning? : True
Is IST_1 spanning? : True
Is IST_2 spanning? : True
Is IST_3 spanning? : True
Is IST_4 spanning? : True
Is IST_5 spanning? : True
Are all ISTs independent? : True

====TEST CR(691, 102, 204)====
Is IST_0 spanning? : True
Is IST_1 spanning? : True
Is IST_2 spanning? : True
Is IST_3 spanning? : True
Is IST_4 spanning? : True
Is IST_5 spanning? : True
Are all ISTs independent? : True

====TEST CR(692, 102, 204)====
Is IST_0 spanning? : True
Is IST_1 spanning? : True
Is IST_2 spanning? : True
Is IST_3 spanning? : True
Is IST_4 spanning? : True
Is IST_5 spanning? : True
Are all ISTs independent? : True

====TEST CR(693, 102, 204)====
Is IST_0 spanning? : True
Is IST_1 spanning? : True
Is IST_2 spanning? : True
Is IST_3 spanning? : True
Is IST_4 spanning? : True
Is IST_5 spanning? : True
Are all ISTs independent? : True

====TEST CR(694, 102, 204)====
Is IST_0 spanning? : True
Is IST_1 spanning? : True
Is IST_2 spanning? : True
Is IST_3 spanning? : True
Is IST_4 spanning? : True
Is IST_5 spanning? : True
Are all ISTs independent? : True

====TEST CR(695, 102, 204)====
Is IST_0 spanning? : True
Is IST_1 spanning? : True
Is IST_2 spanning? : True
Is IST_3 spanning? : True
Is IST_4 spanning? : True
Is IST_5 spanning? : True
Are all ISTs independent? : True

====TEST CR(696, 102, 204)====
Is IST_0 spanning? : True
Is IST_1 spanning? : True
Is IST_2 spanning? : True
Is IST_3 spanning? : True
Is IST_4 spanning? : True
Is IST_5 spanning? : True
Are all ISTs independent? : True

====TEST CR(697, 102, 204)====
Is IST_0 spanning? : True
Is IST_1 spanning? : True
Is IST_2 spanning? : True
Is IST_3 spanning? : True
Is IST_4 spanning? : True
Is IST_5 spanning? : True
Are all ISTs independent? : True

====TEST CR(698, 102, 204)====
Is IST_0 spanning? : True
Is IST_1 spanning? : True
Is IST_2 spanning? : True
Is IST_3 spanning? : True
Is IST_4 spanning? : True
Is IST_5 spanning? : True
Are all ISTs independent? : True

====TEST CR(699, 102, 204)====
Is IST_0 spanning? : True
Is IST_1 spanning? : True
Is IST_2 spanning? : True
Is IST_3 spanning? : True
Is IST_4 spanning? : True
Is IST_5 spanning? : True
Are all ISTs independent? : True

====TEST CR(700, 102, 204)====
Is IST_0 spanning? : True
Is IST_1 spanning? : True
Is IST_2 spanning? : True
Is IST_3 spanning? : True
Is IST_4 spanning? : True
Is IST_5 spanning? : True
Are all ISTs independent? : True

====TEST CR(701, 102, 204)====
Is IST_0 spanning? : True
Is IST_1 spanning? : True
Is IST_2 spanning? : True
Is IST_3 spanning? : True
Is IST_4 spanning? : True
Is IST_5 spanning? : True
Are all ISTs independent? : True

====TEST CR(702, 102, 204)====
Is IST_0 spanning? : True
Is IST_1 spanning? : True
Is IST_2 spanning? : True
Is IST_3 spanning? : True
Is IST_4 spanning? : True
Is IST_5 spanning? : True
Are all ISTs independent? : True

====TEST CR(703, 102, 204)====
Is IST_0 spanning? : True
Is IST_1 spanning? : True
Is IST_2 spanning? : True
Is IST_3 spanning? : True
Is IST_4 spanning? : True
Is IST_5 spanning? : True
Are all ISTs independent? : True

====TEST CR(704, 102, 204)====
Is IST_0 spanning? : True
Is IST_1 spanning? : True
Is IST_2 spanning? : True
Is IST_3 spanning? : True
Is IST_4 spanning? : True
Is IST_5 spanning? : True
Are all ISTs independent? : True

====TEST CR(705, 102, 204)====
Is IST_0 spanning? : True
Is IST_1 spanning? : True
Is IST_2 spanning? : True
Is IST_3 spanning? : True
Is IST_4 spanning? : True
Is IST_5 spanning? : True
Are all ISTs independent? : True

====TEST CR(706, 102, 204)====
Is IST_0 spanning? : True
Is IST_1 spanning? : True
Is IST_2 spanning? : True
Is IST_3 spanning? : True
Is IST_4 spanning? : True
Is IST_5 spanning? : True
Are all ISTs independent? : True

====TEST CR(707, 102, 204)====
Is IST_0 spanning? : True
Is IST_1 spanning? : True
Is IST_2 spanning? : True
Is IST_3 spanning? : True
Is IST_4 spanning? : True
Is IST_5 spanning? : True
Are all ISTs independent? : True

====TEST CR(708, 102, 204)====
Is IST_0 spanning? : True
Is IST_1 spanning? : True
Is IST_2 spanning? : True
Is IST_3 spanning? : True
Is IST_4 spanning? : True
Is IST_5 spanning? : True
Are all ISTs independent? : True

====TEST CR(709, 102, 204)====
Is IST_0 spanning? : True
Is IST_1 spanning? : True
Is IST_2 spanning? : True
Is IST_3 spanning? : True
Is IST_4 spanning? : True
Is IST_5 spanning? : True
Are all ISTs independent? : True

====TEST CR(710, 102, 204)====
Is IST_0 spanning? : True
Is IST_1 spanning? : True
Is IST_2 spanning? : True
Is IST_3 spanning? : True
Is IST_4 spanning? : True
Is IST_5 spanning? : True
Are all ISTs independent? : True

====TEST CR(711, 102, 204)====
Is IST_0 spanning? : True
Is IST_1 spanning? : True
Is IST_2 spanning? : True
Is IST_3 spanning? : True
Is IST_4 spanning? : True
Is IST_5 spanning? : True
Are all ISTs independent? : True

====TEST CR(712, 102, 204)====
Is IST_0 spanning? : True
Is IST_1 spanning? : True
Is IST_2 spanning? : True
Is IST_3 spanning? : True
Is IST_4 spanning? : True
Is IST_5 spanning? : True
Are all ISTs independent? : True

====TEST CR(713, 102, 204)====
Is IST_0 spanning? : True
Is IST_1 spanning? : True
Is IST_2 spanning? : True
Is IST_3 spanning? : True
Is IST_4 spanning? : True
Is IST_5 spanning? : True
Are all ISTs independent? : True

====TEST CR(714, 102, 204)====
Is IST_0 spanning? : True
Is IST_1 spanning? : True
Is IST_2 spanning? : True
Is IST_3 spanning? : True
Is IST_4 spanning? : True
Is IST_5 spanning? : True
Are all ISTs independent? : True

====TEST CR(715, 102, 204)====
Is IST_0 spanning? : True
Is IST_1 spanning? : True
Is IST_2 spanning? : True
Is IST_3 spanning? : True
Is IST_4 spanning? : True
Is IST_5 spanning? : True
Are all ISTs independent? : True

====TEST CR(716, 102, 204)====
Is IST_0 spanning? : True
Is IST_1 spanning? : True
Is IST_2 spanning? : True
Is IST_3 spanning? : True
Is IST_4 spanning? : True
Is IST_5 spanning? : True
Are all ISTs independent? : True

====TEST CR(717, 102, 204)====
Is IST_0 spanning? : True
Is IST_1 spanning? : True
Is IST_2 spanning? : True
Is IST_3 spanning? : True
Is IST_4 spanning? : True
Is IST_5 spanning? : True
Are all ISTs independent? : True

====TEST CR(718, 102, 204)====
Is IST_0 spanning? : True
Is IST_1 spanning? : True
Is IST_2 spanning? : True
Is IST_3 spanning? : True
Is IST_4 spanning? : True
Is IST_5 spanning? : True
Are all ISTs independent? : True

====TEST CR(719, 102, 204)====
Is IST_0 spanning? : True
Is IST_1 spanning? : True
Is IST_2 spanning? : True
Is IST_3 spanning? : True
Is IST_4 spanning? : True
Is IST_5 spanning? : True
Are all ISTs independent? : True

====TEST CR(720, 102, 204)====
Is IST_0 spanning? : True
Is IST_1 spanning? : True
Is IST_2 spanning? : True
Is IST_3 spanning? : True
Is IST_4 spanning? : True
Is IST_5 spanning? : True
Are all ISTs independent? : True

====TEST CR(721, 102, 204)====
Is IST_0 spanning? : True
Is IST_1 spanning? : True
Is IST_2 spanning? : True
Is IST_3 spanning? : True
Is IST_4 spanning? : True
Is IST_5 spanning? : True
Are all ISTs independent? : True

====TEST CR(722, 102, 204)====
Is IST_0 spanning? : True
Is IST_1 spanning? : True
Is IST_2 spanning? : True
Is IST_3 spanning? : True
Is IST_4 spanning? : True
Is IST_5 spanning? : True
Are all ISTs independent? : True

====TEST CR(723, 102, 204)====
Is IST_0 spanning? : True
Is IST_1 spanning? : True
Is IST_2 spanning? : True
Is IST_3 spanning? : True
Is IST_4 spanning? : True
Is IST_5 spanning? : True
Are all ISTs independent? : True

====TEST CR(724, 102, 204)====
Is IST_0 spanning? : True
Is IST_1 spanning? : True
Is IST_2 spanning? : True
Is IST_3 spanning? : True
Is IST_4 spanning? : True
Is IST_5 spanning? : True
Are all ISTs independent? : True

====TEST CR(725, 102, 204)====
Is IST_0 spanning? : True
Is IST_1 spanning? : True
Is IST_2 spanning? : True
Is IST_3 spanning? : True
Is IST_4 spanning? : True
Is IST_5 spanning? : True
Are all ISTs independent? : True

====TEST CR(726, 102, 204)====
Is IST_0 spanning? : True
Is IST_1 spanning? : True
Is IST_2 spanning? : True
Is IST_3 spanning? : True
Is IST_4 spanning? : True
Is IST_5 spanning? : True
Are all ISTs independent? : True

====TEST CR(727, 102, 204)====
Is IST_0 spanning? : True
Is IST_1 spanning? : True
Is IST_2 spanning? : True
Is IST_3 spanning? : True
Is IST_4 spanning? : True
Is IST_5 spanning? : True
Are all ISTs independent? : True

====TEST CR(728, 102, 204)====
Is IST_0 spanning? : True
Is IST_1 spanning? : True
Is IST_2 spanning? : True
Is IST_3 spanning? : True
Is IST_4 spanning? : True
Is IST_5 spanning? : True
Are all ISTs independent? : True

====TEST CR(729, 102, 204)====
Is IST_0 spanning? : True
Is IST_1 spanning? : True
Is IST_2 spanning? : True
Is IST_3 spanning? : True
Is IST_4 spanning? : True
Is IST_5 spanning? : True
Are all ISTs independent? : True

====TEST CR(730, 102, 204)====
Is IST_0 spanning? : True
Is IST_1 spanning? : True
Is IST_2 spanning? : True
Is IST_3 spanning? : True
Is IST_4 spanning? : True
Is IST_5 spanning? : True
Are all ISTs independent? : True

====TEST CR(731, 102, 204)====
Is IST_0 spanning? : True
Is IST_1 spanning? : True
Is IST_2 spanning? : True
Is IST_3 spanning? : True
Is IST_4 spanning? : True
Is IST_5 spanning? : True
Are all ISTs independent? : True

====TEST CR(732, 102, 204)====
Is IST_0 spanning? : True
Is IST_1 spanning? : True
Is IST_2 spanning? : True
Is IST_3 spanning? : True
Is IST_4 spanning? : True
Is IST_5 spanning? : True
Are all ISTs independent? : True

====TEST CR(733, 102, 204)====
Is IST_0 spanning? : True
Is IST_1 spanning? : True
Is IST_2 spanning? : True
Is IST_3 spanning? : True
Is IST_4 spanning? : True
Is IST_5 spanning? : True
Are all ISTs independent? : True

====TEST CR(734, 102, 204)====
Is IST_0 spanning? : True
Is IST_1 spanning? : True
Is IST_2 spanning? : True
Is IST_3 spanning? : True
Is IST_4 spanning? : True
Is IST_5 spanning? : True
Are all ISTs independent? : True

====TEST CR(735, 102, 204)====
Is IST_0 spanning? : True
Is IST_1 spanning? : True
Is IST_2 spanning? : True
Is IST_3 spanning? : True
Is IST_4 spanning? : True
Is IST_5 spanning? : True
Are all ISTs independent? : True

====TEST CR(736, 102, 204)====
Is IST_0 spanning? : True
Is IST_1 spanning? : True
Is IST_2 spanning? : True
Is IST_3 spanning? : True
Is IST_4 spanning? : True
Is IST_5 spanning? : True
Are all ISTs independent? : True

====TEST CR(737, 102, 204)====
Is IST_0 spanning? : True
Is IST_1 spanning? : True
Is IST_2 spanning? : True
Is IST_3 spanning? : True
Is IST_4 spanning? : True
Is IST_5 spanning? : True
Are all ISTs independent? : True

====TEST CR(738, 102, 204)====
Is IST_0 spanning? : True
Is IST_1 spanning? : True
Is IST_2 spanning? : True
Is IST_3 spanning? : True
Is IST_4 spanning? : True
Is IST_5 spanning? : True
Are all ISTs independent? : True

====TEST CR(739, 102, 204)====
Is IST_0 spanning? : True
Is IST_1 spanning? : True
Is IST_2 spanning? : True
Is IST_3 spanning? : True
Is IST_4 spanning? : True
Is IST_5 spanning? : True
Are all ISTs independent? : True

====TEST CR(740, 102, 204)====
Is IST_0 spanning? : True
Is IST_1 spanning? : True
Is IST_2 spanning? : True
Is IST_3 spanning? : True
Is IST_4 spanning? : True
Is IST_5 spanning? : True
Are all ISTs independent? : True

====TEST CR(618, 103, 206)====
Is IST_0 spanning? : True
Is IST_1 spanning? : True
Is IST_2 spanning? : True
Is IST_3 spanning? : True
Is IST_4 spanning? : True
Is IST_5 spanning? : True
Are all ISTs independent? : True

====TEST CR(619, 103, 206)====
Is IST_0 spanning? : True
Is IST_1 spanning? : True
Is IST_2 spanning? : True
Is IST_3 spanning? : True
Is IST_4 spanning? : True
Is IST_5 spanning? : True
Are all ISTs independent? : True

====TEST CR(620, 103, 206)====
Is IST_0 spanning? : True
Is IST_1 spanning? : True
Is IST_2 spanning? : True
Is IST_3 spanning? : True
Is IST_4 spanning? : True
Is IST_5 spanning? : True
Are all ISTs independent? : True

====TEST CR(621, 103, 206)====
Is IST_0 spanning? : True
Is IST_1 spanning? : True
Is IST_2 spanning? : True
Is IST_3 spanning? : True
Is IST_4 spanning? : True
Is IST_5 spanning? : True
Are all ISTs independent? : True

====TEST CR(622, 103, 206)====
Is IST_0 spanning? : True
Is IST_1 spanning? : True
Is IST_2 spanning? : True
Is IST_3 spanning? : True
Is IST_4 spanning? : True
Is IST_5 spanning? : True
Are all ISTs independent? : True

====TEST CR(623, 103, 206)====
Is IST_0 spanning? : True
Is IST_1 spanning? : True
Is IST_2 spanning? : True
Is IST_3 spanning? : True
Is IST_4 spanning? : True
Is IST_5 spanning? : True
Are all ISTs independent? : True

====TEST CR(624, 103, 206)====
Is IST_0 spanning? : True
Is IST_1 spanning? : True
Is IST_2 spanning? : True
Is IST_3 spanning? : True
Is IST_4 spanning? : True
Is IST_5 spanning? : True
Are all ISTs independent? : True

====TEST CR(625, 103, 206)====
Is IST_0 spanning? : True
Is IST_1 spanning? : True
Is IST_2 spanning? : True
Is IST_3 spanning? : True
Is IST_4 spanning? : True
Is IST_5 spanning? : True
Are all ISTs independent? : True

====TEST CR(626, 103, 206)====
Is IST_0 spanning? : True
Is IST_1 spanning? : True
Is IST_2 spanning? : True
Is IST_3 spanning? : True
Is IST_4 spanning? : True
Is IST_5 spanning? : True
Are all ISTs independent? : True

====TEST CR(627, 103, 206)====
Is IST_0 spanning? : True
Is IST_1 spanning? : True
Is IST_2 spanning? : True
Is IST_3 spanning? : True
Is IST_4 spanning? : True
Is IST_5 spanning? : True
Are all ISTs independent? : True

====TEST CR(628, 103, 206)====
Is IST_0 spanning? : True
Is IST_1 spanning? : True
Is IST_2 spanning? : True
Is IST_3 spanning? : True
Is IST_4 spanning? : True
Is IST_5 spanning? : True
Are all ISTs independent? : True

====TEST CR(629, 103, 206)====
Is IST_0 spanning? : True
Is IST_1 spanning? : True
Is IST_2 spanning? : True
Is IST_3 spanning? : True
Is IST_4 spanning? : True
Is IST_5 spanning? : True
Are all ISTs independent? : True

====TEST CR(630, 103, 206)====
Is IST_0 spanning? : True
Is IST_1 spanning? : True
Is IST_2 spanning? : True
Is IST_3 spanning? : True
Is IST_4 spanning? : True
Is IST_5 spanning? : True
Are all ISTs independent? : True

====TEST CR(631, 103, 206)====
Is IST_0 spanning? : True
Is IST_1 spanning? : True
Is IST_2 spanning? : True
Is IST_3 spanning? : True
Is IST_4 spanning? : True
Is IST_5 spanning? : True
Are all ISTs independent? : True

====TEST CR(632, 103, 206)====
Is IST_0 spanning? : True
Is IST_1 spanning? : True
Is IST_2 spanning? : True
Is IST_3 spanning? : True
Is IST_4 spanning? : True
Is IST_5 spanning? : True
Are all ISTs independent? : True

====TEST CR(633, 103, 206)====
Is IST_0 spanning? : True
Is IST_1 spanning? : True
Is IST_2 spanning? : True
Is IST_3 spanning? : True
Is IST_4 spanning? : True
Is IST_5 spanning? : True
Are all ISTs independent? : True

====TEST CR(634, 103, 206)====
Is IST_0 spanning? : True
Is IST_1 spanning? : True
Is IST_2 spanning? : True
Is IST_3 spanning? : True
Is IST_4 spanning? : True
Is IST_5 spanning? : True
Are all ISTs independent? : True

====TEST CR(635, 103, 206)====
Is IST_0 spanning? : True
Is IST_1 spanning? : True
Is IST_2 spanning? : True
Is IST_3 spanning? : True
Is IST_4 spanning? : True
Is IST_5 spanning? : True
Are all ISTs independent? : True

====TEST CR(636, 103, 206)====
Is IST_0 spanning? : True
Is IST_1 spanning? : True
Is IST_2 spanning? : True
Is IST_3 spanning? : True
Is IST_4 spanning? : True
Is IST_5 spanning? : True
Are all ISTs independent? : True

====TEST CR(637, 103, 206)====
Is IST_0 spanning? : True
Is IST_1 spanning? : True
Is IST_2 spanning? : True
Is IST_3 spanning? : True
Is IST_4 spanning? : True
Is IST_5 spanning? : True
Are all ISTs independent? : True

====TEST CR(638, 103, 206)====
Is IST_0 spanning? : True
Is IST_1 spanning? : True
Is IST_2 spanning? : True
Is IST_3 spanning? : True
Is IST_4 spanning? : True
Is IST_5 spanning? : True
Are all ISTs independent? : True

====TEST CR(639, 103, 206)====
Is IST_0 spanning? : True
Is IST_1 spanning? : True
Is IST_2 spanning? : True
Is IST_3 spanning? : True
Is IST_4 spanning? : True
Is IST_5 spanning? : True
Are all ISTs independent? : True

====TEST CR(640, 103, 206)====
Is IST_0 spanning? : True
Is IST_1 spanning? : True
Is IST_2 spanning? : True
Is IST_3 spanning? : True
Is IST_4 spanning? : True
Is IST_5 spanning? : True
Are all ISTs independent? : True

====TEST CR(641, 103, 206)====
Is IST_0 spanning? : True
Is IST_1 spanning? : True
Is IST_2 spanning? : True
Is IST_3 spanning? : True
Is IST_4 spanning? : True
Is IST_5 spanning? : True
Are all ISTs independent? : True

====TEST CR(642, 103, 206)====
Is IST_0 spanning? : True
Is IST_1 spanning? : True
Is IST_2 spanning? : True
Is IST_3 spanning? : True
Is IST_4 spanning? : True
Is IST_5 spanning? : True
Are all ISTs independent? : True

====TEST CR(643, 103, 206)====
Is IST_0 spanning? : True
Is IST_1 spanning? : True
Is IST_2 spanning? : True
Is IST_3 spanning? : True
Is IST_4 spanning? : True
Is IST_5 spanning? : True
Are all ISTs independent? : True

====TEST CR(644, 103, 206)====
Is IST_0 spanning? : True
Is IST_1 spanning? : True
Is IST_2 spanning? : True
Is IST_3 spanning? : True
Is IST_4 spanning? : True
Is IST_5 spanning? : True
Are all ISTs independent? : True

====TEST CR(645, 103, 206)====
Is IST_0 spanning? : True
Is IST_1 spanning? : True
Is IST_2 spanning? : True
Is IST_3 spanning? : True
Is IST_4 spanning? : True
Is IST_5 spanning? : True
Are all ISTs independent? : True

====TEST CR(646, 103, 206)====
Is IST_0 spanning? : True
Is IST_1 spanning? : True
Is IST_2 spanning? : True
Is IST_3 spanning? : True
Is IST_4 spanning? : True
Is IST_5 spanning? : True
Are all ISTs independent? : True

====TEST CR(647, 103, 206)====
Is IST_0 spanning? : True
Is IST_1 spanning? : True
Is IST_2 spanning? : True
Is IST_3 spanning? : True
Is IST_4 spanning? : True
Is IST_5 spanning? : True
Are all ISTs independent? : True

====TEST CR(648, 103, 206)====
Is IST_0 spanning? : True
Is IST_1 spanning? : True
Is IST_2 spanning? : True
Is IST_3 spanning? : True
Is IST_4 spanning? : True
Is IST_5 spanning? : True
Are all ISTs independent? : True

====TEST CR(649, 103, 206)====
Is IST_0 spanning? : True
Is IST_1 spanning? : True
Is IST_2 spanning? : True
Is IST_3 spanning? : True
Is IST_4 spanning? : True
Is IST_5 spanning? : True
Are all ISTs independent? : True

====TEST CR(650, 103, 206)====
Is IST_0 spanning? : True
Is IST_1 spanning? : True
Is IST_2 spanning? : True
Is IST_3 spanning? : True
Is IST_4 spanning? : True
Is IST_5 spanning? : True
Are all ISTs independent? : True

====TEST CR(651, 103, 206)====
Is IST_0 spanning? : True
Is IST_1 spanning? : True
Is IST_2 spanning? : True
Is IST_3 spanning? : True
Is IST_4 spanning? : True
Is IST_5 spanning? : True
Are all ISTs independent? : True

====TEST CR(652, 103, 206)====
Is IST_0 spanning? : True
Is IST_1 spanning? : True
Is IST_2 spanning? : True
Is IST_3 spanning? : True
Is IST_4 spanning? : True
Is IST_5 spanning? : True
Are all ISTs independent? : True

====TEST CR(653, 103, 206)====
Is IST_0 spanning? : True
Is IST_1 spanning? : True
Is IST_2 spanning? : True
Is IST_3 spanning? : True
Is IST_4 spanning? : True
Is IST_5 spanning? : True
Are all ISTs independent? : True

====TEST CR(654, 103, 206)====
Is IST_0 spanning? : True
Is IST_1 spanning? : True
Is IST_2 spanning? : True
Is IST_3 spanning? : True
Is IST_4 spanning? : True
Is IST_5 spanning? : True
Are all ISTs independent? : True

====TEST CR(655, 103, 206)====
Is IST_0 spanning? : True
Is IST_1 spanning? : True
Is IST_2 spanning? : True
Is IST_3 spanning? : True
Is IST_4 spanning? : True
Is IST_5 spanning? : True
Are all ISTs independent? : True

====TEST CR(656, 103, 206)====
Is IST_0 spanning? : True
Is IST_1 spanning? : True
Is IST_2 spanning? : True
Is IST_3 spanning? : True
Is IST_4 spanning? : True
Is IST_5 spanning? : True
Are all ISTs independent? : True

====TEST CR(657, 103, 206)====
Is IST_0 spanning? : True
Is IST_1 spanning? : True
Is IST_2 spanning? : True
Is IST_3 spanning? : True
Is IST_4 spanning? : True
Is IST_5 spanning? : True
Are all ISTs independent? : True

====TEST CR(658, 103, 206)====
Is IST_0 spanning? : True
Is IST_1 spanning? : True
Is IST_2 spanning? : True
Is IST_3 spanning? : True
Is IST_4 spanning? : True
Is IST_5 spanning? : True
Are all ISTs independent? : True

====TEST CR(659, 103, 206)====
Is IST_0 spanning? : True
Is IST_1 spanning? : True
Is IST_2 spanning? : True
Is IST_3 spanning? : True
Is IST_4 spanning? : True
Is IST_5 spanning? : True
Are all ISTs independent? : True

====TEST CR(660, 103, 206)====
Is IST_0 spanning? : True
Is IST_1 spanning? : True
Is IST_2 spanning? : True
Is IST_3 spanning? : True
Is IST_4 spanning? : True
Is IST_5 spanning? : True
Are all ISTs independent? : True

====TEST CR(661, 103, 206)====
Is IST_0 spanning? : True
Is IST_1 spanning? : True
Is IST_2 spanning? : True
Is IST_3 spanning? : True
Is IST_4 spanning? : True
Is IST_5 spanning? : True
Are all ISTs independent? : True

====TEST CR(662, 103, 206)====
Is IST_0 spanning? : True
Is IST_1 spanning? : True
Is IST_2 spanning? : True
Is IST_3 spanning? : True
Is IST_4 spanning? : True
Is IST_5 spanning? : True
Are all ISTs independent? : True

====TEST CR(663, 103, 206)====
Is IST_0 spanning? : True
Is IST_1 spanning? : True
Is IST_2 spanning? : True
Is IST_3 spanning? : True
Is IST_4 spanning? : True
Is IST_5 spanning? : True
Are all ISTs independent? : True

====TEST CR(664, 103, 206)====
Is IST_0 spanning? : True
Is IST_1 spanning? : True
Is IST_2 spanning? : True
Is IST_3 spanning? : True
Is IST_4 spanning? : True
Is IST_5 spanning? : True
Are all ISTs independent? : True

====TEST CR(665, 103, 206)====
Is IST_0 spanning? : True
Is IST_1 spanning? : True
Is IST_2 spanning? : True
Is IST_3 spanning? : True
Is IST_4 spanning? : True
Is IST_5 spanning? : True
Are all ISTs independent? : True

====TEST CR(666, 103, 206)====
Is IST_0 spanning? : True
Is IST_1 spanning? : True
Is IST_2 spanning? : True
Is IST_3 spanning? : True
Is IST_4 spanning? : True
Is IST_5 spanning? : True
Are all ISTs independent? : True

====TEST CR(667, 103, 206)====
Is IST_0 spanning? : True
Is IST_1 spanning? : True
Is IST_2 spanning? : True
Is IST_3 spanning? : True
Is IST_4 spanning? : True
Is IST_5 spanning? : True
Are all ISTs independent? : True

====TEST CR(668, 103, 206)====
Is IST_0 spanning? : True
Is IST_1 spanning? : True
Is IST_2 spanning? : True
Is IST_3 spanning? : True
Is IST_4 spanning? : True
Is IST_5 spanning? : True
Are all ISTs independent? : True

====TEST CR(669, 103, 206)====
Is IST_0 spanning? : True
Is IST_1 spanning? : True
Is IST_2 spanning? : True
Is IST_3 spanning? : True
Is IST_4 spanning? : True
Is IST_5 spanning? : True
Are all ISTs independent? : True

====TEST CR(670, 103, 206)====
Is IST_0 spanning? : True
Is IST_1 spanning? : True
Is IST_2 spanning? : True
Is IST_3 spanning? : True
Is IST_4 spanning? : True
Is IST_5 spanning? : True
Are all ISTs independent? : True

====TEST CR(671, 103, 206)====
Is IST_0 spanning? : True
Is IST_1 spanning? : True
Is IST_2 spanning? : True
Is IST_3 spanning? : True
Is IST_4 spanning? : True
Is IST_5 spanning? : True
Are all ISTs independent? : True

====TEST CR(672, 103, 206)====
Is IST_0 spanning? : True
Is IST_1 spanning? : True
Is IST_2 spanning? : True
Is IST_3 spanning? : True
Is IST_4 spanning? : True
Is IST_5 spanning? : True
Are all ISTs independent? : True

====TEST CR(673, 103, 206)====
Is IST_0 spanning? : True
Is IST_1 spanning? : True
Is IST_2 spanning? : True
Is IST_3 spanning? : True
Is IST_4 spanning? : True
Is IST_5 spanning? : True
Are all ISTs independent? : True

====TEST CR(674, 103, 206)====
Is IST_0 spanning? : True
Is IST_1 spanning? : True
Is IST_2 spanning? : True
Is IST_3 spanning? : True
Is IST_4 spanning? : True
Is IST_5 spanning? : True
Are all ISTs independent? : True

====TEST CR(675, 103, 206)====
Is IST_0 spanning? : True
Is IST_1 spanning? : True
Is IST_2 spanning? : True
Is IST_3 spanning? : True
Is IST_4 spanning? : True
Is IST_5 spanning? : True
Are all ISTs independent? : True

====TEST CR(676, 103, 206)====
Is IST_0 spanning? : True
Is IST_1 spanning? : True
Is IST_2 spanning? : True
Is IST_3 spanning? : True
Is IST_4 spanning? : True
Is IST_5 spanning? : True
Are all ISTs independent? : True

====TEST CR(677, 103, 206)====
Is IST_0 spanning? : True
Is IST_1 spanning? : True
Is IST_2 spanning? : True
Is IST_3 spanning? : True
Is IST_4 spanning? : True
Is IST_5 spanning? : True
Are all ISTs independent? : True

====TEST CR(678, 103, 206)====
Is IST_0 spanning? : True
Is IST_1 spanning? : True
Is IST_2 spanning? : True
Is IST_3 spanning? : True
Is IST_4 spanning? : True
Is IST_5 spanning? : True
Are all ISTs independent? : True

====TEST CR(679, 103, 206)====
Is IST_0 spanning? : True
Is IST_1 spanning? : True
Is IST_2 spanning? : True
Is IST_3 spanning? : True
Is IST_4 spanning? : True
Is IST_5 spanning? : True
Are all ISTs independent? : True

====TEST CR(680, 103, 206)====
Is IST_0 spanning? : True
Is IST_1 spanning? : True
Is IST_2 spanning? : True
Is IST_3 spanning? : True
Is IST_4 spanning? : True
Is IST_5 spanning? : True
Are all ISTs independent? : True

====TEST CR(681, 103, 206)====
Is IST_0 spanning? : True
Is IST_1 spanning? : True
Is IST_2 spanning? : True
Is IST_3 spanning? : True
Is IST_4 spanning? : True
Is IST_5 spanning? : True
Are all ISTs independent? : True

====TEST CR(682, 103, 206)====
Is IST_0 spanning? : True
Is IST_1 spanning? : True
Is IST_2 spanning? : True
Is IST_3 spanning? : True
Is IST_4 spanning? : True
Is IST_5 spanning? : True
Are all ISTs independent? : True

====TEST CR(683, 103, 206)====
Is IST_0 spanning? : True
Is IST_1 spanning? : True
Is IST_2 spanning? : True
Is IST_3 spanning? : True
Is IST_4 spanning? : True
Is IST_5 spanning? : True
Are all ISTs independent? : True

====TEST CR(684, 103, 206)====
Is IST_0 spanning? : True
Is IST_1 spanning? : True
Is IST_2 spanning? : True
Is IST_3 spanning? : True
Is IST_4 spanning? : True
Is IST_5 spanning? : True
Are all ISTs independent? : True

====TEST CR(685, 103, 206)====
Is IST_0 spanning? : True
Is IST_1 spanning? : True
Is IST_2 spanning? : True
Is IST_3 spanning? : True
Is IST_4 spanning? : True
Is IST_5 spanning? : True
Are all ISTs independent? : True

====TEST CR(686, 103, 206)====
Is IST_0 spanning? : True
Is IST_1 spanning? : True
Is IST_2 spanning? : True
Is IST_3 spanning? : True
Is IST_4 spanning? : True
Is IST_5 spanning? : True
Are all ISTs independent? : True

====TEST CR(687, 103, 206)====
Is IST_0 spanning? : True
Is IST_1 spanning? : True
Is IST_2 spanning? : True
Is IST_3 spanning? : True
Is IST_4 spanning? : True
Is IST_5 spanning? : True
Are all ISTs independent? : True

====TEST CR(688, 103, 206)====
Is IST_0 spanning? : True
Is IST_1 spanning? : True
Is IST_2 spanning? : True
Is IST_3 spanning? : True
Is IST_4 spanning? : True
Is IST_5 spanning? : True
Are all ISTs independent? : True

====TEST CR(689, 103, 206)====
Is IST_0 spanning? : True
Is IST_1 spanning? : True
Is IST_2 spanning? : True
Is IST_3 spanning? : True
Is IST_4 spanning? : True
Is IST_5 spanning? : True
Are all ISTs independent? : True

====TEST CR(690, 103, 206)====
Is IST_0 spanning? : True
Is IST_1 spanning? : True
Is IST_2 spanning? : True
Is IST_3 spanning? : True
Is IST_4 spanning? : True
Is IST_5 spanning? : True
Are all ISTs independent? : True

====TEST CR(691, 103, 206)====
Is IST_0 spanning? : True
Is IST_1 spanning? : True
Is IST_2 spanning? : True
Is IST_3 spanning? : True
Is IST_4 spanning? : True
Is IST_5 spanning? : True
Are all ISTs independent? : True

====TEST CR(692, 103, 206)====
Is IST_0 spanning? : True
Is IST_1 spanning? : True
Is IST_2 spanning? : True
Is IST_3 spanning? : True
Is IST_4 spanning? : True
Is IST_5 spanning? : True
Are all ISTs independent? : True

====TEST CR(693, 103, 206)====
Is IST_0 spanning? : True
Is IST_1 spanning? : True
Is IST_2 spanning? : True
Is IST_3 spanning? : True
Is IST_4 spanning? : True
Is IST_5 spanning? : True
Are all ISTs independent? : True

====TEST CR(694, 103, 206)====
Is IST_0 spanning? : True
Is IST_1 spanning? : True
Is IST_2 spanning? : True
Is IST_3 spanning? : True
Is IST_4 spanning? : True
Is IST_5 spanning? : True
Are all ISTs independent? : True

====TEST CR(695, 103, 206)====
Is IST_0 spanning? : True
Is IST_1 spanning? : True
Is IST_2 spanning? : True
Is IST_3 spanning? : True
Is IST_4 spanning? : True
Is IST_5 spanning? : True
Are all ISTs independent? : True

====TEST CR(696, 103, 206)====
Is IST_0 spanning? : True
Is IST_1 spanning? : True
Is IST_2 spanning? : True
Is IST_3 spanning? : True
Is IST_4 spanning? : True
Is IST_5 spanning? : True
Are all ISTs independent? : True

====TEST CR(697, 103, 206)====
Is IST_0 spanning? : True
Is IST_1 spanning? : True
Is IST_2 spanning? : True
Is IST_3 spanning? : True
Is IST_4 spanning? : True
Is IST_5 spanning? : True
Are all ISTs independent? : True

====TEST CR(698, 103, 206)====
Is IST_0 spanning? : True
Is IST_1 spanning? : True
Is IST_2 spanning? : True
Is IST_3 spanning? : True
Is IST_4 spanning? : True
Is IST_5 spanning? : True
Are all ISTs independent? : True

====TEST CR(699, 103, 206)====
Is IST_0 spanning? : True
Is IST_1 spanning? : True
Is IST_2 spanning? : True
Is IST_3 spanning? : True
Is IST_4 spanning? : True
Is IST_5 spanning? : True
Are all ISTs independent? : True

====TEST CR(700, 103, 206)====
Is IST_0 spanning? : True
Is IST_1 spanning? : True
Is IST_2 spanning? : True
Is IST_3 spanning? : True
Is IST_4 spanning? : True
Is IST_5 spanning? : True
Are all ISTs independent? : True

====TEST CR(701, 103, 206)====
Is IST_0 spanning? : True
Is IST_1 spanning? : True
Is IST_2 spanning? : True
Is IST_3 spanning? : True
Is IST_4 spanning? : True
Is IST_5 spanning? : True
Are all ISTs independent? : True

====TEST CR(702, 103, 206)====
Is IST_0 spanning? : True
Is IST_1 spanning? : True
Is IST_2 spanning? : True
Is IST_3 spanning? : True
Is IST_4 spanning? : True
Is IST_5 spanning? : True
Are all ISTs independent? : True

====TEST CR(703, 103, 206)====
Is IST_0 spanning? : True
Is IST_1 spanning? : True
Is IST_2 spanning? : True
Is IST_3 spanning? : True
Is IST_4 spanning? : True
Is IST_5 spanning? : True
Are all ISTs independent? : True

====TEST CR(704, 103, 206)====
Is IST_0 spanning? : True
Is IST_1 spanning? : True
Is IST_2 spanning? : True
Is IST_3 spanning? : True
Is IST_4 spanning? : True
Is IST_5 spanning? : True
Are all ISTs independent? : True

====TEST CR(705, 103, 206)====
Is IST_0 spanning? : True
Is IST_1 spanning? : True
Is IST_2 spanning? : True
Is IST_3 spanning? : True
Is IST_4 spanning? : True
Is IST_5 spanning? : True
Are all ISTs independent? : True

====TEST CR(706, 103, 206)====
Is IST_0 spanning? : True
Is IST_1 spanning? : True
Is IST_2 spanning? : True
Is IST_3 spanning? : True
Is IST_4 spanning? : True
Is IST_5 spanning? : True
Are all ISTs independent? : True

====TEST CR(707, 103, 206)====
Is IST_0 spanning? : True
Is IST_1 spanning? : True
Is IST_2 spanning? : True
Is IST_3 spanning? : True
Is IST_4 spanning? : True
Is IST_5 spanning? : True
Are all ISTs independent? : True

====TEST CR(708, 103, 206)====
Is IST_0 spanning? : True
Is IST_1 spanning? : True
Is IST_2 spanning? : True
Is IST_3 spanning? : True
Is IST_4 spanning? : True
Is IST_5 spanning? : True
Are all ISTs independent? : True

====TEST CR(709, 103, 206)====
Is IST_0 spanning? : True
Is IST_1 spanning? : True
Is IST_2 spanning? : True
Is IST_3 spanning? : True
Is IST_4 spanning? : True
Is IST_5 spanning? : True
Are all ISTs independent? : True

====TEST CR(710, 103, 206)====
Is IST_0 spanning? : True
Is IST_1 spanning? : True
Is IST_2 spanning? : True
Is IST_3 spanning? : True
Is IST_4 spanning? : True
Is IST_5 spanning? : True
Are all ISTs independent? : True

====TEST CR(711, 103, 206)====
Is IST_0 spanning? : True
Is IST_1 spanning? : True
Is IST_2 spanning? : True
Is IST_3 spanning? : True
Is IST_4 spanning? : True
Is IST_5 spanning? : True
Are all ISTs independent? : True

====TEST CR(712, 103, 206)====
Is IST_0 spanning? : True
Is IST_1 spanning? : True
Is IST_2 spanning? : True
Is IST_3 spanning? : True
Is IST_4 spanning? : True
Is IST_5 spanning? : True
Are all ISTs independent? : True

====TEST CR(713, 103, 206)====
Is IST_0 spanning? : True
Is IST_1 spanning? : True
Is IST_2 spanning? : True
Is IST_3 spanning? : True
Is IST_4 spanning? : True
Is IST_5 spanning? : True
Are all ISTs independent? : True

====TEST CR(714, 103, 206)====
Is IST_0 spanning? : True
Is IST_1 spanning? : True
Is IST_2 spanning? : True
Is IST_3 spanning? : True
Is IST_4 spanning? : True
Is IST_5 spanning? : True
Are all ISTs independent? : True

====TEST CR(715, 103, 206)====
Is IST_0 spanning? : True
Is IST_1 spanning? : True
Is IST_2 spanning? : True
Is IST_3 spanning? : True
Is IST_4 spanning? : True
Is IST_5 spanning? : True
Are all ISTs independent? : True

====TEST CR(716, 103, 206)====
Is IST_0 spanning? : True
Is IST_1 spanning? : True
Is IST_2 spanning? : True
Is IST_3 spanning? : True
Is IST_4 spanning? : True
Is IST_5 spanning? : True
Are all ISTs independent? : True

====TEST CR(717, 103, 206)====
Is IST_0 spanning? : True
Is IST_1 spanning? : True
Is IST_2 spanning? : True
Is IST_3 spanning? : True
Is IST_4 spanning? : True
Is IST_5 spanning? : True
Are all ISTs independent? : True

====TEST CR(718, 103, 206)====
Is IST_0 spanning? : True
Is IST_1 spanning? : True
Is IST_2 spanning? : True
Is IST_3 spanning? : True
Is IST_4 spanning? : True
Is IST_5 spanning? : True
Are all ISTs independent? : True

====TEST CR(719, 103, 206)====
Is IST_0 spanning? : True
Is IST_1 spanning? : True
Is IST_2 spanning? : True
Is IST_3 spanning? : True
Is IST_4 spanning? : True
Is IST_5 spanning? : True
Are all ISTs independent? : True

====TEST CR(720, 103, 206)====
Is IST_0 spanning? : True
Is IST_1 spanning? : True
Is IST_2 spanning? : True
Is IST_3 spanning? : True
Is IST_4 spanning? : True
Is IST_5 spanning? : True
Are all ISTs independent? : True

====TEST CR(721, 103, 206)====
Is IST_0 spanning? : True
Is IST_1 spanning? : True
Is IST_2 spanning? : True
Is IST_3 spanning? : True
Is IST_4 spanning? : True
Is IST_5 spanning? : True
Are all ISTs independent? : True

====TEST CR(722, 103, 206)====
Is IST_0 spanning? : True
Is IST_1 spanning? : True
Is IST_2 spanning? : True
Is IST_3 spanning? : True
Is IST_4 spanning? : True
Is IST_5 spanning? : True
Are all ISTs independent? : True

====TEST CR(723, 103, 206)====
Is IST_0 spanning? : True
Is IST_1 spanning? : True
Is IST_2 spanning? : True
Is IST_3 spanning? : True
Is IST_4 spanning? : True
Is IST_5 spanning? : True
Are all ISTs independent? : True

====TEST CR(724, 103, 206)====
Is IST_0 spanning? : True
Is IST_1 spanning? : True
Is IST_2 spanning? : True
Is IST_3 spanning? : True
Is IST_4 spanning? : True
Is IST_5 spanning? : True
Are all ISTs independent? : True

====TEST CR(725, 103, 206)====
Is IST_0 spanning? : True
Is IST_1 spanning? : True
Is IST_2 spanning? : True
Is IST_3 spanning? : True
Is IST_4 spanning? : True
Is IST_5 spanning? : True
Are all ISTs independent? : True

====TEST CR(726, 103, 206)====
Is IST_0 spanning? : True
Is IST_1 spanning? : True
Is IST_2 spanning? : True
Is IST_3 spanning? : True
Is IST_4 spanning? : True
Is IST_5 spanning? : True
Are all ISTs independent? : True

====TEST CR(727, 103, 206)====
Is IST_0 spanning? : True
Is IST_1 spanning? : True
Is IST_2 spanning? : True
Is IST_3 spanning? : True
Is IST_4 spanning? : True
Is IST_5 spanning? : True
Are all ISTs independent? : True

====TEST CR(728, 103, 206)====
Is IST_0 spanning? : True
Is IST_1 spanning? : True
Is IST_2 spanning? : True
Is IST_3 spanning? : True
Is IST_4 spanning? : True
Is IST_5 spanning? : True
Are all ISTs independent? : True

====TEST CR(729, 103, 206)====
Is IST_0 spanning? : True
Is IST_1 spanning? : True
Is IST_2 spanning? : True
Is IST_3 spanning? : True
Is IST_4 spanning? : True
Is IST_5 spanning? : True
Are all ISTs independent? : True

====TEST CR(730, 103, 206)====
Is IST_0 spanning? : True
Is IST_1 spanning? : True
Is IST_2 spanning? : True
Is IST_3 spanning? : True
Is IST_4 spanning? : True
Is IST_5 spanning? : True
Are all ISTs independent? : True

====TEST CR(731, 103, 206)====
Is IST_0 spanning? : True
Is IST_1 spanning? : True
Is IST_2 spanning? : True
Is IST_3 spanning? : True
Is IST_4 spanning? : True
Is IST_5 spanning? : True
Are all ISTs independent? : True

====TEST CR(732, 103, 206)====
Is IST_0 spanning? : True
Is IST_1 spanning? : True
Is IST_2 spanning? : True
Is IST_3 spanning? : True
Is IST_4 spanning? : True
Is IST_5 spanning? : True
Are all ISTs independent? : True

====TEST CR(733, 103, 206)====
Is IST_0 spanning? : True
Is IST_1 spanning? : True
Is IST_2 spanning? : True
Is IST_3 spanning? : True
Is IST_4 spanning? : True
Is IST_5 spanning? : True
Are all ISTs independent? : True

====TEST CR(734, 103, 206)====
Is IST_0 spanning? : True
Is IST_1 spanning? : True
Is IST_2 spanning? : True
Is IST_3 spanning? : True
Is IST_4 spanning? : True
Is IST_5 spanning? : True
Are all ISTs independent? : True

====TEST CR(735, 103, 206)====
Is IST_0 spanning? : True
Is IST_1 spanning? : True
Is IST_2 spanning? : True
Is IST_3 spanning? : True
Is IST_4 spanning? : True
Is IST_5 spanning? : True
Are all ISTs independent? : True

====TEST CR(736, 103, 206)====
Is IST_0 spanning? : True
Is IST_1 spanning? : True
Is IST_2 spanning? : True
Is IST_3 spanning? : True
Is IST_4 spanning? : True
Is IST_5 spanning? : True
Are all ISTs independent? : True

====TEST CR(737, 103, 206)====
Is IST_0 spanning? : True
Is IST_1 spanning? : True
Is IST_2 spanning? : True
Is IST_3 spanning? : True
Is IST_4 spanning? : True
Is IST_5 spanning? : True
Are all ISTs independent? : True

====TEST CR(738, 103, 206)====
Is IST_0 spanning? : True
Is IST_1 spanning? : True
Is IST_2 spanning? : True
Is IST_3 spanning? : True
Is IST_4 spanning? : True
Is IST_5 spanning? : True
Are all ISTs independent? : True

====TEST CR(739, 103, 206)====
Is IST_0 spanning? : True
Is IST_1 spanning? : True
Is IST_2 spanning? : True
Is IST_3 spanning? : True
Is IST_4 spanning? : True
Is IST_5 spanning? : True
Are all ISTs independent? : True

====TEST CR(740, 103, 206)====
Is IST_0 spanning? : True
Is IST_1 spanning? : True
Is IST_2 spanning? : True
Is IST_3 spanning? : True
Is IST_4 spanning? : True
Is IST_5 spanning? : True
Are all ISTs independent? : True

====TEST CR(741, 103, 206)====
Is IST_0 spanning? : True
Is IST_1 spanning? : True
Is IST_2 spanning? : True
Is IST_3 spanning? : True
Is IST_4 spanning? : True
Is IST_5 spanning? : True
Are all ISTs independent? : True

====TEST CR(742, 103, 206)====
Is IST_0 spanning? : True
Is IST_1 spanning? : True
Is IST_2 spanning? : True
Is IST_3 spanning? : True
Is IST_4 spanning? : True
Is IST_5 spanning? : True
Are all ISTs independent? : True

====TEST CR(743, 103, 206)====
Is IST_0 spanning? : True
Is IST_1 spanning? : True
Is IST_2 spanning? : True
Is IST_3 spanning? : True
Is IST_4 spanning? : True
Is IST_5 spanning? : True
Are all ISTs independent? : True

====TEST CR(744, 103, 206)====
Is IST_0 spanning? : True
Is IST_1 spanning? : True
Is IST_2 spanning? : True
Is IST_3 spanning? : True
Is IST_4 spanning? : True
Is IST_5 spanning? : True
Are all ISTs independent? : True

====TEST CR(745, 103, 206)====
Is IST_0 spanning? : True
Is IST_1 spanning? : True
Is IST_2 spanning? : True
Is IST_3 spanning? : True
Is IST_4 spanning? : True
Is IST_5 spanning? : True
Are all ISTs independent? : True

====TEST CR(746, 103, 206)====
Is IST_0 spanning? : True
Is IST_1 spanning? : True
Is IST_2 spanning? : True
Is IST_3 spanning? : True
Is IST_4 spanning? : True
Is IST_5 spanning? : True
Are all ISTs independent? : True

====TEST CR(624, 104, 208)====
Is IST_0 spanning? : True
Is IST_1 spanning? : True
Is IST_2 spanning? : True
Is IST_3 spanning? : True
Is IST_4 spanning? : True
Is IST_5 spanning? : True
Are all ISTs independent? : True

====TEST CR(625, 104, 208)====
Is IST_0 spanning? : True
Is IST_1 spanning? : True
Is IST_2 spanning? : True
Is IST_3 spanning? : True
Is IST_4 spanning? : True
Is IST_5 spanning? : True
Are all ISTs independent? : True

====TEST CR(626, 104, 208)====
Is IST_0 spanning? : True
Is IST_1 spanning? : True
Is IST_2 spanning? : True
Is IST_3 spanning? : True
Is IST_4 spanning? : True
Is IST_5 spanning? : True
Are all ISTs independent? : True

====TEST CR(627, 104, 208)====
Is IST_0 spanning? : True
Is IST_1 spanning? : True
Is IST_2 spanning? : True
Is IST_3 spanning? : True
Is IST_4 spanning? : True
Is IST_5 spanning? : True
Are all ISTs independent? : True

====TEST CR(628, 104, 208)====
Is IST_0 spanning? : True
Is IST_1 spanning? : True
Is IST_2 spanning? : True
Is IST_3 spanning? : True
Is IST_4 spanning? : True
Is IST_5 spanning? : True
Are all ISTs independent? : True

====TEST CR(629, 104, 208)====
Is IST_0 spanning? : True
Is IST_1 spanning? : True
Is IST_2 spanning? : True
Is IST_3 spanning? : True
Is IST_4 spanning? : True
Is IST_5 spanning? : True
Are all ISTs independent? : True

====TEST CR(630, 104, 208)====
Is IST_0 spanning? : True
Is IST_1 spanning? : True
Is IST_2 spanning? : True
Is IST_3 spanning? : True
Is IST_4 spanning? : True
Is IST_5 spanning? : True
Are all ISTs independent? : True

====TEST CR(631, 104, 208)====
Is IST_0 spanning? : True
Is IST_1 spanning? : True
Is IST_2 spanning? : True
Is IST_3 spanning? : True
Is IST_4 spanning? : True
Is IST_5 spanning? : True
Are all ISTs independent? : True

====TEST CR(632, 104, 208)====
Is IST_0 spanning? : True
Is IST_1 spanning? : True
Is IST_2 spanning? : True
Is IST_3 spanning? : True
Is IST_4 spanning? : True
Is IST_5 spanning? : True
Are all ISTs independent? : True

====TEST CR(633, 104, 208)====
Is IST_0 spanning? : True
Is IST_1 spanning? : True
Is IST_2 spanning? : True
Is IST_3 spanning? : True
Is IST_4 spanning? : True
Is IST_5 spanning? : True
Are all ISTs independent? : True

====TEST CR(634, 104, 208)====
Is IST_0 spanning? : True
Is IST_1 spanning? : True
Is IST_2 spanning? : True
Is IST_3 spanning? : True
Is IST_4 spanning? : True
Is IST_5 spanning? : True
Are all ISTs independent? : True

====TEST CR(635, 104, 208)====
Is IST_0 spanning? : True
Is IST_1 spanning? : True
Is IST_2 spanning? : True
Is IST_3 spanning? : True
Is IST_4 spanning? : True
Is IST_5 spanning? : True
Are all ISTs independent? : True

====TEST CR(636, 104, 208)====
Is IST_0 spanning? : True
Is IST_1 spanning? : True
Is IST_2 spanning? : True
Is IST_3 spanning? : True
Is IST_4 spanning? : True
Is IST_5 spanning? : True
Are all ISTs independent? : True

====TEST CR(637, 104, 208)====
Is IST_0 spanning? : True
Is IST_1 spanning? : True
Is IST_2 spanning? : True
Is IST_3 spanning? : True
Is IST_4 spanning? : True
Is IST_5 spanning? : True
Are all ISTs independent? : True

====TEST CR(638, 104, 208)====
Is IST_0 spanning? : True
Is IST_1 spanning? : True
Is IST_2 spanning? : True
Is IST_3 spanning? : True
Is IST_4 spanning? : True
Is IST_5 spanning? : True
Are all ISTs independent? : True

====TEST CR(639, 104, 208)====
Is IST_0 spanning? : True
Is IST_1 spanning? : True
Is IST_2 spanning? : True
Is IST_3 spanning? : True
Is IST_4 spanning? : True
Is IST_5 spanning? : True
Are all ISTs independent? : True

====TEST CR(640, 104, 208)====
Is IST_0 spanning? : True
Is IST_1 spanning? : True
Is IST_2 spanning? : True
Is IST_3 spanning? : True
Is IST_4 spanning? : True
Is IST_5 spanning? : True
Are all ISTs independent? : True

====TEST CR(641, 104, 208)====
Is IST_0 spanning? : True
Is IST_1 spanning? : True
Is IST_2 spanning? : True
Is IST_3 spanning? : True
Is IST_4 spanning? : True
Is IST_5 spanning? : True
Are all ISTs independent? : True

====TEST CR(642, 104, 208)====
Is IST_0 spanning? : True
Is IST_1 spanning? : True
Is IST_2 spanning? : True
Is IST_3 spanning? : True
Is IST_4 spanning? : True
Is IST_5 spanning? : True
Are all ISTs independent? : True

====TEST CR(643, 104, 208)====
Is IST_0 spanning? : True
Is IST_1 spanning? : True
Is IST_2 spanning? : True
Is IST_3 spanning? : True
Is IST_4 spanning? : True
Is IST_5 spanning? : True
Are all ISTs independent? : True

====TEST CR(644, 104, 208)====
Is IST_0 spanning? : True
Is IST_1 spanning? : True
Is IST_2 spanning? : True
Is IST_3 spanning? : True
Is IST_4 spanning? : True
Is IST_5 spanning? : True
Are all ISTs independent? : True

====TEST CR(645, 104, 208)====
Is IST_0 spanning? : True
Is IST_1 spanning? : True
Is IST_2 spanning? : True
Is IST_3 spanning? : True
Is IST_4 spanning? : True
Is IST_5 spanning? : True
Are all ISTs independent? : True

====TEST CR(646, 104, 208)====
Is IST_0 spanning? : True
Is IST_1 spanning? : True
Is IST_2 spanning? : True
Is IST_3 spanning? : True
Is IST_4 spanning? : True
Is IST_5 spanning? : True
Are all ISTs independent? : True

====TEST CR(647, 104, 208)====
Is IST_0 spanning? : True
Is IST_1 spanning? : True
Is IST_2 spanning? : True
Is IST_3 spanning? : True
Is IST_4 spanning? : True
Is IST_5 spanning? : True
Are all ISTs independent? : True

====TEST CR(648, 104, 208)====
Is IST_0 spanning? : True
Is IST_1 spanning? : True
Is IST_2 spanning? : True
Is IST_3 spanning? : True
Is IST_4 spanning? : True
Is IST_5 spanning? : True
Are all ISTs independent? : True

====TEST CR(649, 104, 208)====
Is IST_0 spanning? : True
Is IST_1 spanning? : True
Is IST_2 spanning? : True
Is IST_3 spanning? : True
Is IST_4 spanning? : True
Is IST_5 spanning? : True
Are all ISTs independent? : True

====TEST CR(650, 104, 208)====
Is IST_0 spanning? : True
Is IST_1 spanning? : True
Is IST_2 spanning? : True
Is IST_3 spanning? : True
Is IST_4 spanning? : True
Is IST_5 spanning? : True
Are all ISTs independent? : True

====TEST CR(651, 104, 208)====
Is IST_0 spanning? : True
Is IST_1 spanning? : True
Is IST_2 spanning? : True
Is IST_3 spanning? : True
Is IST_4 spanning? : True
Is IST_5 spanning? : True
Are all ISTs independent? : True

====TEST CR(652, 104, 208)====
Is IST_0 spanning? : True
Is IST_1 spanning? : True
Is IST_2 spanning? : True
Is IST_3 spanning? : True
Is IST_4 spanning? : True
Is IST_5 spanning? : True
Are all ISTs independent? : True

====TEST CR(653, 104, 208)====
Is IST_0 spanning? : True
Is IST_1 spanning? : True
Is IST_2 spanning? : True
Is IST_3 spanning? : True
Is IST_4 spanning? : True
Is IST_5 spanning? : True
Are all ISTs independent? : True

====TEST CR(654, 104, 208)====
Is IST_0 spanning? : True
Is IST_1 spanning? : True
Is IST_2 spanning? : True
Is IST_3 spanning? : True
Is IST_4 spanning? : True
Is IST_5 spanning? : True
Are all ISTs independent? : True

====TEST CR(655, 104, 208)====
Is IST_0 spanning? : True
Is IST_1 spanning? : True
Is IST_2 spanning? : True
Is IST_3 spanning? : True
Is IST_4 spanning? : True
Is IST_5 spanning? : True
Are all ISTs independent? : True

====TEST CR(656, 104, 208)====
Is IST_0 spanning? : True
Is IST_1 spanning? : True
Is IST_2 spanning? : True
Is IST_3 spanning? : True
Is IST_4 spanning? : True
Is IST_5 spanning? : True
Are all ISTs independent? : True

====TEST CR(657, 104, 208)====
Is IST_0 spanning? : True
Is IST_1 spanning? : True
Is IST_2 spanning? : True
Is IST_3 spanning? : True
Is IST_4 spanning? : True
Is IST_5 spanning? : True
Are all ISTs independent? : True

====TEST CR(658, 104, 208)====
Is IST_0 spanning? : True
Is IST_1 spanning? : True
Is IST_2 spanning? : True
Is IST_3 spanning? : True
Is IST_4 spanning? : True
Is IST_5 spanning? : True
Are all ISTs independent? : True

====TEST CR(659, 104, 208)====
Is IST_0 spanning? : True
Is IST_1 spanning? : True
Is IST_2 spanning? : True
Is IST_3 spanning? : True
Is IST_4 spanning? : True
Is IST_5 spanning? : True
Are all ISTs independent? : True

====TEST CR(660, 104, 208)====
Is IST_0 spanning? : True
Is IST_1 spanning? : True
Is IST_2 spanning? : True
Is IST_3 spanning? : True
Is IST_4 spanning? : True
Is IST_5 spanning? : True
Are all ISTs independent? : True

====TEST CR(661, 104, 208)====
Is IST_0 spanning? : True
Is IST_1 spanning? : True
Is IST_2 spanning? : True
Is IST_3 spanning? : True
Is IST_4 spanning? : True
Is IST_5 spanning? : True
Are all ISTs independent? : True

====TEST CR(662, 104, 208)====
Is IST_0 spanning? : True
Is IST_1 spanning? : True
Is IST_2 spanning? : True
Is IST_3 spanning? : True
Is IST_4 spanning? : True
Is IST_5 spanning? : True
Are all ISTs independent? : True

====TEST CR(663, 104, 208)====
Is IST_0 spanning? : True
Is IST_1 spanning? : True
Is IST_2 spanning? : True
Is IST_3 spanning? : True
Is IST_4 spanning? : True
Is IST_5 spanning? : True
Are all ISTs independent? : True

====TEST CR(664, 104, 208)====
Is IST_0 spanning? : True
Is IST_1 spanning? : True
Is IST_2 spanning? : True
Is IST_3 spanning? : True
Is IST_4 spanning? : True
Is IST_5 spanning? : True
Are all ISTs independent? : True

====TEST CR(665, 104, 208)====
Is IST_0 spanning? : True
Is IST_1 spanning? : True
Is IST_2 spanning? : True
Is IST_3 spanning? : True
Is IST_4 spanning? : True
Is IST_5 spanning? : True
Are all ISTs independent? : True

====TEST CR(666, 104, 208)====
Is IST_0 spanning? : True
Is IST_1 spanning? : True
Is IST_2 spanning? : True
Is IST_3 spanning? : True
Is IST_4 spanning? : True
Is IST_5 spanning? : True
Are all ISTs independent? : True

====TEST CR(667, 104, 208)====
Is IST_0 spanning? : True
Is IST_1 spanning? : True
Is IST_2 spanning? : True
Is IST_3 spanning? : True
Is IST_4 spanning? : True
Is IST_5 spanning? : True
Are all ISTs independent? : True

====TEST CR(668, 104, 208)====
Is IST_0 spanning? : True
Is IST_1 spanning? : True
Is IST_2 spanning? : True
Is IST_3 spanning? : True
Is IST_4 spanning? : True
Is IST_5 spanning? : True
Are all ISTs independent? : True

====TEST CR(669, 104, 208)====
Is IST_0 spanning? : True
Is IST_1 spanning? : True
Is IST_2 spanning? : True
Is IST_3 spanning? : True
Is IST_4 spanning? : True
Is IST_5 spanning? : True
Are all ISTs independent? : True

====TEST CR(670, 104, 208)====
Is IST_0 spanning? : True
Is IST_1 spanning? : True
Is IST_2 spanning? : True
Is IST_3 spanning? : True
Is IST_4 spanning? : True
Is IST_5 spanning? : True
Are all ISTs independent? : True

====TEST CR(671, 104, 208)====
Is IST_0 spanning? : True
Is IST_1 spanning? : True
Is IST_2 spanning? : True
Is IST_3 spanning? : True
Is IST_4 spanning? : True
Is IST_5 spanning? : True
Are all ISTs independent? : True

====TEST CR(672, 104, 208)====
Is IST_0 spanning? : True
Is IST_1 spanning? : True
Is IST_2 spanning? : True
Is IST_3 spanning? : True
Is IST_4 spanning? : True
Is IST_5 spanning? : True
Are all ISTs independent? : True

====TEST CR(673, 104, 208)====
Is IST_0 spanning? : True
Is IST_1 spanning? : True
Is IST_2 spanning? : True
Is IST_3 spanning? : True
Is IST_4 spanning? : True
Is IST_5 spanning? : True
Are all ISTs independent? : True

====TEST CR(674, 104, 208)====
Is IST_0 spanning? : True
Is IST_1 spanning? : True
Is IST_2 spanning? : True
Is IST_3 spanning? : True
Is IST_4 spanning? : True
Is IST_5 spanning? : True
Are all ISTs independent? : True

====TEST CR(675, 104, 208)====
Is IST_0 spanning? : True
Is IST_1 spanning? : True
Is IST_2 spanning? : True
Is IST_3 spanning? : True
Is IST_4 spanning? : True
Is IST_5 spanning? : True
Are all ISTs independent? : True

====TEST CR(676, 104, 208)====
Is IST_0 spanning? : True
Is IST_1 spanning? : True
Is IST_2 spanning? : True
Is IST_3 spanning? : True
Is IST_4 spanning? : True
Is IST_5 spanning? : True
Are all ISTs independent? : True

====TEST CR(677, 104, 208)====
Is IST_0 spanning? : True
Is IST_1 spanning? : True
Is IST_2 spanning? : True
Is IST_3 spanning? : True
Is IST_4 spanning? : True
Is IST_5 spanning? : True
Are all ISTs independent? : True

====TEST CR(678, 104, 208)====
Is IST_0 spanning? : True
Is IST_1 spanning? : True
Is IST_2 spanning? : True
Is IST_3 spanning? : True
Is IST_4 spanning? : True
Is IST_5 spanning? : True
Are all ISTs independent? : True

====TEST CR(679, 104, 208)====
Is IST_0 spanning? : True
Is IST_1 spanning? : True
Is IST_2 spanning? : True
Is IST_3 spanning? : True
Is IST_4 spanning? : True
Is IST_5 spanning? : True
Are all ISTs independent? : True

====TEST CR(680, 104, 208)====
Is IST_0 spanning? : True
Is IST_1 spanning? : True
Is IST_2 spanning? : True
Is IST_3 spanning? : True
Is IST_4 spanning? : True
Is IST_5 spanning? : True
Are all ISTs independent? : True

====TEST CR(681, 104, 208)====
Is IST_0 spanning? : True
Is IST_1 spanning? : True
Is IST_2 spanning? : True
Is IST_3 spanning? : True
Is IST_4 spanning? : True
Is IST_5 spanning? : True
Are all ISTs independent? : True

====TEST CR(682, 104, 208)====
Is IST_0 spanning? : True
Is IST_1 spanning? : True
Is IST_2 spanning? : True
Is IST_3 spanning? : True
Is IST_4 spanning? : True
Is IST_5 spanning? : True
Are all ISTs independent? : True

====TEST CR(683, 104, 208)====
Is IST_0 spanning? : True
Is IST_1 spanning? : True
Is IST_2 spanning? : True
Is IST_3 spanning? : True
Is IST_4 spanning? : True
Is IST_5 spanning? : True
Are all ISTs independent? : True

====TEST CR(684, 104, 208)====
Is IST_0 spanning? : True
Is IST_1 spanning? : True
Is IST_2 spanning? : True
Is IST_3 spanning? : True
Is IST_4 spanning? : True
Is IST_5 spanning? : True
Are all ISTs independent? : True

====TEST CR(685, 104, 208)====
Is IST_0 spanning? : True
Is IST_1 spanning? : True
Is IST_2 spanning? : True
Is IST_3 spanning? : True
Is IST_4 spanning? : True
Is IST_5 spanning? : True
Are all ISTs independent? : True

====TEST CR(686, 104, 208)====
Is IST_0 spanning? : True
Is IST_1 spanning? : True
Is IST_2 spanning? : True
Is IST_3 spanning? : True
Is IST_4 spanning? : True
Is IST_5 spanning? : True
Are all ISTs independent? : True

====TEST CR(687, 104, 208)====
Is IST_0 spanning? : True
Is IST_1 spanning? : True
Is IST_2 spanning? : True
Is IST_3 spanning? : True
Is IST_4 spanning? : True
Is IST_5 spanning? : True
Are all ISTs independent? : True

====TEST CR(688, 104, 208)====
Is IST_0 spanning? : True
Is IST_1 spanning? : True
Is IST_2 spanning? : True
Is IST_3 spanning? : True
Is IST_4 spanning? : True
Is IST_5 spanning? : True
Are all ISTs independent? : True

====TEST CR(689, 104, 208)====
Is IST_0 spanning? : True
Is IST_1 spanning? : True
Is IST_2 spanning? : True
Is IST_3 spanning? : True
Is IST_4 spanning? : True
Is IST_5 spanning? : True
Are all ISTs independent? : True

====TEST CR(690, 104, 208)====
Is IST_0 spanning? : True
Is IST_1 spanning? : True
Is IST_2 spanning? : True
Is IST_3 spanning? : True
Is IST_4 spanning? : True
Is IST_5 spanning? : True
Are all ISTs independent? : True

====TEST CR(691, 104, 208)====
Is IST_0 spanning? : True
Is IST_1 spanning? : True
Is IST_2 spanning? : True
Is IST_3 spanning? : True
Is IST_4 spanning? : True
Is IST_5 spanning? : True
Are all ISTs independent? : True

====TEST CR(692, 104, 208)====
Is IST_0 spanning? : True
Is IST_1 spanning? : True
Is IST_2 spanning? : True
Is IST_3 spanning? : True
Is IST_4 spanning? : True
Is IST_5 spanning? : True
Are all ISTs independent? : True

====TEST CR(693, 104, 208)====
Is IST_0 spanning? : True
Is IST_1 spanning? : True
Is IST_2 spanning? : True
Is IST_3 spanning? : True
Is IST_4 spanning? : True
Is IST_5 spanning? : True
Are all ISTs independent? : True

====TEST CR(694, 104, 208)====
Is IST_0 spanning? : True
Is IST_1 spanning? : True
Is IST_2 spanning? : True
Is IST_3 spanning? : True
Is IST_4 spanning? : True
Is IST_5 spanning? : True
Are all ISTs independent? : True

====TEST CR(695, 104, 208)====
Is IST_0 spanning? : True
Is IST_1 spanning? : True
Is IST_2 spanning? : True
Is IST_3 spanning? : True
Is IST_4 spanning? : True
Is IST_5 spanning? : True
Are all ISTs independent? : True

====TEST CR(696, 104, 208)====
Is IST_0 spanning? : True
Is IST_1 spanning? : True
Is IST_2 spanning? : True
Is IST_3 spanning? : True
Is IST_4 spanning? : True
Is IST_5 spanning? : True
Are all ISTs independent? : True

====TEST CR(697, 104, 208)====
Is IST_0 spanning? : True
Is IST_1 spanning? : True
Is IST_2 spanning? : True
Is IST_3 spanning? : True
Is IST_4 spanning? : True
Is IST_5 spanning? : True
Are all ISTs independent? : True

====TEST CR(698, 104, 208)====
Is IST_0 spanning? : True
Is IST_1 spanning? : True
Is IST_2 spanning? : True
Is IST_3 spanning? : True
Is IST_4 spanning? : True
Is IST_5 spanning? : True
Are all ISTs independent? : True

====TEST CR(699, 104, 208)====
Is IST_0 spanning? : True
Is IST_1 spanning? : True
Is IST_2 spanning? : True
Is IST_3 spanning? : True
Is IST_4 spanning? : True
Is IST_5 spanning? : True
Are all ISTs independent? : True

====TEST CR(700, 104, 208)====
Is IST_0 spanning? : True
Is IST_1 spanning? : True
Is IST_2 spanning? : True
Is IST_3 spanning? : True
Is IST_4 spanning? : True
Is IST_5 spanning? : True
Are all ISTs independent? : True

====TEST CR(701, 104, 208)====
Is IST_0 spanning? : True
Is IST_1 spanning? : True
Is IST_2 spanning? : True
Is IST_3 spanning? : True
Is IST_4 spanning? : True
Is IST_5 spanning? : True
Are all ISTs independent? : True

====TEST CR(702, 104, 208)====
Is IST_0 spanning? : True
Is IST_1 spanning? : True
Is IST_2 spanning? : True
Is IST_3 spanning? : True
Is IST_4 spanning? : True
Is IST_5 spanning? : True
Are all ISTs independent? : True

====TEST CR(703, 104, 208)====
Is IST_0 spanning? : True
Is IST_1 spanning? : True
Is IST_2 spanning? : True
Is IST_3 spanning? : True
Is IST_4 spanning? : True
Is IST_5 spanning? : True
Are all ISTs independent? : True

====TEST CR(704, 104, 208)====
Is IST_0 spanning? : True
Is IST_1 spanning? : True
Is IST_2 spanning? : True
Is IST_3 spanning? : True
Is IST_4 spanning? : True
Is IST_5 spanning? : True
Are all ISTs independent? : True

====TEST CR(705, 104, 208)====
Is IST_0 spanning? : True
Is IST_1 spanning? : True
Is IST_2 spanning? : True
Is IST_3 spanning? : True
Is IST_4 spanning? : True
Is IST_5 spanning? : True
Are all ISTs independent? : True

====TEST CR(706, 104, 208)====
Is IST_0 spanning? : True
Is IST_1 spanning? : True
Is IST_2 spanning? : True
Is IST_3 spanning? : True
Is IST_4 spanning? : True
Is IST_5 spanning? : True
Are all ISTs independent? : True

====TEST CR(707, 104, 208)====
Is IST_0 spanning? : True
Is IST_1 spanning? : True
Is IST_2 spanning? : True
Is IST_3 spanning? : True
Is IST_4 spanning? : True
Is IST_5 spanning? : True
Are all ISTs independent? : True

====TEST CR(708, 104, 208)====
Is IST_0 spanning? : True
Is IST_1 spanning? : True
Is IST_2 spanning? : True
Is IST_3 spanning? : True
Is IST_4 spanning? : True
Is IST_5 spanning? : True
Are all ISTs independent? : True

====TEST CR(709, 104, 208)====
Is IST_0 spanning? : True
Is IST_1 spanning? : True
Is IST_2 spanning? : True
Is IST_3 spanning? : True
Is IST_4 spanning? : True
Is IST_5 spanning? : True
Are all ISTs independent? : True

====TEST CR(710, 104, 208)====
Is IST_0 spanning? : True
Is IST_1 spanning? : True
Is IST_2 spanning? : True
Is IST_3 spanning? : True
Is IST_4 spanning? : True
Is IST_5 spanning? : True
Are all ISTs independent? : True

====TEST CR(711, 104, 208)====
Is IST_0 spanning? : True
Is IST_1 spanning? : True
Is IST_2 spanning? : True
Is IST_3 spanning? : True
Is IST_4 spanning? : True
Is IST_5 spanning? : True
Are all ISTs independent? : True

====TEST CR(712, 104, 208)====
Is IST_0 spanning? : True
Is IST_1 spanning? : True
Is IST_2 spanning? : True
Is IST_3 spanning? : True
Is IST_4 spanning? : True
Is IST_5 spanning? : True
Are all ISTs independent? : True

====TEST CR(713, 104, 208)====
Is IST_0 spanning? : True
Is IST_1 spanning? : True
Is IST_2 spanning? : True
Is IST_3 spanning? : True
Is IST_4 spanning? : True
Is IST_5 spanning? : True
Are all ISTs independent? : True

====TEST CR(714, 104, 208)====
Is IST_0 spanning? : True
Is IST_1 spanning? : True
Is IST_2 spanning? : True
Is IST_3 spanning? : True
Is IST_4 spanning? : True
Is IST_5 spanning? : True
Are all ISTs independent? : True

====TEST CR(715, 104, 208)====
Is IST_0 spanning? : True
Is IST_1 spanning? : True
Is IST_2 spanning? : True
Is IST_3 spanning? : True
Is IST_4 spanning? : True
Is IST_5 spanning? : True
Are all ISTs independent? : True

====TEST CR(716, 104, 208)====
Is IST_0 spanning? : True
Is IST_1 spanning? : True
Is IST_2 spanning? : True
Is IST_3 spanning? : True
Is IST_4 spanning? : True
Is IST_5 spanning? : True
Are all ISTs independent? : True

====TEST CR(717, 104, 208)====
Is IST_0 spanning? : True
Is IST_1 spanning? : True
Is IST_2 spanning? : True
Is IST_3 spanning? : True
Is IST_4 spanning? : True
Is IST_5 spanning? : True
Are all ISTs independent? : True

====TEST CR(718, 104, 208)====
Is IST_0 spanning? : True
Is IST_1 spanning? : True
Is IST_2 spanning? : True
Is IST_3 spanning? : True
Is IST_4 spanning? : True
Is IST_5 spanning? : True
Are all ISTs independent? : True

====TEST CR(719, 104, 208)====
Is IST_0 spanning? : True
Is IST_1 spanning? : True
Is IST_2 spanning? : True
Is IST_3 spanning? : True
Is IST_4 spanning? : True
Is IST_5 spanning? : True
Are all ISTs independent? : True

====TEST CR(720, 104, 208)====
Is IST_0 spanning? : True
Is IST_1 spanning? : True
Is IST_2 spanning? : True
Is IST_3 spanning? : True
Is IST_4 spanning? : True
Is IST_5 spanning? : True
Are all ISTs independent? : True

====TEST CR(721, 104, 208)====
Is IST_0 spanning? : True
Is IST_1 spanning? : True
Is IST_2 spanning? : True
Is IST_3 spanning? : True
Is IST_4 spanning? : True
Is IST_5 spanning? : True
Are all ISTs independent? : True

====TEST CR(722, 104, 208)====
Is IST_0 spanning? : True
Is IST_1 spanning? : True
Is IST_2 spanning? : True
Is IST_3 spanning? : True
Is IST_4 spanning? : True
Is IST_5 spanning? : True
Are all ISTs independent? : True

====TEST CR(723, 104, 208)====
Is IST_0 spanning? : True
Is IST_1 spanning? : True
Is IST_2 spanning? : True
Is IST_3 spanning? : True
Is IST_4 spanning? : True
Is IST_5 spanning? : True
Are all ISTs independent? : True

====TEST CR(724, 104, 208)====
Is IST_0 spanning? : True
Is IST_1 spanning? : True
Is IST_2 spanning? : True
Is IST_3 spanning? : True
Is IST_4 spanning? : True
Is IST_5 spanning? : True
Are all ISTs independent? : True

====TEST CR(725, 104, 208)====
Is IST_0 spanning? : True
Is IST_1 spanning? : True
Is IST_2 spanning? : True
Is IST_3 spanning? : True
Is IST_4 spanning? : True
Is IST_5 spanning? : True
Are all ISTs independent? : True

====TEST CR(726, 104, 208)====
Is IST_0 spanning? : True
Is IST_1 spanning? : True
Is IST_2 spanning? : True
Is IST_3 spanning? : True
Is IST_4 spanning? : True
Is IST_5 spanning? : True
Are all ISTs independent? : True

====TEST CR(727, 104, 208)====
Is IST_0 spanning? : True
Is IST_1 spanning? : True
Is IST_2 spanning? : True
Is IST_3 spanning? : True
Is IST_4 spanning? : True
Is IST_5 spanning? : True
Are all ISTs independent? : True

====TEST CR(728, 104, 208)====
Is IST_0 spanning? : True
Is IST_1 spanning? : True
Is IST_2 spanning? : True
Is IST_3 spanning? : True
Is IST_4 spanning? : True
Is IST_5 spanning? : True
Are all ISTs independent? : True

====TEST CR(729, 104, 208)====
Is IST_0 spanning? : True
Is IST_1 spanning? : True
Is IST_2 spanning? : True
Is IST_3 spanning? : True
Is IST_4 spanning? : True
Is IST_5 spanning? : True
Are all ISTs independent? : True

====TEST CR(730, 104, 208)====
Is IST_0 spanning? : True
Is IST_1 spanning? : True
Is IST_2 spanning? : True
Is IST_3 spanning? : True
Is IST_4 spanning? : True
Is IST_5 spanning? : True
Are all ISTs independent? : True

====TEST CR(731, 104, 208)====
Is IST_0 spanning? : True
Is IST_1 spanning? : True
Is IST_2 spanning? : True
Is IST_3 spanning? : True
Is IST_4 spanning? : True
Is IST_5 spanning? : True
Are all ISTs independent? : True

====TEST CR(732, 104, 208)====
Is IST_0 spanning? : True
Is IST_1 spanning? : True
Is IST_2 spanning? : True
Is IST_3 spanning? : True
Is IST_4 spanning? : True
Is IST_5 spanning? : True
Are all ISTs independent? : True

====TEST CR(733, 104, 208)====
Is IST_0 spanning? : True
Is IST_1 spanning? : True
Is IST_2 spanning? : True
Is IST_3 spanning? : True
Is IST_4 spanning? : True
Is IST_5 spanning? : True
Are all ISTs independent? : True

====TEST CR(734, 104, 208)====
Is IST_0 spanning? : True
Is IST_1 spanning? : True
Is IST_2 spanning? : True
Is IST_3 spanning? : True
Is IST_4 spanning? : True
Is IST_5 spanning? : True
Are all ISTs independent? : True

====TEST CR(735, 104, 208)====
Is IST_0 spanning? : True
Is IST_1 spanning? : True
Is IST_2 spanning? : True
Is IST_3 spanning? : True
Is IST_4 spanning? : True
Is IST_5 spanning? : True
Are all ISTs independent? : True

====TEST CR(736, 104, 208)====
Is IST_0 spanning? : True
Is IST_1 spanning? : True
Is IST_2 spanning? : True
Is IST_3 spanning? : True
Is IST_4 spanning? : True
Is IST_5 spanning? : True
Are all ISTs independent? : True

====TEST CR(737, 104, 208)====
Is IST_0 spanning? : True
Is IST_1 spanning? : True
Is IST_2 spanning? : True
Is IST_3 spanning? : True
Is IST_4 spanning? : True
Is IST_5 spanning? : True
Are all ISTs independent? : True

====TEST CR(738, 104, 208)====
Is IST_0 spanning? : True
Is IST_1 spanning? : True
Is IST_2 spanning? : True
Is IST_3 spanning? : True
Is IST_4 spanning? : True
Is IST_5 spanning? : True
Are all ISTs independent? : True

====TEST CR(739, 104, 208)====
Is IST_0 spanning? : True
Is IST_1 spanning? : True
Is IST_2 spanning? : True
Is IST_3 spanning? : True
Is IST_4 spanning? : True
Is IST_5 spanning? : True
Are all ISTs independent? : True

====TEST CR(740, 104, 208)====
Is IST_0 spanning? : True
Is IST_1 spanning? : True
Is IST_2 spanning? : True
Is IST_3 spanning? : True
Is IST_4 spanning? : True
Is IST_5 spanning? : True
Are all ISTs independent? : True

====TEST CR(741, 104, 208)====
Is IST_0 spanning? : True
Is IST_1 spanning? : True
Is IST_2 spanning? : True
Is IST_3 spanning? : True
Is IST_4 spanning? : True
Is IST_5 spanning? : True
Are all ISTs independent? : True

====TEST CR(742, 104, 208)====
Is IST_0 spanning? : True
Is IST_1 spanning? : True
Is IST_2 spanning? : True
Is IST_3 spanning? : True
Is IST_4 spanning? : True
Is IST_5 spanning? : True
Are all ISTs independent? : True

====TEST CR(743, 104, 208)====
Is IST_0 spanning? : True
Is IST_1 spanning? : True
Is IST_2 spanning? : True
Is IST_3 spanning? : True
Is IST_4 spanning? : True
Is IST_5 spanning? : True
Are all ISTs independent? : True

====TEST CR(744, 104, 208)====
Is IST_0 spanning? : True
Is IST_1 spanning? : True
Is IST_2 spanning? : True
Is IST_3 spanning? : True
Is IST_4 spanning? : True
Is IST_5 spanning? : True
Are all ISTs independent? : True

====TEST CR(745, 104, 208)====
Is IST_0 spanning? : True
Is IST_1 spanning? : True
Is IST_2 spanning? : True
Is IST_3 spanning? : True
Is IST_4 spanning? : True
Is IST_5 spanning? : True
Are all ISTs independent? : True

====TEST CR(746, 104, 208)====
Is IST_0 spanning? : True
Is IST_1 spanning? : True
Is IST_2 spanning? : True
Is IST_3 spanning? : True
Is IST_4 spanning? : True
Is IST_5 spanning? : True
Are all ISTs independent? : True

====TEST CR(747, 104, 208)====
Is IST_0 spanning? : True
Is IST_1 spanning? : True
Is IST_2 spanning? : True
Is IST_3 spanning? : True
Is IST_4 spanning? : True
Is IST_5 spanning? : True
Are all ISTs independent? : True

====TEST CR(748, 104, 208)====
Is IST_0 spanning? : True
Is IST_1 spanning? : True
Is IST_2 spanning? : True
Is IST_3 spanning? : True
Is IST_4 spanning? : True
Is IST_5 spanning? : True
Are all ISTs independent? : True

====TEST CR(749, 104, 208)====
Is IST_0 spanning? : True
Is IST_1 spanning? : True
Is IST_2 spanning? : True
Is IST_3 spanning? : True
Is IST_4 spanning? : True
Is IST_5 spanning? : True
Are all ISTs independent? : True

====TEST CR(750, 104, 208)====
Is IST_0 spanning? : True
Is IST_1 spanning? : True
Is IST_2 spanning? : True
Is IST_3 spanning? : True
Is IST_4 spanning? : True
Is IST_5 spanning? : True
Are all ISTs independent? : True

====TEST CR(751, 104, 208)====
Is IST_0 spanning? : True
Is IST_1 spanning? : True
Is IST_2 spanning? : True
Is IST_3 spanning? : True
Is IST_4 spanning? : True
Is IST_5 spanning? : True
Are all ISTs independent? : True

====TEST CR(752, 104, 208)====
Is IST_0 spanning? : True
Is IST_1 spanning? : True
Is IST_2 spanning? : True
Is IST_3 spanning? : True
Is IST_4 spanning? : True
Is IST_5 spanning? : True
Are all ISTs independent? : True

====TEST CR(630, 105, 210)====
Is IST_0 spanning? : True
Is IST_1 spanning? : True
Is IST_2 spanning? : True
Is IST_3 spanning? : True
Is IST_4 spanning? : True
Is IST_5 spanning? : True
Are all ISTs independent? : True

====TEST CR(631, 105, 210)====
Is IST_0 spanning? : True
Is IST_1 spanning? : True
Is IST_2 spanning? : True
Is IST_3 spanning? : True
Is IST_4 spanning? : True
Is IST_5 spanning? : True
Are all ISTs independent? : True

====TEST CR(632, 105, 210)====
Is IST_0 spanning? : True
Is IST_1 spanning? : True
Is IST_2 spanning? : True
Is IST_3 spanning? : True
Is IST_4 spanning? : True
Is IST_5 spanning? : True
Are all ISTs independent? : True

====TEST CR(633, 105, 210)====
Is IST_0 spanning? : True
Is IST_1 spanning? : True
Is IST_2 spanning? : True
Is IST_3 spanning? : True
Is IST_4 spanning? : True
Is IST_5 spanning? : True
Are all ISTs independent? : True

====TEST CR(634, 105, 210)====
Is IST_0 spanning? : True
Is IST_1 spanning? : True
Is IST_2 spanning? : True
Is IST_3 spanning? : True
Is IST_4 spanning? : True
Is IST_5 spanning? : True
Are all ISTs independent? : True

====TEST CR(635, 105, 210)====
Is IST_0 spanning? : True
Is IST_1 spanning? : True
Is IST_2 spanning? : True
Is IST_3 spanning? : True
Is IST_4 spanning? : True
Is IST_5 spanning? : True
Are all ISTs independent? : True

====TEST CR(636, 105, 210)====
Is IST_0 spanning? : True
Is IST_1 spanning? : True
Is IST_2 spanning? : True
Is IST_3 spanning? : True
Is IST_4 spanning? : True
Is IST_5 spanning? : True
Are all ISTs independent? : True

====TEST CR(637, 105, 210)====
Is IST_0 spanning? : True
Is IST_1 spanning? : True
Is IST_2 spanning? : True
Is IST_3 spanning? : True
Is IST_4 spanning? : True
Is IST_5 spanning? : True
Are all ISTs independent? : True

====TEST CR(638, 105, 210)====
Is IST_0 spanning? : True
Is IST_1 spanning? : True
Is IST_2 spanning? : True
Is IST_3 spanning? : True
Is IST_4 spanning? : True
Is IST_5 spanning? : True
Are all ISTs independent? : True

====TEST CR(639, 105, 210)====
Is IST_0 spanning? : True
Is IST_1 spanning? : True
Is IST_2 spanning? : True
Is IST_3 spanning? : True
Is IST_4 spanning? : True
Is IST_5 spanning? : True
Are all ISTs independent? : True

====TEST CR(640, 105, 210)====
Is IST_0 spanning? : True
Is IST_1 spanning? : True
Is IST_2 spanning? : True
Is IST_3 spanning? : True
Is IST_4 spanning? : True
Is IST_5 spanning? : True
Are all ISTs independent? : True

====TEST CR(641, 105, 210)====
Is IST_0 spanning? : True
Is IST_1 spanning? : True
Is IST_2 spanning? : True
Is IST_3 spanning? : True
Is IST_4 spanning? : True
Is IST_5 spanning? : True
Are all ISTs independent? : True

====TEST CR(642, 105, 210)====
Is IST_0 spanning? : True
Is IST_1 spanning? : True
Is IST_2 spanning? : True
Is IST_3 spanning? : True
Is IST_4 spanning? : True
Is IST_5 spanning? : True
Are all ISTs independent? : True

====TEST CR(643, 105, 210)====
Is IST_0 spanning? : True
Is IST_1 spanning? : True
Is IST_2 spanning? : True
Is IST_3 spanning? : True
Is IST_4 spanning? : True
Is IST_5 spanning? : True
Are all ISTs independent? : True

====TEST CR(644, 105, 210)====
Is IST_0 spanning? : True
Is IST_1 spanning? : True
Is IST_2 spanning? : True
Is IST_3 spanning? : True
Is IST_4 spanning? : True
Is IST_5 spanning? : True
Are all ISTs independent? : True

====TEST CR(645, 105, 210)====
Is IST_0 spanning? : True
Is IST_1 spanning? : True
Is IST_2 spanning? : True
Is IST_3 spanning? : True
Is IST_4 spanning? : True
Is IST_5 spanning? : True
Are all ISTs independent? : True

====TEST CR(646, 105, 210)====
Is IST_0 spanning? : True
Is IST_1 spanning? : True
Is IST_2 spanning? : True
Is IST_3 spanning? : True
Is IST_4 spanning? : True
Is IST_5 spanning? : True
Are all ISTs independent? : True

====TEST CR(647, 105, 210)====
Is IST_0 spanning? : True
Is IST_1 spanning? : True
Is IST_2 spanning? : True
Is IST_3 spanning? : True
Is IST_4 spanning? : True
Is IST_5 spanning? : True
Are all ISTs independent? : True

====TEST CR(648, 105, 210)====
Is IST_0 spanning? : True
Is IST_1 spanning? : True
Is IST_2 spanning? : True
Is IST_3 spanning? : True
Is IST_4 spanning? : True
Is IST_5 spanning? : True
Are all ISTs independent? : True

====TEST CR(649, 105, 210)====
Is IST_0 spanning? : True
Is IST_1 spanning? : True
Is IST_2 spanning? : True
Is IST_3 spanning? : True
Is IST_4 spanning? : True
Is IST_5 spanning? : True
Are all ISTs independent? : True

====TEST CR(650, 105, 210)====
Is IST_0 spanning? : True
Is IST_1 spanning? : True
Is IST_2 spanning? : True
Is IST_3 spanning? : True
Is IST_4 spanning? : True
Is IST_5 spanning? : True
Are all ISTs independent? : True

====TEST CR(651, 105, 210)====
Is IST_0 spanning? : True
Is IST_1 spanning? : True
Is IST_2 spanning? : True
Is IST_3 spanning? : True
Is IST_4 spanning? : True
Is IST_5 spanning? : True
Are all ISTs independent? : True

====TEST CR(652, 105, 210)====
Is IST_0 spanning? : True
Is IST_1 spanning? : True
Is IST_2 spanning? : True
Is IST_3 spanning? : True
Is IST_4 spanning? : True
Is IST_5 spanning? : True
Are all ISTs independent? : True

====TEST CR(653, 105, 210)====
Is IST_0 spanning? : True
Is IST_1 spanning? : True
Is IST_2 spanning? : True
Is IST_3 spanning? : True
Is IST_4 spanning? : True
Is IST_5 spanning? : True
Are all ISTs independent? : True

====TEST CR(654, 105, 210)====
Is IST_0 spanning? : True
Is IST_1 spanning? : True
Is IST_2 spanning? : True
Is IST_3 spanning? : True
Is IST_4 spanning? : True
Is IST_5 spanning? : True
Are all ISTs independent? : True

====TEST CR(655, 105, 210)====
Is IST_0 spanning? : True
Is IST_1 spanning? : True
Is IST_2 spanning? : True
Is IST_3 spanning? : True
Is IST_4 spanning? : True
Is IST_5 spanning? : True
Are all ISTs independent? : True

====TEST CR(656, 105, 210)====
Is IST_0 spanning? : True
Is IST_1 spanning? : True
Is IST_2 spanning? : True
Is IST_3 spanning? : True
Is IST_4 spanning? : True
Is IST_5 spanning? : True
Are all ISTs independent? : True

====TEST CR(657, 105, 210)====
Is IST_0 spanning? : True
Is IST_1 spanning? : True
Is IST_2 spanning? : True
Is IST_3 spanning? : True
Is IST_4 spanning? : True
Is IST_5 spanning? : True
Are all ISTs independent? : True

====TEST CR(658, 105, 210)====
Is IST_0 spanning? : True
Is IST_1 spanning? : True
Is IST_2 spanning? : True
Is IST_3 spanning? : True
Is IST_4 spanning? : True
Is IST_5 spanning? : True
Are all ISTs independent? : True

====TEST CR(659, 105, 210)====
Is IST_0 spanning? : True
Is IST_1 spanning? : True
Is IST_2 spanning? : True
Is IST_3 spanning? : True
Is IST_4 spanning? : True
Is IST_5 spanning? : True
Are all ISTs independent? : True

====TEST CR(660, 105, 210)====
Is IST_0 spanning? : True
Is IST_1 spanning? : True
Is IST_2 spanning? : True
Is IST_3 spanning? : True
Is IST_4 spanning? : True
Is IST_5 spanning? : True
Are all ISTs independent? : True

====TEST CR(661, 105, 210)====
Is IST_0 spanning? : True
Is IST_1 spanning? : True
Is IST_2 spanning? : True
Is IST_3 spanning? : True
Is IST_4 spanning? : True
Is IST_5 spanning? : True
Are all ISTs independent? : True

====TEST CR(662, 105, 210)====
Is IST_0 spanning? : True
Is IST_1 spanning? : True
Is IST_2 spanning? : True
Is IST_3 spanning? : True
Is IST_4 spanning? : True
Is IST_5 spanning? : True
Are all ISTs independent? : True

====TEST CR(663, 105, 210)====
Is IST_0 spanning? : True
Is IST_1 spanning? : True
Is IST_2 spanning? : True
Is IST_3 spanning? : True
Is IST_4 spanning? : True
Is IST_5 spanning? : True
Are all ISTs independent? : True

====TEST CR(664, 105, 210)====
Is IST_0 spanning? : True
Is IST_1 spanning? : True
Is IST_2 spanning? : True
Is IST_3 spanning? : True
Is IST_4 spanning? : True
Is IST_5 spanning? : True
Are all ISTs independent? : True

====TEST CR(665, 105, 210)====
Is IST_0 spanning? : True
Is IST_1 spanning? : True
Is IST_2 spanning? : True
Is IST_3 spanning? : True
Is IST_4 spanning? : True
Is IST_5 spanning? : True
Are all ISTs independent? : True

====TEST CR(666, 105, 210)====
Is IST_0 spanning? : True
Is IST_1 spanning? : True
Is IST_2 spanning? : True
Is IST_3 spanning? : True
Is IST_4 spanning? : True
Is IST_5 spanning? : True
Are all ISTs independent? : True

====TEST CR(667, 105, 210)====
Is IST_0 spanning? : True
Is IST_1 spanning? : True
Is IST_2 spanning? : True
Is IST_3 spanning? : True
Is IST_4 spanning? : True
Is IST_5 spanning? : True
Are all ISTs independent? : True

====TEST CR(668, 105, 210)====
Is IST_0 spanning? : True
Is IST_1 spanning? : True
Is IST_2 spanning? : True
Is IST_3 spanning? : True
Is IST_4 spanning? : True
Is IST_5 spanning? : True
Are all ISTs independent? : True

====TEST CR(669, 105, 210)====
Is IST_0 spanning? : True
Is IST_1 spanning? : True
Is IST_2 spanning? : True
Is IST_3 spanning? : True
Is IST_4 spanning? : True
Is IST_5 spanning? : True
Are all ISTs independent? : True

====TEST CR(670, 105, 210)====
Is IST_0 spanning? : True
Is IST_1 spanning? : True
Is IST_2 spanning? : True
Is IST_3 spanning? : True
Is IST_4 spanning? : True
Is IST_5 spanning? : True
Are all ISTs independent? : True

====TEST CR(671, 105, 210)====
Is IST_0 spanning? : True
Is IST_1 spanning? : True
Is IST_2 spanning? : True
Is IST_3 spanning? : True
Is IST_4 spanning? : True
Is IST_5 spanning? : True
Are all ISTs independent? : True

====TEST CR(672, 105, 210)====
Is IST_0 spanning? : True
Is IST_1 spanning? : True
Is IST_2 spanning? : True
Is IST_3 spanning? : True
Is IST_4 spanning? : True
Is IST_5 spanning? : True
Are all ISTs independent? : True

====TEST CR(673, 105, 210)====
Is IST_0 spanning? : True
Is IST_1 spanning? : True
Is IST_2 spanning? : True
Is IST_3 spanning? : True
Is IST_4 spanning? : True
Is IST_5 spanning? : True
Are all ISTs independent? : True

====TEST CR(674, 105, 210)====
Is IST_0 spanning? : True
Is IST_1 spanning? : True
Is IST_2 spanning? : True
Is IST_3 spanning? : True
Is IST_4 spanning? : True
Is IST_5 spanning? : True
Are all ISTs independent? : True

====TEST CR(675, 105, 210)====
Is IST_0 spanning? : True
Is IST_1 spanning? : True
Is IST_2 spanning? : True
Is IST_3 spanning? : True
Is IST_4 spanning? : True
Is IST_5 spanning? : True
Are all ISTs independent? : True

====TEST CR(676, 105, 210)====
Is IST_0 spanning? : True
Is IST_1 spanning? : True
Is IST_2 spanning? : True
Is IST_3 spanning? : True
Is IST_4 spanning? : True
Is IST_5 spanning? : True
Are all ISTs independent? : True

====TEST CR(677, 105, 210)====
Is IST_0 spanning? : True
Is IST_1 spanning? : True
Is IST_2 spanning? : True
Is IST_3 spanning? : True
Is IST_4 spanning? : True
Is IST_5 spanning? : True
Are all ISTs independent? : True

====TEST CR(678, 105, 210)====
Is IST_0 spanning? : True
Is IST_1 spanning? : True
Is IST_2 spanning? : True
Is IST_3 spanning? : True
Is IST_4 spanning? : True
Is IST_5 spanning? : True
Are all ISTs independent? : True

====TEST CR(679, 105, 210)====
Is IST_0 spanning? : True
Is IST_1 spanning? : True
Is IST_2 spanning? : True
Is IST_3 spanning? : True
Is IST_4 spanning? : True
Is IST_5 spanning? : True
Are all ISTs independent? : True

====TEST CR(680, 105, 210)====
Is IST_0 spanning? : True
Is IST_1 spanning? : True
Is IST_2 spanning? : True
Is IST_3 spanning? : True
Is IST_4 spanning? : True
Is IST_5 spanning? : True
Are all ISTs independent? : True

====TEST CR(681, 105, 210)====
Is IST_0 spanning? : True
Is IST_1 spanning? : True
Is IST_2 spanning? : True
Is IST_3 spanning? : True
Is IST_4 spanning? : True
Is IST_5 spanning? : True
Are all ISTs independent? : True

====TEST CR(682, 105, 210)====
Is IST_0 spanning? : True
Is IST_1 spanning? : True
Is IST_2 spanning? : True
Is IST_3 spanning? : True
Is IST_4 spanning? : True
Is IST_5 spanning? : True
Are all ISTs independent? : True

====TEST CR(683, 105, 210)====
Is IST_0 spanning? : True
Is IST_1 spanning? : True
Is IST_2 spanning? : True
Is IST_3 spanning? : True
Is IST_4 spanning? : True
Is IST_5 spanning? : True
Are all ISTs independent? : True

====TEST CR(684, 105, 210)====
Is IST_0 spanning? : True
Is IST_1 spanning? : True
Is IST_2 spanning? : True
Is IST_3 spanning? : True
Is IST_4 spanning? : True
Is IST_5 spanning? : True
Are all ISTs independent? : True

====TEST CR(685, 105, 210)====
Is IST_0 spanning? : True
Is IST_1 spanning? : True
Is IST_2 spanning? : True
Is IST_3 spanning? : True
Is IST_4 spanning? : True
Is IST_5 spanning? : True
Are all ISTs independent? : True

====TEST CR(686, 105, 210)====
Is IST_0 spanning? : True
Is IST_1 spanning? : True
Is IST_2 spanning? : True
Is IST_3 spanning? : True
Is IST_4 spanning? : True
Is IST_5 spanning? : True
Are all ISTs independent? : True

====TEST CR(687, 105, 210)====
Is IST_0 spanning? : True
Is IST_1 spanning? : True
Is IST_2 spanning? : True
Is IST_3 spanning? : True
Is IST_4 spanning? : True
Is IST_5 spanning? : True
Are all ISTs independent? : True

====TEST CR(688, 105, 210)====
Is IST_0 spanning? : True
Is IST_1 spanning? : True
Is IST_2 spanning? : True
Is IST_3 spanning? : True
Is IST_4 spanning? : True
Is IST_5 spanning? : True
Are all ISTs independent? : True

====TEST CR(689, 105, 210)====
Is IST_0 spanning? : True
Is IST_1 spanning? : True
Is IST_2 spanning? : True
Is IST_3 spanning? : True
Is IST_4 spanning? : True
Is IST_5 spanning? : True
Are all ISTs independent? : True

====TEST CR(690, 105, 210)====
Is IST_0 spanning? : True
Is IST_1 spanning? : True
Is IST_2 spanning? : True
Is IST_3 spanning? : True
Is IST_4 spanning? : True
Is IST_5 spanning? : True
Are all ISTs independent? : True

====TEST CR(691, 105, 210)====
Is IST_0 spanning? : True
Is IST_1 spanning? : True
Is IST_2 spanning? : True
Is IST_3 spanning? : True
Is IST_4 spanning? : True
Is IST_5 spanning? : True
Are all ISTs independent? : True

====TEST CR(692, 105, 210)====
Is IST_0 spanning? : True
Is IST_1 spanning? : True
Is IST_2 spanning? : True
Is IST_3 spanning? : True
Is IST_4 spanning? : True
Is IST_5 spanning? : True
Are all ISTs independent? : True

====TEST CR(693, 105, 210)====
Is IST_0 spanning? : True
Is IST_1 spanning? : True
Is IST_2 spanning? : True
Is IST_3 spanning? : True
Is IST_4 spanning? : True
Is IST_5 spanning? : True
Are all ISTs independent? : True

====TEST CR(694, 105, 210)====
Is IST_0 spanning? : True
Is IST_1 spanning? : True
Is IST_2 spanning? : True
Is IST_3 spanning? : True
Is IST_4 spanning? : True
Is IST_5 spanning? : True
Are all ISTs independent? : True

====TEST CR(695, 105, 210)====
Is IST_0 spanning? : True
Is IST_1 spanning? : True
Is IST_2 spanning? : True
Is IST_3 spanning? : True
Is IST_4 spanning? : True
Is IST_5 spanning? : True
Are all ISTs independent? : True

====TEST CR(696, 105, 210)====
Is IST_0 spanning? : True
Is IST_1 spanning? : True
Is IST_2 spanning? : True
Is IST_3 spanning? : True
Is IST_4 spanning? : True
Is IST_5 spanning? : True
Are all ISTs independent? : True

====TEST CR(697, 105, 210)====
Is IST_0 spanning? : True
Is IST_1 spanning? : True
Is IST_2 spanning? : True
Is IST_3 spanning? : True
Is IST_4 spanning? : True
Is IST_5 spanning? : True
Are all ISTs independent? : True

====TEST CR(698, 105, 210)====
Is IST_0 spanning? : True
Is IST_1 spanning? : True
Is IST_2 spanning? : True
Is IST_3 spanning? : True
Is IST_4 spanning? : True
Is IST_5 spanning? : True
Are all ISTs independent? : True

====TEST CR(699, 105, 210)====
Is IST_0 spanning? : True
Is IST_1 spanning? : True
Is IST_2 spanning? : True
Is IST_3 spanning? : True
Is IST_4 spanning? : True
Is IST_5 spanning? : True
Are all ISTs independent? : True

====TEST CR(700, 105, 210)====
Is IST_0 spanning? : True
Is IST_1 spanning? : True
Is IST_2 spanning? : True
Is IST_3 spanning? : True
Is IST_4 spanning? : True
Is IST_5 spanning? : True
Are all ISTs independent? : True

====TEST CR(701, 105, 210)====
Is IST_0 spanning? : True
Is IST_1 spanning? : True
Is IST_2 spanning? : True
Is IST_3 spanning? : True
Is IST_4 spanning? : True
Is IST_5 spanning? : True
Are all ISTs independent? : True

====TEST CR(702, 105, 210)====
Is IST_0 spanning? : True
Is IST_1 spanning? : True
Is IST_2 spanning? : True
Is IST_3 spanning? : True
Is IST_4 spanning? : True
Is IST_5 spanning? : True
Are all ISTs independent? : True

====TEST CR(703, 105, 210)====
Is IST_0 spanning? : True
Is IST_1 spanning? : True
Is IST_2 spanning? : True
Is IST_3 spanning? : True
Is IST_4 spanning? : True
Is IST_5 spanning? : True
Are all ISTs independent? : True

====TEST CR(704, 105, 210)====
Is IST_0 spanning? : True
Is IST_1 spanning? : True
Is IST_2 spanning? : True
Is IST_3 spanning? : True
Is IST_4 spanning? : True
Is IST_5 spanning? : True
Are all ISTs independent? : True

====TEST CR(705, 105, 210)====
Is IST_0 spanning? : True
Is IST_1 spanning? : True
Is IST_2 spanning? : True
Is IST_3 spanning? : True
Is IST_4 spanning? : True
Is IST_5 spanning? : True
Are all ISTs independent? : True

====TEST CR(706, 105, 210)====
Is IST_0 spanning? : True
Is IST_1 spanning? : True
Is IST_2 spanning? : True
Is IST_3 spanning? : True
Is IST_4 spanning? : True
Is IST_5 spanning? : True
Are all ISTs independent? : True

====TEST CR(707, 105, 210)====
Is IST_0 spanning? : True
Is IST_1 spanning? : True
Is IST_2 spanning? : True
Is IST_3 spanning? : True
Is IST_4 spanning? : True
Is IST_5 spanning? : True
Are all ISTs independent? : True

====TEST CR(708, 105, 210)====
Is IST_0 spanning? : True
Is IST_1 spanning? : True
Is IST_2 spanning? : True
Is IST_3 spanning? : True
Is IST_4 spanning? : True
Is IST_5 spanning? : True
Are all ISTs independent? : True

====TEST CR(709, 105, 210)====
Is IST_0 spanning? : True
Is IST_1 spanning? : True
Is IST_2 spanning? : True
Is IST_3 spanning? : True
Is IST_4 spanning? : True
Is IST_5 spanning? : True
Are all ISTs independent? : True

====TEST CR(710, 105, 210)====
Is IST_0 spanning? : True
Is IST_1 spanning? : True
Is IST_2 spanning? : True
Is IST_3 spanning? : True
Is IST_4 spanning? : True
Is IST_5 spanning? : True
Are all ISTs independent? : True

====TEST CR(711, 105, 210)====
Is IST_0 spanning? : True
Is IST_1 spanning? : True
Is IST_2 spanning? : True
Is IST_3 spanning? : True
Is IST_4 spanning? : True
Is IST_5 spanning? : True
Are all ISTs independent? : True

====TEST CR(712, 105, 210)====
Is IST_0 spanning? : True
Is IST_1 spanning? : True
Is IST_2 spanning? : True
Is IST_3 spanning? : True
Is IST_4 spanning? : True
Is IST_5 spanning? : True
Are all ISTs independent? : True

====TEST CR(713, 105, 210)====
Is IST_0 spanning? : True
Is IST_1 spanning? : True
Is IST_2 spanning? : True
Is IST_3 spanning? : True
Is IST_4 spanning? : True
Is IST_5 spanning? : True
Are all ISTs independent? : True

====TEST CR(714, 105, 210)====
Is IST_0 spanning? : True
Is IST_1 spanning? : True
Is IST_2 spanning? : True
Is IST_3 spanning? : True
Is IST_4 spanning? : True
Is IST_5 spanning? : True
Are all ISTs independent? : True

====TEST CR(715, 105, 210)====
Is IST_0 spanning? : True
Is IST_1 spanning? : True
Is IST_2 spanning? : True
Is IST_3 spanning? : True
Is IST_4 spanning? : True
Is IST_5 spanning? : True
Are all ISTs independent? : True

====TEST CR(716, 105, 210)====
Is IST_0 spanning? : True
Is IST_1 spanning? : True
Is IST_2 spanning? : True
Is IST_3 spanning? : True
Is IST_4 spanning? : True
Is IST_5 spanning? : True
Are all ISTs independent? : True

====TEST CR(717, 105, 210)====
Is IST_0 spanning? : True
Is IST_1 spanning? : True
Is IST_2 spanning? : True
Is IST_3 spanning? : True
Is IST_4 spanning? : True
Is IST_5 spanning? : True
Are all ISTs independent? : True

====TEST CR(718, 105, 210)====
Is IST_0 spanning? : True
Is IST_1 spanning? : True
Is IST_2 spanning? : True
Is IST_3 spanning? : True
Is IST_4 spanning? : True
Is IST_5 spanning? : True
Are all ISTs independent? : True

====TEST CR(719, 105, 210)====
Is IST_0 spanning? : True
Is IST_1 spanning? : True
Is IST_2 spanning? : True
Is IST_3 spanning? : True
Is IST_4 spanning? : True
Is IST_5 spanning? : True
Are all ISTs independent? : True

====TEST CR(720, 105, 210)====
Is IST_0 spanning? : True
Is IST_1 spanning? : True
Is IST_2 spanning? : True
Is IST_3 spanning? : True
Is IST_4 spanning? : True
Is IST_5 spanning? : True
Are all ISTs independent? : True

====TEST CR(721, 105, 210)====
Is IST_0 spanning? : True
Is IST_1 spanning? : True
Is IST_2 spanning? : True
Is IST_3 spanning? : True
Is IST_4 spanning? : True
Is IST_5 spanning? : True
Are all ISTs independent? : True

====TEST CR(722, 105, 210)====
Is IST_0 spanning? : True
Is IST_1 spanning? : True
Is IST_2 spanning? : True
Is IST_3 spanning? : True
Is IST_4 spanning? : True
Is IST_5 spanning? : True
Are all ISTs independent? : True

====TEST CR(723, 105, 210)====
Is IST_0 spanning? : True
Is IST_1 spanning? : True
Is IST_2 spanning? : True
Is IST_3 spanning? : True
Is IST_4 spanning? : True
Is IST_5 spanning? : True
Are all ISTs independent? : True

====TEST CR(724, 105, 210)====
Is IST_0 spanning? : True
Is IST_1 spanning? : True
Is IST_2 spanning? : True
Is IST_3 spanning? : True
Is IST_4 spanning? : True
Is IST_5 spanning? : True
Are all ISTs independent? : True

====TEST CR(725, 105, 210)====
Is IST_0 spanning? : True
Is IST_1 spanning? : True
Is IST_2 spanning? : True
Is IST_3 spanning? : True
Is IST_4 spanning? : True
Is IST_5 spanning? : True
Are all ISTs independent? : True

====TEST CR(726, 105, 210)====
Is IST_0 spanning? : True
Is IST_1 spanning? : True
Is IST_2 spanning? : True
Is IST_3 spanning? : True
Is IST_4 spanning? : True
Is IST_5 spanning? : True
Are all ISTs independent? : True

====TEST CR(727, 105, 210)====
Is IST_0 spanning? : True
Is IST_1 spanning? : True
Is IST_2 spanning? : True
Is IST_3 spanning? : True
Is IST_4 spanning? : True
Is IST_5 spanning? : True
Are all ISTs independent? : True

====TEST CR(728, 105, 210)====
Is IST_0 spanning? : True
Is IST_1 spanning? : True
Is IST_2 spanning? : True
Is IST_3 spanning? : True
Is IST_4 spanning? : True
Is IST_5 spanning? : True
Are all ISTs independent? : True

====TEST CR(729, 105, 210)====
Is IST_0 spanning? : True
Is IST_1 spanning? : True
Is IST_2 spanning? : True
Is IST_3 spanning? : True
Is IST_4 spanning? : True
Is IST_5 spanning? : True
Are all ISTs independent? : True

====TEST CR(730, 105, 210)====
Is IST_0 spanning? : True
Is IST_1 spanning? : True
Is IST_2 spanning? : True
Is IST_3 spanning? : True
Is IST_4 spanning? : True
Is IST_5 spanning? : True
Are all ISTs independent? : True

====TEST CR(731, 105, 210)====
Is IST_0 spanning? : True
Is IST_1 spanning? : True
Is IST_2 spanning? : True
Is IST_3 spanning? : True
Is IST_4 spanning? : True
Is IST_5 spanning? : True
Are all ISTs independent? : True

====TEST CR(732, 105, 210)====
Is IST_0 spanning? : True
Is IST_1 spanning? : True
Is IST_2 spanning? : True
Is IST_3 spanning? : True
Is IST_4 spanning? : True
Is IST_5 spanning? : True
Are all ISTs independent? : True

====TEST CR(733, 105, 210)====
Is IST_0 spanning? : True
Is IST_1 spanning? : True
Is IST_2 spanning? : True
Is IST_3 spanning? : True
Is IST_4 spanning? : True
Is IST_5 spanning? : True
Are all ISTs independent? : True

====TEST CR(734, 105, 210)====
Is IST_0 spanning? : True
Is IST_1 spanning? : True
Is IST_2 spanning? : True
Is IST_3 spanning? : True
Is IST_4 spanning? : True
Is IST_5 spanning? : True
Are all ISTs independent? : True

====TEST CR(735, 105, 210)====
Is IST_0 spanning? : True
Is IST_1 spanning? : True
Is IST_2 spanning? : True
Is IST_3 spanning? : True
Is IST_4 spanning? : True
Is IST_5 spanning? : True
Are all ISTs independent? : True

====TEST CR(736, 105, 210)====
Is IST_0 spanning? : True
Is IST_1 spanning? : True
Is IST_2 spanning? : True
Is IST_3 spanning? : True
Is IST_4 spanning? : True
Is IST_5 spanning? : True
Are all ISTs independent? : True

====TEST CR(737, 105, 210)====
Is IST_0 spanning? : True
Is IST_1 spanning? : True
Is IST_2 spanning? : True
Is IST_3 spanning? : True
Is IST_4 spanning? : True
Is IST_5 spanning? : True
Are all ISTs independent? : True

====TEST CR(738, 105, 210)====
Is IST_0 spanning? : True
Is IST_1 spanning? : True
Is IST_2 spanning? : True
Is IST_3 spanning? : True
Is IST_4 spanning? : True
Is IST_5 spanning? : True
Are all ISTs independent? : True

====TEST CR(739, 105, 210)====
Is IST_0 spanning? : True
Is IST_1 spanning? : True
Is IST_2 spanning? : True
Is IST_3 spanning? : True
Is IST_4 spanning? : True
Is IST_5 spanning? : True
Are all ISTs independent? : True

====TEST CR(740, 105, 210)====
Is IST_0 spanning? : True
Is IST_1 spanning? : True
Is IST_2 spanning? : True
Is IST_3 spanning? : True
Is IST_4 spanning? : True
Is IST_5 spanning? : True
Are all ISTs independent? : True

====TEST CR(741, 105, 210)====
Is IST_0 spanning? : True
Is IST_1 spanning? : True
Is IST_2 spanning? : True
Is IST_3 spanning? : True
Is IST_4 spanning? : True
Is IST_5 spanning? : True
Are all ISTs independent? : True

====TEST CR(742, 105, 210)====
Is IST_0 spanning? : True
Is IST_1 spanning? : True
Is IST_2 spanning? : True
Is IST_3 spanning? : True
Is IST_4 spanning? : True
Is IST_5 spanning? : True
Are all ISTs independent? : True

====TEST CR(743, 105, 210)====
Is IST_0 spanning? : True
Is IST_1 spanning? : True
Is IST_2 spanning? : True
Is IST_3 spanning? : True
Is IST_4 spanning? : True
Is IST_5 spanning? : True
Are all ISTs independent? : True

====TEST CR(744, 105, 210)====
Is IST_0 spanning? : True
Is IST_1 spanning? : True
Is IST_2 spanning? : True
Is IST_3 spanning? : True
Is IST_4 spanning? : True
Is IST_5 spanning? : True
Are all ISTs independent? : True

====TEST CR(745, 105, 210)====
Is IST_0 spanning? : True
Is IST_1 spanning? : True
Is IST_2 spanning? : True
Is IST_3 spanning? : True
Is IST_4 spanning? : True
Is IST_5 spanning? : True
Are all ISTs independent? : True

====TEST CR(746, 105, 210)====
Is IST_0 spanning? : True
Is IST_1 spanning? : True
Is IST_2 spanning? : True
Is IST_3 spanning? : True
Is IST_4 spanning? : True
Is IST_5 spanning? : True
Are all ISTs independent? : True

====TEST CR(747, 105, 210)====
Is IST_0 spanning? : True
Is IST_1 spanning? : True
Is IST_2 spanning? : True
Is IST_3 spanning? : True
Is IST_4 spanning? : True
Is IST_5 spanning? : True
Are all ISTs independent? : True

====TEST CR(748, 105, 210)====
Is IST_0 spanning? : True
Is IST_1 spanning? : True
Is IST_2 spanning? : True
Is IST_3 spanning? : True
Is IST_4 spanning? : True
Is IST_5 spanning? : True
Are all ISTs independent? : True

====TEST CR(749, 105, 210)====
Is IST_0 spanning? : True
Is IST_1 spanning? : True
Is IST_2 spanning? : True
Is IST_3 spanning? : True
Is IST_4 spanning? : True
Is IST_5 spanning? : True
Are all ISTs independent? : True

====TEST CR(750, 105, 210)====
Is IST_0 spanning? : True
Is IST_1 spanning? : True
Is IST_2 spanning? : True
Is IST_3 spanning? : True
Is IST_4 spanning? : True
Is IST_5 spanning? : True
Are all ISTs independent? : True

====TEST CR(751, 105, 210)====
Is IST_0 spanning? : True
Is IST_1 spanning? : True
Is IST_2 spanning? : True
Is IST_3 spanning? : True
Is IST_4 spanning? : True
Is IST_5 spanning? : True
Are all ISTs independent? : True

====TEST CR(752, 105, 210)====
Is IST_0 spanning? : True
Is IST_1 spanning? : True
Is IST_2 spanning? : True
Is IST_3 spanning? : True
Is IST_4 spanning? : True
Is IST_5 spanning? : True
Are all ISTs independent? : True

====TEST CR(753, 105, 210)====
Is IST_0 spanning? : True
Is IST_1 spanning? : True
Is IST_2 spanning? : True
Is IST_3 spanning? : True
Is IST_4 spanning? : True
Is IST_5 spanning? : True
Are all ISTs independent? : True

====TEST CR(754, 105, 210)====
Is IST_0 spanning? : True
Is IST_1 spanning? : True
Is IST_2 spanning? : True
Is IST_3 spanning? : True
Is IST_4 spanning? : True
Is IST_5 spanning? : True
Are all ISTs independent? : True

====TEST CR(755, 105, 210)====
Is IST_0 spanning? : True
Is IST_1 spanning? : True
Is IST_2 spanning? : True
Is IST_3 spanning? : True
Is IST_4 spanning? : True
Is IST_5 spanning? : True
Are all ISTs independent? : True

====TEST CR(756, 105, 210)====
Is IST_0 spanning? : True
Is IST_1 spanning? : True
Is IST_2 spanning? : True
Is IST_3 spanning? : True
Is IST_4 spanning? : True
Is IST_5 spanning? : True
Are all ISTs independent? : True

====TEST CR(757, 105, 210)====
Is IST_0 spanning? : True
Is IST_1 spanning? : True
Is IST_2 spanning? : True
Is IST_3 spanning? : True
Is IST_4 spanning? : True
Is IST_5 spanning? : True
Are all ISTs independent? : True

====TEST CR(758, 105, 210)====
Is IST_0 spanning? : True
Is IST_1 spanning? : True
Is IST_2 spanning? : True
Is IST_3 spanning? : True
Is IST_4 spanning? : True
Is IST_5 spanning? : True
Are all ISTs independent? : True

====TEST CR(636, 106, 212)====
Is IST_0 spanning? : True
Is IST_1 spanning? : True
Is IST_2 spanning? : True
Is IST_3 spanning? : True
Is IST_4 spanning? : True
Is IST_5 spanning? : True
Are all ISTs independent? : True

====TEST CR(637, 106, 212)====
Is IST_0 spanning? : True
Is IST_1 spanning? : True
Is IST_2 spanning? : True
Is IST_3 spanning? : True
Is IST_4 spanning? : True
Is IST_5 spanning? : True
Are all ISTs independent? : True

====TEST CR(638, 106, 212)====
Is IST_0 spanning? : True
Is IST_1 spanning? : True
Is IST_2 spanning? : True
Is IST_3 spanning? : True
Is IST_4 spanning? : True
Is IST_5 spanning? : True
Are all ISTs independent? : True

====TEST CR(639, 106, 212)====
Is IST_0 spanning? : True
Is IST_1 spanning? : True
Is IST_2 spanning? : True
Is IST_3 spanning? : True
Is IST_4 spanning? : True
Is IST_5 spanning? : True
Are all ISTs independent? : True

====TEST CR(640, 106, 212)====
Is IST_0 spanning? : True
Is IST_1 spanning? : True
Is IST_2 spanning? : True
Is IST_3 spanning? : True
Is IST_4 spanning? : True
Is IST_5 spanning? : True
Are all ISTs independent? : True

====TEST CR(641, 106, 212)====
Is IST_0 spanning? : True
Is IST_1 spanning? : True
Is IST_2 spanning? : True
Is IST_3 spanning? : True
Is IST_4 spanning? : True
Is IST_5 spanning? : True
Are all ISTs independent? : True

====TEST CR(642, 106, 212)====
Is IST_0 spanning? : True
Is IST_1 spanning? : True
Is IST_2 spanning? : True
Is IST_3 spanning? : True
Is IST_4 spanning? : True
Is IST_5 spanning? : True
Are all ISTs independent? : True

====TEST CR(643, 106, 212)====
Is IST_0 spanning? : True
Is IST_1 spanning? : True
Is IST_2 spanning? : True
Is IST_3 spanning? : True
Is IST_4 spanning? : True
Is IST_5 spanning? : True
Are all ISTs independent? : True

====TEST CR(644, 106, 212)====
Is IST_0 spanning? : True
Is IST_1 spanning? : True
Is IST_2 spanning? : True
Is IST_3 spanning? : True
Is IST_4 spanning? : True
Is IST_5 spanning? : True
Are all ISTs independent? : True

====TEST CR(645, 106, 212)====
Is IST_0 spanning? : True
Is IST_1 spanning? : True
Is IST_2 spanning? : True
Is IST_3 spanning? : True
Is IST_4 spanning? : True
Is IST_5 spanning? : True
Are all ISTs independent? : True

====TEST CR(646, 106, 212)====
Is IST_0 spanning? : True
Is IST_1 spanning? : True
Is IST_2 spanning? : True
Is IST_3 spanning? : True
Is IST_4 spanning? : True
Is IST_5 spanning? : True
Are all ISTs independent? : True

====TEST CR(647, 106, 212)====
Is IST_0 spanning? : True
Is IST_1 spanning? : True
Is IST_2 spanning? : True
Is IST_3 spanning? : True
Is IST_4 spanning? : True
Is IST_5 spanning? : True
Are all ISTs independent? : True

====TEST CR(648, 106, 212)====
Is IST_0 spanning? : True
Is IST_1 spanning? : True
Is IST_2 spanning? : True
Is IST_3 spanning? : True
Is IST_4 spanning? : True
Is IST_5 spanning? : True
Are all ISTs independent? : True

====TEST CR(649, 106, 212)====
Is IST_0 spanning? : True
Is IST_1 spanning? : True
Is IST_2 spanning? : True
Is IST_3 spanning? : True
Is IST_4 spanning? : True
Is IST_5 spanning? : True
Are all ISTs independent? : True

====TEST CR(650, 106, 212)====
Is IST_0 spanning? : True
Is IST_1 spanning? : True
Is IST_2 spanning? : True
Is IST_3 spanning? : True
Is IST_4 spanning? : True
Is IST_5 spanning? : True
Are all ISTs independent? : True

====TEST CR(651, 106, 212)====
Is IST_0 spanning? : True
Is IST_1 spanning? : True
Is IST_2 spanning? : True
Is IST_3 spanning? : True
Is IST_4 spanning? : True
Is IST_5 spanning? : True
Are all ISTs independent? : True

====TEST CR(652, 106, 212)====
Is IST_0 spanning? : True
Is IST_1 spanning? : True
Is IST_2 spanning? : True
Is IST_3 spanning? : True
Is IST_4 spanning? : True
Is IST_5 spanning? : True
Are all ISTs independent? : True

====TEST CR(653, 106, 212)====
Is IST_0 spanning? : True
Is IST_1 spanning? : True
Is IST_2 spanning? : True
Is IST_3 spanning? : True
Is IST_4 spanning? : True
Is IST_5 spanning? : True
Are all ISTs independent? : True

====TEST CR(654, 106, 212)====
Is IST_0 spanning? : True
Is IST_1 spanning? : True
Is IST_2 spanning? : True
Is IST_3 spanning? : True
Is IST_4 spanning? : True
Is IST_5 spanning? : True
Are all ISTs independent? : True

====TEST CR(655, 106, 212)====
Is IST_0 spanning? : True
Is IST_1 spanning? : True
Is IST_2 spanning? : True
Is IST_3 spanning? : True
Is IST_4 spanning? : True
Is IST_5 spanning? : True
Are all ISTs independent? : True

====TEST CR(656, 106, 212)====
Is IST_0 spanning? : True
Is IST_1 spanning? : True
Is IST_2 spanning? : True
Is IST_3 spanning? : True
Is IST_4 spanning? : True
Is IST_5 spanning? : True
Are all ISTs independent? : True

====TEST CR(657, 106, 212)====
Is IST_0 spanning? : True
Is IST_1 spanning? : True
Is IST_2 spanning? : True
Is IST_3 spanning? : True
Is IST_4 spanning? : True
Is IST_5 spanning? : True
Are all ISTs independent? : True

====TEST CR(658, 106, 212)====
Is IST_0 spanning? : True
Is IST_1 spanning? : True
Is IST_2 spanning? : True
Is IST_3 spanning? : True
Is IST_4 spanning? : True
Is IST_5 spanning? : True
Are all ISTs independent? : True

====TEST CR(659, 106, 212)====
Is IST_0 spanning? : True
Is IST_1 spanning? : True
Is IST_2 spanning? : True
Is IST_3 spanning? : True
Is IST_4 spanning? : True
Is IST_5 spanning? : True
Are all ISTs independent? : True

====TEST CR(660, 106, 212)====
Is IST_0 spanning? : True
Is IST_1 spanning? : True
Is IST_2 spanning? : True
Is IST_3 spanning? : True
Is IST_4 spanning? : True
Is IST_5 spanning? : True
Are all ISTs independent? : True

====TEST CR(661, 106, 212)====
Is IST_0 spanning? : True
Is IST_1 spanning? : True
Is IST_2 spanning? : True
Is IST_3 spanning? : True
Is IST_4 spanning? : True
Is IST_5 spanning? : True
Are all ISTs independent? : True

====TEST CR(662, 106, 212)====
Is IST_0 spanning? : True
Is IST_1 spanning? : True
Is IST_2 spanning? : True
Is IST_3 spanning? : True
Is IST_4 spanning? : True
Is IST_5 spanning? : True
Are all ISTs independent? : True

====TEST CR(663, 106, 212)====
Is IST_0 spanning? : True
Is IST_1 spanning? : True
Is IST_2 spanning? : True
Is IST_3 spanning? : True
Is IST_4 spanning? : True
Is IST_5 spanning? : True
Are all ISTs independent? : True

====TEST CR(664, 106, 212)====
Is IST_0 spanning? : True
Is IST_1 spanning? : True
Is IST_2 spanning? : True
Is IST_3 spanning? : True
Is IST_4 spanning? : True
Is IST_5 spanning? : True
Are all ISTs independent? : True

====TEST CR(665, 106, 212)====
Is IST_0 spanning? : True
Is IST_1 spanning? : True
Is IST_2 spanning? : True
Is IST_3 spanning? : True
Is IST_4 spanning? : True
Is IST_5 spanning? : True
Are all ISTs independent? : True

====TEST CR(666, 106, 212)====
Is IST_0 spanning? : True
Is IST_1 spanning? : True
Is IST_2 spanning? : True
Is IST_3 spanning? : True
Is IST_4 spanning? : True
Is IST_5 spanning? : True
Are all ISTs independent? : True

====TEST CR(667, 106, 212)====
Is IST_0 spanning? : True
Is IST_1 spanning? : True
Is IST_2 spanning? : True
Is IST_3 spanning? : True
Is IST_4 spanning? : True
Is IST_5 spanning? : True
Are all ISTs independent? : True

====TEST CR(668, 106, 212)====
Is IST_0 spanning? : True
Is IST_1 spanning? : True
Is IST_2 spanning? : True
Is IST_3 spanning? : True
Is IST_4 spanning? : True
Is IST_5 spanning? : True
Are all ISTs independent? : True

====TEST CR(669, 106, 212)====
Is IST_0 spanning? : True
Is IST_1 spanning? : True
Is IST_2 spanning? : True
Is IST_3 spanning? : True
Is IST_4 spanning? : True
Is IST_5 spanning? : True
Are all ISTs independent? : True

====TEST CR(670, 106, 212)====
Is IST_0 spanning? : True
Is IST_1 spanning? : True
Is IST_2 spanning? : True
Is IST_3 spanning? : True
Is IST_4 spanning? : True
Is IST_5 spanning? : True
Are all ISTs independent? : True

====TEST CR(671, 106, 212)====
Is IST_0 spanning? : True
Is IST_1 spanning? : True
Is IST_2 spanning? : True
Is IST_3 spanning? : True
Is IST_4 spanning? : True
Is IST_5 spanning? : True
Are all ISTs independent? : True

====TEST CR(672, 106, 212)====
Is IST_0 spanning? : True
Is IST_1 spanning? : True
Is IST_2 spanning? : True
Is IST_3 spanning? : True
Is IST_4 spanning? : True
Is IST_5 spanning? : True
Are all ISTs independent? : True

====TEST CR(673, 106, 212)====
Is IST_0 spanning? : True
Is IST_1 spanning? : True
Is IST_2 spanning? : True
Is IST_3 spanning? : True
Is IST_4 spanning? : True
Is IST_5 spanning? : True
Are all ISTs independent? : True

====TEST CR(674, 106, 212)====
Is IST_0 spanning? : True
Is IST_1 spanning? : True
Is IST_2 spanning? : True
Is IST_3 spanning? : True
Is IST_4 spanning? : True
Is IST_5 spanning? : True
Are all ISTs independent? : True

====TEST CR(675, 106, 212)====
Is IST_0 spanning? : True
Is IST_1 spanning? : True
Is IST_2 spanning? : True
Is IST_3 spanning? : True
Is IST_4 spanning? : True
Is IST_5 spanning? : True
Are all ISTs independent? : True

====TEST CR(676, 106, 212)====
Is IST_0 spanning? : True
Is IST_1 spanning? : True
Is IST_2 spanning? : True
Is IST_3 spanning? : True
Is IST_4 spanning? : True
Is IST_5 spanning? : True
Are all ISTs independent? : True

====TEST CR(677, 106, 212)====
Is IST_0 spanning? : True
Is IST_1 spanning? : True
Is IST_2 spanning? : True
Is IST_3 spanning? : True
Is IST_4 spanning? : True
Is IST_5 spanning? : True
Are all ISTs independent? : True

====TEST CR(678, 106, 212)====
Is IST_0 spanning? : True
Is IST_1 spanning? : True
Is IST_2 spanning? : True
Is IST_3 spanning? : True
Is IST_4 spanning? : True
Is IST_5 spanning? : True
Are all ISTs independent? : True

====TEST CR(679, 106, 212)====
Is IST_0 spanning? : True
Is IST_1 spanning? : True
Is IST_2 spanning? : True
Is IST_3 spanning? : True
Is IST_4 spanning? : True
Is IST_5 spanning? : True
Are all ISTs independent? : True

====TEST CR(680, 106, 212)====
Is IST_0 spanning? : True
Is IST_1 spanning? : True
Is IST_2 spanning? : True
Is IST_3 spanning? : True
Is IST_4 spanning? : True
Is IST_5 spanning? : True
Are all ISTs independent? : True

====TEST CR(681, 106, 212)====
Is IST_0 spanning? : True
Is IST_1 spanning? : True
Is IST_2 spanning? : True
Is IST_3 spanning? : True
Is IST_4 spanning? : True
Is IST_5 spanning? : True
Are all ISTs independent? : True

====TEST CR(682, 106, 212)====
Is IST_0 spanning? : True
Is IST_1 spanning? : True
Is IST_2 spanning? : True
Is IST_3 spanning? : True
Is IST_4 spanning? : True
Is IST_5 spanning? : True
Are all ISTs independent? : True

====TEST CR(683, 106, 212)====
Is IST_0 spanning? : True
Is IST_1 spanning? : True
Is IST_2 spanning? : True
Is IST_3 spanning? : True
Is IST_4 spanning? : True
Is IST_5 spanning? : True
Are all ISTs independent? : True

====TEST CR(684, 106, 212)====
Is IST_0 spanning? : True
Is IST_1 spanning? : True
Is IST_2 spanning? : True
Is IST_3 spanning? : True
Is IST_4 spanning? : True
Is IST_5 spanning? : True
Are all ISTs independent? : True

====TEST CR(685, 106, 212)====
Is IST_0 spanning? : True
Is IST_1 spanning? : True
Is IST_2 spanning? : True
Is IST_3 spanning? : True
Is IST_4 spanning? : True
Is IST_5 spanning? : True
Are all ISTs independent? : True

====TEST CR(686, 106, 212)====
Is IST_0 spanning? : True
Is IST_1 spanning? : True
Is IST_2 spanning? : True
Is IST_3 spanning? : True
Is IST_4 spanning? : True
Is IST_5 spanning? : True
Are all ISTs independent? : True

====TEST CR(687, 106, 212)====
Is IST_0 spanning? : True
Is IST_1 spanning? : True
Is IST_2 spanning? : True
Is IST_3 spanning? : True
Is IST_4 spanning? : True
Is IST_5 spanning? : True
Are all ISTs independent? : True

====TEST CR(688, 106, 212)====
Is IST_0 spanning? : True
Is IST_1 spanning? : True
Is IST_2 spanning? : True
Is IST_3 spanning? : True
Is IST_4 spanning? : True
Is IST_5 spanning? : True
Are all ISTs independent? : True

====TEST CR(689, 106, 212)====
Is IST_0 spanning? : True
Is IST_1 spanning? : True
Is IST_2 spanning? : True
Is IST_3 spanning? : True
Is IST_4 spanning? : True
Is IST_5 spanning? : True
Are all ISTs independent? : True

====TEST CR(690, 106, 212)====
Is IST_0 spanning? : True
Is IST_1 spanning? : True
Is IST_2 spanning? : True
Is IST_3 spanning? : True
Is IST_4 spanning? : True
Is IST_5 spanning? : True
Are all ISTs independent? : True

====TEST CR(691, 106, 212)====
Is IST_0 spanning? : True
Is IST_1 spanning? : True
Is IST_2 spanning? : True
Is IST_3 spanning? : True
Is IST_4 spanning? : True
Is IST_5 spanning? : True
Are all ISTs independent? : True

====TEST CR(692, 106, 212)====
Is IST_0 spanning? : True
Is IST_1 spanning? : True
Is IST_2 spanning? : True
Is IST_3 spanning? : True
Is IST_4 spanning? : True
Is IST_5 spanning? : True
Are all ISTs independent? : True

====TEST CR(693, 106, 212)====
Is IST_0 spanning? : True
Is IST_1 spanning? : True
Is IST_2 spanning? : True
Is IST_3 spanning? : True
Is IST_4 spanning? : True
Is IST_5 spanning? : True
Are all ISTs independent? : True

====TEST CR(694, 106, 212)====
Is IST_0 spanning? : True
Is IST_1 spanning? : True
Is IST_2 spanning? : True
Is IST_3 spanning? : True
Is IST_4 spanning? : True
Is IST_5 spanning? : True
Are all ISTs independent? : True

====TEST CR(695, 106, 212)====
Is IST_0 spanning? : True
Is IST_1 spanning? : True
Is IST_2 spanning? : True
Is IST_3 spanning? : True
Is IST_4 spanning? : True
Is IST_5 spanning? : True
Are all ISTs independent? : True

====TEST CR(696, 106, 212)====
Is IST_0 spanning? : True
Is IST_1 spanning? : True
Is IST_2 spanning? : True
Is IST_3 spanning? : True
Is IST_4 spanning? : True
Is IST_5 spanning? : True
Are all ISTs independent? : True

====TEST CR(697, 106, 212)====
Is IST_0 spanning? : True
Is IST_1 spanning? : True
Is IST_2 spanning? : True
Is IST_3 spanning? : True
Is IST_4 spanning? : True
Is IST_5 spanning? : True
Are all ISTs independent? : True

====TEST CR(698, 106, 212)====
Is IST_0 spanning? : True
Is IST_1 spanning? : True
Is IST_2 spanning? : True
Is IST_3 spanning? : True
Is IST_4 spanning? : True
Is IST_5 spanning? : True
Are all ISTs independent? : True

====TEST CR(699, 106, 212)====
Is IST_0 spanning? : True
Is IST_1 spanning? : True
Is IST_2 spanning? : True
Is IST_3 spanning? : True
Is IST_4 spanning? : True
Is IST_5 spanning? : True
Are all ISTs independent? : True

====TEST CR(700, 106, 212)====
Is IST_0 spanning? : True
Is IST_1 spanning? : True
Is IST_2 spanning? : True
Is IST_3 spanning? : True
Is IST_4 spanning? : True
Is IST_5 spanning? : True
Are all ISTs independent? : True

====TEST CR(701, 106, 212)====
Is IST_0 spanning? : True
Is IST_1 spanning? : True
Is IST_2 spanning? : True
Is IST_3 spanning? : True
Is IST_4 spanning? : True
Is IST_5 spanning? : True
Are all ISTs independent? : True

====TEST CR(702, 106, 212)====
Is IST_0 spanning? : True
Is IST_1 spanning? : True
Is IST_2 spanning? : True
Is IST_3 spanning? : True
Is IST_4 spanning? : True
Is IST_5 spanning? : True
Are all ISTs independent? : True

====TEST CR(703, 106, 212)====
Is IST_0 spanning? : True
Is IST_1 spanning? : True
Is IST_2 spanning? : True
Is IST_3 spanning? : True
Is IST_4 spanning? : True
Is IST_5 spanning? : True
Are all ISTs independent? : True

====TEST CR(704, 106, 212)====
Is IST_0 spanning? : True
Is IST_1 spanning? : True
Is IST_2 spanning? : True
Is IST_3 spanning? : True
Is IST_4 spanning? : True
Is IST_5 spanning? : True
Are all ISTs independent? : True

====TEST CR(705, 106, 212)====
Is IST_0 spanning? : True
Is IST_1 spanning? : True
Is IST_2 spanning? : True
Is IST_3 spanning? : True
Is IST_4 spanning? : True
Is IST_5 spanning? : True
Are all ISTs independent? : True

====TEST CR(706, 106, 212)====
Is IST_0 spanning? : True
Is IST_1 spanning? : True
Is IST_2 spanning? : True
Is IST_3 spanning? : True
Is IST_4 spanning? : True
Is IST_5 spanning? : True
Are all ISTs independent? : True

====TEST CR(707, 106, 212)====
Is IST_0 spanning? : True
Is IST_1 spanning? : True
Is IST_2 spanning? : True
Is IST_3 spanning? : True
Is IST_4 spanning? : True
Is IST_5 spanning? : True
Are all ISTs independent? : True

====TEST CR(708, 106, 212)====
Is IST_0 spanning? : True
Is IST_1 spanning? : True
Is IST_2 spanning? : True
Is IST_3 spanning? : True
Is IST_4 spanning? : True
Is IST_5 spanning? : True
Are all ISTs independent? : True

====TEST CR(709, 106, 212)====
Is IST_0 spanning? : True
Is IST_1 spanning? : True
Is IST_2 spanning? : True
Is IST_3 spanning? : True
Is IST_4 spanning? : True
Is IST_5 spanning? : True
Are all ISTs independent? : True

====TEST CR(710, 106, 212)====
Is IST_0 spanning? : True
Is IST_1 spanning? : True
Is IST_2 spanning? : True
Is IST_3 spanning? : True
Is IST_4 spanning? : True
Is IST_5 spanning? : True
Are all ISTs independent? : True

====TEST CR(711, 106, 212)====
Is IST_0 spanning? : True
Is IST_1 spanning? : True
Is IST_2 spanning? : True
Is IST_3 spanning? : True
Is IST_4 spanning? : True
Is IST_5 spanning? : True
Are all ISTs independent? : True

====TEST CR(712, 106, 212)====
Is IST_0 spanning? : True
Is IST_1 spanning? : True
Is IST_2 spanning? : True
Is IST_3 spanning? : True
Is IST_4 spanning? : True
Is IST_5 spanning? : True
Are all ISTs independent? : True

====TEST CR(713, 106, 212)====
Is IST_0 spanning? : True
Is IST_1 spanning? : True
Is IST_2 spanning? : True
Is IST_3 spanning? : True
Is IST_4 spanning? : True
Is IST_5 spanning? : True
Are all ISTs independent? : True

====TEST CR(714, 106, 212)====
Is IST_0 spanning? : True
Is IST_1 spanning? : True
Is IST_2 spanning? : True
Is IST_3 spanning? : True
Is IST_4 spanning? : True
Is IST_5 spanning? : True
Are all ISTs independent? : True

====TEST CR(715, 106, 212)====
Is IST_0 spanning? : True
Is IST_1 spanning? : True
Is IST_2 spanning? : True
Is IST_3 spanning? : True
Is IST_4 spanning? : True
Is IST_5 spanning? : True
Are all ISTs independent? : True

====TEST CR(716, 106, 212)====
Is IST_0 spanning? : True
Is IST_1 spanning? : True
Is IST_2 spanning? : True
Is IST_3 spanning? : True
Is IST_4 spanning? : True
Is IST_5 spanning? : True
Are all ISTs independent? : True

====TEST CR(717, 106, 212)====
Is IST_0 spanning? : True
Is IST_1 spanning? : True
Is IST_2 spanning? : True
Is IST_3 spanning? : True
Is IST_4 spanning? : True
Is IST_5 spanning? : True
Are all ISTs independent? : True

====TEST CR(718, 106, 212)====
Is IST_0 spanning? : True
Is IST_1 spanning? : True
Is IST_2 spanning? : True
Is IST_3 spanning? : True
Is IST_4 spanning? : True
Is IST_5 spanning? : True
Are all ISTs independent? : True

====TEST CR(719, 106, 212)====
Is IST_0 spanning? : True
Is IST_1 spanning? : True
Is IST_2 spanning? : True
Is IST_3 spanning? : True
Is IST_4 spanning? : True
Is IST_5 spanning? : True
Are all ISTs independent? : True

====TEST CR(720, 106, 212)====
Is IST_0 spanning? : True
Is IST_1 spanning? : True
Is IST_2 spanning? : True
Is IST_3 spanning? : True
Is IST_4 spanning? : True
Is IST_5 spanning? : True
Are all ISTs independent? : True

====TEST CR(721, 106, 212)====
Is IST_0 spanning? : True
Is IST_1 spanning? : True
Is IST_2 spanning? : True
Is IST_3 spanning? : True
Is IST_4 spanning? : True
Is IST_5 spanning? : True
Are all ISTs independent? : True

====TEST CR(722, 106, 212)====
Is IST_0 spanning? : True
Is IST_1 spanning? : True
Is IST_2 spanning? : True
Is IST_3 spanning? : True
Is IST_4 spanning? : True
Is IST_5 spanning? : True
Are all ISTs independent? : True

====TEST CR(723, 106, 212)====
Is IST_0 spanning? : True
Is IST_1 spanning? : True
Is IST_2 spanning? : True
Is IST_3 spanning? : True
Is IST_4 spanning? : True
Is IST_5 spanning? : True
Are all ISTs independent? : True

====TEST CR(724, 106, 212)====
Is IST_0 spanning? : True
Is IST_1 spanning? : True
Is IST_2 spanning? : True
Is IST_3 spanning? : True
Is IST_4 spanning? : True
Is IST_5 spanning? : True
Are all ISTs independent? : True

====TEST CR(725, 106, 212)====
Is IST_0 spanning? : True
Is IST_1 spanning? : True
Is IST_2 spanning? : True
Is IST_3 spanning? : True
Is IST_4 spanning? : True
Is IST_5 spanning? : True
Are all ISTs independent? : True

====TEST CR(726, 106, 212)====
Is IST_0 spanning? : True
Is IST_1 spanning? : True
Is IST_2 spanning? : True
Is IST_3 spanning? : True
Is IST_4 spanning? : True
Is IST_5 spanning? : True
Are all ISTs independent? : True

====TEST CR(727, 106, 212)====
Is IST_0 spanning? : True
Is IST_1 spanning? : True
Is IST_2 spanning? : True
Is IST_3 spanning? : True
Is IST_4 spanning? : True
Is IST_5 spanning? : True
Are all ISTs independent? : True

====TEST CR(728, 106, 212)====
Is IST_0 spanning? : True
Is IST_1 spanning? : True
Is IST_2 spanning? : True
Is IST_3 spanning? : True
Is IST_4 spanning? : True
Is IST_5 spanning? : True
Are all ISTs independent? : True

====TEST CR(729, 106, 212)====
Is IST_0 spanning? : True
Is IST_1 spanning? : True
Is IST_2 spanning? : True
Is IST_3 spanning? : True
Is IST_4 spanning? : True
Is IST_5 spanning? : True
Are all ISTs independent? : True

====TEST CR(730, 106, 212)====
Is IST_0 spanning? : True
Is IST_1 spanning? : True
Is IST_2 spanning? : True
Is IST_3 spanning? : True
Is IST_4 spanning? : True
Is IST_5 spanning? : True
Are all ISTs independent? : True

====TEST CR(731, 106, 212)====
Is IST_0 spanning? : True
Is IST_1 spanning? : True
Is IST_2 spanning? : True
Is IST_3 spanning? : True
Is IST_4 spanning? : True
Is IST_5 spanning? : True
Are all ISTs independent? : True

====TEST CR(732, 106, 212)====
Is IST_0 spanning? : True
Is IST_1 spanning? : True
Is IST_2 spanning? : True
Is IST_3 spanning? : True
Is IST_4 spanning? : True
Is IST_5 spanning? : True
Are all ISTs independent? : True

====TEST CR(733, 106, 212)====
Is IST_0 spanning? : True
Is IST_1 spanning? : True
Is IST_2 spanning? : True
Is IST_3 spanning? : True
Is IST_4 spanning? : True
Is IST_5 spanning? : True
Are all ISTs independent? : True

====TEST CR(734, 106, 212)====
Is IST_0 spanning? : True
Is IST_1 spanning? : True
Is IST_2 spanning? : True
Is IST_3 spanning? : True
Is IST_4 spanning? : True
Is IST_5 spanning? : True
Are all ISTs independent? : True

====TEST CR(735, 106, 212)====
Is IST_0 spanning? : True
Is IST_1 spanning? : True
Is IST_2 spanning? : True
Is IST_3 spanning? : True
Is IST_4 spanning? : True
Is IST_5 spanning? : True
Are all ISTs independent? : True

====TEST CR(736, 106, 212)====
Is IST_0 spanning? : True
Is IST_1 spanning? : True
Is IST_2 spanning? : True
Is IST_3 spanning? : True
Is IST_4 spanning? : True
Is IST_5 spanning? : True
Are all ISTs independent? : True

====TEST CR(737, 106, 212)====
Is IST_0 spanning? : True
Is IST_1 spanning? : True
Is IST_2 spanning? : True
Is IST_3 spanning? : True
Is IST_4 spanning? : True
Is IST_5 spanning? : True
Are all ISTs independent? : True

====TEST CR(738, 106, 212)====
Is IST_0 spanning? : True
Is IST_1 spanning? : True
Is IST_2 spanning? : True
Is IST_3 spanning? : True
Is IST_4 spanning? : True
Is IST_5 spanning? : True
Are all ISTs independent? : True

====TEST CR(739, 106, 212)====
Is IST_0 spanning? : True
Is IST_1 spanning? : True
Is IST_2 spanning? : True
Is IST_3 spanning? : True
Is IST_4 spanning? : True
Is IST_5 spanning? : True
Are all ISTs independent? : True

====TEST CR(740, 106, 212)====
Is IST_0 spanning? : True
Is IST_1 spanning? : True
Is IST_2 spanning? : True
Is IST_3 spanning? : True
Is IST_4 spanning? : True
Is IST_5 spanning? : True
Are all ISTs independent? : True

====TEST CR(741, 106, 212)====
Is IST_0 spanning? : True
Is IST_1 spanning? : True
Is IST_2 spanning? : True
Is IST_3 spanning? : True
Is IST_4 spanning? : True
Is IST_5 spanning? : True
Are all ISTs independent? : True

====TEST CR(742, 106, 212)====
Is IST_0 spanning? : True
Is IST_1 spanning? : True
Is IST_2 spanning? : True
Is IST_3 spanning? : True
Is IST_4 spanning? : True
Is IST_5 spanning? : True
Are all ISTs independent? : True

====TEST CR(743, 106, 212)====
Is IST_0 spanning? : True
Is IST_1 spanning? : True
Is IST_2 spanning? : True
Is IST_3 spanning? : True
Is IST_4 spanning? : True
Is IST_5 spanning? : True
Are all ISTs independent? : True

====TEST CR(744, 106, 212)====
Is IST_0 spanning? : True
Is IST_1 spanning? : True
Is IST_2 spanning? : True
Is IST_3 spanning? : True
Is IST_4 spanning? : True
Is IST_5 spanning? : True
Are all ISTs independent? : True

====TEST CR(745, 106, 212)====
Is IST_0 spanning? : True
Is IST_1 spanning? : True
Is IST_2 spanning? : True
Is IST_3 spanning? : True
Is IST_4 spanning? : True
Is IST_5 spanning? : True
Are all ISTs independent? : True

====TEST CR(746, 106, 212)====
Is IST_0 spanning? : True
Is IST_1 spanning? : True
Is IST_2 spanning? : True
Is IST_3 spanning? : True
Is IST_4 spanning? : True
Is IST_5 spanning? : True
Are all ISTs independent? : True

====TEST CR(747, 106, 212)====
Is IST_0 spanning? : True
Is IST_1 spanning? : True
Is IST_2 spanning? : True
Is IST_3 spanning? : True
Is IST_4 spanning? : True
Is IST_5 spanning? : True
Are all ISTs independent? : True

====TEST CR(748, 106, 212)====
Is IST_0 spanning? : True
Is IST_1 spanning? : True
Is IST_2 spanning? : True
Is IST_3 spanning? : True
Is IST_4 spanning? : True
Is IST_5 spanning? : True
Are all ISTs independent? : True

====TEST CR(749, 106, 212)====
Is IST_0 spanning? : True
Is IST_1 spanning? : True
Is IST_2 spanning? : True
Is IST_3 spanning? : True
Is IST_4 spanning? : True
Is IST_5 spanning? : True
Are all ISTs independent? : True

====TEST CR(750, 106, 212)====
Is IST_0 spanning? : True
Is IST_1 spanning? : True
Is IST_2 spanning? : True
Is IST_3 spanning? : True
Is IST_4 spanning? : True
Is IST_5 spanning? : True
Are all ISTs independent? : True

====TEST CR(751, 106, 212)====
Is IST_0 spanning? : True
Is IST_1 spanning? : True
Is IST_2 spanning? : True
Is IST_3 spanning? : True
Is IST_4 spanning? : True
Is IST_5 spanning? : True
Are all ISTs independent? : True

====TEST CR(752, 106, 212)====
Is IST_0 spanning? : True
Is IST_1 spanning? : True
Is IST_2 spanning? : True
Is IST_3 spanning? : True
Is IST_4 spanning? : True
Is IST_5 spanning? : True
Are all ISTs independent? : True

====TEST CR(753, 106, 212)====
Is IST_0 spanning? : True
Is IST_1 spanning? : True
Is IST_2 spanning? : True
Is IST_3 spanning? : True
Is IST_4 spanning? : True
Is IST_5 spanning? : True
Are all ISTs independent? : True

====TEST CR(754, 106, 212)====
Is IST_0 spanning? : True
Is IST_1 spanning? : True
Is IST_2 spanning? : True
Is IST_3 spanning? : True
Is IST_4 spanning? : True
Is IST_5 spanning? : True
Are all ISTs independent? : True

====TEST CR(755, 106, 212)====
Is IST_0 spanning? : True
Is IST_1 spanning? : True
Is IST_2 spanning? : True
Is IST_3 spanning? : True
Is IST_4 spanning? : True
Is IST_5 spanning? : True
Are all ISTs independent? : True

====TEST CR(756, 106, 212)====
Is IST_0 spanning? : True
Is IST_1 spanning? : True
Is IST_2 spanning? : True
Is IST_3 spanning? : True
Is IST_4 spanning? : True
Is IST_5 spanning? : True
Are all ISTs independent? : True

====TEST CR(757, 106, 212)====
Is IST_0 spanning? : True
Is IST_1 spanning? : True
Is IST_2 spanning? : True
Is IST_3 spanning? : True
Is IST_4 spanning? : True
Is IST_5 spanning? : True
Are all ISTs independent? : True

====TEST CR(758, 106, 212)====
Is IST_0 spanning? : True
Is IST_1 spanning? : True
Is IST_2 spanning? : True
Is IST_3 spanning? : True
Is IST_4 spanning? : True
Is IST_5 spanning? : True
Are all ISTs independent? : True

====TEST CR(759, 106, 212)====
Is IST_0 spanning? : True
Is IST_1 spanning? : True
Is IST_2 spanning? : True
Is IST_3 spanning? : True
Is IST_4 spanning? : True
Is IST_5 spanning? : True
Are all ISTs independent? : True

====TEST CR(760, 106, 212)====
Is IST_0 spanning? : True
Is IST_1 spanning? : True
Is IST_2 spanning? : True
Is IST_3 spanning? : True
Is IST_4 spanning? : True
Is IST_5 spanning? : True
Are all ISTs independent? : True

====TEST CR(761, 106, 212)====
Is IST_0 spanning? : True
Is IST_1 spanning? : True
Is IST_2 spanning? : True
Is IST_3 spanning? : True
Is IST_4 spanning? : True
Is IST_5 spanning? : True
Are all ISTs independent? : True

====TEST CR(762, 106, 212)====
Is IST_0 spanning? : True
Is IST_1 spanning? : True
Is IST_2 spanning? : True
Is IST_3 spanning? : True
Is IST_4 spanning? : True
Is IST_5 spanning? : True
Are all ISTs independent? : True

====TEST CR(763, 106, 212)====
Is IST_0 spanning? : True
Is IST_1 spanning? : True
Is IST_2 spanning? : True
Is IST_3 spanning? : True
Is IST_4 spanning? : True
Is IST_5 spanning? : True
Are all ISTs independent? : True

====TEST CR(764, 106, 212)====
Is IST_0 spanning? : True
Is IST_1 spanning? : True
Is IST_2 spanning? : True
Is IST_3 spanning? : True
Is IST_4 spanning? : True
Is IST_5 spanning? : True
Are all ISTs independent? : True

====TEST CR(642, 107, 214)====
Is IST_0 spanning? : True
Is IST_1 spanning? : True
Is IST_2 spanning? : True
Is IST_3 spanning? : True
Is IST_4 spanning? : True
Is IST_5 spanning? : True
Are all ISTs independent? : True

====TEST CR(643, 107, 214)====
Is IST_0 spanning? : True
Is IST_1 spanning? : True
Is IST_2 spanning? : True
Is IST_3 spanning? : True
Is IST_4 spanning? : True
Is IST_5 spanning? : True
Are all ISTs independent? : True

====TEST CR(644, 107, 214)====
Is IST_0 spanning? : True
Is IST_1 spanning? : True
Is IST_2 spanning? : True
Is IST_3 spanning? : True
Is IST_4 spanning? : True
Is IST_5 spanning? : True
Are all ISTs independent? : True

====TEST CR(645, 107, 214)====
Is IST_0 spanning? : True
Is IST_1 spanning? : True
Is IST_2 spanning? : True
Is IST_3 spanning? : True
Is IST_4 spanning? : True
Is IST_5 spanning? : True
Are all ISTs independent? : True

====TEST CR(646, 107, 214)====
Is IST_0 spanning? : True
Is IST_1 spanning? : True
Is IST_2 spanning? : True
Is IST_3 spanning? : True
Is IST_4 spanning? : True
Is IST_5 spanning? : True
Are all ISTs independent? : True

====TEST CR(647, 107, 214)====
Is IST_0 spanning? : True
Is IST_1 spanning? : True
Is IST_2 spanning? : True
Is IST_3 spanning? : True
Is IST_4 spanning? : True
Is IST_5 spanning? : True
Are all ISTs independent? : True

====TEST CR(648, 107, 214)====
Is IST_0 spanning? : True
Is IST_1 spanning? : True
Is IST_2 spanning? : True
Is IST_3 spanning? : True
Is IST_4 spanning? : True
Is IST_5 spanning? : True
Are all ISTs independent? : True

====TEST CR(649, 107, 214)====
Is IST_0 spanning? : True
Is IST_1 spanning? : True
Is IST_2 spanning? : True
Is IST_3 spanning? : True
Is IST_4 spanning? : True
Is IST_5 spanning? : True
Are all ISTs independent? : True

====TEST CR(650, 107, 214)====
Is IST_0 spanning? : True
Is IST_1 spanning? : True
Is IST_2 spanning? : True
Is IST_3 spanning? : True
Is IST_4 spanning? : True
Is IST_5 spanning? : True
Are all ISTs independent? : True

====TEST CR(651, 107, 214)====
Is IST_0 spanning? : True
Is IST_1 spanning? : True
Is IST_2 spanning? : True
Is IST_3 spanning? : True
Is IST_4 spanning? : True
Is IST_5 spanning? : True
Are all ISTs independent? : True

====TEST CR(652, 107, 214)====
Is IST_0 spanning? : True
Is IST_1 spanning? : True
Is IST_2 spanning? : True
Is IST_3 spanning? : True
Is IST_4 spanning? : True
Is IST_5 spanning? : True
Are all ISTs independent? : True

====TEST CR(653, 107, 214)====
Is IST_0 spanning? : True
Is IST_1 spanning? : True
Is IST_2 spanning? : True
Is IST_3 spanning? : True
Is IST_4 spanning? : True
Is IST_5 spanning? : True
Are all ISTs independent? : True

====TEST CR(654, 107, 214)====
Is IST_0 spanning? : True
Is IST_1 spanning? : True
Is IST_2 spanning? : True
Is IST_3 spanning? : True
Is IST_4 spanning? : True
Is IST_5 spanning? : True
Are all ISTs independent? : True

====TEST CR(655, 107, 214)====
Is IST_0 spanning? : True
Is IST_1 spanning? : True
Is IST_2 spanning? : True
Is IST_3 spanning? : True
Is IST_4 spanning? : True
Is IST_5 spanning? : True
Are all ISTs independent? : True

====TEST CR(656, 107, 214)====
Is IST_0 spanning? : True
Is IST_1 spanning? : True
Is IST_2 spanning? : True
Is IST_3 spanning? : True
Is IST_4 spanning? : True
Is IST_5 spanning? : True
Are all ISTs independent? : True

====TEST CR(657, 107, 214)====
Is IST_0 spanning? : True
Is IST_1 spanning? : True
Is IST_2 spanning? : True
Is IST_3 spanning? : True
Is IST_4 spanning? : True
Is IST_5 spanning? : True
Are all ISTs independent? : True

====TEST CR(658, 107, 214)====
Is IST_0 spanning? : True
Is IST_1 spanning? : True
Is IST_2 spanning? : True
Is IST_3 spanning? : True
Is IST_4 spanning? : True
Is IST_5 spanning? : True
Are all ISTs independent? : True

====TEST CR(659, 107, 214)====
Is IST_0 spanning? : True
Is IST_1 spanning? : True
Is IST_2 spanning? : True
Is IST_3 spanning? : True
Is IST_4 spanning? : True
Is IST_5 spanning? : True
Are all ISTs independent? : True

====TEST CR(660, 107, 214)====
Is IST_0 spanning? : True
Is IST_1 spanning? : True
Is IST_2 spanning? : True
Is IST_3 spanning? : True
Is IST_4 spanning? : True
Is IST_5 spanning? : True
Are all ISTs independent? : True

====TEST CR(661, 107, 214)====
Is IST_0 spanning? : True
Is IST_1 spanning? : True
Is IST_2 spanning? : True
Is IST_3 spanning? : True
Is IST_4 spanning? : True
Is IST_5 spanning? : True
Are all ISTs independent? : True

====TEST CR(662, 107, 214)====
Is IST_0 spanning? : True
Is IST_1 spanning? : True
Is IST_2 spanning? : True
Is IST_3 spanning? : True
Is IST_4 spanning? : True
Is IST_5 spanning? : True
Are all ISTs independent? : True

====TEST CR(663, 107, 214)====
Is IST_0 spanning? : True
Is IST_1 spanning? : True
Is IST_2 spanning? : True
Is IST_3 spanning? : True
Is IST_4 spanning? : True
Is IST_5 spanning? : True
Are all ISTs independent? : True

====TEST CR(664, 107, 214)====
Is IST_0 spanning? : True
Is IST_1 spanning? : True
Is IST_2 spanning? : True
Is IST_3 spanning? : True
Is IST_4 spanning? : True
Is IST_5 spanning? : True
Are all ISTs independent? : True

====TEST CR(665, 107, 214)====
Is IST_0 spanning? : True
Is IST_1 spanning? : True
Is IST_2 spanning? : True
Is IST_3 spanning? : True
Is IST_4 spanning? : True
Is IST_5 spanning? : True
Are all ISTs independent? : True

====TEST CR(666, 107, 214)====
Is IST_0 spanning? : True
Is IST_1 spanning? : True
Is IST_2 spanning? : True
Is IST_3 spanning? : True
Is IST_4 spanning? : True
Is IST_5 spanning? : True
Are all ISTs independent? : True

====TEST CR(667, 107, 214)====
Is IST_0 spanning? : True
Is IST_1 spanning? : True
Is IST_2 spanning? : True
Is IST_3 spanning? : True
Is IST_4 spanning? : True
Is IST_5 spanning? : True
Are all ISTs independent? : True

====TEST CR(668, 107, 214)====
Is IST_0 spanning? : True
Is IST_1 spanning? : True
Is IST_2 spanning? : True
Is IST_3 spanning? : True
Is IST_4 spanning? : True
Is IST_5 spanning? : True
Are all ISTs independent? : True

====TEST CR(669, 107, 214)====
Is IST_0 spanning? : True
Is IST_1 spanning? : True
Is IST_2 spanning? : True
Is IST_3 spanning? : True
Is IST_4 spanning? : True
Is IST_5 spanning? : True
Are all ISTs independent? : True

====TEST CR(670, 107, 214)====
Is IST_0 spanning? : True
Is IST_1 spanning? : True
Is IST_2 spanning? : True
Is IST_3 spanning? : True
Is IST_4 spanning? : True
Is IST_5 spanning? : True
Are all ISTs independent? : True

====TEST CR(671, 107, 214)====
Is IST_0 spanning? : True
Is IST_1 spanning? : True
Is IST_2 spanning? : True
Is IST_3 spanning? : True
Is IST_4 spanning? : True
Is IST_5 spanning? : True
Are all ISTs independent? : True

====TEST CR(672, 107, 214)====
Is IST_0 spanning? : True
Is IST_1 spanning? : True
Is IST_2 spanning? : True
Is IST_3 spanning? : True
Is IST_4 spanning? : True
Is IST_5 spanning? : True
Are all ISTs independent? : True

====TEST CR(673, 107, 214)====
Is IST_0 spanning? : True
Is IST_1 spanning? : True
Is IST_2 spanning? : True
Is IST_3 spanning? : True
Is IST_4 spanning? : True
Is IST_5 spanning? : True
Are all ISTs independent? : True

====TEST CR(674, 107, 214)====
Is IST_0 spanning? : True
Is IST_1 spanning? : True
Is IST_2 spanning? : True
Is IST_3 spanning? : True
Is IST_4 spanning? : True
Is IST_5 spanning? : True
Are all ISTs independent? : True

====TEST CR(675, 107, 214)====
Is IST_0 spanning? : True
Is IST_1 spanning? : True
Is IST_2 spanning? : True
Is IST_3 spanning? : True
Is IST_4 spanning? : True
Is IST_5 spanning? : True
Are all ISTs independent? : True

====TEST CR(676, 107, 214)====
Is IST_0 spanning? : True
Is IST_1 spanning? : True
Is IST_2 spanning? : True
Is IST_3 spanning? : True
Is IST_4 spanning? : True
Is IST_5 spanning? : True
Are all ISTs independent? : True

====TEST CR(677, 107, 214)====
Is IST_0 spanning? : True
Is IST_1 spanning? : True
Is IST_2 spanning? : True
Is IST_3 spanning? : True
Is IST_4 spanning? : True
Is IST_5 spanning? : True
Are all ISTs independent? : True

====TEST CR(678, 107, 214)====
Is IST_0 spanning? : True
Is IST_1 spanning? : True
Is IST_2 spanning? : True
Is IST_3 spanning? : True
Is IST_4 spanning? : True
Is IST_5 spanning? : True
Are all ISTs independent? : True

====TEST CR(679, 107, 214)====
Is IST_0 spanning? : True
Is IST_1 spanning? : True
Is IST_2 spanning? : True
Is IST_3 spanning? : True
Is IST_4 spanning? : True
Is IST_5 spanning? : True
Are all ISTs independent? : True

====TEST CR(680, 107, 214)====
Is IST_0 spanning? : True
Is IST_1 spanning? : True
Is IST_2 spanning? : True
Is IST_3 spanning? : True
Is IST_4 spanning? : True
Is IST_5 spanning? : True
Are all ISTs independent? : True

====TEST CR(681, 107, 214)====
Is IST_0 spanning? : True
Is IST_1 spanning? : True
Is IST_2 spanning? : True
Is IST_3 spanning? : True
Is IST_4 spanning? : True
Is IST_5 spanning? : True
Are all ISTs independent? : True

====TEST CR(682, 107, 214)====
Is IST_0 spanning? : True
Is IST_1 spanning? : True
Is IST_2 spanning? : True
Is IST_3 spanning? : True
Is IST_4 spanning? : True
Is IST_5 spanning? : True
Are all ISTs independent? : True

====TEST CR(683, 107, 214)====
Is IST_0 spanning? : True
Is IST_1 spanning? : True
Is IST_2 spanning? : True
Is IST_3 spanning? : True
Is IST_4 spanning? : True
Is IST_5 spanning? : True
Are all ISTs independent? : True

====TEST CR(684, 107, 214)====
Is IST_0 spanning? : True
Is IST_1 spanning? : True
Is IST_2 spanning? : True
Is IST_3 spanning? : True
Is IST_4 spanning? : True
Is IST_5 spanning? : True
Are all ISTs independent? : True

====TEST CR(685, 107, 214)====
Is IST_0 spanning? : True
Is IST_1 spanning? : True
Is IST_2 spanning? : True
Is IST_3 spanning? : True
Is IST_4 spanning? : True
Is IST_5 spanning? : True
Are all ISTs independent? : True

====TEST CR(686, 107, 214)====
Is IST_0 spanning? : True
Is IST_1 spanning? : True
Is IST_2 spanning? : True
Is IST_3 spanning? : True
Is IST_4 spanning? : True
Is IST_5 spanning? : True
Are all ISTs independent? : True

====TEST CR(687, 107, 214)====
Is IST_0 spanning? : True
Is IST_1 spanning? : True
Is IST_2 spanning? : True
Is IST_3 spanning? : True
Is IST_4 spanning? : True
Is IST_5 spanning? : True
Are all ISTs independent? : True

====TEST CR(688, 107, 214)====
Is IST_0 spanning? : True
Is IST_1 spanning? : True
Is IST_2 spanning? : True
Is IST_3 spanning? : True
Is IST_4 spanning? : True
Is IST_5 spanning? : True
Are all ISTs independent? : True

====TEST CR(689, 107, 214)====
Is IST_0 spanning? : True
Is IST_1 spanning? : True
Is IST_2 spanning? : True
Is IST_3 spanning? : True
Is IST_4 spanning? : True
Is IST_5 spanning? : True
Are all ISTs independent? : True

====TEST CR(690, 107, 214)====
Is IST_0 spanning? : True
Is IST_1 spanning? : True
Is IST_2 spanning? : True
Is IST_3 spanning? : True
Is IST_4 spanning? : True
Is IST_5 spanning? : True
Are all ISTs independent? : True

====TEST CR(691, 107, 214)====
Is IST_0 spanning? : True
Is IST_1 spanning? : True
Is IST_2 spanning? : True
Is IST_3 spanning? : True
Is IST_4 spanning? : True
Is IST_5 spanning? : True
Are all ISTs independent? : True

====TEST CR(692, 107, 214)====
Is IST_0 spanning? : True
Is IST_1 spanning? : True
Is IST_2 spanning? : True
Is IST_3 spanning? : True
Is IST_4 spanning? : True
Is IST_5 spanning? : True
Are all ISTs independent? : True

====TEST CR(693, 107, 214)====
Is IST_0 spanning? : True
Is IST_1 spanning? : True
Is IST_2 spanning? : True
Is IST_3 spanning? : True
Is IST_4 spanning? : True
Is IST_5 spanning? : True
Are all ISTs independent? : True

====TEST CR(694, 107, 214)====
Is IST_0 spanning? : True
Is IST_1 spanning? : True
Is IST_2 spanning? : True
Is IST_3 spanning? : True
Is IST_4 spanning? : True
Is IST_5 spanning? : True
Are all ISTs independent? : True

====TEST CR(695, 107, 214)====
Is IST_0 spanning? : True
Is IST_1 spanning? : True
Is IST_2 spanning? : True
Is IST_3 spanning? : True
Is IST_4 spanning? : True
Is IST_5 spanning? : True
Are all ISTs independent? : True

====TEST CR(696, 107, 214)====
Is IST_0 spanning? : True
Is IST_1 spanning? : True
Is IST_2 spanning? : True
Is IST_3 spanning? : True
Is IST_4 spanning? : True
Is IST_5 spanning? : True
Are all ISTs independent? : True

====TEST CR(697, 107, 214)====
Is IST_0 spanning? : True
Is IST_1 spanning? : True
Is IST_2 spanning? : True
Is IST_3 spanning? : True
Is IST_4 spanning? : True
Is IST_5 spanning? : True
Are all ISTs independent? : True

====TEST CR(698, 107, 214)====
Is IST_0 spanning? : True
Is IST_1 spanning? : True
Is IST_2 spanning? : True
Is IST_3 spanning? : True
Is IST_4 spanning? : True
Is IST_5 spanning? : True
Are all ISTs independent? : True

====TEST CR(699, 107, 214)====
Is IST_0 spanning? : True
Is IST_1 spanning? : True
Is IST_2 spanning? : True
Is IST_3 spanning? : True
Is IST_4 spanning? : True
Is IST_5 spanning? : True
Are all ISTs independent? : True

====TEST CR(700, 107, 214)====
Is IST_0 spanning? : True
Is IST_1 spanning? : True
Is IST_2 spanning? : True
Is IST_3 spanning? : True
Is IST_4 spanning? : True
Is IST_5 spanning? : True
Are all ISTs independent? : True

====TEST CR(701, 107, 214)====
Is IST_0 spanning? : True
Is IST_1 spanning? : True
Is IST_2 spanning? : True
Is IST_3 spanning? : True
Is IST_4 spanning? : True
Is IST_5 spanning? : True
Are all ISTs independent? : True

====TEST CR(702, 107, 214)====
Is IST_0 spanning? : True
Is IST_1 spanning? : True
Is IST_2 spanning? : True
Is IST_3 spanning? : True
Is IST_4 spanning? : True
Is IST_5 spanning? : True
Are all ISTs independent? : True

====TEST CR(703, 107, 214)====
Is IST_0 spanning? : True
Is IST_1 spanning? : True
Is IST_2 spanning? : True
Is IST_3 spanning? : True
Is IST_4 spanning? : True
Is IST_5 spanning? : True
Are all ISTs independent? : True

====TEST CR(704, 107, 214)====
Is IST_0 spanning? : True
Is IST_1 spanning? : True
Is IST_2 spanning? : True
Is IST_3 spanning? : True
Is IST_4 spanning? : True
Is IST_5 spanning? : True
Are all ISTs independent? : True

====TEST CR(705, 107, 214)====
Is IST_0 spanning? : True
Is IST_1 spanning? : True
Is IST_2 spanning? : True
Is IST_3 spanning? : True
Is IST_4 spanning? : True
Is IST_5 spanning? : True
Are all ISTs independent? : True

====TEST CR(706, 107, 214)====
Is IST_0 spanning? : True
Is IST_1 spanning? : True
Is IST_2 spanning? : True
Is IST_3 spanning? : True
Is IST_4 spanning? : True
Is IST_5 spanning? : True
Are all ISTs independent? : True

====TEST CR(707, 107, 214)====
Is IST_0 spanning? : True
Is IST_1 spanning? : True
Is IST_2 spanning? : True
Is IST_3 spanning? : True
Is IST_4 spanning? : True
Is IST_5 spanning? : True
Are all ISTs independent? : True

====TEST CR(708, 107, 214)====
Is IST_0 spanning? : True
Is IST_1 spanning? : True
Is IST_2 spanning? : True
Is IST_3 spanning? : True
Is IST_4 spanning? : True
Is IST_5 spanning? : True
Are all ISTs independent? : True

====TEST CR(709, 107, 214)====
Is IST_0 spanning? : True
Is IST_1 spanning? : True
Is IST_2 spanning? : True
Is IST_3 spanning? : True
Is IST_4 spanning? : True
Is IST_5 spanning? : True
Are all ISTs independent? : True

====TEST CR(710, 107, 214)====
Is IST_0 spanning? : True
Is IST_1 spanning? : True
Is IST_2 spanning? : True
Is IST_3 spanning? : True
Is IST_4 spanning? : True
Is IST_5 spanning? : True
Are all ISTs independent? : True

====TEST CR(711, 107, 214)====
Is IST_0 spanning? : True
Is IST_1 spanning? : True
Is IST_2 spanning? : True
Is IST_3 spanning? : True
Is IST_4 spanning? : True
Is IST_5 spanning? : True
Are all ISTs independent? : True

====TEST CR(712, 107, 214)====
Is IST_0 spanning? : True
Is IST_1 spanning? : True
Is IST_2 spanning? : True
Is IST_3 spanning? : True
Is IST_4 spanning? : True
Is IST_5 spanning? : True
Are all ISTs independent? : True

====TEST CR(713, 107, 214)====
Is IST_0 spanning? : True
Is IST_1 spanning? : True
Is IST_2 spanning? : True
Is IST_3 spanning? : True
Is IST_4 spanning? : True
Is IST_5 spanning? : True
Are all ISTs independent? : True

====TEST CR(714, 107, 214)====
Is IST_0 spanning? : True
Is IST_1 spanning? : True
Is IST_2 spanning? : True
Is IST_3 spanning? : True
Is IST_4 spanning? : True
Is IST_5 spanning? : True
Are all ISTs independent? : True

====TEST CR(715, 107, 214)====
Is IST_0 spanning? : True
Is IST_1 spanning? : True
Is IST_2 spanning? : True
Is IST_3 spanning? : True
Is IST_4 spanning? : True
Is IST_5 spanning? : True
Are all ISTs independent? : True

====TEST CR(716, 107, 214)====
Is IST_0 spanning? : True
Is IST_1 spanning? : True
Is IST_2 spanning? : True
Is IST_3 spanning? : True
Is IST_4 spanning? : True
Is IST_5 spanning? : True
Are all ISTs independent? : True

====TEST CR(717, 107, 214)====
Is IST_0 spanning? : True
Is IST_1 spanning? : True
Is IST_2 spanning? : True
Is IST_3 spanning? : True
Is IST_4 spanning? : True
Is IST_5 spanning? : True
Are all ISTs independent? : True

====TEST CR(718, 107, 214)====
Is IST_0 spanning? : True
Is IST_1 spanning? : True
Is IST_2 spanning? : True
Is IST_3 spanning? : True
Is IST_4 spanning? : True
Is IST_5 spanning? : True
Are all ISTs independent? : True

====TEST CR(719, 107, 214)====
Is IST_0 spanning? : True
Is IST_1 spanning? : True
Is IST_2 spanning? : True
Is IST_3 spanning? : True
Is IST_4 spanning? : True
Is IST_5 spanning? : True
Are all ISTs independent? : True

====TEST CR(720, 107, 214)====
Is IST_0 spanning? : True
Is IST_1 spanning? : True
Is IST_2 spanning? : True
Is IST_3 spanning? : True
Is IST_4 spanning? : True
Is IST_5 spanning? : True
Are all ISTs independent? : True

====TEST CR(721, 107, 214)====
Is IST_0 spanning? : True
Is IST_1 spanning? : True
Is IST_2 spanning? : True
Is IST_3 spanning? : True
Is IST_4 spanning? : True
Is IST_5 spanning? : True
Are all ISTs independent? : True

====TEST CR(722, 107, 214)====
Is IST_0 spanning? : True
Is IST_1 spanning? : True
Is IST_2 spanning? : True
Is IST_3 spanning? : True
Is IST_4 spanning? : True
Is IST_5 spanning? : True
Are all ISTs independent? : True

====TEST CR(723, 107, 214)====
Is IST_0 spanning? : True
Is IST_1 spanning? : True
Is IST_2 spanning? : True
Is IST_3 spanning? : True
Is IST_4 spanning? : True
Is IST_5 spanning? : True
Are all ISTs independent? : True

====TEST CR(724, 107, 214)====
Is IST_0 spanning? : True
Is IST_1 spanning? : True
Is IST_2 spanning? : True
Is IST_3 spanning? : True
Is IST_4 spanning? : True
Is IST_5 spanning? : True
Are all ISTs independent? : True

====TEST CR(725, 107, 214)====
Is IST_0 spanning? : True
Is IST_1 spanning? : True
Is IST_2 spanning? : True
Is IST_3 spanning? : True
Is IST_4 spanning? : True
Is IST_5 spanning? : True
Are all ISTs independent? : True

====TEST CR(726, 107, 214)====
Is IST_0 spanning? : True
Is IST_1 spanning? : True
Is IST_2 spanning? : True
Is IST_3 spanning? : True
Is IST_4 spanning? : True
Is IST_5 spanning? : True
Are all ISTs independent? : True

====TEST CR(727, 107, 214)====
Is IST_0 spanning? : True
Is IST_1 spanning? : True
Is IST_2 spanning? : True
Is IST_3 spanning? : True
Is IST_4 spanning? : True
Is IST_5 spanning? : True
Are all ISTs independent? : True

====TEST CR(728, 107, 214)====
Is IST_0 spanning? : True
Is IST_1 spanning? : True
Is IST_2 spanning? : True
Is IST_3 spanning? : True
Is IST_4 spanning? : True
Is IST_5 spanning? : True
Are all ISTs independent? : True

====TEST CR(729, 107, 214)====
Is IST_0 spanning? : True
Is IST_1 spanning? : True
Is IST_2 spanning? : True
Is IST_3 spanning? : True
Is IST_4 spanning? : True
Is IST_5 spanning? : True
Are all ISTs independent? : True

====TEST CR(730, 107, 214)====
Is IST_0 spanning? : True
Is IST_1 spanning? : True
Is IST_2 spanning? : True
Is IST_3 spanning? : True
Is IST_4 spanning? : True
Is IST_5 spanning? : True
Are all ISTs independent? : True

====TEST CR(731, 107, 214)====
Is IST_0 spanning? : True
Is IST_1 spanning? : True
Is IST_2 spanning? : True
Is IST_3 spanning? : True
Is IST_4 spanning? : True
Is IST_5 spanning? : True
Are all ISTs independent? : True

====TEST CR(732, 107, 214)====
Is IST_0 spanning? : True
Is IST_1 spanning? : True
Is IST_2 spanning? : True
Is IST_3 spanning? : True
Is IST_4 spanning? : True
Is IST_5 spanning? : True
Are all ISTs independent? : True

====TEST CR(733, 107, 214)====
Is IST_0 spanning? : True
Is IST_1 spanning? : True
Is IST_2 spanning? : True
Is IST_3 spanning? : True
Is IST_4 spanning? : True
Is IST_5 spanning? : True
Are all ISTs independent? : True

====TEST CR(734, 107, 214)====
Is IST_0 spanning? : True
Is IST_1 spanning? : True
Is IST_2 spanning? : True
Is IST_3 spanning? : True
Is IST_4 spanning? : True
Is IST_5 spanning? : True
Are all ISTs independent? : True

====TEST CR(735, 107, 214)====
Is IST_0 spanning? : True
Is IST_1 spanning? : True
Is IST_2 spanning? : True
Is IST_3 spanning? : True
Is IST_4 spanning? : True
Is IST_5 spanning? : True
Are all ISTs independent? : True

====TEST CR(736, 107, 214)====
Is IST_0 spanning? : True
Is IST_1 spanning? : True
Is IST_2 spanning? : True
Is IST_3 spanning? : True
Is IST_4 spanning? : True
Is IST_5 spanning? : True
Are all ISTs independent? : True

====TEST CR(737, 107, 214)====
Is IST_0 spanning? : True
Is IST_1 spanning? : True
Is IST_2 spanning? : True
Is IST_3 spanning? : True
Is IST_4 spanning? : True
Is IST_5 spanning? : True
Are all ISTs independent? : True

====TEST CR(738, 107, 214)====
Is IST_0 spanning? : True
Is IST_1 spanning? : True
Is IST_2 spanning? : True
Is IST_3 spanning? : True
Is IST_4 spanning? : True
Is IST_5 spanning? : True
Are all ISTs independent? : True

====TEST CR(739, 107, 214)====
Is IST_0 spanning? : True
Is IST_1 spanning? : True
Is IST_2 spanning? : True
Is IST_3 spanning? : True
Is IST_4 spanning? : True
Is IST_5 spanning? : True
Are all ISTs independent? : True

====TEST CR(740, 107, 214)====
Is IST_0 spanning? : True
Is IST_1 spanning? : True
Is IST_2 spanning? : True
Is IST_3 spanning? : True
Is IST_4 spanning? : True
Is IST_5 spanning? : True
Are all ISTs independent? : True

====TEST CR(741, 107, 214)====
Is IST_0 spanning? : True
Is IST_1 spanning? : True
Is IST_2 spanning? : True
Is IST_3 spanning? : True
Is IST_4 spanning? : True
Is IST_5 spanning? : True
Are all ISTs independent? : True

====TEST CR(742, 107, 214)====
Is IST_0 spanning? : True
Is IST_1 spanning? : True
Is IST_2 spanning? : True
Is IST_3 spanning? : True
Is IST_4 spanning? : True
Is IST_5 spanning? : True
Are all ISTs independent? : True

====TEST CR(743, 107, 214)====
Is IST_0 spanning? : True
Is IST_1 spanning? : True
Is IST_2 spanning? : True
Is IST_3 spanning? : True
Is IST_4 spanning? : True
Is IST_5 spanning? : True
Are all ISTs independent? : True

====TEST CR(744, 107, 214)====
Is IST_0 spanning? : True
Is IST_1 spanning? : True
Is IST_2 spanning? : True
Is IST_3 spanning? : True
Is IST_4 spanning? : True
Is IST_5 spanning? : True
Are all ISTs independent? : True

====TEST CR(745, 107, 214)====
Is IST_0 spanning? : True
Is IST_1 spanning? : True
Is IST_2 spanning? : True
Is IST_3 spanning? : True
Is IST_4 spanning? : True
Is IST_5 spanning? : True
Are all ISTs independent? : True

====TEST CR(746, 107, 214)====
Is IST_0 spanning? : True
Is IST_1 spanning? : True
Is IST_2 spanning? : True
Is IST_3 spanning? : True
Is IST_4 spanning? : True
Is IST_5 spanning? : True
Are all ISTs independent? : True

====TEST CR(747, 107, 214)====
Is IST_0 spanning? : True
Is IST_1 spanning? : True
Is IST_2 spanning? : True
Is IST_3 spanning? : True
Is IST_4 spanning? : True
Is IST_5 spanning? : True
Are all ISTs independent? : True

====TEST CR(748, 107, 214)====
Is IST_0 spanning? : True
Is IST_1 spanning? : True
Is IST_2 spanning? : True
Is IST_3 spanning? : True
Is IST_4 spanning? : True
Is IST_5 spanning? : True
Are all ISTs independent? : True

====TEST CR(749, 107, 214)====
Is IST_0 spanning? : True
Is IST_1 spanning? : True
Is IST_2 spanning? : True
Is IST_3 spanning? : True
Is IST_4 spanning? : True
Is IST_5 spanning? : True
Are all ISTs independent? : True

====TEST CR(750, 107, 214)====
Is IST_0 spanning? : True
Is IST_1 spanning? : True
Is IST_2 spanning? : True
Is IST_3 spanning? : True
Is IST_4 spanning? : True
Is IST_5 spanning? : True
Are all ISTs independent? : True

====TEST CR(751, 107, 214)====
Is IST_0 spanning? : True
Is IST_1 spanning? : True
Is IST_2 spanning? : True
Is IST_3 spanning? : True
Is IST_4 spanning? : True
Is IST_5 spanning? : True
Are all ISTs independent? : True

====TEST CR(752, 107, 214)====
Is IST_0 spanning? : True
Is IST_1 spanning? : True
Is IST_2 spanning? : True
Is IST_3 spanning? : True
Is IST_4 spanning? : True
Is IST_5 spanning? : True
Are all ISTs independent? : True

====TEST CR(753, 107, 214)====
Is IST_0 spanning? : True
Is IST_1 spanning? : True
Is IST_2 spanning? : True
Is IST_3 spanning? : True
Is IST_4 spanning? : True
Is IST_5 spanning? : True
Are all ISTs independent? : True

====TEST CR(754, 107, 214)====
Is IST_0 spanning? : True
Is IST_1 spanning? : True
Is IST_2 spanning? : True
Is IST_3 spanning? : True
Is IST_4 spanning? : True
Is IST_5 spanning? : True
Are all ISTs independent? : True

====TEST CR(755, 107, 214)====
Is IST_0 spanning? : True
Is IST_1 spanning? : True
Is IST_2 spanning? : True
Is IST_3 spanning? : True
Is IST_4 spanning? : True
Is IST_5 spanning? : True
Are all ISTs independent? : True

====TEST CR(756, 107, 214)====
Is IST_0 spanning? : True
Is IST_1 spanning? : True
Is IST_2 spanning? : True
Is IST_3 spanning? : True
Is IST_4 spanning? : True
Is IST_5 spanning? : True
Are all ISTs independent? : True

====TEST CR(757, 107, 214)====
Is IST_0 spanning? : True
Is IST_1 spanning? : True
Is IST_2 spanning? : True
Is IST_3 spanning? : True
Is IST_4 spanning? : True
Is IST_5 spanning? : True
Are all ISTs independent? : True

====TEST CR(758, 107, 214)====
Is IST_0 spanning? : True
Is IST_1 spanning? : True
Is IST_2 spanning? : True
Is IST_3 spanning? : True
Is IST_4 spanning? : True
Is IST_5 spanning? : True
Are all ISTs independent? : True

====TEST CR(759, 107, 214)====
Is IST_0 spanning? : True
Is IST_1 spanning? : True
Is IST_2 spanning? : True
Is IST_3 spanning? : True
Is IST_4 spanning? : True
Is IST_5 spanning? : True
Are all ISTs independent? : True

====TEST CR(760, 107, 214)====
Is IST_0 spanning? : True
Is IST_1 spanning? : True
Is IST_2 spanning? : True
Is IST_3 spanning? : True
Is IST_4 spanning? : True
Is IST_5 spanning? : True
Are all ISTs independent? : True

====TEST CR(761, 107, 214)====
Is IST_0 spanning? : True
Is IST_1 spanning? : True
Is IST_2 spanning? : True
Is IST_3 spanning? : True
Is IST_4 spanning? : True
Is IST_5 spanning? : True
Are all ISTs independent? : True

====TEST CR(762, 107, 214)====
Is IST_0 spanning? : True
Is IST_1 spanning? : True
Is IST_2 spanning? : True
Is IST_3 spanning? : True
Is IST_4 spanning? : True
Is IST_5 spanning? : True
Are all ISTs independent? : True

====TEST CR(763, 107, 214)====
Is IST_0 spanning? : True
Is IST_1 spanning? : True
Is IST_2 spanning? : True
Is IST_3 spanning? : True
Is IST_4 spanning? : True
Is IST_5 spanning? : True
Are all ISTs independent? : True

====TEST CR(764, 107, 214)====
Is IST_0 spanning? : True
Is IST_1 spanning? : True
Is IST_2 spanning? : True
Is IST_3 spanning? : True
Is IST_4 spanning? : True
Is IST_5 spanning? : True
Are all ISTs independent? : True

====TEST CR(765, 107, 214)====
Is IST_0 spanning? : True
Is IST_1 spanning? : True
Is IST_2 spanning? : True
Is IST_3 spanning? : True
Is IST_4 spanning? : True
Is IST_5 spanning? : True
Are all ISTs independent? : True

====TEST CR(766, 107, 214)====
Is IST_0 spanning? : True
Is IST_1 spanning? : True
Is IST_2 spanning? : True
Is IST_3 spanning? : True
Is IST_4 spanning? : True
Is IST_5 spanning? : True
Are all ISTs independent? : True

====TEST CR(767, 107, 214)====
Is IST_0 spanning? : True
Is IST_1 spanning? : True
Is IST_2 spanning? : True
Is IST_3 spanning? : True
Is IST_4 spanning? : True
Is IST_5 spanning? : True
Are all ISTs independent? : True

====TEST CR(768, 107, 214)====
Is IST_0 spanning? : True
Is IST_1 spanning? : True
Is IST_2 spanning? : True
Is IST_3 spanning? : True
Is IST_4 spanning? : True
Is IST_5 spanning? : True
Are all ISTs independent? : True

====TEST CR(769, 107, 214)====
Is IST_0 spanning? : True
Is IST_1 spanning? : True
Is IST_2 spanning? : True
Is IST_3 spanning? : True
Is IST_4 spanning? : True
Is IST_5 spanning? : True
Are all ISTs independent? : True

====TEST CR(770, 107, 214)====
Is IST_0 spanning? : True
Is IST_1 spanning? : True
Is IST_2 spanning? : True
Is IST_3 spanning? : True
Is IST_4 spanning? : True
Is IST_5 spanning? : True
Are all ISTs independent? : True

====TEST CR(648, 108, 216)====
Is IST_0 spanning? : True
Is IST_1 spanning? : True
Is IST_2 spanning? : True
Is IST_3 spanning? : True
Is IST_4 spanning? : True
Is IST_5 spanning? : True
Are all ISTs independent? : True

====TEST CR(649, 108, 216)====
Is IST_0 spanning? : True
Is IST_1 spanning? : True
Is IST_2 spanning? : True
Is IST_3 spanning? : True
Is IST_4 spanning? : True
Is IST_5 spanning? : True
Are all ISTs independent? : True

====TEST CR(650, 108, 216)====
Is IST_0 spanning? : True
Is IST_1 spanning? : True
Is IST_2 spanning? : True
Is IST_3 spanning? : True
Is IST_4 spanning? : True
Is IST_5 spanning? : True
Are all ISTs independent? : True

====TEST CR(651, 108, 216)====
Is IST_0 spanning? : True
Is IST_1 spanning? : True
Is IST_2 spanning? : True
Is IST_3 spanning? : True
Is IST_4 spanning? : True
Is IST_5 spanning? : True
Are all ISTs independent? : True

====TEST CR(652, 108, 216)====
Is IST_0 spanning? : True
Is IST_1 spanning? : True
Is IST_2 spanning? : True
Is IST_3 spanning? : True
Is IST_4 spanning? : True
Is IST_5 spanning? : True
Are all ISTs independent? : True

====TEST CR(653, 108, 216)====
Is IST_0 spanning? : True
Is IST_1 spanning? : True
Is IST_2 spanning? : True
Is IST_3 spanning? : True
Is IST_4 spanning? : True
Is IST_5 spanning? : True
Are all ISTs independent? : True

====TEST CR(654, 108, 216)====
Is IST_0 spanning? : True
Is IST_1 spanning? : True
Is IST_2 spanning? : True
Is IST_3 spanning? : True
Is IST_4 spanning? : True
Is IST_5 spanning? : True
Are all ISTs independent? : True

====TEST CR(655, 108, 216)====
Is IST_0 spanning? : True
Is IST_1 spanning? : True
Is IST_2 spanning? : True
Is IST_3 spanning? : True
Is IST_4 spanning? : True
Is IST_5 spanning? : True
Are all ISTs independent? : True

====TEST CR(656, 108, 216)====
Is IST_0 spanning? : True
Is IST_1 spanning? : True
Is IST_2 spanning? : True
Is IST_3 spanning? : True
Is IST_4 spanning? : True
Is IST_5 spanning? : True
Are all ISTs independent? : True

====TEST CR(657, 108, 216)====
Is IST_0 spanning? : True
Is IST_1 spanning? : True
Is IST_2 spanning? : True
Is IST_3 spanning? : True
Is IST_4 spanning? : True
Is IST_5 spanning? : True
Are all ISTs independent? : True

====TEST CR(658, 108, 216)====
Is IST_0 spanning? : True
Is IST_1 spanning? : True
Is IST_2 spanning? : True
Is IST_3 spanning? : True
Is IST_4 spanning? : True
Is IST_5 spanning? : True
Are all ISTs independent? : True

====TEST CR(659, 108, 216)====
Is IST_0 spanning? : True
Is IST_1 spanning? : True
Is IST_2 spanning? : True
Is IST_3 spanning? : True
Is IST_4 spanning? : True
Is IST_5 spanning? : True
Are all ISTs independent? : True

====TEST CR(660, 108, 216)====
Is IST_0 spanning? : True
Is IST_1 spanning? : True
Is IST_2 spanning? : True
Is IST_3 spanning? : True
Is IST_4 spanning? : True
Is IST_5 spanning? : True
Are all ISTs independent? : True

====TEST CR(661, 108, 216)====
Is IST_0 spanning? : True
Is IST_1 spanning? : True
Is IST_2 spanning? : True
Is IST_3 spanning? : True
Is IST_4 spanning? : True
Is IST_5 spanning? : True
Are all ISTs independent? : True

====TEST CR(662, 108, 216)====
Is IST_0 spanning? : True
Is IST_1 spanning? : True
Is IST_2 spanning? : True
Is IST_3 spanning? : True
Is IST_4 spanning? : True
Is IST_5 spanning? : True
Are all ISTs independent? : True

====TEST CR(663, 108, 216)====
Is IST_0 spanning? : True
Is IST_1 spanning? : True
Is IST_2 spanning? : True
Is IST_3 spanning? : True
Is IST_4 spanning? : True
Is IST_5 spanning? : True
Are all ISTs independent? : True

====TEST CR(664, 108, 216)====
Is IST_0 spanning? : True
Is IST_1 spanning? : True
Is IST_2 spanning? : True
Is IST_3 spanning? : True
Is IST_4 spanning? : True
Is IST_5 spanning? : True
Are all ISTs independent? : True

====TEST CR(665, 108, 216)====
Is IST_0 spanning? : True
Is IST_1 spanning? : True
Is IST_2 spanning? : True
Is IST_3 spanning? : True
Is IST_4 spanning? : True
Is IST_5 spanning? : True
Are all ISTs independent? : True

====TEST CR(666, 108, 216)====
Is IST_0 spanning? : True
Is IST_1 spanning? : True
Is IST_2 spanning? : True
Is IST_3 spanning? : True
Is IST_4 spanning? : True
Is IST_5 spanning? : True
Are all ISTs independent? : True

====TEST CR(667, 108, 216)====
Is IST_0 spanning? : True
Is IST_1 spanning? : True
Is IST_2 spanning? : True
Is IST_3 spanning? : True
Is IST_4 spanning? : True
Is IST_5 spanning? : True
Are all ISTs independent? : True

====TEST CR(668, 108, 216)====
Is IST_0 spanning? : True
Is IST_1 spanning? : True
Is IST_2 spanning? : True
Is IST_3 spanning? : True
Is IST_4 spanning? : True
Is IST_5 spanning? : True
Are all ISTs independent? : True

====TEST CR(669, 108, 216)====
Is IST_0 spanning? : True
Is IST_1 spanning? : True
Is IST_2 spanning? : True
Is IST_3 spanning? : True
Is IST_4 spanning? : True
Is IST_5 spanning? : True
Are all ISTs independent? : True

====TEST CR(670, 108, 216)====
Is IST_0 spanning? : True
Is IST_1 spanning? : True
Is IST_2 spanning? : True
Is IST_3 spanning? : True
Is IST_4 spanning? : True
Is IST_5 spanning? : True
Are all ISTs independent? : True

====TEST CR(671, 108, 216)====
Is IST_0 spanning? : True
Is IST_1 spanning? : True
Is IST_2 spanning? : True
Is IST_3 spanning? : True
Is IST_4 spanning? : True
Is IST_5 spanning? : True
Are all ISTs independent? : True

====TEST CR(672, 108, 216)====
Is IST_0 spanning? : True
Is IST_1 spanning? : True
Is IST_2 spanning? : True
Is IST_3 spanning? : True
Is IST_4 spanning? : True
Is IST_5 spanning? : True
Are all ISTs independent? : True

====TEST CR(673, 108, 216)====
Is IST_0 spanning? : True
Is IST_1 spanning? : True
Is IST_2 spanning? : True
Is IST_3 spanning? : True
Is IST_4 spanning? : True
Is IST_5 spanning? : True
Are all ISTs independent? : True

====TEST CR(674, 108, 216)====
Is IST_0 spanning? : True
Is IST_1 spanning? : True
Is IST_2 spanning? : True
Is IST_3 spanning? : True
Is IST_4 spanning? : True
Is IST_5 spanning? : True
Are all ISTs independent? : True

====TEST CR(675, 108, 216)====
Is IST_0 spanning? : True
Is IST_1 spanning? : True
Is IST_2 spanning? : True
Is IST_3 spanning? : True
Is IST_4 spanning? : True
Is IST_5 spanning? : True
Are all ISTs independent? : True

====TEST CR(676, 108, 216)====
Is IST_0 spanning? : True
Is IST_1 spanning? : True
Is IST_2 spanning? : True
Is IST_3 spanning? : True
Is IST_4 spanning? : True
Is IST_5 spanning? : True
Are all ISTs independent? : True

====TEST CR(677, 108, 216)====
Is IST_0 spanning? : True
Is IST_1 spanning? : True
Is IST_2 spanning? : True
Is IST_3 spanning? : True
Is IST_4 spanning? : True
Is IST_5 spanning? : True
Are all ISTs independent? : True

====TEST CR(678, 108, 216)====
Is IST_0 spanning? : True
Is IST_1 spanning? : True
Is IST_2 spanning? : True
Is IST_3 spanning? : True
Is IST_4 spanning? : True
Is IST_5 spanning? : True
Are all ISTs independent? : True

====TEST CR(679, 108, 216)====
Is IST_0 spanning? : True
Is IST_1 spanning? : True
Is IST_2 spanning? : True
Is IST_3 spanning? : True
Is IST_4 spanning? : True
Is IST_5 spanning? : True
Are all ISTs independent? : True

====TEST CR(680, 108, 216)====
Is IST_0 spanning? : True
Is IST_1 spanning? : True
Is IST_2 spanning? : True
Is IST_3 spanning? : True
Is IST_4 spanning? : True
Is IST_5 spanning? : True
Are all ISTs independent? : True

====TEST CR(681, 108, 216)====
Is IST_0 spanning? : True
Is IST_1 spanning? : True
Is IST_2 spanning? : True
Is IST_3 spanning? : True
Is IST_4 spanning? : True
Is IST_5 spanning? : True
Are all ISTs independent? : True

====TEST CR(682, 108, 216)====
Is IST_0 spanning? : True
Is IST_1 spanning? : True
Is IST_2 spanning? : True
Is IST_3 spanning? : True
Is IST_4 spanning? : True
Is IST_5 spanning? : True
Are all ISTs independent? : True

====TEST CR(683, 108, 216)====
Is IST_0 spanning? : True
Is IST_1 spanning? : True
Is IST_2 spanning? : True
Is IST_3 spanning? : True
Is IST_4 spanning? : True
Is IST_5 spanning? : True
Are all ISTs independent? : True

====TEST CR(684, 108, 216)====
Is IST_0 spanning? : True
Is IST_1 spanning? : True
Is IST_2 spanning? : True
Is IST_3 spanning? : True
Is IST_4 spanning? : True
Is IST_5 spanning? : True
Are all ISTs independent? : True

====TEST CR(685, 108, 216)====
Is IST_0 spanning? : True
Is IST_1 spanning? : True
Is IST_2 spanning? : True
Is IST_3 spanning? : True
Is IST_4 spanning? : True
Is IST_5 spanning? : True
Are all ISTs independent? : True

====TEST CR(686, 108, 216)====
Is IST_0 spanning? : True
Is IST_1 spanning? : True
Is IST_2 spanning? : True
Is IST_3 spanning? : True
Is IST_4 spanning? : True
Is IST_5 spanning? : True
Are all ISTs independent? : True

====TEST CR(687, 108, 216)====
Is IST_0 spanning? : True
Is IST_1 spanning? : True
Is IST_2 spanning? : True
Is IST_3 spanning? : True
Is IST_4 spanning? : True
Is IST_5 spanning? : True
Are all ISTs independent? : True

====TEST CR(688, 108, 216)====
Is IST_0 spanning? : True
Is IST_1 spanning? : True
Is IST_2 spanning? : True
Is IST_3 spanning? : True
Is IST_4 spanning? : True
Is IST_5 spanning? : True
Are all ISTs independent? : True

====TEST CR(689, 108, 216)====
Is IST_0 spanning? : True
Is IST_1 spanning? : True
Is IST_2 spanning? : True
Is IST_3 spanning? : True
Is IST_4 spanning? : True
Is IST_5 spanning? : True
Are all ISTs independent? : True

====TEST CR(690, 108, 216)====
Is IST_0 spanning? : True
Is IST_1 spanning? : True
Is IST_2 spanning? : True
Is IST_3 spanning? : True
Is IST_4 spanning? : True
Is IST_5 spanning? : True
Are all ISTs independent? : True

====TEST CR(691, 108, 216)====
Is IST_0 spanning? : True
Is IST_1 spanning? : True
Is IST_2 spanning? : True
Is IST_3 spanning? : True
Is IST_4 spanning? : True
Is IST_5 spanning? : True
Are all ISTs independent? : True

====TEST CR(692, 108, 216)====
Is IST_0 spanning? : True
Is IST_1 spanning? : True
Is IST_2 spanning? : True
Is IST_3 spanning? : True
Is IST_4 spanning? : True
Is IST_5 spanning? : True
Are all ISTs independent? : True

====TEST CR(693, 108, 216)====
Is IST_0 spanning? : True
Is IST_1 spanning? : True
Is IST_2 spanning? : True
Is IST_3 spanning? : True
Is IST_4 spanning? : True
Is IST_5 spanning? : True
Are all ISTs independent? : True

====TEST CR(694, 108, 216)====
Is IST_0 spanning? : True
Is IST_1 spanning? : True
Is IST_2 spanning? : True
Is IST_3 spanning? : True
Is IST_4 spanning? : True
Is IST_5 spanning? : True
Are all ISTs independent? : True

====TEST CR(695, 108, 216)====
Is IST_0 spanning? : True
Is IST_1 spanning? : True
Is IST_2 spanning? : True
Is IST_3 spanning? : True
Is IST_4 spanning? : True
Is IST_5 spanning? : True
Are all ISTs independent? : True

====TEST CR(696, 108, 216)====
Is IST_0 spanning? : True
Is IST_1 spanning? : True
Is IST_2 spanning? : True
Is IST_3 spanning? : True
Is IST_4 spanning? : True
Is IST_5 spanning? : True
Are all ISTs independent? : True

====TEST CR(697, 108, 216)====
Is IST_0 spanning? : True
Is IST_1 spanning? : True
Is IST_2 spanning? : True
Is IST_3 spanning? : True
Is IST_4 spanning? : True
Is IST_5 spanning? : True
Are all ISTs independent? : True

====TEST CR(698, 108, 216)====
Is IST_0 spanning? : True
Is IST_1 spanning? : True
Is IST_2 spanning? : True
Is IST_3 spanning? : True
Is IST_4 spanning? : True
Is IST_5 spanning? : True
Are all ISTs independent? : True

====TEST CR(699, 108, 216)====
Is IST_0 spanning? : True
Is IST_1 spanning? : True
Is IST_2 spanning? : True
Is IST_3 spanning? : True
Is IST_4 spanning? : True
Is IST_5 spanning? : True
Are all ISTs independent? : True

====TEST CR(700, 108, 216)====
Is IST_0 spanning? : True
Is IST_1 spanning? : True
Is IST_2 spanning? : True
Is IST_3 spanning? : True
Is IST_4 spanning? : True
Is IST_5 spanning? : True
Are all ISTs independent? : True

====TEST CR(701, 108, 216)====
Is IST_0 spanning? : True
Is IST_1 spanning? : True
Is IST_2 spanning? : True
Is IST_3 spanning? : True
Is IST_4 spanning? : True
Is IST_5 spanning? : True
Are all ISTs independent? : True

====TEST CR(702, 108, 216)====
Is IST_0 spanning? : True
Is IST_1 spanning? : True
Is IST_2 spanning? : True
Is IST_3 spanning? : True
Is IST_4 spanning? : True
Is IST_5 spanning? : True
Are all ISTs independent? : True

====TEST CR(703, 108, 216)====
Is IST_0 spanning? : True
Is IST_1 spanning? : True
Is IST_2 spanning? : True
Is IST_3 spanning? : True
Is IST_4 spanning? : True
Is IST_5 spanning? : True
Are all ISTs independent? : True

====TEST CR(704, 108, 216)====
Is IST_0 spanning? : True
Is IST_1 spanning? : True
Is IST_2 spanning? : True
Is IST_3 spanning? : True
Is IST_4 spanning? : True
Is IST_5 spanning? : True
Are all ISTs independent? : True

====TEST CR(705, 108, 216)====
Is IST_0 spanning? : True
Is IST_1 spanning? : True
Is IST_2 spanning? : True
Is IST_3 spanning? : True
Is IST_4 spanning? : True
Is IST_5 spanning? : True
Are all ISTs independent? : True

====TEST CR(706, 108, 216)====
Is IST_0 spanning? : True
Is IST_1 spanning? : True
Is IST_2 spanning? : True
Is IST_3 spanning? : True
Is IST_4 spanning? : True
Is IST_5 spanning? : True
Are all ISTs independent? : True

====TEST CR(707, 108, 216)====
Is IST_0 spanning? : True
Is IST_1 spanning? : True
Is IST_2 spanning? : True
Is IST_3 spanning? : True
Is IST_4 spanning? : True
Is IST_5 spanning? : True
Are all ISTs independent? : True

====TEST CR(708, 108, 216)====
Is IST_0 spanning? : True
Is IST_1 spanning? : True
Is IST_2 spanning? : True
Is IST_3 spanning? : True
Is IST_4 spanning? : True
Is IST_5 spanning? : True
Are all ISTs independent? : True

====TEST CR(709, 108, 216)====
Is IST_0 spanning? : True
Is IST_1 spanning? : True
Is IST_2 spanning? : True
Is IST_3 spanning? : True
Is IST_4 spanning? : True
Is IST_5 spanning? : True
Are all ISTs independent? : True

====TEST CR(710, 108, 216)====
Is IST_0 spanning? : True
Is IST_1 spanning? : True
Is IST_2 spanning? : True
Is IST_3 spanning? : True
Is IST_4 spanning? : True
Is IST_5 spanning? : True
Are all ISTs independent? : True

====TEST CR(711, 108, 216)====
Is IST_0 spanning? : True
Is IST_1 spanning? : True
Is IST_2 spanning? : True
Is IST_3 spanning? : True
Is IST_4 spanning? : True
Is IST_5 spanning? : True
Are all ISTs independent? : True

====TEST CR(712, 108, 216)====
Is IST_0 spanning? : True
Is IST_1 spanning? : True
Is IST_2 spanning? : True
Is IST_3 spanning? : True
Is IST_4 spanning? : True
Is IST_5 spanning? : True
Are all ISTs independent? : True

====TEST CR(713, 108, 216)====
Is IST_0 spanning? : True
Is IST_1 spanning? : True
Is IST_2 spanning? : True
Is IST_3 spanning? : True
Is IST_4 spanning? : True
Is IST_5 spanning? : True
Are all ISTs independent? : True

====TEST CR(714, 108, 216)====
Is IST_0 spanning? : True
Is IST_1 spanning? : True
Is IST_2 spanning? : True
Is IST_3 spanning? : True
Is IST_4 spanning? : True
Is IST_5 spanning? : True
Are all ISTs independent? : True

====TEST CR(715, 108, 216)====
Is IST_0 spanning? : True
Is IST_1 spanning? : True
Is IST_2 spanning? : True
Is IST_3 spanning? : True
Is IST_4 spanning? : True
Is IST_5 spanning? : True
Are all ISTs independent? : True

====TEST CR(716, 108, 216)====
Is IST_0 spanning? : True
Is IST_1 spanning? : True
Is IST_2 spanning? : True
Is IST_3 spanning? : True
Is IST_4 spanning? : True
Is IST_5 spanning? : True
Are all ISTs independent? : True

====TEST CR(717, 108, 216)====
Is IST_0 spanning? : True
Is IST_1 spanning? : True
Is IST_2 spanning? : True
Is IST_3 spanning? : True
Is IST_4 spanning? : True
Is IST_5 spanning? : True
Are all ISTs independent? : True

====TEST CR(718, 108, 216)====
Is IST_0 spanning? : True
Is IST_1 spanning? : True
Is IST_2 spanning? : True
Is IST_3 spanning? : True
Is IST_4 spanning? : True
Is IST_5 spanning? : True
Are all ISTs independent? : True

====TEST CR(719, 108, 216)====
Is IST_0 spanning? : True
Is IST_1 spanning? : True
Is IST_2 spanning? : True
Is IST_3 spanning? : True
Is IST_4 spanning? : True
Is IST_5 spanning? : True
Are all ISTs independent? : True

====TEST CR(720, 108, 216)====
Is IST_0 spanning? : True
Is IST_1 spanning? : True
Is IST_2 spanning? : True
Is IST_3 spanning? : True
Is IST_4 spanning? : True
Is IST_5 spanning? : True
Are all ISTs independent? : True

====TEST CR(721, 108, 216)====
Is IST_0 spanning? : True
Is IST_1 spanning? : True
Is IST_2 spanning? : True
Is IST_3 spanning? : True
Is IST_4 spanning? : True
Is IST_5 spanning? : True
Are all ISTs independent? : True

====TEST CR(722, 108, 216)====
Is IST_0 spanning? : True
Is IST_1 spanning? : True
Is IST_2 spanning? : True
Is IST_3 spanning? : True
Is IST_4 spanning? : True
Is IST_5 spanning? : True
Are all ISTs independent? : True

====TEST CR(723, 108, 216)====
Is IST_0 spanning? : True
Is IST_1 spanning? : True
Is IST_2 spanning? : True
Is IST_3 spanning? : True
Is IST_4 spanning? : True
Is IST_5 spanning? : True
Are all ISTs independent? : True

====TEST CR(724, 108, 216)====
Is IST_0 spanning? : True
Is IST_1 spanning? : True
Is IST_2 spanning? : True
Is IST_3 spanning? : True
Is IST_4 spanning? : True
Is IST_5 spanning? : True
Are all ISTs independent? : True

====TEST CR(725, 108, 216)====
Is IST_0 spanning? : True
Is IST_1 spanning? : True
Is IST_2 spanning? : True
Is IST_3 spanning? : True
Is IST_4 spanning? : True
Is IST_5 spanning? : True
Are all ISTs independent? : True

====TEST CR(726, 108, 216)====
Is IST_0 spanning? : True
Is IST_1 spanning? : True
Is IST_2 spanning? : True
Is IST_3 spanning? : True
Is IST_4 spanning? : True
Is IST_5 spanning? : True
Are all ISTs independent? : True

====TEST CR(727, 108, 216)====
Is IST_0 spanning? : True
Is IST_1 spanning? : True
Is IST_2 spanning? : True
Is IST_3 spanning? : True
Is IST_4 spanning? : True
Is IST_5 spanning? : True
Are all ISTs independent? : True

====TEST CR(728, 108, 216)====
Is IST_0 spanning? : True
Is IST_1 spanning? : True
Is IST_2 spanning? : True
Is IST_3 spanning? : True
Is IST_4 spanning? : True
Is IST_5 spanning? : True
Are all ISTs independent? : True

====TEST CR(729, 108, 216)====
Is IST_0 spanning? : True
Is IST_1 spanning? : True
Is IST_2 spanning? : True
Is IST_3 spanning? : True
Is IST_4 spanning? : True
Is IST_5 spanning? : True
Are all ISTs independent? : True

====TEST CR(730, 108, 216)====
Is IST_0 spanning? : True
Is IST_1 spanning? : True
Is IST_2 spanning? : True
Is IST_3 spanning? : True
Is IST_4 spanning? : True
Is IST_5 spanning? : True
Are all ISTs independent? : True

====TEST CR(731, 108, 216)====
Is IST_0 spanning? : True
Is IST_1 spanning? : True
Is IST_2 spanning? : True
Is IST_3 spanning? : True
Is IST_4 spanning? : True
Is IST_5 spanning? : True
Are all ISTs independent? : True

====TEST CR(732, 108, 216)====
Is IST_0 spanning? : True
Is IST_1 spanning? : True
Is IST_2 spanning? : True
Is IST_3 spanning? : True
Is IST_4 spanning? : True
Is IST_5 spanning? : True
Are all ISTs independent? : True

====TEST CR(733, 108, 216)====
Is IST_0 spanning? : True
Is IST_1 spanning? : True
Is IST_2 spanning? : True
Is IST_3 spanning? : True
Is IST_4 spanning? : True
Is IST_5 spanning? : True
Are all ISTs independent? : True

====TEST CR(734, 108, 216)====
Is IST_0 spanning? : True
Is IST_1 spanning? : True
Is IST_2 spanning? : True
Is IST_3 spanning? : True
Is IST_4 spanning? : True
Is IST_5 spanning? : True
Are all ISTs independent? : True

====TEST CR(735, 108, 216)====
Is IST_0 spanning? : True
Is IST_1 spanning? : True
Is IST_2 spanning? : True
Is IST_3 spanning? : True
Is IST_4 spanning? : True
Is IST_5 spanning? : True
Are all ISTs independent? : True

====TEST CR(736, 108, 216)====
Is IST_0 spanning? : True
Is IST_1 spanning? : True
Is IST_2 spanning? : True
Is IST_3 spanning? : True
Is IST_4 spanning? : True
Is IST_5 spanning? : True
Are all ISTs independent? : True

====TEST CR(737, 108, 216)====
Is IST_0 spanning? : True
Is IST_1 spanning? : True
Is IST_2 spanning? : True
Is IST_3 spanning? : True
Is IST_4 spanning? : True
Is IST_5 spanning? : True
Are all ISTs independent? : True

====TEST CR(738, 108, 216)====
Is IST_0 spanning? : True
Is IST_1 spanning? : True
Is IST_2 spanning? : True
Is IST_3 spanning? : True
Is IST_4 spanning? : True
Is IST_5 spanning? : True
Are all ISTs independent? : True

====TEST CR(739, 108, 216)====
Is IST_0 spanning? : True
Is IST_1 spanning? : True
Is IST_2 spanning? : True
Is IST_3 spanning? : True
Is IST_4 spanning? : True
Is IST_5 spanning? : True
Are all ISTs independent? : True

====TEST CR(740, 108, 216)====
Is IST_0 spanning? : True
Is IST_1 spanning? : True
Is IST_2 spanning? : True
Is IST_3 spanning? : True
Is IST_4 spanning? : True
Is IST_5 spanning? : True
Are all ISTs independent? : True

====TEST CR(741, 108, 216)====
Is IST_0 spanning? : True
Is IST_1 spanning? : True
Is IST_2 spanning? : True
Is IST_3 spanning? : True
Is IST_4 spanning? : True
Is IST_5 spanning? : True
Are all ISTs independent? : True

====TEST CR(742, 108, 216)====
Is IST_0 spanning? : True
Is IST_1 spanning? : True
Is IST_2 spanning? : True
Is IST_3 spanning? : True
Is IST_4 spanning? : True
Is IST_5 spanning? : True
Are all ISTs independent? : True

====TEST CR(743, 108, 216)====
Is IST_0 spanning? : True
Is IST_1 spanning? : True
Is IST_2 spanning? : True
Is IST_3 spanning? : True
Is IST_4 spanning? : True
Is IST_5 spanning? : True
Are all ISTs independent? : True

====TEST CR(744, 108, 216)====
Is IST_0 spanning? : True
Is IST_1 spanning? : True
Is IST_2 spanning? : True
Is IST_3 spanning? : True
Is IST_4 spanning? : True
Is IST_5 spanning? : True
Are all ISTs independent? : True

====TEST CR(745, 108, 216)====
Is IST_0 spanning? : True
Is IST_1 spanning? : True
Is IST_2 spanning? : True
Is IST_3 spanning? : True
Is IST_4 spanning? : True
Is IST_5 spanning? : True
Are all ISTs independent? : True

====TEST CR(746, 108, 216)====
Is IST_0 spanning? : True
Is IST_1 spanning? : True
Is IST_2 spanning? : True
Is IST_3 spanning? : True
Is IST_4 spanning? : True
Is IST_5 spanning? : True
Are all ISTs independent? : True

====TEST CR(747, 108, 216)====
Is IST_0 spanning? : True
Is IST_1 spanning? : True
Is IST_2 spanning? : True
Is IST_3 spanning? : True
Is IST_4 spanning? : True
Is IST_5 spanning? : True
Are all ISTs independent? : True

====TEST CR(748, 108, 216)====
Is IST_0 spanning? : True
Is IST_1 spanning? : True
Is IST_2 spanning? : True
Is IST_3 spanning? : True
Is IST_4 spanning? : True
Is IST_5 spanning? : True
Are all ISTs independent? : True

====TEST CR(749, 108, 216)====
Is IST_0 spanning? : True
Is IST_1 spanning? : True
Is IST_2 spanning? : True
Is IST_3 spanning? : True
Is IST_4 spanning? : True
Is IST_5 spanning? : True
Are all ISTs independent? : True

====TEST CR(750, 108, 216)====
Is IST_0 spanning? : True
Is IST_1 spanning? : True
Is IST_2 spanning? : True
Is IST_3 spanning? : True
Is IST_4 spanning? : True
Is IST_5 spanning? : True
Are all ISTs independent? : True

====TEST CR(751, 108, 216)====
Is IST_0 spanning? : True
Is IST_1 spanning? : True
Is IST_2 spanning? : True
Is IST_3 spanning? : True
Is IST_4 spanning? : True
Is IST_5 spanning? : True
Are all ISTs independent? : True

====TEST CR(752, 108, 216)====
Is IST_0 spanning? : True
Is IST_1 spanning? : True
Is IST_2 spanning? : True
Is IST_3 spanning? : True
Is IST_4 spanning? : True
Is IST_5 spanning? : True
Are all ISTs independent? : True

====TEST CR(753, 108, 216)====
Is IST_0 spanning? : True
Is IST_1 spanning? : True
Is IST_2 spanning? : True
Is IST_3 spanning? : True
Is IST_4 spanning? : True
Is IST_5 spanning? : True
Are all ISTs independent? : True

====TEST CR(754, 108, 216)====
Is IST_0 spanning? : True
Is IST_1 spanning? : True
Is IST_2 spanning? : True
Is IST_3 spanning? : True
Is IST_4 spanning? : True
Is IST_5 spanning? : True
Are all ISTs independent? : True

====TEST CR(755, 108, 216)====
Is IST_0 spanning? : True
Is IST_1 spanning? : True
Is IST_2 spanning? : True
Is IST_3 spanning? : True
Is IST_4 spanning? : True
Is IST_5 spanning? : True
Are all ISTs independent? : True

====TEST CR(756, 108, 216)====
Is IST_0 spanning? : True
Is IST_1 spanning? : True
Is IST_2 spanning? : True
Is IST_3 spanning? : True
Is IST_4 spanning? : True
Is IST_5 spanning? : True
Are all ISTs independent? : True

====TEST CR(757, 108, 216)====
Is IST_0 spanning? : True
Is IST_1 spanning? : True
Is IST_2 spanning? : True
Is IST_3 spanning? : True
Is IST_4 spanning? : True
Is IST_5 spanning? : True
Are all ISTs independent? : True

====TEST CR(758, 108, 216)====
Is IST_0 spanning? : True
Is IST_1 spanning? : True
Is IST_2 spanning? : True
Is IST_3 spanning? : True
Is IST_4 spanning? : True
Is IST_5 spanning? : True
Are all ISTs independent? : True

====TEST CR(759, 108, 216)====
Is IST_0 spanning? : True
Is IST_1 spanning? : True
Is IST_2 spanning? : True
Is IST_3 spanning? : True
Is IST_4 spanning? : True
Is IST_5 spanning? : True
Are all ISTs independent? : True

====TEST CR(760, 108, 216)====
Is IST_0 spanning? : True
Is IST_1 spanning? : True
Is IST_2 spanning? : True
Is IST_3 spanning? : True
Is IST_4 spanning? : True
Is IST_5 spanning? : True
Are all ISTs independent? : True

====TEST CR(761, 108, 216)====
Is IST_0 spanning? : True
Is IST_1 spanning? : True
Is IST_2 spanning? : True
Is IST_3 spanning? : True
Is IST_4 spanning? : True
Is IST_5 spanning? : True
Are all ISTs independent? : True

====TEST CR(762, 108, 216)====
Is IST_0 spanning? : True
Is IST_1 spanning? : True
Is IST_2 spanning? : True
Is IST_3 spanning? : True
Is IST_4 spanning? : True
Is IST_5 spanning? : True
Are all ISTs independent? : True

====TEST CR(763, 108, 216)====
Is IST_0 spanning? : True
Is IST_1 spanning? : True
Is IST_2 spanning? : True
Is IST_3 spanning? : True
Is IST_4 spanning? : True
Is IST_5 spanning? : True
Are all ISTs independent? : True

====TEST CR(764, 108, 216)====
Is IST_0 spanning? : True
Is IST_1 spanning? : True
Is IST_2 spanning? : True
Is IST_3 spanning? : True
Is IST_4 spanning? : True
Is IST_5 spanning? : True
Are all ISTs independent? : True

====TEST CR(765, 108, 216)====
Is IST_0 spanning? : True
Is IST_1 spanning? : True
Is IST_2 spanning? : True
Is IST_3 spanning? : True
Is IST_4 spanning? : True
Is IST_5 spanning? : True
Are all ISTs independent? : True

====TEST CR(766, 108, 216)====
Is IST_0 spanning? : True
Is IST_1 spanning? : True
Is IST_2 spanning? : True
Is IST_3 spanning? : True
Is IST_4 spanning? : True
Is IST_5 spanning? : True
Are all ISTs independent? : True

====TEST CR(767, 108, 216)====
Is IST_0 spanning? : True
Is IST_1 spanning? : True
Is IST_2 spanning? : True
Is IST_3 spanning? : True
Is IST_4 spanning? : True
Is IST_5 spanning? : True
Are all ISTs independent? : True

====TEST CR(768, 108, 216)====
Is IST_0 spanning? : True
Is IST_1 spanning? : True
Is IST_2 spanning? : True
Is IST_3 spanning? : True
Is IST_4 spanning? : True
Is IST_5 spanning? : True
Are all ISTs independent? : True

====TEST CR(769, 108, 216)====
Is IST_0 spanning? : True
Is IST_1 spanning? : True
Is IST_2 spanning? : True
Is IST_3 spanning? : True
Is IST_4 spanning? : True
Is IST_5 spanning? : True
Are all ISTs independent? : True

====TEST CR(770, 108, 216)====
Is IST_0 spanning? : True
Is IST_1 spanning? : True
Is IST_2 spanning? : True
Is IST_3 spanning? : True
Is IST_4 spanning? : True
Is IST_5 spanning? : True
Are all ISTs independent? : True

====TEST CR(771, 108, 216)====
Is IST_0 spanning? : True
Is IST_1 spanning? : True
Is IST_2 spanning? : True
Is IST_3 spanning? : True
Is IST_4 spanning? : True
Is IST_5 spanning? : True
Are all ISTs independent? : True

====TEST CR(772, 108, 216)====
Is IST_0 spanning? : True
Is IST_1 spanning? : True
Is IST_2 spanning? : True
Is IST_3 spanning? : True
Is IST_4 spanning? : True
Is IST_5 spanning? : True
Are all ISTs independent? : True

====TEST CR(773, 108, 216)====
Is IST_0 spanning? : True
Is IST_1 spanning? : True
Is IST_2 spanning? : True
Is IST_3 spanning? : True
Is IST_4 spanning? : True
Is IST_5 spanning? : True
Are all ISTs independent? : True

====TEST CR(774, 108, 216)====
Is IST_0 spanning? : True
Is IST_1 spanning? : True
Is IST_2 spanning? : True
Is IST_3 spanning? : True
Is IST_4 spanning? : True
Is IST_5 spanning? : True
Are all ISTs independent? : True

====TEST CR(775, 108, 216)====
Is IST_0 spanning? : True
Is IST_1 spanning? : True
Is IST_2 spanning? : True
Is IST_3 spanning? : True
Is IST_4 spanning? : True
Is IST_5 spanning? : True
Are all ISTs independent? : True

====TEST CR(776, 108, 216)====
Is IST_0 spanning? : True
Is IST_1 spanning? : True
Is IST_2 spanning? : True
Is IST_3 spanning? : True
Is IST_4 spanning? : True
Is IST_5 spanning? : True
Are all ISTs independent? : True

====TEST CR(654, 109, 218)====
Is IST_0 spanning? : True
Is IST_1 spanning? : True
Is IST_2 spanning? : True
Is IST_3 spanning? : True
Is IST_4 spanning? : True
Is IST_5 spanning? : True
Are all ISTs independent? : True

====TEST CR(655, 109, 218)====
Is IST_0 spanning? : True
Is IST_1 spanning? : True
Is IST_2 spanning? : True
Is IST_3 spanning? : True
Is IST_4 spanning? : True
Is IST_5 spanning? : True
Are all ISTs independent? : True

====TEST CR(656, 109, 218)====
Is IST_0 spanning? : True
Is IST_1 spanning? : True
Is IST_2 spanning? : True
Is IST_3 spanning? : True
Is IST_4 spanning? : True
Is IST_5 spanning? : True
Are all ISTs independent? : True

====TEST CR(657, 109, 218)====
Is IST_0 spanning? : True
Is IST_1 spanning? : True
Is IST_2 spanning? : True
Is IST_3 spanning? : True
Is IST_4 spanning? : True
Is IST_5 spanning? : True
Are all ISTs independent? : True

====TEST CR(658, 109, 218)====
Is IST_0 spanning? : True
Is IST_1 spanning? : True
Is IST_2 spanning? : True
Is IST_3 spanning? : True
Is IST_4 spanning? : True
Is IST_5 spanning? : True
Are all ISTs independent? : True

====TEST CR(659, 109, 218)====
Is IST_0 spanning? : True
Is IST_1 spanning? : True
Is IST_2 spanning? : True
Is IST_3 spanning? : True
Is IST_4 spanning? : True
Is IST_5 spanning? : True
Are all ISTs independent? : True

====TEST CR(660, 109, 218)====
Is IST_0 spanning? : True
Is IST_1 spanning? : True
Is IST_2 spanning? : True
Is IST_3 spanning? : True
Is IST_4 spanning? : True
Is IST_5 spanning? : True
Are all ISTs independent? : True

====TEST CR(661, 109, 218)====
Is IST_0 spanning? : True
Is IST_1 spanning? : True
Is IST_2 spanning? : True
Is IST_3 spanning? : True
Is IST_4 spanning? : True
Is IST_5 spanning? : True
Are all ISTs independent? : True

====TEST CR(662, 109, 218)====
Is IST_0 spanning? : True
Is IST_1 spanning? : True
Is IST_2 spanning? : True
Is IST_3 spanning? : True
Is IST_4 spanning? : True
Is IST_5 spanning? : True
Are all ISTs independent? : True

====TEST CR(663, 109, 218)====
Is IST_0 spanning? : True
Is IST_1 spanning? : True
Is IST_2 spanning? : True
Is IST_3 spanning? : True
Is IST_4 spanning? : True
Is IST_5 spanning? : True
Are all ISTs independent? : True

====TEST CR(664, 109, 218)====
Is IST_0 spanning? : True
Is IST_1 spanning? : True
Is IST_2 spanning? : True
Is IST_3 spanning? : True
Is IST_4 spanning? : True
Is IST_5 spanning? : True
Are all ISTs independent? : True

====TEST CR(665, 109, 218)====
Is IST_0 spanning? : True
Is IST_1 spanning? : True
Is IST_2 spanning? : True
Is IST_3 spanning? : True
Is IST_4 spanning? : True
Is IST_5 spanning? : True
Are all ISTs independent? : True

====TEST CR(666, 109, 218)====
Is IST_0 spanning? : True
Is IST_1 spanning? : True
Is IST_2 spanning? : True
Is IST_3 spanning? : True
Is IST_4 spanning? : True
Is IST_5 spanning? : True
Are all ISTs independent? : True

====TEST CR(667, 109, 218)====
Is IST_0 spanning? : True
Is IST_1 spanning? : True
Is IST_2 spanning? : True
Is IST_3 spanning? : True
Is IST_4 spanning? : True
Is IST_5 spanning? : True
Are all ISTs independent? : True

====TEST CR(668, 109, 218)====
Is IST_0 spanning? : True
Is IST_1 spanning? : True
Is IST_2 spanning? : True
Is IST_3 spanning? : True
Is IST_4 spanning? : True
Is IST_5 spanning? : True
Are all ISTs independent? : True

====TEST CR(669, 109, 218)====
Is IST_0 spanning? : True
Is IST_1 spanning? : True
Is IST_2 spanning? : True
Is IST_3 spanning? : True
Is IST_4 spanning? : True
Is IST_5 spanning? : True
Are all ISTs independent? : True

====TEST CR(670, 109, 218)====
Is IST_0 spanning? : True
Is IST_1 spanning? : True
Is IST_2 spanning? : True
Is IST_3 spanning? : True
Is IST_4 spanning? : True
Is IST_5 spanning? : True
Are all ISTs independent? : True

====TEST CR(671, 109, 218)====
Is IST_0 spanning? : True
Is IST_1 spanning? : True
Is IST_2 spanning? : True
Is IST_3 spanning? : True
Is IST_4 spanning? : True
Is IST_5 spanning? : True
Are all ISTs independent? : True

====TEST CR(672, 109, 218)====
Is IST_0 spanning? : True
Is IST_1 spanning? : True
Is IST_2 spanning? : True
Is IST_3 spanning? : True
Is IST_4 spanning? : True
Is IST_5 spanning? : True
Are all ISTs independent? : True

====TEST CR(673, 109, 218)====
Is IST_0 spanning? : True
Is IST_1 spanning? : True
Is IST_2 spanning? : True
Is IST_3 spanning? : True
Is IST_4 spanning? : True
Is IST_5 spanning? : True
Are all ISTs independent? : True

====TEST CR(674, 109, 218)====
Is IST_0 spanning? : True
Is IST_1 spanning? : True
Is IST_2 spanning? : True
Is IST_3 spanning? : True
Is IST_4 spanning? : True
Is IST_5 spanning? : True
Are all ISTs independent? : True

====TEST CR(675, 109, 218)====
Is IST_0 spanning? : True
Is IST_1 spanning? : True
Is IST_2 spanning? : True
Is IST_3 spanning? : True
Is IST_4 spanning? : True
Is IST_5 spanning? : True
Are all ISTs independent? : True

====TEST CR(676, 109, 218)====
Is IST_0 spanning? : True
Is IST_1 spanning? : True
Is IST_2 spanning? : True
Is IST_3 spanning? : True
Is IST_4 spanning? : True
Is IST_5 spanning? : True
Are all ISTs independent? : True

====TEST CR(677, 109, 218)====
Is IST_0 spanning? : True
Is IST_1 spanning? : True
Is IST_2 spanning? : True
Is IST_3 spanning? : True
Is IST_4 spanning? : True
Is IST_5 spanning? : True
Are all ISTs independent? : True

====TEST CR(678, 109, 218)====
Is IST_0 spanning? : True
Is IST_1 spanning? : True
Is IST_2 spanning? : True
Is IST_3 spanning? : True
Is IST_4 spanning? : True
Is IST_5 spanning? : True
Are all ISTs independent? : True

====TEST CR(679, 109, 218)====
Is IST_0 spanning? : True
Is IST_1 spanning? : True
Is IST_2 spanning? : True
Is IST_3 spanning? : True
Is IST_4 spanning? : True
Is IST_5 spanning? : True
Are all ISTs independent? : True

====TEST CR(680, 109, 218)====
Is IST_0 spanning? : True
Is IST_1 spanning? : True
Is IST_2 spanning? : True
Is IST_3 spanning? : True
Is IST_4 spanning? : True
Is IST_5 spanning? : True
Are all ISTs independent? : True

====TEST CR(681, 109, 218)====
Is IST_0 spanning? : True
Is IST_1 spanning? : True
Is IST_2 spanning? : True
Is IST_3 spanning? : True
Is IST_4 spanning? : True
Is IST_5 spanning? : True
Are all ISTs independent? : True

====TEST CR(682, 109, 218)====
Is IST_0 spanning? : True
Is IST_1 spanning? : True
Is IST_2 spanning? : True
Is IST_3 spanning? : True
Is IST_4 spanning? : True
Is IST_5 spanning? : True
Are all ISTs independent? : True

====TEST CR(683, 109, 218)====
Is IST_0 spanning? : True
Is IST_1 spanning? : True
Is IST_2 spanning? : True
Is IST_3 spanning? : True
Is IST_4 spanning? : True
Is IST_5 spanning? : True
Are all ISTs independent? : True

====TEST CR(684, 109, 218)====
Is IST_0 spanning? : True
Is IST_1 spanning? : True
Is IST_2 spanning? : True
Is IST_3 spanning? : True
Is IST_4 spanning? : True
Is IST_5 spanning? : True
Are all ISTs independent? : True

====TEST CR(685, 109, 218)====
Is IST_0 spanning? : True
Is IST_1 spanning? : True
Is IST_2 spanning? : True
Is IST_3 spanning? : True
Is IST_4 spanning? : True
Is IST_5 spanning? : True
Are all ISTs independent? : True

====TEST CR(686, 109, 218)====
Is IST_0 spanning? : True
Is IST_1 spanning? : True
Is IST_2 spanning? : True
Is IST_3 spanning? : True
Is IST_4 spanning? : True
Is IST_5 spanning? : True
Are all ISTs independent? : True

====TEST CR(687, 109, 218)====
Is IST_0 spanning? : True
Is IST_1 spanning? : True
Is IST_2 spanning? : True
Is IST_3 spanning? : True
Is IST_4 spanning? : True
Is IST_5 spanning? : True
Are all ISTs independent? : True

====TEST CR(688, 109, 218)====
Is IST_0 spanning? : True
Is IST_1 spanning? : True
Is IST_2 spanning? : True
Is IST_3 spanning? : True
Is IST_4 spanning? : True
Is IST_5 spanning? : True
Are all ISTs independent? : True

====TEST CR(689, 109, 218)====
Is IST_0 spanning? : True
Is IST_1 spanning? : True
Is IST_2 spanning? : True
Is IST_3 spanning? : True
Is IST_4 spanning? : True
Is IST_5 spanning? : True
Are all ISTs independent? : True

====TEST CR(690, 109, 218)====
Is IST_0 spanning? : True
Is IST_1 spanning? : True
Is IST_2 spanning? : True
Is IST_3 spanning? : True
Is IST_4 spanning? : True
Is IST_5 spanning? : True
Are all ISTs independent? : True

====TEST CR(691, 109, 218)====
Is IST_0 spanning? : True
Is IST_1 spanning? : True
Is IST_2 spanning? : True
Is IST_3 spanning? : True
Is IST_4 spanning? : True
Is IST_5 spanning? : True
Are all ISTs independent? : True

====TEST CR(692, 109, 218)====
Is IST_0 spanning? : True
Is IST_1 spanning? : True
Is IST_2 spanning? : True
Is IST_3 spanning? : True
Is IST_4 spanning? : True
Is IST_5 spanning? : True
Are all ISTs independent? : True

====TEST CR(693, 109, 218)====
Is IST_0 spanning? : True
Is IST_1 spanning? : True
Is IST_2 spanning? : True
Is IST_3 spanning? : True
Is IST_4 spanning? : True
Is IST_5 spanning? : True
Are all ISTs independent? : True

====TEST CR(694, 109, 218)====
Is IST_0 spanning? : True
Is IST_1 spanning? : True
Is IST_2 spanning? : True
Is IST_3 spanning? : True
Is IST_4 spanning? : True
Is IST_5 spanning? : True
Are all ISTs independent? : True

====TEST CR(695, 109, 218)====
Is IST_0 spanning? : True
Is IST_1 spanning? : True
Is IST_2 spanning? : True
Is IST_3 spanning? : True
Is IST_4 spanning? : True
Is IST_5 spanning? : True
Are all ISTs independent? : True

====TEST CR(696, 109, 218)====
Is IST_0 spanning? : True
Is IST_1 spanning? : True
Is IST_2 spanning? : True
Is IST_3 spanning? : True
Is IST_4 spanning? : True
Is IST_5 spanning? : True
Are all ISTs independent? : True

====TEST CR(697, 109, 218)====
Is IST_0 spanning? : True
Is IST_1 spanning? : True
Is IST_2 spanning? : True
Is IST_3 spanning? : True
Is IST_4 spanning? : True
Is IST_5 spanning? : True
Are all ISTs independent? : True

====TEST CR(698, 109, 218)====
Is IST_0 spanning? : True
Is IST_1 spanning? : True
Is IST_2 spanning? : True
Is IST_3 spanning? : True
Is IST_4 spanning? : True
Is IST_5 spanning? : True
Are all ISTs independent? : True

====TEST CR(699, 109, 218)====
Is IST_0 spanning? : True
Is IST_1 spanning? : True
Is IST_2 spanning? : True
Is IST_3 spanning? : True
Is IST_4 spanning? : True
Is IST_5 spanning? : True
Are all ISTs independent? : True

====TEST CR(700, 109, 218)====
Is IST_0 spanning? : True
Is IST_1 spanning? : True
Is IST_2 spanning? : True
Is IST_3 spanning? : True
Is IST_4 spanning? : True
Is IST_5 spanning? : True
Are all ISTs independent? : True

====TEST CR(701, 109, 218)====
Is IST_0 spanning? : True
Is IST_1 spanning? : True
Is IST_2 spanning? : True
Is IST_3 spanning? : True
Is IST_4 spanning? : True
Is IST_5 spanning? : True
Are all ISTs independent? : True

====TEST CR(702, 109, 218)====
Is IST_0 spanning? : True
Is IST_1 spanning? : True
Is IST_2 spanning? : True
Is IST_3 spanning? : True
Is IST_4 spanning? : True
Is IST_5 spanning? : True
Are all ISTs independent? : True

====TEST CR(703, 109, 218)====
Is IST_0 spanning? : True
Is IST_1 spanning? : True
Is IST_2 spanning? : True
Is IST_3 spanning? : True
Is IST_4 spanning? : True
Is IST_5 spanning? : True
Are all ISTs independent? : True

====TEST CR(704, 109, 218)====
Is IST_0 spanning? : True
Is IST_1 spanning? : True
Is IST_2 spanning? : True
Is IST_3 spanning? : True
Is IST_4 spanning? : True
Is IST_5 spanning? : True
Are all ISTs independent? : True

====TEST CR(705, 109, 218)====
Is IST_0 spanning? : True
Is IST_1 spanning? : True
Is IST_2 spanning? : True
Is IST_3 spanning? : True
Is IST_4 spanning? : True
Is IST_5 spanning? : True
Are all ISTs independent? : True

====TEST CR(706, 109, 218)====
Is IST_0 spanning? : True
Is IST_1 spanning? : True
Is IST_2 spanning? : True
Is IST_3 spanning? : True
Is IST_4 spanning? : True
Is IST_5 spanning? : True
Are all ISTs independent? : True

====TEST CR(707, 109, 218)====
Is IST_0 spanning? : True
Is IST_1 spanning? : True
Is IST_2 spanning? : True
Is IST_3 spanning? : True
Is IST_4 spanning? : True
Is IST_5 spanning? : True
Are all ISTs independent? : True

====TEST CR(708, 109, 218)====
Is IST_0 spanning? : True
Is IST_1 spanning? : True
Is IST_2 spanning? : True
Is IST_3 spanning? : True
Is IST_4 spanning? : True
Is IST_5 spanning? : True
Are all ISTs independent? : True

====TEST CR(709, 109, 218)====
Is IST_0 spanning? : True
Is IST_1 spanning? : True
Is IST_2 spanning? : True
Is IST_3 spanning? : True
Is IST_4 spanning? : True
Is IST_5 spanning? : True
Are all ISTs independent? : True

====TEST CR(710, 109, 218)====
Is IST_0 spanning? : True
Is IST_1 spanning? : True
Is IST_2 spanning? : True
Is IST_3 spanning? : True
Is IST_4 spanning? : True
Is IST_5 spanning? : True
Are all ISTs independent? : True

====TEST CR(711, 109, 218)====
Is IST_0 spanning? : True
Is IST_1 spanning? : True
Is IST_2 spanning? : True
Is IST_3 spanning? : True
Is IST_4 spanning? : True
Is IST_5 spanning? : True
Are all ISTs independent? : True

====TEST CR(712, 109, 218)====
Is IST_0 spanning? : True
Is IST_1 spanning? : True
Is IST_2 spanning? : True
Is IST_3 spanning? : True
Is IST_4 spanning? : True
Is IST_5 spanning? : True
Are all ISTs independent? : True

====TEST CR(713, 109, 218)====
Is IST_0 spanning? : True
Is IST_1 spanning? : True
Is IST_2 spanning? : True
Is IST_3 spanning? : True
Is IST_4 spanning? : True
Is IST_5 spanning? : True
Are all ISTs independent? : True

====TEST CR(714, 109, 218)====
Is IST_0 spanning? : True
Is IST_1 spanning? : True
Is IST_2 spanning? : True
Is IST_3 spanning? : True
Is IST_4 spanning? : True
Is IST_5 spanning? : True
Are all ISTs independent? : True

====TEST CR(715, 109, 218)====
Is IST_0 spanning? : True
Is IST_1 spanning? : True
Is IST_2 spanning? : True
Is IST_3 spanning? : True
Is IST_4 spanning? : True
Is IST_5 spanning? : True
Are all ISTs independent? : True

====TEST CR(716, 109, 218)====
Is IST_0 spanning? : True
Is IST_1 spanning? : True
Is IST_2 spanning? : True
Is IST_3 spanning? : True
Is IST_4 spanning? : True
Is IST_5 spanning? : True
Are all ISTs independent? : True

====TEST CR(717, 109, 218)====
Is IST_0 spanning? : True
Is IST_1 spanning? : True
Is IST_2 spanning? : True
Is IST_3 spanning? : True
Is IST_4 spanning? : True
Is IST_5 spanning? : True
Are all ISTs independent? : True

====TEST CR(718, 109, 218)====
Is IST_0 spanning? : True
Is IST_1 spanning? : True
Is IST_2 spanning? : True
Is IST_3 spanning? : True
Is IST_4 spanning? : True
Is IST_5 spanning? : True
Are all ISTs independent? : True

====TEST CR(719, 109, 218)====
Is IST_0 spanning? : True
Is IST_1 spanning? : True
Is IST_2 spanning? : True
Is IST_3 spanning? : True
Is IST_4 spanning? : True
Is IST_5 spanning? : True
Are all ISTs independent? : True

====TEST CR(720, 109, 218)====
Is IST_0 spanning? : True
Is IST_1 spanning? : True
Is IST_2 spanning? : True
Is IST_3 spanning? : True
Is IST_4 spanning? : True
Is IST_5 spanning? : True
Are all ISTs independent? : True

====TEST CR(721, 109, 218)====
Is IST_0 spanning? : True
Is IST_1 spanning? : True
Is IST_2 spanning? : True
Is IST_3 spanning? : True
Is IST_4 spanning? : True
Is IST_5 spanning? : True
Are all ISTs independent? : True

====TEST CR(722, 109, 218)====
Is IST_0 spanning? : True
Is IST_1 spanning? : True
Is IST_2 spanning? : True
Is IST_3 spanning? : True
Is IST_4 spanning? : True
Is IST_5 spanning? : True
Are all ISTs independent? : True

====TEST CR(723, 109, 218)====
Is IST_0 spanning? : True
Is IST_1 spanning? : True
Is IST_2 spanning? : True
Is IST_3 spanning? : True
Is IST_4 spanning? : True
Is IST_5 spanning? : True
Are all ISTs independent? : True

====TEST CR(724, 109, 218)====
Is IST_0 spanning? : True
Is IST_1 spanning? : True
Is IST_2 spanning? : True
Is IST_3 spanning? : True
Is IST_4 spanning? : True
Is IST_5 spanning? : True
Are all ISTs independent? : True

====TEST CR(725, 109, 218)====
Is IST_0 spanning? : True
Is IST_1 spanning? : True
Is IST_2 spanning? : True
Is IST_3 spanning? : True
Is IST_4 spanning? : True
Is IST_5 spanning? : True
Are all ISTs independent? : True

====TEST CR(726, 109, 218)====
Is IST_0 spanning? : True
Is IST_1 spanning? : True
Is IST_2 spanning? : True
Is IST_3 spanning? : True
Is IST_4 spanning? : True
Is IST_5 spanning? : True
Are all ISTs independent? : True

====TEST CR(727, 109, 218)====
Is IST_0 spanning? : True
Is IST_1 spanning? : True
Is IST_2 spanning? : True
Is IST_3 spanning? : True
Is IST_4 spanning? : True
Is IST_5 spanning? : True
Are all ISTs independent? : True

====TEST CR(728, 109, 218)====
Is IST_0 spanning? : True
Is IST_1 spanning? : True
Is IST_2 spanning? : True
Is IST_3 spanning? : True
Is IST_4 spanning? : True
Is IST_5 spanning? : True
Are all ISTs independent? : True

====TEST CR(729, 109, 218)====
Is IST_0 spanning? : True
Is IST_1 spanning? : True
Is IST_2 spanning? : True
Is IST_3 spanning? : True
Is IST_4 spanning? : True
Is IST_5 spanning? : True
Are all ISTs independent? : True

====TEST CR(730, 109, 218)====
Is IST_0 spanning? : True
Is IST_1 spanning? : True
Is IST_2 spanning? : True
Is IST_3 spanning? : True
Is IST_4 spanning? : True
Is IST_5 spanning? : True
Are all ISTs independent? : True

====TEST CR(731, 109, 218)====
Is IST_0 spanning? : True
Is IST_1 spanning? : True
Is IST_2 spanning? : True
Is IST_3 spanning? : True
Is IST_4 spanning? : True
Is IST_5 spanning? : True
Are all ISTs independent? : True

====TEST CR(732, 109, 218)====
Is IST_0 spanning? : True
Is IST_1 spanning? : True
Is IST_2 spanning? : True
Is IST_3 spanning? : True
Is IST_4 spanning? : True
Is IST_5 spanning? : True
Are all ISTs independent? : True

====TEST CR(733, 109, 218)====
Is IST_0 spanning? : True
Is IST_1 spanning? : True
Is IST_2 spanning? : True
Is IST_3 spanning? : True
Is IST_4 spanning? : True
Is IST_5 spanning? : True
Are all ISTs independent? : True

====TEST CR(734, 109, 218)====
Is IST_0 spanning? : True
Is IST_1 spanning? : True
Is IST_2 spanning? : True
Is IST_3 spanning? : True
Is IST_4 spanning? : True
Is IST_5 spanning? : True
Are all ISTs independent? : True

====TEST CR(735, 109, 218)====
Is IST_0 spanning? : True
Is IST_1 spanning? : True
Is IST_2 spanning? : True
Is IST_3 spanning? : True
Is IST_4 spanning? : True
Is IST_5 spanning? : True
Are all ISTs independent? : True

====TEST CR(736, 109, 218)====
Is IST_0 spanning? : True
Is IST_1 spanning? : True
Is IST_2 spanning? : True
Is IST_3 spanning? : True
Is IST_4 spanning? : True
Is IST_5 spanning? : True
Are all ISTs independent? : True

====TEST CR(737, 109, 218)====
Is IST_0 spanning? : True
Is IST_1 spanning? : True
Is IST_2 spanning? : True
Is IST_3 spanning? : True
Is IST_4 spanning? : True
Is IST_5 spanning? : True
Are all ISTs independent? : True

====TEST CR(738, 109, 218)====
Is IST_0 spanning? : True
Is IST_1 spanning? : True
Is IST_2 spanning? : True
Is IST_3 spanning? : True
Is IST_4 spanning? : True
Is IST_5 spanning? : True
Are all ISTs independent? : True

====TEST CR(739, 109, 218)====
Is IST_0 spanning? : True
Is IST_1 spanning? : True
Is IST_2 spanning? : True
Is IST_3 spanning? : True
Is IST_4 spanning? : True
Is IST_5 spanning? : True
Are all ISTs independent? : True

====TEST CR(740, 109, 218)====
Is IST_0 spanning? : True
Is IST_1 spanning? : True
Is IST_2 spanning? : True
Is IST_3 spanning? : True
Is IST_4 spanning? : True
Is IST_5 spanning? : True
Are all ISTs independent? : True

====TEST CR(741, 109, 218)====
Is IST_0 spanning? : True
Is IST_1 spanning? : True
Is IST_2 spanning? : True
Is IST_3 spanning? : True
Is IST_4 spanning? : True
Is IST_5 spanning? : True
Are all ISTs independent? : True

====TEST CR(742, 109, 218)====
Is IST_0 spanning? : True
Is IST_1 spanning? : True
Is IST_2 spanning? : True
Is IST_3 spanning? : True
Is IST_4 spanning? : True
Is IST_5 spanning? : True
Are all ISTs independent? : True

====TEST CR(743, 109, 218)====
Is IST_0 spanning? : True
Is IST_1 spanning? : True
Is IST_2 spanning? : True
Is IST_3 spanning? : True
Is IST_4 spanning? : True
Is IST_5 spanning? : True
Are all ISTs independent? : True

====TEST CR(744, 109, 218)====
Is IST_0 spanning? : True
Is IST_1 spanning? : True
Is IST_2 spanning? : True
Is IST_3 spanning? : True
Is IST_4 spanning? : True
Is IST_5 spanning? : True
Are all ISTs independent? : True

====TEST CR(745, 109, 218)====
Is IST_0 spanning? : True
Is IST_1 spanning? : True
Is IST_2 spanning? : True
Is IST_3 spanning? : True
Is IST_4 spanning? : True
Is IST_5 spanning? : True
Are all ISTs independent? : True

====TEST CR(746, 109, 218)====
Is IST_0 spanning? : True
Is IST_1 spanning? : True
Is IST_2 spanning? : True
Is IST_3 spanning? : True
Is IST_4 spanning? : True
Is IST_5 spanning? : True
Are all ISTs independent? : True

====TEST CR(747, 109, 218)====
Is IST_0 spanning? : True
Is IST_1 spanning? : True
Is IST_2 spanning? : True
Is IST_3 spanning? : True
Is IST_4 spanning? : True
Is IST_5 spanning? : True
Are all ISTs independent? : True

====TEST CR(748, 109, 218)====
Is IST_0 spanning? : True
Is IST_1 spanning? : True
Is IST_2 spanning? : True
Is IST_3 spanning? : True
Is IST_4 spanning? : True
Is IST_5 spanning? : True
Are all ISTs independent? : True

====TEST CR(749, 109, 218)====
Is IST_0 spanning? : True
Is IST_1 spanning? : True
Is IST_2 spanning? : True
Is IST_3 spanning? : True
Is IST_4 spanning? : True
Is IST_5 spanning? : True
Are all ISTs independent? : True

====TEST CR(750, 109, 218)====
Is IST_0 spanning? : True
Is IST_1 spanning? : True
Is IST_2 spanning? : True
Is IST_3 spanning? : True
Is IST_4 spanning? : True
Is IST_5 spanning? : True
Are all ISTs independent? : True

====TEST CR(751, 109, 218)====
Is IST_0 spanning? : True
Is IST_1 spanning? : True
Is IST_2 spanning? : True
Is IST_3 spanning? : True
Is IST_4 spanning? : True
Is IST_5 spanning? : True
Are all ISTs independent? : True

====TEST CR(752, 109, 218)====
Is IST_0 spanning? : True
Is IST_1 spanning? : True
Is IST_2 spanning? : True
Is IST_3 spanning? : True
Is IST_4 spanning? : True
Is IST_5 spanning? : True
Are all ISTs independent? : True

====TEST CR(753, 109, 218)====
Is IST_0 spanning? : True
Is IST_1 spanning? : True
Is IST_2 spanning? : True
Is IST_3 spanning? : True
Is IST_4 spanning? : True
Is IST_5 spanning? : True
Are all ISTs independent? : True

====TEST CR(754, 109, 218)====
Is IST_0 spanning? : True
Is IST_1 spanning? : True
Is IST_2 spanning? : True
Is IST_3 spanning? : True
Is IST_4 spanning? : True
Is IST_5 spanning? : True
Are all ISTs independent? : True

====TEST CR(755, 109, 218)====
Is IST_0 spanning? : True
Is IST_1 spanning? : True
Is IST_2 spanning? : True
Is IST_3 spanning? : True
Is IST_4 spanning? : True
Is IST_5 spanning? : True
Are all ISTs independent? : True

====TEST CR(756, 109, 218)====
Is IST_0 spanning? : True
Is IST_1 spanning? : True
Is IST_2 spanning? : True
Is IST_3 spanning? : True
Is IST_4 spanning? : True
Is IST_5 spanning? : True
Are all ISTs independent? : True

====TEST CR(757, 109, 218)====
Is IST_0 spanning? : True
Is IST_1 spanning? : True
Is IST_2 spanning? : True
Is IST_3 spanning? : True
Is IST_4 spanning? : True
Is IST_5 spanning? : True
Are all ISTs independent? : True

====TEST CR(758, 109, 218)====
Is IST_0 spanning? : True
Is IST_1 spanning? : True
Is IST_2 spanning? : True
Is IST_3 spanning? : True
Is IST_4 spanning? : True
Is IST_5 spanning? : True
Are all ISTs independent? : True

====TEST CR(759, 109, 218)====
Is IST_0 spanning? : True
Is IST_1 spanning? : True
Is IST_2 spanning? : True
Is IST_3 spanning? : True
Is IST_4 spanning? : True
Is IST_5 spanning? : True
Are all ISTs independent? : True

====TEST CR(760, 109, 218)====
Is IST_0 spanning? : True
Is IST_1 spanning? : True
Is IST_2 spanning? : True
Is IST_3 spanning? : True
Is IST_4 spanning? : True
Is IST_5 spanning? : True
Are all ISTs independent? : True

====TEST CR(761, 109, 218)====
Is IST_0 spanning? : True
Is IST_1 spanning? : True
Is IST_2 spanning? : True
Is IST_3 spanning? : True
Is IST_4 spanning? : True
Is IST_5 spanning? : True
Are all ISTs independent? : True

====TEST CR(762, 109, 218)====
Is IST_0 spanning? : True
Is IST_1 spanning? : True
Is IST_2 spanning? : True
Is IST_3 spanning? : True
Is IST_4 spanning? : True
Is IST_5 spanning? : True
Are all ISTs independent? : True

====TEST CR(763, 109, 218)====
Is IST_0 spanning? : True
Is IST_1 spanning? : True
Is IST_2 spanning? : True
Is IST_3 spanning? : True
Is IST_4 spanning? : True
Is IST_5 spanning? : True
Are all ISTs independent? : True

====TEST CR(764, 109, 218)====
Is IST_0 spanning? : True
Is IST_1 spanning? : True
Is IST_2 spanning? : True
Is IST_3 spanning? : True
Is IST_4 spanning? : True
Is IST_5 spanning? : True
Are all ISTs independent? : True

====TEST CR(765, 109, 218)====
Is IST_0 spanning? : True
Is IST_1 spanning? : True
Is IST_2 spanning? : True
Is IST_3 spanning? : True
Is IST_4 spanning? : True
Is IST_5 spanning? : True
Are all ISTs independent? : True

====TEST CR(766, 109, 218)====
Is IST_0 spanning? : True
Is IST_1 spanning? : True
Is IST_2 spanning? : True
Is IST_3 spanning? : True
Is IST_4 spanning? : True
Is IST_5 spanning? : True
Are all ISTs independent? : True

====TEST CR(767, 109, 218)====
Is IST_0 spanning? : True
Is IST_1 spanning? : True
Is IST_2 spanning? : True
Is IST_3 spanning? : True
Is IST_4 spanning? : True
Is IST_5 spanning? : True
Are all ISTs independent? : True

====TEST CR(768, 109, 218)====
Is IST_0 spanning? : True
Is IST_1 spanning? : True
Is IST_2 spanning? : True
Is IST_3 spanning? : True
Is IST_4 spanning? : True
Is IST_5 spanning? : True
Are all ISTs independent? : True

====TEST CR(769, 109, 218)====
Is IST_0 spanning? : True
Is IST_1 spanning? : True
Is IST_2 spanning? : True
Is IST_3 spanning? : True
Is IST_4 spanning? : True
Is IST_5 spanning? : True
Are all ISTs independent? : True

====TEST CR(770, 109, 218)====
Is IST_0 spanning? : True
Is IST_1 spanning? : True
Is IST_2 spanning? : True
Is IST_3 spanning? : True
Is IST_4 spanning? : True
Is IST_5 spanning? : True
Are all ISTs independent? : True

====TEST CR(771, 109, 218)====
Is IST_0 spanning? : True
Is IST_1 spanning? : True
Is IST_2 spanning? : True
Is IST_3 spanning? : True
Is IST_4 spanning? : True
Is IST_5 spanning? : True
Are all ISTs independent? : True

====TEST CR(772, 109, 218)====
Is IST_0 spanning? : True
Is IST_1 spanning? : True
Is IST_2 spanning? : True
Is IST_3 spanning? : True
Is IST_4 spanning? : True
Is IST_5 spanning? : True
Are all ISTs independent? : True

====TEST CR(773, 109, 218)====
Is IST_0 spanning? : True
Is IST_1 spanning? : True
Is IST_2 spanning? : True
Is IST_3 spanning? : True
Is IST_4 spanning? : True
Is IST_5 spanning? : True
Are all ISTs independent? : True

====TEST CR(774, 109, 218)====
Is IST_0 spanning? : True
Is IST_1 spanning? : True
Is IST_2 spanning? : True
Is IST_3 spanning? : True
Is IST_4 spanning? : True
Is IST_5 spanning? : True
Are all ISTs independent? : True

====TEST CR(775, 109, 218)====
Is IST_0 spanning? : True
Is IST_1 spanning? : True
Is IST_2 spanning? : True
Is IST_3 spanning? : True
Is IST_4 spanning? : True
Is IST_5 spanning? : True
Are all ISTs independent? : True

====TEST CR(776, 109, 218)====
Is IST_0 spanning? : True
Is IST_1 spanning? : True
Is IST_2 spanning? : True
Is IST_3 spanning? : True
Is IST_4 spanning? : True
Is IST_5 spanning? : True
Are all ISTs independent? : True

====TEST CR(777, 109, 218)====
Is IST_0 spanning? : True
Is IST_1 spanning? : True
Is IST_2 spanning? : True
Is IST_3 spanning? : True
Is IST_4 spanning? : True
Is IST_5 spanning? : True
Are all ISTs independent? : True

====TEST CR(778, 109, 218)====
Is IST_0 spanning? : True
Is IST_1 spanning? : True
Is IST_2 spanning? : True
Is IST_3 spanning? : True
Is IST_4 spanning? : True
Is IST_5 spanning? : True
Are all ISTs independent? : True

====TEST CR(779, 109, 218)====
Is IST_0 spanning? : True
Is IST_1 spanning? : True
Is IST_2 spanning? : True
Is IST_3 spanning? : True
Is IST_4 spanning? : True
Is IST_5 spanning? : True
Are all ISTs independent? : True

====TEST CR(780, 109, 218)====
Is IST_0 spanning? : True
Is IST_1 spanning? : True
Is IST_2 spanning? : True
Is IST_3 spanning? : True
Is IST_4 spanning? : True
Is IST_5 spanning? : True
Are all ISTs independent? : True

====TEST CR(781, 109, 218)====
Is IST_0 spanning? : True
Is IST_1 spanning? : True
Is IST_2 spanning? : True
Is IST_3 spanning? : True
Is IST_4 spanning? : True
Is IST_5 spanning? : True
Are all ISTs independent? : True

====TEST CR(782, 109, 218)====
Is IST_0 spanning? : True
Is IST_1 spanning? : True
Is IST_2 spanning? : True
Is IST_3 spanning? : True
Is IST_4 spanning? : True
Is IST_5 spanning? : True
Are all ISTs independent? : True

====TEST CR(660, 110, 220)====
Is IST_0 spanning? : True
Is IST_1 spanning? : True
Is IST_2 spanning? : True
Is IST_3 spanning? : True
Is IST_4 spanning? : True
Is IST_5 spanning? : True
Are all ISTs independent? : True

====TEST CR(661, 110, 220)====
Is IST_0 spanning? : True
Is IST_1 spanning? : True
Is IST_2 spanning? : True
Is IST_3 spanning? : True
Is IST_4 spanning? : True
Is IST_5 spanning? : True
Are all ISTs independent? : True

====TEST CR(662, 110, 220)====
Is IST_0 spanning? : True
Is IST_1 spanning? : True
Is IST_2 spanning? : True
Is IST_3 spanning? : True
Is IST_4 spanning? : True
Is IST_5 spanning? : True
Are all ISTs independent? : True

====TEST CR(663, 110, 220)====
Is IST_0 spanning? : True
Is IST_1 spanning? : True
Is IST_2 spanning? : True
Is IST_3 spanning? : True
Is IST_4 spanning? : True
Is IST_5 spanning? : True
Are all ISTs independent? : True

====TEST CR(664, 110, 220)====
Is IST_0 spanning? : True
Is IST_1 spanning? : True
Is IST_2 spanning? : True
Is IST_3 spanning? : True
Is IST_4 spanning? : True
Is IST_5 spanning? : True
Are all ISTs independent? : True

====TEST CR(665, 110, 220)====
Is IST_0 spanning? : True
Is IST_1 spanning? : True
Is IST_2 spanning? : True
Is IST_3 spanning? : True
Is IST_4 spanning? : True
Is IST_5 spanning? : True
Are all ISTs independent? : True

====TEST CR(666, 110, 220)====
Is IST_0 spanning? : True
Is IST_1 spanning? : True
Is IST_2 spanning? : True
Is IST_3 spanning? : True
Is IST_4 spanning? : True
Is IST_5 spanning? : True
Are all ISTs independent? : True

====TEST CR(667, 110, 220)====
Is IST_0 spanning? : True
Is IST_1 spanning? : True
Is IST_2 spanning? : True
Is IST_3 spanning? : True
Is IST_4 spanning? : True
Is IST_5 spanning? : True
Are all ISTs independent? : True

====TEST CR(668, 110, 220)====
Is IST_0 spanning? : True
Is IST_1 spanning? : True
Is IST_2 spanning? : True
Is IST_3 spanning? : True
Is IST_4 spanning? : True
Is IST_5 spanning? : True
Are all ISTs independent? : True

====TEST CR(669, 110, 220)====
Is IST_0 spanning? : True
Is IST_1 spanning? : True
Is IST_2 spanning? : True
Is IST_3 spanning? : True
Is IST_4 spanning? : True
Is IST_5 spanning? : True
Are all ISTs independent? : True

====TEST CR(670, 110, 220)====
Is IST_0 spanning? : True
Is IST_1 spanning? : True
Is IST_2 spanning? : True
Is IST_3 spanning? : True
Is IST_4 spanning? : True
Is IST_5 spanning? : True
Are all ISTs independent? : True

====TEST CR(671, 110, 220)====
Is IST_0 spanning? : True
Is IST_1 spanning? : True
Is IST_2 spanning? : True
Is IST_3 spanning? : True
Is IST_4 spanning? : True
Is IST_5 spanning? : True
Are all ISTs independent? : True

====TEST CR(672, 110, 220)====
Is IST_0 spanning? : True
Is IST_1 spanning? : True
Is IST_2 spanning? : True
Is IST_3 spanning? : True
Is IST_4 spanning? : True
Is IST_5 spanning? : True
Are all ISTs independent? : True

====TEST CR(673, 110, 220)====
Is IST_0 spanning? : True
Is IST_1 spanning? : True
Is IST_2 spanning? : True
Is IST_3 spanning? : True
Is IST_4 spanning? : True
Is IST_5 spanning? : True
Are all ISTs independent? : True

====TEST CR(674, 110, 220)====
Is IST_0 spanning? : True
Is IST_1 spanning? : True
Is IST_2 spanning? : True
Is IST_3 spanning? : True
Is IST_4 spanning? : True
Is IST_5 spanning? : True
Are all ISTs independent? : True

====TEST CR(675, 110, 220)====
Is IST_0 spanning? : True
Is IST_1 spanning? : True
Is IST_2 spanning? : True
Is IST_3 spanning? : True
Is IST_4 spanning? : True
Is IST_5 spanning? : True
Are all ISTs independent? : True

====TEST CR(676, 110, 220)====
Is IST_0 spanning? : True
Is IST_1 spanning? : True
Is IST_2 spanning? : True
Is IST_3 spanning? : True
Is IST_4 spanning? : True
Is IST_5 spanning? : True
Are all ISTs independent? : True

====TEST CR(677, 110, 220)====
Is IST_0 spanning? : True
Is IST_1 spanning? : True
Is IST_2 spanning? : True
Is IST_3 spanning? : True
Is IST_4 spanning? : True
Is IST_5 spanning? : True
Are all ISTs independent? : True

====TEST CR(678, 110, 220)====
Is IST_0 spanning? : True
Is IST_1 spanning? : True
Is IST_2 spanning? : True
Is IST_3 spanning? : True
Is IST_4 spanning? : True
Is IST_5 spanning? : True
Are all ISTs independent? : True

====TEST CR(679, 110, 220)====
Is IST_0 spanning? : True
Is IST_1 spanning? : True
Is IST_2 spanning? : True
Is IST_3 spanning? : True
Is IST_4 spanning? : True
Is IST_5 spanning? : True
Are all ISTs independent? : True

====TEST CR(680, 110, 220)====
Is IST_0 spanning? : True
Is IST_1 spanning? : True
Is IST_2 spanning? : True
Is IST_3 spanning? : True
Is IST_4 spanning? : True
Is IST_5 spanning? : True
Are all ISTs independent? : True

====TEST CR(681, 110, 220)====
Is IST_0 spanning? : True
Is IST_1 spanning? : True
Is IST_2 spanning? : True
Is IST_3 spanning? : True
Is IST_4 spanning? : True
Is IST_5 spanning? : True
Are all ISTs independent? : True

====TEST CR(682, 110, 220)====
Is IST_0 spanning? : True
Is IST_1 spanning? : True
Is IST_2 spanning? : True
Is IST_3 spanning? : True
Is IST_4 spanning? : True
Is IST_5 spanning? : True
Are all ISTs independent? : True

====TEST CR(683, 110, 220)====
Is IST_0 spanning? : True
Is IST_1 spanning? : True
Is IST_2 spanning? : True
Is IST_3 spanning? : True
Is IST_4 spanning? : True
Is IST_5 spanning? : True
Are all ISTs independent? : True

====TEST CR(684, 110, 220)====
Is IST_0 spanning? : True
Is IST_1 spanning? : True
Is IST_2 spanning? : True
Is IST_3 spanning? : True
Is IST_4 spanning? : True
Is IST_5 spanning? : True
Are all ISTs independent? : True

====TEST CR(685, 110, 220)====
Is IST_0 spanning? : True
Is IST_1 spanning? : True
Is IST_2 spanning? : True
Is IST_3 spanning? : True
Is IST_4 spanning? : True
Is IST_5 spanning? : True
Are all ISTs independent? : True

====TEST CR(686, 110, 220)====
Is IST_0 spanning? : True
Is IST_1 spanning? : True
Is IST_2 spanning? : True
Is IST_3 spanning? : True
Is IST_4 spanning? : True
Is IST_5 spanning? : True
Are all ISTs independent? : True

====TEST CR(687, 110, 220)====
Is IST_0 spanning? : True
Is IST_1 spanning? : True
Is IST_2 spanning? : True
Is IST_3 spanning? : True
Is IST_4 spanning? : True
Is IST_5 spanning? : True
Are all ISTs independent? : True

====TEST CR(688, 110, 220)====
Is IST_0 spanning? : True
Is IST_1 spanning? : True
Is IST_2 spanning? : True
Is IST_3 spanning? : True
Is IST_4 spanning? : True
Is IST_5 spanning? : True
Are all ISTs independent? : True

====TEST CR(689, 110, 220)====
Is IST_0 spanning? : True
Is IST_1 spanning? : True
Is IST_2 spanning? : True
Is IST_3 spanning? : True
Is IST_4 spanning? : True
Is IST_5 spanning? : True
Are all ISTs independent? : True

====TEST CR(690, 110, 220)====
Is IST_0 spanning? : True
Is IST_1 spanning? : True
Is IST_2 spanning? : True
Is IST_3 spanning? : True
Is IST_4 spanning? : True
Is IST_5 spanning? : True
Are all ISTs independent? : True

====TEST CR(691, 110, 220)====
Is IST_0 spanning? : True
Is IST_1 spanning? : True
Is IST_2 spanning? : True
Is IST_3 spanning? : True
Is IST_4 spanning? : True
Is IST_5 spanning? : True
Are all ISTs independent? : True

====TEST CR(692, 110, 220)====
Is IST_0 spanning? : True
Is IST_1 spanning? : True
Is IST_2 spanning? : True
Is IST_3 spanning? : True
Is IST_4 spanning? : True
Is IST_5 spanning? : True
Are all ISTs independent? : True

====TEST CR(693, 110, 220)====
Is IST_0 spanning? : True
Is IST_1 spanning? : True
Is IST_2 spanning? : True
Is IST_3 spanning? : True
Is IST_4 spanning? : True
Is IST_5 spanning? : True
Are all ISTs independent? : True

====TEST CR(694, 110, 220)====
Is IST_0 spanning? : True
Is IST_1 spanning? : True
Is IST_2 spanning? : True
Is IST_3 spanning? : True
Is IST_4 spanning? : True
Is IST_5 spanning? : True
Are all ISTs independent? : True

====TEST CR(695, 110, 220)====
Is IST_0 spanning? : True
Is IST_1 spanning? : True
Is IST_2 spanning? : True
Is IST_3 spanning? : True
Is IST_4 spanning? : True
Is IST_5 spanning? : True
Are all ISTs independent? : True

====TEST CR(696, 110, 220)====
Is IST_0 spanning? : True
Is IST_1 spanning? : True
Is IST_2 spanning? : True
Is IST_3 spanning? : True
Is IST_4 spanning? : True
Is IST_5 spanning? : True
Are all ISTs independent? : True

====TEST CR(697, 110, 220)====
Is IST_0 spanning? : True
Is IST_1 spanning? : True
Is IST_2 spanning? : True
Is IST_3 spanning? : True
Is IST_4 spanning? : True
Is IST_5 spanning? : True
Are all ISTs independent? : True

====TEST CR(698, 110, 220)====
Is IST_0 spanning? : True
Is IST_1 spanning? : True
Is IST_2 spanning? : True
Is IST_3 spanning? : True
Is IST_4 spanning? : True
Is IST_5 spanning? : True
Are all ISTs independent? : True

====TEST CR(699, 110, 220)====
Is IST_0 spanning? : True
Is IST_1 spanning? : True
Is IST_2 spanning? : True
Is IST_3 spanning? : True
Is IST_4 spanning? : True
Is IST_5 spanning? : True
Are all ISTs independent? : True

====TEST CR(700, 110, 220)====
Is IST_0 spanning? : True
Is IST_1 spanning? : True
Is IST_2 spanning? : True
Is IST_3 spanning? : True
Is IST_4 spanning? : True
Is IST_5 spanning? : True
Are all ISTs independent? : True

====TEST CR(701, 110, 220)====
Is IST_0 spanning? : True
Is IST_1 spanning? : True
Is IST_2 spanning? : True
Is IST_3 spanning? : True
Is IST_4 spanning? : True
Is IST_5 spanning? : True
Are all ISTs independent? : True

====TEST CR(702, 110, 220)====
Is IST_0 spanning? : True
Is IST_1 spanning? : True
Is IST_2 spanning? : True
Is IST_3 spanning? : True
Is IST_4 spanning? : True
Is IST_5 spanning? : True
Are all ISTs independent? : True

====TEST CR(703, 110, 220)====
Is IST_0 spanning? : True
Is IST_1 spanning? : True
Is IST_2 spanning? : True
Is IST_3 spanning? : True
Is IST_4 spanning? : True
Is IST_5 spanning? : True
Are all ISTs independent? : True

====TEST CR(704, 110, 220)====
Is IST_0 spanning? : True
Is IST_1 spanning? : True
Is IST_2 spanning? : True
Is IST_3 spanning? : True
Is IST_4 spanning? : True
Is IST_5 spanning? : True
Are all ISTs independent? : True

====TEST CR(705, 110, 220)====
Is IST_0 spanning? : True
Is IST_1 spanning? : True
Is IST_2 spanning? : True
Is IST_3 spanning? : True
Is IST_4 spanning? : True
Is IST_5 spanning? : True
Are all ISTs independent? : True

====TEST CR(706, 110, 220)====
Is IST_0 spanning? : True
Is IST_1 spanning? : True
Is IST_2 spanning? : True
Is IST_3 spanning? : True
Is IST_4 spanning? : True
Is IST_5 spanning? : True
Are all ISTs independent? : True

====TEST CR(707, 110, 220)====
Is IST_0 spanning? : True
Is IST_1 spanning? : True
Is IST_2 spanning? : True
Is IST_3 spanning? : True
Is IST_4 spanning? : True
Is IST_5 spanning? : True
Are all ISTs independent? : True

====TEST CR(708, 110, 220)====
Is IST_0 spanning? : True
Is IST_1 spanning? : True
Is IST_2 spanning? : True
Is IST_3 spanning? : True
Is IST_4 spanning? : True
Is IST_5 spanning? : True
Are all ISTs independent? : True

====TEST CR(709, 110, 220)====
Is IST_0 spanning? : True
Is IST_1 spanning? : True
Is IST_2 spanning? : True
Is IST_3 spanning? : True
Is IST_4 spanning? : True
Is IST_5 spanning? : True
Are all ISTs independent? : True

====TEST CR(710, 110, 220)====
Is IST_0 spanning? : True
Is IST_1 spanning? : True
Is IST_2 spanning? : True
Is IST_3 spanning? : True
Is IST_4 spanning? : True
Is IST_5 spanning? : True
Are all ISTs independent? : True

====TEST CR(711, 110, 220)====
Is IST_0 spanning? : True
Is IST_1 spanning? : True
Is IST_2 spanning? : True
Is IST_3 spanning? : True
Is IST_4 spanning? : True
Is IST_5 spanning? : True
Are all ISTs independent? : True

====TEST CR(712, 110, 220)====
Is IST_0 spanning? : True
Is IST_1 spanning? : True
Is IST_2 spanning? : True
Is IST_3 spanning? : True
Is IST_4 spanning? : True
Is IST_5 spanning? : True
Are all ISTs independent? : True

====TEST CR(713, 110, 220)====
Is IST_0 spanning? : True
Is IST_1 spanning? : True
Is IST_2 spanning? : True
Is IST_3 spanning? : True
Is IST_4 spanning? : True
Is IST_5 spanning? : True
Are all ISTs independent? : True

====TEST CR(714, 110, 220)====
Is IST_0 spanning? : True
Is IST_1 spanning? : True
Is IST_2 spanning? : True
Is IST_3 spanning? : True
Is IST_4 spanning? : True
Is IST_5 spanning? : True
Are all ISTs independent? : True

====TEST CR(715, 110, 220)====
Is IST_0 spanning? : True
Is IST_1 spanning? : True
Is IST_2 spanning? : True
Is IST_3 spanning? : True
Is IST_4 spanning? : True
Is IST_5 spanning? : True
Are all ISTs independent? : True

====TEST CR(716, 110, 220)====
Is IST_0 spanning? : True
Is IST_1 spanning? : True
Is IST_2 spanning? : True
Is IST_3 spanning? : True
Is IST_4 spanning? : True
Is IST_5 spanning? : True
Are all ISTs independent? : True

====TEST CR(717, 110, 220)====
Is IST_0 spanning? : True
Is IST_1 spanning? : True
Is IST_2 spanning? : True
Is IST_3 spanning? : True
Is IST_4 spanning? : True
Is IST_5 spanning? : True
Are all ISTs independent? : True

====TEST CR(718, 110, 220)====
Is IST_0 spanning? : True
Is IST_1 spanning? : True
Is IST_2 spanning? : True
Is IST_3 spanning? : True
Is IST_4 spanning? : True
Is IST_5 spanning? : True
Are all ISTs independent? : True

====TEST CR(719, 110, 220)====
Is IST_0 spanning? : True
Is IST_1 spanning? : True
Is IST_2 spanning? : True
Is IST_3 spanning? : True
Is IST_4 spanning? : True
Is IST_5 spanning? : True
Are all ISTs independent? : True

====TEST CR(720, 110, 220)====
Is IST_0 spanning? : True
Is IST_1 spanning? : True
Is IST_2 spanning? : True
Is IST_3 spanning? : True
Is IST_4 spanning? : True
Is IST_5 spanning? : True
Are all ISTs independent? : True

====TEST CR(721, 110, 220)====
Is IST_0 spanning? : True
Is IST_1 spanning? : True
Is IST_2 spanning? : True
Is IST_3 spanning? : True
Is IST_4 spanning? : True
Is IST_5 spanning? : True
Are all ISTs independent? : True

====TEST CR(722, 110, 220)====
Is IST_0 spanning? : True
Is IST_1 spanning? : True
Is IST_2 spanning? : True
Is IST_3 spanning? : True
Is IST_4 spanning? : True
Is IST_5 spanning? : True
Are all ISTs independent? : True

====TEST CR(723, 110, 220)====
Is IST_0 spanning? : True
Is IST_1 spanning? : True
Is IST_2 spanning? : True
Is IST_3 spanning? : True
Is IST_4 spanning? : True
Is IST_5 spanning? : True
Are all ISTs independent? : True

====TEST CR(724, 110, 220)====
Is IST_0 spanning? : True
Is IST_1 spanning? : True
Is IST_2 spanning? : True
Is IST_3 spanning? : True
Is IST_4 spanning? : True
Is IST_5 spanning? : True
Are all ISTs independent? : True

====TEST CR(725, 110, 220)====
Is IST_0 spanning? : True
Is IST_1 spanning? : True
Is IST_2 spanning? : True
Is IST_3 spanning? : True
Is IST_4 spanning? : True
Is IST_5 spanning? : True
Are all ISTs independent? : True

====TEST CR(726, 110, 220)====
Is IST_0 spanning? : True
Is IST_1 spanning? : True
Is IST_2 spanning? : True
Is IST_3 spanning? : True
Is IST_4 spanning? : True
Is IST_5 spanning? : True
Are all ISTs independent? : True

====TEST CR(727, 110, 220)====
Is IST_0 spanning? : True
Is IST_1 spanning? : True
Is IST_2 spanning? : True
Is IST_3 spanning? : True
Is IST_4 spanning? : True
Is IST_5 spanning? : True
Are all ISTs independent? : True

====TEST CR(728, 110, 220)====
Is IST_0 spanning? : True
Is IST_1 spanning? : True
Is IST_2 spanning? : True
Is IST_3 spanning? : True
Is IST_4 spanning? : True
Is IST_5 spanning? : True
Are all ISTs independent? : True

====TEST CR(729, 110, 220)====
Is IST_0 spanning? : True
Is IST_1 spanning? : True
Is IST_2 spanning? : True
Is IST_3 spanning? : True
Is IST_4 spanning? : True
Is IST_5 spanning? : True
Are all ISTs independent? : True

====TEST CR(730, 110, 220)====
Is IST_0 spanning? : True
Is IST_1 spanning? : True
Is IST_2 spanning? : True
Is IST_3 spanning? : True
Is IST_4 spanning? : True
Is IST_5 spanning? : True
Are all ISTs independent? : True

====TEST CR(731, 110, 220)====
Is IST_0 spanning? : True
Is IST_1 spanning? : True
Is IST_2 spanning? : True
Is IST_3 spanning? : True
Is IST_4 spanning? : True
Is IST_5 spanning? : True
Are all ISTs independent? : True

====TEST CR(732, 110, 220)====
Is IST_0 spanning? : True
Is IST_1 spanning? : True
Is IST_2 spanning? : True
Is IST_3 spanning? : True
Is IST_4 spanning? : True
Is IST_5 spanning? : True
Are all ISTs independent? : True

====TEST CR(733, 110, 220)====
Is IST_0 spanning? : True
Is IST_1 spanning? : True
Is IST_2 spanning? : True
Is IST_3 spanning? : True
Is IST_4 spanning? : True
Is IST_5 spanning? : True
Are all ISTs independent? : True

====TEST CR(734, 110, 220)====
Is IST_0 spanning? : True
Is IST_1 spanning? : True
Is IST_2 spanning? : True
Is IST_3 spanning? : True
Is IST_4 spanning? : True
Is IST_5 spanning? : True
Are all ISTs independent? : True

====TEST CR(735, 110, 220)====
Is IST_0 spanning? : True
Is IST_1 spanning? : True
Is IST_2 spanning? : True
Is IST_3 spanning? : True
Is IST_4 spanning? : True
Is IST_5 spanning? : True
Are all ISTs independent? : True

====TEST CR(736, 110, 220)====
Is IST_0 spanning? : True
Is IST_1 spanning? : True
Is IST_2 spanning? : True
Is IST_3 spanning? : True
Is IST_4 spanning? : True
Is IST_5 spanning? : True
Are all ISTs independent? : True

====TEST CR(737, 110, 220)====
Is IST_0 spanning? : True
Is IST_1 spanning? : True
Is IST_2 spanning? : True
Is IST_3 spanning? : True
Is IST_4 spanning? : True
Is IST_5 spanning? : True
Are all ISTs independent? : True

====TEST CR(738, 110, 220)====
Is IST_0 spanning? : True
Is IST_1 spanning? : True
Is IST_2 spanning? : True
Is IST_3 spanning? : True
Is IST_4 spanning? : True
Is IST_5 spanning? : True
Are all ISTs independent? : True

====TEST CR(739, 110, 220)====
Is IST_0 spanning? : True
Is IST_1 spanning? : True
Is IST_2 spanning? : True
Is IST_3 spanning? : True
Is IST_4 spanning? : True
Is IST_5 spanning? : True
Are all ISTs independent? : True

====TEST CR(740, 110, 220)====
Is IST_0 spanning? : True
Is IST_1 spanning? : True
Is IST_2 spanning? : True
Is IST_3 spanning? : True
Is IST_4 spanning? : True
Is IST_5 spanning? : True
Are all ISTs independent? : True

====TEST CR(741, 110, 220)====
Is IST_0 spanning? : True
Is IST_1 spanning? : True
Is IST_2 spanning? : True
Is IST_3 spanning? : True
Is IST_4 spanning? : True
Is IST_5 spanning? : True
Are all ISTs independent? : True

====TEST CR(742, 110, 220)====
Is IST_0 spanning? : True
Is IST_1 spanning? : True
Is IST_2 spanning? : True
Is IST_3 spanning? : True
Is IST_4 spanning? : True
Is IST_5 spanning? : True
Are all ISTs independent? : True

====TEST CR(743, 110, 220)====
Is IST_0 spanning? : True
Is IST_1 spanning? : True
Is IST_2 spanning? : True
Is IST_3 spanning? : True
Is IST_4 spanning? : True
Is IST_5 spanning? : True
Are all ISTs independent? : True

====TEST CR(744, 110, 220)====
Is IST_0 spanning? : True
Is IST_1 spanning? : True
Is IST_2 spanning? : True
Is IST_3 spanning? : True
Is IST_4 spanning? : True
Is IST_5 spanning? : True
Are all ISTs independent? : True

====TEST CR(745, 110, 220)====
Is IST_0 spanning? : True
Is IST_1 spanning? : True
Is IST_2 spanning? : True
Is IST_3 spanning? : True
Is IST_4 spanning? : True
Is IST_5 spanning? : True
Are all ISTs independent? : True

====TEST CR(746, 110, 220)====
Is IST_0 spanning? : True
Is IST_1 spanning? : True
Is IST_2 spanning? : True
Is IST_3 spanning? : True
Is IST_4 spanning? : True
Is IST_5 spanning? : True
Are all ISTs independent? : True

====TEST CR(747, 110, 220)====
Is IST_0 spanning? : True
Is IST_1 spanning? : True
Is IST_2 spanning? : True
Is IST_3 spanning? : True
Is IST_4 spanning? : True
Is IST_5 spanning? : True
Are all ISTs independent? : True

====TEST CR(748, 110, 220)====
Is IST_0 spanning? : True
Is IST_1 spanning? : True
Is IST_2 spanning? : True
Is IST_3 spanning? : True
Is IST_4 spanning? : True
Is IST_5 spanning? : True
Are all ISTs independent? : True

====TEST CR(749, 110, 220)====
Is IST_0 spanning? : True
Is IST_1 spanning? : True
Is IST_2 spanning? : True
Is IST_3 spanning? : True
Is IST_4 spanning? : True
Is IST_5 spanning? : True
Are all ISTs independent? : True

====TEST CR(750, 110, 220)====
Is IST_0 spanning? : True
Is IST_1 spanning? : True
Is IST_2 spanning? : True
Is IST_3 spanning? : True
Is IST_4 spanning? : True
Is IST_5 spanning? : True
Are all ISTs independent? : True

====TEST CR(751, 110, 220)====
Is IST_0 spanning? : True
Is IST_1 spanning? : True
Is IST_2 spanning? : True
Is IST_3 spanning? : True
Is IST_4 spanning? : True
Is IST_5 spanning? : True
Are all ISTs independent? : True

====TEST CR(752, 110, 220)====
Is IST_0 spanning? : True
Is IST_1 spanning? : True
Is IST_2 spanning? : True
Is IST_3 spanning? : True
Is IST_4 spanning? : True
Is IST_5 spanning? : True
Are all ISTs independent? : True

====TEST CR(753, 110, 220)====
Is IST_0 spanning? : True
Is IST_1 spanning? : True
Is IST_2 spanning? : True
Is IST_3 spanning? : True
Is IST_4 spanning? : True
Is IST_5 spanning? : True
Are all ISTs independent? : True

====TEST CR(754, 110, 220)====
Is IST_0 spanning? : True
Is IST_1 spanning? : True
Is IST_2 spanning? : True
Is IST_3 spanning? : True
Is IST_4 spanning? : True
Is IST_5 spanning? : True
Are all ISTs independent? : True

====TEST CR(755, 110, 220)====
Is IST_0 spanning? : True
Is IST_1 spanning? : True
Is IST_2 spanning? : True
Is IST_3 spanning? : True
Is IST_4 spanning? : True
Is IST_5 spanning? : True
Are all ISTs independent? : True

====TEST CR(756, 110, 220)====
Is IST_0 spanning? : True
Is IST_1 spanning? : True
Is IST_2 spanning? : True
Is IST_3 spanning? : True
Is IST_4 spanning? : True
Is IST_5 spanning? : True
Are all ISTs independent? : True

====TEST CR(757, 110, 220)====
Is IST_0 spanning? : True
Is IST_1 spanning? : True
Is IST_2 spanning? : True
Is IST_3 spanning? : True
Is IST_4 spanning? : True
Is IST_5 spanning? : True
Are all ISTs independent? : True

====TEST CR(758, 110, 220)====
Is IST_0 spanning? : True
Is IST_1 spanning? : True
Is IST_2 spanning? : True
Is IST_3 spanning? : True
Is IST_4 spanning? : True
Is IST_5 spanning? : True
Are all ISTs independent? : True

====TEST CR(759, 110, 220)====
Is IST_0 spanning? : True
Is IST_1 spanning? : True
Is IST_2 spanning? : True
Is IST_3 spanning? : True
Is IST_4 spanning? : True
Is IST_5 spanning? : True
Are all ISTs independent? : True

====TEST CR(760, 110, 220)====
Is IST_0 spanning? : True
Is IST_1 spanning? : True
Is IST_2 spanning? : True
Is IST_3 spanning? : True
Is IST_4 spanning? : True
Is IST_5 spanning? : True
Are all ISTs independent? : True

====TEST CR(761, 110, 220)====
Is IST_0 spanning? : True
Is IST_1 spanning? : True
Is IST_2 spanning? : True
Is IST_3 spanning? : True
Is IST_4 spanning? : True
Is IST_5 spanning? : True
Are all ISTs independent? : True

====TEST CR(762, 110, 220)====
Is IST_0 spanning? : True
Is IST_1 spanning? : True
Is IST_2 spanning? : True
Is IST_3 spanning? : True
Is IST_4 spanning? : True
Is IST_5 spanning? : True
Are all ISTs independent? : True

====TEST CR(763, 110, 220)====
Is IST_0 spanning? : True
Is IST_1 spanning? : True
Is IST_2 spanning? : True
Is IST_3 spanning? : True
Is IST_4 spanning? : True
Is IST_5 spanning? : True
Are all ISTs independent? : True

====TEST CR(764, 110, 220)====
Is IST_0 spanning? : True
Is IST_1 spanning? : True
Is IST_2 spanning? : True
Is IST_3 spanning? : True
Is IST_4 spanning? : True
Is IST_5 spanning? : True
Are all ISTs independent? : True

====TEST CR(765, 110, 220)====
Is IST_0 spanning? : True
Is IST_1 spanning? : True
Is IST_2 spanning? : True
Is IST_3 spanning? : True
Is IST_4 spanning? : True
Is IST_5 spanning? : True
Are all ISTs independent? : True

====TEST CR(766, 110, 220)====
Is IST_0 spanning? : True
Is IST_1 spanning? : True
Is IST_2 spanning? : True
Is IST_3 spanning? : True
Is IST_4 spanning? : True
Is IST_5 spanning? : True
Are all ISTs independent? : True

====TEST CR(767, 110, 220)====
Is IST_0 spanning? : True
Is IST_1 spanning? : True
Is IST_2 spanning? : True
Is IST_3 spanning? : True
Is IST_4 spanning? : True
Is IST_5 spanning? : True
Are all ISTs independent? : True

====TEST CR(768, 110, 220)====
Is IST_0 spanning? : True
Is IST_1 spanning? : True
Is IST_2 spanning? : True
Is IST_3 spanning? : True
Is IST_4 spanning? : True
Is IST_5 spanning? : True
Are all ISTs independent? : True

====TEST CR(769, 110, 220)====
Is IST_0 spanning? : True
Is IST_1 spanning? : True
Is IST_2 spanning? : True
Is IST_3 spanning? : True
Is IST_4 spanning? : True
Is IST_5 spanning? : True
Are all ISTs independent? : True

====TEST CR(770, 110, 220)====
Is IST_0 spanning? : True
Is IST_1 spanning? : True
Is IST_2 spanning? : True
Is IST_3 spanning? : True
Is IST_4 spanning? : True
Is IST_5 spanning? : True
Are all ISTs independent? : True

====TEST CR(771, 110, 220)====
Is IST_0 spanning? : True
Is IST_1 spanning? : True
Is IST_2 spanning? : True
Is IST_3 spanning? : True
Is IST_4 spanning? : True
Is IST_5 spanning? : True
Are all ISTs independent? : True

====TEST CR(772, 110, 220)====
Is IST_0 spanning? : True
Is IST_1 spanning? : True
Is IST_2 spanning? : True
Is IST_3 spanning? : True
Is IST_4 spanning? : True
Is IST_5 spanning? : True
Are all ISTs independent? : True

====TEST CR(773, 110, 220)====
Is IST_0 spanning? : True
Is IST_1 spanning? : True
Is IST_2 spanning? : True
Is IST_3 spanning? : True
Is IST_4 spanning? : True
Is IST_5 spanning? : True
Are all ISTs independent? : True

====TEST CR(774, 110, 220)====
Is IST_0 spanning? : True
Is IST_1 spanning? : True
Is IST_2 spanning? : True
Is IST_3 spanning? : True
Is IST_4 spanning? : True
Is IST_5 spanning? : True
Are all ISTs independent? : True

====TEST CR(775, 110, 220)====
Is IST_0 spanning? : True
Is IST_1 spanning? : True
Is IST_2 spanning? : True
Is IST_3 spanning? : True
Is IST_4 spanning? : True
Is IST_5 spanning? : True
Are all ISTs independent? : True

====TEST CR(776, 110, 220)====
Is IST_0 spanning? : True
Is IST_1 spanning? : True
Is IST_2 spanning? : True
Is IST_3 spanning? : True
Is IST_4 spanning? : True
Is IST_5 spanning? : True
Are all ISTs independent? : True

====TEST CR(777, 110, 220)====
Is IST_0 spanning? : True
Is IST_1 spanning? : True
Is IST_2 spanning? : True
Is IST_3 spanning? : True
Is IST_4 spanning? : True
Is IST_5 spanning? : True
Are all ISTs independent? : True

====TEST CR(778, 110, 220)====
Is IST_0 spanning? : True
Is IST_1 spanning? : True
Is IST_2 spanning? : True
Is IST_3 spanning? : True
Is IST_4 spanning? : True
Is IST_5 spanning? : True
Are all ISTs independent? : True

====TEST CR(779, 110, 220)====
Is IST_0 spanning? : True
Is IST_1 spanning? : True
Is IST_2 spanning? : True
Is IST_3 spanning? : True
Is IST_4 spanning? : True
Is IST_5 spanning? : True
Are all ISTs independent? : True

====TEST CR(780, 110, 220)====
Is IST_0 spanning? : True
Is IST_1 spanning? : True
Is IST_2 spanning? : True
Is IST_3 spanning? : True
Is IST_4 spanning? : True
Is IST_5 spanning? : True
Are all ISTs independent? : True

====TEST CR(781, 110, 220)====
Is IST_0 spanning? : True
Is IST_1 spanning? : True
Is IST_2 spanning? : True
Is IST_3 spanning? : True
Is IST_4 spanning? : True
Is IST_5 spanning? : True
Are all ISTs independent? : True

====TEST CR(782, 110, 220)====
Is IST_0 spanning? : True
Is IST_1 spanning? : True
Is IST_2 spanning? : True
Is IST_3 spanning? : True
Is IST_4 spanning? : True
Is IST_5 spanning? : True
Are all ISTs independent? : True

====TEST CR(783, 110, 220)====
Is IST_0 spanning? : True
Is IST_1 spanning? : True
Is IST_2 spanning? : True
Is IST_3 spanning? : True
Is IST_4 spanning? : True
Is IST_5 spanning? : True
Are all ISTs independent? : True

====TEST CR(784, 110, 220)====
Is IST_0 spanning? : True
Is IST_1 spanning? : True
Is IST_2 spanning? : True
Is IST_3 spanning? : True
Is IST_4 spanning? : True
Is IST_5 spanning? : True
Are all ISTs independent? : True

====TEST CR(785, 110, 220)====
Is IST_0 spanning? : True
Is IST_1 spanning? : True
Is IST_2 spanning? : True
Is IST_3 spanning? : True
Is IST_4 spanning? : True
Is IST_5 spanning? : True
Are all ISTs independent? : True

====TEST CR(786, 110, 220)====
Is IST_0 spanning? : True
Is IST_1 spanning? : True
Is IST_2 spanning? : True
Is IST_3 spanning? : True
Is IST_4 spanning? : True
Is IST_5 spanning? : True
Are all ISTs independent? : True

====TEST CR(787, 110, 220)====
Is IST_0 spanning? : True
Is IST_1 spanning? : True
Is IST_2 spanning? : True
Is IST_3 spanning? : True
Is IST_4 spanning? : True
Is IST_5 spanning? : True
Are all ISTs independent? : True

====TEST CR(788, 110, 220)====
Is IST_0 spanning? : True
Is IST_1 spanning? : True
Is IST_2 spanning? : True
Is IST_3 spanning? : True
Is IST_4 spanning? : True
Is IST_5 spanning? : True
Are all ISTs independent? : True

====TEST CR(666, 111, 222)====
Is IST_0 spanning? : True
Is IST_1 spanning? : True
Is IST_2 spanning? : True
Is IST_3 spanning? : True
Is IST_4 spanning? : True
Is IST_5 spanning? : True
Are all ISTs independent? : True

====TEST CR(667, 111, 222)====
Is IST_0 spanning? : True
Is IST_1 spanning? : True
Is IST_2 spanning? : True
Is IST_3 spanning? : True
Is IST_4 spanning? : True
Is IST_5 spanning? : True
Are all ISTs independent? : True

====TEST CR(668, 111, 222)====
Is IST_0 spanning? : True
Is IST_1 spanning? : True
Is IST_2 spanning? : True
Is IST_3 spanning? : True
Is IST_4 spanning? : True
Is IST_5 spanning? : True
Are all ISTs independent? : True

====TEST CR(669, 111, 222)====
Is IST_0 spanning? : True
Is IST_1 spanning? : True
Is IST_2 spanning? : True
Is IST_3 spanning? : True
Is IST_4 spanning? : True
Is IST_5 spanning? : True
Are all ISTs independent? : True

====TEST CR(670, 111, 222)====
Is IST_0 spanning? : True
Is IST_1 spanning? : True
Is IST_2 spanning? : True
Is IST_3 spanning? : True
Is IST_4 spanning? : True
Is IST_5 spanning? : True
Are all ISTs independent? : True

====TEST CR(671, 111, 222)====
Is IST_0 spanning? : True
Is IST_1 spanning? : True
Is IST_2 spanning? : True
Is IST_3 spanning? : True
Is IST_4 spanning? : True
Is IST_5 spanning? : True
Are all ISTs independent? : True

====TEST CR(672, 111, 222)====
Is IST_0 spanning? : True
Is IST_1 spanning? : True
Is IST_2 spanning? : True
Is IST_3 spanning? : True
Is IST_4 spanning? : True
Is IST_5 spanning? : True
Are all ISTs independent? : True

====TEST CR(673, 111, 222)====
Is IST_0 spanning? : True
Is IST_1 spanning? : True
Is IST_2 spanning? : True
Is IST_3 spanning? : True
Is IST_4 spanning? : True
Is IST_5 spanning? : True
Are all ISTs independent? : True

====TEST CR(674, 111, 222)====
Is IST_0 spanning? : True
Is IST_1 spanning? : True
Is IST_2 spanning? : True
Is IST_3 spanning? : True
Is IST_4 spanning? : True
Is IST_5 spanning? : True
Are all ISTs independent? : True

====TEST CR(675, 111, 222)====
Is IST_0 spanning? : True
Is IST_1 spanning? : True
Is IST_2 spanning? : True
Is IST_3 spanning? : True
Is IST_4 spanning? : True
Is IST_5 spanning? : True
Are all ISTs independent? : True

====TEST CR(676, 111, 222)====
Is IST_0 spanning? : True
Is IST_1 spanning? : True
Is IST_2 spanning? : True
Is IST_3 spanning? : True
Is IST_4 spanning? : True
Is IST_5 spanning? : True
Are all ISTs independent? : True

====TEST CR(677, 111, 222)====
Is IST_0 spanning? : True
Is IST_1 spanning? : True
Is IST_2 spanning? : True
Is IST_3 spanning? : True
Is IST_4 spanning? : True
Is IST_5 spanning? : True
Are all ISTs independent? : True

====TEST CR(678, 111, 222)====
Is IST_0 spanning? : True
Is IST_1 spanning? : True
Is IST_2 spanning? : True
Is IST_3 spanning? : True
Is IST_4 spanning? : True
Is IST_5 spanning? : True
Are all ISTs independent? : True

====TEST CR(679, 111, 222)====
Is IST_0 spanning? : True
Is IST_1 spanning? : True
Is IST_2 spanning? : True
Is IST_3 spanning? : True
Is IST_4 spanning? : True
Is IST_5 spanning? : True
Are all ISTs independent? : True

====TEST CR(680, 111, 222)====
Is IST_0 spanning? : True
Is IST_1 spanning? : True
Is IST_2 spanning? : True
Is IST_3 spanning? : True
Is IST_4 spanning? : True
Is IST_5 spanning? : True
Are all ISTs independent? : True

====TEST CR(681, 111, 222)====
Is IST_0 spanning? : True
Is IST_1 spanning? : True
Is IST_2 spanning? : True
Is IST_3 spanning? : True
Is IST_4 spanning? : True
Is IST_5 spanning? : True
Are all ISTs independent? : True

====TEST CR(682, 111, 222)====
Is IST_0 spanning? : True
Is IST_1 spanning? : True
Is IST_2 spanning? : True
Is IST_3 spanning? : True
Is IST_4 spanning? : True
Is IST_5 spanning? : True
Are all ISTs independent? : True

====TEST CR(683, 111, 222)====
Is IST_0 spanning? : True
Is IST_1 spanning? : True
Is IST_2 spanning? : True
Is IST_3 spanning? : True
Is IST_4 spanning? : True
Is IST_5 spanning? : True
Are all ISTs independent? : True

====TEST CR(684, 111, 222)====
Is IST_0 spanning? : True
Is IST_1 spanning? : True
Is IST_2 spanning? : True
Is IST_3 spanning? : True
Is IST_4 spanning? : True
Is IST_5 spanning? : True
Are all ISTs independent? : True

====TEST CR(685, 111, 222)====
Is IST_0 spanning? : True
Is IST_1 spanning? : True
Is IST_2 spanning? : True
Is IST_3 spanning? : True
Is IST_4 spanning? : True
Is IST_5 spanning? : True
Are all ISTs independent? : True

====TEST CR(686, 111, 222)====
Is IST_0 spanning? : True
Is IST_1 spanning? : True
Is IST_2 spanning? : True
Is IST_3 spanning? : True
Is IST_4 spanning? : True
Is IST_5 spanning? : True
Are all ISTs independent? : True

====TEST CR(687, 111, 222)====
Is IST_0 spanning? : True
Is IST_1 spanning? : True
Is IST_2 spanning? : True
Is IST_3 spanning? : True
Is IST_4 spanning? : True
Is IST_5 spanning? : True
Are all ISTs independent? : True

====TEST CR(688, 111, 222)====
Is IST_0 spanning? : True
Is IST_1 spanning? : True
Is IST_2 spanning? : True
Is IST_3 spanning? : True
Is IST_4 spanning? : True
Is IST_5 spanning? : True
Are all ISTs independent? : True

====TEST CR(689, 111, 222)====
Is IST_0 spanning? : True
Is IST_1 spanning? : True
Is IST_2 spanning? : True
Is IST_3 spanning? : True
Is IST_4 spanning? : True
Is IST_5 spanning? : True
Are all ISTs independent? : True

====TEST CR(690, 111, 222)====
Is IST_0 spanning? : True
Is IST_1 spanning? : True
Is IST_2 spanning? : True
Is IST_3 spanning? : True
Is IST_4 spanning? : True
Is IST_5 spanning? : True
Are all ISTs independent? : True

====TEST CR(691, 111, 222)====
Is IST_0 spanning? : True
Is IST_1 spanning? : True
Is IST_2 spanning? : True
Is IST_3 spanning? : True
Is IST_4 spanning? : True
Is IST_5 spanning? : True
Are all ISTs independent? : True

====TEST CR(692, 111, 222)====
Is IST_0 spanning? : True
Is IST_1 spanning? : True
Is IST_2 spanning? : True
Is IST_3 spanning? : True
Is IST_4 spanning? : True
Is IST_5 spanning? : True
Are all ISTs independent? : True

====TEST CR(693, 111, 222)====
Is IST_0 spanning? : True
Is IST_1 spanning? : True
Is IST_2 spanning? : True
Is IST_3 spanning? : True
Is IST_4 spanning? : True
Is IST_5 spanning? : True
Are all ISTs independent? : True

====TEST CR(694, 111, 222)====
Is IST_0 spanning? : True
Is IST_1 spanning? : True
Is IST_2 spanning? : True
Is IST_3 spanning? : True
Is IST_4 spanning? : True
Is IST_5 spanning? : True
Are all ISTs independent? : True

====TEST CR(695, 111, 222)====
Is IST_0 spanning? : True
Is IST_1 spanning? : True
Is IST_2 spanning? : True
Is IST_3 spanning? : True
Is IST_4 spanning? : True
Is IST_5 spanning? : True
Are all ISTs independent? : True

====TEST CR(696, 111, 222)====
Is IST_0 spanning? : True
Is IST_1 spanning? : True
Is IST_2 spanning? : True
Is IST_3 spanning? : True
Is IST_4 spanning? : True
Is IST_5 spanning? : True
Are all ISTs independent? : True

====TEST CR(697, 111, 222)====
Is IST_0 spanning? : True
Is IST_1 spanning? : True
Is IST_2 spanning? : True
Is IST_3 spanning? : True
Is IST_4 spanning? : True
Is IST_5 spanning? : True
Are all ISTs independent? : True

====TEST CR(698, 111, 222)====
Is IST_0 spanning? : True
Is IST_1 spanning? : True
Is IST_2 spanning? : True
Is IST_3 spanning? : True
Is IST_4 spanning? : True
Is IST_5 spanning? : True
Are all ISTs independent? : True

====TEST CR(699, 111, 222)====
Is IST_0 spanning? : True
Is IST_1 spanning? : True
Is IST_2 spanning? : True
Is IST_3 spanning? : True
Is IST_4 spanning? : True
Is IST_5 spanning? : True
Are all ISTs independent? : True

====TEST CR(700, 111, 222)====
Is IST_0 spanning? : True
Is IST_1 spanning? : True
Is IST_2 spanning? : True
Is IST_3 spanning? : True
Is IST_4 spanning? : True
Is IST_5 spanning? : True
Are all ISTs independent? : True

====TEST CR(701, 111, 222)====
Is IST_0 spanning? : True
Is IST_1 spanning? : True
Is IST_2 spanning? : True
Is IST_3 spanning? : True
Is IST_4 spanning? : True
Is IST_5 spanning? : True
Are all ISTs independent? : True

====TEST CR(702, 111, 222)====
Is IST_0 spanning? : True
Is IST_1 spanning? : True
Is IST_2 spanning? : True
Is IST_3 spanning? : True
Is IST_4 spanning? : True
Is IST_5 spanning? : True
Are all ISTs independent? : True

====TEST CR(703, 111, 222)====
Is IST_0 spanning? : True
Is IST_1 spanning? : True
Is IST_2 spanning? : True
Is IST_3 spanning? : True
Is IST_4 spanning? : True
Is IST_5 spanning? : True
Are all ISTs independent? : True

====TEST CR(704, 111, 222)====
Is IST_0 spanning? : True
Is IST_1 spanning? : True
Is IST_2 spanning? : True
Is IST_3 spanning? : True
Is IST_4 spanning? : True
Is IST_5 spanning? : True
Are all ISTs independent? : True

====TEST CR(705, 111, 222)====
Is IST_0 spanning? : True
Is IST_1 spanning? : True
Is IST_2 spanning? : True
Is IST_3 spanning? : True
Is IST_4 spanning? : True
Is IST_5 spanning? : True
Are all ISTs independent? : True

====TEST CR(706, 111, 222)====
Is IST_0 spanning? : True
Is IST_1 spanning? : True
Is IST_2 spanning? : True
Is IST_3 spanning? : True
Is IST_4 spanning? : True
Is IST_5 spanning? : True
Are all ISTs independent? : True

====TEST CR(707, 111, 222)====
Is IST_0 spanning? : True
Is IST_1 spanning? : True
Is IST_2 spanning? : True
Is IST_3 spanning? : True
Is IST_4 spanning? : True
Is IST_5 spanning? : True
Are all ISTs independent? : True

====TEST CR(708, 111, 222)====
Is IST_0 spanning? : True
Is IST_1 spanning? : True
Is IST_2 spanning? : True
Is IST_3 spanning? : True
Is IST_4 spanning? : True
Is IST_5 spanning? : True
Are all ISTs independent? : True

====TEST CR(709, 111, 222)====
Is IST_0 spanning? : True
Is IST_1 spanning? : True
Is IST_2 spanning? : True
Is IST_3 spanning? : True
Is IST_4 spanning? : True
Is IST_5 spanning? : True
Are all ISTs independent? : True

====TEST CR(710, 111, 222)====
Is IST_0 spanning? : True
Is IST_1 spanning? : True
Is IST_2 spanning? : True
Is IST_3 spanning? : True
Is IST_4 spanning? : True
Is IST_5 spanning? : True
Are all ISTs independent? : True

====TEST CR(711, 111, 222)====
Is IST_0 spanning? : True
Is IST_1 spanning? : True
Is IST_2 spanning? : True
Is IST_3 spanning? : True
Is IST_4 spanning? : True
Is IST_5 spanning? : True
Are all ISTs independent? : True

====TEST CR(712, 111, 222)====
Is IST_0 spanning? : True
Is IST_1 spanning? : True
Is IST_2 spanning? : True
Is IST_3 spanning? : True
Is IST_4 spanning? : True
Is IST_5 spanning? : True
Are all ISTs independent? : True

====TEST CR(713, 111, 222)====
Is IST_0 spanning? : True
Is IST_1 spanning? : True
Is IST_2 spanning? : True
Is IST_3 spanning? : True
Is IST_4 spanning? : True
Is IST_5 spanning? : True
Are all ISTs independent? : True

====TEST CR(714, 111, 222)====
Is IST_0 spanning? : True
Is IST_1 spanning? : True
Is IST_2 spanning? : True
Is IST_3 spanning? : True
Is IST_4 spanning? : True
Is IST_5 spanning? : True
Are all ISTs independent? : True

====TEST CR(715, 111, 222)====
Is IST_0 spanning? : True
Is IST_1 spanning? : True
Is IST_2 spanning? : True
Is IST_3 spanning? : True
Is IST_4 spanning? : True
Is IST_5 spanning? : True
Are all ISTs independent? : True

====TEST CR(716, 111, 222)====
Is IST_0 spanning? : True
Is IST_1 spanning? : True
Is IST_2 spanning? : True
Is IST_3 spanning? : True
Is IST_4 spanning? : True
Is IST_5 spanning? : True
Are all ISTs independent? : True

====TEST CR(717, 111, 222)====
Is IST_0 spanning? : True
Is IST_1 spanning? : True
Is IST_2 spanning? : True
Is IST_3 spanning? : True
Is IST_4 spanning? : True
Is IST_5 spanning? : True
Are all ISTs independent? : True

====TEST CR(718, 111, 222)====
Is IST_0 spanning? : True
Is IST_1 spanning? : True
Is IST_2 spanning? : True
Is IST_3 spanning? : True
Is IST_4 spanning? : True
Is IST_5 spanning? : True
Are all ISTs independent? : True

====TEST CR(719, 111, 222)====
Is IST_0 spanning? : True
Is IST_1 spanning? : True
Is IST_2 spanning? : True
Is IST_3 spanning? : True
Is IST_4 spanning? : True
Is IST_5 spanning? : True
Are all ISTs independent? : True

====TEST CR(720, 111, 222)====
Is IST_0 spanning? : True
Is IST_1 spanning? : True
Is IST_2 spanning? : True
Is IST_3 spanning? : True
Is IST_4 spanning? : True
Is IST_5 spanning? : True
Are all ISTs independent? : True

====TEST CR(721, 111, 222)====
Is IST_0 spanning? : True
Is IST_1 spanning? : True
Is IST_2 spanning? : True
Is IST_3 spanning? : True
Is IST_4 spanning? : True
Is IST_5 spanning? : True
Are all ISTs independent? : True

====TEST CR(722, 111, 222)====
Is IST_0 spanning? : True
Is IST_1 spanning? : True
Is IST_2 spanning? : True
Is IST_3 spanning? : True
Is IST_4 spanning? : True
Is IST_5 spanning? : True
Are all ISTs independent? : True

====TEST CR(723, 111, 222)====
Is IST_0 spanning? : True
Is IST_1 spanning? : True
Is IST_2 spanning? : True
Is IST_3 spanning? : True
Is IST_4 spanning? : True
Is IST_5 spanning? : True
Are all ISTs independent? : True

====TEST CR(724, 111, 222)====
Is IST_0 spanning? : True
Is IST_1 spanning? : True
Is IST_2 spanning? : True
Is IST_3 spanning? : True
Is IST_4 spanning? : True
Is IST_5 spanning? : True
Are all ISTs independent? : True

====TEST CR(725, 111, 222)====
Is IST_0 spanning? : True
Is IST_1 spanning? : True
Is IST_2 spanning? : True
Is IST_3 spanning? : True
Is IST_4 spanning? : True
Is IST_5 spanning? : True
Are all ISTs independent? : True

====TEST CR(726, 111, 222)====
Is IST_0 spanning? : True
Is IST_1 spanning? : True
Is IST_2 spanning? : True
Is IST_3 spanning? : True
Is IST_4 spanning? : True
Is IST_5 spanning? : True
Are all ISTs independent? : True

====TEST CR(727, 111, 222)====
Is IST_0 spanning? : True
Is IST_1 spanning? : True
Is IST_2 spanning? : True
Is IST_3 spanning? : True
Is IST_4 spanning? : True
Is IST_5 spanning? : True
Are all ISTs independent? : True

====TEST CR(728, 111, 222)====
Is IST_0 spanning? : True
Is IST_1 spanning? : True
Is IST_2 spanning? : True
Is IST_3 spanning? : True
Is IST_4 spanning? : True
Is IST_5 spanning? : True
Are all ISTs independent? : True

====TEST CR(729, 111, 222)====
Is IST_0 spanning? : True
Is IST_1 spanning? : True
Is IST_2 spanning? : True
Is IST_3 spanning? : True
Is IST_4 spanning? : True
Is IST_5 spanning? : True
Are all ISTs independent? : True

====TEST CR(730, 111, 222)====
Is IST_0 spanning? : True
Is IST_1 spanning? : True
Is IST_2 spanning? : True
Is IST_3 spanning? : True
Is IST_4 spanning? : True
Is IST_5 spanning? : True
Are all ISTs independent? : True

====TEST CR(731, 111, 222)====
Is IST_0 spanning? : True
Is IST_1 spanning? : True
Is IST_2 spanning? : True
Is IST_3 spanning? : True
Is IST_4 spanning? : True
Is IST_5 spanning? : True
Are all ISTs independent? : True

====TEST CR(732, 111, 222)====
Is IST_0 spanning? : True
Is IST_1 spanning? : True
Is IST_2 spanning? : True
Is IST_3 spanning? : True
Is IST_4 spanning? : True
Is IST_5 spanning? : True
Are all ISTs independent? : True

====TEST CR(733, 111, 222)====
Is IST_0 spanning? : True
Is IST_1 spanning? : True
Is IST_2 spanning? : True
Is IST_3 spanning? : True
Is IST_4 spanning? : True
Is IST_5 spanning? : True
Are all ISTs independent? : True

====TEST CR(734, 111, 222)====
Is IST_0 spanning? : True
Is IST_1 spanning? : True
Is IST_2 spanning? : True
Is IST_3 spanning? : True
Is IST_4 spanning? : True
Is IST_5 spanning? : True
Are all ISTs independent? : True

====TEST CR(735, 111, 222)====
Is IST_0 spanning? : True
Is IST_1 spanning? : True
Is IST_2 spanning? : True
Is IST_3 spanning? : True
Is IST_4 spanning? : True
Is IST_5 spanning? : True
Are all ISTs independent? : True

====TEST CR(736, 111, 222)====
Is IST_0 spanning? : True
Is IST_1 spanning? : True
Is IST_2 spanning? : True
Is IST_3 spanning? : True
Is IST_4 spanning? : True
Is IST_5 spanning? : True
Are all ISTs independent? : True

====TEST CR(737, 111, 222)====
Is IST_0 spanning? : True
Is IST_1 spanning? : True
Is IST_2 spanning? : True
Is IST_3 spanning? : True
Is IST_4 spanning? : True
Is IST_5 spanning? : True
Are all ISTs independent? : True

====TEST CR(738, 111, 222)====
Is IST_0 spanning? : True
Is IST_1 spanning? : True
Is IST_2 spanning? : True
Is IST_3 spanning? : True
Is IST_4 spanning? : True
Is IST_5 spanning? : True
Are all ISTs independent? : True

====TEST CR(739, 111, 222)====
Is IST_0 spanning? : True
Is IST_1 spanning? : True
Is IST_2 spanning? : True
Is IST_3 spanning? : True
Is IST_4 spanning? : True
Is IST_5 spanning? : True
Are all ISTs independent? : True

====TEST CR(740, 111, 222)====
Is IST_0 spanning? : True
Is IST_1 spanning? : True
Is IST_2 spanning? : True
Is IST_3 spanning? : True
Is IST_4 spanning? : True
Is IST_5 spanning? : True
Are all ISTs independent? : True

====TEST CR(741, 111, 222)====
Is IST_0 spanning? : True
Is IST_1 spanning? : True
Is IST_2 spanning? : True
Is IST_3 spanning? : True
Is IST_4 spanning? : True
Is IST_5 spanning? : True
Are all ISTs independent? : True

====TEST CR(742, 111, 222)====
Is IST_0 spanning? : True
Is IST_1 spanning? : True
Is IST_2 spanning? : True
Is IST_3 spanning? : True
Is IST_4 spanning? : True
Is IST_5 spanning? : True
Are all ISTs independent? : True

====TEST CR(743, 111, 222)====
Is IST_0 spanning? : True
Is IST_1 spanning? : True
Is IST_2 spanning? : True
Is IST_3 spanning? : True
Is IST_4 spanning? : True
Is IST_5 spanning? : True
Are all ISTs independent? : True

====TEST CR(744, 111, 222)====
Is IST_0 spanning? : True
Is IST_1 spanning? : True
Is IST_2 spanning? : True
Is IST_3 spanning? : True
Is IST_4 spanning? : True
Is IST_5 spanning? : True
Are all ISTs independent? : True

====TEST CR(745, 111, 222)====
Is IST_0 spanning? : True
Is IST_1 spanning? : True
Is IST_2 spanning? : True
Is IST_3 spanning? : True
Is IST_4 spanning? : True
Is IST_5 spanning? : True
Are all ISTs independent? : True

====TEST CR(746, 111, 222)====
Is IST_0 spanning? : True
Is IST_1 spanning? : True
Is IST_2 spanning? : True
Is IST_3 spanning? : True
Is IST_4 spanning? : True
Is IST_5 spanning? : True
Are all ISTs independent? : True

====TEST CR(747, 111, 222)====
Is IST_0 spanning? : True
Is IST_1 spanning? : True
Is IST_2 spanning? : True
Is IST_3 spanning? : True
Is IST_4 spanning? : True
Is IST_5 spanning? : True
Are all ISTs independent? : True

====TEST CR(748, 111, 222)====
Is IST_0 spanning? : True
Is IST_1 spanning? : True
Is IST_2 spanning? : True
Is IST_3 spanning? : True
Is IST_4 spanning? : True
Is IST_5 spanning? : True
Are all ISTs independent? : True

====TEST CR(749, 111, 222)====
Is IST_0 spanning? : True
Is IST_1 spanning? : True
Is IST_2 spanning? : True
Is IST_3 spanning? : True
Is IST_4 spanning? : True
Is IST_5 spanning? : True
Are all ISTs independent? : True

====TEST CR(750, 111, 222)====
Is IST_0 spanning? : True
Is IST_1 spanning? : True
Is IST_2 spanning? : True
Is IST_3 spanning? : True
Is IST_4 spanning? : True
Is IST_5 spanning? : True
Are all ISTs independent? : True

====TEST CR(751, 111, 222)====
Is IST_0 spanning? : True
Is IST_1 spanning? : True
Is IST_2 spanning? : True
Is IST_3 spanning? : True
Is IST_4 spanning? : True
Is IST_5 spanning? : True
Are all ISTs independent? : True

====TEST CR(752, 111, 222)====
Is IST_0 spanning? : True
Is IST_1 spanning? : True
Is IST_2 spanning? : True
Is IST_3 spanning? : True
Is IST_4 spanning? : True
Is IST_5 spanning? : True
Are all ISTs independent? : True

====TEST CR(753, 111, 222)====
Is IST_0 spanning? : True
Is IST_1 spanning? : True
Is IST_2 spanning? : True
Is IST_3 spanning? : True
Is IST_4 spanning? : True
Is IST_5 spanning? : True
Are all ISTs independent? : True

====TEST CR(754, 111, 222)====
Is IST_0 spanning? : True
Is IST_1 spanning? : True
Is IST_2 spanning? : True
Is IST_3 spanning? : True
Is IST_4 spanning? : True
Is IST_5 spanning? : True
Are all ISTs independent? : True

====TEST CR(755, 111, 222)====
Is IST_0 spanning? : True
Is IST_1 spanning? : True
Is IST_2 spanning? : True
Is IST_3 spanning? : True
Is IST_4 spanning? : True
Is IST_5 spanning? : True
Are all ISTs independent? : True

====TEST CR(756, 111, 222)====
Is IST_0 spanning? : True
Is IST_1 spanning? : True
Is IST_2 spanning? : True
Is IST_3 spanning? : True
Is IST_4 spanning? : True
Is IST_5 spanning? : True
Are all ISTs independent? : True

====TEST CR(757, 111, 222)====
Is IST_0 spanning? : True
Is IST_1 spanning? : True
Is IST_2 spanning? : True
Is IST_3 spanning? : True
Is IST_4 spanning? : True
Is IST_5 spanning? : True
Are all ISTs independent? : True

====TEST CR(758, 111, 222)====
Is IST_0 spanning? : True
Is IST_1 spanning? : True
Is IST_2 spanning? : True
Is IST_3 spanning? : True
Is IST_4 spanning? : True
Is IST_5 spanning? : True
Are all ISTs independent? : True

====TEST CR(759, 111, 222)====
Is IST_0 spanning? : True
Is IST_1 spanning? : True
Is IST_2 spanning? : True
Is IST_3 spanning? : True
Is IST_4 spanning? : True
Is IST_5 spanning? : True
Are all ISTs independent? : True

====TEST CR(760, 111, 222)====
Is IST_0 spanning? : True
Is IST_1 spanning? : True
Is IST_2 spanning? : True
Is IST_3 spanning? : True
Is IST_4 spanning? : True
Is IST_5 spanning? : True
Are all ISTs independent? : True

====TEST CR(761, 111, 222)====
Is IST_0 spanning? : True
Is IST_1 spanning? : True
Is IST_2 spanning? : True
Is IST_3 spanning? : True
Is IST_4 spanning? : True
Is IST_5 spanning? : True
Are all ISTs independent? : True

====TEST CR(762, 111, 222)====
Is IST_0 spanning? : True
Is IST_1 spanning? : True
Is IST_2 spanning? : True
Is IST_3 spanning? : True
Is IST_4 spanning? : True
Is IST_5 spanning? : True
Are all ISTs independent? : True

====TEST CR(763, 111, 222)====
Is IST_0 spanning? : True
Is IST_1 spanning? : True
Is IST_2 spanning? : True
Is IST_3 spanning? : True
Is IST_4 spanning? : True
Is IST_5 spanning? : True
Are all ISTs independent? : True

====TEST CR(764, 111, 222)====
Is IST_0 spanning? : True
Is IST_1 spanning? : True
Is IST_2 spanning? : True
Is IST_3 spanning? : True
Is IST_4 spanning? : True
Is IST_5 spanning? : True
Are all ISTs independent? : True

====TEST CR(765, 111, 222)====
Is IST_0 spanning? : True
Is IST_1 spanning? : True
Is IST_2 spanning? : True
Is IST_3 spanning? : True
Is IST_4 spanning? : True
Is IST_5 spanning? : True
Are all ISTs independent? : True

====TEST CR(766, 111, 222)====
Is IST_0 spanning? : True
Is IST_1 spanning? : True
Is IST_2 spanning? : True
Is IST_3 spanning? : True
Is IST_4 spanning? : True
Is IST_5 spanning? : True
Are all ISTs independent? : True

====TEST CR(767, 111, 222)====
Is IST_0 spanning? : True
Is IST_1 spanning? : True
Is IST_2 spanning? : True
Is IST_3 spanning? : True
Is IST_4 spanning? : True
Is IST_5 spanning? : True
Are all ISTs independent? : True

====TEST CR(768, 111, 222)====
Is IST_0 spanning? : True
Is IST_1 spanning? : True
Is IST_2 spanning? : True
Is IST_3 spanning? : True
Is IST_4 spanning? : True
Is IST_5 spanning? : True
Are all ISTs independent? : True

====TEST CR(769, 111, 222)====
Is IST_0 spanning? : True
Is IST_1 spanning? : True
Is IST_2 spanning? : True
Is IST_3 spanning? : True
Is IST_4 spanning? : True
Is IST_5 spanning? : True
Are all ISTs independent? : True

====TEST CR(770, 111, 222)====
Is IST_0 spanning? : True
Is IST_1 spanning? : True
Is IST_2 spanning? : True
Is IST_3 spanning? : True
Is IST_4 spanning? : True
Is IST_5 spanning? : True
Are all ISTs independent? : True

====TEST CR(771, 111, 222)====
Is IST_0 spanning? : True
Is IST_1 spanning? : True
Is IST_2 spanning? : True
Is IST_3 spanning? : True
Is IST_4 spanning? : True
Is IST_5 spanning? : True
Are all ISTs independent? : True

====TEST CR(772, 111, 222)====
Is IST_0 spanning? : True
Is IST_1 spanning? : True
Is IST_2 spanning? : True
Is IST_3 spanning? : True
Is IST_4 spanning? : True
Is IST_5 spanning? : True
Are all ISTs independent? : True

====TEST CR(773, 111, 222)====
Is IST_0 spanning? : True
Is IST_1 spanning? : True
Is IST_2 spanning? : True
Is IST_3 spanning? : True
Is IST_4 spanning? : True
Is IST_5 spanning? : True
Are all ISTs independent? : True

====TEST CR(774, 111, 222)====
Is IST_0 spanning? : True
Is IST_1 spanning? : True
Is IST_2 spanning? : True
Is IST_3 spanning? : True
Is IST_4 spanning? : True
Is IST_5 spanning? : True
Are all ISTs independent? : True

====TEST CR(775, 111, 222)====
Is IST_0 spanning? : True
Is IST_1 spanning? : True
Is IST_2 spanning? : True
Is IST_3 spanning? : True
Is IST_4 spanning? : True
Is IST_5 spanning? : True
Are all ISTs independent? : True

====TEST CR(776, 111, 222)====
Is IST_0 spanning? : True
Is IST_1 spanning? : True
Is IST_2 spanning? : True
Is IST_3 spanning? : True
Is IST_4 spanning? : True
Is IST_5 spanning? : True
Are all ISTs independent? : True

====TEST CR(777, 111, 222)====
Is IST_0 spanning? : True
Is IST_1 spanning? : True
Is IST_2 spanning? : True
Is IST_3 spanning? : True
Is IST_4 spanning? : True
Is IST_5 spanning? : True
Are all ISTs independent? : True

====TEST CR(778, 111, 222)====
Is IST_0 spanning? : True
Is IST_1 spanning? : True
Is IST_2 spanning? : True
Is IST_3 spanning? : True
Is IST_4 spanning? : True
Is IST_5 spanning? : True
Are all ISTs independent? : True

====TEST CR(779, 111, 222)====
Is IST_0 spanning? : True
Is IST_1 spanning? : True
Is IST_2 spanning? : True
Is IST_3 spanning? : True
Is IST_4 spanning? : True
Is IST_5 spanning? : True
Are all ISTs independent? : True

====TEST CR(780, 111, 222)====
Is IST_0 spanning? : True
Is IST_1 spanning? : True
Is IST_2 spanning? : True
Is IST_3 spanning? : True
Is IST_4 spanning? : True
Is IST_5 spanning? : True
Are all ISTs independent? : True

====TEST CR(781, 111, 222)====
Is IST_0 spanning? : True
Is IST_1 spanning? : True
Is IST_2 spanning? : True
Is IST_3 spanning? : True
Is IST_4 spanning? : True
Is IST_5 spanning? : True
Are all ISTs independent? : True

====TEST CR(782, 111, 222)====
Is IST_0 spanning? : True
Is IST_1 spanning? : True
Is IST_2 spanning? : True
Is IST_3 spanning? : True
Is IST_4 spanning? : True
Is IST_5 spanning? : True
Are all ISTs independent? : True

====TEST CR(783, 111, 222)====
Is IST_0 spanning? : True
Is IST_1 spanning? : True
Is IST_2 spanning? : True
Is IST_3 spanning? : True
Is IST_4 spanning? : True
Is IST_5 spanning? : True
Are all ISTs independent? : True

====TEST CR(784, 111, 222)====
Is IST_0 spanning? : True
Is IST_1 spanning? : True
Is IST_2 spanning? : True
Is IST_3 spanning? : True
Is IST_4 spanning? : True
Is IST_5 spanning? : True
Are all ISTs independent? : True

====TEST CR(785, 111, 222)====
Is IST_0 spanning? : True
Is IST_1 spanning? : True
Is IST_2 spanning? : True
Is IST_3 spanning? : True
Is IST_4 spanning? : True
Is IST_5 spanning? : True
Are all ISTs independent? : True

====TEST CR(786, 111, 222)====
Is IST_0 spanning? : True
Is IST_1 spanning? : True
Is IST_2 spanning? : True
Is IST_3 spanning? : True
Is IST_4 spanning? : True
Is IST_5 spanning? : True
Are all ISTs independent? : True

====TEST CR(787, 111, 222)====
Is IST_0 spanning? : True
Is IST_1 spanning? : True
Is IST_2 spanning? : True
Is IST_3 spanning? : True
Is IST_4 spanning? : True
Is IST_5 spanning? : True
Are all ISTs independent? : True

====TEST CR(788, 111, 222)====
Is IST_0 spanning? : True
Is IST_1 spanning? : True
Is IST_2 spanning? : True
Is IST_3 spanning? : True
Is IST_4 spanning? : True
Is IST_5 spanning? : True
Are all ISTs independent? : True

====TEST CR(789, 111, 222)====
Is IST_0 spanning? : True
Is IST_1 spanning? : True
Is IST_2 spanning? : True
Is IST_3 spanning? : True
Is IST_4 spanning? : True
Is IST_5 spanning? : True
Are all ISTs independent? : True

====TEST CR(790, 111, 222)====
Is IST_0 spanning? : True
Is IST_1 spanning? : True
Is IST_2 spanning? : True
Is IST_3 spanning? : True
Is IST_4 spanning? : True
Is IST_5 spanning? : True
Are all ISTs independent? : True

====TEST CR(791, 111, 222)====
Is IST_0 spanning? : True
Is IST_1 spanning? : True
Is IST_2 spanning? : True
Is IST_3 spanning? : True
Is IST_4 spanning? : True
Is IST_5 spanning? : True
Are all ISTs independent? : True

====TEST CR(792, 111, 222)====
Is IST_0 spanning? : True
Is IST_1 spanning? : True
Is IST_2 spanning? : True
Is IST_3 spanning? : True
Is IST_4 spanning? : True
Is IST_5 spanning? : True
Are all ISTs independent? : True

====TEST CR(793, 111, 222)====
Is IST_0 spanning? : True
Is IST_1 spanning? : True
Is IST_2 spanning? : True
Is IST_3 spanning? : True
Is IST_4 spanning? : True
Is IST_5 spanning? : True
Are all ISTs independent? : True

====TEST CR(794, 111, 222)====
Is IST_0 spanning? : True
Is IST_1 spanning? : True
Is IST_2 spanning? : True
Is IST_3 spanning? : True
Is IST_4 spanning? : True
Is IST_5 spanning? : True
Are all ISTs independent? : True

====TEST CR(672, 112, 224)====
Is IST_0 spanning? : True
Is IST_1 spanning? : True
Is IST_2 spanning? : True
Is IST_3 spanning? : True
Is IST_4 spanning? : True
Is IST_5 spanning? : True
Are all ISTs independent? : True

====TEST CR(673, 112, 224)====
Is IST_0 spanning? : True
Is IST_1 spanning? : True
Is IST_2 spanning? : True
Is IST_3 spanning? : True
Is IST_4 spanning? : True
Is IST_5 spanning? : True
Are all ISTs independent? : True

====TEST CR(674, 112, 224)====
Is IST_0 spanning? : True
Is IST_1 spanning? : True
Is IST_2 spanning? : True
Is IST_3 spanning? : True
Is IST_4 spanning? : True
Is IST_5 spanning? : True
Are all ISTs independent? : True

====TEST CR(675, 112, 224)====
Is IST_0 spanning? : True
Is IST_1 spanning? : True
Is IST_2 spanning? : True
Is IST_3 spanning? : True
Is IST_4 spanning? : True
Is IST_5 spanning? : True
Are all ISTs independent? : True

====TEST CR(676, 112, 224)====
Is IST_0 spanning? : True
Is IST_1 spanning? : True
Is IST_2 spanning? : True
Is IST_3 spanning? : True
Is IST_4 spanning? : True
Is IST_5 spanning? : True
Are all ISTs independent? : True

====TEST CR(677, 112, 224)====
Is IST_0 spanning? : True
Is IST_1 spanning? : True
Is IST_2 spanning? : True
Is IST_3 spanning? : True
Is IST_4 spanning? : True
Is IST_5 spanning? : True
Are all ISTs independent? : True

====TEST CR(678, 112, 224)====
Is IST_0 spanning? : True
Is IST_1 spanning? : True
Is IST_2 spanning? : True
Is IST_3 spanning? : True
Is IST_4 spanning? : True
Is IST_5 spanning? : True
Are all ISTs independent? : True

====TEST CR(679, 112, 224)====
Is IST_0 spanning? : True
Is IST_1 spanning? : True
Is IST_2 spanning? : True
Is IST_3 spanning? : True
Is IST_4 spanning? : True
Is IST_5 spanning? : True
Are all ISTs independent? : True

====TEST CR(680, 112, 224)====
Is IST_0 spanning? : True
Is IST_1 spanning? : True
Is IST_2 spanning? : True
Is IST_3 spanning? : True
Is IST_4 spanning? : True
Is IST_5 spanning? : True
Are all ISTs independent? : True

====TEST CR(681, 112, 224)====
Is IST_0 spanning? : True
Is IST_1 spanning? : True
Is IST_2 spanning? : True
Is IST_3 spanning? : True
Is IST_4 spanning? : True
Is IST_5 spanning? : True
Are all ISTs independent? : True

====TEST CR(682, 112, 224)====
Is IST_0 spanning? : True
Is IST_1 spanning? : True
Is IST_2 spanning? : True
Is IST_3 spanning? : True
Is IST_4 spanning? : True
Is IST_5 spanning? : True
Are all ISTs independent? : True

====TEST CR(683, 112, 224)====
Is IST_0 spanning? : True
Is IST_1 spanning? : True
Is IST_2 spanning? : True
Is IST_3 spanning? : True
Is IST_4 spanning? : True
Is IST_5 spanning? : True
Are all ISTs independent? : True

====TEST CR(684, 112, 224)====
Is IST_0 spanning? : True
Is IST_1 spanning? : True
Is IST_2 spanning? : True
Is IST_3 spanning? : True
Is IST_4 spanning? : True
Is IST_5 spanning? : True
Are all ISTs independent? : True

====TEST CR(685, 112, 224)====
Is IST_0 spanning? : True
Is IST_1 spanning? : True
Is IST_2 spanning? : True
Is IST_3 spanning? : True
Is IST_4 spanning? : True
Is IST_5 spanning? : True
Are all ISTs independent? : True

====TEST CR(686, 112, 224)====
Is IST_0 spanning? : True
Is IST_1 spanning? : True
Is IST_2 spanning? : True
Is IST_3 spanning? : True
Is IST_4 spanning? : True
Is IST_5 spanning? : True
Are all ISTs independent? : True

====TEST CR(687, 112, 224)====
Is IST_0 spanning? : True
Is IST_1 spanning? : True
Is IST_2 spanning? : True
Is IST_3 spanning? : True
Is IST_4 spanning? : True
Is IST_5 spanning? : True
Are all ISTs independent? : True

====TEST CR(688, 112, 224)====
Is IST_0 spanning? : True
Is IST_1 spanning? : True
Is IST_2 spanning? : True
Is IST_3 spanning? : True
Is IST_4 spanning? : True
Is IST_5 spanning? : True
Are all ISTs independent? : True

====TEST CR(689, 112, 224)====
Is IST_0 spanning? : True
Is IST_1 spanning? : True
Is IST_2 spanning? : True
Is IST_3 spanning? : True
Is IST_4 spanning? : True
Is IST_5 spanning? : True
Are all ISTs independent? : True

====TEST CR(690, 112, 224)====
Is IST_0 spanning? : True
Is IST_1 spanning? : True
Is IST_2 spanning? : True
Is IST_3 spanning? : True
Is IST_4 spanning? : True
Is IST_5 spanning? : True
Are all ISTs independent? : True

====TEST CR(691, 112, 224)====
Is IST_0 spanning? : True
Is IST_1 spanning? : True
Is IST_2 spanning? : True
Is IST_3 spanning? : True
Is IST_4 spanning? : True
Is IST_5 spanning? : True
Are all ISTs independent? : True

====TEST CR(692, 112, 224)====
Is IST_0 spanning? : True
Is IST_1 spanning? : True
Is IST_2 spanning? : True
Is IST_3 spanning? : True
Is IST_4 spanning? : True
Is IST_5 spanning? : True
Are all ISTs independent? : True

====TEST CR(693, 112, 224)====
Is IST_0 spanning? : True
Is IST_1 spanning? : True
Is IST_2 spanning? : True
Is IST_3 spanning? : True
Is IST_4 spanning? : True
Is IST_5 spanning? : True
Are all ISTs independent? : True

====TEST CR(694, 112, 224)====
Is IST_0 spanning? : True
Is IST_1 spanning? : True
Is IST_2 spanning? : True
Is IST_3 spanning? : True
Is IST_4 spanning? : True
Is IST_5 spanning? : True
Are all ISTs independent? : True

====TEST CR(695, 112, 224)====
Is IST_0 spanning? : True
Is IST_1 spanning? : True
Is IST_2 spanning? : True
Is IST_3 spanning? : True
Is IST_4 spanning? : True
Is IST_5 spanning? : True
Are all ISTs independent? : True

====TEST CR(696, 112, 224)====
Is IST_0 spanning? : True
Is IST_1 spanning? : True
Is IST_2 spanning? : True
Is IST_3 spanning? : True
Is IST_4 spanning? : True
Is IST_5 spanning? : True
Are all ISTs independent? : True

====TEST CR(697, 112, 224)====
Is IST_0 spanning? : True
Is IST_1 spanning? : True
Is IST_2 spanning? : True
Is IST_3 spanning? : True
Is IST_4 spanning? : True
Is IST_5 spanning? : True
Are all ISTs independent? : True

====TEST CR(698, 112, 224)====
Is IST_0 spanning? : True
Is IST_1 spanning? : True
Is IST_2 spanning? : True
Is IST_3 spanning? : True
Is IST_4 spanning? : True
Is IST_5 spanning? : True
Are all ISTs independent? : True

====TEST CR(699, 112, 224)====
Is IST_0 spanning? : True
Is IST_1 spanning? : True
Is IST_2 spanning? : True
Is IST_3 spanning? : True
Is IST_4 spanning? : True
Is IST_5 spanning? : True
Are all ISTs independent? : True

====TEST CR(700, 112, 224)====
Is IST_0 spanning? : True
Is IST_1 spanning? : True
Is IST_2 spanning? : True
Is IST_3 spanning? : True
Is IST_4 spanning? : True
Is IST_5 spanning? : True
Are all ISTs independent? : True

====TEST CR(701, 112, 224)====
Is IST_0 spanning? : True
Is IST_1 spanning? : True
Is IST_2 spanning? : True
Is IST_3 spanning? : True
Is IST_4 spanning? : True
Is IST_5 spanning? : True
Are all ISTs independent? : True

====TEST CR(702, 112, 224)====
Is IST_0 spanning? : True
Is IST_1 spanning? : True
Is IST_2 spanning? : True
Is IST_3 spanning? : True
Is IST_4 spanning? : True
Is IST_5 spanning? : True
Are all ISTs independent? : True

====TEST CR(703, 112, 224)====
Is IST_0 spanning? : True
Is IST_1 spanning? : True
Is IST_2 spanning? : True
Is IST_3 spanning? : True
Is IST_4 spanning? : True
Is IST_5 spanning? : True
Are all ISTs independent? : True

====TEST CR(704, 112, 224)====
Is IST_0 spanning? : True
Is IST_1 spanning? : True
Is IST_2 spanning? : True
Is IST_3 spanning? : True
Is IST_4 spanning? : True
Is IST_5 spanning? : True
Are all ISTs independent? : True

====TEST CR(705, 112, 224)====
Is IST_0 spanning? : True
Is IST_1 spanning? : True
Is IST_2 spanning? : True
Is IST_3 spanning? : True
Is IST_4 spanning? : True
Is IST_5 spanning? : True
Are all ISTs independent? : True

====TEST CR(706, 112, 224)====
Is IST_0 spanning? : True
Is IST_1 spanning? : True
Is IST_2 spanning? : True
Is IST_3 spanning? : True
Is IST_4 spanning? : True
Is IST_5 spanning? : True
Are all ISTs independent? : True

====TEST CR(707, 112, 224)====
Is IST_0 spanning? : True
Is IST_1 spanning? : True
Is IST_2 spanning? : True
Is IST_3 spanning? : True
Is IST_4 spanning? : True
Is IST_5 spanning? : True
Are all ISTs independent? : True

====TEST CR(708, 112, 224)====
Is IST_0 spanning? : True
Is IST_1 spanning? : True
Is IST_2 spanning? : True
Is IST_3 spanning? : True
Is IST_4 spanning? : True
Is IST_5 spanning? : True
Are all ISTs independent? : True

====TEST CR(709, 112, 224)====
Is IST_0 spanning? : True
Is IST_1 spanning? : True
Is IST_2 spanning? : True
Is IST_3 spanning? : True
Is IST_4 spanning? : True
Is IST_5 spanning? : True
Are all ISTs independent? : True

====TEST CR(710, 112, 224)====
Is IST_0 spanning? : True
Is IST_1 spanning? : True
Is IST_2 spanning? : True
Is IST_3 spanning? : True
Is IST_4 spanning? : True
Is IST_5 spanning? : True
Are all ISTs independent? : True

====TEST CR(711, 112, 224)====
Is IST_0 spanning? : True
Is IST_1 spanning? : True
Is IST_2 spanning? : True
Is IST_3 spanning? : True
Is IST_4 spanning? : True
Is IST_5 spanning? : True
Are all ISTs independent? : True

====TEST CR(712, 112, 224)====
Is IST_0 spanning? : True
Is IST_1 spanning? : True
Is IST_2 spanning? : True
Is IST_3 spanning? : True
Is IST_4 spanning? : True
Is IST_5 spanning? : True
Are all ISTs independent? : True

====TEST CR(713, 112, 224)====
Is IST_0 spanning? : True
Is IST_1 spanning? : True
Is IST_2 spanning? : True
Is IST_3 spanning? : True
Is IST_4 spanning? : True
Is IST_5 spanning? : True
Are all ISTs independent? : True

====TEST CR(714, 112, 224)====
Is IST_0 spanning? : True
Is IST_1 spanning? : True
Is IST_2 spanning? : True
Is IST_3 spanning? : True
Is IST_4 spanning? : True
Is IST_5 spanning? : True
Are all ISTs independent? : True

====TEST CR(715, 112, 224)====
Is IST_0 spanning? : True
Is IST_1 spanning? : True
Is IST_2 spanning? : True
Is IST_3 spanning? : True
Is IST_4 spanning? : True
Is IST_5 spanning? : True
Are all ISTs independent? : True

====TEST CR(716, 112, 224)====
Is IST_0 spanning? : True
Is IST_1 spanning? : True
Is IST_2 spanning? : True
Is IST_3 spanning? : True
Is IST_4 spanning? : True
Is IST_5 spanning? : True
Are all ISTs independent? : True

====TEST CR(717, 112, 224)====
Is IST_0 spanning? : True
Is IST_1 spanning? : True
Is IST_2 spanning? : True
Is IST_3 spanning? : True
Is IST_4 spanning? : True
Is IST_5 spanning? : True
Are all ISTs independent? : True

====TEST CR(718, 112, 224)====
Is IST_0 spanning? : True
Is IST_1 spanning? : True
Is IST_2 spanning? : True
Is IST_3 spanning? : True
Is IST_4 spanning? : True
Is IST_5 spanning? : True
Are all ISTs independent? : True

====TEST CR(719, 112, 224)====
Is IST_0 spanning? : True
Is IST_1 spanning? : True
Is IST_2 spanning? : True
Is IST_3 spanning? : True
Is IST_4 spanning? : True
Is IST_5 spanning? : True
Are all ISTs independent? : True

====TEST CR(720, 112, 224)====
Is IST_0 spanning? : True
Is IST_1 spanning? : True
Is IST_2 spanning? : True
Is IST_3 spanning? : True
Is IST_4 spanning? : True
Is IST_5 spanning? : True
Are all ISTs independent? : True

====TEST CR(721, 112, 224)====
Is IST_0 spanning? : True
Is IST_1 spanning? : True
Is IST_2 spanning? : True
Is IST_3 spanning? : True
Is IST_4 spanning? : True
Is IST_5 spanning? : True
Are all ISTs independent? : True

====TEST CR(722, 112, 224)====
Is IST_0 spanning? : True
Is IST_1 spanning? : True
Is IST_2 spanning? : True
Is IST_3 spanning? : True
Is IST_4 spanning? : True
Is IST_5 spanning? : True
Are all ISTs independent? : True

====TEST CR(723, 112, 224)====
Is IST_0 spanning? : True
Is IST_1 spanning? : True
Is IST_2 spanning? : True
Is IST_3 spanning? : True
Is IST_4 spanning? : True
Is IST_5 spanning? : True
Are all ISTs independent? : True

====TEST CR(724, 112, 224)====
Is IST_0 spanning? : True
Is IST_1 spanning? : True
Is IST_2 spanning? : True
Is IST_3 spanning? : True
Is IST_4 spanning? : True
Is IST_5 spanning? : True
Are all ISTs independent? : True

====TEST CR(725, 112, 224)====
Is IST_0 spanning? : True
Is IST_1 spanning? : True
Is IST_2 spanning? : True
Is IST_3 spanning? : True
Is IST_4 spanning? : True
Is IST_5 spanning? : True
Are all ISTs independent? : True

====TEST CR(726, 112, 224)====
Is IST_0 spanning? : True
Is IST_1 spanning? : True
Is IST_2 spanning? : True
Is IST_3 spanning? : True
Is IST_4 spanning? : True
Is IST_5 spanning? : True
Are all ISTs independent? : True

====TEST CR(727, 112, 224)====
Is IST_0 spanning? : True
Is IST_1 spanning? : True
Is IST_2 spanning? : True
Is IST_3 spanning? : True
Is IST_4 spanning? : True
Is IST_5 spanning? : True
Are all ISTs independent? : True

====TEST CR(728, 112, 224)====
Is IST_0 spanning? : True
Is IST_1 spanning? : True
Is IST_2 spanning? : True
Is IST_3 spanning? : True
Is IST_4 spanning? : True
Is IST_5 spanning? : True
Are all ISTs independent? : True

====TEST CR(729, 112, 224)====
Is IST_0 spanning? : True
Is IST_1 spanning? : True
Is IST_2 spanning? : True
Is IST_3 spanning? : True
Is IST_4 spanning? : True
Is IST_5 spanning? : True
Are all ISTs independent? : True

====TEST CR(730, 112, 224)====
Is IST_0 spanning? : True
Is IST_1 spanning? : True
Is IST_2 spanning? : True
Is IST_3 spanning? : True
Is IST_4 spanning? : True
Is IST_5 spanning? : True
Are all ISTs independent? : True

====TEST CR(731, 112, 224)====
Is IST_0 spanning? : True
Is IST_1 spanning? : True
Is IST_2 spanning? : True
Is IST_3 spanning? : True
Is IST_4 spanning? : True
Is IST_5 spanning? : True
Are all ISTs independent? : True

====TEST CR(732, 112, 224)====
Is IST_0 spanning? : True
Is IST_1 spanning? : True
Is IST_2 spanning? : True
Is IST_3 spanning? : True
Is IST_4 spanning? : True
Is IST_5 spanning? : True
Are all ISTs independent? : True

====TEST CR(733, 112, 224)====
Is IST_0 spanning? : True
Is IST_1 spanning? : True
Is IST_2 spanning? : True
Is IST_3 spanning? : True
Is IST_4 spanning? : True
Is IST_5 spanning? : True
Are all ISTs independent? : True

====TEST CR(734, 112, 224)====
Is IST_0 spanning? : True
Is IST_1 spanning? : True
Is IST_2 spanning? : True
Is IST_3 spanning? : True
Is IST_4 spanning? : True
Is IST_5 spanning? : True
Are all ISTs independent? : True

====TEST CR(735, 112, 224)====
Is IST_0 spanning? : True
Is IST_1 spanning? : True
Is IST_2 spanning? : True
Is IST_3 spanning? : True
Is IST_4 spanning? : True
Is IST_5 spanning? : True
Are all ISTs independent? : True

====TEST CR(736, 112, 224)====
Is IST_0 spanning? : True
Is IST_1 spanning? : True
Is IST_2 spanning? : True
Is IST_3 spanning? : True
Is IST_4 spanning? : True
Is IST_5 spanning? : True
Are all ISTs independent? : True

====TEST CR(737, 112, 224)====
Is IST_0 spanning? : True
Is IST_1 spanning? : True
Is IST_2 spanning? : True
Is IST_3 spanning? : True
Is IST_4 spanning? : True
Is IST_5 spanning? : True
Are all ISTs independent? : True

====TEST CR(738, 112, 224)====
Is IST_0 spanning? : True
Is IST_1 spanning? : True
Is IST_2 spanning? : True
Is IST_3 spanning? : True
Is IST_4 spanning? : True
Is IST_5 spanning? : True
Are all ISTs independent? : True

====TEST CR(739, 112, 224)====
Is IST_0 spanning? : True
Is IST_1 spanning? : True
Is IST_2 spanning? : True
Is IST_3 spanning? : True
Is IST_4 spanning? : True
Is IST_5 spanning? : True
Are all ISTs independent? : True

====TEST CR(740, 112, 224)====
Is IST_0 spanning? : True
Is IST_1 spanning? : True
Is IST_2 spanning? : True
Is IST_3 spanning? : True
Is IST_4 spanning? : True
Is IST_5 spanning? : True
Are all ISTs independent? : True

====TEST CR(741, 112, 224)====
Is IST_0 spanning? : True
Is IST_1 spanning? : True
Is IST_2 spanning? : True
Is IST_3 spanning? : True
Is IST_4 spanning? : True
Is IST_5 spanning? : True
Are all ISTs independent? : True

====TEST CR(742, 112, 224)====
Is IST_0 spanning? : True
Is IST_1 spanning? : True
Is IST_2 spanning? : True
Is IST_3 spanning? : True
Is IST_4 spanning? : True
Is IST_5 spanning? : True
Are all ISTs independent? : True

====TEST CR(743, 112, 224)====
Is IST_0 spanning? : True
Is IST_1 spanning? : True
Is IST_2 spanning? : True
Is IST_3 spanning? : True
Is IST_4 spanning? : True
Is IST_5 spanning? : True
Are all ISTs independent? : True

====TEST CR(744, 112, 224)====
Is IST_0 spanning? : True
Is IST_1 spanning? : True
Is IST_2 spanning? : True
Is IST_3 spanning? : True
Is IST_4 spanning? : True
Is IST_5 spanning? : True
Are all ISTs independent? : True

====TEST CR(745, 112, 224)====
Is IST_0 spanning? : True
Is IST_1 spanning? : True
Is IST_2 spanning? : True
Is IST_3 spanning? : True
Is IST_4 spanning? : True
Is IST_5 spanning? : True
Are all ISTs independent? : True

====TEST CR(746, 112, 224)====
Is IST_0 spanning? : True
Is IST_1 spanning? : True
Is IST_2 spanning? : True
Is IST_3 spanning? : True
Is IST_4 spanning? : True
Is IST_5 spanning? : True
Are all ISTs independent? : True

====TEST CR(747, 112, 224)====
Is IST_0 spanning? : True
Is IST_1 spanning? : True
Is IST_2 spanning? : True
Is IST_3 spanning? : True
Is IST_4 spanning? : True
Is IST_5 spanning? : True
Are all ISTs independent? : True

====TEST CR(748, 112, 224)====
Is IST_0 spanning? : True
Is IST_1 spanning? : True
Is IST_2 spanning? : True
Is IST_3 spanning? : True
Is IST_4 spanning? : True
Is IST_5 spanning? : True
Are all ISTs independent? : True

====TEST CR(749, 112, 224)====
Is IST_0 spanning? : True
Is IST_1 spanning? : True
Is IST_2 spanning? : True
Is IST_3 spanning? : True
Is IST_4 spanning? : True
Is IST_5 spanning? : True
Are all ISTs independent? : True

====TEST CR(750, 112, 224)====
Is IST_0 spanning? : True
Is IST_1 spanning? : True
Is IST_2 spanning? : True
Is IST_3 spanning? : True
Is IST_4 spanning? : True
Is IST_5 spanning? : True
Are all ISTs independent? : True

====TEST CR(751, 112, 224)====
Is IST_0 spanning? : True
Is IST_1 spanning? : True
Is IST_2 spanning? : True
Is IST_3 spanning? : True
Is IST_4 spanning? : True
Is IST_5 spanning? : True
Are all ISTs independent? : True

====TEST CR(752, 112, 224)====
Is IST_0 spanning? : True
Is IST_1 spanning? : True
Is IST_2 spanning? : True
Is IST_3 spanning? : True
Is IST_4 spanning? : True
Is IST_5 spanning? : True
Are all ISTs independent? : True

====TEST CR(753, 112, 224)====
Is IST_0 spanning? : True
Is IST_1 spanning? : True
Is IST_2 spanning? : True
Is IST_3 spanning? : True
Is IST_4 spanning? : True
Is IST_5 spanning? : True
Are all ISTs independent? : True

====TEST CR(754, 112, 224)====
Is IST_0 spanning? : True
Is IST_1 spanning? : True
Is IST_2 spanning? : True
Is IST_3 spanning? : True
Is IST_4 spanning? : True
Is IST_5 spanning? : True
Are all ISTs independent? : True

====TEST CR(755, 112, 224)====
Is IST_0 spanning? : True
Is IST_1 spanning? : True
Is IST_2 spanning? : True
Is IST_3 spanning? : True
Is IST_4 spanning? : True
Is IST_5 spanning? : True
Are all ISTs independent? : True

====TEST CR(756, 112, 224)====
Is IST_0 spanning? : True
Is IST_1 spanning? : True
Is IST_2 spanning? : True
Is IST_3 spanning? : True
Is IST_4 spanning? : True
Is IST_5 spanning? : True
Are all ISTs independent? : True

====TEST CR(757, 112, 224)====
Is IST_0 spanning? : True
Is IST_1 spanning? : True
Is IST_2 spanning? : True
Is IST_3 spanning? : True
Is IST_4 spanning? : True
Is IST_5 spanning? : True
Are all ISTs independent? : True

====TEST CR(758, 112, 224)====
Is IST_0 spanning? : True
Is IST_1 spanning? : True
Is IST_2 spanning? : True
Is IST_3 spanning? : True
Is IST_4 spanning? : True
Is IST_5 spanning? : True
Are all ISTs independent? : True

====TEST CR(759, 112, 224)====
Is IST_0 spanning? : True
Is IST_1 spanning? : True
Is IST_2 spanning? : True
Is IST_3 spanning? : True
Is IST_4 spanning? : True
Is IST_5 spanning? : True
Are all ISTs independent? : True

====TEST CR(760, 112, 224)====
Is IST_0 spanning? : True
Is IST_1 spanning? : True
Is IST_2 spanning? : True
Is IST_3 spanning? : True
Is IST_4 spanning? : True
Is IST_5 spanning? : True
Are all ISTs independent? : True

====TEST CR(761, 112, 224)====
Is IST_0 spanning? : True
Is IST_1 spanning? : True
Is IST_2 spanning? : True
Is IST_3 spanning? : True
Is IST_4 spanning? : True
Is IST_5 spanning? : True
Are all ISTs independent? : True

====TEST CR(762, 112, 224)====
Is IST_0 spanning? : True
Is IST_1 spanning? : True
Is IST_2 spanning? : True
Is IST_3 spanning? : True
Is IST_4 spanning? : True
Is IST_5 spanning? : True
Are all ISTs independent? : True

====TEST CR(763, 112, 224)====
Is IST_0 spanning? : True
Is IST_1 spanning? : True
Is IST_2 spanning? : True
Is IST_3 spanning? : True
Is IST_4 spanning? : True
Is IST_5 spanning? : True
Are all ISTs independent? : True

====TEST CR(764, 112, 224)====
Is IST_0 spanning? : True
Is IST_1 spanning? : True
Is IST_2 spanning? : True
Is IST_3 spanning? : True
Is IST_4 spanning? : True
Is IST_5 spanning? : True
Are all ISTs independent? : True

====TEST CR(765, 112, 224)====
Is IST_0 spanning? : True
Is IST_1 spanning? : True
Is IST_2 spanning? : True
Is IST_3 spanning? : True
Is IST_4 spanning? : True
Is IST_5 spanning? : True
Are all ISTs independent? : True

====TEST CR(766, 112, 224)====
Is IST_0 spanning? : True
Is IST_1 spanning? : True
Is IST_2 spanning? : True
Is IST_3 spanning? : True
Is IST_4 spanning? : True
Is IST_5 spanning? : True
Are all ISTs independent? : True

====TEST CR(767, 112, 224)====
Is IST_0 spanning? : True
Is IST_1 spanning? : True
Is IST_2 spanning? : True
Is IST_3 spanning? : True
Is IST_4 spanning? : True
Is IST_5 spanning? : True
Are all ISTs independent? : True

====TEST CR(768, 112, 224)====
Is IST_0 spanning? : True
Is IST_1 spanning? : True
Is IST_2 spanning? : True
Is IST_3 spanning? : True
Is IST_4 spanning? : True
Is IST_5 spanning? : True
Are all ISTs independent? : True

====TEST CR(769, 112, 224)====
Is IST_0 spanning? : True
Is IST_1 spanning? : True
Is IST_2 spanning? : True
Is IST_3 spanning? : True
Is IST_4 spanning? : True
Is IST_5 spanning? : True
Are all ISTs independent? : True

====TEST CR(770, 112, 224)====
Is IST_0 spanning? : True
Is IST_1 spanning? : True
Is IST_2 spanning? : True
Is IST_3 spanning? : True
Is IST_4 spanning? : True
Is IST_5 spanning? : True
Are all ISTs independent? : True

====TEST CR(771, 112, 224)====
Is IST_0 spanning? : True
Is IST_1 spanning? : True
Is IST_2 spanning? : True
Is IST_3 spanning? : True
Is IST_4 spanning? : True
Is IST_5 spanning? : True
Are all ISTs independent? : True

====TEST CR(772, 112, 224)====
Is IST_0 spanning? : True
Is IST_1 spanning? : True
Is IST_2 spanning? : True
Is IST_3 spanning? : True
Is IST_4 spanning? : True
Is IST_5 spanning? : True
Are all ISTs independent? : True

====TEST CR(773, 112, 224)====
Is IST_0 spanning? : True
Is IST_1 spanning? : True
Is IST_2 spanning? : True
Is IST_3 spanning? : True
Is IST_4 spanning? : True
Is IST_5 spanning? : True
Are all ISTs independent? : True

====TEST CR(774, 112, 224)====
Is IST_0 spanning? : True
Is IST_1 spanning? : True
Is IST_2 spanning? : True
Is IST_3 spanning? : True
Is IST_4 spanning? : True
Is IST_5 spanning? : True
Are all ISTs independent? : True

====TEST CR(775, 112, 224)====
Is IST_0 spanning? : True
Is IST_1 spanning? : True
Is IST_2 spanning? : True
Is IST_3 spanning? : True
Is IST_4 spanning? : True
Is IST_5 spanning? : True
Are all ISTs independent? : True

====TEST CR(776, 112, 224)====
Is IST_0 spanning? : True
Is IST_1 spanning? : True
Is IST_2 spanning? : True
Is IST_3 spanning? : True
Is IST_4 spanning? : True
Is IST_5 spanning? : True
Are all ISTs independent? : True

====TEST CR(777, 112, 224)====
Is IST_0 spanning? : True
Is IST_1 spanning? : True
Is IST_2 spanning? : True
Is IST_3 spanning? : True
Is IST_4 spanning? : True
Is IST_5 spanning? : True
Are all ISTs independent? : True

====TEST CR(778, 112, 224)====
Is IST_0 spanning? : True
Is IST_1 spanning? : True
Is IST_2 spanning? : True
Is IST_3 spanning? : True
Is IST_4 spanning? : True
Is IST_5 spanning? : True
Are all ISTs independent? : True

====TEST CR(779, 112, 224)====
Is IST_0 spanning? : True
Is IST_1 spanning? : True
Is IST_2 spanning? : True
Is IST_3 spanning? : True
Is IST_4 spanning? : True
Is IST_5 spanning? : True
Are all ISTs independent? : True

====TEST CR(780, 112, 224)====
Is IST_0 spanning? : True
Is IST_1 spanning? : True
Is IST_2 spanning? : True
Is IST_3 spanning? : True
Is IST_4 spanning? : True
Is IST_5 spanning? : True
Are all ISTs independent? : True

====TEST CR(781, 112, 224)====
Is IST_0 spanning? : True
Is IST_1 spanning? : True
Is IST_2 spanning? : True
Is IST_3 spanning? : True
Is IST_4 spanning? : True
Is IST_5 spanning? : True
Are all ISTs independent? : True

====TEST CR(782, 112, 224)====
Is IST_0 spanning? : True
Is IST_1 spanning? : True
Is IST_2 spanning? : True
Is IST_3 spanning? : True
Is IST_4 spanning? : True
Is IST_5 spanning? : True
Are all ISTs independent? : True

====TEST CR(783, 112, 224)====
Is IST_0 spanning? : True
Is IST_1 spanning? : True
Is IST_2 spanning? : True
Is IST_3 spanning? : True
Is IST_4 spanning? : True
Is IST_5 spanning? : True
Are all ISTs independent? : True

====TEST CR(784, 112, 224)====
Is IST_0 spanning? : True
Is IST_1 spanning? : True
Is IST_2 spanning? : True
Is IST_3 spanning? : True
Is IST_4 spanning? : True
Is IST_5 spanning? : True
Are all ISTs independent? : True

====TEST CR(785, 112, 224)====
Is IST_0 spanning? : True
Is IST_1 spanning? : True
Is IST_2 spanning? : True
Is IST_3 spanning? : True
Is IST_4 spanning? : True
Is IST_5 spanning? : True
Are all ISTs independent? : True

====TEST CR(786, 112, 224)====
Is IST_0 spanning? : True
Is IST_1 spanning? : True
Is IST_2 spanning? : True
Is IST_3 spanning? : True
Is IST_4 spanning? : True
Is IST_5 spanning? : True
Are all ISTs independent? : True

====TEST CR(787, 112, 224)====
Is IST_0 spanning? : True
Is IST_1 spanning? : True
Is IST_2 spanning? : True
Is IST_3 spanning? : True
Is IST_4 spanning? : True
Is IST_5 spanning? : True
Are all ISTs independent? : True

====TEST CR(788, 112, 224)====
Is IST_0 spanning? : True
Is IST_1 spanning? : True
Is IST_2 spanning? : True
Is IST_3 spanning? : True
Is IST_4 spanning? : True
Is IST_5 spanning? : True
Are all ISTs independent? : True

====TEST CR(789, 112, 224)====
Is IST_0 spanning? : True
Is IST_1 spanning? : True
Is IST_2 spanning? : True
Is IST_3 spanning? : True
Is IST_4 spanning? : True
Is IST_5 spanning? : True
Are all ISTs independent? : True

====TEST CR(790, 112, 224)====
Is IST_0 spanning? : True
Is IST_1 spanning? : True
Is IST_2 spanning? : True
Is IST_3 spanning? : True
Is IST_4 spanning? : True
Is IST_5 spanning? : True
Are all ISTs independent? : True

====TEST CR(791, 112, 224)====
Is IST_0 spanning? : True
Is IST_1 spanning? : True
Is IST_2 spanning? : True
Is IST_3 spanning? : True
Is IST_4 spanning? : True
Is IST_5 spanning? : True
Are all ISTs independent? : True

====TEST CR(792, 112, 224)====
Is IST_0 spanning? : True
Is IST_1 spanning? : True
Is IST_2 spanning? : True
Is IST_3 spanning? : True
Is IST_4 spanning? : True
Is IST_5 spanning? : True
Are all ISTs independent? : True

====TEST CR(793, 112, 224)====
Is IST_0 spanning? : True
Is IST_1 spanning? : True
Is IST_2 spanning? : True
Is IST_3 spanning? : True
Is IST_4 spanning? : True
Is IST_5 spanning? : True
Are all ISTs independent? : True

====TEST CR(794, 112, 224)====
Is IST_0 spanning? : True
Is IST_1 spanning? : True
Is IST_2 spanning? : True
Is IST_3 spanning? : True
Is IST_4 spanning? : True
Is IST_5 spanning? : True
Are all ISTs independent? : True

====TEST CR(795, 112, 224)====
Is IST_0 spanning? : True
Is IST_1 spanning? : True
Is IST_2 spanning? : True
Is IST_3 spanning? : True
Is IST_4 spanning? : True
Is IST_5 spanning? : True
Are all ISTs independent? : True

====TEST CR(796, 112, 224)====
Is IST_0 spanning? : True
Is IST_1 spanning? : True
Is IST_2 spanning? : True
Is IST_3 spanning? : True
Is IST_4 spanning? : True
Is IST_5 spanning? : True
Are all ISTs independent? : True

====TEST CR(797, 112, 224)====
Is IST_0 spanning? : True
Is IST_1 spanning? : True
Is IST_2 spanning? : True
Is IST_3 spanning? : True
Is IST_4 spanning? : True
Is IST_5 spanning? : True
Are all ISTs independent? : True

====TEST CR(798, 112, 224)====
Is IST_0 spanning? : True
Is IST_1 spanning? : True
Is IST_2 spanning? : True
Is IST_3 spanning? : True
Is IST_4 spanning? : True
Is IST_5 spanning? : True
Are all ISTs independent? : True

====TEST CR(799, 112, 224)====
Is IST_0 spanning? : True
Is IST_1 spanning? : True
Is IST_2 spanning? : True
Is IST_3 spanning? : True
Is IST_4 spanning? : True
Is IST_5 spanning? : True
Are all ISTs independent? : True

====TEST CR(800, 112, 224)====
Is IST_0 spanning? : True
Is IST_1 spanning? : True
Is IST_2 spanning? : True
Is IST_3 spanning? : True
Is IST_4 spanning? : True
Is IST_5 spanning? : True
Are all ISTs independent? : True

====TEST CR(678, 113, 226)====
Is IST_0 spanning? : True
Is IST_1 spanning? : True
Is IST_2 spanning? : True
Is IST_3 spanning? : True
Is IST_4 spanning? : True
Is IST_5 spanning? : True
Are all ISTs independent? : True

====TEST CR(679, 113, 226)====
Is IST_0 spanning? : True
Is IST_1 spanning? : True
Is IST_2 spanning? : True
Is IST_3 spanning? : True
Is IST_4 spanning? : True
Is IST_5 spanning? : True
Are all ISTs independent? : True

====TEST CR(680, 113, 226)====
Is IST_0 spanning? : True
Is IST_1 spanning? : True
Is IST_2 spanning? : True
Is IST_3 spanning? : True
Is IST_4 spanning? : True
Is IST_5 spanning? : True
Are all ISTs independent? : True

====TEST CR(681, 113, 226)====
Is IST_0 spanning? : True
Is IST_1 spanning? : True
Is IST_2 spanning? : True
Is IST_3 spanning? : True
Is IST_4 spanning? : True
Is IST_5 spanning? : True
Are all ISTs independent? : True

====TEST CR(682, 113, 226)====
Is IST_0 spanning? : True
Is IST_1 spanning? : True
Is IST_2 spanning? : True
Is IST_3 spanning? : True
Is IST_4 spanning? : True
Is IST_5 spanning? : True
Are all ISTs independent? : True

====TEST CR(683, 113, 226)====
Is IST_0 spanning? : True
Is IST_1 spanning? : True
Is IST_2 spanning? : True
Is IST_3 spanning? : True
Is IST_4 spanning? : True
Is IST_5 spanning? : True
Are all ISTs independent? : True

====TEST CR(684, 113, 226)====
Is IST_0 spanning? : True
Is IST_1 spanning? : True
Is IST_2 spanning? : True
Is IST_3 spanning? : True
Is IST_4 spanning? : True
Is IST_5 spanning? : True
Are all ISTs independent? : True

====TEST CR(685, 113, 226)====
Is IST_0 spanning? : True
Is IST_1 spanning? : True
Is IST_2 spanning? : True
Is IST_3 spanning? : True
Is IST_4 spanning? : True
Is IST_5 spanning? : True
Are all ISTs independent? : True

====TEST CR(686, 113, 226)====
Is IST_0 spanning? : True
Is IST_1 spanning? : True
Is IST_2 spanning? : True
Is IST_3 spanning? : True
Is IST_4 spanning? : True
Is IST_5 spanning? : True
Are all ISTs independent? : True

====TEST CR(687, 113, 226)====
Is IST_0 spanning? : True
Is IST_1 spanning? : True
Is IST_2 spanning? : True
Is IST_3 spanning? : True
Is IST_4 spanning? : True
Is IST_5 spanning? : True
Are all ISTs independent? : True

====TEST CR(688, 113, 226)====
Is IST_0 spanning? : True
Is IST_1 spanning? : True
Is IST_2 spanning? : True
Is IST_3 spanning? : True
Is IST_4 spanning? : True
Is IST_5 spanning? : True
Are all ISTs independent? : True

====TEST CR(689, 113, 226)====
Is IST_0 spanning? : True
Is IST_1 spanning? : True
Is IST_2 spanning? : True
Is IST_3 spanning? : True
Is IST_4 spanning? : True
Is IST_5 spanning? : True
Are all ISTs independent? : True

====TEST CR(690, 113, 226)====
Is IST_0 spanning? : True
Is IST_1 spanning? : True
Is IST_2 spanning? : True
Is IST_3 spanning? : True
Is IST_4 spanning? : True
Is IST_5 spanning? : True
Are all ISTs independent? : True

====TEST CR(691, 113, 226)====
Is IST_0 spanning? : True
Is IST_1 spanning? : True
Is IST_2 spanning? : True
Is IST_3 spanning? : True
Is IST_4 spanning? : True
Is IST_5 spanning? : True
Are all ISTs independent? : True

====TEST CR(692, 113, 226)====
Is IST_0 spanning? : True
Is IST_1 spanning? : True
Is IST_2 spanning? : True
Is IST_3 spanning? : True
Is IST_4 spanning? : True
Is IST_5 spanning? : True
Are all ISTs independent? : True

====TEST CR(693, 113, 226)====
Is IST_0 spanning? : True
Is IST_1 spanning? : True
Is IST_2 spanning? : True
Is IST_3 spanning? : True
Is IST_4 spanning? : True
Is IST_5 spanning? : True
Are all ISTs independent? : True

====TEST CR(694, 113, 226)====
Is IST_0 spanning? : True
Is IST_1 spanning? : True
Is IST_2 spanning? : True
Is IST_3 spanning? : True
Is IST_4 spanning? : True
Is IST_5 spanning? : True
Are all ISTs independent? : True

====TEST CR(695, 113, 226)====
Is IST_0 spanning? : True
Is IST_1 spanning? : True
Is IST_2 spanning? : True
Is IST_3 spanning? : True
Is IST_4 spanning? : True
Is IST_5 spanning? : True
Are all ISTs independent? : True

====TEST CR(696, 113, 226)====
Is IST_0 spanning? : True
Is IST_1 spanning? : True
Is IST_2 spanning? : True
Is IST_3 spanning? : True
Is IST_4 spanning? : True
Is IST_5 spanning? : True
Are all ISTs independent? : True

====TEST CR(697, 113, 226)====
Is IST_0 spanning? : True
Is IST_1 spanning? : True
Is IST_2 spanning? : True
Is IST_3 spanning? : True
Is IST_4 spanning? : True
Is IST_5 spanning? : True
Are all ISTs independent? : True

====TEST CR(698, 113, 226)====
Is IST_0 spanning? : True
Is IST_1 spanning? : True
Is IST_2 spanning? : True
Is IST_3 spanning? : True
Is IST_4 spanning? : True
Is IST_5 spanning? : True
Are all ISTs independent? : True

====TEST CR(699, 113, 226)====
Is IST_0 spanning? : True
Is IST_1 spanning? : True
Is IST_2 spanning? : True
Is IST_3 spanning? : True
Is IST_4 spanning? : True
Is IST_5 spanning? : True
Are all ISTs independent? : True

====TEST CR(700, 113, 226)====
Is IST_0 spanning? : True
Is IST_1 spanning? : True
Is IST_2 spanning? : True
Is IST_3 spanning? : True
Is IST_4 spanning? : True
Is IST_5 spanning? : True
Are all ISTs independent? : True

====TEST CR(701, 113, 226)====
Is IST_0 spanning? : True
Is IST_1 spanning? : True
Is IST_2 spanning? : True
Is IST_3 spanning? : True
Is IST_4 spanning? : True
Is IST_5 spanning? : True
Are all ISTs independent? : True

====TEST CR(702, 113, 226)====
Is IST_0 spanning? : True
Is IST_1 spanning? : True
Is IST_2 spanning? : True
Is IST_3 spanning? : True
Is IST_4 spanning? : True
Is IST_5 spanning? : True
Are all ISTs independent? : True

====TEST CR(703, 113, 226)====
Is IST_0 spanning? : True
Is IST_1 spanning? : True
Is IST_2 spanning? : True
Is IST_3 spanning? : True
Is IST_4 spanning? : True
Is IST_5 spanning? : True
Are all ISTs independent? : True

====TEST CR(704, 113, 226)====
Is IST_0 spanning? : True
Is IST_1 spanning? : True
Is IST_2 spanning? : True
Is IST_3 spanning? : True
Is IST_4 spanning? : True
Is IST_5 spanning? : True
Are all ISTs independent? : True

====TEST CR(705, 113, 226)====
Is IST_0 spanning? : True
Is IST_1 spanning? : True
Is IST_2 spanning? : True
Is IST_3 spanning? : True
Is IST_4 spanning? : True
Is IST_5 spanning? : True
Are all ISTs independent? : True

====TEST CR(706, 113, 226)====
Is IST_0 spanning? : True
Is IST_1 spanning? : True
Is IST_2 spanning? : True
Is IST_3 spanning? : True
Is IST_4 spanning? : True
Is IST_5 spanning? : True
Are all ISTs independent? : True

====TEST CR(707, 113, 226)====
Is IST_0 spanning? : True
Is IST_1 spanning? : True
Is IST_2 spanning? : True
Is IST_3 spanning? : True
Is IST_4 spanning? : True
Is IST_5 spanning? : True
Are all ISTs independent? : True

====TEST CR(708, 113, 226)====
Is IST_0 spanning? : True
Is IST_1 spanning? : True
Is IST_2 spanning? : True
Is IST_3 spanning? : True
Is IST_4 spanning? : True
Is IST_5 spanning? : True
Are all ISTs independent? : True

====TEST CR(709, 113, 226)====
Is IST_0 spanning? : True
Is IST_1 spanning? : True
Is IST_2 spanning? : True
Is IST_3 spanning? : True
Is IST_4 spanning? : True
Is IST_5 spanning? : True
Are all ISTs independent? : True

====TEST CR(710, 113, 226)====
Is IST_0 spanning? : True
Is IST_1 spanning? : True
Is IST_2 spanning? : True
Is IST_3 spanning? : True
Is IST_4 spanning? : True
Is IST_5 spanning? : True
Are all ISTs independent? : True

====TEST CR(711, 113, 226)====
Is IST_0 spanning? : True
Is IST_1 spanning? : True
Is IST_2 spanning? : True
Is IST_3 spanning? : True
Is IST_4 spanning? : True
Is IST_5 spanning? : True
Are all ISTs independent? : True

====TEST CR(712, 113, 226)====
Is IST_0 spanning? : True
Is IST_1 spanning? : True
Is IST_2 spanning? : True
Is IST_3 spanning? : True
Is IST_4 spanning? : True
Is IST_5 spanning? : True
Are all ISTs independent? : True

====TEST CR(713, 113, 226)====
Is IST_0 spanning? : True
Is IST_1 spanning? : True
Is IST_2 spanning? : True
Is IST_3 spanning? : True
Is IST_4 spanning? : True
Is IST_5 spanning? : True
Are all ISTs independent? : True

====TEST CR(714, 113, 226)====
Is IST_0 spanning? : True
Is IST_1 spanning? : True
Is IST_2 spanning? : True
Is IST_3 spanning? : True
Is IST_4 spanning? : True
Is IST_5 spanning? : True
Are all ISTs independent? : True

====TEST CR(715, 113, 226)====
Is IST_0 spanning? : True
Is IST_1 spanning? : True
Is IST_2 spanning? : True
Is IST_3 spanning? : True
Is IST_4 spanning? : True
Is IST_5 spanning? : True
Are all ISTs independent? : True

====TEST CR(716, 113, 226)====
Is IST_0 spanning? : True
Is IST_1 spanning? : True
Is IST_2 spanning? : True
Is IST_3 spanning? : True
Is IST_4 spanning? : True
Is IST_5 spanning? : True
Are all ISTs independent? : True

====TEST CR(717, 113, 226)====
Is IST_0 spanning? : True
Is IST_1 spanning? : True
Is IST_2 spanning? : True
Is IST_3 spanning? : True
Is IST_4 spanning? : True
Is IST_5 spanning? : True
Are all ISTs independent? : True

====TEST CR(718, 113, 226)====
Is IST_0 spanning? : True
Is IST_1 spanning? : True
Is IST_2 spanning? : True
Is IST_3 spanning? : True
Is IST_4 spanning? : True
Is IST_5 spanning? : True
Are all ISTs independent? : True

====TEST CR(719, 113, 226)====
Is IST_0 spanning? : True
Is IST_1 spanning? : True
Is IST_2 spanning? : True
Is IST_3 spanning? : True
Is IST_4 spanning? : True
Is IST_5 spanning? : True
Are all ISTs independent? : True

====TEST CR(720, 113, 226)====
Is IST_0 spanning? : True
Is IST_1 spanning? : True
Is IST_2 spanning? : True
Is IST_3 spanning? : True
Is IST_4 spanning? : True
Is IST_5 spanning? : True
Are all ISTs independent? : True

====TEST CR(721, 113, 226)====
Is IST_0 spanning? : True
Is IST_1 spanning? : True
Is IST_2 spanning? : True
Is IST_3 spanning? : True
Is IST_4 spanning? : True
Is IST_5 spanning? : True
Are all ISTs independent? : True

====TEST CR(722, 113, 226)====
Is IST_0 spanning? : True
Is IST_1 spanning? : True
Is IST_2 spanning? : True
Is IST_3 spanning? : True
Is IST_4 spanning? : True
Is IST_5 spanning? : True
Are all ISTs independent? : True

====TEST CR(723, 113, 226)====
Is IST_0 spanning? : True
Is IST_1 spanning? : True
Is IST_2 spanning? : True
Is IST_3 spanning? : True
Is IST_4 spanning? : True
Is IST_5 spanning? : True
Are all ISTs independent? : True

====TEST CR(724, 113, 226)====
Is IST_0 spanning? : True
Is IST_1 spanning? : True
Is IST_2 spanning? : True
Is IST_3 spanning? : True
Is IST_4 spanning? : True
Is IST_5 spanning? : True
Are all ISTs independent? : True

====TEST CR(725, 113, 226)====
Is IST_0 spanning? : True
Is IST_1 spanning? : True
Is IST_2 spanning? : True
Is IST_3 spanning? : True
Is IST_4 spanning? : True
Is IST_5 spanning? : True
Are all ISTs independent? : True

====TEST CR(726, 113, 226)====
Is IST_0 spanning? : True
Is IST_1 spanning? : True
Is IST_2 spanning? : True
Is IST_3 spanning? : True
Is IST_4 spanning? : True
Is IST_5 spanning? : True
Are all ISTs independent? : True

====TEST CR(727, 113, 226)====
Is IST_0 spanning? : True
Is IST_1 spanning? : True
Is IST_2 spanning? : True
Is IST_3 spanning? : True
Is IST_4 spanning? : True
Is IST_5 spanning? : True
Are all ISTs independent? : True

====TEST CR(728, 113, 226)====
Is IST_0 spanning? : True
Is IST_1 spanning? : True
Is IST_2 spanning? : True
Is IST_3 spanning? : True
Is IST_4 spanning? : True
Is IST_5 spanning? : True
Are all ISTs independent? : True

====TEST CR(729, 113, 226)====
Is IST_0 spanning? : True
Is IST_1 spanning? : True
Is IST_2 spanning? : True
Is IST_3 spanning? : True
Is IST_4 spanning? : True
Is IST_5 spanning? : True
Are all ISTs independent? : True

====TEST CR(730, 113, 226)====
Is IST_0 spanning? : True
Is IST_1 spanning? : True
Is IST_2 spanning? : True
Is IST_3 spanning? : True
Is IST_4 spanning? : True
Is IST_5 spanning? : True
Are all ISTs independent? : True

====TEST CR(731, 113, 226)====
Is IST_0 spanning? : True
Is IST_1 spanning? : True
Is IST_2 spanning? : True
Is IST_3 spanning? : True
Is IST_4 spanning? : True
Is IST_5 spanning? : True
Are all ISTs independent? : True

====TEST CR(732, 113, 226)====
Is IST_0 spanning? : True
Is IST_1 spanning? : True
Is IST_2 spanning? : True
Is IST_3 spanning? : True
Is IST_4 spanning? : True
Is IST_5 spanning? : True
Are all ISTs independent? : True

====TEST CR(733, 113, 226)====
Is IST_0 spanning? : True
Is IST_1 spanning? : True
Is IST_2 spanning? : True
Is IST_3 spanning? : True
Is IST_4 spanning? : True
Is IST_5 spanning? : True
Are all ISTs independent? : True

====TEST CR(734, 113, 226)====
Is IST_0 spanning? : True
Is IST_1 spanning? : True
Is IST_2 spanning? : True
Is IST_3 spanning? : True
Is IST_4 spanning? : True
Is IST_5 spanning? : True
Are all ISTs independent? : True

====TEST CR(735, 113, 226)====
Is IST_0 spanning? : True
Is IST_1 spanning? : True
Is IST_2 spanning? : True
Is IST_3 spanning? : True
Is IST_4 spanning? : True
Is IST_5 spanning? : True
Are all ISTs independent? : True

====TEST CR(736, 113, 226)====
Is IST_0 spanning? : True
Is IST_1 spanning? : True
Is IST_2 spanning? : True
Is IST_3 spanning? : True
Is IST_4 spanning? : True
Is IST_5 spanning? : True
Are all ISTs independent? : True

====TEST CR(737, 113, 226)====
Is IST_0 spanning? : True
Is IST_1 spanning? : True
Is IST_2 spanning? : True
Is IST_3 spanning? : True
Is IST_4 spanning? : True
Is IST_5 spanning? : True
Are all ISTs independent? : True

====TEST CR(738, 113, 226)====
Is IST_0 spanning? : True
Is IST_1 spanning? : True
Is IST_2 spanning? : True
Is IST_3 spanning? : True
Is IST_4 spanning? : True
Is IST_5 spanning? : True
Are all ISTs independent? : True

====TEST CR(739, 113, 226)====
Is IST_0 spanning? : True
Is IST_1 spanning? : True
Is IST_2 spanning? : True
Is IST_3 spanning? : True
Is IST_4 spanning? : True
Is IST_5 spanning? : True
Are all ISTs independent? : True

====TEST CR(740, 113, 226)====
Is IST_0 spanning? : True
Is IST_1 spanning? : True
Is IST_2 spanning? : True
Is IST_3 spanning? : True
Is IST_4 spanning? : True
Is IST_5 spanning? : True
Are all ISTs independent? : True

====TEST CR(741, 113, 226)====
Is IST_0 spanning? : True
Is IST_1 spanning? : True
Is IST_2 spanning? : True
Is IST_3 spanning? : True
Is IST_4 spanning? : True
Is IST_5 spanning? : True
Are all ISTs independent? : True

====TEST CR(742, 113, 226)====
Is IST_0 spanning? : True
Is IST_1 spanning? : True
Is IST_2 spanning? : True
Is IST_3 spanning? : True
Is IST_4 spanning? : True
Is IST_5 spanning? : True
Are all ISTs independent? : True

====TEST CR(743, 113, 226)====
Is IST_0 spanning? : True
Is IST_1 spanning? : True
Is IST_2 spanning? : True
Is IST_3 spanning? : True
Is IST_4 spanning? : True
Is IST_5 spanning? : True
Are all ISTs independent? : True

====TEST CR(744, 113, 226)====
Is IST_0 spanning? : True
Is IST_1 spanning? : True
Is IST_2 spanning? : True
Is IST_3 spanning? : True
Is IST_4 spanning? : True
Is IST_5 spanning? : True
Are all ISTs independent? : True

====TEST CR(745, 113, 226)====
Is IST_0 spanning? : True
Is IST_1 spanning? : True
Is IST_2 spanning? : True
Is IST_3 spanning? : True
Is IST_4 spanning? : True
Is IST_5 spanning? : True
Are all ISTs independent? : True

====TEST CR(746, 113, 226)====
Is IST_0 spanning? : True
Is IST_1 spanning? : True
Is IST_2 spanning? : True
Is IST_3 spanning? : True
Is IST_4 spanning? : True
Is IST_5 spanning? : True
Are all ISTs independent? : True

====TEST CR(747, 113, 226)====
Is IST_0 spanning? : True
Is IST_1 spanning? : True
Is IST_2 spanning? : True
Is IST_3 spanning? : True
Is IST_4 spanning? : True
Is IST_5 spanning? : True
Are all ISTs independent? : True

====TEST CR(748, 113, 226)====
Is IST_0 spanning? : True
Is IST_1 spanning? : True
Is IST_2 spanning? : True
Is IST_3 spanning? : True
Is IST_4 spanning? : True
Is IST_5 spanning? : True
Are all ISTs independent? : True

====TEST CR(749, 113, 226)====
Is IST_0 spanning? : True
Is IST_1 spanning? : True
Is IST_2 spanning? : True
Is IST_3 spanning? : True
Is IST_4 spanning? : True
Is IST_5 spanning? : True
Are all ISTs independent? : True

====TEST CR(750, 113, 226)====
Is IST_0 spanning? : True
Is IST_1 spanning? : True
Is IST_2 spanning? : True
Is IST_3 spanning? : True
Is IST_4 spanning? : True
Is IST_5 spanning? : True
Are all ISTs independent? : True

====TEST CR(751, 113, 226)====
Is IST_0 spanning? : True
Is IST_1 spanning? : True
Is IST_2 spanning? : True
Is IST_3 spanning? : True
Is IST_4 spanning? : True
Is IST_5 spanning? : True
Are all ISTs independent? : True

====TEST CR(752, 113, 226)====
Is IST_0 spanning? : True
Is IST_1 spanning? : True
Is IST_2 spanning? : True
Is IST_3 spanning? : True
Is IST_4 spanning? : True
Is IST_5 spanning? : True
Are all ISTs independent? : True

====TEST CR(753, 113, 226)====
Is IST_0 spanning? : True
Is IST_1 spanning? : True
Is IST_2 spanning? : True
Is IST_3 spanning? : True
Is IST_4 spanning? : True
Is IST_5 spanning? : True
Are all ISTs independent? : True

====TEST CR(754, 113, 226)====
Is IST_0 spanning? : True
Is IST_1 spanning? : True
Is IST_2 spanning? : True
Is IST_3 spanning? : True
Is IST_4 spanning? : True
Is IST_5 spanning? : True
Are all ISTs independent? : True

====TEST CR(755, 113, 226)====
Is IST_0 spanning? : True
Is IST_1 spanning? : True
Is IST_2 spanning? : True
Is IST_3 spanning? : True
Is IST_4 spanning? : True
Is IST_5 spanning? : True
Are all ISTs independent? : True

====TEST CR(756, 113, 226)====
Is IST_0 spanning? : True
Is IST_1 spanning? : True
Is IST_2 spanning? : True
Is IST_3 spanning? : True
Is IST_4 spanning? : True
Is IST_5 spanning? : True
Are all ISTs independent? : True

====TEST CR(757, 113, 226)====
Is IST_0 spanning? : True
Is IST_1 spanning? : True
Is IST_2 spanning? : True
Is IST_3 spanning? : True
Is IST_4 spanning? : True
Is IST_5 spanning? : True
Are all ISTs independent? : True

====TEST CR(758, 113, 226)====
Is IST_0 spanning? : True
Is IST_1 spanning? : True
Is IST_2 spanning? : True
Is IST_3 spanning? : True
Is IST_4 spanning? : True
Is IST_5 spanning? : True
Are all ISTs independent? : True

====TEST CR(759, 113, 226)====
Is IST_0 spanning? : True
Is IST_1 spanning? : True
Is IST_2 spanning? : True
Is IST_3 spanning? : True
Is IST_4 spanning? : True
Is IST_5 spanning? : True
Are all ISTs independent? : True

====TEST CR(760, 113, 226)====
Is IST_0 spanning? : True
Is IST_1 spanning? : True
Is IST_2 spanning? : True
Is IST_3 spanning? : True
Is IST_4 spanning? : True
Is IST_5 spanning? : True
Are all ISTs independent? : True

====TEST CR(761, 113, 226)====
Is IST_0 spanning? : True
Is IST_1 spanning? : True
Is IST_2 spanning? : True
Is IST_3 spanning? : True
Is IST_4 spanning? : True
Is IST_5 spanning? : True
Are all ISTs independent? : True

====TEST CR(762, 113, 226)====
Is IST_0 spanning? : True
Is IST_1 spanning? : True
Is IST_2 spanning? : True
Is IST_3 spanning? : True
Is IST_4 spanning? : True
Is IST_5 spanning? : True
Are all ISTs independent? : True

====TEST CR(763, 113, 226)====
Is IST_0 spanning? : True
Is IST_1 spanning? : True
Is IST_2 spanning? : True
Is IST_3 spanning? : True
Is IST_4 spanning? : True
Is IST_5 spanning? : True
Are all ISTs independent? : True

====TEST CR(764, 113, 226)====
Is IST_0 spanning? : True
Is IST_1 spanning? : True
Is IST_2 spanning? : True
Is IST_3 spanning? : True
Is IST_4 spanning? : True
Is IST_5 spanning? : True
Are all ISTs independent? : True

====TEST CR(765, 113, 226)====
Is IST_0 spanning? : True
Is IST_1 spanning? : True
Is IST_2 spanning? : True
Is IST_3 spanning? : True
Is IST_4 spanning? : True
Is IST_5 spanning? : True
Are all ISTs independent? : True

====TEST CR(766, 113, 226)====
Is IST_0 spanning? : True
Is IST_1 spanning? : True
Is IST_2 spanning? : True
Is IST_3 spanning? : True
Is IST_4 spanning? : True
Is IST_5 spanning? : True
Are all ISTs independent? : True

====TEST CR(767, 113, 226)====
Is IST_0 spanning? : True
Is IST_1 spanning? : True
Is IST_2 spanning? : True
Is IST_3 spanning? : True
Is IST_4 spanning? : True
Is IST_5 spanning? : True
Are all ISTs independent? : True

====TEST CR(768, 113, 226)====
Is IST_0 spanning? : True
Is IST_1 spanning? : True
Is IST_2 spanning? : True
Is IST_3 spanning? : True
Is IST_4 spanning? : True
Is IST_5 spanning? : True
Are all ISTs independent? : True

====TEST CR(769, 113, 226)====
Is IST_0 spanning? : True
Is IST_1 spanning? : True
Is IST_2 spanning? : True
Is IST_3 spanning? : True
Is IST_4 spanning? : True
Is IST_5 spanning? : True
Are all ISTs independent? : True

====TEST CR(770, 113, 226)====
Is IST_0 spanning? : True
Is IST_1 spanning? : True
Is IST_2 spanning? : True
Is IST_3 spanning? : True
Is IST_4 spanning? : True
Is IST_5 spanning? : True
Are all ISTs independent? : True

====TEST CR(771, 113, 226)====
Is IST_0 spanning? : True
Is IST_1 spanning? : True
Is IST_2 spanning? : True
Is IST_3 spanning? : True
Is IST_4 spanning? : True
Is IST_5 spanning? : True
Are all ISTs independent? : True

====TEST CR(772, 113, 226)====
Is IST_0 spanning? : True
Is IST_1 spanning? : True
Is IST_2 spanning? : True
Is IST_3 spanning? : True
Is IST_4 spanning? : True
Is IST_5 spanning? : True
Are all ISTs independent? : True

====TEST CR(773, 113, 226)====
Is IST_0 spanning? : True
Is IST_1 spanning? : True
Is IST_2 spanning? : True
Is IST_3 spanning? : True
Is IST_4 spanning? : True
Is IST_5 spanning? : True
Are all ISTs independent? : True

====TEST CR(774, 113, 226)====
Is IST_0 spanning? : True
Is IST_1 spanning? : True
Is IST_2 spanning? : True
Is IST_3 spanning? : True
Is IST_4 spanning? : True
Is IST_5 spanning? : True
Are all ISTs independent? : True

====TEST CR(775, 113, 226)====
Is IST_0 spanning? : True
Is IST_1 spanning? : True
Is IST_2 spanning? : True
Is IST_3 spanning? : True
Is IST_4 spanning? : True
Is IST_5 spanning? : True
Are all ISTs independent? : True

====TEST CR(776, 113, 226)====
Is IST_0 spanning? : True
Is IST_1 spanning? : True
Is IST_2 spanning? : True
Is IST_3 spanning? : True
Is IST_4 spanning? : True
Is IST_5 spanning? : True
Are all ISTs independent? : True

====TEST CR(777, 113, 226)====
Is IST_0 spanning? : True
Is IST_1 spanning? : True
Is IST_2 spanning? : True
Is IST_3 spanning? : True
Is IST_4 spanning? : True
Is IST_5 spanning? : True
Are all ISTs independent? : True

====TEST CR(778, 113, 226)====
Is IST_0 spanning? : True
Is IST_1 spanning? : True
Is IST_2 spanning? : True
Is IST_3 spanning? : True
Is IST_4 spanning? : True
Is IST_5 spanning? : True
Are all ISTs independent? : True

====TEST CR(779, 113, 226)====
Is IST_0 spanning? : True
Is IST_1 spanning? : True
Is IST_2 spanning? : True
Is IST_3 spanning? : True
Is IST_4 spanning? : True
Is IST_5 spanning? : True
Are all ISTs independent? : True

====TEST CR(780, 113, 226)====
Is IST_0 spanning? : True
Is IST_1 spanning? : True
Is IST_2 spanning? : True
Is IST_3 spanning? : True
Is IST_4 spanning? : True
Is IST_5 spanning? : True
Are all ISTs independent? : True

====TEST CR(781, 113, 226)====
Is IST_0 spanning? : True
Is IST_1 spanning? : True
Is IST_2 spanning? : True
Is IST_3 spanning? : True
Is IST_4 spanning? : True
Is IST_5 spanning? : True
Are all ISTs independent? : True

====TEST CR(782, 113, 226)====
Is IST_0 spanning? : True
Is IST_1 spanning? : True
Is IST_2 spanning? : True
Is IST_3 spanning? : True
Is IST_4 spanning? : True
Is IST_5 spanning? : True
Are all ISTs independent? : True

====TEST CR(783, 113, 226)====
Is IST_0 spanning? : True
Is IST_1 spanning? : True
Is IST_2 spanning? : True
Is IST_3 spanning? : True
Is IST_4 spanning? : True
Is IST_5 spanning? : True
Are all ISTs independent? : True

====TEST CR(784, 113, 226)====
Is IST_0 spanning? : True
Is IST_1 spanning? : True
Is IST_2 spanning? : True
Is IST_3 spanning? : True
Is IST_4 spanning? : True
Is IST_5 spanning? : True
Are all ISTs independent? : True

====TEST CR(785, 113, 226)====
Is IST_0 spanning? : True
Is IST_1 spanning? : True
Is IST_2 spanning? : True
Is IST_3 spanning? : True
Is IST_4 spanning? : True
Is IST_5 spanning? : True
Are all ISTs independent? : True

====TEST CR(786, 113, 226)====
Is IST_0 spanning? : True
Is IST_1 spanning? : True
Is IST_2 spanning? : True
Is IST_3 spanning? : True
Is IST_4 spanning? : True
Is IST_5 spanning? : True
Are all ISTs independent? : True

====TEST CR(787, 113, 226)====
Is IST_0 spanning? : True
Is IST_1 spanning? : True
Is IST_2 spanning? : True
Is IST_3 spanning? : True
Is IST_4 spanning? : True
Is IST_5 spanning? : True
Are all ISTs independent? : True

====TEST CR(788, 113, 226)====
Is IST_0 spanning? : True
Is IST_1 spanning? : True
Is IST_2 spanning? : True
Is IST_3 spanning? : True
Is IST_4 spanning? : True
Is IST_5 spanning? : True
Are all ISTs independent? : True

====TEST CR(789, 113, 226)====
Is IST_0 spanning? : True
Is IST_1 spanning? : True
Is IST_2 spanning? : True
Is IST_3 spanning? : True
Is IST_4 spanning? : True
Is IST_5 spanning? : True
Are all ISTs independent? : True

====TEST CR(790, 113, 226)====
Is IST_0 spanning? : True
Is IST_1 spanning? : True
Is IST_2 spanning? : True
Is IST_3 spanning? : True
Is IST_4 spanning? : True
Is IST_5 spanning? : True
Are all ISTs independent? : True

====TEST CR(791, 113, 226)====
Is IST_0 spanning? : True
Is IST_1 spanning? : True
Is IST_2 spanning? : True
Is IST_3 spanning? : True
Is IST_4 spanning? : True
Is IST_5 spanning? : True
Are all ISTs independent? : True

====TEST CR(792, 113, 226)====
Is IST_0 spanning? : True
Is IST_1 spanning? : True
Is IST_2 spanning? : True
Is IST_3 spanning? : True
Is IST_4 spanning? : True
Is IST_5 spanning? : True
Are all ISTs independent? : True

====TEST CR(793, 113, 226)====
Is IST_0 spanning? : True
Is IST_1 spanning? : True
Is IST_2 spanning? : True
Is IST_3 spanning? : True
Is IST_4 spanning? : True
Is IST_5 spanning? : True
Are all ISTs independent? : True

====TEST CR(794, 113, 226)====
Is IST_0 spanning? : True
Is IST_1 spanning? : True
Is IST_2 spanning? : True
Is IST_3 spanning? : True
Is IST_4 spanning? : True
Is IST_5 spanning? : True
Are all ISTs independent? : True

====TEST CR(795, 113, 226)====
Is IST_0 spanning? : True
Is IST_1 spanning? : True
Is IST_2 spanning? : True
Is IST_3 spanning? : True
Is IST_4 spanning? : True
Is IST_5 spanning? : True
Are all ISTs independent? : True

====TEST CR(796, 113, 226)====
Is IST_0 spanning? : True
Is IST_1 spanning? : True
Is IST_2 spanning? : True
Is IST_3 spanning? : True
Is IST_4 spanning? : True
Is IST_5 spanning? : True
Are all ISTs independent? : True

====TEST CR(797, 113, 226)====
Is IST_0 spanning? : True
Is IST_1 spanning? : True
Is IST_2 spanning? : True
Is IST_3 spanning? : True
Is IST_4 spanning? : True
Is IST_5 spanning? : True
Are all ISTs independent? : True

====TEST CR(798, 113, 226)====
Is IST_0 spanning? : True
Is IST_1 spanning? : True
Is IST_2 spanning? : True
Is IST_3 spanning? : True
Is IST_4 spanning? : True
Is IST_5 spanning? : True
Are all ISTs independent? : True

====TEST CR(799, 113, 226)====
Is IST_0 spanning? : True
Is IST_1 spanning? : True
Is IST_2 spanning? : True
Is IST_3 spanning? : True
Is IST_4 spanning? : True
Is IST_5 spanning? : True
Are all ISTs independent? : True

====TEST CR(800, 113, 226)====
Is IST_0 spanning? : True
Is IST_1 spanning? : True
Is IST_2 spanning? : True
Is IST_3 spanning? : True
Is IST_4 spanning? : True
Is IST_5 spanning? : True
Are all ISTs independent? : True

====TEST CR(801, 113, 226)====
Is IST_0 spanning? : True
Is IST_1 spanning? : True
Is IST_2 spanning? : True
Is IST_3 spanning? : True
Is IST_4 spanning? : True
Is IST_5 spanning? : True
Are all ISTs independent? : True

====TEST CR(802, 113, 226)====
Is IST_0 spanning? : True
Is IST_1 spanning? : True
Is IST_2 spanning? : True
Is IST_3 spanning? : True
Is IST_4 spanning? : True
Is IST_5 spanning? : True
Are all ISTs independent? : True

====TEST CR(803, 113, 226)====
Is IST_0 spanning? : True
Is IST_1 spanning? : True
Is IST_2 spanning? : True
Is IST_3 spanning? : True
Is IST_4 spanning? : True
Is IST_5 spanning? : True
Are all ISTs independent? : True

====TEST CR(804, 113, 226)====
Is IST_0 spanning? : True
Is IST_1 spanning? : True
Is IST_2 spanning? : True
Is IST_3 spanning? : True
Is IST_4 spanning? : True
Is IST_5 spanning? : True
Are all ISTs independent? : True

====TEST CR(805, 113, 226)====
Is IST_0 spanning? : True
Is IST_1 spanning? : True
Is IST_2 spanning? : True
Is IST_3 spanning? : True
Is IST_4 spanning? : True
Is IST_5 spanning? : True
Are all ISTs independent? : True

====TEST CR(806, 113, 226)====
Is IST_0 spanning? : True
Is IST_1 spanning? : True
Is IST_2 spanning? : True
Is IST_3 spanning? : True
Is IST_4 spanning? : True
Is IST_5 spanning? : True
Are all ISTs independent? : True

====TEST CR(684, 114, 228)====
Is IST_0 spanning? : True
Is IST_1 spanning? : True
Is IST_2 spanning? : True
Is IST_3 spanning? : True
Is IST_4 spanning? : True
Is IST_5 spanning? : True
Are all ISTs independent? : True

====TEST CR(685, 114, 228)====
Is IST_0 spanning? : True
Is IST_1 spanning? : True
Is IST_2 spanning? : True
Is IST_3 spanning? : True
Is IST_4 spanning? : True
Is IST_5 spanning? : True
Are all ISTs independent? : True

====TEST CR(686, 114, 228)====
Is IST_0 spanning? : True
Is IST_1 spanning? : True
Is IST_2 spanning? : True
Is IST_3 spanning? : True
Is IST_4 spanning? : True
Is IST_5 spanning? : True
Are all ISTs independent? : True

====TEST CR(687, 114, 228)====
Is IST_0 spanning? : True
Is IST_1 spanning? : True
Is IST_2 spanning? : True
Is IST_3 spanning? : True
Is IST_4 spanning? : True
Is IST_5 spanning? : True
Are all ISTs independent? : True

====TEST CR(688, 114, 228)====
Is IST_0 spanning? : True
Is IST_1 spanning? : True
Is IST_2 spanning? : True
Is IST_3 spanning? : True
Is IST_4 spanning? : True
Is IST_5 spanning? : True
Are all ISTs independent? : True

====TEST CR(689, 114, 228)====
Is IST_0 spanning? : True
Is IST_1 spanning? : True
Is IST_2 spanning? : True
Is IST_3 spanning? : True
Is IST_4 spanning? : True
Is IST_5 spanning? : True
Are all ISTs independent? : True

====TEST CR(690, 114, 228)====
Is IST_0 spanning? : True
Is IST_1 spanning? : True
Is IST_2 spanning? : True
Is IST_3 spanning? : True
Is IST_4 spanning? : True
Is IST_5 spanning? : True
Are all ISTs independent? : True

====TEST CR(691, 114, 228)====
Is IST_0 spanning? : True
Is IST_1 spanning? : True
Is IST_2 spanning? : True
Is IST_3 spanning? : True
Is IST_4 spanning? : True
Is IST_5 spanning? : True
Are all ISTs independent? : True

====TEST CR(692, 114, 228)====
Is IST_0 spanning? : True
Is IST_1 spanning? : True
Is IST_2 spanning? : True
Is IST_3 spanning? : True
Is IST_4 spanning? : True
Is IST_5 spanning? : True
Are all ISTs independent? : True

====TEST CR(693, 114, 228)====
Is IST_0 spanning? : True
Is IST_1 spanning? : True
Is IST_2 spanning? : True
Is IST_3 spanning? : True
Is IST_4 spanning? : True
Is IST_5 spanning? : True
Are all ISTs independent? : True

====TEST CR(694, 114, 228)====
Is IST_0 spanning? : True
Is IST_1 spanning? : True
Is IST_2 spanning? : True
Is IST_3 spanning? : True
Is IST_4 spanning? : True
Is IST_5 spanning? : True
Are all ISTs independent? : True

====TEST CR(695, 114, 228)====
Is IST_0 spanning? : True
Is IST_1 spanning? : True
Is IST_2 spanning? : True
Is IST_3 spanning? : True
Is IST_4 spanning? : True
Is IST_5 spanning? : True
Are all ISTs independent? : True

====TEST CR(696, 114, 228)====
Is IST_0 spanning? : True
Is IST_1 spanning? : True
Is IST_2 spanning? : True
Is IST_3 spanning? : True
Is IST_4 spanning? : True
Is IST_5 spanning? : True
Are all ISTs independent? : True

====TEST CR(697, 114, 228)====
Is IST_0 spanning? : True
Is IST_1 spanning? : True
Is IST_2 spanning? : True
Is IST_3 spanning? : True
Is IST_4 spanning? : True
Is IST_5 spanning? : True
Are all ISTs independent? : True

====TEST CR(698, 114, 228)====
Is IST_0 spanning? : True
Is IST_1 spanning? : True
Is IST_2 spanning? : True
Is IST_3 spanning? : True
Is IST_4 spanning? : True
Is IST_5 spanning? : True
Are all ISTs independent? : True

====TEST CR(699, 114, 228)====
Is IST_0 spanning? : True
Is IST_1 spanning? : True
Is IST_2 spanning? : True
Is IST_3 spanning? : True
Is IST_4 spanning? : True
Is IST_5 spanning? : True
Are all ISTs independent? : True

====TEST CR(700, 114, 228)====
Is IST_0 spanning? : True
Is IST_1 spanning? : True
Is IST_2 spanning? : True
Is IST_3 spanning? : True
Is IST_4 spanning? : True
Is IST_5 spanning? : True
Are all ISTs independent? : True

====TEST CR(701, 114, 228)====
Is IST_0 spanning? : True
Is IST_1 spanning? : True
Is IST_2 spanning? : True
Is IST_3 spanning? : True
Is IST_4 spanning? : True
Is IST_5 spanning? : True
Are all ISTs independent? : True

====TEST CR(702, 114, 228)====
Is IST_0 spanning? : True
Is IST_1 spanning? : True
Is IST_2 spanning? : True
Is IST_3 spanning? : True
Is IST_4 spanning? : True
Is IST_5 spanning? : True
Are all ISTs independent? : True

====TEST CR(703, 114, 228)====
Is IST_0 spanning? : True
Is IST_1 spanning? : True
Is IST_2 spanning? : True
Is IST_3 spanning? : True
Is IST_4 spanning? : True
Is IST_5 spanning? : True
Are all ISTs independent? : True

====TEST CR(704, 114, 228)====
Is IST_0 spanning? : True
Is IST_1 spanning? : True
Is IST_2 spanning? : True
Is IST_3 spanning? : True
Is IST_4 spanning? : True
Is IST_5 spanning? : True
Are all ISTs independent? : True

====TEST CR(705, 114, 228)====
Is IST_0 spanning? : True
Is IST_1 spanning? : True
Is IST_2 spanning? : True
Is IST_3 spanning? : True
Is IST_4 spanning? : True
Is IST_5 spanning? : True
Are all ISTs independent? : True

====TEST CR(706, 114, 228)====
Is IST_0 spanning? : True
Is IST_1 spanning? : True
Is IST_2 spanning? : True
Is IST_3 spanning? : True
Is IST_4 spanning? : True
Is IST_5 spanning? : True
Are all ISTs independent? : True

====TEST CR(707, 114, 228)====
Is IST_0 spanning? : True
Is IST_1 spanning? : True
Is IST_2 spanning? : True
Is IST_3 spanning? : True
Is IST_4 spanning? : True
Is IST_5 spanning? : True
Are all ISTs independent? : True

====TEST CR(708, 114, 228)====
Is IST_0 spanning? : True
Is IST_1 spanning? : True
Is IST_2 spanning? : True
Is IST_3 spanning? : True
Is IST_4 spanning? : True
Is IST_5 spanning? : True
Are all ISTs independent? : True

====TEST CR(709, 114, 228)====
Is IST_0 spanning? : True
Is IST_1 spanning? : True
Is IST_2 spanning? : True
Is IST_3 spanning? : True
Is IST_4 spanning? : True
Is IST_5 spanning? : True
Are all ISTs independent? : True

====TEST CR(710, 114, 228)====
Is IST_0 spanning? : True
Is IST_1 spanning? : True
Is IST_2 spanning? : True
Is IST_3 spanning? : True
Is IST_4 spanning? : True
Is IST_5 spanning? : True
Are all ISTs independent? : True

====TEST CR(711, 114, 228)====
Is IST_0 spanning? : True
Is IST_1 spanning? : True
Is IST_2 spanning? : True
Is IST_3 spanning? : True
Is IST_4 spanning? : True
Is IST_5 spanning? : True
Are all ISTs independent? : True

====TEST CR(712, 114, 228)====
Is IST_0 spanning? : True
Is IST_1 spanning? : True
Is IST_2 spanning? : True
Is IST_3 spanning? : True
Is IST_4 spanning? : True
Is IST_5 spanning? : True
Are all ISTs independent? : True

====TEST CR(713, 114, 228)====
Is IST_0 spanning? : True
Is IST_1 spanning? : True
Is IST_2 spanning? : True
Is IST_3 spanning? : True
Is IST_4 spanning? : True
Is IST_5 spanning? : True
Are all ISTs independent? : True

====TEST CR(714, 114, 228)====
Is IST_0 spanning? : True
Is IST_1 spanning? : True
Is IST_2 spanning? : True
Is IST_3 spanning? : True
Is IST_4 spanning? : True
Is IST_5 spanning? : True
Are all ISTs independent? : True

====TEST CR(715, 114, 228)====
Is IST_0 spanning? : True
Is IST_1 spanning? : True
Is IST_2 spanning? : True
Is IST_3 spanning? : True
Is IST_4 spanning? : True
Is IST_5 spanning? : True
Are all ISTs independent? : True

====TEST CR(716, 114, 228)====
Is IST_0 spanning? : True
Is IST_1 spanning? : True
Is IST_2 spanning? : True
Is IST_3 spanning? : True
Is IST_4 spanning? : True
Is IST_5 spanning? : True
Are all ISTs independent? : True

====TEST CR(717, 114, 228)====
Is IST_0 spanning? : True
Is IST_1 spanning? : True
Is IST_2 spanning? : True
Is IST_3 spanning? : True
Is IST_4 spanning? : True
Is IST_5 spanning? : True
Are all ISTs independent? : True

====TEST CR(718, 114, 228)====
Is IST_0 spanning? : True
Is IST_1 spanning? : True
Is IST_2 spanning? : True
Is IST_3 spanning? : True
Is IST_4 spanning? : True
Is IST_5 spanning? : True
Are all ISTs independent? : True

====TEST CR(719, 114, 228)====
Is IST_0 spanning? : True
Is IST_1 spanning? : True
Is IST_2 spanning? : True
Is IST_3 spanning? : True
Is IST_4 spanning? : True
Is IST_5 spanning? : True
Are all ISTs independent? : True

====TEST CR(720, 114, 228)====
Is IST_0 spanning? : True
Is IST_1 spanning? : True
Is IST_2 spanning? : True
Is IST_3 spanning? : True
Is IST_4 spanning? : True
Is IST_5 spanning? : True
Are all ISTs independent? : True

====TEST CR(721, 114, 228)====
Is IST_0 spanning? : True
Is IST_1 spanning? : True
Is IST_2 spanning? : True
Is IST_3 spanning? : True
Is IST_4 spanning? : True
Is IST_5 spanning? : True
Are all ISTs independent? : True

====TEST CR(722, 114, 228)====
Is IST_0 spanning? : True
Is IST_1 spanning? : True
Is IST_2 spanning? : True
Is IST_3 spanning? : True
Is IST_4 spanning? : True
Is IST_5 spanning? : True
Are all ISTs independent? : True

====TEST CR(723, 114, 228)====
Is IST_0 spanning? : True
Is IST_1 spanning? : True
Is IST_2 spanning? : True
Is IST_3 spanning? : True
Is IST_4 spanning? : True
Is IST_5 spanning? : True
Are all ISTs independent? : True

====TEST CR(724, 114, 228)====
Is IST_0 spanning? : True
Is IST_1 spanning? : True
Is IST_2 spanning? : True
Is IST_3 spanning? : True
Is IST_4 spanning? : True
Is IST_5 spanning? : True
Are all ISTs independent? : True

====TEST CR(725, 114, 228)====
Is IST_0 spanning? : True
Is IST_1 spanning? : True
Is IST_2 spanning? : True
Is IST_3 spanning? : True
Is IST_4 spanning? : True
Is IST_5 spanning? : True
Are all ISTs independent? : True

====TEST CR(726, 114, 228)====
Is IST_0 spanning? : True
Is IST_1 spanning? : True
Is IST_2 spanning? : True
Is IST_3 spanning? : True
Is IST_4 spanning? : True
Is IST_5 spanning? : True
Are all ISTs independent? : True

====TEST CR(727, 114, 228)====
Is IST_0 spanning? : True
Is IST_1 spanning? : True
Is IST_2 spanning? : True
Is IST_3 spanning? : True
Is IST_4 spanning? : True
Is IST_5 spanning? : True
Are all ISTs independent? : True

====TEST CR(728, 114, 228)====
Is IST_0 spanning? : True
Is IST_1 spanning? : True
Is IST_2 spanning? : True
Is IST_3 spanning? : True
Is IST_4 spanning? : True
Is IST_5 spanning? : True
Are all ISTs independent? : True

====TEST CR(729, 114, 228)====
Is IST_0 spanning? : True
Is IST_1 spanning? : True
Is IST_2 spanning? : True
Is IST_3 spanning? : True
Is IST_4 spanning? : True
Is IST_5 spanning? : True
Are all ISTs independent? : True

====TEST CR(730, 114, 228)====
Is IST_0 spanning? : True
Is IST_1 spanning? : True
Is IST_2 spanning? : True
Is IST_3 spanning? : True
Is IST_4 spanning? : True
Is IST_5 spanning? : True
Are all ISTs independent? : True

====TEST CR(731, 114, 228)====
Is IST_0 spanning? : True
Is IST_1 spanning? : True
Is IST_2 spanning? : True
Is IST_3 spanning? : True
Is IST_4 spanning? : True
Is IST_5 spanning? : True
Are all ISTs independent? : True

====TEST CR(732, 114, 228)====
Is IST_0 spanning? : True
Is IST_1 spanning? : True
Is IST_2 spanning? : True
Is IST_3 spanning? : True
Is IST_4 spanning? : True
Is IST_5 spanning? : True
Are all ISTs independent? : True

====TEST CR(733, 114, 228)====
Is IST_0 spanning? : True
Is IST_1 spanning? : True
Is IST_2 spanning? : True
Is IST_3 spanning? : True
Is IST_4 spanning? : True
Is IST_5 spanning? : True
Are all ISTs independent? : True

====TEST CR(734, 114, 228)====
Is IST_0 spanning? : True
Is IST_1 spanning? : True
Is IST_2 spanning? : True
Is IST_3 spanning? : True
Is IST_4 spanning? : True
Is IST_5 spanning? : True
Are all ISTs independent? : True

====TEST CR(735, 114, 228)====
Is IST_0 spanning? : True
Is IST_1 spanning? : True
Is IST_2 spanning? : True
Is IST_3 spanning? : True
Is IST_4 spanning? : True
Is IST_5 spanning? : True
Are all ISTs independent? : True

====TEST CR(736, 114, 228)====
Is IST_0 spanning? : True
Is IST_1 spanning? : True
Is IST_2 spanning? : True
Is IST_3 spanning? : True
Is IST_4 spanning? : True
Is IST_5 spanning? : True
Are all ISTs independent? : True

====TEST CR(737, 114, 228)====
Is IST_0 spanning? : True
Is IST_1 spanning? : True
Is IST_2 spanning? : True
Is IST_3 spanning? : True
Is IST_4 spanning? : True
Is IST_5 spanning? : True
Are all ISTs independent? : True

====TEST CR(738, 114, 228)====
Is IST_0 spanning? : True
Is IST_1 spanning? : True
Is IST_2 spanning? : True
Is IST_3 spanning? : True
Is IST_4 spanning? : True
Is IST_5 spanning? : True
Are all ISTs independent? : True

====TEST CR(739, 114, 228)====
Is IST_0 spanning? : True
Is IST_1 spanning? : True
Is IST_2 spanning? : True
Is IST_3 spanning? : True
Is IST_4 spanning? : True
Is IST_5 spanning? : True
Are all ISTs independent? : True

====TEST CR(740, 114, 228)====
Is IST_0 spanning? : True
Is IST_1 spanning? : True
Is IST_2 spanning? : True
Is IST_3 spanning? : True
Is IST_4 spanning? : True
Is IST_5 spanning? : True
Are all ISTs independent? : True

====TEST CR(741, 114, 228)====
Is IST_0 spanning? : True
Is IST_1 spanning? : True
Is IST_2 spanning? : True
Is IST_3 spanning? : True
Is IST_4 spanning? : True
Is IST_5 spanning? : True
Are all ISTs independent? : True

====TEST CR(742, 114, 228)====
Is IST_0 spanning? : True
Is IST_1 spanning? : True
Is IST_2 spanning? : True
Is IST_3 spanning? : True
Is IST_4 spanning? : True
Is IST_5 spanning? : True
Are all ISTs independent? : True

====TEST CR(743, 114, 228)====
Is IST_0 spanning? : True
Is IST_1 spanning? : True
Is IST_2 spanning? : True
Is IST_3 spanning? : True
Is IST_4 spanning? : True
Is IST_5 spanning? : True
Are all ISTs independent? : True

====TEST CR(744, 114, 228)====
Is IST_0 spanning? : True
Is IST_1 spanning? : True
Is IST_2 spanning? : True
Is IST_3 spanning? : True
Is IST_4 spanning? : True
Is IST_5 spanning? : True
Are all ISTs independent? : True

====TEST CR(745, 114, 228)====
Is IST_0 spanning? : True
Is IST_1 spanning? : True
Is IST_2 spanning? : True
Is IST_3 spanning? : True
Is IST_4 spanning? : True
Is IST_5 spanning? : True
Are all ISTs independent? : True

====TEST CR(746, 114, 228)====
Is IST_0 spanning? : True
Is IST_1 spanning? : True
Is IST_2 spanning? : True
Is IST_3 spanning? : True
Is IST_4 spanning? : True
Is IST_5 spanning? : True
Are all ISTs independent? : True

====TEST CR(747, 114, 228)====
Is IST_0 spanning? : True
Is IST_1 spanning? : True
Is IST_2 spanning? : True
Is IST_3 spanning? : True
Is IST_4 spanning? : True
Is IST_5 spanning? : True
Are all ISTs independent? : True

====TEST CR(748, 114, 228)====
Is IST_0 spanning? : True
Is IST_1 spanning? : True
Is IST_2 spanning? : True
Is IST_3 spanning? : True
Is IST_4 spanning? : True
Is IST_5 spanning? : True
Are all ISTs independent? : True

====TEST CR(749, 114, 228)====
Is IST_0 spanning? : True
Is IST_1 spanning? : True
Is IST_2 spanning? : True
Is IST_3 spanning? : True
Is IST_4 spanning? : True
Is IST_5 spanning? : True
Are all ISTs independent? : True

====TEST CR(750, 114, 228)====
Is IST_0 spanning? : True
Is IST_1 spanning? : True
Is IST_2 spanning? : True
Is IST_3 spanning? : True
Is IST_4 spanning? : True
Is IST_5 spanning? : True
Are all ISTs independent? : True

====TEST CR(751, 114, 228)====
Is IST_0 spanning? : True
Is IST_1 spanning? : True
Is IST_2 spanning? : True
Is IST_3 spanning? : True
Is IST_4 spanning? : True
Is IST_5 spanning? : True
Are all ISTs independent? : True

====TEST CR(752, 114, 228)====
Is IST_0 spanning? : True
Is IST_1 spanning? : True
Is IST_2 spanning? : True
Is IST_3 spanning? : True
Is IST_4 spanning? : True
Is IST_5 spanning? : True
Are all ISTs independent? : True

====TEST CR(753, 114, 228)====
Is IST_0 spanning? : True
Is IST_1 spanning? : True
Is IST_2 spanning? : True
Is IST_3 spanning? : True
Is IST_4 spanning? : True
Is IST_5 spanning? : True
Are all ISTs independent? : True

====TEST CR(754, 114, 228)====
Is IST_0 spanning? : True
Is IST_1 spanning? : True
Is IST_2 spanning? : True
Is IST_3 spanning? : True
Is IST_4 spanning? : True
Is IST_5 spanning? : True
Are all ISTs independent? : True

====TEST CR(755, 114, 228)====
Is IST_0 spanning? : True
Is IST_1 spanning? : True
Is IST_2 spanning? : True
Is IST_3 spanning? : True
Is IST_4 spanning? : True
Is IST_5 spanning? : True
Are all ISTs independent? : True

====TEST CR(756, 114, 228)====
Is IST_0 spanning? : True
Is IST_1 spanning? : True
Is IST_2 spanning? : True
Is IST_3 spanning? : True
Is IST_4 spanning? : True
Is IST_5 spanning? : True
Are all ISTs independent? : True

====TEST CR(757, 114, 228)====
Is IST_0 spanning? : True
Is IST_1 spanning? : True
Is IST_2 spanning? : True
Is IST_3 spanning? : True
Is IST_4 spanning? : True
Is IST_5 spanning? : True
Are all ISTs independent? : True

====TEST CR(758, 114, 228)====
Is IST_0 spanning? : True
Is IST_1 spanning? : True
Is IST_2 spanning? : True
Is IST_3 spanning? : True
Is IST_4 spanning? : True
Is IST_5 spanning? : True
Are all ISTs independent? : True

====TEST CR(759, 114, 228)====
Is IST_0 spanning? : True
Is IST_1 spanning? : True
Is IST_2 spanning? : True
Is IST_3 spanning? : True
Is IST_4 spanning? : True
Is IST_5 spanning? : True
Are all ISTs independent? : True

====TEST CR(760, 114, 228)====
Is IST_0 spanning? : True
Is IST_1 spanning? : True
Is IST_2 spanning? : True
Is IST_3 spanning? : True
Is IST_4 spanning? : True
Is IST_5 spanning? : True
Are all ISTs independent? : True

====TEST CR(761, 114, 228)====
Is IST_0 spanning? : True
Is IST_1 spanning? : True
Is IST_2 spanning? : True
Is IST_3 spanning? : True
Is IST_4 spanning? : True
Is IST_5 spanning? : True
Are all ISTs independent? : True

====TEST CR(762, 114, 228)====
Is IST_0 spanning? : True
Is IST_1 spanning? : True
Is IST_2 spanning? : True
Is IST_3 spanning? : True
Is IST_4 spanning? : True
Is IST_5 spanning? : True
Are all ISTs independent? : True

====TEST CR(763, 114, 228)====
Is IST_0 spanning? : True
Is IST_1 spanning? : True
Is IST_2 spanning? : True
Is IST_3 spanning? : True
Is IST_4 spanning? : True
Is IST_5 spanning? : True
Are all ISTs independent? : True

====TEST CR(764, 114, 228)====
Is IST_0 spanning? : True
Is IST_1 spanning? : True
Is IST_2 spanning? : True
Is IST_3 spanning? : True
Is IST_4 spanning? : True
Is IST_5 spanning? : True
Are all ISTs independent? : True

====TEST CR(765, 114, 228)====
Is IST_0 spanning? : True
Is IST_1 spanning? : True
Is IST_2 spanning? : True
Is IST_3 spanning? : True
Is IST_4 spanning? : True
Is IST_5 spanning? : True
Are all ISTs independent? : True

====TEST CR(766, 114, 228)====
Is IST_0 spanning? : True
Is IST_1 spanning? : True
Is IST_2 spanning? : True
Is IST_3 spanning? : True
Is IST_4 spanning? : True
Is IST_5 spanning? : True
Are all ISTs independent? : True

====TEST CR(767, 114, 228)====
Is IST_0 spanning? : True
Is IST_1 spanning? : True
Is IST_2 spanning? : True
Is IST_3 spanning? : True
Is IST_4 spanning? : True
Is IST_5 spanning? : True
Are all ISTs independent? : True

====TEST CR(768, 114, 228)====
Is IST_0 spanning? : True
Is IST_1 spanning? : True
Is IST_2 spanning? : True
Is IST_3 spanning? : True
Is IST_4 spanning? : True
Is IST_5 spanning? : True
Are all ISTs independent? : True

====TEST CR(769, 114, 228)====
Is IST_0 spanning? : True
Is IST_1 spanning? : True
Is IST_2 spanning? : True
Is IST_3 spanning? : True
Is IST_4 spanning? : True
Is IST_5 spanning? : True
Are all ISTs independent? : True

====TEST CR(770, 114, 228)====
Is IST_0 spanning? : True
Is IST_1 spanning? : True
Is IST_2 spanning? : True
Is IST_3 spanning? : True
Is IST_4 spanning? : True
Is IST_5 spanning? : True
Are all ISTs independent? : True

====TEST CR(771, 114, 228)====
Is IST_0 spanning? : True
Is IST_1 spanning? : True
Is IST_2 spanning? : True
Is IST_3 spanning? : True
Is IST_4 spanning? : True
Is IST_5 spanning? : True
Are all ISTs independent? : True

====TEST CR(772, 114, 228)====
Is IST_0 spanning? : True
Is IST_1 spanning? : True
Is IST_2 spanning? : True
Is IST_3 spanning? : True
Is IST_4 spanning? : True
Is IST_5 spanning? : True
Are all ISTs independent? : True

====TEST CR(773, 114, 228)====
Is IST_0 spanning? : True
Is IST_1 spanning? : True
Is IST_2 spanning? : True
Is IST_3 spanning? : True
Is IST_4 spanning? : True
Is IST_5 spanning? : True
Are all ISTs independent? : True

====TEST CR(774, 114, 228)====
Is IST_0 spanning? : True
Is IST_1 spanning? : True
Is IST_2 spanning? : True
Is IST_3 spanning? : True
Is IST_4 spanning? : True
Is IST_5 spanning? : True
Are all ISTs independent? : True

====TEST CR(775, 114, 228)====
Is IST_0 spanning? : True
Is IST_1 spanning? : True
Is IST_2 spanning? : True
Is IST_3 spanning? : True
Is IST_4 spanning? : True
Is IST_5 spanning? : True
Are all ISTs independent? : True

====TEST CR(776, 114, 228)====
Is IST_0 spanning? : True
Is IST_1 spanning? : True
Is IST_2 spanning? : True
Is IST_3 spanning? : True
Is IST_4 spanning? : True
Is IST_5 spanning? : True
Are all ISTs independent? : True

====TEST CR(777, 114, 228)====
Is IST_0 spanning? : True
Is IST_1 spanning? : True
Is IST_2 spanning? : True
Is IST_3 spanning? : True
Is IST_4 spanning? : True
Is IST_5 spanning? : True
Are all ISTs independent? : True

====TEST CR(778, 114, 228)====
Is IST_0 spanning? : True
Is IST_1 spanning? : True
Is IST_2 spanning? : True
Is IST_3 spanning? : True
Is IST_4 spanning? : True
Is IST_5 spanning? : True
Are all ISTs independent? : True

====TEST CR(779, 114, 228)====
Is IST_0 spanning? : True
Is IST_1 spanning? : True
Is IST_2 spanning? : True
Is IST_3 spanning? : True
Is IST_4 spanning? : True
Is IST_5 spanning? : True
Are all ISTs independent? : True

====TEST CR(780, 114, 228)====
Is IST_0 spanning? : True
Is IST_1 spanning? : True
Is IST_2 spanning? : True
Is IST_3 spanning? : True
Is IST_4 spanning? : True
Is IST_5 spanning? : True
Are all ISTs independent? : True

====TEST CR(781, 114, 228)====
Is IST_0 spanning? : True
Is IST_1 spanning? : True
Is IST_2 spanning? : True
Is IST_3 spanning? : True
Is IST_4 spanning? : True
Is IST_5 spanning? : True
Are all ISTs independent? : True

====TEST CR(782, 114, 228)====
Is IST_0 spanning? : True
Is IST_1 spanning? : True
Is IST_2 spanning? : True
Is IST_3 spanning? : True
Is IST_4 spanning? : True
Is IST_5 spanning? : True
Are all ISTs independent? : True

====TEST CR(783, 114, 228)====
Is IST_0 spanning? : True
Is IST_1 spanning? : True
Is IST_2 spanning? : True
Is IST_3 spanning? : True
Is IST_4 spanning? : True
Is IST_5 spanning? : True
Are all ISTs independent? : True

====TEST CR(784, 114, 228)====
Is IST_0 spanning? : True
Is IST_1 spanning? : True
Is IST_2 spanning? : True
Is IST_3 spanning? : True
Is IST_4 spanning? : True
Is IST_5 spanning? : True
Are all ISTs independent? : True

====TEST CR(785, 114, 228)====
Is IST_0 spanning? : True
Is IST_1 spanning? : True
Is IST_2 spanning? : True
Is IST_3 spanning? : True
Is IST_4 spanning? : True
Is IST_5 spanning? : True
Are all ISTs independent? : True

====TEST CR(786, 114, 228)====
Is IST_0 spanning? : True
Is IST_1 spanning? : True
Is IST_2 spanning? : True
Is IST_3 spanning? : True
Is IST_4 spanning? : True
Is IST_5 spanning? : True
Are all ISTs independent? : True

====TEST CR(787, 114, 228)====
Is IST_0 spanning? : True
Is IST_1 spanning? : True
Is IST_2 spanning? : True
Is IST_3 spanning? : True
Is IST_4 spanning? : True
Is IST_5 spanning? : True
Are all ISTs independent? : True

====TEST CR(788, 114, 228)====
Is IST_0 spanning? : True
Is IST_1 spanning? : True
Is IST_2 spanning? : True
Is IST_3 spanning? : True
Is IST_4 spanning? : True
Is IST_5 spanning? : True
Are all ISTs independent? : True

====TEST CR(789, 114, 228)====
Is IST_0 spanning? : True
Is IST_1 spanning? : True
Is IST_2 spanning? : True
Is IST_3 spanning? : True
Is IST_4 spanning? : True
Is IST_5 spanning? : True
Are all ISTs independent? : True

====TEST CR(790, 114, 228)====
Is IST_0 spanning? : True
Is IST_1 spanning? : True
Is IST_2 spanning? : True
Is IST_3 spanning? : True
Is IST_4 spanning? : True
Is IST_5 spanning? : True
Are all ISTs independent? : True

====TEST CR(791, 114, 228)====
Is IST_0 spanning? : True
Is IST_1 spanning? : True
Is IST_2 spanning? : True
Is IST_3 spanning? : True
Is IST_4 spanning? : True
Is IST_5 spanning? : True
Are all ISTs independent? : True

====TEST CR(792, 114, 228)====
Is IST_0 spanning? : True
Is IST_1 spanning? : True
Is IST_2 spanning? : True
Is IST_3 spanning? : True
Is IST_4 spanning? : True
Is IST_5 spanning? : True
Are all ISTs independent? : True

====TEST CR(793, 114, 228)====
Is IST_0 spanning? : True
Is IST_1 spanning? : True
Is IST_2 spanning? : True
Is IST_3 spanning? : True
Is IST_4 spanning? : True
Is IST_5 spanning? : True
Are all ISTs independent? : True

====TEST CR(794, 114, 228)====
Is IST_0 spanning? : True
Is IST_1 spanning? : True
Is IST_2 spanning? : True
Is IST_3 spanning? : True
Is IST_4 spanning? : True
Is IST_5 spanning? : True
Are all ISTs independent? : True

====TEST CR(795, 114, 228)====
Is IST_0 spanning? : True
Is IST_1 spanning? : True
Is IST_2 spanning? : True
Is IST_3 spanning? : True
Is IST_4 spanning? : True
Is IST_5 spanning? : True
Are all ISTs independent? : True

====TEST CR(796, 114, 228)====
Is IST_0 spanning? : True
Is IST_1 spanning? : True
Is IST_2 spanning? : True
Is IST_3 spanning? : True
Is IST_4 spanning? : True
Is IST_5 spanning? : True
Are all ISTs independent? : True

====TEST CR(797, 114, 228)====
Is IST_0 spanning? : True
Is IST_1 spanning? : True
Is IST_2 spanning? : True
Is IST_3 spanning? : True
Is IST_4 spanning? : True
Is IST_5 spanning? : True
Are all ISTs independent? : True

====TEST CR(798, 114, 228)====
Is IST_0 spanning? : True
Is IST_1 spanning? : True
Is IST_2 spanning? : True
Is IST_3 spanning? : True
Is IST_4 spanning? : True
Is IST_5 spanning? : True
Are all ISTs independent? : True

====TEST CR(799, 114, 228)====
Is IST_0 spanning? : True
Is IST_1 spanning? : True
Is IST_2 spanning? : True
Is IST_3 spanning? : True
Is IST_4 spanning? : True
Is IST_5 spanning? : True
Are all ISTs independent? : True

====TEST CR(800, 114, 228)====
Is IST_0 spanning? : True
Is IST_1 spanning? : True
Is IST_2 spanning? : True
Is IST_3 spanning? : True
Is IST_4 spanning? : True
Is IST_5 spanning? : True
Are all ISTs independent? : True

====TEST CR(801, 114, 228)====
Is IST_0 spanning? : True
Is IST_1 spanning? : True
Is IST_2 spanning? : True
Is IST_3 spanning? : True
Is IST_4 spanning? : True
Is IST_5 spanning? : True
Are all ISTs independent? : True

====TEST CR(802, 114, 228)====
Is IST_0 spanning? : True
Is IST_1 spanning? : True
Is IST_2 spanning? : True
Is IST_3 spanning? : True
Is IST_4 spanning? : True
Is IST_5 spanning? : True
Are all ISTs independent? : True

====TEST CR(803, 114, 228)====
Is IST_0 spanning? : True
Is IST_1 spanning? : True
Is IST_2 spanning? : True
Is IST_3 spanning? : True
Is IST_4 spanning? : True
Is IST_5 spanning? : True
Are all ISTs independent? : True

====TEST CR(804, 114, 228)====
Is IST_0 spanning? : True
Is IST_1 spanning? : True
Is IST_2 spanning? : True
Is IST_3 spanning? : True
Is IST_4 spanning? : True
Is IST_5 spanning? : True
Are all ISTs independent? : True

====TEST CR(805, 114, 228)====
Is IST_0 spanning? : True
Is IST_1 spanning? : True
Is IST_2 spanning? : True
Is IST_3 spanning? : True
Is IST_4 spanning? : True
Is IST_5 spanning? : True
Are all ISTs independent? : True

====TEST CR(806, 114, 228)====
Is IST_0 spanning? : True
Is IST_1 spanning? : True
Is IST_2 spanning? : True
Is IST_3 spanning? : True
Is IST_4 spanning? : True
Is IST_5 spanning? : True
Are all ISTs independent? : True

====TEST CR(807, 114, 228)====
Is IST_0 spanning? : True
Is IST_1 spanning? : True
Is IST_2 spanning? : True
Is IST_3 spanning? : True
Is IST_4 spanning? : True
Is IST_5 spanning? : True
Are all ISTs independent? : True

====TEST CR(808, 114, 228)====
Is IST_0 spanning? : True
Is IST_1 spanning? : True
Is IST_2 spanning? : True
Is IST_3 spanning? : True
Is IST_4 spanning? : True
Is IST_5 spanning? : True
Are all ISTs independent? : True

====TEST CR(809, 114, 228)====
Is IST_0 spanning? : True
Is IST_1 spanning? : True
Is IST_2 spanning? : True
Is IST_3 spanning? : True
Is IST_4 spanning? : True
Is IST_5 spanning? : True
Are all ISTs independent? : True

====TEST CR(810, 114, 228)====
Is IST_0 spanning? : True
Is IST_1 spanning? : True
Is IST_2 spanning? : True
Is IST_3 spanning? : True
Is IST_4 spanning? : True
Is IST_5 spanning? : True
Are all ISTs independent? : True

====TEST CR(811, 114, 228)====
Is IST_0 spanning? : True
Is IST_1 spanning? : True
Is IST_2 spanning? : True
Is IST_3 spanning? : True
Is IST_4 spanning? : True
Is IST_5 spanning? : True
Are all ISTs independent? : True

====TEST CR(812, 114, 228)====
Is IST_0 spanning? : True
Is IST_1 spanning? : True
Is IST_2 spanning? : True
Is IST_3 spanning? : True
Is IST_4 spanning? : True
Is IST_5 spanning? : True
Are all ISTs independent? : True

====TEST CR(690, 115, 230)====
Is IST_0 spanning? : True
Is IST_1 spanning? : True
Is IST_2 spanning? : True
Is IST_3 spanning? : True
Is IST_4 spanning? : True
Is IST_5 spanning? : True
Are all ISTs independent? : True

====TEST CR(691, 115, 230)====
Is IST_0 spanning? : True
Is IST_1 spanning? : True
Is IST_2 spanning? : True
Is IST_3 spanning? : True
Is IST_4 spanning? : True
Is IST_5 spanning? : True
Are all ISTs independent? : True

====TEST CR(692, 115, 230)====
Is IST_0 spanning? : True
Is IST_1 spanning? : True
Is IST_2 spanning? : True
Is IST_3 spanning? : True
Is IST_4 spanning? : True
Is IST_5 spanning? : True
Are all ISTs independent? : True

====TEST CR(693, 115, 230)====
Is IST_0 spanning? : True
Is IST_1 spanning? : True
Is IST_2 spanning? : True
Is IST_3 spanning? : True
Is IST_4 spanning? : True
Is IST_5 spanning? : True
Are all ISTs independent? : True

====TEST CR(694, 115, 230)====
Is IST_0 spanning? : True
Is IST_1 spanning? : True
Is IST_2 spanning? : True
Is IST_3 spanning? : True
Is IST_4 spanning? : True
Is IST_5 spanning? : True
Are all ISTs independent? : True

====TEST CR(695, 115, 230)====
Is IST_0 spanning? : True
Is IST_1 spanning? : True
Is IST_2 spanning? : True
Is IST_3 spanning? : True
Is IST_4 spanning? : True
Is IST_5 spanning? : True
Are all ISTs independent? : True

====TEST CR(696, 115, 230)====
Is IST_0 spanning? : True
Is IST_1 spanning? : True
Is IST_2 spanning? : True
Is IST_3 spanning? : True
Is IST_4 spanning? : True
Is IST_5 spanning? : True
Are all ISTs independent? : True

====TEST CR(697, 115, 230)====
Is IST_0 spanning? : True
Is IST_1 spanning? : True
Is IST_2 spanning? : True
Is IST_3 spanning? : True
Is IST_4 spanning? : True
Is IST_5 spanning? : True
Are all ISTs independent? : True

====TEST CR(698, 115, 230)====
Is IST_0 spanning? : True
Is IST_1 spanning? : True
Is IST_2 spanning? : True
Is IST_3 spanning? : True
Is IST_4 spanning? : True
Is IST_5 spanning? : True
Are all ISTs independent? : True

====TEST CR(699, 115, 230)====
Is IST_0 spanning? : True
Is IST_1 spanning? : True
Is IST_2 spanning? : True
Is IST_3 spanning? : True
Is IST_4 spanning? : True
Is IST_5 spanning? : True
Are all ISTs independent? : True

====TEST CR(700, 115, 230)====
Is IST_0 spanning? : True
Is IST_1 spanning? : True
Is IST_2 spanning? : True
Is IST_3 spanning? : True
Is IST_4 spanning? : True
Is IST_5 spanning? : True
Are all ISTs independent? : True

====TEST CR(701, 115, 230)====
Is IST_0 spanning? : True
Is IST_1 spanning? : True
Is IST_2 spanning? : True
Is IST_3 spanning? : True
Is IST_4 spanning? : True
Is IST_5 spanning? : True
Are all ISTs independent? : True

====TEST CR(702, 115, 230)====
Is IST_0 spanning? : True
Is IST_1 spanning? : True
Is IST_2 spanning? : True
Is IST_3 spanning? : True
Is IST_4 spanning? : True
Is IST_5 spanning? : True
Are all ISTs independent? : True

====TEST CR(703, 115, 230)====
Is IST_0 spanning? : True
Is IST_1 spanning? : True
Is IST_2 spanning? : True
Is IST_3 spanning? : True
Is IST_4 spanning? : True
Is IST_5 spanning? : True
Are all ISTs independent? : True

====TEST CR(704, 115, 230)====
Is IST_0 spanning? : True
Is IST_1 spanning? : True
Is IST_2 spanning? : True
Is IST_3 spanning? : True
Is IST_4 spanning? : True
Is IST_5 spanning? : True
Are all ISTs independent? : True

====TEST CR(705, 115, 230)====
Is IST_0 spanning? : True
Is IST_1 spanning? : True
Is IST_2 spanning? : True
Is IST_3 spanning? : True
Is IST_4 spanning? : True
Is IST_5 spanning? : True
Are all ISTs independent? : True

====TEST CR(706, 115, 230)====
Is IST_0 spanning? : True
Is IST_1 spanning? : True
Is IST_2 spanning? : True
Is IST_3 spanning? : True
Is IST_4 spanning? : True
Is IST_5 spanning? : True
Are all ISTs independent? : True

====TEST CR(707, 115, 230)====
Is IST_0 spanning? : True
Is IST_1 spanning? : True
Is IST_2 spanning? : True
Is IST_3 spanning? : True
Is IST_4 spanning? : True
Is IST_5 spanning? : True
Are all ISTs independent? : True

====TEST CR(708, 115, 230)====
Is IST_0 spanning? : True
Is IST_1 spanning? : True
Is IST_2 spanning? : True
Is IST_3 spanning? : True
Is IST_4 spanning? : True
Is IST_5 spanning? : True
Are all ISTs independent? : True

====TEST CR(709, 115, 230)====
Is IST_0 spanning? : True
Is IST_1 spanning? : True
Is IST_2 spanning? : True
Is IST_3 spanning? : True
Is IST_4 spanning? : True
Is IST_5 spanning? : True
Are all ISTs independent? : True

====TEST CR(710, 115, 230)====
Is IST_0 spanning? : True
Is IST_1 spanning? : True
Is IST_2 spanning? : True
Is IST_3 spanning? : True
Is IST_4 spanning? : True
Is IST_5 spanning? : True
Are all ISTs independent? : True

====TEST CR(711, 115, 230)====
Is IST_0 spanning? : True
Is IST_1 spanning? : True
Is IST_2 spanning? : True
Is IST_3 spanning? : True
Is IST_4 spanning? : True
Is IST_5 spanning? : True
Are all ISTs independent? : True

====TEST CR(712, 115, 230)====
Is IST_0 spanning? : True
Is IST_1 spanning? : True
Is IST_2 spanning? : True
Is IST_3 spanning? : True
Is IST_4 spanning? : True
Is IST_5 spanning? : True
Are all ISTs independent? : True

====TEST CR(713, 115, 230)====
Is IST_0 spanning? : True
Is IST_1 spanning? : True
Is IST_2 spanning? : True
Is IST_3 spanning? : True
Is IST_4 spanning? : True
Is IST_5 spanning? : True
Are all ISTs independent? : True

====TEST CR(714, 115, 230)====
Is IST_0 spanning? : True
Is IST_1 spanning? : True
Is IST_2 spanning? : True
Is IST_3 spanning? : True
Is IST_4 spanning? : True
Is IST_5 spanning? : True
Are all ISTs independent? : True

====TEST CR(715, 115, 230)====
Is IST_0 spanning? : True
Is IST_1 spanning? : True
Is IST_2 spanning? : True
Is IST_3 spanning? : True
Is IST_4 spanning? : True
Is IST_5 spanning? : True
Are all ISTs independent? : True

====TEST CR(716, 115, 230)====
Is IST_0 spanning? : True
Is IST_1 spanning? : True
Is IST_2 spanning? : True
Is IST_3 spanning? : True
Is IST_4 spanning? : True
Is IST_5 spanning? : True
Are all ISTs independent? : True

====TEST CR(717, 115, 230)====
Is IST_0 spanning? : True
Is IST_1 spanning? : True
Is IST_2 spanning? : True
Is IST_3 spanning? : True
Is IST_4 spanning? : True
Is IST_5 spanning? : True
Are all ISTs independent? : True

====TEST CR(718, 115, 230)====
Is IST_0 spanning? : True
Is IST_1 spanning? : True
Is IST_2 spanning? : True
Is IST_3 spanning? : True
Is IST_4 spanning? : True
Is IST_5 spanning? : True
Are all ISTs independent? : True

====TEST CR(719, 115, 230)====
Is IST_0 spanning? : True
Is IST_1 spanning? : True
Is IST_2 spanning? : True
Is IST_3 spanning? : True
Is IST_4 spanning? : True
Is IST_5 spanning? : True
Are all ISTs independent? : True

====TEST CR(720, 115, 230)====
Is IST_0 spanning? : True
Is IST_1 spanning? : True
Is IST_2 spanning? : True
Is IST_3 spanning? : True
Is IST_4 spanning? : True
Is IST_5 spanning? : True
Are all ISTs independent? : True

====TEST CR(721, 115, 230)====
Is IST_0 spanning? : True
Is IST_1 spanning? : True
Is IST_2 spanning? : True
Is IST_3 spanning? : True
Is IST_4 spanning? : True
Is IST_5 spanning? : True
Are all ISTs independent? : True

====TEST CR(722, 115, 230)====
Is IST_0 spanning? : True
Is IST_1 spanning? : True
Is IST_2 spanning? : True
Is IST_3 spanning? : True
Is IST_4 spanning? : True
Is IST_5 spanning? : True
Are all ISTs independent? : True

====TEST CR(723, 115, 230)====
Is IST_0 spanning? : True
Is IST_1 spanning? : True
Is IST_2 spanning? : True
Is IST_3 spanning? : True
Is IST_4 spanning? : True
Is IST_5 spanning? : True
Are all ISTs independent? : True

====TEST CR(724, 115, 230)====
Is IST_0 spanning? : True
Is IST_1 spanning? : True
Is IST_2 spanning? : True
Is IST_3 spanning? : True
Is IST_4 spanning? : True
Is IST_5 spanning? : True
Are all ISTs independent? : True

====TEST CR(725, 115, 230)====
Is IST_0 spanning? : True
Is IST_1 spanning? : True
Is IST_2 spanning? : True
Is IST_3 spanning? : True
Is IST_4 spanning? : True
Is IST_5 spanning? : True
Are all ISTs independent? : True

====TEST CR(726, 115, 230)====
Is IST_0 spanning? : True
Is IST_1 spanning? : True
Is IST_2 spanning? : True
Is IST_3 spanning? : True
Is IST_4 spanning? : True
Is IST_5 spanning? : True
Are all ISTs independent? : True

====TEST CR(727, 115, 230)====
Is IST_0 spanning? : True
Is IST_1 spanning? : True
Is IST_2 spanning? : True
Is IST_3 spanning? : True
Is IST_4 spanning? : True
Is IST_5 spanning? : True
Are all ISTs independent? : True

====TEST CR(728, 115, 230)====
Is IST_0 spanning? : True
Is IST_1 spanning? : True
Is IST_2 spanning? : True
Is IST_3 spanning? : True
Is IST_4 spanning? : True
Is IST_5 spanning? : True
Are all ISTs independent? : True

====TEST CR(729, 115, 230)====
Is IST_0 spanning? : True
Is IST_1 spanning? : True
Is IST_2 spanning? : True
Is IST_3 spanning? : True
Is IST_4 spanning? : True
Is IST_5 spanning? : True
Are all ISTs independent? : True

====TEST CR(730, 115, 230)====
Is IST_0 spanning? : True
Is IST_1 spanning? : True
Is IST_2 spanning? : True
Is IST_3 spanning? : True
Is IST_4 spanning? : True
Is IST_5 spanning? : True
Are all ISTs independent? : True

====TEST CR(731, 115, 230)====
Is IST_0 spanning? : True
Is IST_1 spanning? : True
Is IST_2 spanning? : True
Is IST_3 spanning? : True
Is IST_4 spanning? : True
Is IST_5 spanning? : True
Are all ISTs independent? : True

====TEST CR(732, 115, 230)====
Is IST_0 spanning? : True
Is IST_1 spanning? : True
Is IST_2 spanning? : True
Is IST_3 spanning? : True
Is IST_4 spanning? : True
Is IST_5 spanning? : True
Are all ISTs independent? : True

====TEST CR(733, 115, 230)====
Is IST_0 spanning? : True
Is IST_1 spanning? : True
Is IST_2 spanning? : True
Is IST_3 spanning? : True
Is IST_4 spanning? : True
Is IST_5 spanning? : True
Are all ISTs independent? : True

====TEST CR(734, 115, 230)====
Is IST_0 spanning? : True
Is IST_1 spanning? : True
Is IST_2 spanning? : True
Is IST_3 spanning? : True
Is IST_4 spanning? : True
Is IST_5 spanning? : True
Are all ISTs independent? : True

====TEST CR(735, 115, 230)====
Is IST_0 spanning? : True
Is IST_1 spanning? : True
Is IST_2 spanning? : True
Is IST_3 spanning? : True
Is IST_4 spanning? : True
Is IST_5 spanning? : True
Are all ISTs independent? : True

====TEST CR(736, 115, 230)====
Is IST_0 spanning? : True
Is IST_1 spanning? : True
Is IST_2 spanning? : True
Is IST_3 spanning? : True
Is IST_4 spanning? : True
Is IST_5 spanning? : True
Are all ISTs independent? : True

====TEST CR(737, 115, 230)====
Is IST_0 spanning? : True
Is IST_1 spanning? : True
Is IST_2 spanning? : True
Is IST_3 spanning? : True
Is IST_4 spanning? : True
Is IST_5 spanning? : True
Are all ISTs independent? : True

====TEST CR(738, 115, 230)====
Is IST_0 spanning? : True
Is IST_1 spanning? : True
Is IST_2 spanning? : True
Is IST_3 spanning? : True
Is IST_4 spanning? : True
Is IST_5 spanning? : True
Are all ISTs independent? : True

====TEST CR(739, 115, 230)====
Is IST_0 spanning? : True
Is IST_1 spanning? : True
Is IST_2 spanning? : True
Is IST_3 spanning? : True
Is IST_4 spanning? : True
Is IST_5 spanning? : True
Are all ISTs independent? : True

====TEST CR(740, 115, 230)====
Is IST_0 spanning? : True
Is IST_1 spanning? : True
Is IST_2 spanning? : True
Is IST_3 spanning? : True
Is IST_4 spanning? : True
Is IST_5 spanning? : True
Are all ISTs independent? : True

====TEST CR(741, 115, 230)====
Is IST_0 spanning? : True
Is IST_1 spanning? : True
Is IST_2 spanning? : True
Is IST_3 spanning? : True
Is IST_4 spanning? : True
Is IST_5 spanning? : True
Are all ISTs independent? : True

====TEST CR(742, 115, 230)====
Is IST_0 spanning? : True
Is IST_1 spanning? : True
Is IST_2 spanning? : True
Is IST_3 spanning? : True
Is IST_4 spanning? : True
Is IST_5 spanning? : True
Are all ISTs independent? : True

====TEST CR(743, 115, 230)====
Is IST_0 spanning? : True
Is IST_1 spanning? : True
Is IST_2 spanning? : True
Is IST_3 spanning? : True
Is IST_4 spanning? : True
Is IST_5 spanning? : True
Are all ISTs independent? : True

====TEST CR(744, 115, 230)====
Is IST_0 spanning? : True
Is IST_1 spanning? : True
Is IST_2 spanning? : True
Is IST_3 spanning? : True
Is IST_4 spanning? : True
Is IST_5 spanning? : True
Are all ISTs independent? : True

====TEST CR(745, 115, 230)====
Is IST_0 spanning? : True
Is IST_1 spanning? : True
Is IST_2 spanning? : True
Is IST_3 spanning? : True
Is IST_4 spanning? : True
Is IST_5 spanning? : True
Are all ISTs independent? : True

====TEST CR(746, 115, 230)====
Is IST_0 spanning? : True
Is IST_1 spanning? : True
Is IST_2 spanning? : True
Is IST_3 spanning? : True
Is IST_4 spanning? : True
Is IST_5 spanning? : True
Are all ISTs independent? : True

====TEST CR(747, 115, 230)====
Is IST_0 spanning? : True
Is IST_1 spanning? : True
Is IST_2 spanning? : True
Is IST_3 spanning? : True
Is IST_4 spanning? : True
Is IST_5 spanning? : True
Are all ISTs independent? : True

====TEST CR(748, 115, 230)====
Is IST_0 spanning? : True
Is IST_1 spanning? : True
Is IST_2 spanning? : True
Is IST_3 spanning? : True
Is IST_4 spanning? : True
Is IST_5 spanning? : True
Are all ISTs independent? : True

====TEST CR(749, 115, 230)====
Is IST_0 spanning? : True
Is IST_1 spanning? : True
Is IST_2 spanning? : True
Is IST_3 spanning? : True
Is IST_4 spanning? : True
Is IST_5 spanning? : True
Are all ISTs independent? : True

====TEST CR(750, 115, 230)====
Is IST_0 spanning? : True
Is IST_1 spanning? : True
Is IST_2 spanning? : True
Is IST_3 spanning? : True
Is IST_4 spanning? : True
Is IST_5 spanning? : True
Are all ISTs independent? : True

====TEST CR(751, 115, 230)====
Is IST_0 spanning? : True
Is IST_1 spanning? : True
Is IST_2 spanning? : True
Is IST_3 spanning? : True
Is IST_4 spanning? : True
Is IST_5 spanning? : True
Are all ISTs independent? : True

====TEST CR(752, 115, 230)====
Is IST_0 spanning? : True
Is IST_1 spanning? : True
Is IST_2 spanning? : True
Is IST_3 spanning? : True
Is IST_4 spanning? : True
Is IST_5 spanning? : True
Are all ISTs independent? : True

====TEST CR(753, 115, 230)====
Is IST_0 spanning? : True
Is IST_1 spanning? : True
Is IST_2 spanning? : True
Is IST_3 spanning? : True
Is IST_4 spanning? : True
Is IST_5 spanning? : True
Are all ISTs independent? : True

====TEST CR(754, 115, 230)====
Is IST_0 spanning? : True
Is IST_1 spanning? : True
Is IST_2 spanning? : True
Is IST_3 spanning? : True
Is IST_4 spanning? : True
Is IST_5 spanning? : True
Are all ISTs independent? : True

====TEST CR(755, 115, 230)====
Is IST_0 spanning? : True
Is IST_1 spanning? : True
Is IST_2 spanning? : True
Is IST_3 spanning? : True
Is IST_4 spanning? : True
Is IST_5 spanning? : True
Are all ISTs independent? : True

====TEST CR(756, 115, 230)====
Is IST_0 spanning? : True
Is IST_1 spanning? : True
Is IST_2 spanning? : True
Is IST_3 spanning? : True
Is IST_4 spanning? : True
Is IST_5 spanning? : True
Are all ISTs independent? : True

====TEST CR(757, 115, 230)====
Is IST_0 spanning? : True
Is IST_1 spanning? : True
Is IST_2 spanning? : True
Is IST_3 spanning? : True
Is IST_4 spanning? : True
Is IST_5 spanning? : True
Are all ISTs independent? : True

====TEST CR(758, 115, 230)====
Is IST_0 spanning? : True
Is IST_1 spanning? : True
Is IST_2 spanning? : True
Is IST_3 spanning? : True
Is IST_4 spanning? : True
Is IST_5 spanning? : True
Are all ISTs independent? : True

====TEST CR(759, 115, 230)====
Is IST_0 spanning? : True
Is IST_1 spanning? : True
Is IST_2 spanning? : True
Is IST_3 spanning? : True
Is IST_4 spanning? : True
Is IST_5 spanning? : True
Are all ISTs independent? : True

====TEST CR(760, 115, 230)====
Is IST_0 spanning? : True
Is IST_1 spanning? : True
Is IST_2 spanning? : True
Is IST_3 spanning? : True
Is IST_4 spanning? : True
Is IST_5 spanning? : True
Are all ISTs independent? : True

====TEST CR(761, 115, 230)====
Is IST_0 spanning? : True
Is IST_1 spanning? : True
Is IST_2 spanning? : True
Is IST_3 spanning? : True
Is IST_4 spanning? : True
Is IST_5 spanning? : True
Are all ISTs independent? : True

====TEST CR(762, 115, 230)====
Is IST_0 spanning? : True
Is IST_1 spanning? : True
Is IST_2 spanning? : True
Is IST_3 spanning? : True
Is IST_4 spanning? : True
Is IST_5 spanning? : True
Are all ISTs independent? : True

====TEST CR(763, 115, 230)====
Is IST_0 spanning? : True
Is IST_1 spanning? : True
Is IST_2 spanning? : True
Is IST_3 spanning? : True
Is IST_4 spanning? : True
Is IST_5 spanning? : True
Are all ISTs independent? : True

====TEST CR(764, 115, 230)====
Is IST_0 spanning? : True
Is IST_1 spanning? : True
Is IST_2 spanning? : True
Is IST_3 spanning? : True
Is IST_4 spanning? : True
Is IST_5 spanning? : True
Are all ISTs independent? : True

====TEST CR(765, 115, 230)====
Is IST_0 spanning? : True
Is IST_1 spanning? : True
Is IST_2 spanning? : True
Is IST_3 spanning? : True
Is IST_4 spanning? : True
Is IST_5 spanning? : True
Are all ISTs independent? : True

====TEST CR(766, 115, 230)====
Is IST_0 spanning? : True
Is IST_1 spanning? : True
Is IST_2 spanning? : True
Is IST_3 spanning? : True
Is IST_4 spanning? : True
Is IST_5 spanning? : True
Are all ISTs independent? : True

====TEST CR(767, 115, 230)====
Is IST_0 spanning? : True
Is IST_1 spanning? : True
Is IST_2 spanning? : True
Is IST_3 spanning? : True
Is IST_4 spanning? : True
Is IST_5 spanning? : True
Are all ISTs independent? : True

====TEST CR(768, 115, 230)====
Is IST_0 spanning? : True
Is IST_1 spanning? : True
Is IST_2 spanning? : True
Is IST_3 spanning? : True
Is IST_4 spanning? : True
Is IST_5 spanning? : True
Are all ISTs independent? : True

====TEST CR(769, 115, 230)====
Is IST_0 spanning? : True
Is IST_1 spanning? : True
Is IST_2 spanning? : True
Is IST_3 spanning? : True
Is IST_4 spanning? : True
Is IST_5 spanning? : True
Are all ISTs independent? : True

====TEST CR(770, 115, 230)====
Is IST_0 spanning? : True
Is IST_1 spanning? : True
Is IST_2 spanning? : True
Is IST_3 spanning? : True
Is IST_4 spanning? : True
Is IST_5 spanning? : True
Are all ISTs independent? : True

====TEST CR(771, 115, 230)====
Is IST_0 spanning? : True
Is IST_1 spanning? : True
Is IST_2 spanning? : True
Is IST_3 spanning? : True
Is IST_4 spanning? : True
Is IST_5 spanning? : True
Are all ISTs independent? : True

====TEST CR(772, 115, 230)====
Is IST_0 spanning? : True
Is IST_1 spanning? : True
Is IST_2 spanning? : True
Is IST_3 spanning? : True
Is IST_4 spanning? : True
Is IST_5 spanning? : True
Are all ISTs independent? : True

====TEST CR(773, 115, 230)====
Is IST_0 spanning? : True
Is IST_1 spanning? : True
Is IST_2 spanning? : True
Is IST_3 spanning? : True
Is IST_4 spanning? : True
Is IST_5 spanning? : True
Are all ISTs independent? : True

====TEST CR(774, 115, 230)====
Is IST_0 spanning? : True
Is IST_1 spanning? : True
Is IST_2 spanning? : True
Is IST_3 spanning? : True
Is IST_4 spanning? : True
Is IST_5 spanning? : True
Are all ISTs independent? : True

====TEST CR(775, 115, 230)====
Is IST_0 spanning? : True
Is IST_1 spanning? : True
Is IST_2 spanning? : True
Is IST_3 spanning? : True
Is IST_4 spanning? : True
Is IST_5 spanning? : True
Are all ISTs independent? : True

====TEST CR(776, 115, 230)====
Is IST_0 spanning? : True
Is IST_1 spanning? : True
Is IST_2 spanning? : True
Is IST_3 spanning? : True
Is IST_4 spanning? : True
Is IST_5 spanning? : True
Are all ISTs independent? : True

====TEST CR(777, 115, 230)====
Is IST_0 spanning? : True
Is IST_1 spanning? : True
Is IST_2 spanning? : True
Is IST_3 spanning? : True
Is IST_4 spanning? : True
Is IST_5 spanning? : True
Are all ISTs independent? : True

====TEST CR(778, 115, 230)====
Is IST_0 spanning? : True
Is IST_1 spanning? : True
Is IST_2 spanning? : True
Is IST_3 spanning? : True
Is IST_4 spanning? : True
Is IST_5 spanning? : True
Are all ISTs independent? : True

====TEST CR(779, 115, 230)====
Is IST_0 spanning? : True
Is IST_1 spanning? : True
Is IST_2 spanning? : True
Is IST_3 spanning? : True
Is IST_4 spanning? : True
Is IST_5 spanning? : True
Are all ISTs independent? : True

====TEST CR(780, 115, 230)====
Is IST_0 spanning? : True
Is IST_1 spanning? : True
Is IST_2 spanning? : True
Is IST_3 spanning? : True
Is IST_4 spanning? : True
Is IST_5 spanning? : True
Are all ISTs independent? : True

====TEST CR(781, 115, 230)====
Is IST_0 spanning? : True
Is IST_1 spanning? : True
Is IST_2 spanning? : True
Is IST_3 spanning? : True
Is IST_4 spanning? : True
Is IST_5 spanning? : True
Are all ISTs independent? : True

====TEST CR(782, 115, 230)====
Is IST_0 spanning? : True
Is IST_1 spanning? : True
Is IST_2 spanning? : True
Is IST_3 spanning? : True
Is IST_4 spanning? : True
Is IST_5 spanning? : True
Are all ISTs independent? : True

====TEST CR(783, 115, 230)====
Is IST_0 spanning? : True
Is IST_1 spanning? : True
Is IST_2 spanning? : True
Is IST_3 spanning? : True
Is IST_4 spanning? : True
Is IST_5 spanning? : True
Are all ISTs independent? : True

====TEST CR(784, 115, 230)====
Is IST_0 spanning? : True
Is IST_1 spanning? : True
Is IST_2 spanning? : True
Is IST_3 spanning? : True
Is IST_4 spanning? : True
Is IST_5 spanning? : True
Are all ISTs independent? : True

====TEST CR(785, 115, 230)====
Is IST_0 spanning? : True
Is IST_1 spanning? : True
Is IST_2 spanning? : True
Is IST_3 spanning? : True
Is IST_4 spanning? : True
Is IST_5 spanning? : True
Are all ISTs independent? : True

====TEST CR(786, 115, 230)====
Is IST_0 spanning? : True
Is IST_1 spanning? : True
Is IST_2 spanning? : True
Is IST_3 spanning? : True
Is IST_4 spanning? : True
Is IST_5 spanning? : True
Are all ISTs independent? : True

====TEST CR(787, 115, 230)====
Is IST_0 spanning? : True
Is IST_1 spanning? : True
Is IST_2 spanning? : True
Is IST_3 spanning? : True
Is IST_4 spanning? : True
Is IST_5 spanning? : True
Are all ISTs independent? : True

====TEST CR(788, 115, 230)====
Is IST_0 spanning? : True
Is IST_1 spanning? : True
Is IST_2 spanning? : True
Is IST_3 spanning? : True
Is IST_4 spanning? : True
Is IST_5 spanning? : True
Are all ISTs independent? : True

====TEST CR(789, 115, 230)====
Is IST_0 spanning? : True
Is IST_1 spanning? : True
Is IST_2 spanning? : True
Is IST_3 spanning? : True
Is IST_4 spanning? : True
Is IST_5 spanning? : True
Are all ISTs independent? : True

====TEST CR(790, 115, 230)====
Is IST_0 spanning? : True
Is IST_1 spanning? : True
Is IST_2 spanning? : True
Is IST_3 spanning? : True
Is IST_4 spanning? : True
Is IST_5 spanning? : True
Are all ISTs independent? : True

====TEST CR(791, 115, 230)====
Is IST_0 spanning? : True
Is IST_1 spanning? : True
Is IST_2 spanning? : True
Is IST_3 spanning? : True
Is IST_4 spanning? : True
Is IST_5 spanning? : True
Are all ISTs independent? : True

====TEST CR(792, 115, 230)====
Is IST_0 spanning? : True
Is IST_1 spanning? : True
Is IST_2 spanning? : True
Is IST_3 spanning? : True
Is IST_4 spanning? : True
Is IST_5 spanning? : True
Are all ISTs independent? : True

====TEST CR(793, 115, 230)====
Is IST_0 spanning? : True
Is IST_1 spanning? : True
Is IST_2 spanning? : True
Is IST_3 spanning? : True
Is IST_4 spanning? : True
Is IST_5 spanning? : True
Are all ISTs independent? : True

====TEST CR(794, 115, 230)====
Is IST_0 spanning? : True
Is IST_1 spanning? : True
Is IST_2 spanning? : True
Is IST_3 spanning? : True
Is IST_4 spanning? : True
Is IST_5 spanning? : True
Are all ISTs independent? : True

====TEST CR(795, 115, 230)====
Is IST_0 spanning? : True
Is IST_1 spanning? : True
Is IST_2 spanning? : True
Is IST_3 spanning? : True
Is IST_4 spanning? : True
Is IST_5 spanning? : True
Are all ISTs independent? : True

====TEST CR(796, 115, 230)====
Is IST_0 spanning? : True
Is IST_1 spanning? : True
Is IST_2 spanning? : True
Is IST_3 spanning? : True
Is IST_4 spanning? : True
Is IST_5 spanning? : True
Are all ISTs independent? : True

====TEST CR(797, 115, 230)====
Is IST_0 spanning? : True
Is IST_1 spanning? : True
Is IST_2 spanning? : True
Is IST_3 spanning? : True
Is IST_4 spanning? : True
Is IST_5 spanning? : True
Are all ISTs independent? : True

====TEST CR(798, 115, 230)====
Is IST_0 spanning? : True
Is IST_1 spanning? : True
Is IST_2 spanning? : True
Is IST_3 spanning? : True
Is IST_4 spanning? : True
Is IST_5 spanning? : True
Are all ISTs independent? : True

====TEST CR(799, 115, 230)====
Is IST_0 spanning? : True
Is IST_1 spanning? : True
Is IST_2 spanning? : True
Is IST_3 spanning? : True
Is IST_4 spanning? : True
Is IST_5 spanning? : True
Are all ISTs independent? : True

====TEST CR(800, 115, 230)====
Is IST_0 spanning? : True
Is IST_1 spanning? : True
Is IST_2 spanning? : True
Is IST_3 spanning? : True
Is IST_4 spanning? : True
Is IST_5 spanning? : True
Are all ISTs independent? : True

====TEST CR(801, 115, 230)====
Is IST_0 spanning? : True
Is IST_1 spanning? : True
Is IST_2 spanning? : True
Is IST_3 spanning? : True
Is IST_4 spanning? : True
Is IST_5 spanning? : True
Are all ISTs independent? : True

====TEST CR(802, 115, 230)====
Is IST_0 spanning? : True
Is IST_1 spanning? : True
Is IST_2 spanning? : True
Is IST_3 spanning? : True
Is IST_4 spanning? : True
Is IST_5 spanning? : True
Are all ISTs independent? : True

====TEST CR(803, 115, 230)====
Is IST_0 spanning? : True
Is IST_1 spanning? : True
Is IST_2 spanning? : True
Is IST_3 spanning? : True
Is IST_4 spanning? : True
Is IST_5 spanning? : True
Are all ISTs independent? : True

====TEST CR(804, 115, 230)====
Is IST_0 spanning? : True
Is IST_1 spanning? : True
Is IST_2 spanning? : True
Is IST_3 spanning? : True
Is IST_4 spanning? : True
Is IST_5 spanning? : True
Are all ISTs independent? : True

====TEST CR(805, 115, 230)====
Is IST_0 spanning? : True
Is IST_1 spanning? : True
Is IST_2 spanning? : True
Is IST_3 spanning? : True
Is IST_4 spanning? : True
Is IST_5 spanning? : True
Are all ISTs independent? : True

====TEST CR(806, 115, 230)====
Is IST_0 spanning? : True
Is IST_1 spanning? : True
Is IST_2 spanning? : True
Is IST_3 spanning? : True
Is IST_4 spanning? : True
Is IST_5 spanning? : True
Are all ISTs independent? : True

====TEST CR(807, 115, 230)====
Is IST_0 spanning? : True
Is IST_1 spanning? : True
Is IST_2 spanning? : True
Is IST_3 spanning? : True
Is IST_4 spanning? : True
Is IST_5 spanning? : True
Are all ISTs independent? : True

====TEST CR(808, 115, 230)====
Is IST_0 spanning? : True
Is IST_1 spanning? : True
Is IST_2 spanning? : True
Is IST_3 spanning? : True
Is IST_4 spanning? : True
Is IST_5 spanning? : True
Are all ISTs independent? : True

====TEST CR(809, 115, 230)====
Is IST_0 spanning? : True
Is IST_1 spanning? : True
Is IST_2 spanning? : True
Is IST_3 spanning? : True
Is IST_4 spanning? : True
Is IST_5 spanning? : True
Are all ISTs independent? : True

====TEST CR(810, 115, 230)====
Is IST_0 spanning? : True
Is IST_1 spanning? : True
Is IST_2 spanning? : True
Is IST_3 spanning? : True
Is IST_4 spanning? : True
Is IST_5 spanning? : True
Are all ISTs independent? : True

====TEST CR(811, 115, 230)====
Is IST_0 spanning? : True
Is IST_1 spanning? : True
Is IST_2 spanning? : True
Is IST_3 spanning? : True
Is IST_4 spanning? : True
Is IST_5 spanning? : True
Are all ISTs independent? : True

====TEST CR(812, 115, 230)====
Is IST_0 spanning? : True
Is IST_1 spanning? : True
Is IST_2 spanning? : True
Is IST_3 spanning? : True
Is IST_4 spanning? : True
Is IST_5 spanning? : True
Are all ISTs independent? : True

====TEST CR(813, 115, 230)====
Is IST_0 spanning? : True
Is IST_1 spanning? : True
Is IST_2 spanning? : True
Is IST_3 spanning? : True
Is IST_4 spanning? : True
Is IST_5 spanning? : True
Are all ISTs independent? : True

====TEST CR(814, 115, 230)====
Is IST_0 spanning? : True
Is IST_1 spanning? : True
Is IST_2 spanning? : True
Is IST_3 spanning? : True
Is IST_4 spanning? : True
Is IST_5 spanning? : True
Are all ISTs independent? : True

====TEST CR(815, 115, 230)====
Is IST_0 spanning? : True
Is IST_1 spanning? : True
Is IST_2 spanning? : True
Is IST_3 spanning? : True
Is IST_4 spanning? : True
Is IST_5 spanning? : True
Are all ISTs independent? : True

====TEST CR(816, 115, 230)====
Is IST_0 spanning? : True
Is IST_1 spanning? : True
Is IST_2 spanning? : True
Is IST_3 spanning? : True
Is IST_4 spanning? : True
Is IST_5 spanning? : True
Are all ISTs independent? : True

====TEST CR(817, 115, 230)====
Is IST_0 spanning? : True
Is IST_1 spanning? : True
Is IST_2 spanning? : True
Is IST_3 spanning? : True
Is IST_4 spanning? : True
Is IST_5 spanning? : True
Are all ISTs independent? : True

====TEST CR(818, 115, 230)====
Is IST_0 spanning? : True
Is IST_1 spanning? : True
Is IST_2 spanning? : True
Is IST_3 spanning? : True
Is IST_4 spanning? : True
Is IST_5 spanning? : True
Are all ISTs independent? : True

====TEST CR(696, 116, 232)====
Is IST_0 spanning? : True
Is IST_1 spanning? : True
Is IST_2 spanning? : True
Is IST_3 spanning? : True
Is IST_4 spanning? : True
Is IST_5 spanning? : True
Are all ISTs independent? : True

====TEST CR(697, 116, 232)====
Is IST_0 spanning? : True
Is IST_1 spanning? : True
Is IST_2 spanning? : True
Is IST_3 spanning? : True
Is IST_4 spanning? : True
Is IST_5 spanning? : True
Are all ISTs independent? : True

====TEST CR(698, 116, 232)====
Is IST_0 spanning? : True
Is IST_1 spanning? : True
Is IST_2 spanning? : True
Is IST_3 spanning? : True
Is IST_4 spanning? : True
Is IST_5 spanning? : True
Are all ISTs independent? : True

====TEST CR(699, 116, 232)====
Is IST_0 spanning? : True
Is IST_1 spanning? : True
Is IST_2 spanning? : True
Is IST_3 spanning? : True
Is IST_4 spanning? : True
Is IST_5 spanning? : True
Are all ISTs independent? : True

====TEST CR(700, 116, 232)====
Is IST_0 spanning? : True
Is IST_1 spanning? : True
Is IST_2 spanning? : True
Is IST_3 spanning? : True
Is IST_4 spanning? : True
Is IST_5 spanning? : True
Are all ISTs independent? : True

====TEST CR(701, 116, 232)====
Is IST_0 spanning? : True
Is IST_1 spanning? : True
Is IST_2 spanning? : True
Is IST_3 spanning? : True
Is IST_4 spanning? : True
Is IST_5 spanning? : True
Are all ISTs independent? : True

====TEST CR(702, 116, 232)====
Is IST_0 spanning? : True
Is IST_1 spanning? : True
Is IST_2 spanning? : True
Is IST_3 spanning? : True
Is IST_4 spanning? : True
Is IST_5 spanning? : True
Are all ISTs independent? : True

====TEST CR(703, 116, 232)====
Is IST_0 spanning? : True
Is IST_1 spanning? : True
Is IST_2 spanning? : True
Is IST_3 spanning? : True
Is IST_4 spanning? : True
Is IST_5 spanning? : True
Are all ISTs independent? : True

====TEST CR(704, 116, 232)====
Is IST_0 spanning? : True
Is IST_1 spanning? : True
Is IST_2 spanning? : True
Is IST_3 spanning? : True
Is IST_4 spanning? : True
Is IST_5 spanning? : True
Are all ISTs independent? : True

====TEST CR(705, 116, 232)====
Is IST_0 spanning? : True
Is IST_1 spanning? : True
Is IST_2 spanning? : True
Is IST_3 spanning? : True
Is IST_4 spanning? : True
Is IST_5 spanning? : True
Are all ISTs independent? : True

====TEST CR(706, 116, 232)====
Is IST_0 spanning? : True
Is IST_1 spanning? : True
Is IST_2 spanning? : True
Is IST_3 spanning? : True
Is IST_4 spanning? : True
Is IST_5 spanning? : True
Are all ISTs independent? : True

====TEST CR(707, 116, 232)====
Is IST_0 spanning? : True
Is IST_1 spanning? : True
Is IST_2 spanning? : True
Is IST_3 spanning? : True
Is IST_4 spanning? : True
Is IST_5 spanning? : True
Are all ISTs independent? : True

====TEST CR(708, 116, 232)====
Is IST_0 spanning? : True
Is IST_1 spanning? : True
Is IST_2 spanning? : True
Is IST_3 spanning? : True
Is IST_4 spanning? : True
Is IST_5 spanning? : True
Are all ISTs independent? : True

====TEST CR(709, 116, 232)====
Is IST_0 spanning? : True
Is IST_1 spanning? : True
Is IST_2 spanning? : True
Is IST_3 spanning? : True
Is IST_4 spanning? : True
Is IST_5 spanning? : True
Are all ISTs independent? : True

====TEST CR(710, 116, 232)====
Is IST_0 spanning? : True
Is IST_1 spanning? : True
Is IST_2 spanning? : True
Is IST_3 spanning? : True
Is IST_4 spanning? : True
Is IST_5 spanning? : True
Are all ISTs independent? : True

====TEST CR(711, 116, 232)====
Is IST_0 spanning? : True
Is IST_1 spanning? : True
Is IST_2 spanning? : True
Is IST_3 spanning? : True
Is IST_4 spanning? : True
Is IST_5 spanning? : True
Are all ISTs independent? : True

====TEST CR(712, 116, 232)====
Is IST_0 spanning? : True
Is IST_1 spanning? : True
Is IST_2 spanning? : True
Is IST_3 spanning? : True
Is IST_4 spanning? : True
Is IST_5 spanning? : True
Are all ISTs independent? : True

====TEST CR(713, 116, 232)====
Is IST_0 spanning? : True
Is IST_1 spanning? : True
Is IST_2 spanning? : True
Is IST_3 spanning? : True
Is IST_4 spanning? : True
Is IST_5 spanning? : True
Are all ISTs independent? : True

====TEST CR(714, 116, 232)====
Is IST_0 spanning? : True
Is IST_1 spanning? : True
Is IST_2 spanning? : True
Is IST_3 spanning? : True
Is IST_4 spanning? : True
Is IST_5 spanning? : True
Are all ISTs independent? : True

====TEST CR(715, 116, 232)====
Is IST_0 spanning? : True
Is IST_1 spanning? : True
Is IST_2 spanning? : True
Is IST_3 spanning? : True
Is IST_4 spanning? : True
Is IST_5 spanning? : True
Are all ISTs independent? : True

====TEST CR(716, 116, 232)====
Is IST_0 spanning? : True
Is IST_1 spanning? : True
Is IST_2 spanning? : True
Is IST_3 spanning? : True
Is IST_4 spanning? : True
Is IST_5 spanning? : True
Are all ISTs independent? : True

====TEST CR(717, 116, 232)====
Is IST_0 spanning? : True
Is IST_1 spanning? : True
Is IST_2 spanning? : True
Is IST_3 spanning? : True
Is IST_4 spanning? : True
Is IST_5 spanning? : True
Are all ISTs independent? : True

====TEST CR(718, 116, 232)====
Is IST_0 spanning? : True
Is IST_1 spanning? : True
Is IST_2 spanning? : True
Is IST_3 spanning? : True
Is IST_4 spanning? : True
Is IST_5 spanning? : True
Are all ISTs independent? : True

====TEST CR(719, 116, 232)====
Is IST_0 spanning? : True
Is IST_1 spanning? : True
Is IST_2 spanning? : True
Is IST_3 spanning? : True
Is IST_4 spanning? : True
Is IST_5 spanning? : True
Are all ISTs independent? : True

====TEST CR(720, 116, 232)====
Is IST_0 spanning? : True
Is IST_1 spanning? : True
Is IST_2 spanning? : True
Is IST_3 spanning? : True
Is IST_4 spanning? : True
Is IST_5 spanning? : True
Are all ISTs independent? : True

====TEST CR(721, 116, 232)====
Is IST_0 spanning? : True
Is IST_1 spanning? : True
Is IST_2 spanning? : True
Is IST_3 spanning? : True
Is IST_4 spanning? : True
Is IST_5 spanning? : True
Are all ISTs independent? : True

====TEST CR(722, 116, 232)====
Is IST_0 spanning? : True
Is IST_1 spanning? : True
Is IST_2 spanning? : True
Is IST_3 spanning? : True
Is IST_4 spanning? : True
Is IST_5 spanning? : True
Are all ISTs independent? : True

====TEST CR(723, 116, 232)====
Is IST_0 spanning? : True
Is IST_1 spanning? : True
Is IST_2 spanning? : True
Is IST_3 spanning? : True
Is IST_4 spanning? : True
Is IST_5 spanning? : True
Are all ISTs independent? : True

====TEST CR(724, 116, 232)====
Is IST_0 spanning? : True
Is IST_1 spanning? : True
Is IST_2 spanning? : True
Is IST_3 spanning? : True
Is IST_4 spanning? : True
Is IST_5 spanning? : True
Are all ISTs independent? : True

====TEST CR(725, 116, 232)====
Is IST_0 spanning? : True
Is IST_1 spanning? : True
Is IST_2 spanning? : True
Is IST_3 spanning? : True
Is IST_4 spanning? : True
Is IST_5 spanning? : True
Are all ISTs independent? : True

====TEST CR(726, 116, 232)====
Is IST_0 spanning? : True
Is IST_1 spanning? : True
Is IST_2 spanning? : True
Is IST_3 spanning? : True
Is IST_4 spanning? : True
Is IST_5 spanning? : True
Are all ISTs independent? : True

====TEST CR(727, 116, 232)====
Is IST_0 spanning? : True
Is IST_1 spanning? : True
Is IST_2 spanning? : True
Is IST_3 spanning? : True
Is IST_4 spanning? : True
Is IST_5 spanning? : True
Are all ISTs independent? : True

====TEST CR(728, 116, 232)====
Is IST_0 spanning? : True
Is IST_1 spanning? : True
Is IST_2 spanning? : True
Is IST_3 spanning? : True
Is IST_4 spanning? : True
Is IST_5 spanning? : True
Are all ISTs independent? : True

====TEST CR(729, 116, 232)====
Is IST_0 spanning? : True
Is IST_1 spanning? : True
Is IST_2 spanning? : True
Is IST_3 spanning? : True
Is IST_4 spanning? : True
Is IST_5 spanning? : True
Are all ISTs independent? : True

====TEST CR(730, 116, 232)====
Is IST_0 spanning? : True
Is IST_1 spanning? : True
Is IST_2 spanning? : True
Is IST_3 spanning? : True
Is IST_4 spanning? : True
Is IST_5 spanning? : True
Are all ISTs independent? : True

====TEST CR(731, 116, 232)====
Is IST_0 spanning? : True
Is IST_1 spanning? : True
Is IST_2 spanning? : True
Is IST_3 spanning? : True
Is IST_4 spanning? : True
Is IST_5 spanning? : True
Are all ISTs independent? : True

====TEST CR(732, 116, 232)====
Is IST_0 spanning? : True
Is IST_1 spanning? : True
Is IST_2 spanning? : True
Is IST_3 spanning? : True
Is IST_4 spanning? : True
Is IST_5 spanning? : True
Are all ISTs independent? : True

====TEST CR(733, 116, 232)====
Is IST_0 spanning? : True
Is IST_1 spanning? : True
Is IST_2 spanning? : True
Is IST_3 spanning? : True
Is IST_4 spanning? : True
Is IST_5 spanning? : True
Are all ISTs independent? : True

====TEST CR(734, 116, 232)====
Is IST_0 spanning? : True
Is IST_1 spanning? : True
Is IST_2 spanning? : True
Is IST_3 spanning? : True
Is IST_4 spanning? : True
Is IST_5 spanning? : True
Are all ISTs independent? : True

====TEST CR(735, 116, 232)====
Is IST_0 spanning? : True
Is IST_1 spanning? : True
Is IST_2 spanning? : True
Is IST_3 spanning? : True
Is IST_4 spanning? : True
Is IST_5 spanning? : True
Are all ISTs independent? : True

====TEST CR(736, 116, 232)====
Is IST_0 spanning? : True
Is IST_1 spanning? : True
Is IST_2 spanning? : True
Is IST_3 spanning? : True
Is IST_4 spanning? : True
Is IST_5 spanning? : True
Are all ISTs independent? : True

====TEST CR(737, 116, 232)====
Is IST_0 spanning? : True
Is IST_1 spanning? : True
Is IST_2 spanning? : True
Is IST_3 spanning? : True
Is IST_4 spanning? : True
Is IST_5 spanning? : True
Are all ISTs independent? : True

====TEST CR(738, 116, 232)====
Is IST_0 spanning? : True
Is IST_1 spanning? : True
Is IST_2 spanning? : True
Is IST_3 spanning? : True
Is IST_4 spanning? : True
Is IST_5 spanning? : True
Are all ISTs independent? : True

====TEST CR(739, 116, 232)====
Is IST_0 spanning? : True
Is IST_1 spanning? : True
Is IST_2 spanning? : True
Is IST_3 spanning? : True
Is IST_4 spanning? : True
Is IST_5 spanning? : True
Are all ISTs independent? : True

====TEST CR(740, 116, 232)====
Is IST_0 spanning? : True
Is IST_1 spanning? : True
Is IST_2 spanning? : True
Is IST_3 spanning? : True
Is IST_4 spanning? : True
Is IST_5 spanning? : True
Are all ISTs independent? : True

====TEST CR(741, 116, 232)====
Is IST_0 spanning? : True
Is IST_1 spanning? : True
Is IST_2 spanning? : True
Is IST_3 spanning? : True
Is IST_4 spanning? : True
Is IST_5 spanning? : True
Are all ISTs independent? : True

====TEST CR(742, 116, 232)====
Is IST_0 spanning? : True
Is IST_1 spanning? : True
Is IST_2 spanning? : True
Is IST_3 spanning? : True
Is IST_4 spanning? : True
Is IST_5 spanning? : True
Are all ISTs independent? : True

====TEST CR(743, 116, 232)====
Is IST_0 spanning? : True
Is IST_1 spanning? : True
Is IST_2 spanning? : True
Is IST_3 spanning? : True
Is IST_4 spanning? : True
Is IST_5 spanning? : True
Are all ISTs independent? : True

====TEST CR(744, 116, 232)====
Is IST_0 spanning? : True
Is IST_1 spanning? : True
Is IST_2 spanning? : True
Is IST_3 spanning? : True
Is IST_4 spanning? : True
Is IST_5 spanning? : True
Are all ISTs independent? : True

====TEST CR(745, 116, 232)====
Is IST_0 spanning? : True
Is IST_1 spanning? : True
Is IST_2 spanning? : True
Is IST_3 spanning? : True
Is IST_4 spanning? : True
Is IST_5 spanning? : True
Are all ISTs independent? : True

====TEST CR(746, 116, 232)====
Is IST_0 spanning? : True
Is IST_1 spanning? : True
Is IST_2 spanning? : True
Is IST_3 spanning? : True
Is IST_4 spanning? : True
Is IST_5 spanning? : True
Are all ISTs independent? : True

====TEST CR(747, 116, 232)====
Is IST_0 spanning? : True
Is IST_1 spanning? : True
Is IST_2 spanning? : True
Is IST_3 spanning? : True
Is IST_4 spanning? : True
Is IST_5 spanning? : True
Are all ISTs independent? : True

====TEST CR(748, 116, 232)====
Is IST_0 spanning? : True
Is IST_1 spanning? : True
Is IST_2 spanning? : True
Is IST_3 spanning? : True
Is IST_4 spanning? : True
Is IST_5 spanning? : True
Are all ISTs independent? : True

====TEST CR(749, 116, 232)====
Is IST_0 spanning? : True
Is IST_1 spanning? : True
Is IST_2 spanning? : True
Is IST_3 spanning? : True
Is IST_4 spanning? : True
Is IST_5 spanning? : True
Are all ISTs independent? : True

====TEST CR(750, 116, 232)====
Is IST_0 spanning? : True
Is IST_1 spanning? : True
Is IST_2 spanning? : True
Is IST_3 spanning? : True
Is IST_4 spanning? : True
Is IST_5 spanning? : True
Are all ISTs independent? : True

====TEST CR(751, 116, 232)====
Is IST_0 spanning? : True
Is IST_1 spanning? : True
Is IST_2 spanning? : True
Is IST_3 spanning? : True
Is IST_4 spanning? : True
Is IST_5 spanning? : True
Are all ISTs independent? : True

====TEST CR(752, 116, 232)====
Is IST_0 spanning? : True
Is IST_1 spanning? : True
Is IST_2 spanning? : True
Is IST_3 spanning? : True
Is IST_4 spanning? : True
Is IST_5 spanning? : True
Are all ISTs independent? : True

====TEST CR(753, 116, 232)====
Is IST_0 spanning? : True
Is IST_1 spanning? : True
Is IST_2 spanning? : True
Is IST_3 spanning? : True
Is IST_4 spanning? : True
Is IST_5 spanning? : True
Are all ISTs independent? : True

====TEST CR(754, 116, 232)====
Is IST_0 spanning? : True
Is IST_1 spanning? : True
Is IST_2 spanning? : True
Is IST_3 spanning? : True
Is IST_4 spanning? : True
Is IST_5 spanning? : True
Are all ISTs independent? : True

====TEST CR(755, 116, 232)====
Is IST_0 spanning? : True
Is IST_1 spanning? : True
Is IST_2 spanning? : True
Is IST_3 spanning? : True
Is IST_4 spanning? : True
Is IST_5 spanning? : True
Are all ISTs independent? : True

====TEST CR(756, 116, 232)====
Is IST_0 spanning? : True
Is IST_1 spanning? : True
Is IST_2 spanning? : True
Is IST_3 spanning? : True
Is IST_4 spanning? : True
Is IST_5 spanning? : True
Are all ISTs independent? : True

====TEST CR(757, 116, 232)====
Is IST_0 spanning? : True
Is IST_1 spanning? : True
Is IST_2 spanning? : True
Is IST_3 spanning? : True
Is IST_4 spanning? : True
Is IST_5 spanning? : True
Are all ISTs independent? : True

====TEST CR(758, 116, 232)====
Is IST_0 spanning? : True
Is IST_1 spanning? : True
Is IST_2 spanning? : True
Is IST_3 spanning? : True
Is IST_4 spanning? : True
Is IST_5 spanning? : True
Are all ISTs independent? : True

====TEST CR(759, 116, 232)====
Is IST_0 spanning? : True
Is IST_1 spanning? : True
Is IST_2 spanning? : True
Is IST_3 spanning? : True
Is IST_4 spanning? : True
Is IST_5 spanning? : True
Are all ISTs independent? : True

====TEST CR(760, 116, 232)====
Is IST_0 spanning? : True
Is IST_1 spanning? : True
Is IST_2 spanning? : True
Is IST_3 spanning? : True
Is IST_4 spanning? : True
Is IST_5 spanning? : True
Are all ISTs independent? : True

====TEST CR(761, 116, 232)====
Is IST_0 spanning? : True
Is IST_1 spanning? : True
Is IST_2 spanning? : True
Is IST_3 spanning? : True
Is IST_4 spanning? : True
Is IST_5 spanning? : True
Are all ISTs independent? : True

====TEST CR(762, 116, 232)====
Is IST_0 spanning? : True
Is IST_1 spanning? : True
Is IST_2 spanning? : True
Is IST_3 spanning? : True
Is IST_4 spanning? : True
Is IST_5 spanning? : True
Are all ISTs independent? : True

====TEST CR(763, 116, 232)====
Is IST_0 spanning? : True
Is IST_1 spanning? : True
Is IST_2 spanning? : True
Is IST_3 spanning? : True
Is IST_4 spanning? : True
Is IST_5 spanning? : True
Are all ISTs independent? : True

====TEST CR(764, 116, 232)====
Is IST_0 spanning? : True
Is IST_1 spanning? : True
Is IST_2 spanning? : True
Is IST_3 spanning? : True
Is IST_4 spanning? : True
Is IST_5 spanning? : True
Are all ISTs independent? : True

====TEST CR(765, 116, 232)====
Is IST_0 spanning? : True
Is IST_1 spanning? : True
Is IST_2 spanning? : True
Is IST_3 spanning? : True
Is IST_4 spanning? : True
Is IST_5 spanning? : True
Are all ISTs independent? : True

====TEST CR(766, 116, 232)====
Is IST_0 spanning? : True
Is IST_1 spanning? : True
Is IST_2 spanning? : True
Is IST_3 spanning? : True
Is IST_4 spanning? : True
Is IST_5 spanning? : True
Are all ISTs independent? : True

====TEST CR(767, 116, 232)====
Is IST_0 spanning? : True
Is IST_1 spanning? : True
Is IST_2 spanning? : True
Is IST_3 spanning? : True
Is IST_4 spanning? : True
Is IST_5 spanning? : True
Are all ISTs independent? : True

====TEST CR(768, 116, 232)====
Is IST_0 spanning? : True
Is IST_1 spanning? : True
Is IST_2 spanning? : True
Is IST_3 spanning? : True
Is IST_4 spanning? : True
Is IST_5 spanning? : True
Are all ISTs independent? : True

====TEST CR(769, 116, 232)====
Is IST_0 spanning? : True
Is IST_1 spanning? : True
Is IST_2 spanning? : True
Is IST_3 spanning? : True
Is IST_4 spanning? : True
Is IST_5 spanning? : True
Are all ISTs independent? : True

====TEST CR(770, 116, 232)====
Is IST_0 spanning? : True
Is IST_1 spanning? : True
Is IST_2 spanning? : True
Is IST_3 spanning? : True
Is IST_4 spanning? : True
Is IST_5 spanning? : True
Are all ISTs independent? : True

====TEST CR(771, 116, 232)====
Is IST_0 spanning? : True
Is IST_1 spanning? : True
Is IST_2 spanning? : True
Is IST_3 spanning? : True
Is IST_4 spanning? : True
Is IST_5 spanning? : True
Are all ISTs independent? : True

====TEST CR(772, 116, 232)====
Is IST_0 spanning? : True
Is IST_1 spanning? : True
Is IST_2 spanning? : True
Is IST_3 spanning? : True
Is IST_4 spanning? : True
Is IST_5 spanning? : True
Are all ISTs independent? : True

====TEST CR(773, 116, 232)====
Is IST_0 spanning? : True
Is IST_1 spanning? : True
Is IST_2 spanning? : True
Is IST_3 spanning? : True
Is IST_4 spanning? : True
Is IST_5 spanning? : True
Are all ISTs independent? : True

====TEST CR(774, 116, 232)====
Is IST_0 spanning? : True
Is IST_1 spanning? : True
Is IST_2 spanning? : True
Is IST_3 spanning? : True
Is IST_4 spanning? : True
Is IST_5 spanning? : True
Are all ISTs independent? : True

====TEST CR(775, 116, 232)====
Is IST_0 spanning? : True
Is IST_1 spanning? : True
Is IST_2 spanning? : True
Is IST_3 spanning? : True
Is IST_4 spanning? : True
Is IST_5 spanning? : True
Are all ISTs independent? : True

====TEST CR(776, 116, 232)====
Is IST_0 spanning? : True
Is IST_1 spanning? : True
Is IST_2 spanning? : True
Is IST_3 spanning? : True
Is IST_4 spanning? : True
Is IST_5 spanning? : True
Are all ISTs independent? : True

====TEST CR(777, 116, 232)====
Is IST_0 spanning? : True
Is IST_1 spanning? : True
Is IST_2 spanning? : True
Is IST_3 spanning? : True
Is IST_4 spanning? : True
Is IST_5 spanning? : True
Are all ISTs independent? : True

====TEST CR(778, 116, 232)====
Is IST_0 spanning? : True
Is IST_1 spanning? : True
Is IST_2 spanning? : True
Is IST_3 spanning? : True
Is IST_4 spanning? : True
Is IST_5 spanning? : True
Are all ISTs independent? : True

====TEST CR(779, 116, 232)====
Is IST_0 spanning? : True
Is IST_1 spanning? : True
Is IST_2 spanning? : True
Is IST_3 spanning? : True
Is IST_4 spanning? : True
Is IST_5 spanning? : True
Are all ISTs independent? : True

====TEST CR(780, 116, 232)====
Is IST_0 spanning? : True
Is IST_1 spanning? : True
Is IST_2 spanning? : True
Is IST_3 spanning? : True
Is IST_4 spanning? : True
Is IST_5 spanning? : True
Are all ISTs independent? : True

====TEST CR(781, 116, 232)====
Is IST_0 spanning? : True
Is IST_1 spanning? : True
Is IST_2 spanning? : True
Is IST_3 spanning? : True
Is IST_4 spanning? : True
Is IST_5 spanning? : True
Are all ISTs independent? : True

====TEST CR(782, 116, 232)====
Is IST_0 spanning? : True
Is IST_1 spanning? : True
Is IST_2 spanning? : True
Is IST_3 spanning? : True
Is IST_4 spanning? : True
Is IST_5 spanning? : True
Are all ISTs independent? : True

====TEST CR(783, 116, 232)====
Is IST_0 spanning? : True
Is IST_1 spanning? : True
Is IST_2 spanning? : True
Is IST_3 spanning? : True
Is IST_4 spanning? : True
Is IST_5 spanning? : True
Are all ISTs independent? : True

====TEST CR(784, 116, 232)====
Is IST_0 spanning? : True
Is IST_1 spanning? : True
Is IST_2 spanning? : True
Is IST_3 spanning? : True
Is IST_4 spanning? : True
Is IST_5 spanning? : True
Are all ISTs independent? : True

====TEST CR(785, 116, 232)====
Is IST_0 spanning? : True
Is IST_1 spanning? : True
Is IST_2 spanning? : True
Is IST_3 spanning? : True
Is IST_4 spanning? : True
Is IST_5 spanning? : True
Are all ISTs independent? : True

====TEST CR(786, 116, 232)====
Is IST_0 spanning? : True
Is IST_1 spanning? : True
Is IST_2 spanning? : True
Is IST_3 spanning? : True
Is IST_4 spanning? : True
Is IST_5 spanning? : True
Are all ISTs independent? : True

====TEST CR(787, 116, 232)====
Is IST_0 spanning? : True
Is IST_1 spanning? : True
Is IST_2 spanning? : True
Is IST_3 spanning? : True
Is IST_4 spanning? : True
Is IST_5 spanning? : True
Are all ISTs independent? : True

====TEST CR(788, 116, 232)====
Is IST_0 spanning? : True
Is IST_1 spanning? : True
Is IST_2 spanning? : True
Is IST_3 spanning? : True
Is IST_4 spanning? : True
Is IST_5 spanning? : True
Are all ISTs independent? : True

====TEST CR(789, 116, 232)====
Is IST_0 spanning? : True
Is IST_1 spanning? : True
Is IST_2 spanning? : True
Is IST_3 spanning? : True
Is IST_4 spanning? : True
Is IST_5 spanning? : True
Are all ISTs independent? : True

====TEST CR(790, 116, 232)====
Is IST_0 spanning? : True
Is IST_1 spanning? : True
Is IST_2 spanning? : True
Is IST_3 spanning? : True
Is IST_4 spanning? : True
Is IST_5 spanning? : True
Are all ISTs independent? : True

====TEST CR(791, 116, 232)====
Is IST_0 spanning? : True
Is IST_1 spanning? : True
Is IST_2 spanning? : True
Is IST_3 spanning? : True
Is IST_4 spanning? : True
Is IST_5 spanning? : True
Are all ISTs independent? : True

====TEST CR(792, 116, 232)====
Is IST_0 spanning? : True
Is IST_1 spanning? : True
Is IST_2 spanning? : True
Is IST_3 spanning? : True
Is IST_4 spanning? : True
Is IST_5 spanning? : True
Are all ISTs independent? : True

====TEST CR(793, 116, 232)====
Is IST_0 spanning? : True
Is IST_1 spanning? : True
Is IST_2 spanning? : True
Is IST_3 spanning? : True
Is IST_4 spanning? : True
Is IST_5 spanning? : True
Are all ISTs independent? : True

====TEST CR(794, 116, 232)====
Is IST_0 spanning? : True
Is IST_1 spanning? : True
Is IST_2 spanning? : True
Is IST_3 spanning? : True
Is IST_4 spanning? : True
Is IST_5 spanning? : True
Are all ISTs independent? : True

====TEST CR(795, 116, 232)====
Is IST_0 spanning? : True
Is IST_1 spanning? : True
Is IST_2 spanning? : True
Is IST_3 spanning? : True
Is IST_4 spanning? : True
Is IST_5 spanning? : True
Are all ISTs independent? : True

====TEST CR(796, 116, 232)====
Is IST_0 spanning? : True
Is IST_1 spanning? : True
Is IST_2 spanning? : True
Is IST_3 spanning? : True
Is IST_4 spanning? : True
Is IST_5 spanning? : True
Are all ISTs independent? : True

====TEST CR(797, 116, 232)====
Is IST_0 spanning? : True
Is IST_1 spanning? : True
Is IST_2 spanning? : True
Is IST_3 spanning? : True
Is IST_4 spanning? : True
Is IST_5 spanning? : True
Are all ISTs independent? : True

====TEST CR(798, 116, 232)====
Is IST_0 spanning? : True
Is IST_1 spanning? : True
Is IST_2 spanning? : True
Is IST_3 spanning? : True
Is IST_4 spanning? : True
Is IST_5 spanning? : True
Are all ISTs independent? : True

====TEST CR(799, 116, 232)====
Is IST_0 spanning? : True
Is IST_1 spanning? : True
Is IST_2 spanning? : True
Is IST_3 spanning? : True
Is IST_4 spanning? : True
Is IST_5 spanning? : True
Are all ISTs independent? : True

====TEST CR(800, 116, 232)====
Is IST_0 spanning? : True
Is IST_1 spanning? : True
Is IST_2 spanning? : True
Is IST_3 spanning? : True
Is IST_4 spanning? : True
Is IST_5 spanning? : True
Are all ISTs independent? : True

====TEST CR(801, 116, 232)====
Is IST_0 spanning? : True
Is IST_1 spanning? : True
Is IST_2 spanning? : True
Is IST_3 spanning? : True
Is IST_4 spanning? : True
Is IST_5 spanning? : True
Are all ISTs independent? : True

====TEST CR(802, 116, 232)====
Is IST_0 spanning? : True
Is IST_1 spanning? : True
Is IST_2 spanning? : True
Is IST_3 spanning? : True
Is IST_4 spanning? : True
Is IST_5 spanning? : True
Are all ISTs independent? : True

====TEST CR(803, 116, 232)====
Is IST_0 spanning? : True
Is IST_1 spanning? : True
Is IST_2 spanning? : True
Is IST_3 spanning? : True
Is IST_4 spanning? : True
Is IST_5 spanning? : True
Are all ISTs independent? : True

====TEST CR(804, 116, 232)====
Is IST_0 spanning? : True
Is IST_1 spanning? : True
Is IST_2 spanning? : True
Is IST_3 spanning? : True
Is IST_4 spanning? : True
Is IST_5 spanning? : True
Are all ISTs independent? : True

====TEST CR(805, 116, 232)====
Is IST_0 spanning? : True
Is IST_1 spanning? : True
Is IST_2 spanning? : True
Is IST_3 spanning? : True
Is IST_4 spanning? : True
Is IST_5 spanning? : True
Are all ISTs independent? : True

====TEST CR(806, 116, 232)====
Is IST_0 spanning? : True
Is IST_1 spanning? : True
Is IST_2 spanning? : True
Is IST_3 spanning? : True
Is IST_4 spanning? : True
Is IST_5 spanning? : True
Are all ISTs independent? : True

====TEST CR(807, 116, 232)====
Is IST_0 spanning? : True
Is IST_1 spanning? : True
Is IST_2 spanning? : True
Is IST_3 spanning? : True
Is IST_4 spanning? : True
Is IST_5 spanning? : True
Are all ISTs independent? : True

====TEST CR(808, 116, 232)====
Is IST_0 spanning? : True
Is IST_1 spanning? : True
Is IST_2 spanning? : True
Is IST_3 spanning? : True
Is IST_4 spanning? : True
Is IST_5 spanning? : True
Are all ISTs independent? : True

====TEST CR(809, 116, 232)====
Is IST_0 spanning? : True
Is IST_1 spanning? : True
Is IST_2 spanning? : True
Is IST_3 spanning? : True
Is IST_4 spanning? : True
Is IST_5 spanning? : True
Are all ISTs independent? : True

====TEST CR(810, 116, 232)====
Is IST_0 spanning? : True
Is IST_1 spanning? : True
Is IST_2 spanning? : True
Is IST_3 spanning? : True
Is IST_4 spanning? : True
Is IST_5 spanning? : True
Are all ISTs independent? : True

====TEST CR(811, 116, 232)====
Is IST_0 spanning? : True
Is IST_1 spanning? : True
Is IST_2 spanning? : True
Is IST_3 spanning? : True
Is IST_4 spanning? : True
Is IST_5 spanning? : True
Are all ISTs independent? : True

====TEST CR(812, 116, 232)====
Is IST_0 spanning? : True
Is IST_1 spanning? : True
Is IST_2 spanning? : True
Is IST_3 spanning? : True
Is IST_4 spanning? : True
Is IST_5 spanning? : True
Are all ISTs independent? : True

====TEST CR(813, 116, 232)====
Is IST_0 spanning? : True
Is IST_1 spanning? : True
Is IST_2 spanning? : True
Is IST_3 spanning? : True
Is IST_4 spanning? : True
Is IST_5 spanning? : True
Are all ISTs independent? : True

====TEST CR(814, 116, 232)====
Is IST_0 spanning? : True
Is IST_1 spanning? : True
Is IST_2 spanning? : True
Is IST_3 spanning? : True
Is IST_4 spanning? : True
Is IST_5 spanning? : True
Are all ISTs independent? : True

====TEST CR(815, 116, 232)====
Is IST_0 spanning? : True
Is IST_1 spanning? : True
Is IST_2 spanning? : True
Is IST_3 spanning? : True
Is IST_4 spanning? : True
Is IST_5 spanning? : True
Are all ISTs independent? : True

====TEST CR(816, 116, 232)====
Is IST_0 spanning? : True
Is IST_1 spanning? : True
Is IST_2 spanning? : True
Is IST_3 spanning? : True
Is IST_4 spanning? : True
Is IST_5 spanning? : True
Are all ISTs independent? : True

====TEST CR(817, 116, 232)====
Is IST_0 spanning? : True
Is IST_1 spanning? : True
Is IST_2 spanning? : True
Is IST_3 spanning? : True
Is IST_4 spanning? : True
Is IST_5 spanning? : True
Are all ISTs independent? : True

====TEST CR(818, 116, 232)====
Is IST_0 spanning? : True
Is IST_1 spanning? : True
Is IST_2 spanning? : True
Is IST_3 spanning? : True
Is IST_4 spanning? : True
Is IST_5 spanning? : True
Are all ISTs independent? : True

====TEST CR(819, 116, 232)====
Is IST_0 spanning? : True
Is IST_1 spanning? : True
Is IST_2 spanning? : True
Is IST_3 spanning? : True
Is IST_4 spanning? : True
Is IST_5 spanning? : True
Are all ISTs independent? : True

====TEST CR(820, 116, 232)====
Is IST_0 spanning? : True
Is IST_1 spanning? : True
Is IST_2 spanning? : True
Is IST_3 spanning? : True
Is IST_4 spanning? : True
Is IST_5 spanning? : True
Are all ISTs independent? : True

====TEST CR(821, 116, 232)====
Is IST_0 spanning? : True
Is IST_1 spanning? : True
Is IST_2 spanning? : True
Is IST_3 spanning? : True
Is IST_4 spanning? : True
Is IST_5 spanning? : True
Are all ISTs independent? : True

====TEST CR(822, 116, 232)====
Is IST_0 spanning? : True
Is IST_1 spanning? : True
Is IST_2 spanning? : True
Is IST_3 spanning? : True
Is IST_4 spanning? : True
Is IST_5 spanning? : True
Are all ISTs independent? : True

====TEST CR(823, 116, 232)====
Is IST_0 spanning? : True
Is IST_1 spanning? : True
Is IST_2 spanning? : True
Is IST_3 spanning? : True
Is IST_4 spanning? : True
Is IST_5 spanning? : True
Are all ISTs independent? : True

====TEST CR(824, 116, 232)====
Is IST_0 spanning? : True
Is IST_1 spanning? : True
Is IST_2 spanning? : True
Is IST_3 spanning? : True
Is IST_4 spanning? : True
Is IST_5 spanning? : True
Are all ISTs independent? : True

====TEST CR(702, 117, 234)====
Is IST_0 spanning? : True
Is IST_1 spanning? : True
Is IST_2 spanning? : True
Is IST_3 spanning? : True
Is IST_4 spanning? : True
Is IST_5 spanning? : True
Are all ISTs independent? : True

====TEST CR(703, 117, 234)====
Is IST_0 spanning? : True
Is IST_1 spanning? : True
Is IST_2 spanning? : True
Is IST_3 spanning? : True
Is IST_4 spanning? : True
Is IST_5 spanning? : True
Are all ISTs independent? : True

====TEST CR(704, 117, 234)====
Is IST_0 spanning? : True
Is IST_1 spanning? : True
Is IST_2 spanning? : True
Is IST_3 spanning? : True
Is IST_4 spanning? : True
Is IST_5 spanning? : True
Are all ISTs independent? : True

====TEST CR(705, 117, 234)====
Is IST_0 spanning? : True
Is IST_1 spanning? : True
Is IST_2 spanning? : True
Is IST_3 spanning? : True
Is IST_4 spanning? : True
Is IST_5 spanning? : True
Are all ISTs independent? : True

====TEST CR(706, 117, 234)====
Is IST_0 spanning? : True
Is IST_1 spanning? : True
Is IST_2 spanning? : True
Is IST_3 spanning? : True
Is IST_4 spanning? : True
Is IST_5 spanning? : True
Are all ISTs independent? : True

====TEST CR(707, 117, 234)====
Is IST_0 spanning? : True
Is IST_1 spanning? : True
Is IST_2 spanning? : True
Is IST_3 spanning? : True
Is IST_4 spanning? : True
Is IST_5 spanning? : True
Are all ISTs independent? : True

====TEST CR(708, 117, 234)====
Is IST_0 spanning? : True
Is IST_1 spanning? : True
Is IST_2 spanning? : True
Is IST_3 spanning? : True
Is IST_4 spanning? : True
Is IST_5 spanning? : True
Are all ISTs independent? : True

====TEST CR(709, 117, 234)====
Is IST_0 spanning? : True
Is IST_1 spanning? : True
Is IST_2 spanning? : True
Is IST_3 spanning? : True
Is IST_4 spanning? : True
Is IST_5 spanning? : True
Are all ISTs independent? : True

====TEST CR(710, 117, 234)====
Is IST_0 spanning? : True
Is IST_1 spanning? : True
Is IST_2 spanning? : True
Is IST_3 spanning? : True
Is IST_4 spanning? : True
Is IST_5 spanning? : True
Are all ISTs independent? : True

====TEST CR(711, 117, 234)====
Is IST_0 spanning? : True
Is IST_1 spanning? : True
Is IST_2 spanning? : True
Is IST_3 spanning? : True
Is IST_4 spanning? : True
Is IST_5 spanning? : True
Are all ISTs independent? : True

====TEST CR(712, 117, 234)====
Is IST_0 spanning? : True
Is IST_1 spanning? : True
Is IST_2 spanning? : True
Is IST_3 spanning? : True
Is IST_4 spanning? : True
Is IST_5 spanning? : True
Are all ISTs independent? : True

====TEST CR(713, 117, 234)====
Is IST_0 spanning? : True
Is IST_1 spanning? : True
Is IST_2 spanning? : True
Is IST_3 spanning? : True
Is IST_4 spanning? : True
Is IST_5 spanning? : True
Are all ISTs independent? : True

====TEST CR(714, 117, 234)====
Is IST_0 spanning? : True
Is IST_1 spanning? : True
Is IST_2 spanning? : True
Is IST_3 spanning? : True
Is IST_4 spanning? : True
Is IST_5 spanning? : True
Are all ISTs independent? : True

====TEST CR(715, 117, 234)====
Is IST_0 spanning? : True
Is IST_1 spanning? : True
Is IST_2 spanning? : True
Is IST_3 spanning? : True
Is IST_4 spanning? : True
Is IST_5 spanning? : True
Are all ISTs independent? : True

====TEST CR(716, 117, 234)====
Is IST_0 spanning? : True
Is IST_1 spanning? : True
Is IST_2 spanning? : True
Is IST_3 spanning? : True
Is IST_4 spanning? : True
Is IST_5 spanning? : True
Are all ISTs independent? : True

====TEST CR(717, 117, 234)====
Is IST_0 spanning? : True
Is IST_1 spanning? : True
Is IST_2 spanning? : True
Is IST_3 spanning? : True
Is IST_4 spanning? : True
Is IST_5 spanning? : True
Are all ISTs independent? : True

====TEST CR(718, 117, 234)====
Is IST_0 spanning? : True
Is IST_1 spanning? : True
Is IST_2 spanning? : True
Is IST_3 spanning? : True
Is IST_4 spanning? : True
Is IST_5 spanning? : True
Are all ISTs independent? : True

====TEST CR(719, 117, 234)====
Is IST_0 spanning? : True
Is IST_1 spanning? : True
Is IST_2 spanning? : True
Is IST_3 spanning? : True
Is IST_4 spanning? : True
Is IST_5 spanning? : True
Are all ISTs independent? : True

====TEST CR(720, 117, 234)====
Is IST_0 spanning? : True
Is IST_1 spanning? : True
Is IST_2 spanning? : True
Is IST_3 spanning? : True
Is IST_4 spanning? : True
Is IST_5 spanning? : True
Are all ISTs independent? : True

====TEST CR(721, 117, 234)====
Is IST_0 spanning? : True
Is IST_1 spanning? : True
Is IST_2 spanning? : True
Is IST_3 spanning? : True
Is IST_4 spanning? : True
Is IST_5 spanning? : True
Are all ISTs independent? : True

====TEST CR(722, 117, 234)====
Is IST_0 spanning? : True
Is IST_1 spanning? : True
Is IST_2 spanning? : True
Is IST_3 spanning? : True
Is IST_4 spanning? : True
Is IST_5 spanning? : True
Are all ISTs independent? : True

====TEST CR(723, 117, 234)====
Is IST_0 spanning? : True
Is IST_1 spanning? : True
Is IST_2 spanning? : True
Is IST_3 spanning? : True
Is IST_4 spanning? : True
Is IST_5 spanning? : True
Are all ISTs independent? : True

====TEST CR(724, 117, 234)====
Is IST_0 spanning? : True
Is IST_1 spanning? : True
Is IST_2 spanning? : True
Is IST_3 spanning? : True
Is IST_4 spanning? : True
Is IST_5 spanning? : True
Are all ISTs independent? : True

====TEST CR(725, 117, 234)====
Is IST_0 spanning? : True
Is IST_1 spanning? : True
Is IST_2 spanning? : True
Is IST_3 spanning? : True
Is IST_4 spanning? : True
Is IST_5 spanning? : True
Are all ISTs independent? : True

====TEST CR(726, 117, 234)====
Is IST_0 spanning? : True
Is IST_1 spanning? : True
Is IST_2 spanning? : True
Is IST_3 spanning? : True
Is IST_4 spanning? : True
Is IST_5 spanning? : True
Are all ISTs independent? : True

====TEST CR(727, 117, 234)====
Is IST_0 spanning? : True
Is IST_1 spanning? : True
Is IST_2 spanning? : True
Is IST_3 spanning? : True
Is IST_4 spanning? : True
Is IST_5 spanning? : True
Are all ISTs independent? : True

====TEST CR(728, 117, 234)====
Is IST_0 spanning? : True
Is IST_1 spanning? : True
Is IST_2 spanning? : True
Is IST_3 spanning? : True
Is IST_4 spanning? : True
Is IST_5 spanning? : True
Are all ISTs independent? : True

====TEST CR(729, 117, 234)====
Is IST_0 spanning? : True
Is IST_1 spanning? : True
Is IST_2 spanning? : True
Is IST_3 spanning? : True
Is IST_4 spanning? : True
Is IST_5 spanning? : True
Are all ISTs independent? : True

====TEST CR(730, 117, 234)====
Is IST_0 spanning? : True
Is IST_1 spanning? : True
Is IST_2 spanning? : True
Is IST_3 spanning? : True
Is IST_4 spanning? : True
Is IST_5 spanning? : True
Are all ISTs independent? : True

====TEST CR(731, 117, 234)====
Is IST_0 spanning? : True
Is IST_1 spanning? : True
Is IST_2 spanning? : True
Is IST_3 spanning? : True
Is IST_4 spanning? : True
Is IST_5 spanning? : True
Are all ISTs independent? : True

====TEST CR(732, 117, 234)====
Is IST_0 spanning? : True
Is IST_1 spanning? : True
Is IST_2 spanning? : True
Is IST_3 spanning? : True
Is IST_4 spanning? : True
Is IST_5 spanning? : True
Are all ISTs independent? : True

====TEST CR(733, 117, 234)====
Is IST_0 spanning? : True
Is IST_1 spanning? : True
Is IST_2 spanning? : True
Is IST_3 spanning? : True
Is IST_4 spanning? : True
Is IST_5 spanning? : True
Are all ISTs independent? : True

====TEST CR(734, 117, 234)====
Is IST_0 spanning? : True
Is IST_1 spanning? : True
Is IST_2 spanning? : True
Is IST_3 spanning? : True
Is IST_4 spanning? : True
Is IST_5 spanning? : True
Are all ISTs independent? : True

====TEST CR(735, 117, 234)====
Is IST_0 spanning? : True
Is IST_1 spanning? : True
Is IST_2 spanning? : True
Is IST_3 spanning? : True
Is IST_4 spanning? : True
Is IST_5 spanning? : True
Are all ISTs independent? : True

====TEST CR(736, 117, 234)====
Is IST_0 spanning? : True
Is IST_1 spanning? : True
Is IST_2 spanning? : True
Is IST_3 spanning? : True
Is IST_4 spanning? : True
Is IST_5 spanning? : True
Are all ISTs independent? : True

====TEST CR(737, 117, 234)====
Is IST_0 spanning? : True
Is IST_1 spanning? : True
Is IST_2 spanning? : True
Is IST_3 spanning? : True
Is IST_4 spanning? : True
Is IST_5 spanning? : True
Are all ISTs independent? : True

====TEST CR(738, 117, 234)====
Is IST_0 spanning? : True
Is IST_1 spanning? : True
Is IST_2 spanning? : True
Is IST_3 spanning? : True
Is IST_4 spanning? : True
Is IST_5 spanning? : True
Are all ISTs independent? : True

====TEST CR(739, 117, 234)====
Is IST_0 spanning? : True
Is IST_1 spanning? : True
Is IST_2 spanning? : True
Is IST_3 spanning? : True
Is IST_4 spanning? : True
Is IST_5 spanning? : True
Are all ISTs independent? : True

====TEST CR(740, 117, 234)====
Is IST_0 spanning? : True
Is IST_1 spanning? : True
Is IST_2 spanning? : True
Is IST_3 spanning? : True
Is IST_4 spanning? : True
Is IST_5 spanning? : True
Are all ISTs independent? : True

====TEST CR(741, 117, 234)====
Is IST_0 spanning? : True
Is IST_1 spanning? : True
Is IST_2 spanning? : True
Is IST_3 spanning? : True
Is IST_4 spanning? : True
Is IST_5 spanning? : True
Are all ISTs independent? : True

====TEST CR(742, 117, 234)====
Is IST_0 spanning? : True
Is IST_1 spanning? : True
Is IST_2 spanning? : True
Is IST_3 spanning? : True
Is IST_4 spanning? : True
Is IST_5 spanning? : True
Are all ISTs independent? : True

====TEST CR(743, 117, 234)====
Is IST_0 spanning? : True
Is IST_1 spanning? : True
Is IST_2 spanning? : True
Is IST_3 spanning? : True
Is IST_4 spanning? : True
Is IST_5 spanning? : True
Are all ISTs independent? : True

====TEST CR(744, 117, 234)====
Is IST_0 spanning? : True
Is IST_1 spanning? : True
Is IST_2 spanning? : True
Is IST_3 spanning? : True
Is IST_4 spanning? : True
Is IST_5 spanning? : True
Are all ISTs independent? : True

====TEST CR(745, 117, 234)====
Is IST_0 spanning? : True
Is IST_1 spanning? : True
Is IST_2 spanning? : True
Is IST_3 spanning? : True
Is IST_4 spanning? : True
Is IST_5 spanning? : True
Are all ISTs independent? : True

====TEST CR(746, 117, 234)====
Is IST_0 spanning? : True
Is IST_1 spanning? : True
Is IST_2 spanning? : True
Is IST_3 spanning? : True
Is IST_4 spanning? : True
Is IST_5 spanning? : True
Are all ISTs independent? : True

====TEST CR(747, 117, 234)====
Is IST_0 spanning? : True
Is IST_1 spanning? : True
Is IST_2 spanning? : True
Is IST_3 spanning? : True
Is IST_4 spanning? : True
Is IST_5 spanning? : True
Are all ISTs independent? : True

====TEST CR(748, 117, 234)====
Is IST_0 spanning? : True
Is IST_1 spanning? : True
Is IST_2 spanning? : True
Is IST_3 spanning? : True
Is IST_4 spanning? : True
Is IST_5 spanning? : True
Are all ISTs independent? : True

====TEST CR(749, 117, 234)====
Is IST_0 spanning? : True
Is IST_1 spanning? : True
Is IST_2 spanning? : True
Is IST_3 spanning? : True
Is IST_4 spanning? : True
Is IST_5 spanning? : True
Are all ISTs independent? : True

====TEST CR(750, 117, 234)====
Is IST_0 spanning? : True
Is IST_1 spanning? : True
Is IST_2 spanning? : True
Is IST_3 spanning? : True
Is IST_4 spanning? : True
Is IST_5 spanning? : True
Are all ISTs independent? : True

====TEST CR(751, 117, 234)====
Is IST_0 spanning? : True
Is IST_1 spanning? : True
Is IST_2 spanning? : True
Is IST_3 spanning? : True
Is IST_4 spanning? : True
Is IST_5 spanning? : True
Are all ISTs independent? : True

====TEST CR(752, 117, 234)====
Is IST_0 spanning? : True
Is IST_1 spanning? : True
Is IST_2 spanning? : True
Is IST_3 spanning? : True
Is IST_4 spanning? : True
Is IST_5 spanning? : True
Are all ISTs independent? : True

====TEST CR(753, 117, 234)====
Is IST_0 spanning? : True
Is IST_1 spanning? : True
Is IST_2 spanning? : True
Is IST_3 spanning? : True
Is IST_4 spanning? : True
Is IST_5 spanning? : True
Are all ISTs independent? : True

====TEST CR(754, 117, 234)====
Is IST_0 spanning? : True
Is IST_1 spanning? : True
Is IST_2 spanning? : True
Is IST_3 spanning? : True
Is IST_4 spanning? : True
Is IST_5 spanning? : True
Are all ISTs independent? : True

====TEST CR(755, 117, 234)====
Is IST_0 spanning? : True
Is IST_1 spanning? : True
Is IST_2 spanning? : True
Is IST_3 spanning? : True
Is IST_4 spanning? : True
Is IST_5 spanning? : True
Are all ISTs independent? : True

====TEST CR(756, 117, 234)====
Is IST_0 spanning? : True
Is IST_1 spanning? : True
Is IST_2 spanning? : True
Is IST_3 spanning? : True
Is IST_4 spanning? : True
Is IST_5 spanning? : True
Are all ISTs independent? : True

====TEST CR(757, 117, 234)====
Is IST_0 spanning? : True
Is IST_1 spanning? : True
Is IST_2 spanning? : True
Is IST_3 spanning? : True
Is IST_4 spanning? : True
Is IST_5 spanning? : True
Are all ISTs independent? : True

====TEST CR(758, 117, 234)====
Is IST_0 spanning? : True
Is IST_1 spanning? : True
Is IST_2 spanning? : True
Is IST_3 spanning? : True
Is IST_4 spanning? : True
Is IST_5 spanning? : True
Are all ISTs independent? : True

====TEST CR(759, 117, 234)====
Is IST_0 spanning? : True
Is IST_1 spanning? : True
Is IST_2 spanning? : True
Is IST_3 spanning? : True
Is IST_4 spanning? : True
Is IST_5 spanning? : True
Are all ISTs independent? : True

====TEST CR(760, 117, 234)====
Is IST_0 spanning? : True
Is IST_1 spanning? : True
Is IST_2 spanning? : True
Is IST_3 spanning? : True
Is IST_4 spanning? : True
Is IST_5 spanning? : True
Are all ISTs independent? : True

====TEST CR(761, 117, 234)====
Is IST_0 spanning? : True
Is IST_1 spanning? : True
Is IST_2 spanning? : True
Is IST_3 spanning? : True
Is IST_4 spanning? : True
Is IST_5 spanning? : True
Are all ISTs independent? : True

====TEST CR(762, 117, 234)====
Is IST_0 spanning? : True
Is IST_1 spanning? : True
Is IST_2 spanning? : True
Is IST_3 spanning? : True
Is IST_4 spanning? : True
Is IST_5 spanning? : True
Are all ISTs independent? : True

====TEST CR(763, 117, 234)====
Is IST_0 spanning? : True
Is IST_1 spanning? : True
Is IST_2 spanning? : True
Is IST_3 spanning? : True
Is IST_4 spanning? : True
Is IST_5 spanning? : True
Are all ISTs independent? : True

====TEST CR(764, 117, 234)====
Is IST_0 spanning? : True
Is IST_1 spanning? : True
Is IST_2 spanning? : True
Is IST_3 spanning? : True
Is IST_4 spanning? : True
Is IST_5 spanning? : True
Are all ISTs independent? : True

====TEST CR(765, 117, 234)====
Is IST_0 spanning? : True
Is IST_1 spanning? : True
Is IST_2 spanning? : True
Is IST_3 spanning? : True
Is IST_4 spanning? : True
Is IST_5 spanning? : True
Are all ISTs independent? : True

====TEST CR(766, 117, 234)====
Is IST_0 spanning? : True
Is IST_1 spanning? : True
Is IST_2 spanning? : True
Is IST_3 spanning? : True
Is IST_4 spanning? : True
Is IST_5 spanning? : True
Are all ISTs independent? : True

====TEST CR(767, 117, 234)====
Is IST_0 spanning? : True
Is IST_1 spanning? : True
Is IST_2 spanning? : True
Is IST_3 spanning? : True
Is IST_4 spanning? : True
Is IST_5 spanning? : True
Are all ISTs independent? : True

====TEST CR(768, 117, 234)====
Is IST_0 spanning? : True
Is IST_1 spanning? : True
Is IST_2 spanning? : True
Is IST_3 spanning? : True
Is IST_4 spanning? : True
Is IST_5 spanning? : True
Are all ISTs independent? : True

====TEST CR(769, 117, 234)====
Is IST_0 spanning? : True
Is IST_1 spanning? : True
Is IST_2 spanning? : True
Is IST_3 spanning? : True
Is IST_4 spanning? : True
Is IST_5 spanning? : True
Are all ISTs independent? : True

====TEST CR(770, 117, 234)====
Is IST_0 spanning? : True
Is IST_1 spanning? : True
Is IST_2 spanning? : True
Is IST_3 spanning? : True
Is IST_4 spanning? : True
Is IST_5 spanning? : True
Are all ISTs independent? : True

====TEST CR(771, 117, 234)====
Is IST_0 spanning? : True
Is IST_1 spanning? : True
Is IST_2 spanning? : True
Is IST_3 spanning? : True
Is IST_4 spanning? : True
Is IST_5 spanning? : True
Are all ISTs independent? : True

====TEST CR(772, 117, 234)====
Is IST_0 spanning? : True
Is IST_1 spanning? : True
Is IST_2 spanning? : True
Is IST_3 spanning? : True
Is IST_4 spanning? : True
Is IST_5 spanning? : True
Are all ISTs independent? : True

====TEST CR(773, 117, 234)====
Is IST_0 spanning? : True
Is IST_1 spanning? : True
Is IST_2 spanning? : True
Is IST_3 spanning? : True
Is IST_4 spanning? : True
Is IST_5 spanning? : True
Are all ISTs independent? : True

====TEST CR(774, 117, 234)====
Is IST_0 spanning? : True
Is IST_1 spanning? : True
Is IST_2 spanning? : True
Is IST_3 spanning? : True
Is IST_4 spanning? : True
Is IST_5 spanning? : True
Are all ISTs independent? : True

====TEST CR(775, 117, 234)====
Is IST_0 spanning? : True
Is IST_1 spanning? : True
Is IST_2 spanning? : True
Is IST_3 spanning? : True
Is IST_4 spanning? : True
Is IST_5 spanning? : True
Are all ISTs independent? : True

====TEST CR(776, 117, 234)====
Is IST_0 spanning? : True
Is IST_1 spanning? : True
Is IST_2 spanning? : True
Is IST_3 spanning? : True
Is IST_4 spanning? : True
Is IST_5 spanning? : True
Are all ISTs independent? : True

====TEST CR(777, 117, 234)====
Is IST_0 spanning? : True
Is IST_1 spanning? : True
Is IST_2 spanning? : True
Is IST_3 spanning? : True
Is IST_4 spanning? : True
Is IST_5 spanning? : True
Are all ISTs independent? : True

====TEST CR(778, 117, 234)====
Is IST_0 spanning? : True
Is IST_1 spanning? : True
Is IST_2 spanning? : True
Is IST_3 spanning? : True
Is IST_4 spanning? : True
Is IST_5 spanning? : True
Are all ISTs independent? : True

====TEST CR(779, 117, 234)====
Is IST_0 spanning? : True
Is IST_1 spanning? : True
Is IST_2 spanning? : True
Is IST_3 spanning? : True
Is IST_4 spanning? : True
Is IST_5 spanning? : True
Are all ISTs independent? : True

====TEST CR(780, 117, 234)====
Is IST_0 spanning? : True
Is IST_1 spanning? : True
Is IST_2 spanning? : True
Is IST_3 spanning? : True
Is IST_4 spanning? : True
Is IST_5 spanning? : True
Are all ISTs independent? : True

====TEST CR(781, 117, 234)====
Is IST_0 spanning? : True
Is IST_1 spanning? : True
Is IST_2 spanning? : True
Is IST_3 spanning? : True
Is IST_4 spanning? : True
Is IST_5 spanning? : True
Are all ISTs independent? : True

====TEST CR(782, 117, 234)====
Is IST_0 spanning? : True
Is IST_1 spanning? : True
Is IST_2 spanning? : True
Is IST_3 spanning? : True
Is IST_4 spanning? : True
Is IST_5 spanning? : True
Are all ISTs independent? : True

====TEST CR(783, 117, 234)====
Is IST_0 spanning? : True
Is IST_1 spanning? : True
Is IST_2 spanning? : True
Is IST_3 spanning? : True
Is IST_4 spanning? : True
Is IST_5 spanning? : True
Are all ISTs independent? : True

====TEST CR(784, 117, 234)====
Is IST_0 spanning? : True
Is IST_1 spanning? : True
Is IST_2 spanning? : True
Is IST_3 spanning? : True
Is IST_4 spanning? : True
Is IST_5 spanning? : True
Are all ISTs independent? : True

====TEST CR(785, 117, 234)====
Is IST_0 spanning? : True
Is IST_1 spanning? : True
Is IST_2 spanning? : True
Is IST_3 spanning? : True
Is IST_4 spanning? : True
Is IST_5 spanning? : True
Are all ISTs independent? : True

====TEST CR(786, 117, 234)====
Is IST_0 spanning? : True
Is IST_1 spanning? : True
Is IST_2 spanning? : True
Is IST_3 spanning? : True
Is IST_4 spanning? : True
Is IST_5 spanning? : True
Are all ISTs independent? : True

====TEST CR(787, 117, 234)====
Is IST_0 spanning? : True
Is IST_1 spanning? : True
Is IST_2 spanning? : True
Is IST_3 spanning? : True
Is IST_4 spanning? : True
Is IST_5 spanning? : True
Are all ISTs independent? : True

====TEST CR(788, 117, 234)====
Is IST_0 spanning? : True
Is IST_1 spanning? : True
Is IST_2 spanning? : True
Is IST_3 spanning? : True
Is IST_4 spanning? : True
Is IST_5 spanning? : True
Are all ISTs independent? : True

====TEST CR(789, 117, 234)====
Is IST_0 spanning? : True
Is IST_1 spanning? : True
Is IST_2 spanning? : True
Is IST_3 spanning? : True
Is IST_4 spanning? : True
Is IST_5 spanning? : True
Are all ISTs independent? : True

====TEST CR(790, 117, 234)====
Is IST_0 spanning? : True
Is IST_1 spanning? : True
Is IST_2 spanning? : True
Is IST_3 spanning? : True
Is IST_4 spanning? : True
Is IST_5 spanning? : True
Are all ISTs independent? : True

====TEST CR(791, 117, 234)====
Is IST_0 spanning? : True
Is IST_1 spanning? : True
Is IST_2 spanning? : True
Is IST_3 spanning? : True
Is IST_4 spanning? : True
Is IST_5 spanning? : True
Are all ISTs independent? : True

====TEST CR(792, 117, 234)====
Is IST_0 spanning? : True
Is IST_1 spanning? : True
Is IST_2 spanning? : True
Is IST_3 spanning? : True
Is IST_4 spanning? : True
Is IST_5 spanning? : True
Are all ISTs independent? : True

====TEST CR(793, 117, 234)====
Is IST_0 spanning? : True
Is IST_1 spanning? : True
Is IST_2 spanning? : True
Is IST_3 spanning? : True
Is IST_4 spanning? : True
Is IST_5 spanning? : True
Are all ISTs independent? : True

====TEST CR(794, 117, 234)====
Is IST_0 spanning? : True
Is IST_1 spanning? : True
Is IST_2 spanning? : True
Is IST_3 spanning? : True
Is IST_4 spanning? : True
Is IST_5 spanning? : True
Are all ISTs independent? : True

====TEST CR(795, 117, 234)====
Is IST_0 spanning? : True
Is IST_1 spanning? : True
Is IST_2 spanning? : True
Is IST_3 spanning? : True
Is IST_4 spanning? : True
Is IST_5 spanning? : True
Are all ISTs independent? : True

====TEST CR(796, 117, 234)====
Is IST_0 spanning? : True
Is IST_1 spanning? : True
Is IST_2 spanning? : True
Is IST_3 spanning? : True
Is IST_4 spanning? : True
Is IST_5 spanning? : True
Are all ISTs independent? : True

====TEST CR(797, 117, 234)====
Is IST_0 spanning? : True
Is IST_1 spanning? : True
Is IST_2 spanning? : True
Is IST_3 spanning? : True
Is IST_4 spanning? : True
Is IST_5 spanning? : True
Are all ISTs independent? : True

====TEST CR(798, 117, 234)====
Is IST_0 spanning? : True
Is IST_1 spanning? : True
Is IST_2 spanning? : True
Is IST_3 spanning? : True
Is IST_4 spanning? : True
Is IST_5 spanning? : True
Are all ISTs independent? : True

====TEST CR(799, 117, 234)====
Is IST_0 spanning? : True
Is IST_1 spanning? : True
Is IST_2 spanning? : True
Is IST_3 spanning? : True
Is IST_4 spanning? : True
Is IST_5 spanning? : True
Are all ISTs independent? : True

====TEST CR(800, 117, 234)====
Is IST_0 spanning? : True
Is IST_1 spanning? : True
Is IST_2 spanning? : True
Is IST_3 spanning? : True
Is IST_4 spanning? : True
Is IST_5 spanning? : True
Are all ISTs independent? : True

====TEST CR(801, 117, 234)====
Is IST_0 spanning? : True
Is IST_1 spanning? : True
Is IST_2 spanning? : True
Is IST_3 spanning? : True
Is IST_4 spanning? : True
Is IST_5 spanning? : True
Are all ISTs independent? : True

====TEST CR(802, 117, 234)====
Is IST_0 spanning? : True
Is IST_1 spanning? : True
Is IST_2 spanning? : True
Is IST_3 spanning? : True
Is IST_4 spanning? : True
Is IST_5 spanning? : True
Are all ISTs independent? : True

====TEST CR(803, 117, 234)====
Is IST_0 spanning? : True
Is IST_1 spanning? : True
Is IST_2 spanning? : True
Is IST_3 spanning? : True
Is IST_4 spanning? : True
Is IST_5 spanning? : True
Are all ISTs independent? : True

====TEST CR(804, 117, 234)====
Is IST_0 spanning? : True
Is IST_1 spanning? : True
Is IST_2 spanning? : True
Is IST_3 spanning? : True
Is IST_4 spanning? : True
Is IST_5 spanning? : True
Are all ISTs independent? : True

====TEST CR(805, 117, 234)====
Is IST_0 spanning? : True
Is IST_1 spanning? : True
Is IST_2 spanning? : True
Is IST_3 spanning? : True
Is IST_4 spanning? : True
Is IST_5 spanning? : True
Are all ISTs independent? : True

====TEST CR(806, 117, 234)====
Is IST_0 spanning? : True
Is IST_1 spanning? : True
Is IST_2 spanning? : True
Is IST_3 spanning? : True
Is IST_4 spanning? : True
Is IST_5 spanning? : True
Are all ISTs independent? : True

====TEST CR(807, 117, 234)====
Is IST_0 spanning? : True
Is IST_1 spanning? : True
Is IST_2 spanning? : True
Is IST_3 spanning? : True
Is IST_4 spanning? : True
Is IST_5 spanning? : True
Are all ISTs independent? : True

====TEST CR(808, 117, 234)====
Is IST_0 spanning? : True
Is IST_1 spanning? : True
Is IST_2 spanning? : True
Is IST_3 spanning? : True
Is IST_4 spanning? : True
Is IST_5 spanning? : True
Are all ISTs independent? : True

====TEST CR(809, 117, 234)====
Is IST_0 spanning? : True
Is IST_1 spanning? : True
Is IST_2 spanning? : True
Is IST_3 spanning? : True
Is IST_4 spanning? : True
Is IST_5 spanning? : True
Are all ISTs independent? : True

====TEST CR(810, 117, 234)====
Is IST_0 spanning? : True
Is IST_1 spanning? : True
Is IST_2 spanning? : True
Is IST_3 spanning? : True
Is IST_4 spanning? : True
Is IST_5 spanning? : True
Are all ISTs independent? : True

====TEST CR(811, 117, 234)====
Is IST_0 spanning? : True
Is IST_1 spanning? : True
Is IST_2 spanning? : True
Is IST_3 spanning? : True
Is IST_4 spanning? : True
Is IST_5 spanning? : True
Are all ISTs independent? : True

====TEST CR(812, 117, 234)====
Is IST_0 spanning? : True
Is IST_1 spanning? : True
Is IST_2 spanning? : True
Is IST_3 spanning? : True
Is IST_4 spanning? : True
Is IST_5 spanning? : True
Are all ISTs independent? : True

====TEST CR(813, 117, 234)====
Is IST_0 spanning? : True
Is IST_1 spanning? : True
Is IST_2 spanning? : True
Is IST_3 spanning? : True
Is IST_4 spanning? : True
Is IST_5 spanning? : True
Are all ISTs independent? : True

====TEST CR(814, 117, 234)====
Is IST_0 spanning? : True
Is IST_1 spanning? : True
Is IST_2 spanning? : True
Is IST_3 spanning? : True
Is IST_4 spanning? : True
Is IST_5 spanning? : True
Are all ISTs independent? : True

====TEST CR(815, 117, 234)====
Is IST_0 spanning? : True
Is IST_1 spanning? : True
Is IST_2 spanning? : True
Is IST_3 spanning? : True
Is IST_4 spanning? : True
Is IST_5 spanning? : True
Are all ISTs independent? : True

====TEST CR(816, 117, 234)====
Is IST_0 spanning? : True
Is IST_1 spanning? : True
Is IST_2 spanning? : True
Is IST_3 spanning? : True
Is IST_4 spanning? : True
Is IST_5 spanning? : True
Are all ISTs independent? : True

====TEST CR(817, 117, 234)====
Is IST_0 spanning? : True
Is IST_1 spanning? : True
Is IST_2 spanning? : True
Is IST_3 spanning? : True
Is IST_4 spanning? : True
Is IST_5 spanning? : True
Are all ISTs independent? : True

====TEST CR(818, 117, 234)====
Is IST_0 spanning? : True
Is IST_1 spanning? : True
Is IST_2 spanning? : True
Is IST_3 spanning? : True
Is IST_4 spanning? : True
Is IST_5 spanning? : True
Are all ISTs independent? : True

====TEST CR(819, 117, 234)====
Is IST_0 spanning? : True
Is IST_1 spanning? : True
Is IST_2 spanning? : True
Is IST_3 spanning? : True
Is IST_4 spanning? : True
Is IST_5 spanning? : True
Are all ISTs independent? : True

====TEST CR(820, 117, 234)====
Is IST_0 spanning? : True
Is IST_1 spanning? : True
Is IST_2 spanning? : True
Is IST_3 spanning? : True
Is IST_4 spanning? : True
Is IST_5 spanning? : True
Are all ISTs independent? : True

====TEST CR(821, 117, 234)====
Is IST_0 spanning? : True
Is IST_1 spanning? : True
Is IST_2 spanning? : True
Is IST_3 spanning? : True
Is IST_4 spanning? : True
Is IST_5 spanning? : True
Are all ISTs independent? : True

====TEST CR(822, 117, 234)====
Is IST_0 spanning? : True
Is IST_1 spanning? : True
Is IST_2 spanning? : True
Is IST_3 spanning? : True
Is IST_4 spanning? : True
Is IST_5 spanning? : True
Are all ISTs independent? : True

====TEST CR(823, 117, 234)====
Is IST_0 spanning? : True
Is IST_1 spanning? : True
Is IST_2 spanning? : True
Is IST_3 spanning? : True
Is IST_4 spanning? : True
Is IST_5 spanning? : True
Are all ISTs independent? : True

====TEST CR(824, 117, 234)====
Is IST_0 spanning? : True
Is IST_1 spanning? : True
Is IST_2 spanning? : True
Is IST_3 spanning? : True
Is IST_4 spanning? : True
Is IST_5 spanning? : True
Are all ISTs independent? : True

====TEST CR(825, 117, 234)====
Is IST_0 spanning? : True
Is IST_1 spanning? : True
Is IST_2 spanning? : True
Is IST_3 spanning? : True
Is IST_4 spanning? : True
Is IST_5 spanning? : True
Are all ISTs independent? : True

====TEST CR(826, 117, 234)====
Is IST_0 spanning? : True
Is IST_1 spanning? : True
Is IST_2 spanning? : True
Is IST_3 spanning? : True
Is IST_4 spanning? : True
Is IST_5 spanning? : True
Are all ISTs independent? : True

====TEST CR(827, 117, 234)====
Is IST_0 spanning? : True
Is IST_1 spanning? : True
Is IST_2 spanning? : True
Is IST_3 spanning? : True
Is IST_4 spanning? : True
Is IST_5 spanning? : True
Are all ISTs independent? : True

====TEST CR(828, 117, 234)====
Is IST_0 spanning? : True
Is IST_1 spanning? : True
Is IST_2 spanning? : True
Is IST_3 spanning? : True
Is IST_4 spanning? : True
Is IST_5 spanning? : True
Are all ISTs independent? : True

====TEST CR(829, 117, 234)====
Is IST_0 spanning? : True
Is IST_1 spanning? : True
Is IST_2 spanning? : True
Is IST_3 spanning? : True
Is IST_4 spanning? : True
Is IST_5 spanning? : True
Are all ISTs independent? : True

====TEST CR(830, 117, 234)====
Is IST_0 spanning? : True
Is IST_1 spanning? : True
Is IST_2 spanning? : True
Is IST_3 spanning? : True
Is IST_4 spanning? : True
Is IST_5 spanning? : True
Are all ISTs independent? : True

====TEST CR(708, 118, 236)====
Is IST_0 spanning? : True
Is IST_1 spanning? : True
Is IST_2 spanning? : True
Is IST_3 spanning? : True
Is IST_4 spanning? : True
Is IST_5 spanning? : True
Are all ISTs independent? : True

====TEST CR(709, 118, 236)====
Is IST_0 spanning? : True
Is IST_1 spanning? : True
Is IST_2 spanning? : True
Is IST_3 spanning? : True
Is IST_4 spanning? : True
Is IST_5 spanning? : True
Are all ISTs independent? : True

====TEST CR(710, 118, 236)====
Is IST_0 spanning? : True
Is IST_1 spanning? : True
Is IST_2 spanning? : True
Is IST_3 spanning? : True
Is IST_4 spanning? : True
Is IST_5 spanning? : True
Are all ISTs independent? : True

====TEST CR(711, 118, 236)====
Is IST_0 spanning? : True
Is IST_1 spanning? : True
Is IST_2 spanning? : True
Is IST_3 spanning? : True
Is IST_4 spanning? : True
Is IST_5 spanning? : True
Are all ISTs independent? : True

====TEST CR(712, 118, 236)====
Is IST_0 spanning? : True
Is IST_1 spanning? : True
Is IST_2 spanning? : True
Is IST_3 spanning? : True
Is IST_4 spanning? : True
Is IST_5 spanning? : True
Are all ISTs independent? : True

====TEST CR(713, 118, 236)====
Is IST_0 spanning? : True
Is IST_1 spanning? : True
Is IST_2 spanning? : True
Is IST_3 spanning? : True
Is IST_4 spanning? : True
Is IST_5 spanning? : True
Are all ISTs independent? : True

====TEST CR(714, 118, 236)====
Is IST_0 spanning? : True
Is IST_1 spanning? : True
Is IST_2 spanning? : True
Is IST_3 spanning? : True
Is IST_4 spanning? : True
Is IST_5 spanning? : True
Are all ISTs independent? : True

====TEST CR(715, 118, 236)====
Is IST_0 spanning? : True
Is IST_1 spanning? : True
Is IST_2 spanning? : True
Is IST_3 spanning? : True
Is IST_4 spanning? : True
Is IST_5 spanning? : True
Are all ISTs independent? : True

====TEST CR(716, 118, 236)====
Is IST_0 spanning? : True
Is IST_1 spanning? : True
Is IST_2 spanning? : True
Is IST_3 spanning? : True
Is IST_4 spanning? : True
Is IST_5 spanning? : True
Are all ISTs independent? : True

====TEST CR(717, 118, 236)====
Is IST_0 spanning? : True
Is IST_1 spanning? : True
Is IST_2 spanning? : True
Is IST_3 spanning? : True
Is IST_4 spanning? : True
Is IST_5 spanning? : True
Are all ISTs independent? : True

====TEST CR(718, 118, 236)====
Is IST_0 spanning? : True
Is IST_1 spanning? : True
Is IST_2 spanning? : True
Is IST_3 spanning? : True
Is IST_4 spanning? : True
Is IST_5 spanning? : True
Are all ISTs independent? : True

====TEST CR(719, 118, 236)====
Is IST_0 spanning? : True
Is IST_1 spanning? : True
Is IST_2 spanning? : True
Is IST_3 spanning? : True
Is IST_4 spanning? : True
Is IST_5 spanning? : True
Are all ISTs independent? : True

====TEST CR(720, 118, 236)====
Is IST_0 spanning? : True
Is IST_1 spanning? : True
Is IST_2 spanning? : True
Is IST_3 spanning? : True
Is IST_4 spanning? : True
Is IST_5 spanning? : True
Are all ISTs independent? : True

====TEST CR(721, 118, 236)====
Is IST_0 spanning? : True
Is IST_1 spanning? : True
Is IST_2 spanning? : True
Is IST_3 spanning? : True
Is IST_4 spanning? : True
Is IST_5 spanning? : True
Are all ISTs independent? : True

====TEST CR(722, 118, 236)====
Is IST_0 spanning? : True
Is IST_1 spanning? : True
Is IST_2 spanning? : True
Is IST_3 spanning? : True
Is IST_4 spanning? : True
Is IST_5 spanning? : True
Are all ISTs independent? : True

====TEST CR(723, 118, 236)====
Is IST_0 spanning? : True
Is IST_1 spanning? : True
Is IST_2 spanning? : True
Is IST_3 spanning? : True
Is IST_4 spanning? : True
Is IST_5 spanning? : True
Are all ISTs independent? : True

====TEST CR(724, 118, 236)====
Is IST_0 spanning? : True
Is IST_1 spanning? : True
Is IST_2 spanning? : True
Is IST_3 spanning? : True
Is IST_4 spanning? : True
Is IST_5 spanning? : True
Are all ISTs independent? : True

====TEST CR(725, 118, 236)====
Is IST_0 spanning? : True
Is IST_1 spanning? : True
Is IST_2 spanning? : True
Is IST_3 spanning? : True
Is IST_4 spanning? : True
Is IST_5 spanning? : True
Are all ISTs independent? : True

====TEST CR(726, 118, 236)====
Is IST_0 spanning? : True
Is IST_1 spanning? : True
Is IST_2 spanning? : True
Is IST_3 spanning? : True
Is IST_4 spanning? : True
Is IST_5 spanning? : True
Are all ISTs independent? : True

====TEST CR(727, 118, 236)====
Is IST_0 spanning? : True
Is IST_1 spanning? : True
Is IST_2 spanning? : True
Is IST_3 spanning? : True
Is IST_4 spanning? : True
Is IST_5 spanning? : True
Are all ISTs independent? : True

====TEST CR(728, 118, 236)====
Is IST_0 spanning? : True
Is IST_1 spanning? : True
Is IST_2 spanning? : True
Is IST_3 spanning? : True
Is IST_4 spanning? : True
Is IST_5 spanning? : True
Are all ISTs independent? : True

====TEST CR(729, 118, 236)====
Is IST_0 spanning? : True
Is IST_1 spanning? : True
Is IST_2 spanning? : True
Is IST_3 spanning? : True
Is IST_4 spanning? : True
Is IST_5 spanning? : True
Are all ISTs independent? : True

====TEST CR(730, 118, 236)====
Is IST_0 spanning? : True
Is IST_1 spanning? : True
Is IST_2 spanning? : True
Is IST_3 spanning? : True
Is IST_4 spanning? : True
Is IST_5 spanning? : True
Are all ISTs independent? : True

====TEST CR(731, 118, 236)====
Is IST_0 spanning? : True
Is IST_1 spanning? : True
Is IST_2 spanning? : True
Is IST_3 spanning? : True
Is IST_4 spanning? : True
Is IST_5 spanning? : True
Are all ISTs independent? : True

====TEST CR(732, 118, 236)====
Is IST_0 spanning? : True
Is IST_1 spanning? : True
Is IST_2 spanning? : True
Is IST_3 spanning? : True
Is IST_4 spanning? : True
Is IST_5 spanning? : True
Are all ISTs independent? : True

====TEST CR(733, 118, 236)====
Is IST_0 spanning? : True
Is IST_1 spanning? : True
Is IST_2 spanning? : True
Is IST_3 spanning? : True
Is IST_4 spanning? : True
Is IST_5 spanning? : True
Are all ISTs independent? : True

====TEST CR(734, 118, 236)====
Is IST_0 spanning? : True
Is IST_1 spanning? : True
Is IST_2 spanning? : True
Is IST_3 spanning? : True
Is IST_4 spanning? : True
Is IST_5 spanning? : True
Are all ISTs independent? : True

====TEST CR(735, 118, 236)====
Is IST_0 spanning? : True
Is IST_1 spanning? : True
Is IST_2 spanning? : True
Is IST_3 spanning? : True
Is IST_4 spanning? : True
Is IST_5 spanning? : True
Are all ISTs independent? : True

====TEST CR(736, 118, 236)====
Is IST_0 spanning? : True
Is IST_1 spanning? : True
Is IST_2 spanning? : True
Is IST_3 spanning? : True
Is IST_4 spanning? : True
Is IST_5 spanning? : True
Are all ISTs independent? : True

====TEST CR(737, 118, 236)====
Is IST_0 spanning? : True
Is IST_1 spanning? : True
Is IST_2 spanning? : True
Is IST_3 spanning? : True
Is IST_4 spanning? : True
Is IST_5 spanning? : True
Are all ISTs independent? : True

====TEST CR(738, 118, 236)====
Is IST_0 spanning? : True
Is IST_1 spanning? : True
Is IST_2 spanning? : True
Is IST_3 spanning? : True
Is IST_4 spanning? : True
Is IST_5 spanning? : True
Are all ISTs independent? : True

====TEST CR(739, 118, 236)====
Is IST_0 spanning? : True
Is IST_1 spanning? : True
Is IST_2 spanning? : True
Is IST_3 spanning? : True
Is IST_4 spanning? : True
Is IST_5 spanning? : True
Are all ISTs independent? : True

====TEST CR(740, 118, 236)====
Is IST_0 spanning? : True
Is IST_1 spanning? : True
Is IST_2 spanning? : True
Is IST_3 spanning? : True
Is IST_4 spanning? : True
Is IST_5 spanning? : True
Are all ISTs independent? : True

====TEST CR(741, 118, 236)====
Is IST_0 spanning? : True
Is IST_1 spanning? : True
Is IST_2 spanning? : True
Is IST_3 spanning? : True
Is IST_4 spanning? : True
Is IST_5 spanning? : True
Are all ISTs independent? : True

====TEST CR(742, 118, 236)====
Is IST_0 spanning? : True
Is IST_1 spanning? : True
Is IST_2 spanning? : True
Is IST_3 spanning? : True
Is IST_4 spanning? : True
Is IST_5 spanning? : True
Are all ISTs independent? : True

====TEST CR(743, 118, 236)====
Is IST_0 spanning? : True
Is IST_1 spanning? : True
Is IST_2 spanning? : True
Is IST_3 spanning? : True
Is IST_4 spanning? : True
Is IST_5 spanning? : True
Are all ISTs independent? : True

====TEST CR(744, 118, 236)====
Is IST_0 spanning? : True
Is IST_1 spanning? : True
Is IST_2 spanning? : True
Is IST_3 spanning? : True
Is IST_4 spanning? : True
Is IST_5 spanning? : True
Are all ISTs independent? : True

====TEST CR(745, 118, 236)====
Is IST_0 spanning? : True
Is IST_1 spanning? : True
Is IST_2 spanning? : True
Is IST_3 spanning? : True
Is IST_4 spanning? : True
Is IST_5 spanning? : True
Are all ISTs independent? : True

====TEST CR(746, 118, 236)====
Is IST_0 spanning? : True
Is IST_1 spanning? : True
Is IST_2 spanning? : True
Is IST_3 spanning? : True
Is IST_4 spanning? : True
Is IST_5 spanning? : True
Are all ISTs independent? : True

====TEST CR(747, 118, 236)====
Is IST_0 spanning? : True
Is IST_1 spanning? : True
Is IST_2 spanning? : True
Is IST_3 spanning? : True
Is IST_4 spanning? : True
Is IST_5 spanning? : True
Are all ISTs independent? : True

====TEST CR(748, 118, 236)====
Is IST_0 spanning? : True
Is IST_1 spanning? : True
Is IST_2 spanning? : True
Is IST_3 spanning? : True
Is IST_4 spanning? : True
Is IST_5 spanning? : True
Are all ISTs independent? : True

====TEST CR(749, 118, 236)====
Is IST_0 spanning? : True
Is IST_1 spanning? : True
Is IST_2 spanning? : True
Is IST_3 spanning? : True
Is IST_4 spanning? : True
Is IST_5 spanning? : True
Are all ISTs independent? : True

====TEST CR(750, 118, 236)====
Is IST_0 spanning? : True
Is IST_1 spanning? : True
Is IST_2 spanning? : True
Is IST_3 spanning? : True
Is IST_4 spanning? : True
Is IST_5 spanning? : True
Are all ISTs independent? : True

====TEST CR(751, 118, 236)====
Is IST_0 spanning? : True
Is IST_1 spanning? : True
Is IST_2 spanning? : True
Is IST_3 spanning? : True
Is IST_4 spanning? : True
Is IST_5 spanning? : True
Are all ISTs independent? : True

====TEST CR(752, 118, 236)====
Is IST_0 spanning? : True
Is IST_1 spanning? : True
Is IST_2 spanning? : True
Is IST_3 spanning? : True
Is IST_4 spanning? : True
Is IST_5 spanning? : True
Are all ISTs independent? : True

====TEST CR(753, 118, 236)====
Is IST_0 spanning? : True
Is IST_1 spanning? : True
Is IST_2 spanning? : True
Is IST_3 spanning? : True
Is IST_4 spanning? : True
Is IST_5 spanning? : True
Are all ISTs independent? : True

====TEST CR(754, 118, 236)====
Is IST_0 spanning? : True
Is IST_1 spanning? : True
Is IST_2 spanning? : True
Is IST_3 spanning? : True
Is IST_4 spanning? : True
Is IST_5 spanning? : True
Are all ISTs independent? : True

====TEST CR(755, 118, 236)====
Is IST_0 spanning? : True
Is IST_1 spanning? : True
Is IST_2 spanning? : True
Is IST_3 spanning? : True
Is IST_4 spanning? : True
Is IST_5 spanning? : True
Are all ISTs independent? : True

====TEST CR(756, 118, 236)====
Is IST_0 spanning? : True
Is IST_1 spanning? : True
Is IST_2 spanning? : True
Is IST_3 spanning? : True
Is IST_4 spanning? : True
Is IST_5 spanning? : True
Are all ISTs independent? : True

====TEST CR(757, 118, 236)====
Is IST_0 spanning? : True
Is IST_1 spanning? : True
Is IST_2 spanning? : True
Is IST_3 spanning? : True
Is IST_4 spanning? : True
Is IST_5 spanning? : True
Are all ISTs independent? : True

====TEST CR(758, 118, 236)====
Is IST_0 spanning? : True
Is IST_1 spanning? : True
Is IST_2 spanning? : True
Is IST_3 spanning? : True
Is IST_4 spanning? : True
Is IST_5 spanning? : True
Are all ISTs independent? : True

====TEST CR(759, 118, 236)====
Is IST_0 spanning? : True
Is IST_1 spanning? : True
Is IST_2 spanning? : True
Is IST_3 spanning? : True
Is IST_4 spanning? : True
Is IST_5 spanning? : True
Are all ISTs independent? : True

====TEST CR(760, 118, 236)====
Is IST_0 spanning? : True
Is IST_1 spanning? : True
Is IST_2 spanning? : True
Is IST_3 spanning? : True
Is IST_4 spanning? : True
Is IST_5 spanning? : True
Are all ISTs independent? : True

====TEST CR(761, 118, 236)====
Is IST_0 spanning? : True
Is IST_1 spanning? : True
Is IST_2 spanning? : True
Is IST_3 spanning? : True
Is IST_4 spanning? : True
Is IST_5 spanning? : True
Are all ISTs independent? : True

====TEST CR(762, 118, 236)====
Is IST_0 spanning? : True
Is IST_1 spanning? : True
Is IST_2 spanning? : True
Is IST_3 spanning? : True
Is IST_4 spanning? : True
Is IST_5 spanning? : True
Are all ISTs independent? : True

====TEST CR(763, 118, 236)====
Is IST_0 spanning? : True
Is IST_1 spanning? : True
Is IST_2 spanning? : True
Is IST_3 spanning? : True
Is IST_4 spanning? : True
Is IST_5 spanning? : True
Are all ISTs independent? : True

====TEST CR(764, 118, 236)====
Is IST_0 spanning? : True
Is IST_1 spanning? : True
Is IST_2 spanning? : True
Is IST_3 spanning? : True
Is IST_4 spanning? : True
Is IST_5 spanning? : True
Are all ISTs independent? : True

====TEST CR(765, 118, 236)====
Is IST_0 spanning? : True
Is IST_1 spanning? : True
Is IST_2 spanning? : True
Is IST_3 spanning? : True
Is IST_4 spanning? : True
Is IST_5 spanning? : True
Are all ISTs independent? : True

====TEST CR(766, 118, 236)====
Is IST_0 spanning? : True
Is IST_1 spanning? : True
Is IST_2 spanning? : True
Is IST_3 spanning? : True
Is IST_4 spanning? : True
Is IST_5 spanning? : True
Are all ISTs independent? : True

====TEST CR(767, 118, 236)====
Is IST_0 spanning? : True
Is IST_1 spanning? : True
Is IST_2 spanning? : True
Is IST_3 spanning? : True
Is IST_4 spanning? : True
Is IST_5 spanning? : True
Are all ISTs independent? : True

====TEST CR(768, 118, 236)====
Is IST_0 spanning? : True
Is IST_1 spanning? : True
Is IST_2 spanning? : True
Is IST_3 spanning? : True
Is IST_4 spanning? : True
Is IST_5 spanning? : True
Are all ISTs independent? : True

====TEST CR(769, 118, 236)====
Is IST_0 spanning? : True
Is IST_1 spanning? : True
Is IST_2 spanning? : True
Is IST_3 spanning? : True
Is IST_4 spanning? : True
Is IST_5 spanning? : True
Are all ISTs independent? : True

====TEST CR(770, 118, 236)====
Is IST_0 spanning? : True
Is IST_1 spanning? : True
Is IST_2 spanning? : True
Is IST_3 spanning? : True
Is IST_4 spanning? : True
Is IST_5 spanning? : True
Are all ISTs independent? : True

====TEST CR(771, 118, 236)====
Is IST_0 spanning? : True
Is IST_1 spanning? : True
Is IST_2 spanning? : True
Is IST_3 spanning? : True
Is IST_4 spanning? : True
Is IST_5 spanning? : True
Are all ISTs independent? : True

====TEST CR(772, 118, 236)====
Is IST_0 spanning? : True
Is IST_1 spanning? : True
Is IST_2 spanning? : True
Is IST_3 spanning? : True
Is IST_4 spanning? : True
Is IST_5 spanning? : True
Are all ISTs independent? : True

====TEST CR(773, 118, 236)====
Is IST_0 spanning? : True
Is IST_1 spanning? : True
Is IST_2 spanning? : True
Is IST_3 spanning? : True
Is IST_4 spanning? : True
Is IST_5 spanning? : True
Are all ISTs independent? : True

====TEST CR(774, 118, 236)====
Is IST_0 spanning? : True
Is IST_1 spanning? : True
Is IST_2 spanning? : True
Is IST_3 spanning? : True
Is IST_4 spanning? : True
Is IST_5 spanning? : True
Are all ISTs independent? : True

====TEST CR(775, 118, 236)====
Is IST_0 spanning? : True
Is IST_1 spanning? : True
Is IST_2 spanning? : True
Is IST_3 spanning? : True
Is IST_4 spanning? : True
Is IST_5 spanning? : True
Are all ISTs independent? : True

====TEST CR(776, 118, 236)====
Is IST_0 spanning? : True
Is IST_1 spanning? : True
Is IST_2 spanning? : True
Is IST_3 spanning? : True
Is IST_4 spanning? : True
Is IST_5 spanning? : True
Are all ISTs independent? : True

====TEST CR(777, 118, 236)====
Is IST_0 spanning? : True
Is IST_1 spanning? : True
Is IST_2 spanning? : True
Is IST_3 spanning? : True
Is IST_4 spanning? : True
Is IST_5 spanning? : True
Are all ISTs independent? : True

====TEST CR(778, 118, 236)====
Is IST_0 spanning? : True
Is IST_1 spanning? : True
Is IST_2 spanning? : True
Is IST_3 spanning? : True
Is IST_4 spanning? : True
Is IST_5 spanning? : True
Are all ISTs independent? : True

====TEST CR(779, 118, 236)====
Is IST_0 spanning? : True
Is IST_1 spanning? : True
Is IST_2 spanning? : True
Is IST_3 spanning? : True
Is IST_4 spanning? : True
Is IST_5 spanning? : True
Are all ISTs independent? : True

====TEST CR(780, 118, 236)====
Is IST_0 spanning? : True
Is IST_1 spanning? : True
Is IST_2 spanning? : True
Is IST_3 spanning? : True
Is IST_4 spanning? : True
Is IST_5 spanning? : True
Are all ISTs independent? : True

====TEST CR(781, 118, 236)====
Is IST_0 spanning? : True
Is IST_1 spanning? : True
Is IST_2 spanning? : True
Is IST_3 spanning? : True
Is IST_4 spanning? : True
Is IST_5 spanning? : True
Are all ISTs independent? : True

====TEST CR(782, 118, 236)====
Is IST_0 spanning? : True
Is IST_1 spanning? : True
Is IST_2 spanning? : True
Is IST_3 spanning? : True
Is IST_4 spanning? : True
Is IST_5 spanning? : True
Are all ISTs independent? : True

====TEST CR(783, 118, 236)====
Is IST_0 spanning? : True
Is IST_1 spanning? : True
Is IST_2 spanning? : True
Is IST_3 spanning? : True
Is IST_4 spanning? : True
Is IST_5 spanning? : True
Are all ISTs independent? : True

====TEST CR(784, 118, 236)====
Is IST_0 spanning? : True
Is IST_1 spanning? : True
Is IST_2 spanning? : True
Is IST_3 spanning? : True
Is IST_4 spanning? : True
Is IST_5 spanning? : True
Are all ISTs independent? : True

====TEST CR(785, 118, 236)====
Is IST_0 spanning? : True
Is IST_1 spanning? : True
Is IST_2 spanning? : True
Is IST_3 spanning? : True
Is IST_4 spanning? : True
Is IST_5 spanning? : True
Are all ISTs independent? : True

====TEST CR(786, 118, 236)====
Is IST_0 spanning? : True
Is IST_1 spanning? : True
Is IST_2 spanning? : True
Is IST_3 spanning? : True
Is IST_4 spanning? : True
Is IST_5 spanning? : True
Are all ISTs independent? : True

====TEST CR(787, 118, 236)====
Is IST_0 spanning? : True
Is IST_1 spanning? : True
Is IST_2 spanning? : True
Is IST_3 spanning? : True
Is IST_4 spanning? : True
Is IST_5 spanning? : True
Are all ISTs independent? : True

====TEST CR(788, 118, 236)====
Is IST_0 spanning? : True
Is IST_1 spanning? : True
Is IST_2 spanning? : True
Is IST_3 spanning? : True
Is IST_4 spanning? : True
Is IST_5 spanning? : True
Are all ISTs independent? : True

====TEST CR(789, 118, 236)====
Is IST_0 spanning? : True
Is IST_1 spanning? : True
Is IST_2 spanning? : True
Is IST_3 spanning? : True
Is IST_4 spanning? : True
Is IST_5 spanning? : True
Are all ISTs independent? : True

====TEST CR(790, 118, 236)====
Is IST_0 spanning? : True
Is IST_1 spanning? : True
Is IST_2 spanning? : True
Is IST_3 spanning? : True
Is IST_4 spanning? : True
Is IST_5 spanning? : True
Are all ISTs independent? : True

====TEST CR(791, 118, 236)====
Is IST_0 spanning? : True
Is IST_1 spanning? : True
Is IST_2 spanning? : True
Is IST_3 spanning? : True
Is IST_4 spanning? : True
Is IST_5 spanning? : True
Are all ISTs independent? : True

====TEST CR(792, 118, 236)====
Is IST_0 spanning? : True
Is IST_1 spanning? : True
Is IST_2 spanning? : True
Is IST_3 spanning? : True
Is IST_4 spanning? : True
Is IST_5 spanning? : True
Are all ISTs independent? : True

====TEST CR(793, 118, 236)====
Is IST_0 spanning? : True
Is IST_1 spanning? : True
Is IST_2 spanning? : True
Is IST_3 spanning? : True
Is IST_4 spanning? : True
Is IST_5 spanning? : True
Are all ISTs independent? : True

====TEST CR(794, 118, 236)====
Is IST_0 spanning? : True
Is IST_1 spanning? : True
Is IST_2 spanning? : True
Is IST_3 spanning? : True
Is IST_4 spanning? : True
Is IST_5 spanning? : True
Are all ISTs independent? : True

====TEST CR(795, 118, 236)====
Is IST_0 spanning? : True
Is IST_1 spanning? : True
Is IST_2 spanning? : True
Is IST_3 spanning? : True
Is IST_4 spanning? : True
Is IST_5 spanning? : True
Are all ISTs independent? : True

====TEST CR(796, 118, 236)====
Is IST_0 spanning? : True
Is IST_1 spanning? : True
Is IST_2 spanning? : True
Is IST_3 spanning? : True
Is IST_4 spanning? : True
Is IST_5 spanning? : True
Are all ISTs independent? : True

====TEST CR(797, 118, 236)====
Is IST_0 spanning? : True
Is IST_1 spanning? : True
Is IST_2 spanning? : True
Is IST_3 spanning? : True
Is IST_4 spanning? : True
Is IST_5 spanning? : True
Are all ISTs independent? : True

====TEST CR(798, 118, 236)====
Is IST_0 spanning? : True
Is IST_1 spanning? : True
Is IST_2 spanning? : True
Is IST_3 spanning? : True
Is IST_4 spanning? : True
Is IST_5 spanning? : True
Are all ISTs independent? : True

====TEST CR(799, 118, 236)====
Is IST_0 spanning? : True
Is IST_1 spanning? : True
Is IST_2 spanning? : True
Is IST_3 spanning? : True
Is IST_4 spanning? : True
Is IST_5 spanning? : True
Are all ISTs independent? : True

====TEST CR(800, 118, 236)====
Is IST_0 spanning? : True
Is IST_1 spanning? : True
Is IST_2 spanning? : True
Is IST_3 spanning? : True
Is IST_4 spanning? : True
Is IST_5 spanning? : True
Are all ISTs independent? : True

====TEST CR(801, 118, 236)====
Is IST_0 spanning? : True
Is IST_1 spanning? : True
Is IST_2 spanning? : True
Is IST_3 spanning? : True
Is IST_4 spanning? : True
Is IST_5 spanning? : True
Are all ISTs independent? : True

====TEST CR(802, 118, 236)====
Is IST_0 spanning? : True
Is IST_1 spanning? : True
Is IST_2 spanning? : True
Is IST_3 spanning? : True
Is IST_4 spanning? : True
Is IST_5 spanning? : True
Are all ISTs independent? : True

====TEST CR(803, 118, 236)====
Is IST_0 spanning? : True
Is IST_1 spanning? : True
Is IST_2 spanning? : True
Is IST_3 spanning? : True
Is IST_4 spanning? : True
Is IST_5 spanning? : True
Are all ISTs independent? : True

====TEST CR(804, 118, 236)====
Is IST_0 spanning? : True
Is IST_1 spanning? : True
Is IST_2 spanning? : True
Is IST_3 spanning? : True
Is IST_4 spanning? : True
Is IST_5 spanning? : True
Are all ISTs independent? : True

====TEST CR(805, 118, 236)====
Is IST_0 spanning? : True
Is IST_1 spanning? : True
Is IST_2 spanning? : True
Is IST_3 spanning? : True
Is IST_4 spanning? : True
Is IST_5 spanning? : True
Are all ISTs independent? : True

====TEST CR(806, 118, 236)====
Is IST_0 spanning? : True
Is IST_1 spanning? : True
Is IST_2 spanning? : True
Is IST_3 spanning? : True
Is IST_4 spanning? : True
Is IST_5 spanning? : True
Are all ISTs independent? : True

====TEST CR(807, 118, 236)====
Is IST_0 spanning? : True
Is IST_1 spanning? : True
Is IST_2 spanning? : True
Is IST_3 spanning? : True
Is IST_4 spanning? : True
Is IST_5 spanning? : True
Are all ISTs independent? : True

====TEST CR(808, 118, 236)====
Is IST_0 spanning? : True
Is IST_1 spanning? : True
Is IST_2 spanning? : True
Is IST_3 spanning? : True
Is IST_4 spanning? : True
Is IST_5 spanning? : True
Are all ISTs independent? : True

====TEST CR(809, 118, 236)====
Is IST_0 spanning? : True
Is IST_1 spanning? : True
Is IST_2 spanning? : True
Is IST_3 spanning? : True
Is IST_4 spanning? : True
Is IST_5 spanning? : True
Are all ISTs independent? : True

====TEST CR(810, 118, 236)====
Is IST_0 spanning? : True
Is IST_1 spanning? : True
Is IST_2 spanning? : True
Is IST_3 spanning? : True
Is IST_4 spanning? : True
Is IST_5 spanning? : True
Are all ISTs independent? : True

====TEST CR(811, 118, 236)====
Is IST_0 spanning? : True
Is IST_1 spanning? : True
Is IST_2 spanning? : True
Is IST_3 spanning? : True
Is IST_4 spanning? : True
Is IST_5 spanning? : True
Are all ISTs independent? : True

====TEST CR(812, 118, 236)====
Is IST_0 spanning? : True
Is IST_1 spanning? : True
Is IST_2 spanning? : True
Is IST_3 spanning? : True
Is IST_4 spanning? : True
Is IST_5 spanning? : True
Are all ISTs independent? : True

====TEST CR(813, 118, 236)====
Is IST_0 spanning? : True
Is IST_1 spanning? : True
Is IST_2 spanning? : True
Is IST_3 spanning? : True
Is IST_4 spanning? : True
Is IST_5 spanning? : True
Are all ISTs independent? : True

====TEST CR(814, 118, 236)====
Is IST_0 spanning? : True
Is IST_1 spanning? : True
Is IST_2 spanning? : True
Is IST_3 spanning? : True
Is IST_4 spanning? : True
Is IST_5 spanning? : True
Are all ISTs independent? : True

====TEST CR(815, 118, 236)====
Is IST_0 spanning? : True
Is IST_1 spanning? : True
Is IST_2 spanning? : True
Is IST_3 spanning? : True
Is IST_4 spanning? : True
Is IST_5 spanning? : True
Are all ISTs independent? : True

====TEST CR(816, 118, 236)====
Is IST_0 spanning? : True
Is IST_1 spanning? : True
Is IST_2 spanning? : True
Is IST_3 spanning? : True
Is IST_4 spanning? : True
Is IST_5 spanning? : True
Are all ISTs independent? : True

====TEST CR(817, 118, 236)====
Is IST_0 spanning? : True
Is IST_1 spanning? : True
Is IST_2 spanning? : True
Is IST_3 spanning? : True
Is IST_4 spanning? : True
Is IST_5 spanning? : True
Are all ISTs independent? : True

====TEST CR(818, 118, 236)====
Is IST_0 spanning? : True
Is IST_1 spanning? : True
Is IST_2 spanning? : True
Is IST_3 spanning? : True
Is IST_4 spanning? : True
Is IST_5 spanning? : True
Are all ISTs independent? : True

====TEST CR(819, 118, 236)====
Is IST_0 spanning? : True
Is IST_1 spanning? : True
Is IST_2 spanning? : True
Is IST_3 spanning? : True
Is IST_4 spanning? : True
Is IST_5 spanning? : True
Are all ISTs independent? : True

====TEST CR(820, 118, 236)====
Is IST_0 spanning? : True
Is IST_1 spanning? : True
Is IST_2 spanning? : True
Is IST_3 spanning? : True
Is IST_4 spanning? : True
Is IST_5 spanning? : True
Are all ISTs independent? : True

====TEST CR(821, 118, 236)====
Is IST_0 spanning? : True
Is IST_1 spanning? : True
Is IST_2 spanning? : True
Is IST_3 spanning? : True
Is IST_4 spanning? : True
Is IST_5 spanning? : True
Are all ISTs independent? : True

====TEST CR(822, 118, 236)====
Is IST_0 spanning? : True
Is IST_1 spanning? : True
Is IST_2 spanning? : True
Is IST_3 spanning? : True
Is IST_4 spanning? : True
Is IST_5 spanning? : True
Are all ISTs independent? : True

====TEST CR(823, 118, 236)====
Is IST_0 spanning? : True
Is IST_1 spanning? : True
Is IST_2 spanning? : True
Is IST_3 spanning? : True
Is IST_4 spanning? : True
Is IST_5 spanning? : True
Are all ISTs independent? : True

====TEST CR(824, 118, 236)====
Is IST_0 spanning? : True
Is IST_1 spanning? : True
Is IST_2 spanning? : True
Is IST_3 spanning? : True
Is IST_4 spanning? : True
Is IST_5 spanning? : True
Are all ISTs independent? : True

====TEST CR(825, 118, 236)====
Is IST_0 spanning? : True
Is IST_1 spanning? : True
Is IST_2 spanning? : True
Is IST_3 spanning? : True
Is IST_4 spanning? : True
Is IST_5 spanning? : True
Are all ISTs independent? : True

====TEST CR(826, 118, 236)====
Is IST_0 spanning? : True
Is IST_1 spanning? : True
Is IST_2 spanning? : True
Is IST_3 spanning? : True
Is IST_4 spanning? : True
Is IST_5 spanning? : True
Are all ISTs independent? : True

====TEST CR(827, 118, 236)====
Is IST_0 spanning? : True
Is IST_1 spanning? : True
Is IST_2 spanning? : True
Is IST_3 spanning? : True
Is IST_4 spanning? : True
Is IST_5 spanning? : True
Are all ISTs independent? : True

====TEST CR(828, 118, 236)====
Is IST_0 spanning? : True
Is IST_1 spanning? : True
Is IST_2 spanning? : True
Is IST_3 spanning? : True
Is IST_4 spanning? : True
Is IST_5 spanning? : True
Are all ISTs independent? : True

====TEST CR(829, 118, 236)====
Is IST_0 spanning? : True
Is IST_1 spanning? : True
Is IST_2 spanning? : True
Is IST_3 spanning? : True
Is IST_4 spanning? : True
Is IST_5 spanning? : True
Are all ISTs independent? : True

====TEST CR(830, 118, 236)====
Is IST_0 spanning? : True
Is IST_1 spanning? : True
Is IST_2 spanning? : True
Is IST_3 spanning? : True
Is IST_4 spanning? : True
Is IST_5 spanning? : True
Are all ISTs independent? : True

====TEST CR(831, 118, 236)====
Is IST_0 spanning? : True
Is IST_1 spanning? : True
Is IST_2 spanning? : True
Is IST_3 spanning? : True
Is IST_4 spanning? : True
Is IST_5 spanning? : True
Are all ISTs independent? : True

====TEST CR(832, 118, 236)====
Is IST_0 spanning? : True
Is IST_1 spanning? : True
Is IST_2 spanning? : True
Is IST_3 spanning? : True
Is IST_4 spanning? : True
Is IST_5 spanning? : True
Are all ISTs independent? : True

====TEST CR(833, 118, 236)====
Is IST_0 spanning? : True
Is IST_1 spanning? : True
Is IST_2 spanning? : True
Is IST_3 spanning? : True
Is IST_4 spanning? : True
Is IST_5 spanning? : True
Are all ISTs independent? : True

====TEST CR(834, 118, 236)====
Is IST_0 spanning? : True
Is IST_1 spanning? : True
Is IST_2 spanning? : True
Is IST_3 spanning? : True
Is IST_4 spanning? : True
Is IST_5 spanning? : True
Are all ISTs independent? : True

====TEST CR(835, 118, 236)====
Is IST_0 spanning? : True
Is IST_1 spanning? : True
Is IST_2 spanning? : True
Is IST_3 spanning? : True
Is IST_4 spanning? : True
Is IST_5 spanning? : True
Are all ISTs independent? : True

====TEST CR(836, 118, 236)====
Is IST_0 spanning? : True
Is IST_1 spanning? : True
Is IST_2 spanning? : True
Is IST_3 spanning? : True
Is IST_4 spanning? : True
Is IST_5 spanning? : True
Are all ISTs independent? : True

====TEST CR(714, 119, 238)====
Is IST_0 spanning? : True
Is IST_1 spanning? : True
Is IST_2 spanning? : True
Is IST_3 spanning? : True
Is IST_4 spanning? : True
Is IST_5 spanning? : True
Are all ISTs independent? : True

====TEST CR(715, 119, 238)====
Is IST_0 spanning? : True
Is IST_1 spanning? : True
Is IST_2 spanning? : True
Is IST_3 spanning? : True
Is IST_4 spanning? : True
Is IST_5 spanning? : True
Are all ISTs independent? : True

====TEST CR(716, 119, 238)====
Is IST_0 spanning? : True
Is IST_1 spanning? : True
Is IST_2 spanning? : True
Is IST_3 spanning? : True
Is IST_4 spanning? : True
Is IST_5 spanning? : True
Are all ISTs independent? : True

====TEST CR(717, 119, 238)====
Is IST_0 spanning? : True
Is IST_1 spanning? : True
Is IST_2 spanning? : True
Is IST_3 spanning? : True
Is IST_4 spanning? : True
Is IST_5 spanning? : True
Are all ISTs independent? : True

====TEST CR(718, 119, 238)====
Is IST_0 spanning? : True
Is IST_1 spanning? : True
Is IST_2 spanning? : True
Is IST_3 spanning? : True
Is IST_4 spanning? : True
Is IST_5 spanning? : True
Are all ISTs independent? : True

====TEST CR(719, 119, 238)====
Is IST_0 spanning? : True
Is IST_1 spanning? : True
Is IST_2 spanning? : True
Is IST_3 spanning? : True
Is IST_4 spanning? : True
Is IST_5 spanning? : True
Are all ISTs independent? : True

====TEST CR(720, 119, 238)====
Is IST_0 spanning? : True
Is IST_1 spanning? : True
Is IST_2 spanning? : True
Is IST_3 spanning? : True
Is IST_4 spanning? : True
Is IST_5 spanning? : True
Are all ISTs independent? : True

====TEST CR(721, 119, 238)====
Is IST_0 spanning? : True
Is IST_1 spanning? : True
Is IST_2 spanning? : True
Is IST_3 spanning? : True
Is IST_4 spanning? : True
Is IST_5 spanning? : True
Are all ISTs independent? : True

====TEST CR(722, 119, 238)====
Is IST_0 spanning? : True
Is IST_1 spanning? : True
Is IST_2 spanning? : True
Is IST_3 spanning? : True
Is IST_4 spanning? : True
Is IST_5 spanning? : True
Are all ISTs independent? : True

====TEST CR(723, 119, 238)====
Is IST_0 spanning? : True
Is IST_1 spanning? : True
Is IST_2 spanning? : True
Is IST_3 spanning? : True
Is IST_4 spanning? : True
Is IST_5 spanning? : True
Are all ISTs independent? : True

====TEST CR(724, 119, 238)====
Is IST_0 spanning? : True
Is IST_1 spanning? : True
Is IST_2 spanning? : True
Is IST_3 spanning? : True
Is IST_4 spanning? : True
Is IST_5 spanning? : True
Are all ISTs independent? : True

====TEST CR(725, 119, 238)====
Is IST_0 spanning? : True
Is IST_1 spanning? : True
Is IST_2 spanning? : True
Is IST_3 spanning? : True
Is IST_4 spanning? : True
Is IST_5 spanning? : True
Are all ISTs independent? : True

====TEST CR(726, 119, 238)====
Is IST_0 spanning? : True
Is IST_1 spanning? : True
Is IST_2 spanning? : True
Is IST_3 spanning? : True
Is IST_4 spanning? : True
Is IST_5 spanning? : True
Are all ISTs independent? : True

====TEST CR(727, 119, 238)====
Is IST_0 spanning? : True
Is IST_1 spanning? : True
Is IST_2 spanning? : True
Is IST_3 spanning? : True
Is IST_4 spanning? : True
Is IST_5 spanning? : True
Are all ISTs independent? : True

====TEST CR(728, 119, 238)====
Is IST_0 spanning? : True
Is IST_1 spanning? : True
Is IST_2 spanning? : True
Is IST_3 spanning? : True
Is IST_4 spanning? : True
Is IST_5 spanning? : True
Are all ISTs independent? : True

====TEST CR(729, 119, 238)====
Is IST_0 spanning? : True
Is IST_1 spanning? : True
Is IST_2 spanning? : True
Is IST_3 spanning? : True
Is IST_4 spanning? : True
Is IST_5 spanning? : True
Are all ISTs independent? : True

====TEST CR(730, 119, 238)====
Is IST_0 spanning? : True
Is IST_1 spanning? : True
Is IST_2 spanning? : True
Is IST_3 spanning? : True
Is IST_4 spanning? : True
Is IST_5 spanning? : True
Are all ISTs independent? : True

====TEST CR(731, 119, 238)====
Is IST_0 spanning? : True
Is IST_1 spanning? : True
Is IST_2 spanning? : True
Is IST_3 spanning? : True
Is IST_4 spanning? : True
Is IST_5 spanning? : True
Are all ISTs independent? : True

====TEST CR(732, 119, 238)====
Is IST_0 spanning? : True
Is IST_1 spanning? : True
Is IST_2 spanning? : True
Is IST_3 spanning? : True
Is IST_4 spanning? : True
Is IST_5 spanning? : True
Are all ISTs independent? : True

====TEST CR(733, 119, 238)====
Is IST_0 spanning? : True
Is IST_1 spanning? : True
Is IST_2 spanning? : True
Is IST_3 spanning? : True
Is IST_4 spanning? : True
Is IST_5 spanning? : True
Are all ISTs independent? : True

====TEST CR(734, 119, 238)====
Is IST_0 spanning? : True
Is IST_1 spanning? : True
Is IST_2 spanning? : True
Is IST_3 spanning? : True
Is IST_4 spanning? : True
Is IST_5 spanning? : True
Are all ISTs independent? : True

====TEST CR(735, 119, 238)====
Is IST_0 spanning? : True
Is IST_1 spanning? : True
Is IST_2 spanning? : True
Is IST_3 spanning? : True
Is IST_4 spanning? : True
Is IST_5 spanning? : True
Are all ISTs independent? : True

====TEST CR(736, 119, 238)====
Is IST_0 spanning? : True
Is IST_1 spanning? : True
Is IST_2 spanning? : True
Is IST_3 spanning? : True
Is IST_4 spanning? : True
Is IST_5 spanning? : True
Are all ISTs independent? : True

====TEST CR(737, 119, 238)====
Is IST_0 spanning? : True
Is IST_1 spanning? : True
Is IST_2 spanning? : True
Is IST_3 spanning? : True
Is IST_4 spanning? : True
Is IST_5 spanning? : True
Are all ISTs independent? : True

====TEST CR(738, 119, 238)====
Is IST_0 spanning? : True
Is IST_1 spanning? : True
Is IST_2 spanning? : True
Is IST_3 spanning? : True
Is IST_4 spanning? : True
Is IST_5 spanning? : True
Are all ISTs independent? : True

====TEST CR(739, 119, 238)====
Is IST_0 spanning? : True
Is IST_1 spanning? : True
Is IST_2 spanning? : True
Is IST_3 spanning? : True
Is IST_4 spanning? : True
Is IST_5 spanning? : True
Are all ISTs independent? : True

====TEST CR(740, 119, 238)====
Is IST_0 spanning? : True
Is IST_1 spanning? : True
Is IST_2 spanning? : True
Is IST_3 spanning? : True
Is IST_4 spanning? : True
Is IST_5 spanning? : True
Are all ISTs independent? : True

====TEST CR(741, 119, 238)====
Is IST_0 spanning? : True
Is IST_1 spanning? : True
Is IST_2 spanning? : True
Is IST_3 spanning? : True
Is IST_4 spanning? : True
Is IST_5 spanning? : True
Are all ISTs independent? : True

====TEST CR(742, 119, 238)====
Is IST_0 spanning? : True
Is IST_1 spanning? : True
Is IST_2 spanning? : True
Is IST_3 spanning? : True
Is IST_4 spanning? : True
Is IST_5 spanning? : True
Are all ISTs independent? : True

====TEST CR(743, 119, 238)====
Is IST_0 spanning? : True
Is IST_1 spanning? : True
Is IST_2 spanning? : True
Is IST_3 spanning? : True
Is IST_4 spanning? : True
Is IST_5 spanning? : True
Are all ISTs independent? : True

====TEST CR(744, 119, 238)====
Is IST_0 spanning? : True
Is IST_1 spanning? : True
Is IST_2 spanning? : True
Is IST_3 spanning? : True
Is IST_4 spanning? : True
Is IST_5 spanning? : True
Are all ISTs independent? : True

====TEST CR(745, 119, 238)====
Is IST_0 spanning? : True
Is IST_1 spanning? : True
Is IST_2 spanning? : True
Is IST_3 spanning? : True
Is IST_4 spanning? : True
Is IST_5 spanning? : True
Are all ISTs independent? : True

====TEST CR(746, 119, 238)====
Is IST_0 spanning? : True
Is IST_1 spanning? : True
Is IST_2 spanning? : True
Is IST_3 spanning? : True
Is IST_4 spanning? : True
Is IST_5 spanning? : True
Are all ISTs independent? : True

====TEST CR(747, 119, 238)====
Is IST_0 spanning? : True
Is IST_1 spanning? : True
Is IST_2 spanning? : True
Is IST_3 spanning? : True
Is IST_4 spanning? : True
Is IST_5 spanning? : True
Are all ISTs independent? : True

====TEST CR(748, 119, 238)====
Is IST_0 spanning? : True
Is IST_1 spanning? : True
Is IST_2 spanning? : True
Is IST_3 spanning? : True
Is IST_4 spanning? : True
Is IST_5 spanning? : True
Are all ISTs independent? : True

====TEST CR(749, 119, 238)====
Is IST_0 spanning? : True
Is IST_1 spanning? : True
Is IST_2 spanning? : True
Is IST_3 spanning? : True
Is IST_4 spanning? : True
Is IST_5 spanning? : True
Are all ISTs independent? : True

====TEST CR(750, 119, 238)====
Is IST_0 spanning? : True
Is IST_1 spanning? : True
Is IST_2 spanning? : True
Is IST_3 spanning? : True
Is IST_4 spanning? : True
Is IST_5 spanning? : True
Are all ISTs independent? : True

====TEST CR(751, 119, 238)====
Is IST_0 spanning? : True
Is IST_1 spanning? : True
Is IST_2 spanning? : True
Is IST_3 spanning? : True
Is IST_4 spanning? : True
Is IST_5 spanning? : True
Are all ISTs independent? : True

====TEST CR(752, 119, 238)====
Is IST_0 spanning? : True
Is IST_1 spanning? : True
Is IST_2 spanning? : True
Is IST_3 spanning? : True
Is IST_4 spanning? : True
Is IST_5 spanning? : True
Are all ISTs independent? : True

====TEST CR(753, 119, 238)====
Is IST_0 spanning? : True
Is IST_1 spanning? : True
Is IST_2 spanning? : True
Is IST_3 spanning? : True
Is IST_4 spanning? : True
Is IST_5 spanning? : True
Are all ISTs independent? : True

====TEST CR(754, 119, 238)====
Is IST_0 spanning? : True
Is IST_1 spanning? : True
Is IST_2 spanning? : True
Is IST_3 spanning? : True
Is IST_4 spanning? : True
Is IST_5 spanning? : True
Are all ISTs independent? : True

====TEST CR(755, 119, 238)====
Is IST_0 spanning? : True
Is IST_1 spanning? : True
Is IST_2 spanning? : True
Is IST_3 spanning? : True
Is IST_4 spanning? : True
Is IST_5 spanning? : True
Are all ISTs independent? : True

====TEST CR(756, 119, 238)====
Is IST_0 spanning? : True
Is IST_1 spanning? : True
Is IST_2 spanning? : True
Is IST_3 spanning? : True
Is IST_4 spanning? : True
Is IST_5 spanning? : True
Are all ISTs independent? : True

====TEST CR(757, 119, 238)====
Is IST_0 spanning? : True
Is IST_1 spanning? : True
Is IST_2 spanning? : True
Is IST_3 spanning? : True
Is IST_4 spanning? : True
Is IST_5 spanning? : True
Are all ISTs independent? : True

====TEST CR(758, 119, 238)====
Is IST_0 spanning? : True
Is IST_1 spanning? : True
Is IST_2 spanning? : True
Is IST_3 spanning? : True
Is IST_4 spanning? : True
Is IST_5 spanning? : True
Are all ISTs independent? : True

====TEST CR(759, 119, 238)====
Is IST_0 spanning? : True
Is IST_1 spanning? : True
Is IST_2 spanning? : True
Is IST_3 spanning? : True
Is IST_4 spanning? : True
Is IST_5 spanning? : True
Are all ISTs independent? : True

====TEST CR(760, 119, 238)====
Is IST_0 spanning? : True
Is IST_1 spanning? : True
Is IST_2 spanning? : True
Is IST_3 spanning? : True
Is IST_4 spanning? : True
Is IST_5 spanning? : True
Are all ISTs independent? : True

====TEST CR(761, 119, 238)====
Is IST_0 spanning? : True
Is IST_1 spanning? : True
Is IST_2 spanning? : True
Is IST_3 spanning? : True
Is IST_4 spanning? : True
Is IST_5 spanning? : True
Are all ISTs independent? : True

====TEST CR(762, 119, 238)====
Is IST_0 spanning? : True
Is IST_1 spanning? : True
Is IST_2 spanning? : True
Is IST_3 spanning? : True
Is IST_4 spanning? : True
Is IST_5 spanning? : True
Are all ISTs independent? : True

====TEST CR(763, 119, 238)====
Is IST_0 spanning? : True
Is IST_1 spanning? : True
Is IST_2 spanning? : True
Is IST_3 spanning? : True
Is IST_4 spanning? : True
Is IST_5 spanning? : True
Are all ISTs independent? : True

====TEST CR(764, 119, 238)====
Is IST_0 spanning? : True
Is IST_1 spanning? : True
Is IST_2 spanning? : True
Is IST_3 spanning? : True
Is IST_4 spanning? : True
Is IST_5 spanning? : True
Are all ISTs independent? : True

====TEST CR(765, 119, 238)====
Is IST_0 spanning? : True
Is IST_1 spanning? : True
Is IST_2 spanning? : True
Is IST_3 spanning? : True
Is IST_4 spanning? : True
Is IST_5 spanning? : True
Are all ISTs independent? : True

====TEST CR(766, 119, 238)====
Is IST_0 spanning? : True
Is IST_1 spanning? : True
Is IST_2 spanning? : True
Is IST_3 spanning? : True
Is IST_4 spanning? : True
Is IST_5 spanning? : True
Are all ISTs independent? : True

====TEST CR(767, 119, 238)====
Is IST_0 spanning? : True
Is IST_1 spanning? : True
Is IST_2 spanning? : True
Is IST_3 spanning? : True
Is IST_4 spanning? : True
Is IST_5 spanning? : True
Are all ISTs independent? : True

====TEST CR(768, 119, 238)====
Is IST_0 spanning? : True
Is IST_1 spanning? : True
Is IST_2 spanning? : True
Is IST_3 spanning? : True
Is IST_4 spanning? : True
Is IST_5 spanning? : True
Are all ISTs independent? : True

====TEST CR(769, 119, 238)====
Is IST_0 spanning? : True
Is IST_1 spanning? : True
Is IST_2 spanning? : True
Is IST_3 spanning? : True
Is IST_4 spanning? : True
Is IST_5 spanning? : True
Are all ISTs independent? : True

====TEST CR(770, 119, 238)====
Is IST_0 spanning? : True
Is IST_1 spanning? : True
Is IST_2 spanning? : True
Is IST_3 spanning? : True
Is IST_4 spanning? : True
Is IST_5 spanning? : True
Are all ISTs independent? : True

====TEST CR(771, 119, 238)====
Is IST_0 spanning? : True
Is IST_1 spanning? : True
Is IST_2 spanning? : True
Is IST_3 spanning? : True
Is IST_4 spanning? : True
Is IST_5 spanning? : True
Are all ISTs independent? : True

====TEST CR(772, 119, 238)====
Is IST_0 spanning? : True
Is IST_1 spanning? : True
Is IST_2 spanning? : True
Is IST_3 spanning? : True
Is IST_4 spanning? : True
Is IST_5 spanning? : True
Are all ISTs independent? : True

====TEST CR(773, 119, 238)====
Is IST_0 spanning? : True
Is IST_1 spanning? : True
Is IST_2 spanning? : True
Is IST_3 spanning? : True
Is IST_4 spanning? : True
Is IST_5 spanning? : True
Are all ISTs independent? : True

====TEST CR(774, 119, 238)====
Is IST_0 spanning? : True
Is IST_1 spanning? : True
Is IST_2 spanning? : True
Is IST_3 spanning? : True
Is IST_4 spanning? : True
Is IST_5 spanning? : True
Are all ISTs independent? : True

====TEST CR(775, 119, 238)====
Is IST_0 spanning? : True
Is IST_1 spanning? : True
Is IST_2 spanning? : True
Is IST_3 spanning? : True
Is IST_4 spanning? : True
Is IST_5 spanning? : True
Are all ISTs independent? : True

====TEST CR(776, 119, 238)====
Is IST_0 spanning? : True
Is IST_1 spanning? : True
Is IST_2 spanning? : True
Is IST_3 spanning? : True
Is IST_4 spanning? : True
Is IST_5 spanning? : True
Are all ISTs independent? : True

====TEST CR(777, 119, 238)====
Is IST_0 spanning? : True
Is IST_1 spanning? : True
Is IST_2 spanning? : True
Is IST_3 spanning? : True
Is IST_4 spanning? : True
Is IST_5 spanning? : True
Are all ISTs independent? : True

====TEST CR(778, 119, 238)====
Is IST_0 spanning? : True
Is IST_1 spanning? : True
Is IST_2 spanning? : True
Is IST_3 spanning? : True
Is IST_4 spanning? : True
Is IST_5 spanning? : True
Are all ISTs independent? : True

====TEST CR(779, 119, 238)====
Is IST_0 spanning? : True
Is IST_1 spanning? : True
Is IST_2 spanning? : True
Is IST_3 spanning? : True
Is IST_4 spanning? : True
Is IST_5 spanning? : True
Are all ISTs independent? : True

====TEST CR(780, 119, 238)====
Is IST_0 spanning? : True
Is IST_1 spanning? : True
Is IST_2 spanning? : True
Is IST_3 spanning? : True
Is IST_4 spanning? : True
Is IST_5 spanning? : True
Are all ISTs independent? : True

====TEST CR(781, 119, 238)====
Is IST_0 spanning? : True
Is IST_1 spanning? : True
Is IST_2 spanning? : True
Is IST_3 spanning? : True
Is IST_4 spanning? : True
Is IST_5 spanning? : True
Are all ISTs independent? : True

====TEST CR(782, 119, 238)====
Is IST_0 spanning? : True
Is IST_1 spanning? : True
Is IST_2 spanning? : True
Is IST_3 spanning? : True
Is IST_4 spanning? : True
Is IST_5 spanning? : True
Are all ISTs independent? : True

====TEST CR(783, 119, 238)====
Is IST_0 spanning? : True
Is IST_1 spanning? : True
Is IST_2 spanning? : True
Is IST_3 spanning? : True
Is IST_4 spanning? : True
Is IST_5 spanning? : True
Are all ISTs independent? : True

====TEST CR(784, 119, 238)====
Is IST_0 spanning? : True
Is IST_1 spanning? : True
Is IST_2 spanning? : True
Is IST_3 spanning? : True
Is IST_4 spanning? : True
Is IST_5 spanning? : True
Are all ISTs independent? : True

====TEST CR(785, 119, 238)====
Is IST_0 spanning? : True
Is IST_1 spanning? : True
Is IST_2 spanning? : True
Is IST_3 spanning? : True
Is IST_4 spanning? : True
Is IST_5 spanning? : True
Are all ISTs independent? : True

====TEST CR(786, 119, 238)====
Is IST_0 spanning? : True
Is IST_1 spanning? : True
Is IST_2 spanning? : True
Is IST_3 spanning? : True
Is IST_4 spanning? : True
Is IST_5 spanning? : True
Are all ISTs independent? : True

====TEST CR(787, 119, 238)====
Is IST_0 spanning? : True
Is IST_1 spanning? : True
Is IST_2 spanning? : True
Is IST_3 spanning? : True
Is IST_4 spanning? : True
Is IST_5 spanning? : True
Are all ISTs independent? : True

====TEST CR(788, 119, 238)====
Is IST_0 spanning? : True
Is IST_1 spanning? : True
Is IST_2 spanning? : True
Is IST_3 spanning? : True
Is IST_4 spanning? : True
Is IST_5 spanning? : True
Are all ISTs independent? : True

====TEST CR(789, 119, 238)====
Is IST_0 spanning? : True
Is IST_1 spanning? : True
Is IST_2 spanning? : True
Is IST_3 spanning? : True
Is IST_4 spanning? : True
Is IST_5 spanning? : True
Are all ISTs independent? : True

====TEST CR(790, 119, 238)====
Is IST_0 spanning? : True
Is IST_1 spanning? : True
Is IST_2 spanning? : True
Is IST_3 spanning? : True
Is IST_4 spanning? : True
Is IST_5 spanning? : True
Are all ISTs independent? : True

====TEST CR(791, 119, 238)====
Is IST_0 spanning? : True
Is IST_1 spanning? : True
Is IST_2 spanning? : True
Is IST_3 spanning? : True
Is IST_4 spanning? : True
Is IST_5 spanning? : True
Are all ISTs independent? : True

====TEST CR(792, 119, 238)====
Is IST_0 spanning? : True
Is IST_1 spanning? : True
Is IST_2 spanning? : True
Is IST_3 spanning? : True
Is IST_4 spanning? : True
Is IST_5 spanning? : True
Are all ISTs independent? : True

====TEST CR(793, 119, 238)====
Is IST_0 spanning? : True
Is IST_1 spanning? : True
Is IST_2 spanning? : True
Is IST_3 spanning? : True
Is IST_4 spanning? : True
Is IST_5 spanning? : True
Are all ISTs independent? : True

====TEST CR(794, 119, 238)====
Is IST_0 spanning? : True
Is IST_1 spanning? : True
Is IST_2 spanning? : True
Is IST_3 spanning? : True
Is IST_4 spanning? : True
Is IST_5 spanning? : True
Are all ISTs independent? : True

====TEST CR(795, 119, 238)====
Is IST_0 spanning? : True
Is IST_1 spanning? : True
Is IST_2 spanning? : True
Is IST_3 spanning? : True
Is IST_4 spanning? : True
Is IST_5 spanning? : True
Are all ISTs independent? : True

====TEST CR(796, 119, 238)====
Is IST_0 spanning? : True
Is IST_1 spanning? : True
Is IST_2 spanning? : True
Is IST_3 spanning? : True
Is IST_4 spanning? : True
Is IST_5 spanning? : True
Are all ISTs independent? : True

====TEST CR(797, 119, 238)====
Is IST_0 spanning? : True
Is IST_1 spanning? : True
Is IST_2 spanning? : True
Is IST_3 spanning? : True
Is IST_4 spanning? : True
Is IST_5 spanning? : True
Are all ISTs independent? : True

====TEST CR(798, 119, 238)====
Is IST_0 spanning? : True
Is IST_1 spanning? : True
Is IST_2 spanning? : True
Is IST_3 spanning? : True
Is IST_4 spanning? : True
Is IST_5 spanning? : True
Are all ISTs independent? : True

====TEST CR(799, 119, 238)====
Is IST_0 spanning? : True
Is IST_1 spanning? : True
Is IST_2 spanning? : True
Is IST_3 spanning? : True
Is IST_4 spanning? : True
Is IST_5 spanning? : True
Are all ISTs independent? : True

====TEST CR(800, 119, 238)====
Is IST_0 spanning? : True
Is IST_1 spanning? : True
Is IST_2 spanning? : True
Is IST_3 spanning? : True
Is IST_4 spanning? : True
Is IST_5 spanning? : True
Are all ISTs independent? : True

====TEST CR(801, 119, 238)====
Is IST_0 spanning? : True
Is IST_1 spanning? : True
Is IST_2 spanning? : True
Is IST_3 spanning? : True
Is IST_4 spanning? : True
Is IST_5 spanning? : True
Are all ISTs independent? : True

====TEST CR(802, 119, 238)====
Is IST_0 spanning? : True
Is IST_1 spanning? : True
Is IST_2 spanning? : True
Is IST_3 spanning? : True
Is IST_4 spanning? : True
Is IST_5 spanning? : True
Are all ISTs independent? : True

====TEST CR(803, 119, 238)====
Is IST_0 spanning? : True
Is IST_1 spanning? : True
Is IST_2 spanning? : True
Is IST_3 spanning? : True
Is IST_4 spanning? : True
Is IST_5 spanning? : True
Are all ISTs independent? : True

====TEST CR(804, 119, 238)====
Is IST_0 spanning? : True
Is IST_1 spanning? : True
Is IST_2 spanning? : True
Is IST_3 spanning? : True
Is IST_4 spanning? : True
Is IST_5 spanning? : True
Are all ISTs independent? : True

====TEST CR(805, 119, 238)====
Is IST_0 spanning? : True
Is IST_1 spanning? : True
Is IST_2 spanning? : True
Is IST_3 spanning? : True
Is IST_4 spanning? : True
Is IST_5 spanning? : True
Are all ISTs independent? : True

====TEST CR(806, 119, 238)====
Is IST_0 spanning? : True
Is IST_1 spanning? : True
Is IST_2 spanning? : True
Is IST_3 spanning? : True
Is IST_4 spanning? : True
Is IST_5 spanning? : True
Are all ISTs independent? : True

====TEST CR(807, 119, 238)====
Is IST_0 spanning? : True
Is IST_1 spanning? : True
Is IST_2 spanning? : True
Is IST_3 spanning? : True
Is IST_4 spanning? : True
Is IST_5 spanning? : True
Are all ISTs independent? : True

====TEST CR(808, 119, 238)====
Is IST_0 spanning? : True
Is IST_1 spanning? : True
Is IST_2 spanning? : True
Is IST_3 spanning? : True
Is IST_4 spanning? : True
Is IST_5 spanning? : True
Are all ISTs independent? : True

====TEST CR(809, 119, 238)====
Is IST_0 spanning? : True
Is IST_1 spanning? : True
Is IST_2 spanning? : True
Is IST_3 spanning? : True
Is IST_4 spanning? : True
Is IST_5 spanning? : True
Are all ISTs independent? : True

====TEST CR(810, 119, 238)====
Is IST_0 spanning? : True
Is IST_1 spanning? : True
Is IST_2 spanning? : True
Is IST_3 spanning? : True
Is IST_4 spanning? : True
Is IST_5 spanning? : True
Are all ISTs independent? : True

====TEST CR(811, 119, 238)====
Is IST_0 spanning? : True
Is IST_1 spanning? : True
Is IST_2 spanning? : True
Is IST_3 spanning? : True
Is IST_4 spanning? : True
Is IST_5 spanning? : True
Are all ISTs independent? : True

====TEST CR(812, 119, 238)====
Is IST_0 spanning? : True
Is IST_1 spanning? : True
Is IST_2 spanning? : True
Is IST_3 spanning? : True
Is IST_4 spanning? : True
Is IST_5 spanning? : True
Are all ISTs independent? : True

====TEST CR(813, 119, 238)====
Is IST_0 spanning? : True
Is IST_1 spanning? : True
Is IST_2 spanning? : True
Is IST_3 spanning? : True
Is IST_4 spanning? : True
Is IST_5 spanning? : True
Are all ISTs independent? : True

====TEST CR(814, 119, 238)====
Is IST_0 spanning? : True
Is IST_1 spanning? : True
Is IST_2 spanning? : True
Is IST_3 spanning? : True
Is IST_4 spanning? : True
Is IST_5 spanning? : True
Are all ISTs independent? : True

====TEST CR(815, 119, 238)====
Is IST_0 spanning? : True
Is IST_1 spanning? : True
Is IST_2 spanning? : True
Is IST_3 spanning? : True
Is IST_4 spanning? : True
Is IST_5 spanning? : True
Are all ISTs independent? : True

====TEST CR(816, 119, 238)====
Is IST_0 spanning? : True
Is IST_1 spanning? : True
Is IST_2 spanning? : True
Is IST_3 spanning? : True
Is IST_4 spanning? : True
Is IST_5 spanning? : True
Are all ISTs independent? : True

====TEST CR(817, 119, 238)====
Is IST_0 spanning? : True
Is IST_1 spanning? : True
Is IST_2 spanning? : True
Is IST_3 spanning? : True
Is IST_4 spanning? : True
Is IST_5 spanning? : True
Are all ISTs independent? : True

====TEST CR(818, 119, 238)====
Is IST_0 spanning? : True
Is IST_1 spanning? : True
Is IST_2 spanning? : True
Is IST_3 spanning? : True
Is IST_4 spanning? : True
Is IST_5 spanning? : True
Are all ISTs independent? : True

====TEST CR(819, 119, 238)====
Is IST_0 spanning? : True
Is IST_1 spanning? : True
Is IST_2 spanning? : True
Is IST_3 spanning? : True
Is IST_4 spanning? : True
Is IST_5 spanning? : True
Are all ISTs independent? : True

====TEST CR(820, 119, 238)====
Is IST_0 spanning? : True
Is IST_1 spanning? : True
Is IST_2 spanning? : True
Is IST_3 spanning? : True
Is IST_4 spanning? : True
Is IST_5 spanning? : True
Are all ISTs independent? : True

====TEST CR(821, 119, 238)====
Is IST_0 spanning? : True
Is IST_1 spanning? : True
Is IST_2 spanning? : True
Is IST_3 spanning? : True
Is IST_4 spanning? : True
Is IST_5 spanning? : True
Are all ISTs independent? : True

====TEST CR(822, 119, 238)====
Is IST_0 spanning? : True
Is IST_1 spanning? : True
Is IST_2 spanning? : True
Is IST_3 spanning? : True
Is IST_4 spanning? : True
Is IST_5 spanning? : True
Are all ISTs independent? : True

====TEST CR(823, 119, 238)====
Is IST_0 spanning? : True
Is IST_1 spanning? : True
Is IST_2 spanning? : True
Is IST_3 spanning? : True
Is IST_4 spanning? : True
Is IST_5 spanning? : True
Are all ISTs independent? : True

====TEST CR(824, 119, 238)====
Is IST_0 spanning? : True
Is IST_1 spanning? : True
Is IST_2 spanning? : True
Is IST_3 spanning? : True
Is IST_4 spanning? : True
Is IST_5 spanning? : True
Are all ISTs independent? : True

====TEST CR(825, 119, 238)====
Is IST_0 spanning? : True
Is IST_1 spanning? : True
Is IST_2 spanning? : True
Is IST_3 spanning? : True
Is IST_4 spanning? : True
Is IST_5 spanning? : True
Are all ISTs independent? : True

====TEST CR(826, 119, 238)====
Is IST_0 spanning? : True
Is IST_1 spanning? : True
Is IST_2 spanning? : True
Is IST_3 spanning? : True
Is IST_4 spanning? : True
Is IST_5 spanning? : True
Are all ISTs independent? : True

====TEST CR(827, 119, 238)====
Is IST_0 spanning? : True
Is IST_1 spanning? : True
Is IST_2 spanning? : True
Is IST_3 spanning? : True
Is IST_4 spanning? : True
Is IST_5 spanning? : True
Are all ISTs independent? : True

====TEST CR(828, 119, 238)====
Is IST_0 spanning? : True
Is IST_1 spanning? : True
Is IST_2 spanning? : True
Is IST_3 spanning? : True
Is IST_4 spanning? : True
Is IST_5 spanning? : True
Are all ISTs independent? : True

====TEST CR(829, 119, 238)====
Is IST_0 spanning? : True
Is IST_1 spanning? : True
Is IST_2 spanning? : True
Is IST_3 spanning? : True
Is IST_4 spanning? : True
Is IST_5 spanning? : True
Are all ISTs independent? : True

====TEST CR(830, 119, 238)====
Is IST_0 spanning? : True
Is IST_1 spanning? : True
Is IST_2 spanning? : True
Is IST_3 spanning? : True
Is IST_4 spanning? : True
Is IST_5 spanning? : True
Are all ISTs independent? : True

====TEST CR(831, 119, 238)====
Is IST_0 spanning? : True
Is IST_1 spanning? : True
Is IST_2 spanning? : True
Is IST_3 spanning? : True
Is IST_4 spanning? : True
Is IST_5 spanning? : True
Are all ISTs independent? : True

====TEST CR(832, 119, 238)====
Is IST_0 spanning? : True
Is IST_1 spanning? : True
Is IST_2 spanning? : True
Is IST_3 spanning? : True
Is IST_4 spanning? : True
Is IST_5 spanning? : True
Are all ISTs independent? : True

====TEST CR(833, 119, 238)====
Is IST_0 spanning? : True
Is IST_1 spanning? : True
Is IST_2 spanning? : True
Is IST_3 spanning? : True
Is IST_4 spanning? : True
Is IST_5 spanning? : True
Are all ISTs independent? : True

====TEST CR(834, 119, 238)====
Is IST_0 spanning? : True
Is IST_1 spanning? : True
Is IST_2 spanning? : True
Is IST_3 spanning? : True
Is IST_4 spanning? : True
Is IST_5 spanning? : True
Are all ISTs independent? : True

====TEST CR(835, 119, 238)====
Is IST_0 spanning? : True
Is IST_1 spanning? : True
Is IST_2 spanning? : True
Is IST_3 spanning? : True
Is IST_4 spanning? : True
Is IST_5 spanning? : True
Are all ISTs independent? : True

====TEST CR(836, 119, 238)====
Is IST_0 spanning? : True
Is IST_1 spanning? : True
Is IST_2 spanning? : True
Is IST_3 spanning? : True
Is IST_4 spanning? : True
Is IST_5 spanning? : True
Are all ISTs independent? : True

====TEST CR(837, 119, 238)====
Is IST_0 spanning? : True
Is IST_1 spanning? : True
Is IST_2 spanning? : True
Is IST_3 spanning? : True
Is IST_4 spanning? : True
Is IST_5 spanning? : True
Are all ISTs independent? : True

====TEST CR(838, 119, 238)====
Is IST_0 spanning? : True
Is IST_1 spanning? : True
Is IST_2 spanning? : True
Is IST_3 spanning? : True
Is IST_4 spanning? : True
Is IST_5 spanning? : True
Are all ISTs independent? : True

====TEST CR(839, 119, 238)====
Is IST_0 spanning? : True
Is IST_1 spanning? : True
Is IST_2 spanning? : True
Is IST_3 spanning? : True
Is IST_4 spanning? : True
Is IST_5 spanning? : True
Are all ISTs independent? : True

====TEST CR(840, 119, 238)====
Is IST_0 spanning? : True
Is IST_1 spanning? : True
Is IST_2 spanning? : True
Is IST_3 spanning? : True
Is IST_4 spanning? : True
Is IST_5 spanning? : True
Are all ISTs independent? : True

====TEST CR(841, 119, 238)====
Is IST_0 spanning? : True
Is IST_1 spanning? : True
Is IST_2 spanning? : True
Is IST_3 spanning? : True
Is IST_4 spanning? : True
Is IST_5 spanning? : True
Are all ISTs independent? : True

====TEST CR(842, 119, 238)====
Is IST_0 spanning? : True
Is IST_1 spanning? : True
Is IST_2 spanning? : True
Is IST_3 spanning? : True
Is IST_4 spanning? : True
Is IST_5 spanning? : True
Are all ISTs independent? : True

====TEST CR(720, 120, 240)====
Is IST_0 spanning? : True
Is IST_1 spanning? : True
Is IST_2 spanning? : True
Is IST_3 spanning? : True
Is IST_4 spanning? : True
Is IST_5 spanning? : True
Are all ISTs independent? : True

====TEST CR(721, 120, 240)====
Is IST_0 spanning? : True
Is IST_1 spanning? : True
Is IST_2 spanning? : True
Is IST_3 spanning? : True
Is IST_4 spanning? : True
Is IST_5 spanning? : True
Are all ISTs independent? : True

====TEST CR(722, 120, 240)====
Is IST_0 spanning? : True
Is IST_1 spanning? : True
Is IST_2 spanning? : True
Is IST_3 spanning? : True
Is IST_4 spanning? : True
Is IST_5 spanning? : True
Are all ISTs independent? : True

====TEST CR(723, 120, 240)====
Is IST_0 spanning? : True
Is IST_1 spanning? : True
Is IST_2 spanning? : True
Is IST_3 spanning? : True
Is IST_4 spanning? : True
Is IST_5 spanning? : True
Are all ISTs independent? : True

====TEST CR(724, 120, 240)====
Is IST_0 spanning? : True
Is IST_1 spanning? : True
Is IST_2 spanning? : True
Is IST_3 spanning? : True
Is IST_4 spanning? : True
Is IST_5 spanning? : True
Are all ISTs independent? : True

====TEST CR(725, 120, 240)====
Is IST_0 spanning? : True
Is IST_1 spanning? : True
Is IST_2 spanning? : True
Is IST_3 spanning? : True
Is IST_4 spanning? : True
Is IST_5 spanning? : True
Are all ISTs independent? : True

====TEST CR(726, 120, 240)====
Is IST_0 spanning? : True
Is IST_1 spanning? : True
Is IST_2 spanning? : True
Is IST_3 spanning? : True
Is IST_4 spanning? : True
Is IST_5 spanning? : True
Are all ISTs independent? : True

====TEST CR(727, 120, 240)====
Is IST_0 spanning? : True
Is IST_1 spanning? : True
Is IST_2 spanning? : True
Is IST_3 spanning? : True
Is IST_4 spanning? : True
Is IST_5 spanning? : True
Are all ISTs independent? : True

====TEST CR(728, 120, 240)====
Is IST_0 spanning? : True
Is IST_1 spanning? : True
Is IST_2 spanning? : True
Is IST_3 spanning? : True
Is IST_4 spanning? : True
Is IST_5 spanning? : True
Are all ISTs independent? : True

====TEST CR(729, 120, 240)====
Is IST_0 spanning? : True
Is IST_1 spanning? : True
Is IST_2 spanning? : True
Is IST_3 spanning? : True
Is IST_4 spanning? : True
Is IST_5 spanning? : True
Are all ISTs independent? : True

====TEST CR(730, 120, 240)====
Is IST_0 spanning? : True
Is IST_1 spanning? : True
Is IST_2 spanning? : True
Is IST_3 spanning? : True
Is IST_4 spanning? : True
Is IST_5 spanning? : True
Are all ISTs independent? : True

====TEST CR(731, 120, 240)====
Is IST_0 spanning? : True
Is IST_1 spanning? : True
Is IST_2 spanning? : True
Is IST_3 spanning? : True
Is IST_4 spanning? : True
Is IST_5 spanning? : True
Are all ISTs independent? : True

====TEST CR(732, 120, 240)====
Is IST_0 spanning? : True
Is IST_1 spanning? : True
Is IST_2 spanning? : True
Is IST_3 spanning? : True
Is IST_4 spanning? : True
Is IST_5 spanning? : True
Are all ISTs independent? : True

====TEST CR(733, 120, 240)====
Is IST_0 spanning? : True
Is IST_1 spanning? : True
Is IST_2 spanning? : True
Is IST_3 spanning? : True
Is IST_4 spanning? : True
Is IST_5 spanning? : True
Are all ISTs independent? : True

====TEST CR(734, 120, 240)====
Is IST_0 spanning? : True
Is IST_1 spanning? : True
Is IST_2 spanning? : True
Is IST_3 spanning? : True
Is IST_4 spanning? : True
Is IST_5 spanning? : True
Are all ISTs independent? : True

====TEST CR(735, 120, 240)====
Is IST_0 spanning? : True
Is IST_1 spanning? : True
Is IST_2 spanning? : True
Is IST_3 spanning? : True
Is IST_4 spanning? : True
Is IST_5 spanning? : True
Are all ISTs independent? : True

====TEST CR(736, 120, 240)====
Is IST_0 spanning? : True
Is IST_1 spanning? : True
Is IST_2 spanning? : True
Is IST_3 spanning? : True
Is IST_4 spanning? : True
Is IST_5 spanning? : True
Are all ISTs independent? : True

====TEST CR(737, 120, 240)====
Is IST_0 spanning? : True
Is IST_1 spanning? : True
Is IST_2 spanning? : True
Is IST_3 spanning? : True
Is IST_4 spanning? : True
Is IST_5 spanning? : True
Are all ISTs independent? : True

====TEST CR(738, 120, 240)====
Is IST_0 spanning? : True
Is IST_1 spanning? : True
Is IST_2 spanning? : True
Is IST_3 spanning? : True
Is IST_4 spanning? : True
Is IST_5 spanning? : True
Are all ISTs independent? : True

====TEST CR(739, 120, 240)====
Is IST_0 spanning? : True
Is IST_1 spanning? : True
Is IST_2 spanning? : True
Is IST_3 spanning? : True
Is IST_4 spanning? : True
Is IST_5 spanning? : True
Are all ISTs independent? : True

====TEST CR(740, 120, 240)====
Is IST_0 spanning? : True
Is IST_1 spanning? : True
Is IST_2 spanning? : True
Is IST_3 spanning? : True
Is IST_4 spanning? : True
Is IST_5 spanning? : True
Are all ISTs independent? : True

====TEST CR(741, 120, 240)====
Is IST_0 spanning? : True
Is IST_1 spanning? : True
Is IST_2 spanning? : True
Is IST_3 spanning? : True
Is IST_4 spanning? : True
Is IST_5 spanning? : True
Are all ISTs independent? : True

====TEST CR(742, 120, 240)====
Is IST_0 spanning? : True
Is IST_1 spanning? : True
Is IST_2 spanning? : True
Is IST_3 spanning? : True
Is IST_4 spanning? : True
Is IST_5 spanning? : True
Are all ISTs independent? : True

====TEST CR(743, 120, 240)====
Is IST_0 spanning? : True
Is IST_1 spanning? : True
Is IST_2 spanning? : True
Is IST_3 spanning? : True
Is IST_4 spanning? : True
Is IST_5 spanning? : True
Are all ISTs independent? : True

====TEST CR(744, 120, 240)====
Is IST_0 spanning? : True
Is IST_1 spanning? : True
Is IST_2 spanning? : True
Is IST_3 spanning? : True
Is IST_4 spanning? : True
Is IST_5 spanning? : True
Are all ISTs independent? : True

====TEST CR(745, 120, 240)====
Is IST_0 spanning? : True
Is IST_1 spanning? : True
Is IST_2 spanning? : True
Is IST_3 spanning? : True
Is IST_4 spanning? : True
Is IST_5 spanning? : True
Are all ISTs independent? : True

====TEST CR(746, 120, 240)====
Is IST_0 spanning? : True
Is IST_1 spanning? : True
Is IST_2 spanning? : True
Is IST_3 spanning? : True
Is IST_4 spanning? : True
Is IST_5 spanning? : True
Are all ISTs independent? : True

====TEST CR(747, 120, 240)====
Is IST_0 spanning? : True
Is IST_1 spanning? : True
Is IST_2 spanning? : True
Is IST_3 spanning? : True
Is IST_4 spanning? : True
Is IST_5 spanning? : True
Are all ISTs independent? : True

====TEST CR(748, 120, 240)====
Is IST_0 spanning? : True
Is IST_1 spanning? : True
Is IST_2 spanning? : True
Is IST_3 spanning? : True
Is IST_4 spanning? : True
Is IST_5 spanning? : True
Are all ISTs independent? : True

====TEST CR(749, 120, 240)====
Is IST_0 spanning? : True
Is IST_1 spanning? : True
Is IST_2 spanning? : True
Is IST_3 spanning? : True
Is IST_4 spanning? : True
Is IST_5 spanning? : True
Are all ISTs independent? : True

====TEST CR(750, 120, 240)====
Is IST_0 spanning? : True
Is IST_1 spanning? : True
Is IST_2 spanning? : True
Is IST_3 spanning? : True
Is IST_4 spanning? : True
Is IST_5 spanning? : True
Are all ISTs independent? : True

====TEST CR(751, 120, 240)====
Is IST_0 spanning? : True
Is IST_1 spanning? : True
Is IST_2 spanning? : True
Is IST_3 spanning? : True
Is IST_4 spanning? : True
Is IST_5 spanning? : True
Are all ISTs independent? : True

====TEST CR(752, 120, 240)====
Is IST_0 spanning? : True
Is IST_1 spanning? : True
Is IST_2 spanning? : True
Is IST_3 spanning? : True
Is IST_4 spanning? : True
Is IST_5 spanning? : True
Are all ISTs independent? : True

====TEST CR(753, 120, 240)====
Is IST_0 spanning? : True
Is IST_1 spanning? : True
Is IST_2 spanning? : True
Is IST_3 spanning? : True
Is IST_4 spanning? : True
Is IST_5 spanning? : True
Are all ISTs independent? : True

====TEST CR(754, 120, 240)====
Is IST_0 spanning? : True
Is IST_1 spanning? : True
Is IST_2 spanning? : True
Is IST_3 spanning? : True
Is IST_4 spanning? : True
Is IST_5 spanning? : True
Are all ISTs independent? : True

====TEST CR(755, 120, 240)====
Is IST_0 spanning? : True
Is IST_1 spanning? : True
Is IST_2 spanning? : True
Is IST_3 spanning? : True
Is IST_4 spanning? : True
Is IST_5 spanning? : True
Are all ISTs independent? : True

====TEST CR(756, 120, 240)====
Is IST_0 spanning? : True
Is IST_1 spanning? : True
Is IST_2 spanning? : True
Is IST_3 spanning? : True
Is IST_4 spanning? : True
Is IST_5 spanning? : True
Are all ISTs independent? : True

====TEST CR(757, 120, 240)====
Is IST_0 spanning? : True
Is IST_1 spanning? : True
Is IST_2 spanning? : True
Is IST_3 spanning? : True
Is IST_4 spanning? : True
Is IST_5 spanning? : True
Are all ISTs independent? : True

====TEST CR(758, 120, 240)====
Is IST_0 spanning? : True
Is IST_1 spanning? : True
Is IST_2 spanning? : True
Is IST_3 spanning? : True
Is IST_4 spanning? : True
Is IST_5 spanning? : True
Are all ISTs independent? : True

====TEST CR(759, 120, 240)====
Is IST_0 spanning? : True
Is IST_1 spanning? : True
Is IST_2 spanning? : True
Is IST_3 spanning? : True
Is IST_4 spanning? : True
Is IST_5 spanning? : True
Are all ISTs independent? : True

====TEST CR(760, 120, 240)====
Is IST_0 spanning? : True
Is IST_1 spanning? : True
Is IST_2 spanning? : True
Is IST_3 spanning? : True
Is IST_4 spanning? : True
Is IST_5 spanning? : True
Are all ISTs independent? : True

====TEST CR(761, 120, 240)====
Is IST_0 spanning? : True
Is IST_1 spanning? : True
Is IST_2 spanning? : True
Is IST_3 spanning? : True
Is IST_4 spanning? : True
Is IST_5 spanning? : True
Are all ISTs independent? : True

====TEST CR(762, 120, 240)====
Is IST_0 spanning? : True
Is IST_1 spanning? : True
Is IST_2 spanning? : True
Is IST_3 spanning? : True
Is IST_4 spanning? : True
Is IST_5 spanning? : True
Are all ISTs independent? : True

====TEST CR(763, 120, 240)====
Is IST_0 spanning? : True
Is IST_1 spanning? : True
Is IST_2 spanning? : True
Is IST_3 spanning? : True
Is IST_4 spanning? : True
Is IST_5 spanning? : True
Are all ISTs independent? : True

====TEST CR(764, 120, 240)====
Is IST_0 spanning? : True
Is IST_1 spanning? : True
Is IST_2 spanning? : True
Is IST_3 spanning? : True
Is IST_4 spanning? : True
Is IST_5 spanning? : True
Are all ISTs independent? : True

====TEST CR(765, 120, 240)====
Is IST_0 spanning? : True
Is IST_1 spanning? : True
Is IST_2 spanning? : True
Is IST_3 spanning? : True
Is IST_4 spanning? : True
Is IST_5 spanning? : True
Are all ISTs independent? : True

====TEST CR(766, 120, 240)====
Is IST_0 spanning? : True
Is IST_1 spanning? : True
Is IST_2 spanning? : True
Is IST_3 spanning? : True
Is IST_4 spanning? : True
Is IST_5 spanning? : True
Are all ISTs independent? : True

====TEST CR(767, 120, 240)====
Is IST_0 spanning? : True
Is IST_1 spanning? : True
Is IST_2 spanning? : True
Is IST_3 spanning? : True
Is IST_4 spanning? : True
Is IST_5 spanning? : True
Are all ISTs independent? : True

====TEST CR(768, 120, 240)====
Is IST_0 spanning? : True
Is IST_1 spanning? : True
Is IST_2 spanning? : True
Is IST_3 spanning? : True
Is IST_4 spanning? : True
Is IST_5 spanning? : True
Are all ISTs independent? : True

====TEST CR(769, 120, 240)====
Is IST_0 spanning? : True
Is IST_1 spanning? : True
Is IST_2 spanning? : True
Is IST_3 spanning? : True
Is IST_4 spanning? : True
Is IST_5 spanning? : True
Are all ISTs independent? : True

====TEST CR(770, 120, 240)====
Is IST_0 spanning? : True
Is IST_1 spanning? : True
Is IST_2 spanning? : True
Is IST_3 spanning? : True
Is IST_4 spanning? : True
Is IST_5 spanning? : True
Are all ISTs independent? : True

====TEST CR(771, 120, 240)====
Is IST_0 spanning? : True
Is IST_1 spanning? : True
Is IST_2 spanning? : True
Is IST_3 spanning? : True
Is IST_4 spanning? : True
Is IST_5 spanning? : True
Are all ISTs independent? : True

====TEST CR(772, 120, 240)====
Is IST_0 spanning? : True
Is IST_1 spanning? : True
Is IST_2 spanning? : True
Is IST_3 spanning? : True
Is IST_4 spanning? : True
Is IST_5 spanning? : True
Are all ISTs independent? : True

====TEST CR(773, 120, 240)====
Is IST_0 spanning? : True
Is IST_1 spanning? : True
Is IST_2 spanning? : True
Is IST_3 spanning? : True
Is IST_4 spanning? : True
Is IST_5 spanning? : True
Are all ISTs independent? : True

====TEST CR(774, 120, 240)====
Is IST_0 spanning? : True
Is IST_1 spanning? : True
Is IST_2 spanning? : True
Is IST_3 spanning? : True
Is IST_4 spanning? : True
Is IST_5 spanning? : True
Are all ISTs independent? : True

====TEST CR(775, 120, 240)====
Is IST_0 spanning? : True
Is IST_1 spanning? : True
Is IST_2 spanning? : True
Is IST_3 spanning? : True
Is IST_4 spanning? : True
Is IST_5 spanning? : True
Are all ISTs independent? : True

====TEST CR(776, 120, 240)====
Is IST_0 spanning? : True
Is IST_1 spanning? : True
Is IST_2 spanning? : True
Is IST_3 spanning? : True
Is IST_4 spanning? : True
Is IST_5 spanning? : True
Are all ISTs independent? : True

====TEST CR(777, 120, 240)====
Is IST_0 spanning? : True
Is IST_1 spanning? : True
Is IST_2 spanning? : True
Is IST_3 spanning? : True
Is IST_4 spanning? : True
Is IST_5 spanning? : True
Are all ISTs independent? : True

====TEST CR(778, 120, 240)====
Is IST_0 spanning? : True
Is IST_1 spanning? : True
Is IST_2 spanning? : True
Is IST_3 spanning? : True
Is IST_4 spanning? : True
Is IST_5 spanning? : True
Are all ISTs independent? : True

====TEST CR(779, 120, 240)====
Is IST_0 spanning? : True
Is IST_1 spanning? : True
Is IST_2 spanning? : True
Is IST_3 spanning? : True
Is IST_4 spanning? : True
Is IST_5 spanning? : True
Are all ISTs independent? : True

====TEST CR(780, 120, 240)====
Is IST_0 spanning? : True
Is IST_1 spanning? : True
Is IST_2 spanning? : True
Is IST_3 spanning? : True
Is IST_4 spanning? : True
Is IST_5 spanning? : True
Are all ISTs independent? : True

====TEST CR(781, 120, 240)====
Is IST_0 spanning? : True
Is IST_1 spanning? : True
Is IST_2 spanning? : True
Is IST_3 spanning? : True
Is IST_4 spanning? : True
Is IST_5 spanning? : True
Are all ISTs independent? : True

====TEST CR(782, 120, 240)====
Is IST_0 spanning? : True
Is IST_1 spanning? : True
Is IST_2 spanning? : True
Is IST_3 spanning? : True
Is IST_4 spanning? : True
Is IST_5 spanning? : True
Are all ISTs independent? : True

====TEST CR(783, 120, 240)====
Is IST_0 spanning? : True
Is IST_1 spanning? : True
Is IST_2 spanning? : True
Is IST_3 spanning? : True
Is IST_4 spanning? : True
Is IST_5 spanning? : True
Are all ISTs independent? : True

====TEST CR(784, 120, 240)====
Is IST_0 spanning? : True
Is IST_1 spanning? : True
Is IST_2 spanning? : True
Is IST_3 spanning? : True
Is IST_4 spanning? : True
Is IST_5 spanning? : True
Are all ISTs independent? : True

====TEST CR(785, 120, 240)====
Is IST_0 spanning? : True
Is IST_1 spanning? : True
Is IST_2 spanning? : True
Is IST_3 spanning? : True
Is IST_4 spanning? : True
Is IST_5 spanning? : True
Are all ISTs independent? : True

====TEST CR(786, 120, 240)====
Is IST_0 spanning? : True
Is IST_1 spanning? : True
Is IST_2 spanning? : True
Is IST_3 spanning? : True
Is IST_4 spanning? : True
Is IST_5 spanning? : True
Are all ISTs independent? : True

====TEST CR(787, 120, 240)====
Is IST_0 spanning? : True
Is IST_1 spanning? : True
Is IST_2 spanning? : True
Is IST_3 spanning? : True
Is IST_4 spanning? : True
Is IST_5 spanning? : True
Are all ISTs independent? : True

====TEST CR(788, 120, 240)====
Is IST_0 spanning? : True
Is IST_1 spanning? : True
Is IST_2 spanning? : True
Is IST_3 spanning? : True
Is IST_4 spanning? : True
Is IST_5 spanning? : True
Are all ISTs independent? : True

====TEST CR(789, 120, 240)====
Is IST_0 spanning? : True
Is IST_1 spanning? : True
Is IST_2 spanning? : True
Is IST_3 spanning? : True
Is IST_4 spanning? : True
Is IST_5 spanning? : True
Are all ISTs independent? : True

====TEST CR(790, 120, 240)====
Is IST_0 spanning? : True
Is IST_1 spanning? : True
Is IST_2 spanning? : True
Is IST_3 spanning? : True
Is IST_4 spanning? : True
Is IST_5 spanning? : True
Are all ISTs independent? : True

====TEST CR(791, 120, 240)====
Is IST_0 spanning? : True
Is IST_1 spanning? : True
Is IST_2 spanning? : True
Is IST_3 spanning? : True
Is IST_4 spanning? : True
Is IST_5 spanning? : True
Are all ISTs independent? : True

====TEST CR(792, 120, 240)====
Is IST_0 spanning? : True
Is IST_1 spanning? : True
Is IST_2 spanning? : True
Is IST_3 spanning? : True
Is IST_4 spanning? : True
Is IST_5 spanning? : True
Are all ISTs independent? : True

====TEST CR(793, 120, 240)====
Is IST_0 spanning? : True
Is IST_1 spanning? : True
Is IST_2 spanning? : True
Is IST_3 spanning? : True
Is IST_4 spanning? : True
Is IST_5 spanning? : True
Are all ISTs independent? : True

====TEST CR(794, 120, 240)====
Is IST_0 spanning? : True
Is IST_1 spanning? : True
Is IST_2 spanning? : True
Is IST_3 spanning? : True
Is IST_4 spanning? : True
Is IST_5 spanning? : True
Are all ISTs independent? : True

====TEST CR(795, 120, 240)====
Is IST_0 spanning? : True
Is IST_1 spanning? : True
Is IST_2 spanning? : True
Is IST_3 spanning? : True
Is IST_4 spanning? : True
Is IST_5 spanning? : True
Are all ISTs independent? : True

====TEST CR(796, 120, 240)====
Is IST_0 spanning? : True
Is IST_1 spanning? : True
Is IST_2 spanning? : True
Is IST_3 spanning? : True
Is IST_4 spanning? : True
Is IST_5 spanning? : True
Are all ISTs independent? : True

====TEST CR(797, 120, 240)====
Is IST_0 spanning? : True
Is IST_1 spanning? : True
Is IST_2 spanning? : True
Is IST_3 spanning? : True
Is IST_4 spanning? : True
Is IST_5 spanning? : True
Are all ISTs independent? : True

====TEST CR(798, 120, 240)====
Is IST_0 spanning? : True
Is IST_1 spanning? : True
Is IST_2 spanning? : True
Is IST_3 spanning? : True
Is IST_4 spanning? : True
Is IST_5 spanning? : True
Are all ISTs independent? : True

====TEST CR(799, 120, 240)====
Is IST_0 spanning? : True
Is IST_1 spanning? : True
Is IST_2 spanning? : True
Is IST_3 spanning? : True
Is IST_4 spanning? : True
Is IST_5 spanning? : True
Are all ISTs independent? : True

====TEST CR(800, 120, 240)====
Is IST_0 spanning? : True
Is IST_1 spanning? : True
Is IST_2 spanning? : True
Is IST_3 spanning? : True
Is IST_4 spanning? : True
Is IST_5 spanning? : True
Are all ISTs independent? : True

====TEST CR(801, 120, 240)====
Is IST_0 spanning? : True
Is IST_1 spanning? : True
Is IST_2 spanning? : True
Is IST_3 spanning? : True
Is IST_4 spanning? : True
Is IST_5 spanning? : True
Are all ISTs independent? : True

====TEST CR(802, 120, 240)====
Is IST_0 spanning? : True
Is IST_1 spanning? : True
Is IST_2 spanning? : True
Is IST_3 spanning? : True
Is IST_4 spanning? : True
Is IST_5 spanning? : True
Are all ISTs independent? : True

====TEST CR(803, 120, 240)====
Is IST_0 spanning? : True
Is IST_1 spanning? : True
Is IST_2 spanning? : True
Is IST_3 spanning? : True
Is IST_4 spanning? : True
Is IST_5 spanning? : True
Are all ISTs independent? : True

====TEST CR(804, 120, 240)====
Is IST_0 spanning? : True
Is IST_1 spanning? : True
Is IST_2 spanning? : True
Is IST_3 spanning? : True
Is IST_4 spanning? : True
Is IST_5 spanning? : True
Are all ISTs independent? : True

====TEST CR(805, 120, 240)====
Is IST_0 spanning? : True
Is IST_1 spanning? : True
Is IST_2 spanning? : True
Is IST_3 spanning? : True
Is IST_4 spanning? : True
Is IST_5 spanning? : True
Are all ISTs independent? : True

====TEST CR(806, 120, 240)====
Is IST_0 spanning? : True
Is IST_1 spanning? : True
Is IST_2 spanning? : True
Is IST_3 spanning? : True
Is IST_4 spanning? : True
Is IST_5 spanning? : True
Are all ISTs independent? : True

====TEST CR(807, 120, 240)====
Is IST_0 spanning? : True
Is IST_1 spanning? : True
Is IST_2 spanning? : True
Is IST_3 spanning? : True
Is IST_4 spanning? : True
Is IST_5 spanning? : True
Are all ISTs independent? : True

====TEST CR(808, 120, 240)====
Is IST_0 spanning? : True
Is IST_1 spanning? : True
Is IST_2 spanning? : True
Is IST_3 spanning? : True
Is IST_4 spanning? : True
Is IST_5 spanning? : True
Are all ISTs independent? : True

====TEST CR(809, 120, 240)====
Is IST_0 spanning? : True
Is IST_1 spanning? : True
Is IST_2 spanning? : True
Is IST_3 spanning? : True
Is IST_4 spanning? : True
Is IST_5 spanning? : True
Are all ISTs independent? : True

====TEST CR(810, 120, 240)====
Is IST_0 spanning? : True
Is IST_1 spanning? : True
Is IST_2 spanning? : True
Is IST_3 spanning? : True
Is IST_4 spanning? : True
Is IST_5 spanning? : True
Are all ISTs independent? : True

====TEST CR(811, 120, 240)====
Is IST_0 spanning? : True
Is IST_1 spanning? : True
Is IST_2 spanning? : True
Is IST_3 spanning? : True
Is IST_4 spanning? : True
Is IST_5 spanning? : True
Are all ISTs independent? : True

====TEST CR(812, 120, 240)====
Is IST_0 spanning? : True
Is IST_1 spanning? : True
Is IST_2 spanning? : True
Is IST_3 spanning? : True
Is IST_4 spanning? : True
Is IST_5 spanning? : True
Are all ISTs independent? : True

====TEST CR(813, 120, 240)====
Is IST_0 spanning? : True
Is IST_1 spanning? : True
Is IST_2 spanning? : True
Is IST_3 spanning? : True
Is IST_4 spanning? : True
Is IST_5 spanning? : True
Are all ISTs independent? : True

====TEST CR(814, 120, 240)====
Is IST_0 spanning? : True
Is IST_1 spanning? : True
Is IST_2 spanning? : True
Is IST_3 spanning? : True
Is IST_4 spanning? : True
Is IST_5 spanning? : True
Are all ISTs independent? : True

====TEST CR(815, 120, 240)====
Is IST_0 spanning? : True
Is IST_1 spanning? : True
Is IST_2 spanning? : True
Is IST_3 spanning? : True
Is IST_4 spanning? : True
Is IST_5 spanning? : True
Are all ISTs independent? : True

====TEST CR(816, 120, 240)====
Is IST_0 spanning? : True
Is IST_1 spanning? : True
Is IST_2 spanning? : True
Is IST_3 spanning? : True
Is IST_4 spanning? : True
Is IST_5 spanning? : True
Are all ISTs independent? : True

====TEST CR(817, 120, 240)====
Is IST_0 spanning? : True
Is IST_1 spanning? : True
Is IST_2 spanning? : True
Is IST_3 spanning? : True
Is IST_4 spanning? : True
Is IST_5 spanning? : True
Are all ISTs independent? : True

====TEST CR(818, 120, 240)====
Is IST_0 spanning? : True
Is IST_1 spanning? : True
Is IST_2 spanning? : True
Is IST_3 spanning? : True
Is IST_4 spanning? : True
Is IST_5 spanning? : True
Are all ISTs independent? : True

====TEST CR(819, 120, 240)====
Is IST_0 spanning? : True
Is IST_1 spanning? : True
Is IST_2 spanning? : True
Is IST_3 spanning? : True
Is IST_4 spanning? : True
Is IST_5 spanning? : True
Are all ISTs independent? : True

====TEST CR(820, 120, 240)====
Is IST_0 spanning? : True
Is IST_1 spanning? : True
Is IST_2 spanning? : True
Is IST_3 spanning? : True
Is IST_4 spanning? : True
Is IST_5 spanning? : True
Are all ISTs independent? : True

====TEST CR(821, 120, 240)====
Is IST_0 spanning? : True
Is IST_1 spanning? : True
Is IST_2 spanning? : True
Is IST_3 spanning? : True
Is IST_4 spanning? : True
Is IST_5 spanning? : True
Are all ISTs independent? : True

====TEST CR(822, 120, 240)====
Is IST_0 spanning? : True
Is IST_1 spanning? : True
Is IST_2 spanning? : True
Is IST_3 spanning? : True
Is IST_4 spanning? : True
Is IST_5 spanning? : True
Are all ISTs independent? : True

====TEST CR(823, 120, 240)====
Is IST_0 spanning? : True
Is IST_1 spanning? : True
Is IST_2 spanning? : True
Is IST_3 spanning? : True
Is IST_4 spanning? : True
Is IST_5 spanning? : True
Are all ISTs independent? : True

====TEST CR(824, 120, 240)====
Is IST_0 spanning? : True
Is IST_1 spanning? : True
Is IST_2 spanning? : True
Is IST_3 spanning? : True
Is IST_4 spanning? : True
Is IST_5 spanning? : True
Are all ISTs independent? : True

====TEST CR(825, 120, 240)====
Is IST_0 spanning? : True
Is IST_1 spanning? : True
Is IST_2 spanning? : True
Is IST_3 spanning? : True
Is IST_4 spanning? : True
Is IST_5 spanning? : True
Are all ISTs independent? : True

====TEST CR(826, 120, 240)====
Is IST_0 spanning? : True
Is IST_1 spanning? : True
Is IST_2 spanning? : True
Is IST_3 spanning? : True
Is IST_4 spanning? : True
Is IST_5 spanning? : True
Are all ISTs independent? : True

====TEST CR(827, 120, 240)====
Is IST_0 spanning? : True
Is IST_1 spanning? : True
Is IST_2 spanning? : True
Is IST_3 spanning? : True
Is IST_4 spanning? : True
Is IST_5 spanning? : True
Are all ISTs independent? : True

====TEST CR(828, 120, 240)====
Is IST_0 spanning? : True
Is IST_1 spanning? : True
Is IST_2 spanning? : True
Is IST_3 spanning? : True
Is IST_4 spanning? : True
Is IST_5 spanning? : True
Are all ISTs independent? : True

====TEST CR(829, 120, 240)====
Is IST_0 spanning? : True
Is IST_1 spanning? : True
Is IST_2 spanning? : True
Is IST_3 spanning? : True
Is IST_4 spanning? : True
Is IST_5 spanning? : True
Are all ISTs independent? : True

====TEST CR(830, 120, 240)====
Is IST_0 spanning? : True
Is IST_1 spanning? : True
Is IST_2 spanning? : True
Is IST_3 spanning? : True
Is IST_4 spanning? : True
Is IST_5 spanning? : True
Are all ISTs independent? : True

====TEST CR(831, 120, 240)====
Is IST_0 spanning? : True
Is IST_1 spanning? : True
Is IST_2 spanning? : True
Is IST_3 spanning? : True
Is IST_4 spanning? : True
Is IST_5 spanning? : True
Are all ISTs independent? : True

====TEST CR(832, 120, 240)====
Is IST_0 spanning? : True
Is IST_1 spanning? : True
Is IST_2 spanning? : True
Is IST_3 spanning? : True
Is IST_4 spanning? : True
Is IST_5 spanning? : True
Are all ISTs independent? : True

====TEST CR(833, 120, 240)====
Is IST_0 spanning? : True
Is IST_1 spanning? : True
Is IST_2 spanning? : True
Is IST_3 spanning? : True
Is IST_4 spanning? : True
Is IST_5 spanning? : True
Are all ISTs independent? : True

====TEST CR(834, 120, 240)====
Is IST_0 spanning? : True
Is IST_1 spanning? : True
Is IST_2 spanning? : True
Is IST_3 spanning? : True
Is IST_4 spanning? : True
Is IST_5 spanning? : True
Are all ISTs independent? : True

====TEST CR(835, 120, 240)====
Is IST_0 spanning? : True
Is IST_1 spanning? : True
Is IST_2 spanning? : True
Is IST_3 spanning? : True
Is IST_4 spanning? : True
Is IST_5 spanning? : True
Are all ISTs independent? : True

====TEST CR(836, 120, 240)====
Is IST_0 spanning? : True
Is IST_1 spanning? : True
Is IST_2 spanning? : True
Is IST_3 spanning? : True
Is IST_4 spanning? : True
Is IST_5 spanning? : True
Are all ISTs independent? : True

====TEST CR(837, 120, 240)====
Is IST_0 spanning? : True
Is IST_1 spanning? : True
Is IST_2 spanning? : True
Is IST_3 spanning? : True
Is IST_4 spanning? : True
Is IST_5 spanning? : True
Are all ISTs independent? : True

====TEST CR(838, 120, 240)====
Is IST_0 spanning? : True
Is IST_1 spanning? : True
Is IST_2 spanning? : True
Is IST_3 spanning? : True
Is IST_4 spanning? : True
Is IST_5 spanning? : True
Are all ISTs independent? : True

====TEST CR(839, 120, 240)====
Is IST_0 spanning? : True
Is IST_1 spanning? : True
Is IST_2 spanning? : True
Is IST_3 spanning? : True
Is IST_4 spanning? : True
Is IST_5 spanning? : True
Are all ISTs independent? : True

====TEST CR(840, 120, 240)====
Is IST_0 spanning? : True
Is IST_1 spanning? : True
Is IST_2 spanning? : True
Is IST_3 spanning? : True
Is IST_4 spanning? : True
Is IST_5 spanning? : True
Are all ISTs independent? : True

====TEST CR(841, 120, 240)====
Is IST_0 spanning? : True
Is IST_1 spanning? : True
Is IST_2 spanning? : True
Is IST_3 spanning? : True
Is IST_4 spanning? : True
Is IST_5 spanning? : True
Are all ISTs independent? : True

====TEST CR(842, 120, 240)====
Is IST_0 spanning? : True
Is IST_1 spanning? : True
Is IST_2 spanning? : True
Is IST_3 spanning? : True
Is IST_4 spanning? : True
Is IST_5 spanning? : True
Are all ISTs independent? : True

====TEST CR(843, 120, 240)====
Is IST_0 spanning? : True
Is IST_1 spanning? : True
Is IST_2 spanning? : True
Is IST_3 spanning? : True
Is IST_4 spanning? : True
Is IST_5 spanning? : True
Are all ISTs independent? : True

====TEST CR(844, 120, 240)====
Is IST_0 spanning? : True
Is IST_1 spanning? : True
Is IST_2 spanning? : True
Is IST_3 spanning? : True
Is IST_4 spanning? : True
Is IST_5 spanning? : True
Are all ISTs independent? : True

====TEST CR(845, 120, 240)====
Is IST_0 spanning? : True
Is IST_1 spanning? : True
Is IST_2 spanning? : True
Is IST_3 spanning? : True
Is IST_4 spanning? : True
Is IST_5 spanning? : True
Are all ISTs independent? : True

====TEST CR(846, 120, 240)====
Is IST_0 spanning? : True
Is IST_1 spanning? : True
Is IST_2 spanning? : True
Is IST_3 spanning? : True
Is IST_4 spanning? : True
Is IST_5 spanning? : True
Are all ISTs independent? : True

====TEST CR(847, 120, 240)====
Is IST_0 spanning? : True
Is IST_1 spanning? : True
Is IST_2 spanning? : True
Is IST_3 spanning? : True
Is IST_4 spanning? : True
Is IST_5 spanning? : True
Are all ISTs independent? : True

====TEST CR(848, 120, 240)====
Is IST_0 spanning? : True
Is IST_1 spanning? : True
Is IST_2 spanning? : True
Is IST_3 spanning? : True
Is IST_4 spanning? : True
Is IST_5 spanning? : True
Are all ISTs independent? : True

====TEST CR(726, 121, 242)====
Is IST_0 spanning? : True
Is IST_1 spanning? : True
Is IST_2 spanning? : True
Is IST_3 spanning? : True
Is IST_4 spanning? : True
Is IST_5 spanning? : True
Are all ISTs independent? : True

====TEST CR(727, 121, 242)====
Is IST_0 spanning? : True
Is IST_1 spanning? : True
Is IST_2 spanning? : True
Is IST_3 spanning? : True
Is IST_4 spanning? : True
Is IST_5 spanning? : True
Are all ISTs independent? : True

====TEST CR(728, 121, 242)====
Is IST_0 spanning? : True
Is IST_1 spanning? : True
Is IST_2 spanning? : True
Is IST_3 spanning? : True
Is IST_4 spanning? : True
Is IST_5 spanning? : True
Are all ISTs independent? : True

====TEST CR(729, 121, 242)====
Is IST_0 spanning? : True
Is IST_1 spanning? : True
Is IST_2 spanning? : True
Is IST_3 spanning? : True
Is IST_4 spanning? : True
Is IST_5 spanning? : True
Are all ISTs independent? : True

====TEST CR(730, 121, 242)====
Is IST_0 spanning? : True
Is IST_1 spanning? : True
Is IST_2 spanning? : True
Is IST_3 spanning? : True
Is IST_4 spanning? : True
Is IST_5 spanning? : True
Are all ISTs independent? : True

====TEST CR(731, 121, 242)====
Is IST_0 spanning? : True
Is IST_1 spanning? : True
Is IST_2 spanning? : True
Is IST_3 spanning? : True
Is IST_4 spanning? : True
Is IST_5 spanning? : True
Are all ISTs independent? : True

====TEST CR(732, 121, 242)====
Is IST_0 spanning? : True
Is IST_1 spanning? : True
Is IST_2 spanning? : True
Is IST_3 spanning? : True
Is IST_4 spanning? : True
Is IST_5 spanning? : True
Are all ISTs independent? : True

====TEST CR(733, 121, 242)====
Is IST_0 spanning? : True
Is IST_1 spanning? : True
Is IST_2 spanning? : True
Is IST_3 spanning? : True
Is IST_4 spanning? : True
Is IST_5 spanning? : True
Are all ISTs independent? : True

====TEST CR(734, 121, 242)====
Is IST_0 spanning? : True
Is IST_1 spanning? : True
Is IST_2 spanning? : True
Is IST_3 spanning? : True
Is IST_4 spanning? : True
Is IST_5 spanning? : True
Are all ISTs independent? : True

====TEST CR(735, 121, 242)====
Is IST_0 spanning? : True
Is IST_1 spanning? : True
Is IST_2 spanning? : True
Is IST_3 spanning? : True
Is IST_4 spanning? : True
Is IST_5 spanning? : True
Are all ISTs independent? : True

====TEST CR(736, 121, 242)====
Is IST_0 spanning? : True
Is IST_1 spanning? : True
Is IST_2 spanning? : True
Is IST_3 spanning? : True
Is IST_4 spanning? : True
Is IST_5 spanning? : True
Are all ISTs independent? : True

====TEST CR(737, 121, 242)====
Is IST_0 spanning? : True
Is IST_1 spanning? : True
Is IST_2 spanning? : True
Is IST_3 spanning? : True
Is IST_4 spanning? : True
Is IST_5 spanning? : True
Are all ISTs independent? : True

====TEST CR(738, 121, 242)====
Is IST_0 spanning? : True
Is IST_1 spanning? : True
Is IST_2 spanning? : True
Is IST_3 spanning? : True
Is IST_4 spanning? : True
Is IST_5 spanning? : True
Are all ISTs independent? : True

====TEST CR(739, 121, 242)====
Is IST_0 spanning? : True
Is IST_1 spanning? : True
Is IST_2 spanning? : True
Is IST_3 spanning? : True
Is IST_4 spanning? : True
Is IST_5 spanning? : True
Are all ISTs independent? : True

====TEST CR(740, 121, 242)====
Is IST_0 spanning? : True
Is IST_1 spanning? : True
Is IST_2 spanning? : True
Is IST_3 spanning? : True
Is IST_4 spanning? : True
Is IST_5 spanning? : True
Are all ISTs independent? : True

====TEST CR(741, 121, 242)====
Is IST_0 spanning? : True
Is IST_1 spanning? : True
Is IST_2 spanning? : True
Is IST_3 spanning? : True
Is IST_4 spanning? : True
Is IST_5 spanning? : True
Are all ISTs independent? : True

====TEST CR(742, 121, 242)====
Is IST_0 spanning? : True
Is IST_1 spanning? : True
Is IST_2 spanning? : True
Is IST_3 spanning? : True
Is IST_4 spanning? : True
Is IST_5 spanning? : True
Are all ISTs independent? : True

====TEST CR(743, 121, 242)====
Is IST_0 spanning? : True
Is IST_1 spanning? : True
Is IST_2 spanning? : True
Is IST_3 spanning? : True
Is IST_4 spanning? : True
Is IST_5 spanning? : True
Are all ISTs independent? : True

====TEST CR(744, 121, 242)====
Is IST_0 spanning? : True
Is IST_1 spanning? : True
Is IST_2 spanning? : True
Is IST_3 spanning? : True
Is IST_4 spanning? : True
Is IST_5 spanning? : True
Are all ISTs independent? : True

====TEST CR(745, 121, 242)====
Is IST_0 spanning? : True
Is IST_1 spanning? : True
Is IST_2 spanning? : True
Is IST_3 spanning? : True
Is IST_4 spanning? : True
Is IST_5 spanning? : True
Are all ISTs independent? : True

====TEST CR(746, 121, 242)====
Is IST_0 spanning? : True
Is IST_1 spanning? : True
Is IST_2 spanning? : True
Is IST_3 spanning? : True
Is IST_4 spanning? : True
Is IST_5 spanning? : True
Are all ISTs independent? : True

====TEST CR(747, 121, 242)====
Is IST_0 spanning? : True
Is IST_1 spanning? : True
Is IST_2 spanning? : True
Is IST_3 spanning? : True
Is IST_4 spanning? : True
Is IST_5 spanning? : True
Are all ISTs independent? : True

====TEST CR(748, 121, 242)====
Is IST_0 spanning? : True
Is IST_1 spanning? : True
Is IST_2 spanning? : True
Is IST_3 spanning? : True
Is IST_4 spanning? : True
Is IST_5 spanning? : True
Are all ISTs independent? : True

====TEST CR(749, 121, 242)====
Is IST_0 spanning? : True
Is IST_1 spanning? : True
Is IST_2 spanning? : True
Is IST_3 spanning? : True
Is IST_4 spanning? : True
Is IST_5 spanning? : True
Are all ISTs independent? : True

====TEST CR(750, 121, 242)====
Is IST_0 spanning? : True
Is IST_1 spanning? : True
Is IST_2 spanning? : True
Is IST_3 spanning? : True
Is IST_4 spanning? : True
Is IST_5 spanning? : True
Are all ISTs independent? : True

====TEST CR(751, 121, 242)====
Is IST_0 spanning? : True
Is IST_1 spanning? : True
Is IST_2 spanning? : True
Is IST_3 spanning? : True
Is IST_4 spanning? : True
Is IST_5 spanning? : True
Are all ISTs independent? : True

====TEST CR(752, 121, 242)====
Is IST_0 spanning? : True
Is IST_1 spanning? : True
Is IST_2 spanning? : True
Is IST_3 spanning? : True
Is IST_4 spanning? : True
Is IST_5 spanning? : True
Are all ISTs independent? : True

====TEST CR(753, 121, 242)====
Is IST_0 spanning? : True
Is IST_1 spanning? : True
Is IST_2 spanning? : True
Is IST_3 spanning? : True
Is IST_4 spanning? : True
Is IST_5 spanning? : True
Are all ISTs independent? : True

====TEST CR(754, 121, 242)====
Is IST_0 spanning? : True
Is IST_1 spanning? : True
Is IST_2 spanning? : True
Is IST_3 spanning? : True
Is IST_4 spanning? : True
Is IST_5 spanning? : True
Are all ISTs independent? : True

====TEST CR(755, 121, 242)====
Is IST_0 spanning? : True
Is IST_1 spanning? : True
Is IST_2 spanning? : True
Is IST_3 spanning? : True
Is IST_4 spanning? : True
Is IST_5 spanning? : True
Are all ISTs independent? : True

====TEST CR(756, 121, 242)====
Is IST_0 spanning? : True
Is IST_1 spanning? : True
Is IST_2 spanning? : True
Is IST_3 spanning? : True
Is IST_4 spanning? : True
Is IST_5 spanning? : True
Are all ISTs independent? : True

====TEST CR(757, 121, 242)====
Is IST_0 spanning? : True
Is IST_1 spanning? : True
Is IST_2 spanning? : True
Is IST_3 spanning? : True
Is IST_4 spanning? : True
Is IST_5 spanning? : True
Are all ISTs independent? : True

====TEST CR(758, 121, 242)====
Is IST_0 spanning? : True
Is IST_1 spanning? : True
Is IST_2 spanning? : True
Is IST_3 spanning? : True
Is IST_4 spanning? : True
Is IST_5 spanning? : True
Are all ISTs independent? : True

====TEST CR(759, 121, 242)====
Is IST_0 spanning? : True
Is IST_1 spanning? : True
Is IST_2 spanning? : True
Is IST_3 spanning? : True
Is IST_4 spanning? : True
Is IST_5 spanning? : True
Are all ISTs independent? : True

====TEST CR(760, 121, 242)====
Is IST_0 spanning? : True
Is IST_1 spanning? : True
Is IST_2 spanning? : True
Is IST_3 spanning? : True
Is IST_4 spanning? : True
Is IST_5 spanning? : True
Are all ISTs independent? : True

====TEST CR(761, 121, 242)====
Is IST_0 spanning? : True
Is IST_1 spanning? : True
Is IST_2 spanning? : True
Is IST_3 spanning? : True
Is IST_4 spanning? : True
Is IST_5 spanning? : True
Are all ISTs independent? : True

====TEST CR(762, 121, 242)====
Is IST_0 spanning? : True
Is IST_1 spanning? : True
Is IST_2 spanning? : True
Is IST_3 spanning? : True
Is IST_4 spanning? : True
Is IST_5 spanning? : True
Are all ISTs independent? : True

====TEST CR(763, 121, 242)====
Is IST_0 spanning? : True
Is IST_1 spanning? : True
Is IST_2 spanning? : True
Is IST_3 spanning? : True
Is IST_4 spanning? : True
Is IST_5 spanning? : True
Are all ISTs independent? : True

====TEST CR(764, 121, 242)====
Is IST_0 spanning? : True
Is IST_1 spanning? : True
Is IST_2 spanning? : True
Is IST_3 spanning? : True
Is IST_4 spanning? : True
Is IST_5 spanning? : True
Are all ISTs independent? : True

====TEST CR(765, 121, 242)====
Is IST_0 spanning? : True
Is IST_1 spanning? : True
Is IST_2 spanning? : True
Is IST_3 spanning? : True
Is IST_4 spanning? : True
Is IST_5 spanning? : True
Are all ISTs independent? : True

====TEST CR(766, 121, 242)====
Is IST_0 spanning? : True
Is IST_1 spanning? : True
Is IST_2 spanning? : True
Is IST_3 spanning? : True
Is IST_4 spanning? : True
Is IST_5 spanning? : True
Are all ISTs independent? : True

====TEST CR(767, 121, 242)====
Is IST_0 spanning? : True
Is IST_1 spanning? : True
Is IST_2 spanning? : True
Is IST_3 spanning? : True
Is IST_4 spanning? : True
Is IST_5 spanning? : True
Are all ISTs independent? : True

====TEST CR(768, 121, 242)====
Is IST_0 spanning? : True
Is IST_1 spanning? : True
Is IST_2 spanning? : True
Is IST_3 spanning? : True
Is IST_4 spanning? : True
Is IST_5 spanning? : True
Are all ISTs independent? : True

====TEST CR(769, 121, 242)====
Is IST_0 spanning? : True
Is IST_1 spanning? : True
Is IST_2 spanning? : True
Is IST_3 spanning? : True
Is IST_4 spanning? : True
Is IST_5 spanning? : True
Are all ISTs independent? : True

====TEST CR(770, 121, 242)====
Is IST_0 spanning? : True
Is IST_1 spanning? : True
Is IST_2 spanning? : True
Is IST_3 spanning? : True
Is IST_4 spanning? : True
Is IST_5 spanning? : True
Are all ISTs independent? : True

====TEST CR(771, 121, 242)====
Is IST_0 spanning? : True
Is IST_1 spanning? : True
Is IST_2 spanning? : True
Is IST_3 spanning? : True
Is IST_4 spanning? : True
Is IST_5 spanning? : True
Are all ISTs independent? : True

====TEST CR(772, 121, 242)====
Is IST_0 spanning? : True
Is IST_1 spanning? : True
Is IST_2 spanning? : True
Is IST_3 spanning? : True
Is IST_4 spanning? : True
Is IST_5 spanning? : True
Are all ISTs independent? : True

====TEST CR(773, 121, 242)====
Is IST_0 spanning? : True
Is IST_1 spanning? : True
Is IST_2 spanning? : True
Is IST_3 spanning? : True
Is IST_4 spanning? : True
Is IST_5 spanning? : True
Are all ISTs independent? : True

====TEST CR(774, 121, 242)====
Is IST_0 spanning? : True
Is IST_1 spanning? : True
Is IST_2 spanning? : True
Is IST_3 spanning? : True
Is IST_4 spanning? : True
Is IST_5 spanning? : True
Are all ISTs independent? : True

====TEST CR(775, 121, 242)====
Is IST_0 spanning? : True
Is IST_1 spanning? : True
Is IST_2 spanning? : True
Is IST_3 spanning? : True
Is IST_4 spanning? : True
Is IST_5 spanning? : True
Are all ISTs independent? : True

====TEST CR(776, 121, 242)====
Is IST_0 spanning? : True
Is IST_1 spanning? : True
Is IST_2 spanning? : True
Is IST_3 spanning? : True
Is IST_4 spanning? : True
Is IST_5 spanning? : True
Are all ISTs independent? : True

====TEST CR(777, 121, 242)====
Is IST_0 spanning? : True
Is IST_1 spanning? : True
Is IST_2 spanning? : True
Is IST_3 spanning? : True
Is IST_4 spanning? : True
Is IST_5 spanning? : True
Are all ISTs independent? : True

====TEST CR(778, 121, 242)====
Is IST_0 spanning? : True
Is IST_1 spanning? : True
Is IST_2 spanning? : True
Is IST_3 spanning? : True
Is IST_4 spanning? : True
Is IST_5 spanning? : True
Are all ISTs independent? : True

====TEST CR(779, 121, 242)====
Is IST_0 spanning? : True
Is IST_1 spanning? : True
Is IST_2 spanning? : True
Is IST_3 spanning? : True
Is IST_4 spanning? : True
Is IST_5 spanning? : True
Are all ISTs independent? : True

====TEST CR(780, 121, 242)====
Is IST_0 spanning? : True
Is IST_1 spanning? : True
Is IST_2 spanning? : True
Is IST_3 spanning? : True
Is IST_4 spanning? : True
Is IST_5 spanning? : True
Are all ISTs independent? : True

====TEST CR(781, 121, 242)====
Is IST_0 spanning? : True
Is IST_1 spanning? : True
Is IST_2 spanning? : True
Is IST_3 spanning? : True
Is IST_4 spanning? : True
Is IST_5 spanning? : True
Are all ISTs independent? : True

====TEST CR(782, 121, 242)====
Is IST_0 spanning? : True
Is IST_1 spanning? : True
Is IST_2 spanning? : True
Is IST_3 spanning? : True
Is IST_4 spanning? : True
Is IST_5 spanning? : True
Are all ISTs independent? : True

====TEST CR(783, 121, 242)====
Is IST_0 spanning? : True
Is IST_1 spanning? : True
Is IST_2 spanning? : True
Is IST_3 spanning? : True
Is IST_4 spanning? : True
Is IST_5 spanning? : True
Are all ISTs independent? : True

====TEST CR(784, 121, 242)====
Is IST_0 spanning? : True
Is IST_1 spanning? : True
Is IST_2 spanning? : True
Is IST_3 spanning? : True
Is IST_4 spanning? : True
Is IST_5 spanning? : True
Are all ISTs independent? : True

====TEST CR(785, 121, 242)====
Is IST_0 spanning? : True
Is IST_1 spanning? : True
Is IST_2 spanning? : True
Is IST_3 spanning? : True
Is IST_4 spanning? : True
Is IST_5 spanning? : True
Are all ISTs independent? : True

====TEST CR(786, 121, 242)====
Is IST_0 spanning? : True
Is IST_1 spanning? : True
Is IST_2 spanning? : True
Is IST_3 spanning? : True
Is IST_4 spanning? : True
Is IST_5 spanning? : True
Are all ISTs independent? : True

====TEST CR(787, 121, 242)====
Is IST_0 spanning? : True
Is IST_1 spanning? : True
Is IST_2 spanning? : True
Is IST_3 spanning? : True
Is IST_4 spanning? : True
Is IST_5 spanning? : True
Are all ISTs independent? : True

====TEST CR(788, 121, 242)====
Is IST_0 spanning? : True
Is IST_1 spanning? : True
Is IST_2 spanning? : True
Is IST_3 spanning? : True
Is IST_4 spanning? : True
Is IST_5 spanning? : True
Are all ISTs independent? : True

====TEST CR(789, 121, 242)====
Is IST_0 spanning? : True
Is IST_1 spanning? : True
Is IST_2 spanning? : True
Is IST_3 spanning? : True
Is IST_4 spanning? : True
Is IST_5 spanning? : True
Are all ISTs independent? : True

====TEST CR(790, 121, 242)====
Is IST_0 spanning? : True
Is IST_1 spanning? : True
Is IST_2 spanning? : True
Is IST_3 spanning? : True
Is IST_4 spanning? : True
Is IST_5 spanning? : True
Are all ISTs independent? : True

====TEST CR(791, 121, 242)====
Is IST_0 spanning? : True
Is IST_1 spanning? : True
Is IST_2 spanning? : True
Is IST_3 spanning? : True
Is IST_4 spanning? : True
Is IST_5 spanning? : True
Are all ISTs independent? : True

====TEST CR(792, 121, 242)====
Is IST_0 spanning? : True
Is IST_1 spanning? : True
Is IST_2 spanning? : True
Is IST_3 spanning? : True
Is IST_4 spanning? : True
Is IST_5 spanning? : True
Are all ISTs independent? : True

====TEST CR(793, 121, 242)====
Is IST_0 spanning? : True
Is IST_1 spanning? : True
Is IST_2 spanning? : True
Is IST_3 spanning? : True
Is IST_4 spanning? : True
Is IST_5 spanning? : True
Are all ISTs independent? : True

====TEST CR(794, 121, 242)====
Is IST_0 spanning? : True
Is IST_1 spanning? : True
Is IST_2 spanning? : True
Is IST_3 spanning? : True
Is IST_4 spanning? : True
Is IST_5 spanning? : True
Are all ISTs independent? : True

====TEST CR(795, 121, 242)====
Is IST_0 spanning? : True
Is IST_1 spanning? : True
Is IST_2 spanning? : True
Is IST_3 spanning? : True
Is IST_4 spanning? : True
Is IST_5 spanning? : True
Are all ISTs independent? : True

====TEST CR(796, 121, 242)====
Is IST_0 spanning? : True
Is IST_1 spanning? : True
Is IST_2 spanning? : True
Is IST_3 spanning? : True
Is IST_4 spanning? : True
Is IST_5 spanning? : True
Are all ISTs independent? : True

====TEST CR(797, 121, 242)====
Is IST_0 spanning? : True
Is IST_1 spanning? : True
Is IST_2 spanning? : True
Is IST_3 spanning? : True
Is IST_4 spanning? : True
Is IST_5 spanning? : True
Are all ISTs independent? : True

====TEST CR(798, 121, 242)====
Is IST_0 spanning? : True
Is IST_1 spanning? : True
Is IST_2 spanning? : True
Is IST_3 spanning? : True
Is IST_4 spanning? : True
Is IST_5 spanning? : True
Are all ISTs independent? : True

====TEST CR(799, 121, 242)====
Is IST_0 spanning? : True
Is IST_1 spanning? : True
Is IST_2 spanning? : True
Is IST_3 spanning? : True
Is IST_4 spanning? : True
Is IST_5 spanning? : True
Are all ISTs independent? : True

====TEST CR(800, 121, 242)====
Is IST_0 spanning? : True
Is IST_1 spanning? : True
Is IST_2 spanning? : True
Is IST_3 spanning? : True
Is IST_4 spanning? : True
Is IST_5 spanning? : True
Are all ISTs independent? : True

====TEST CR(801, 121, 242)====
Is IST_0 spanning? : True
Is IST_1 spanning? : True
Is IST_2 spanning? : True
Is IST_3 spanning? : True
Is IST_4 spanning? : True
Is IST_5 spanning? : True
Are all ISTs independent? : True

====TEST CR(802, 121, 242)====
Is IST_0 spanning? : True
Is IST_1 spanning? : True
Is IST_2 spanning? : True
Is IST_3 spanning? : True
Is IST_4 spanning? : True
Is IST_5 spanning? : True
Are all ISTs independent? : True

====TEST CR(803, 121, 242)====
Is IST_0 spanning? : True
Is IST_1 spanning? : True
Is IST_2 spanning? : True
Is IST_3 spanning? : True
Is IST_4 spanning? : True
Is IST_5 spanning? : True
Are all ISTs independent? : True

====TEST CR(804, 121, 242)====
Is IST_0 spanning? : True
Is IST_1 spanning? : True
Is IST_2 spanning? : True
Is IST_3 spanning? : True
Is IST_4 spanning? : True
Is IST_5 spanning? : True
Are all ISTs independent? : True

====TEST CR(805, 121, 242)====
Is IST_0 spanning? : True
Is IST_1 spanning? : True
Is IST_2 spanning? : True
Is IST_3 spanning? : True
Is IST_4 spanning? : True
Is IST_5 spanning? : True
Are all ISTs independent? : True

====TEST CR(806, 121, 242)====
Is IST_0 spanning? : True
Is IST_1 spanning? : True
Is IST_2 spanning? : True
Is IST_3 spanning? : True
Is IST_4 spanning? : True
Is IST_5 spanning? : True
Are all ISTs independent? : True

====TEST CR(807, 121, 242)====
Is IST_0 spanning? : True
Is IST_1 spanning? : True
Is IST_2 spanning? : True
Is IST_3 spanning? : True
Is IST_4 spanning? : True
Is IST_5 spanning? : True
Are all ISTs independent? : True

====TEST CR(808, 121, 242)====
Is IST_0 spanning? : True
Is IST_1 spanning? : True
Is IST_2 spanning? : True
Is IST_3 spanning? : True
Is IST_4 spanning? : True
Is IST_5 spanning? : True
Are all ISTs independent? : True

====TEST CR(809, 121, 242)====
Is IST_0 spanning? : True
Is IST_1 spanning? : True
Is IST_2 spanning? : True
Is IST_3 spanning? : True
Is IST_4 spanning? : True
Is IST_5 spanning? : True
Are all ISTs independent? : True

====TEST CR(810, 121, 242)====
Is IST_0 spanning? : True
Is IST_1 spanning? : True
Is IST_2 spanning? : True
Is IST_3 spanning? : True
Is IST_4 spanning? : True
Is IST_5 spanning? : True
Are all ISTs independent? : True

====TEST CR(811, 121, 242)====
Is IST_0 spanning? : True
Is IST_1 spanning? : True
Is IST_2 spanning? : True
Is IST_3 spanning? : True
Is IST_4 spanning? : True
Is IST_5 spanning? : True
Are all ISTs independent? : True

====TEST CR(812, 121, 242)====
Is IST_0 spanning? : True
Is IST_1 spanning? : True
Is IST_2 spanning? : True
Is IST_3 spanning? : True
Is IST_4 spanning? : True
Is IST_5 spanning? : True
Are all ISTs independent? : True

====TEST CR(813, 121, 242)====
Is IST_0 spanning? : True
Is IST_1 spanning? : True
Is IST_2 spanning? : True
Is IST_3 spanning? : True
Is IST_4 spanning? : True
Is IST_5 spanning? : True
Are all ISTs independent? : True

====TEST CR(814, 121, 242)====
Is IST_0 spanning? : True
Is IST_1 spanning? : True
Is IST_2 spanning? : True
Is IST_3 spanning? : True
Is IST_4 spanning? : True
Is IST_5 spanning? : True
Are all ISTs independent? : True

====TEST CR(815, 121, 242)====
Is IST_0 spanning? : True
Is IST_1 spanning? : True
Is IST_2 spanning? : True
Is IST_3 spanning? : True
Is IST_4 spanning? : True
Is IST_5 spanning? : True
Are all ISTs independent? : True

====TEST CR(816, 121, 242)====
Is IST_0 spanning? : True
Is IST_1 spanning? : True
Is IST_2 spanning? : True
Is IST_3 spanning? : True
Is IST_4 spanning? : True
Is IST_5 spanning? : True
Are all ISTs independent? : True

====TEST CR(817, 121, 242)====
Is IST_0 spanning? : True
Is IST_1 spanning? : True
Is IST_2 spanning? : True
Is IST_3 spanning? : True
Is IST_4 spanning? : True
Is IST_5 spanning? : True
Are all ISTs independent? : True

====TEST CR(818, 121, 242)====
Is IST_0 spanning? : True
Is IST_1 spanning? : True
Is IST_2 spanning? : True
Is IST_3 spanning? : True
Is IST_4 spanning? : True
Is IST_5 spanning? : True
Are all ISTs independent? : True

====TEST CR(819, 121, 242)====
Is IST_0 spanning? : True
Is IST_1 spanning? : True
Is IST_2 spanning? : True
Is IST_3 spanning? : True
Is IST_4 spanning? : True
Is IST_5 spanning? : True
Are all ISTs independent? : True

====TEST CR(820, 121, 242)====
Is IST_0 spanning? : True
Is IST_1 spanning? : True
Is IST_2 spanning? : True
Is IST_3 spanning? : True
Is IST_4 spanning? : True
Is IST_5 spanning? : True
Are all ISTs independent? : True

====TEST CR(821, 121, 242)====
Is IST_0 spanning? : True
Is IST_1 spanning? : True
Is IST_2 spanning? : True
Is IST_3 spanning? : True
Is IST_4 spanning? : True
Is IST_5 spanning? : True
Are all ISTs independent? : True

====TEST CR(822, 121, 242)====
Is IST_0 spanning? : True
Is IST_1 spanning? : True
Is IST_2 spanning? : True
Is IST_3 spanning? : True
Is IST_4 spanning? : True
Is IST_5 spanning? : True
Are all ISTs independent? : True

====TEST CR(823, 121, 242)====
Is IST_0 spanning? : True
Is IST_1 spanning? : True
Is IST_2 spanning? : True
Is IST_3 spanning? : True
Is IST_4 spanning? : True
Is IST_5 spanning? : True
Are all ISTs independent? : True

====TEST CR(824, 121, 242)====
Is IST_0 spanning? : True
Is IST_1 spanning? : True
Is IST_2 spanning? : True
Is IST_3 spanning? : True
Is IST_4 spanning? : True
Is IST_5 spanning? : True
Are all ISTs independent? : True

====TEST CR(825, 121, 242)====
Is IST_0 spanning? : True
Is IST_1 spanning? : True
Is IST_2 spanning? : True
Is IST_3 spanning? : True
Is IST_4 spanning? : True
Is IST_5 spanning? : True
Are all ISTs independent? : True

====TEST CR(826, 121, 242)====
Is IST_0 spanning? : True
Is IST_1 spanning? : True
Is IST_2 spanning? : True
Is IST_3 spanning? : True
Is IST_4 spanning? : True
Is IST_5 spanning? : True
Are all ISTs independent? : True

====TEST CR(827, 121, 242)====
Is IST_0 spanning? : True
Is IST_1 spanning? : True
Is IST_2 spanning? : True
Is IST_3 spanning? : True
Is IST_4 spanning? : True
Is IST_5 spanning? : True
Are all ISTs independent? : True

====TEST CR(828, 121, 242)====
Is IST_0 spanning? : True
Is IST_1 spanning? : True
Is IST_2 spanning? : True
Is IST_3 spanning? : True
Is IST_4 spanning? : True
Is IST_5 spanning? : True
Are all ISTs independent? : True

====TEST CR(829, 121, 242)====
Is IST_0 spanning? : True
Is IST_1 spanning? : True
Is IST_2 spanning? : True
Is IST_3 spanning? : True
Is IST_4 spanning? : True
Is IST_5 spanning? : True
Are all ISTs independent? : True

====TEST CR(830, 121, 242)====
Is IST_0 spanning? : True
Is IST_1 spanning? : True
Is IST_2 spanning? : True
Is IST_3 spanning? : True
Is IST_4 spanning? : True
Is IST_5 spanning? : True
Are all ISTs independent? : True

====TEST CR(831, 121, 242)====
Is IST_0 spanning? : True
Is IST_1 spanning? : True
Is IST_2 spanning? : True
Is IST_3 spanning? : True
Is IST_4 spanning? : True
Is IST_5 spanning? : True
Are all ISTs independent? : True

====TEST CR(832, 121, 242)====
Is IST_0 spanning? : True
Is IST_1 spanning? : True
Is IST_2 spanning? : True
Is IST_3 spanning? : True
Is IST_4 spanning? : True
Is IST_5 spanning? : True
Are all ISTs independent? : True

====TEST CR(833, 121, 242)====
Is IST_0 spanning? : True
Is IST_1 spanning? : True
Is IST_2 spanning? : True
Is IST_3 spanning? : True
Is IST_4 spanning? : True
Is IST_5 spanning? : True
Are all ISTs independent? : True

====TEST CR(834, 121, 242)====
Is IST_0 spanning? : True
Is IST_1 spanning? : True
Is IST_2 spanning? : True
Is IST_3 spanning? : True
Is IST_4 spanning? : True
Is IST_5 spanning? : True
Are all ISTs independent? : True

====TEST CR(835, 121, 242)====
Is IST_0 spanning? : True
Is IST_1 spanning? : True
Is IST_2 spanning? : True
Is IST_3 spanning? : True
Is IST_4 spanning? : True
Is IST_5 spanning? : True
Are all ISTs independent? : True

====TEST CR(836, 121, 242)====
Is IST_0 spanning? : True
Is IST_1 spanning? : True
Is IST_2 spanning? : True
Is IST_3 spanning? : True
Is IST_4 spanning? : True
Is IST_5 spanning? : True
Are all ISTs independent? : True

====TEST CR(837, 121, 242)====
Is IST_0 spanning? : True
Is IST_1 spanning? : True
Is IST_2 spanning? : True
Is IST_3 spanning? : True
Is IST_4 spanning? : True
Is IST_5 spanning? : True
Are all ISTs independent? : True

====TEST CR(838, 121, 242)====
Is IST_0 spanning? : True
Is IST_1 spanning? : True
Is IST_2 spanning? : True
Is IST_3 spanning? : True
Is IST_4 spanning? : True
Is IST_5 spanning? : True
Are all ISTs independent? : True

====TEST CR(839, 121, 242)====
Is IST_0 spanning? : True
Is IST_1 spanning? : True
Is IST_2 spanning? : True
Is IST_3 spanning? : True
Is IST_4 spanning? : True
Is IST_5 spanning? : True
Are all ISTs independent? : True

====TEST CR(840, 121, 242)====
Is IST_0 spanning? : True
Is IST_1 spanning? : True
Is IST_2 spanning? : True
Is IST_3 spanning? : True
Is IST_4 spanning? : True
Is IST_5 spanning? : True
Are all ISTs independent? : True

====TEST CR(841, 121, 242)====
Is IST_0 spanning? : True
Is IST_1 spanning? : True
Is IST_2 spanning? : True
Is IST_3 spanning? : True
Is IST_4 spanning? : True
Is IST_5 spanning? : True
Are all ISTs independent? : True

====TEST CR(842, 121, 242)====
Is IST_0 spanning? : True
Is IST_1 spanning? : True
Is IST_2 spanning? : True
Is IST_3 spanning? : True
Is IST_4 spanning? : True
Is IST_5 spanning? : True
Are all ISTs independent? : True

====TEST CR(843, 121, 242)====
Is IST_0 spanning? : True
Is IST_1 spanning? : True
Is IST_2 spanning? : True
Is IST_3 spanning? : True
Is IST_4 spanning? : True
Is IST_5 spanning? : True
Are all ISTs independent? : True

====TEST CR(844, 121, 242)====
Is IST_0 spanning? : True
Is IST_1 spanning? : True
Is IST_2 spanning? : True
Is IST_3 spanning? : True
Is IST_4 spanning? : True
Is IST_5 spanning? : True
Are all ISTs independent? : True

====TEST CR(845, 121, 242)====
Is IST_0 spanning? : True
Is IST_1 spanning? : True
Is IST_2 spanning? : True
Is IST_3 spanning? : True
Is IST_4 spanning? : True
Is IST_5 spanning? : True
Are all ISTs independent? : True

====TEST CR(846, 121, 242)====
Is IST_0 spanning? : True
Is IST_1 spanning? : True
Is IST_2 spanning? : True
Is IST_3 spanning? : True
Is IST_4 spanning? : True
Is IST_5 spanning? : True
Are all ISTs independent? : True

====TEST CR(847, 121, 242)====
Is IST_0 spanning? : True
Is IST_1 spanning? : True
Is IST_2 spanning? : True
Is IST_3 spanning? : True
Is IST_4 spanning? : True
Is IST_5 spanning? : True
Are all ISTs independent? : True

====TEST CR(848, 121, 242)====
Is IST_0 spanning? : True
Is IST_1 spanning? : True
Is IST_2 spanning? : True
Is IST_3 spanning? : True
Is IST_4 spanning? : True
Is IST_5 spanning? : True
Are all ISTs independent? : True

====TEST CR(849, 121, 242)====
Is IST_0 spanning? : True
Is IST_1 spanning? : True
Is IST_2 spanning? : True
Is IST_3 spanning? : True
Is IST_4 spanning? : True
Is IST_5 spanning? : True
Are all ISTs independent? : True

====TEST CR(850, 121, 242)====
Is IST_0 spanning? : True
Is IST_1 spanning? : True
Is IST_2 spanning? : True
Is IST_3 spanning? : True
Is IST_4 spanning? : True
Is IST_5 spanning? : True
Are all ISTs independent? : True

====TEST CR(851, 121, 242)====
Is IST_0 spanning? : True
Is IST_1 spanning? : True
Is IST_2 spanning? : True
Is IST_3 spanning? : True
Is IST_4 spanning? : True
Is IST_5 spanning? : True
Are all ISTs independent? : True

====TEST CR(852, 121, 242)====
Is IST_0 spanning? : True
Is IST_1 spanning? : True
Is IST_2 spanning? : True
Is IST_3 spanning? : True
Is IST_4 spanning? : True
Is IST_5 spanning? : True
Are all ISTs independent? : True

====TEST CR(853, 121, 242)====
Is IST_0 spanning? : True
Is IST_1 spanning? : True
Is IST_2 spanning? : True
Is IST_3 spanning? : True
Is IST_4 spanning? : True
Is IST_5 spanning? : True
Are all ISTs independent? : True

====TEST CR(854, 121, 242)====
Is IST_0 spanning? : True
Is IST_1 spanning? : True
Is IST_2 spanning? : True
Is IST_3 spanning? : True
Is IST_4 spanning? : True
Is IST_5 spanning? : True
Are all ISTs independent? : True

====TEST CR(732, 122, 244)====
Is IST_0 spanning? : True
Is IST_1 spanning? : True
Is IST_2 spanning? : True
Is IST_3 spanning? : True
Is IST_4 spanning? : True
Is IST_5 spanning? : True
Are all ISTs independent? : True

====TEST CR(733, 122, 244)====
Is IST_0 spanning? : True
Is IST_1 spanning? : True
Is IST_2 spanning? : True
Is IST_3 spanning? : True
Is IST_4 spanning? : True
Is IST_5 spanning? : True
Are all ISTs independent? : True

====TEST CR(734, 122, 244)====
Is IST_0 spanning? : True
Is IST_1 spanning? : True
Is IST_2 spanning? : True
Is IST_3 spanning? : True
Is IST_4 spanning? : True
Is IST_5 spanning? : True
Are all ISTs independent? : True

====TEST CR(735, 122, 244)====
Is IST_0 spanning? : True
Is IST_1 spanning? : True
Is IST_2 spanning? : True
Is IST_3 spanning? : True
Is IST_4 spanning? : True
Is IST_5 spanning? : True
Are all ISTs independent? : True

====TEST CR(736, 122, 244)====
Is IST_0 spanning? : True
Is IST_1 spanning? : True
Is IST_2 spanning? : True
Is IST_3 spanning? : True
Is IST_4 spanning? : True
Is IST_5 spanning? : True
Are all ISTs independent? : True

====TEST CR(737, 122, 244)====
Is IST_0 spanning? : True
Is IST_1 spanning? : True
Is IST_2 spanning? : True
Is IST_3 spanning? : True
Is IST_4 spanning? : True
Is IST_5 spanning? : True
Are all ISTs independent? : True

====TEST CR(738, 122, 244)====
Is IST_0 spanning? : True
Is IST_1 spanning? : True
Is IST_2 spanning? : True
Is IST_3 spanning? : True
Is IST_4 spanning? : True
Is IST_5 spanning? : True
Are all ISTs independent? : True

====TEST CR(739, 122, 244)====
Is IST_0 spanning? : True
Is IST_1 spanning? : True
Is IST_2 spanning? : True
Is IST_3 spanning? : True
Is IST_4 spanning? : True
Is IST_5 spanning? : True
Are all ISTs independent? : True

====TEST CR(740, 122, 244)====
Is IST_0 spanning? : True
Is IST_1 spanning? : True
Is IST_2 spanning? : True
Is IST_3 spanning? : True
Is IST_4 spanning? : True
Is IST_5 spanning? : True
Are all ISTs independent? : True

====TEST CR(741, 122, 244)====
Is IST_0 spanning? : True
Is IST_1 spanning? : True
Is IST_2 spanning? : True
Is IST_3 spanning? : True
Is IST_4 spanning? : True
Is IST_5 spanning? : True
Are all ISTs independent? : True

====TEST CR(742, 122, 244)====
Is IST_0 spanning? : True
Is IST_1 spanning? : True
Is IST_2 spanning? : True
Is IST_3 spanning? : True
Is IST_4 spanning? : True
Is IST_5 spanning? : True
Are all ISTs independent? : True

====TEST CR(743, 122, 244)====
Is IST_0 spanning? : True
Is IST_1 spanning? : True
Is IST_2 spanning? : True
Is IST_3 spanning? : True
Is IST_4 spanning? : True
Is IST_5 spanning? : True
Are all ISTs independent? : True

====TEST CR(744, 122, 244)====
Is IST_0 spanning? : True
Is IST_1 spanning? : True
Is IST_2 spanning? : True
Is IST_3 spanning? : True
Is IST_4 spanning? : True
Is IST_5 spanning? : True
Are all ISTs independent? : True

====TEST CR(745, 122, 244)====
Is IST_0 spanning? : True
Is IST_1 spanning? : True
Is IST_2 spanning? : True
Is IST_3 spanning? : True
Is IST_4 spanning? : True
Is IST_5 spanning? : True
Are all ISTs independent? : True

====TEST CR(746, 122, 244)====
Is IST_0 spanning? : True
Is IST_1 spanning? : True
Is IST_2 spanning? : True
Is IST_3 spanning? : True
Is IST_4 spanning? : True
Is IST_5 spanning? : True
Are all ISTs independent? : True

====TEST CR(747, 122, 244)====
Is IST_0 spanning? : True
Is IST_1 spanning? : True
Is IST_2 spanning? : True
Is IST_3 spanning? : True
Is IST_4 spanning? : True
Is IST_5 spanning? : True
Are all ISTs independent? : True

====TEST CR(748, 122, 244)====
Is IST_0 spanning? : True
Is IST_1 spanning? : True
Is IST_2 spanning? : True
Is IST_3 spanning? : True
Is IST_4 spanning? : True
Is IST_5 spanning? : True
Are all ISTs independent? : True

====TEST CR(749, 122, 244)====
Is IST_0 spanning? : True
Is IST_1 spanning? : True
Is IST_2 spanning? : True
Is IST_3 spanning? : True
Is IST_4 spanning? : True
Is IST_5 spanning? : True
Are all ISTs independent? : True

====TEST CR(750, 122, 244)====
Is IST_0 spanning? : True
Is IST_1 spanning? : True
Is IST_2 spanning? : True
Is IST_3 spanning? : True
Is IST_4 spanning? : True
Is IST_5 spanning? : True
Are all ISTs independent? : True

====TEST CR(751, 122, 244)====
Is IST_0 spanning? : True
Is IST_1 spanning? : True
Is IST_2 spanning? : True
Is IST_3 spanning? : True
Is IST_4 spanning? : True
Is IST_5 spanning? : True
Are all ISTs independent? : True

====TEST CR(752, 122, 244)====
Is IST_0 spanning? : True
Is IST_1 spanning? : True
Is IST_2 spanning? : True
Is IST_3 spanning? : True
Is IST_4 spanning? : True
Is IST_5 spanning? : True
Are all ISTs independent? : True

====TEST CR(753, 122, 244)====
Is IST_0 spanning? : True
Is IST_1 spanning? : True
Is IST_2 spanning? : True
Is IST_3 spanning? : True
Is IST_4 spanning? : True
Is IST_5 spanning? : True
Are all ISTs independent? : True

====TEST CR(754, 122, 244)====
Is IST_0 spanning? : True
Is IST_1 spanning? : True
Is IST_2 spanning? : True
Is IST_3 spanning? : True
Is IST_4 spanning? : True
Is IST_5 spanning? : True
Are all ISTs independent? : True

====TEST CR(755, 122, 244)====
Is IST_0 spanning? : True
Is IST_1 spanning? : True
Is IST_2 spanning? : True
Is IST_3 spanning? : True
Is IST_4 spanning? : True
Is IST_5 spanning? : True
Are all ISTs independent? : True

====TEST CR(756, 122, 244)====
Is IST_0 spanning? : True
Is IST_1 spanning? : True
Is IST_2 spanning? : True
Is IST_3 spanning? : True
Is IST_4 spanning? : True
Is IST_5 spanning? : True
Are all ISTs independent? : True

====TEST CR(757, 122, 244)====
Is IST_0 spanning? : True
Is IST_1 spanning? : True
Is IST_2 spanning? : True
Is IST_3 spanning? : True
Is IST_4 spanning? : True
Is IST_5 spanning? : True
Are all ISTs independent? : True

====TEST CR(758, 122, 244)====
Is IST_0 spanning? : True
Is IST_1 spanning? : True
Is IST_2 spanning? : True
Is IST_3 spanning? : True
Is IST_4 spanning? : True
Is IST_5 spanning? : True
Are all ISTs independent? : True

====TEST CR(759, 122, 244)====
Is IST_0 spanning? : True
Is IST_1 spanning? : True
Is IST_2 spanning? : True
Is IST_3 spanning? : True
Is IST_4 spanning? : True
Is IST_5 spanning? : True
Are all ISTs independent? : True

====TEST CR(760, 122, 244)====
Is IST_0 spanning? : True
Is IST_1 spanning? : True
Is IST_2 spanning? : True
Is IST_3 spanning? : True
Is IST_4 spanning? : True
Is IST_5 spanning? : True
Are all ISTs independent? : True

====TEST CR(761, 122, 244)====
Is IST_0 spanning? : True
Is IST_1 spanning? : True
Is IST_2 spanning? : True
Is IST_3 spanning? : True
Is IST_4 spanning? : True
Is IST_5 spanning? : True
Are all ISTs independent? : True

====TEST CR(762, 122, 244)====
Is IST_0 spanning? : True
Is IST_1 spanning? : True
Is IST_2 spanning? : True
Is IST_3 spanning? : True
Is IST_4 spanning? : True
Is IST_5 spanning? : True
Are all ISTs independent? : True

====TEST CR(763, 122, 244)====
Is IST_0 spanning? : True
Is IST_1 spanning? : True
Is IST_2 spanning? : True
Is IST_3 spanning? : True
Is IST_4 spanning? : True
Is IST_5 spanning? : True
Are all ISTs independent? : True

====TEST CR(764, 122, 244)====
Is IST_0 spanning? : True
Is IST_1 spanning? : True
Is IST_2 spanning? : True
Is IST_3 spanning? : True
Is IST_4 spanning? : True
Is IST_5 spanning? : True
Are all ISTs independent? : True

====TEST CR(765, 122, 244)====
Is IST_0 spanning? : True
Is IST_1 spanning? : True
Is IST_2 spanning? : True
Is IST_3 spanning? : True
Is IST_4 spanning? : True
Is IST_5 spanning? : True
Are all ISTs independent? : True

====TEST CR(766, 122, 244)====
Is IST_0 spanning? : True
Is IST_1 spanning? : True
Is IST_2 spanning? : True
Is IST_3 spanning? : True
Is IST_4 spanning? : True
Is IST_5 spanning? : True
Are all ISTs independent? : True

====TEST CR(767, 122, 244)====
Is IST_0 spanning? : True
Is IST_1 spanning? : True
Is IST_2 spanning? : True
Is IST_3 spanning? : True
Is IST_4 spanning? : True
Is IST_5 spanning? : True
Are all ISTs independent? : True

====TEST CR(768, 122, 244)====
Is IST_0 spanning? : True
Is IST_1 spanning? : True
Is IST_2 spanning? : True
Is IST_3 spanning? : True
Is IST_4 spanning? : True
Is IST_5 spanning? : True
Are all ISTs independent? : True

====TEST CR(769, 122, 244)====
Is IST_0 spanning? : True
Is IST_1 spanning? : True
Is IST_2 spanning? : True
Is IST_3 spanning? : True
Is IST_4 spanning? : True
Is IST_5 spanning? : True
Are all ISTs independent? : True

====TEST CR(770, 122, 244)====
Is IST_0 spanning? : True
Is IST_1 spanning? : True
Is IST_2 spanning? : True
Is IST_3 spanning? : True
Is IST_4 spanning? : True
Is IST_5 spanning? : True
Are all ISTs independent? : True

====TEST CR(771, 122, 244)====
Is IST_0 spanning? : True
Is IST_1 spanning? : True
Is IST_2 spanning? : True
Is IST_3 spanning? : True
Is IST_4 spanning? : True
Is IST_5 spanning? : True
Are all ISTs independent? : True

====TEST CR(772, 122, 244)====
Is IST_0 spanning? : True
Is IST_1 spanning? : True
Is IST_2 spanning? : True
Is IST_3 spanning? : True
Is IST_4 spanning? : True
Is IST_5 spanning? : True
Are all ISTs independent? : True

====TEST CR(773, 122, 244)====
Is IST_0 spanning? : True
Is IST_1 spanning? : True
Is IST_2 spanning? : True
Is IST_3 spanning? : True
Is IST_4 spanning? : True
Is IST_5 spanning? : True
Are all ISTs independent? : True

====TEST CR(774, 122, 244)====
Is IST_0 spanning? : True
Is IST_1 spanning? : True
Is IST_2 spanning? : True
Is IST_3 spanning? : True
Is IST_4 spanning? : True
Is IST_5 spanning? : True
Are all ISTs independent? : True

====TEST CR(775, 122, 244)====
Is IST_0 spanning? : True
Is IST_1 spanning? : True
Is IST_2 spanning? : True
Is IST_3 spanning? : True
Is IST_4 spanning? : True
Is IST_5 spanning? : True
Are all ISTs independent? : True

====TEST CR(776, 122, 244)====
Is IST_0 spanning? : True
Is IST_1 spanning? : True
Is IST_2 spanning? : True
Is IST_3 spanning? : True
Is IST_4 spanning? : True
Is IST_5 spanning? : True
Are all ISTs independent? : True

====TEST CR(777, 122, 244)====
Is IST_0 spanning? : True
Is IST_1 spanning? : True
Is IST_2 spanning? : True
Is IST_3 spanning? : True
Is IST_4 spanning? : True
Is IST_5 spanning? : True
Are all ISTs independent? : True

====TEST CR(778, 122, 244)====
Is IST_0 spanning? : True
Is IST_1 spanning? : True
Is IST_2 spanning? : True
Is IST_3 spanning? : True
Is IST_4 spanning? : True
Is IST_5 spanning? : True
Are all ISTs independent? : True

====TEST CR(779, 122, 244)====
Is IST_0 spanning? : True
Is IST_1 spanning? : True
Is IST_2 spanning? : True
Is IST_3 spanning? : True
Is IST_4 spanning? : True
Is IST_5 spanning? : True
Are all ISTs independent? : True

====TEST CR(780, 122, 244)====
Is IST_0 spanning? : True
Is IST_1 spanning? : True
Is IST_2 spanning? : True
Is IST_3 spanning? : True
Is IST_4 spanning? : True
Is IST_5 spanning? : True
Are all ISTs independent? : True

====TEST CR(781, 122, 244)====
Is IST_0 spanning? : True
Is IST_1 spanning? : True
Is IST_2 spanning? : True
Is IST_3 spanning? : True
Is IST_4 spanning? : True
Is IST_5 spanning? : True
Are all ISTs independent? : True

====TEST CR(782, 122, 244)====
Is IST_0 spanning? : True
Is IST_1 spanning? : True
Is IST_2 spanning? : True
Is IST_3 spanning? : True
Is IST_4 spanning? : True
Is IST_5 spanning? : True
Are all ISTs independent? : True

====TEST CR(783, 122, 244)====
Is IST_0 spanning? : True
Is IST_1 spanning? : True
Is IST_2 spanning? : True
Is IST_3 spanning? : True
Is IST_4 spanning? : True
Is IST_5 spanning? : True
Are all ISTs independent? : True

====TEST CR(784, 122, 244)====
Is IST_0 spanning? : True
Is IST_1 spanning? : True
Is IST_2 spanning? : True
Is IST_3 spanning? : True
Is IST_4 spanning? : True
Is IST_5 spanning? : True
Are all ISTs independent? : True

====TEST CR(785, 122, 244)====
Is IST_0 spanning? : True
Is IST_1 spanning? : True
Is IST_2 spanning? : True
Is IST_3 spanning? : True
Is IST_4 spanning? : True
Is IST_5 spanning? : True
Are all ISTs independent? : True

====TEST CR(786, 122, 244)====
Is IST_0 spanning? : True
Is IST_1 spanning? : True
Is IST_2 spanning? : True
Is IST_3 spanning? : True
Is IST_4 spanning? : True
Is IST_5 spanning? : True
Are all ISTs independent? : True

====TEST CR(787, 122, 244)====
Is IST_0 spanning? : True
Is IST_1 spanning? : True
Is IST_2 spanning? : True
Is IST_3 spanning? : True
Is IST_4 spanning? : True
Is IST_5 spanning? : True
Are all ISTs independent? : True

====TEST CR(788, 122, 244)====
Is IST_0 spanning? : True
Is IST_1 spanning? : True
Is IST_2 spanning? : True
Is IST_3 spanning? : True
Is IST_4 spanning? : True
Is IST_5 spanning? : True
Are all ISTs independent? : True

====TEST CR(789, 122, 244)====
Is IST_0 spanning? : True
Is IST_1 spanning? : True
Is IST_2 spanning? : True
Is IST_3 spanning? : True
Is IST_4 spanning? : True
Is IST_5 spanning? : True
Are all ISTs independent? : True

====TEST CR(790, 122, 244)====
Is IST_0 spanning? : True
Is IST_1 spanning? : True
Is IST_2 spanning? : True
Is IST_3 spanning? : True
Is IST_4 spanning? : True
Is IST_5 spanning? : True
Are all ISTs independent? : True

====TEST CR(791, 122, 244)====
Is IST_0 spanning? : True
Is IST_1 spanning? : True
Is IST_2 spanning? : True
Is IST_3 spanning? : True
Is IST_4 spanning? : True
Is IST_5 spanning? : True
Are all ISTs independent? : True

====TEST CR(792, 122, 244)====
Is IST_0 spanning? : True
Is IST_1 spanning? : True
Is IST_2 spanning? : True
Is IST_3 spanning? : True
Is IST_4 spanning? : True
Is IST_5 spanning? : True
Are all ISTs independent? : True

====TEST CR(793, 122, 244)====
Is IST_0 spanning? : True
Is IST_1 spanning? : True
Is IST_2 spanning? : True
Is IST_3 spanning? : True
Is IST_4 spanning? : True
Is IST_5 spanning? : True
Are all ISTs independent? : True

====TEST CR(794, 122, 244)====
Is IST_0 spanning? : True
Is IST_1 spanning? : True
Is IST_2 spanning? : True
Is IST_3 spanning? : True
Is IST_4 spanning? : True
Is IST_5 spanning? : True
Are all ISTs independent? : True

====TEST CR(795, 122, 244)====
Is IST_0 spanning? : True
Is IST_1 spanning? : True
Is IST_2 spanning? : True
Is IST_3 spanning? : True
Is IST_4 spanning? : True
Is IST_5 spanning? : True
Are all ISTs independent? : True

====TEST CR(796, 122, 244)====
Is IST_0 spanning? : True
Is IST_1 spanning? : True
Is IST_2 spanning? : True
Is IST_3 spanning? : True
Is IST_4 spanning? : True
Is IST_5 spanning? : True
Are all ISTs independent? : True

====TEST CR(797, 122, 244)====
Is IST_0 spanning? : True
Is IST_1 spanning? : True
Is IST_2 spanning? : True
Is IST_3 spanning? : True
Is IST_4 spanning? : True
Is IST_5 spanning? : True
Are all ISTs independent? : True

====TEST CR(798, 122, 244)====
Is IST_0 spanning? : True
Is IST_1 spanning? : True
Is IST_2 spanning? : True
Is IST_3 spanning? : True
Is IST_4 spanning? : True
Is IST_5 spanning? : True
Are all ISTs independent? : True

====TEST CR(799, 122, 244)====
Is IST_0 spanning? : True
Is IST_1 spanning? : True
Is IST_2 spanning? : True
Is IST_3 spanning? : True
Is IST_4 spanning? : True
Is IST_5 spanning? : True
Are all ISTs independent? : True

====TEST CR(800, 122, 244)====
Is IST_0 spanning? : True
Is IST_1 spanning? : True
Is IST_2 spanning? : True
Is IST_3 spanning? : True
Is IST_4 spanning? : True
Is IST_5 spanning? : True
Are all ISTs independent? : True

====TEST CR(801, 122, 244)====
Is IST_0 spanning? : True
Is IST_1 spanning? : True
Is IST_2 spanning? : True
Is IST_3 spanning? : True
Is IST_4 spanning? : True
Is IST_5 spanning? : True
Are all ISTs independent? : True

====TEST CR(802, 122, 244)====
Is IST_0 spanning? : True
Is IST_1 spanning? : True
Is IST_2 spanning? : True
Is IST_3 spanning? : True
Is IST_4 spanning? : True
Is IST_5 spanning? : True
Are all ISTs independent? : True

====TEST CR(803, 122, 244)====
Is IST_0 spanning? : True
Is IST_1 spanning? : True
Is IST_2 spanning? : True
Is IST_3 spanning? : True
Is IST_4 spanning? : True
Is IST_5 spanning? : True
Are all ISTs independent? : True

====TEST CR(804, 122, 244)====
Is IST_0 spanning? : True
Is IST_1 spanning? : True
Is IST_2 spanning? : True
Is IST_3 spanning? : True
Is IST_4 spanning? : True
Is IST_5 spanning? : True
Are all ISTs independent? : True

====TEST CR(805, 122, 244)====
Is IST_0 spanning? : True
Is IST_1 spanning? : True
Is IST_2 spanning? : True
Is IST_3 spanning? : True
Is IST_4 spanning? : True
Is IST_5 spanning? : True
Are all ISTs independent? : True

====TEST CR(806, 122, 244)====
Is IST_0 spanning? : True
Is IST_1 spanning? : True
Is IST_2 spanning? : True
Is IST_3 spanning? : True
Is IST_4 spanning? : True
Is IST_5 spanning? : True
Are all ISTs independent? : True

====TEST CR(807, 122, 244)====
Is IST_0 spanning? : True
Is IST_1 spanning? : True
Is IST_2 spanning? : True
Is IST_3 spanning? : True
Is IST_4 spanning? : True
Is IST_5 spanning? : True
Are all ISTs independent? : True

====TEST CR(808, 122, 244)====
Is IST_0 spanning? : True
Is IST_1 spanning? : True
Is IST_2 spanning? : True
Is IST_3 spanning? : True
Is IST_4 spanning? : True
Is IST_5 spanning? : True
Are all ISTs independent? : True

====TEST CR(809, 122, 244)====
Is IST_0 spanning? : True
Is IST_1 spanning? : True
Is IST_2 spanning? : True
Is IST_3 spanning? : True
Is IST_4 spanning? : True
Is IST_5 spanning? : True
Are all ISTs independent? : True

====TEST CR(810, 122, 244)====
Is IST_0 spanning? : True
Is IST_1 spanning? : True
Is IST_2 spanning? : True
Is IST_3 spanning? : True
Is IST_4 spanning? : True
Is IST_5 spanning? : True
Are all ISTs independent? : True

====TEST CR(811, 122, 244)====
Is IST_0 spanning? : True
Is IST_1 spanning? : True
Is IST_2 spanning? : True
Is IST_3 spanning? : True
Is IST_4 spanning? : True
Is IST_5 spanning? : True
Are all ISTs independent? : True

====TEST CR(812, 122, 244)====
Is IST_0 spanning? : True
Is IST_1 spanning? : True
Is IST_2 spanning? : True
Is IST_3 spanning? : True
Is IST_4 spanning? : True
Is IST_5 spanning? : True
Are all ISTs independent? : True

====TEST CR(813, 122, 244)====
Is IST_0 spanning? : True
Is IST_1 spanning? : True
Is IST_2 spanning? : True
Is IST_3 spanning? : True
Is IST_4 spanning? : True
Is IST_5 spanning? : True
Are all ISTs independent? : True

====TEST CR(814, 122, 244)====
Is IST_0 spanning? : True
Is IST_1 spanning? : True
Is IST_2 spanning? : True
Is IST_3 spanning? : True
Is IST_4 spanning? : True
Is IST_5 spanning? : True
Are all ISTs independent? : True

====TEST CR(815, 122, 244)====
Is IST_0 spanning? : True
Is IST_1 spanning? : True
Is IST_2 spanning? : True
Is IST_3 spanning? : True
Is IST_4 spanning? : True
Is IST_5 spanning? : True
Are all ISTs independent? : True

====TEST CR(816, 122, 244)====
Is IST_0 spanning? : True
Is IST_1 spanning? : True
Is IST_2 spanning? : True
Is IST_3 spanning? : True
Is IST_4 spanning? : True
Is IST_5 spanning? : True
Are all ISTs independent? : True

====TEST CR(817, 122, 244)====
Is IST_0 spanning? : True
Is IST_1 spanning? : True
Is IST_2 spanning? : True
Is IST_3 spanning? : True
Is IST_4 spanning? : True
Is IST_5 spanning? : True
Are all ISTs independent? : True

====TEST CR(818, 122, 244)====
Is IST_0 spanning? : True
Is IST_1 spanning? : True
Is IST_2 spanning? : True
Is IST_3 spanning? : True
Is IST_4 spanning? : True
Is IST_5 spanning? : True
Are all ISTs independent? : True

====TEST CR(819, 122, 244)====
Is IST_0 spanning? : True
Is IST_1 spanning? : True
Is IST_2 spanning? : True
Is IST_3 spanning? : True
Is IST_4 spanning? : True
Is IST_5 spanning? : True
Are all ISTs independent? : True

====TEST CR(820, 122, 244)====
Is IST_0 spanning? : True
Is IST_1 spanning? : True
Is IST_2 spanning? : True
Is IST_3 spanning? : True
Is IST_4 spanning? : True
Is IST_5 spanning? : True
Are all ISTs independent? : True

====TEST CR(821, 122, 244)====
Is IST_0 spanning? : True
Is IST_1 spanning? : True
Is IST_2 spanning? : True
Is IST_3 spanning? : True
Is IST_4 spanning? : True
Is IST_5 spanning? : True
Are all ISTs independent? : True

====TEST CR(822, 122, 244)====
Is IST_0 spanning? : True
Is IST_1 spanning? : True
Is IST_2 spanning? : True
Is IST_3 spanning? : True
Is IST_4 spanning? : True
Is IST_5 spanning? : True
Are all ISTs independent? : True

====TEST CR(823, 122, 244)====
Is IST_0 spanning? : True
Is IST_1 spanning? : True
Is IST_2 spanning? : True
Is IST_3 spanning? : True
Is IST_4 spanning? : True
Is IST_5 spanning? : True
Are all ISTs independent? : True

====TEST CR(824, 122, 244)====
Is IST_0 spanning? : True
Is IST_1 spanning? : True
Is IST_2 spanning? : True
Is IST_3 spanning? : True
Is IST_4 spanning? : True
Is IST_5 spanning? : True
Are all ISTs independent? : True

====TEST CR(825, 122, 244)====
Is IST_0 spanning? : True
Is IST_1 spanning? : True
Is IST_2 spanning? : True
Is IST_3 spanning? : True
Is IST_4 spanning? : True
Is IST_5 spanning? : True
Are all ISTs independent? : True

====TEST CR(826, 122, 244)====
Is IST_0 spanning? : True
Is IST_1 spanning? : True
Is IST_2 spanning? : True
Is IST_3 spanning? : True
Is IST_4 spanning? : True
Is IST_5 spanning? : True
Are all ISTs independent? : True

====TEST CR(827, 122, 244)====
Is IST_0 spanning? : True
Is IST_1 spanning? : True
Is IST_2 spanning? : True
Is IST_3 spanning? : True
Is IST_4 spanning? : True
Is IST_5 spanning? : True
Are all ISTs independent? : True

====TEST CR(828, 122, 244)====
Is IST_0 spanning? : True
Is IST_1 spanning? : True
Is IST_2 spanning? : True
Is IST_3 spanning? : True
Is IST_4 spanning? : True
Is IST_5 spanning? : True
Are all ISTs independent? : True

====TEST CR(829, 122, 244)====
Is IST_0 spanning? : True
Is IST_1 spanning? : True
Is IST_2 spanning? : True
Is IST_3 spanning? : True
Is IST_4 spanning? : True
Is IST_5 spanning? : True
Are all ISTs independent? : True

====TEST CR(830, 122, 244)====
Is IST_0 spanning? : True
Is IST_1 spanning? : True
Is IST_2 spanning? : True
Is IST_3 spanning? : True
Is IST_4 spanning? : True
Is IST_5 spanning? : True
Are all ISTs independent? : True

====TEST CR(831, 122, 244)====
Is IST_0 spanning? : True
Is IST_1 spanning? : True
Is IST_2 spanning? : True
Is IST_3 spanning? : True
Is IST_4 spanning? : True
Is IST_5 spanning? : True
Are all ISTs independent? : True

====TEST CR(832, 122, 244)====
Is IST_0 spanning? : True
Is IST_1 spanning? : True
Is IST_2 spanning? : True
Is IST_3 spanning? : True
Is IST_4 spanning? : True
Is IST_5 spanning? : True
Are all ISTs independent? : True

====TEST CR(833, 122, 244)====
Is IST_0 spanning? : True
Is IST_1 spanning? : True
Is IST_2 spanning? : True
Is IST_3 spanning? : True
Is IST_4 spanning? : True
Is IST_5 spanning? : True
Are all ISTs independent? : True

====TEST CR(834, 122, 244)====
Is IST_0 spanning? : True
Is IST_1 spanning? : True
Is IST_2 spanning? : True
Is IST_3 spanning? : True
Is IST_4 spanning? : True
Is IST_5 spanning? : True
Are all ISTs independent? : True

====TEST CR(835, 122, 244)====
Is IST_0 spanning? : True
Is IST_1 spanning? : True
Is IST_2 spanning? : True
Is IST_3 spanning? : True
Is IST_4 spanning? : True
Is IST_5 spanning? : True
Are all ISTs independent? : True

====TEST CR(836, 122, 244)====
Is IST_0 spanning? : True
Is IST_1 spanning? : True
Is IST_2 spanning? : True
Is IST_3 spanning? : True
Is IST_4 spanning? : True
Is IST_5 spanning? : True
Are all ISTs independent? : True

====TEST CR(837, 122, 244)====
Is IST_0 spanning? : True
Is IST_1 spanning? : True
Is IST_2 spanning? : True
Is IST_3 spanning? : True
Is IST_4 spanning? : True
Is IST_5 spanning? : True
Are all ISTs independent? : True

====TEST CR(838, 122, 244)====
Is IST_0 spanning? : True
Is IST_1 spanning? : True
Is IST_2 spanning? : True
Is IST_3 spanning? : True
Is IST_4 spanning? : True
Is IST_5 spanning? : True
Are all ISTs independent? : True

====TEST CR(839, 122, 244)====
Is IST_0 spanning? : True
Is IST_1 spanning? : True
Is IST_2 spanning? : True
Is IST_3 spanning? : True
Is IST_4 spanning? : True
Is IST_5 spanning? : True
Are all ISTs independent? : True

====TEST CR(840, 122, 244)====
Is IST_0 spanning? : True
Is IST_1 spanning? : True
Is IST_2 spanning? : True
Is IST_3 spanning? : True
Is IST_4 spanning? : True
Is IST_5 spanning? : True
Are all ISTs independent? : True

====TEST CR(841, 122, 244)====
Is IST_0 spanning? : True
Is IST_1 spanning? : True
Is IST_2 spanning? : True
Is IST_3 spanning? : True
Is IST_4 spanning? : True
Is IST_5 spanning? : True
Are all ISTs independent? : True

====TEST CR(842, 122, 244)====
Is IST_0 spanning? : True
Is IST_1 spanning? : True
Is IST_2 spanning? : True
Is IST_3 spanning? : True
Is IST_4 spanning? : True
Is IST_5 spanning? : True
Are all ISTs independent? : True

====TEST CR(843, 122, 244)====
Is IST_0 spanning? : True
Is IST_1 spanning? : True
Is IST_2 spanning? : True
Is IST_3 spanning? : True
Is IST_4 spanning? : True
Is IST_5 spanning? : True
Are all ISTs independent? : True

====TEST CR(844, 122, 244)====
Is IST_0 spanning? : True
Is IST_1 spanning? : True
Is IST_2 spanning? : True
Is IST_3 spanning? : True
Is IST_4 spanning? : True
Is IST_5 spanning? : True
Are all ISTs independent? : True

====TEST CR(845, 122, 244)====
Is IST_0 spanning? : True
Is IST_1 spanning? : True
Is IST_2 spanning? : True
Is IST_3 spanning? : True
Is IST_4 spanning? : True
Is IST_5 spanning? : True
Are all ISTs independent? : True

====TEST CR(846, 122, 244)====
Is IST_0 spanning? : True
Is IST_1 spanning? : True
Is IST_2 spanning? : True
Is IST_3 spanning? : True
Is IST_4 spanning? : True
Is IST_5 spanning? : True
Are all ISTs independent? : True

====TEST CR(847, 122, 244)====
Is IST_0 spanning? : True
Is IST_1 spanning? : True
Is IST_2 spanning? : True
Is IST_3 spanning? : True
Is IST_4 spanning? : True
Is IST_5 spanning? : True
Are all ISTs independent? : True

====TEST CR(848, 122, 244)====
Is IST_0 spanning? : True
Is IST_1 spanning? : True
Is IST_2 spanning? : True
Is IST_3 spanning? : True
Is IST_4 spanning? : True
Is IST_5 spanning? : True
Are all ISTs independent? : True

====TEST CR(849, 122, 244)====
Is IST_0 spanning? : True
Is IST_1 spanning? : True
Is IST_2 spanning? : True
Is IST_3 spanning? : True
Is IST_4 spanning? : True
Is IST_5 spanning? : True
Are all ISTs independent? : True

====TEST CR(850, 122, 244)====
Is IST_0 spanning? : True
Is IST_1 spanning? : True
Is IST_2 spanning? : True
Is IST_3 spanning? : True
Is IST_4 spanning? : True
Is IST_5 spanning? : True
Are all ISTs independent? : True

====TEST CR(851, 122, 244)====
Is IST_0 spanning? : True
Is IST_1 spanning? : True
Is IST_2 spanning? : True
Is IST_3 spanning? : True
Is IST_4 spanning? : True
Is IST_5 spanning? : True
Are all ISTs independent? : True

====TEST CR(852, 122, 244)====
Is IST_0 spanning? : True
Is IST_1 spanning? : True
Is IST_2 spanning? : True
Is IST_3 spanning? : True
Is IST_4 spanning? : True
Is IST_5 spanning? : True
Are all ISTs independent? : True

====TEST CR(853, 122, 244)====
Is IST_0 spanning? : True
Is IST_1 spanning? : True
Is IST_2 spanning? : True
Is IST_3 spanning? : True
Is IST_4 spanning? : True
Is IST_5 spanning? : True
Are all ISTs independent? : True

====TEST CR(854, 122, 244)====
Is IST_0 spanning? : True
Is IST_1 spanning? : True
Is IST_2 spanning? : True
Is IST_3 spanning? : True
Is IST_4 spanning? : True
Is IST_5 spanning? : True
Are all ISTs independent? : True

====TEST CR(855, 122, 244)====
Is IST_0 spanning? : True
Is IST_1 spanning? : True
Is IST_2 spanning? : True
Is IST_3 spanning? : True
Is IST_4 spanning? : True
Is IST_5 spanning? : True
Are all ISTs independent? : True

====TEST CR(856, 122, 244)====
Is IST_0 spanning? : True
Is IST_1 spanning? : True
Is IST_2 spanning? : True
Is IST_3 spanning? : True
Is IST_4 spanning? : True
Is IST_5 spanning? : True
Are all ISTs independent? : True

====TEST CR(857, 122, 244)====
Is IST_0 spanning? : True
Is IST_1 spanning? : True
Is IST_2 spanning? : True
Is IST_3 spanning? : True
Is IST_4 spanning? : True
Is IST_5 spanning? : True
Are all ISTs independent? : True

====TEST CR(858, 122, 244)====
Is IST_0 spanning? : True
Is IST_1 spanning? : True
Is IST_2 spanning? : True
Is IST_3 spanning? : True
Is IST_4 spanning? : True
Is IST_5 spanning? : True
Are all ISTs independent? : True

====TEST CR(859, 122, 244)====
Is IST_0 spanning? : True
Is IST_1 spanning? : True
Is IST_2 spanning? : True
Is IST_3 spanning? : True
Is IST_4 spanning? : True
Is IST_5 spanning? : True
Are all ISTs independent? : True

====TEST CR(860, 122, 244)====
Is IST_0 spanning? : True
Is IST_1 spanning? : True
Is IST_2 spanning? : True
Is IST_3 spanning? : True
Is IST_4 spanning? : True
Is IST_5 spanning? : True
Are all ISTs independent? : True

====TEST CR(738, 123, 246)====
Is IST_0 spanning? : True
Is IST_1 spanning? : True
Is IST_2 spanning? : True
Is IST_3 spanning? : True
Is IST_4 spanning? : True
Is IST_5 spanning? : True
Are all ISTs independent? : True

====TEST CR(739, 123, 246)====
Is IST_0 spanning? : True
Is IST_1 spanning? : True
Is IST_2 spanning? : True
Is IST_3 spanning? : True
Is IST_4 spanning? : True
Is IST_5 spanning? : True
Are all ISTs independent? : True

====TEST CR(740, 123, 246)====
Is IST_0 spanning? : True
Is IST_1 spanning? : True
Is IST_2 spanning? : True
Is IST_3 spanning? : True
Is IST_4 spanning? : True
Is IST_5 spanning? : True
Are all ISTs independent? : True

====TEST CR(741, 123, 246)====
Is IST_0 spanning? : True
Is IST_1 spanning? : True
Is IST_2 spanning? : True
Is IST_3 spanning? : True
Is IST_4 spanning? : True
Is IST_5 spanning? : True
Are all ISTs independent? : True

====TEST CR(742, 123, 246)====
Is IST_0 spanning? : True
Is IST_1 spanning? : True
Is IST_2 spanning? : True
Is IST_3 spanning? : True
Is IST_4 spanning? : True
Is IST_5 spanning? : True
Are all ISTs independent? : True

====TEST CR(743, 123, 246)====
Is IST_0 spanning? : True
Is IST_1 spanning? : True
Is IST_2 spanning? : True
Is IST_3 spanning? : True
Is IST_4 spanning? : True
Is IST_5 spanning? : True
Are all ISTs independent? : True

====TEST CR(744, 123, 246)====
Is IST_0 spanning? : True
Is IST_1 spanning? : True
Is IST_2 spanning? : True
Is IST_3 spanning? : True
Is IST_4 spanning? : True
Is IST_5 spanning? : True
Are all ISTs independent? : True

====TEST CR(745, 123, 246)====
Is IST_0 spanning? : True
Is IST_1 spanning? : True
Is IST_2 spanning? : True
Is IST_3 spanning? : True
Is IST_4 spanning? : True
Is IST_5 spanning? : True
Are all ISTs independent? : True

====TEST CR(746, 123, 246)====
Is IST_0 spanning? : True
Is IST_1 spanning? : True
Is IST_2 spanning? : True
Is IST_3 spanning? : True
Is IST_4 spanning? : True
Is IST_5 spanning? : True
Are all ISTs independent? : True

====TEST CR(747, 123, 246)====
Is IST_0 spanning? : True
Is IST_1 spanning? : True
Is IST_2 spanning? : True
Is IST_3 spanning? : True
Is IST_4 spanning? : True
Is IST_5 spanning? : True
Are all ISTs independent? : True

====TEST CR(748, 123, 246)====
Is IST_0 spanning? : True
Is IST_1 spanning? : True
Is IST_2 spanning? : True
Is IST_3 spanning? : True
Is IST_4 spanning? : True
Is IST_5 spanning? : True
Are all ISTs independent? : True

====TEST CR(749, 123, 246)====
Is IST_0 spanning? : True
Is IST_1 spanning? : True
Is IST_2 spanning? : True
Is IST_3 spanning? : True
Is IST_4 spanning? : True
Is IST_5 spanning? : True
Are all ISTs independent? : True

====TEST CR(750, 123, 246)====
Is IST_0 spanning? : True
Is IST_1 spanning? : True
Is IST_2 spanning? : True
Is IST_3 spanning? : True
Is IST_4 spanning? : True
Is IST_5 spanning? : True
Are all ISTs independent? : True

====TEST CR(751, 123, 246)====
Is IST_0 spanning? : True
Is IST_1 spanning? : True
Is IST_2 spanning? : True
Is IST_3 spanning? : True
Is IST_4 spanning? : True
Is IST_5 spanning? : True
Are all ISTs independent? : True

====TEST CR(752, 123, 246)====
Is IST_0 spanning? : True
Is IST_1 spanning? : True
Is IST_2 spanning? : True
Is IST_3 spanning? : True
Is IST_4 spanning? : True
Is IST_5 spanning? : True
Are all ISTs independent? : True

====TEST CR(753, 123, 246)====
Is IST_0 spanning? : True
Is IST_1 spanning? : True
Is IST_2 spanning? : True
Is IST_3 spanning? : True
Is IST_4 spanning? : True
Is IST_5 spanning? : True
Are all ISTs independent? : True

====TEST CR(754, 123, 246)====
Is IST_0 spanning? : True
Is IST_1 spanning? : True
Is IST_2 spanning? : True
Is IST_3 spanning? : True
Is IST_4 spanning? : True
Is IST_5 spanning? : True
Are all ISTs independent? : True

====TEST CR(755, 123, 246)====
Is IST_0 spanning? : True
Is IST_1 spanning? : True
Is IST_2 spanning? : True
Is IST_3 spanning? : True
Is IST_4 spanning? : True
Is IST_5 spanning? : True
Are all ISTs independent? : True

====TEST CR(756, 123, 246)====
Is IST_0 spanning? : True
Is IST_1 spanning? : True
Is IST_2 spanning? : True
Is IST_3 spanning? : True
Is IST_4 spanning? : True
Is IST_5 spanning? : True
Are all ISTs independent? : True

====TEST CR(757, 123, 246)====
Is IST_0 spanning? : True
Is IST_1 spanning? : True
Is IST_2 spanning? : True
Is IST_3 spanning? : True
Is IST_4 spanning? : True
Is IST_5 spanning? : True
Are all ISTs independent? : True

====TEST CR(758, 123, 246)====
Is IST_0 spanning? : True
Is IST_1 spanning? : True
Is IST_2 spanning? : True
Is IST_3 spanning? : True
Is IST_4 spanning? : True
Is IST_5 spanning? : True
Are all ISTs independent? : True

====TEST CR(759, 123, 246)====
Is IST_0 spanning? : True
Is IST_1 spanning? : True
Is IST_2 spanning? : True
Is IST_3 spanning? : True
Is IST_4 spanning? : True
Is IST_5 spanning? : True
Are all ISTs independent? : True

====TEST CR(760, 123, 246)====
Is IST_0 spanning? : True
Is IST_1 spanning? : True
Is IST_2 spanning? : True
Is IST_3 spanning? : True
Is IST_4 spanning? : True
Is IST_5 spanning? : True
Are all ISTs independent? : True

====TEST CR(761, 123, 246)====
Is IST_0 spanning? : True
Is IST_1 spanning? : True
Is IST_2 spanning? : True
Is IST_3 spanning? : True
Is IST_4 spanning? : True
Is IST_5 spanning? : True
Are all ISTs independent? : True

====TEST CR(762, 123, 246)====
Is IST_0 spanning? : True
Is IST_1 spanning? : True
Is IST_2 spanning? : True
Is IST_3 spanning? : True
Is IST_4 spanning? : True
Is IST_5 spanning? : True
Are all ISTs independent? : True

====TEST CR(763, 123, 246)====
Is IST_0 spanning? : True
Is IST_1 spanning? : True
Is IST_2 spanning? : True
Is IST_3 spanning? : True
Is IST_4 spanning? : True
Is IST_5 spanning? : True
Are all ISTs independent? : True

====TEST CR(764, 123, 246)====
Is IST_0 spanning? : True
Is IST_1 spanning? : True
Is IST_2 spanning? : True
Is IST_3 spanning? : True
Is IST_4 spanning? : True
Is IST_5 spanning? : True
Are all ISTs independent? : True

====TEST CR(765, 123, 246)====
Is IST_0 spanning? : True
Is IST_1 spanning? : True
Is IST_2 spanning? : True
Is IST_3 spanning? : True
Is IST_4 spanning? : True
Is IST_5 spanning? : True
Are all ISTs independent? : True

====TEST CR(766, 123, 246)====
Is IST_0 spanning? : True
Is IST_1 spanning? : True
Is IST_2 spanning? : True
Is IST_3 spanning? : True
Is IST_4 spanning? : True
Is IST_5 spanning? : True
Are all ISTs independent? : True

====TEST CR(767, 123, 246)====
Is IST_0 spanning? : True
Is IST_1 spanning? : True
Is IST_2 spanning? : True
Is IST_3 spanning? : True
Is IST_4 spanning? : True
Is IST_5 spanning? : True
Are all ISTs independent? : True

====TEST CR(768, 123, 246)====
Is IST_0 spanning? : True
Is IST_1 spanning? : True
Is IST_2 spanning? : True
Is IST_3 spanning? : True
Is IST_4 spanning? : True
Is IST_5 spanning? : True
Are all ISTs independent? : True

====TEST CR(769, 123, 246)====
Is IST_0 spanning? : True
Is IST_1 spanning? : True
Is IST_2 spanning? : True
Is IST_3 spanning? : True
Is IST_4 spanning? : True
Is IST_5 spanning? : True
Are all ISTs independent? : True

====TEST CR(770, 123, 246)====
Is IST_0 spanning? : True
Is IST_1 spanning? : True
Is IST_2 spanning? : True
Is IST_3 spanning? : True
Is IST_4 spanning? : True
Is IST_5 spanning? : True
Are all ISTs independent? : True

====TEST CR(771, 123, 246)====
Is IST_0 spanning? : True
Is IST_1 spanning? : True
Is IST_2 spanning? : True
Is IST_3 spanning? : True
Is IST_4 spanning? : True
Is IST_5 spanning? : True
Are all ISTs independent? : True

====TEST CR(772, 123, 246)====
Is IST_0 spanning? : True
Is IST_1 spanning? : True
Is IST_2 spanning? : True
Is IST_3 spanning? : True
Is IST_4 spanning? : True
Is IST_5 spanning? : True
Are all ISTs independent? : True

====TEST CR(773, 123, 246)====
Is IST_0 spanning? : True
Is IST_1 spanning? : True
Is IST_2 spanning? : True
Is IST_3 spanning? : True
Is IST_4 spanning? : True
Is IST_5 spanning? : True
Are all ISTs independent? : True

====TEST CR(774, 123, 246)====
Is IST_0 spanning? : True
Is IST_1 spanning? : True
Is IST_2 spanning? : True
Is IST_3 spanning? : True
Is IST_4 spanning? : True
Is IST_5 spanning? : True
Are all ISTs independent? : True

====TEST CR(775, 123, 246)====
Is IST_0 spanning? : True
Is IST_1 spanning? : True
Is IST_2 spanning? : True
Is IST_3 spanning? : True
Is IST_4 spanning? : True
Is IST_5 spanning? : True
Are all ISTs independent? : True

====TEST CR(776, 123, 246)====
Is IST_0 spanning? : True
Is IST_1 spanning? : True
Is IST_2 spanning? : True
Is IST_3 spanning? : True
Is IST_4 spanning? : True
Is IST_5 spanning? : True
Are all ISTs independent? : True

====TEST CR(777, 123, 246)====
Is IST_0 spanning? : True
Is IST_1 spanning? : True
Is IST_2 spanning? : True
Is IST_3 spanning? : True
Is IST_4 spanning? : True
Is IST_5 spanning? : True
Are all ISTs independent? : True

====TEST CR(778, 123, 246)====
Is IST_0 spanning? : True
Is IST_1 spanning? : True
Is IST_2 spanning? : True
Is IST_3 spanning? : True
Is IST_4 spanning? : True
Is IST_5 spanning? : True
Are all ISTs independent? : True

====TEST CR(779, 123, 246)====
Is IST_0 spanning? : True
Is IST_1 spanning? : True
Is IST_2 spanning? : True
Is IST_3 spanning? : True
Is IST_4 spanning? : True
Is IST_5 spanning? : True
Are all ISTs independent? : True

====TEST CR(780, 123, 246)====
Is IST_0 spanning? : True
Is IST_1 spanning? : True
Is IST_2 spanning? : True
Is IST_3 spanning? : True
Is IST_4 spanning? : True
Is IST_5 spanning? : True
Are all ISTs independent? : True

====TEST CR(781, 123, 246)====
Is IST_0 spanning? : True
Is IST_1 spanning? : True
Is IST_2 spanning? : True
Is IST_3 spanning? : True
Is IST_4 spanning? : True
Is IST_5 spanning? : True
Are all ISTs independent? : True

====TEST CR(782, 123, 246)====
Is IST_0 spanning? : True
Is IST_1 spanning? : True
Is IST_2 spanning? : True
Is IST_3 spanning? : True
Is IST_4 spanning? : True
Is IST_5 spanning? : True
Are all ISTs independent? : True

====TEST CR(783, 123, 246)====
Is IST_0 spanning? : True
Is IST_1 spanning? : True
Is IST_2 spanning? : True
Is IST_3 spanning? : True
Is IST_4 spanning? : True
Is IST_5 spanning? : True
Are all ISTs independent? : True

====TEST CR(784, 123, 246)====
Is IST_0 spanning? : True
Is IST_1 spanning? : True
Is IST_2 spanning? : True
Is IST_3 spanning? : True
Is IST_4 spanning? : True
Is IST_5 spanning? : True
Are all ISTs independent? : True

====TEST CR(785, 123, 246)====
Is IST_0 spanning? : True
Is IST_1 spanning? : True
Is IST_2 spanning? : True
Is IST_3 spanning? : True
Is IST_4 spanning? : True
Is IST_5 spanning? : True
Are all ISTs independent? : True

====TEST CR(786, 123, 246)====
Is IST_0 spanning? : True
Is IST_1 spanning? : True
Is IST_2 spanning? : True
Is IST_3 spanning? : True
Is IST_4 spanning? : True
Is IST_5 spanning? : True
Are all ISTs independent? : True

====TEST CR(787, 123, 246)====
Is IST_0 spanning? : True
Is IST_1 spanning? : True
Is IST_2 spanning? : True
Is IST_3 spanning? : True
Is IST_4 spanning? : True
Is IST_5 spanning? : True
Are all ISTs independent? : True

====TEST CR(788, 123, 246)====
Is IST_0 spanning? : True
Is IST_1 spanning? : True
Is IST_2 spanning? : True
Is IST_3 spanning? : True
Is IST_4 spanning? : True
Is IST_5 spanning? : True
Are all ISTs independent? : True

====TEST CR(789, 123, 246)====
Is IST_0 spanning? : True
Is IST_1 spanning? : True
Is IST_2 spanning? : True
Is IST_3 spanning? : True
Is IST_4 spanning? : True
Is IST_5 spanning? : True
Are all ISTs independent? : True

====TEST CR(790, 123, 246)====
Is IST_0 spanning? : True
Is IST_1 spanning? : True
Is IST_2 spanning? : True
Is IST_3 spanning? : True
Is IST_4 spanning? : True
Is IST_5 spanning? : True
Are all ISTs independent? : True

====TEST CR(791, 123, 246)====
Is IST_0 spanning? : True
Is IST_1 spanning? : True
Is IST_2 spanning? : True
Is IST_3 spanning? : True
Is IST_4 spanning? : True
Is IST_5 spanning? : True
Are all ISTs independent? : True

====TEST CR(792, 123, 246)====
Is IST_0 spanning? : True
Is IST_1 spanning? : True
Is IST_2 spanning? : True
Is IST_3 spanning? : True
Is IST_4 spanning? : True
Is IST_5 spanning? : True
Are all ISTs independent? : True

====TEST CR(793, 123, 246)====
Is IST_0 spanning? : True
Is IST_1 spanning? : True
Is IST_2 spanning? : True
Is IST_3 spanning? : True
Is IST_4 spanning? : True
Is IST_5 spanning? : True
Are all ISTs independent? : True

====TEST CR(794, 123, 246)====
Is IST_0 spanning? : True
Is IST_1 spanning? : True
Is IST_2 spanning? : True
Is IST_3 spanning? : True
Is IST_4 spanning? : True
Is IST_5 spanning? : True
Are all ISTs independent? : True

====TEST CR(795, 123, 246)====
Is IST_0 spanning? : True
Is IST_1 spanning? : True
Is IST_2 spanning? : True
Is IST_3 spanning? : True
Is IST_4 spanning? : True
Is IST_5 spanning? : True
Are all ISTs independent? : True

====TEST CR(796, 123, 246)====
Is IST_0 spanning? : True
Is IST_1 spanning? : True
Is IST_2 spanning? : True
Is IST_3 spanning? : True
Is IST_4 spanning? : True
Is IST_5 spanning? : True
Are all ISTs independent? : True

====TEST CR(797, 123, 246)====
Is IST_0 spanning? : True
Is IST_1 spanning? : True
Is IST_2 spanning? : True
Is IST_3 spanning? : True
Is IST_4 spanning? : True
Is IST_5 spanning? : True
Are all ISTs independent? : True

====TEST CR(798, 123, 246)====
Is IST_0 spanning? : True
Is IST_1 spanning? : True
Is IST_2 spanning? : True
Is IST_3 spanning? : True
Is IST_4 spanning? : True
Is IST_5 spanning? : True
Are all ISTs independent? : True

====TEST CR(799, 123, 246)====
Is IST_0 spanning? : True
Is IST_1 spanning? : True
Is IST_2 spanning? : True
Is IST_3 spanning? : True
Is IST_4 spanning? : True
Is IST_5 spanning? : True
Are all ISTs independent? : True

====TEST CR(800, 123, 246)====
Is IST_0 spanning? : True
Is IST_1 spanning? : True
Is IST_2 spanning? : True
Is IST_3 spanning? : True
Is IST_4 spanning? : True
Is IST_5 spanning? : True
Are all ISTs independent? : True

====TEST CR(801, 123, 246)====
Is IST_0 spanning? : True
Is IST_1 spanning? : True
Is IST_2 spanning? : True
Is IST_3 spanning? : True
Is IST_4 spanning? : True
Is IST_5 spanning? : True
Are all ISTs independent? : True

====TEST CR(802, 123, 246)====
Is IST_0 spanning? : True
Is IST_1 spanning? : True
Is IST_2 spanning? : True
Is IST_3 spanning? : True
Is IST_4 spanning? : True
Is IST_5 spanning? : True
Are all ISTs independent? : True

====TEST CR(803, 123, 246)====
Is IST_0 spanning? : True
Is IST_1 spanning? : True
Is IST_2 spanning? : True
Is IST_3 spanning? : True
Is IST_4 spanning? : True
Is IST_5 spanning? : True
Are all ISTs independent? : True

====TEST CR(804, 123, 246)====
Is IST_0 spanning? : True
Is IST_1 spanning? : True
Is IST_2 spanning? : True
Is IST_3 spanning? : True
Is IST_4 spanning? : True
Is IST_5 spanning? : True
Are all ISTs independent? : True

====TEST CR(805, 123, 246)====
Is IST_0 spanning? : True
Is IST_1 spanning? : True
Is IST_2 spanning? : True
Is IST_3 spanning? : True
Is IST_4 spanning? : True
Is IST_5 spanning? : True
Are all ISTs independent? : True

====TEST CR(806, 123, 246)====
Is IST_0 spanning? : True
Is IST_1 spanning? : True
Is IST_2 spanning? : True
Is IST_3 spanning? : True
Is IST_4 spanning? : True
Is IST_5 spanning? : True
Are all ISTs independent? : True

====TEST CR(807, 123, 246)====
Is IST_0 spanning? : True
Is IST_1 spanning? : True
Is IST_2 spanning? : True
Is IST_3 spanning? : True
Is IST_4 spanning? : True
Is IST_5 spanning? : True
Are all ISTs independent? : True

====TEST CR(808, 123, 246)====
Is IST_0 spanning? : True
Is IST_1 spanning? : True
Is IST_2 spanning? : True
Is IST_3 spanning? : True
Is IST_4 spanning? : True
Is IST_5 spanning? : True
Are all ISTs independent? : True

====TEST CR(809, 123, 246)====
Is IST_0 spanning? : True
Is IST_1 spanning? : True
Is IST_2 spanning? : True
Is IST_3 spanning? : True
Is IST_4 spanning? : True
Is IST_5 spanning? : True
Are all ISTs independent? : True

====TEST CR(810, 123, 246)====
Is IST_0 spanning? : True
Is IST_1 spanning? : True
Is IST_2 spanning? : True
Is IST_3 spanning? : True
Is IST_4 spanning? : True
Is IST_5 spanning? : True
Are all ISTs independent? : True

====TEST CR(811, 123, 246)====
Is IST_0 spanning? : True
Is IST_1 spanning? : True
Is IST_2 spanning? : True
Is IST_3 spanning? : True
Is IST_4 spanning? : True
Is IST_5 spanning? : True
Are all ISTs independent? : True

====TEST CR(812, 123, 246)====
Is IST_0 spanning? : True
Is IST_1 spanning? : True
Is IST_2 spanning? : True
Is IST_3 spanning? : True
Is IST_4 spanning? : True
Is IST_5 spanning? : True
Are all ISTs independent? : True

====TEST CR(813, 123, 246)====
Is IST_0 spanning? : True
Is IST_1 spanning? : True
Is IST_2 spanning? : True
Is IST_3 spanning? : True
Is IST_4 spanning? : True
Is IST_5 spanning? : True
Are all ISTs independent? : True

====TEST CR(814, 123, 246)====
Is IST_0 spanning? : True
Is IST_1 spanning? : True
Is IST_2 spanning? : True
Is IST_3 spanning? : True
Is IST_4 spanning? : True
Is IST_5 spanning? : True
Are all ISTs independent? : True

====TEST CR(815, 123, 246)====
Is IST_0 spanning? : True
Is IST_1 spanning? : True
Is IST_2 spanning? : True
Is IST_3 spanning? : True
Is IST_4 spanning? : True
Is IST_5 spanning? : True
Are all ISTs independent? : True

====TEST CR(816, 123, 246)====
Is IST_0 spanning? : True
Is IST_1 spanning? : True
Is IST_2 spanning? : True
Is IST_3 spanning? : True
Is IST_4 spanning? : True
Is IST_5 spanning? : True
Are all ISTs independent? : True

====TEST CR(817, 123, 246)====
Is IST_0 spanning? : True
Is IST_1 spanning? : True
Is IST_2 spanning? : True
Is IST_3 spanning? : True
Is IST_4 spanning? : True
Is IST_5 spanning? : True
Are all ISTs independent? : True

====TEST CR(818, 123, 246)====
Is IST_0 spanning? : True
Is IST_1 spanning? : True
Is IST_2 spanning? : True
Is IST_3 spanning? : True
Is IST_4 spanning? : True
Is IST_5 spanning? : True
Are all ISTs independent? : True

====TEST CR(819, 123, 246)====
Is IST_0 spanning? : True
Is IST_1 spanning? : True
Is IST_2 spanning? : True
Is IST_3 spanning? : True
Is IST_4 spanning? : True
Is IST_5 spanning? : True
Are all ISTs independent? : True

====TEST CR(820, 123, 246)====
Is IST_0 spanning? : True
Is IST_1 spanning? : True
Is IST_2 spanning? : True
Is IST_3 spanning? : True
Is IST_4 spanning? : True
Is IST_5 spanning? : True
Are all ISTs independent? : True

====TEST CR(821, 123, 246)====
Is IST_0 spanning? : True
Is IST_1 spanning? : True
Is IST_2 spanning? : True
Is IST_3 spanning? : True
Is IST_4 spanning? : True
Is IST_5 spanning? : True
Are all ISTs independent? : True

====TEST CR(822, 123, 246)====
Is IST_0 spanning? : True
Is IST_1 spanning? : True
Is IST_2 spanning? : True
Is IST_3 spanning? : True
Is IST_4 spanning? : True
Is IST_5 spanning? : True
Are all ISTs independent? : True

====TEST CR(823, 123, 246)====
Is IST_0 spanning? : True
Is IST_1 spanning? : True
Is IST_2 spanning? : True
Is IST_3 spanning? : True
Is IST_4 spanning? : True
Is IST_5 spanning? : True
Are all ISTs independent? : True

====TEST CR(824, 123, 246)====
Is IST_0 spanning? : True
Is IST_1 spanning? : True
Is IST_2 spanning? : True
Is IST_3 spanning? : True
Is IST_4 spanning? : True
Is IST_5 spanning? : True
Are all ISTs independent? : True

====TEST CR(825, 123, 246)====
Is IST_0 spanning? : True
Is IST_1 spanning? : True
Is IST_2 spanning? : True
Is IST_3 spanning? : True
Is IST_4 spanning? : True
Is IST_5 spanning? : True
Are all ISTs independent? : True

====TEST CR(826, 123, 246)====
Is IST_0 spanning? : True
Is IST_1 spanning? : True
Is IST_2 spanning? : True
Is IST_3 spanning? : True
Is IST_4 spanning? : True
Is IST_5 spanning? : True
Are all ISTs independent? : True

====TEST CR(827, 123, 246)====
Is IST_0 spanning? : True
Is IST_1 spanning? : True
Is IST_2 spanning? : True
Is IST_3 spanning? : True
Is IST_4 spanning? : True
Is IST_5 spanning? : True
Are all ISTs independent? : True

====TEST CR(828, 123, 246)====
Is IST_0 spanning? : True
Is IST_1 spanning? : True
Is IST_2 spanning? : True
Is IST_3 spanning? : True
Is IST_4 spanning? : True
Is IST_5 spanning? : True
Are all ISTs independent? : True

====TEST CR(829, 123, 246)====
Is IST_0 spanning? : True
Is IST_1 spanning? : True
Is IST_2 spanning? : True
Is IST_3 spanning? : True
Is IST_4 spanning? : True
Is IST_5 spanning? : True
Are all ISTs independent? : True

====TEST CR(830, 123, 246)====
Is IST_0 spanning? : True
Is IST_1 spanning? : True
Is IST_2 spanning? : True
Is IST_3 spanning? : True
Is IST_4 spanning? : True
Is IST_5 spanning? : True
Are all ISTs independent? : True

====TEST CR(831, 123, 246)====
Is IST_0 spanning? : True
Is IST_1 spanning? : True
Is IST_2 spanning? : True
Is IST_3 spanning? : True
Is IST_4 spanning? : True
Is IST_5 spanning? : True
Are all ISTs independent? : True

====TEST CR(832, 123, 246)====
Is IST_0 spanning? : True
Is IST_1 spanning? : True
Is IST_2 spanning? : True
Is IST_3 spanning? : True
Is IST_4 spanning? : True
Is IST_5 spanning? : True
Are all ISTs independent? : True

====TEST CR(833, 123, 246)====
Is IST_0 spanning? : True
Is IST_1 spanning? : True
Is IST_2 spanning? : True
Is IST_3 spanning? : True
Is IST_4 spanning? : True
Is IST_5 spanning? : True
Are all ISTs independent? : True

====TEST CR(834, 123, 246)====
Is IST_0 spanning? : True
Is IST_1 spanning? : True
Is IST_2 spanning? : True
Is IST_3 spanning? : True
Is IST_4 spanning? : True
Is IST_5 spanning? : True
Are all ISTs independent? : True

====TEST CR(835, 123, 246)====
Is IST_0 spanning? : True
Is IST_1 spanning? : True
Is IST_2 spanning? : True
Is IST_3 spanning? : True
Is IST_4 spanning? : True
Is IST_5 spanning? : True
Are all ISTs independent? : True

====TEST CR(836, 123, 246)====
Is IST_0 spanning? : True
Is IST_1 spanning? : True
Is IST_2 spanning? : True
Is IST_3 spanning? : True
Is IST_4 spanning? : True
Is IST_5 spanning? : True
Are all ISTs independent? : True

====TEST CR(837, 123, 246)====
Is IST_0 spanning? : True
Is IST_1 spanning? : True
Is IST_2 spanning? : True
Is IST_3 spanning? : True
Is IST_4 spanning? : True
Is IST_5 spanning? : True
Are all ISTs independent? : True

====TEST CR(838, 123, 246)====
Is IST_0 spanning? : True
Is IST_1 spanning? : True
Is IST_2 spanning? : True
Is IST_3 spanning? : True
Is IST_4 spanning? : True
Is IST_5 spanning? : True
Are all ISTs independent? : True

====TEST CR(839, 123, 246)====
Is IST_0 spanning? : True
Is IST_1 spanning? : True
Is IST_2 spanning? : True
Is IST_3 spanning? : True
Is IST_4 spanning? : True
Is IST_5 spanning? : True
Are all ISTs independent? : True

====TEST CR(840, 123, 246)====
Is IST_0 spanning? : True
Is IST_1 spanning? : True
Is IST_2 spanning? : True
Is IST_3 spanning? : True
Is IST_4 spanning? : True
Is IST_5 spanning? : True
Are all ISTs independent? : True

====TEST CR(841, 123, 246)====
Is IST_0 spanning? : True
Is IST_1 spanning? : True
Is IST_2 spanning? : True
Is IST_3 spanning? : True
Is IST_4 spanning? : True
Is IST_5 spanning? : True
Are all ISTs independent? : True

====TEST CR(842, 123, 246)====
Is IST_0 spanning? : True
Is IST_1 spanning? : True
Is IST_2 spanning? : True
Is IST_3 spanning? : True
Is IST_4 spanning? : True
Is IST_5 spanning? : True
Are all ISTs independent? : True

====TEST CR(843, 123, 246)====
Is IST_0 spanning? : True
Is IST_1 spanning? : True
Is IST_2 spanning? : True
Is IST_3 spanning? : True
Is IST_4 spanning? : True
Is IST_5 spanning? : True
Are all ISTs independent? : True

====TEST CR(844, 123, 246)====
Is IST_0 spanning? : True
Is IST_1 spanning? : True
Is IST_2 spanning? : True
Is IST_3 spanning? : True
Is IST_4 spanning? : True
Is IST_5 spanning? : True
Are all ISTs independent? : True

====TEST CR(845, 123, 246)====
Is IST_0 spanning? : True
Is IST_1 spanning? : True
Is IST_2 spanning? : True
Is IST_3 spanning? : True
Is IST_4 spanning? : True
Is IST_5 spanning? : True
Are all ISTs independent? : True

====TEST CR(846, 123, 246)====
Is IST_0 spanning? : True
Is IST_1 spanning? : True
Is IST_2 spanning? : True
Is IST_3 spanning? : True
Is IST_4 spanning? : True
Is IST_5 spanning? : True
Are all ISTs independent? : True

====TEST CR(847, 123, 246)====
Is IST_0 spanning? : True
Is IST_1 spanning? : True
Is IST_2 spanning? : True
Is IST_3 spanning? : True
Is IST_4 spanning? : True
Is IST_5 spanning? : True
Are all ISTs independent? : True

====TEST CR(848, 123, 246)====
Is IST_0 spanning? : True
Is IST_1 spanning? : True
Is IST_2 spanning? : True
Is IST_3 spanning? : True
Is IST_4 spanning? : True
Is IST_5 spanning? : True
Are all ISTs independent? : True

====TEST CR(849, 123, 246)====
Is IST_0 spanning? : True
Is IST_1 spanning? : True
Is IST_2 spanning? : True
Is IST_3 spanning? : True
Is IST_4 spanning? : True
Is IST_5 spanning? : True
Are all ISTs independent? : True

====TEST CR(850, 123, 246)====
Is IST_0 spanning? : True
Is IST_1 spanning? : True
Is IST_2 spanning? : True
Is IST_3 spanning? : True
Is IST_4 spanning? : True
Is IST_5 spanning? : True
Are all ISTs independent? : True

====TEST CR(851, 123, 246)====
Is IST_0 spanning? : True
Is IST_1 spanning? : True
Is IST_2 spanning? : True
Is IST_3 spanning? : True
Is IST_4 spanning? : True
Is IST_5 spanning? : True
Are all ISTs independent? : True

====TEST CR(852, 123, 246)====
Is IST_0 spanning? : True
Is IST_1 spanning? : True
Is IST_2 spanning? : True
Is IST_3 spanning? : True
Is IST_4 spanning? : True
Is IST_5 spanning? : True
Are all ISTs independent? : True

====TEST CR(853, 123, 246)====
Is IST_0 spanning? : True
Is IST_1 spanning? : True
Is IST_2 spanning? : True
Is IST_3 spanning? : True
Is IST_4 spanning? : True
Is IST_5 spanning? : True
Are all ISTs independent? : True

====TEST CR(854, 123, 246)====
Is IST_0 spanning? : True
Is IST_1 spanning? : True
Is IST_2 spanning? : True
Is IST_3 spanning? : True
Is IST_4 spanning? : True
Is IST_5 spanning? : True
Are all ISTs independent? : True

====TEST CR(855, 123, 246)====
Is IST_0 spanning? : True
Is IST_1 spanning? : True
Is IST_2 spanning? : True
Is IST_3 spanning? : True
Is IST_4 spanning? : True
Is IST_5 spanning? : True
Are all ISTs independent? : True

====TEST CR(856, 123, 246)====
Is IST_0 spanning? : True
Is IST_1 spanning? : True
Is IST_2 spanning? : True
Is IST_3 spanning? : True
Is IST_4 spanning? : True
Is IST_5 spanning? : True
Are all ISTs independent? : True

====TEST CR(857, 123, 246)====
Is IST_0 spanning? : True
Is IST_1 spanning? : True
Is IST_2 spanning? : True
Is IST_3 spanning? : True
Is IST_4 spanning? : True
Is IST_5 spanning? : True
Are all ISTs independent? : True

====TEST CR(858, 123, 246)====
Is IST_0 spanning? : True
Is IST_1 spanning? : True
Is IST_2 spanning? : True
Is IST_3 spanning? : True
Is IST_4 spanning? : True
Is IST_5 spanning? : True
Are all ISTs independent? : True

====TEST CR(859, 123, 246)====
Is IST_0 spanning? : True
Is IST_1 spanning? : True
Is IST_2 spanning? : True
Is IST_3 spanning? : True
Is IST_4 spanning? : True
Is IST_5 spanning? : True
Are all ISTs independent? : True

====TEST CR(860, 123, 246)====
Is IST_0 spanning? : True
Is IST_1 spanning? : True
Is IST_2 spanning? : True
Is IST_3 spanning? : True
Is IST_4 spanning? : True
Is IST_5 spanning? : True
Are all ISTs independent? : True

====TEST CR(861, 123, 246)====
Is IST_0 spanning? : True
Is IST_1 spanning? : True
Is IST_2 spanning? : True
Is IST_3 spanning? : True
Is IST_4 spanning? : True
Is IST_5 spanning? : True
Are all ISTs independent? : True

====TEST CR(862, 123, 246)====
Is IST_0 spanning? : True
Is IST_1 spanning? : True
Is IST_2 spanning? : True
Is IST_3 spanning? : True
Is IST_4 spanning? : True
Is IST_5 spanning? : True
Are all ISTs independent? : True

====TEST CR(863, 123, 246)====
Is IST_0 spanning? : True
Is IST_1 spanning? : True
Is IST_2 spanning? : True
Is IST_3 spanning? : True
Is IST_4 spanning? : True
Is IST_5 spanning? : True
Are all ISTs independent? : True

====TEST CR(864, 123, 246)====
Is IST_0 spanning? : True
Is IST_1 spanning? : True
Is IST_2 spanning? : True
Is IST_3 spanning? : True
Is IST_4 spanning? : True
Is IST_5 spanning? : True
Are all ISTs independent? : True

====TEST CR(865, 123, 246)====
Is IST_0 spanning? : True
Is IST_1 spanning? : True
Is IST_2 spanning? : True
Is IST_3 spanning? : True
Is IST_4 spanning? : True
Is IST_5 spanning? : True
Are all ISTs independent? : True

====TEST CR(866, 123, 246)====
Is IST_0 spanning? : True
Is IST_1 spanning? : True
Is IST_2 spanning? : True
Is IST_3 spanning? : True
Is IST_4 spanning? : True
Is IST_5 spanning? : True
Are all ISTs independent? : True

====TEST CR(744, 124, 248)====
Is IST_0 spanning? : True
Is IST_1 spanning? : True
Is IST_2 spanning? : True
Is IST_3 spanning? : True
Is IST_4 spanning? : True
Is IST_5 spanning? : True
Are all ISTs independent? : True

====TEST CR(745, 124, 248)====
Is IST_0 spanning? : True
Is IST_1 spanning? : True
Is IST_2 spanning? : True
Is IST_3 spanning? : True
Is IST_4 spanning? : True
Is IST_5 spanning? : True
Are all ISTs independent? : True

====TEST CR(746, 124, 248)====
Is IST_0 spanning? : True
Is IST_1 spanning? : True
Is IST_2 spanning? : True
Is IST_3 spanning? : True
Is IST_4 spanning? : True
Is IST_5 spanning? : True
Are all ISTs independent? : True

====TEST CR(747, 124, 248)====
Is IST_0 spanning? : True
Is IST_1 spanning? : True
Is IST_2 spanning? : True
Is IST_3 spanning? : True
Is IST_4 spanning? : True
Is IST_5 spanning? : True
Are all ISTs independent? : True

====TEST CR(748, 124, 248)====
Is IST_0 spanning? : True
Is IST_1 spanning? : True
Is IST_2 spanning? : True
Is IST_3 spanning? : True
Is IST_4 spanning? : True
Is IST_5 spanning? : True
Are all ISTs independent? : True

====TEST CR(749, 124, 248)====
Is IST_0 spanning? : True
Is IST_1 spanning? : True
Is IST_2 spanning? : True
Is IST_3 spanning? : True
Is IST_4 spanning? : True
Is IST_5 spanning? : True
Are all ISTs independent? : True

====TEST CR(750, 124, 248)====
Is IST_0 spanning? : True
Is IST_1 spanning? : True
Is IST_2 spanning? : True
Is IST_3 spanning? : True
Is IST_4 spanning? : True
Is IST_5 spanning? : True
Are all ISTs independent? : True

====TEST CR(751, 124, 248)====
Is IST_0 spanning? : True
Is IST_1 spanning? : True
Is IST_2 spanning? : True
Is IST_3 spanning? : True
Is IST_4 spanning? : True
Is IST_5 spanning? : True
Are all ISTs independent? : True

====TEST CR(752, 124, 248)====
Is IST_0 spanning? : True
Is IST_1 spanning? : True
Is IST_2 spanning? : True
Is IST_3 spanning? : True
Is IST_4 spanning? : True
Is IST_5 spanning? : True
Are all ISTs independent? : True

====TEST CR(753, 124, 248)====
Is IST_0 spanning? : True
Is IST_1 spanning? : True
Is IST_2 spanning? : True
Is IST_3 spanning? : True
Is IST_4 spanning? : True
Is IST_5 spanning? : True
Are all ISTs independent? : True

====TEST CR(754, 124, 248)====
Is IST_0 spanning? : True
Is IST_1 spanning? : True
Is IST_2 spanning? : True
Is IST_3 spanning? : True
Is IST_4 spanning? : True
Is IST_5 spanning? : True
Are all ISTs independent? : True

====TEST CR(755, 124, 248)====
Is IST_0 spanning? : True
Is IST_1 spanning? : True
Is IST_2 spanning? : True
Is IST_3 spanning? : True
Is IST_4 spanning? : True
Is IST_5 spanning? : True
Are all ISTs independent? : True

====TEST CR(756, 124, 248)====
Is IST_0 spanning? : True
Is IST_1 spanning? : True
Is IST_2 spanning? : True
Is IST_3 spanning? : True
Is IST_4 spanning? : True
Is IST_5 spanning? : True
Are all ISTs independent? : True

====TEST CR(757, 124, 248)====
Is IST_0 spanning? : True
Is IST_1 spanning? : True
Is IST_2 spanning? : True
Is IST_3 spanning? : True
Is IST_4 spanning? : True
Is IST_5 spanning? : True
Are all ISTs independent? : True

====TEST CR(758, 124, 248)====
Is IST_0 spanning? : True
Is IST_1 spanning? : True
Is IST_2 spanning? : True
Is IST_3 spanning? : True
Is IST_4 spanning? : True
Is IST_5 spanning? : True
Are all ISTs independent? : True

====TEST CR(759, 124, 248)====
Is IST_0 spanning? : True
Is IST_1 spanning? : True
Is IST_2 spanning? : True
Is IST_3 spanning? : True
Is IST_4 spanning? : True
Is IST_5 spanning? : True
Are all ISTs independent? : True

====TEST CR(760, 124, 248)====
Is IST_0 spanning? : True
Is IST_1 spanning? : True
Is IST_2 spanning? : True
Is IST_3 spanning? : True
Is IST_4 spanning? : True
Is IST_5 spanning? : True
Are all ISTs independent? : True

====TEST CR(761, 124, 248)====
Is IST_0 spanning? : True
Is IST_1 spanning? : True
Is IST_2 spanning? : True
Is IST_3 spanning? : True
Is IST_4 spanning? : True
Is IST_5 spanning? : True
Are all ISTs independent? : True

====TEST CR(762, 124, 248)====
Is IST_0 spanning? : True
Is IST_1 spanning? : True
Is IST_2 spanning? : True
Is IST_3 spanning? : True
Is IST_4 spanning? : True
Is IST_5 spanning? : True
Are all ISTs independent? : True

====TEST CR(763, 124, 248)====
Is IST_0 spanning? : True
Is IST_1 spanning? : True
Is IST_2 spanning? : True
Is IST_3 spanning? : True
Is IST_4 spanning? : True
Is IST_5 spanning? : True
Are all ISTs independent? : True

====TEST CR(764, 124, 248)====
Is IST_0 spanning? : True
Is IST_1 spanning? : True
Is IST_2 spanning? : True
Is IST_3 spanning? : True
Is IST_4 spanning? : True
Is IST_5 spanning? : True
Are all ISTs independent? : True

====TEST CR(765, 124, 248)====
Is IST_0 spanning? : True
Is IST_1 spanning? : True
Is IST_2 spanning? : True
Is IST_3 spanning? : True
Is IST_4 spanning? : True
Is IST_5 spanning? : True
Are all ISTs independent? : True

====TEST CR(766, 124, 248)====
Is IST_0 spanning? : True
Is IST_1 spanning? : True
Is IST_2 spanning? : True
Is IST_3 spanning? : True
Is IST_4 spanning? : True
Is IST_5 spanning? : True
Are all ISTs independent? : True

====TEST CR(767, 124, 248)====
Is IST_0 spanning? : True
Is IST_1 spanning? : True
Is IST_2 spanning? : True
Is IST_3 spanning? : True
Is IST_4 spanning? : True
Is IST_5 spanning? : True
Are all ISTs independent? : True

====TEST CR(768, 124, 248)====
Is IST_0 spanning? : True
Is IST_1 spanning? : True
Is IST_2 spanning? : True
Is IST_3 spanning? : True
Is IST_4 spanning? : True
Is IST_5 spanning? : True
Are all ISTs independent? : True

====TEST CR(769, 124, 248)====
Is IST_0 spanning? : True
Is IST_1 spanning? : True
Is IST_2 spanning? : True
Is IST_3 spanning? : True
Is IST_4 spanning? : True
Is IST_5 spanning? : True
Are all ISTs independent? : True

====TEST CR(770, 124, 248)====
Is IST_0 spanning? : True
Is IST_1 spanning? : True
Is IST_2 spanning? : True
Is IST_3 spanning? : True
Is IST_4 spanning? : True
Is IST_5 spanning? : True
Are all ISTs independent? : True

====TEST CR(771, 124, 248)====
Is IST_0 spanning? : True
Is IST_1 spanning? : True
Is IST_2 spanning? : True
Is IST_3 spanning? : True
Is IST_4 spanning? : True
Is IST_5 spanning? : True
Are all ISTs independent? : True

====TEST CR(772, 124, 248)====
Is IST_0 spanning? : True
Is IST_1 spanning? : True
Is IST_2 spanning? : True
Is IST_3 spanning? : True
Is IST_4 spanning? : True
Is IST_5 spanning? : True
Are all ISTs independent? : True

====TEST CR(773, 124, 248)====
Is IST_0 spanning? : True
Is IST_1 spanning? : True
Is IST_2 spanning? : True
Is IST_3 spanning? : True
Is IST_4 spanning? : True
Is IST_5 spanning? : True
Are all ISTs independent? : True

====TEST CR(774, 124, 248)====
Is IST_0 spanning? : True
Is IST_1 spanning? : True
Is IST_2 spanning? : True
Is IST_3 spanning? : True
Is IST_4 spanning? : True
Is IST_5 spanning? : True
Are all ISTs independent? : True

====TEST CR(775, 124, 248)====
Is IST_0 spanning? : True
Is IST_1 spanning? : True
Is IST_2 spanning? : True
Is IST_3 spanning? : True
Is IST_4 spanning? : True
Is IST_5 spanning? : True
Are all ISTs independent? : True

====TEST CR(776, 124, 248)====
Is IST_0 spanning? : True
Is IST_1 spanning? : True
Is IST_2 spanning? : True
Is IST_3 spanning? : True
Is IST_4 spanning? : True
Is IST_5 spanning? : True
Are all ISTs independent? : True

====TEST CR(777, 124, 248)====
Is IST_0 spanning? : True
Is IST_1 spanning? : True
Is IST_2 spanning? : True
Is IST_3 spanning? : True
Is IST_4 spanning? : True
Is IST_5 spanning? : True
Are all ISTs independent? : True

====TEST CR(778, 124, 248)====
Is IST_0 spanning? : True
Is IST_1 spanning? : True
Is IST_2 spanning? : True
Is IST_3 spanning? : True
Is IST_4 spanning? : True
Is IST_5 spanning? : True
Are all ISTs independent? : True

====TEST CR(779, 124, 248)====
Is IST_0 spanning? : True
Is IST_1 spanning? : True
Is IST_2 spanning? : True
Is IST_3 spanning? : True
Is IST_4 spanning? : True
Is IST_5 spanning? : True
Are all ISTs independent? : True

====TEST CR(780, 124, 248)====
Is IST_0 spanning? : True
Is IST_1 spanning? : True
Is IST_2 spanning? : True
Is IST_3 spanning? : True
Is IST_4 spanning? : True
Is IST_5 spanning? : True
Are all ISTs independent? : True

====TEST CR(781, 124, 248)====
Is IST_0 spanning? : True
Is IST_1 spanning? : True
Is IST_2 spanning? : True
Is IST_3 spanning? : True
Is IST_4 spanning? : True
Is IST_5 spanning? : True
Are all ISTs independent? : True

====TEST CR(782, 124, 248)====
Is IST_0 spanning? : True
Is IST_1 spanning? : True
Is IST_2 spanning? : True
Is IST_3 spanning? : True
Is IST_4 spanning? : True
Is IST_5 spanning? : True
Are all ISTs independent? : True

====TEST CR(783, 124, 248)====
Is IST_0 spanning? : True
Is IST_1 spanning? : True
Is IST_2 spanning? : True
Is IST_3 spanning? : True
Is IST_4 spanning? : True
Is IST_5 spanning? : True
Are all ISTs independent? : True

====TEST CR(784, 124, 248)====
Is IST_0 spanning? : True
Is IST_1 spanning? : True
Is IST_2 spanning? : True
Is IST_3 spanning? : True
Is IST_4 spanning? : True
Is IST_5 spanning? : True
Are all ISTs independent? : True

====TEST CR(785, 124, 248)====
Is IST_0 spanning? : True
Is IST_1 spanning? : True
Is IST_2 spanning? : True
Is IST_3 spanning? : True
Is IST_4 spanning? : True
Is IST_5 spanning? : True
Are all ISTs independent? : True

====TEST CR(786, 124, 248)====
Is IST_0 spanning? : True
Is IST_1 spanning? : True
Is IST_2 spanning? : True
Is IST_3 spanning? : True
Is IST_4 spanning? : True
Is IST_5 spanning? : True
Are all ISTs independent? : True

====TEST CR(787, 124, 248)====
Is IST_0 spanning? : True
Is IST_1 spanning? : True
Is IST_2 spanning? : True
Is IST_3 spanning? : True
Is IST_4 spanning? : True
Is IST_5 spanning? : True
Are all ISTs independent? : True

====TEST CR(788, 124, 248)====
Is IST_0 spanning? : True
Is IST_1 spanning? : True
Is IST_2 spanning? : True
Is IST_3 spanning? : True
Is IST_4 spanning? : True
Is IST_5 spanning? : True
Are all ISTs independent? : True

====TEST CR(789, 124, 248)====
Is IST_0 spanning? : True
Is IST_1 spanning? : True
Is IST_2 spanning? : True
Is IST_3 spanning? : True
Is IST_4 spanning? : True
Is IST_5 spanning? : True
Are all ISTs independent? : True

====TEST CR(790, 124, 248)====
Is IST_0 spanning? : True
Is IST_1 spanning? : True
Is IST_2 spanning? : True
Is IST_3 spanning? : True
Is IST_4 spanning? : True
Is IST_5 spanning? : True
Are all ISTs independent? : True

====TEST CR(791, 124, 248)====
Is IST_0 spanning? : True
Is IST_1 spanning? : True
Is IST_2 spanning? : True
Is IST_3 spanning? : True
Is IST_4 spanning? : True
Is IST_5 spanning? : True
Are all ISTs independent? : True

====TEST CR(792, 124, 248)====
Is IST_0 spanning? : True
Is IST_1 spanning? : True
Is IST_2 spanning? : True
Is IST_3 spanning? : True
Is IST_4 spanning? : True
Is IST_5 spanning? : True
Are all ISTs independent? : True

====TEST CR(793, 124, 248)====
Is IST_0 spanning? : True
Is IST_1 spanning? : True
Is IST_2 spanning? : True
Is IST_3 spanning? : True
Is IST_4 spanning? : True
Is IST_5 spanning? : True
Are all ISTs independent? : True

====TEST CR(794, 124, 248)====
Is IST_0 spanning? : True
Is IST_1 spanning? : True
Is IST_2 spanning? : True
Is IST_3 spanning? : True
Is IST_4 spanning? : True
Is IST_5 spanning? : True
Are all ISTs independent? : True

====TEST CR(795, 124, 248)====
Is IST_0 spanning? : True
Is IST_1 spanning? : True
Is IST_2 spanning? : True
Is IST_3 spanning? : True
Is IST_4 spanning? : True
Is IST_5 spanning? : True
Are all ISTs independent? : True

====TEST CR(796, 124, 248)====
Is IST_0 spanning? : True
Is IST_1 spanning? : True
Is IST_2 spanning? : True
Is IST_3 spanning? : True
Is IST_4 spanning? : True
Is IST_5 spanning? : True
Are all ISTs independent? : True

====TEST CR(797, 124, 248)====
Is IST_0 spanning? : True
Is IST_1 spanning? : True
Is IST_2 spanning? : True
Is IST_3 spanning? : True
Is IST_4 spanning? : True
Is IST_5 spanning? : True
Are all ISTs independent? : True

====TEST CR(798, 124, 248)====
Is IST_0 spanning? : True
Is IST_1 spanning? : True
Is IST_2 spanning? : True
Is IST_3 spanning? : True
Is IST_4 spanning? : True
Is IST_5 spanning? : True
Are all ISTs independent? : True

====TEST CR(799, 124, 248)====
Is IST_0 spanning? : True
Is IST_1 spanning? : True
Is IST_2 spanning? : True
Is IST_3 spanning? : True
Is IST_4 spanning? : True
Is IST_5 spanning? : True
Are all ISTs independent? : True

====TEST CR(800, 124, 248)====
Is IST_0 spanning? : True
Is IST_1 spanning? : True
Is IST_2 spanning? : True
Is IST_3 spanning? : True
Is IST_4 spanning? : True
Is IST_5 spanning? : True
Are all ISTs independent? : True

====TEST CR(801, 124, 248)====
Is IST_0 spanning? : True
Is IST_1 spanning? : True
Is IST_2 spanning? : True
Is IST_3 spanning? : True
Is IST_4 spanning? : True
Is IST_5 spanning? : True
Are all ISTs independent? : True

====TEST CR(802, 124, 248)====
Is IST_0 spanning? : True
Is IST_1 spanning? : True
Is IST_2 spanning? : True
Is IST_3 spanning? : True
Is IST_4 spanning? : True
Is IST_5 spanning? : True
Are all ISTs independent? : True

====TEST CR(803, 124, 248)====
Is IST_0 spanning? : True
Is IST_1 spanning? : True
Is IST_2 spanning? : True
Is IST_3 spanning? : True
Is IST_4 spanning? : True
Is IST_5 spanning? : True
Are all ISTs independent? : True

====TEST CR(804, 124, 248)====
Is IST_0 spanning? : True
Is IST_1 spanning? : True
Is IST_2 spanning? : True
Is IST_3 spanning? : True
Is IST_4 spanning? : True
Is IST_5 spanning? : True
Are all ISTs independent? : True

====TEST CR(805, 124, 248)====
Is IST_0 spanning? : True
Is IST_1 spanning? : True
Is IST_2 spanning? : True
Is IST_3 spanning? : True
Is IST_4 spanning? : True
Is IST_5 spanning? : True
Are all ISTs independent? : True

====TEST CR(806, 124, 248)====
Is IST_0 spanning? : True
Is IST_1 spanning? : True
Is IST_2 spanning? : True
Is IST_3 spanning? : True
Is IST_4 spanning? : True
Is IST_5 spanning? : True
Are all ISTs independent? : True

====TEST CR(807, 124, 248)====
Is IST_0 spanning? : True
Is IST_1 spanning? : True
Is IST_2 spanning? : True
Is IST_3 spanning? : True
Is IST_4 spanning? : True
Is IST_5 spanning? : True
Are all ISTs independent? : True

====TEST CR(808, 124, 248)====
Is IST_0 spanning? : True
Is IST_1 spanning? : True
Is IST_2 spanning? : True
Is IST_3 spanning? : True
Is IST_4 spanning? : True
Is IST_5 spanning? : True
Are all ISTs independent? : True

====TEST CR(809, 124, 248)====
Is IST_0 spanning? : True
Is IST_1 spanning? : True
Is IST_2 spanning? : True
Is IST_3 spanning? : True
Is IST_4 spanning? : True
Is IST_5 spanning? : True
Are all ISTs independent? : True

====TEST CR(810, 124, 248)====
Is IST_0 spanning? : True
Is IST_1 spanning? : True
Is IST_2 spanning? : True
Is IST_3 spanning? : True
Is IST_4 spanning? : True
Is IST_5 spanning? : True
Are all ISTs independent? : True

====TEST CR(811, 124, 248)====
Is IST_0 spanning? : True
Is IST_1 spanning? : True
Is IST_2 spanning? : True
Is IST_3 spanning? : True
Is IST_4 spanning? : True
Is IST_5 spanning? : True
Are all ISTs independent? : True

====TEST CR(812, 124, 248)====
Is IST_0 spanning? : True
Is IST_1 spanning? : True
Is IST_2 spanning? : True
Is IST_3 spanning? : True
Is IST_4 spanning? : True
Is IST_5 spanning? : True
Are all ISTs independent? : True

====TEST CR(813, 124, 248)====
Is IST_0 spanning? : True
Is IST_1 spanning? : True
Is IST_2 spanning? : True
Is IST_3 spanning? : True
Is IST_4 spanning? : True
Is IST_5 spanning? : True
Are all ISTs independent? : True

====TEST CR(814, 124, 248)====
Is IST_0 spanning? : True
Is IST_1 spanning? : True
Is IST_2 spanning? : True
Is IST_3 spanning? : True
Is IST_4 spanning? : True
Is IST_5 spanning? : True
Are all ISTs independent? : True

====TEST CR(815, 124, 248)====
Is IST_0 spanning? : True
Is IST_1 spanning? : True
Is IST_2 spanning? : True
Is IST_3 spanning? : True
Is IST_4 spanning? : True
Is IST_5 spanning? : True
Are all ISTs independent? : True

====TEST CR(816, 124, 248)====
Is IST_0 spanning? : True
Is IST_1 spanning? : True
Is IST_2 spanning? : True
Is IST_3 spanning? : True
Is IST_4 spanning? : True
Is IST_5 spanning? : True
Are all ISTs independent? : True

====TEST CR(817, 124, 248)====
Is IST_0 spanning? : True
Is IST_1 spanning? : True
Is IST_2 spanning? : True
Is IST_3 spanning? : True
Is IST_4 spanning? : True
Is IST_5 spanning? : True
Are all ISTs independent? : True

====TEST CR(818, 124, 248)====
Is IST_0 spanning? : True
Is IST_1 spanning? : True
Is IST_2 spanning? : True
Is IST_3 spanning? : True
Is IST_4 spanning? : True
Is IST_5 spanning? : True
Are all ISTs independent? : True

====TEST CR(819, 124, 248)====
Is IST_0 spanning? : True
Is IST_1 spanning? : True
Is IST_2 spanning? : True
Is IST_3 spanning? : True
Is IST_4 spanning? : True
Is IST_5 spanning? : True
Are all ISTs independent? : True

====TEST CR(820, 124, 248)====
Is IST_0 spanning? : True
Is IST_1 spanning? : True
Is IST_2 spanning? : True
Is IST_3 spanning? : True
Is IST_4 spanning? : True
Is IST_5 spanning? : True
Are all ISTs independent? : True

====TEST CR(821, 124, 248)====
Is IST_0 spanning? : True
Is IST_1 spanning? : True
Is IST_2 spanning? : True
Is IST_3 spanning? : True
Is IST_4 spanning? : True
Is IST_5 spanning? : True
Are all ISTs independent? : True

====TEST CR(822, 124, 248)====
Is IST_0 spanning? : True
Is IST_1 spanning? : True
Is IST_2 spanning? : True
Is IST_3 spanning? : True
Is IST_4 spanning? : True
Is IST_5 spanning? : True
Are all ISTs independent? : True

====TEST CR(823, 124, 248)====
Is IST_0 spanning? : True
Is IST_1 spanning? : True
Is IST_2 spanning? : True
Is IST_3 spanning? : True
Is IST_4 spanning? : True
Is IST_5 spanning? : True
Are all ISTs independent? : True

====TEST CR(824, 124, 248)====
Is IST_0 spanning? : True
Is IST_1 spanning? : True
Is IST_2 spanning? : True
Is IST_3 spanning? : True
Is IST_4 spanning? : True
Is IST_5 spanning? : True
Are all ISTs independent? : True

====TEST CR(825, 124, 248)====
Is IST_0 spanning? : True
Is IST_1 spanning? : True
Is IST_2 spanning? : True
Is IST_3 spanning? : True
Is IST_4 spanning? : True
Is IST_5 spanning? : True
Are all ISTs independent? : True

====TEST CR(826, 124, 248)====
Is IST_0 spanning? : True
Is IST_1 spanning? : True
Is IST_2 spanning? : True
Is IST_3 spanning? : True
Is IST_4 spanning? : True
Is IST_5 spanning? : True
Are all ISTs independent? : True

====TEST CR(827, 124, 248)====
Is IST_0 spanning? : True
Is IST_1 spanning? : True
Is IST_2 spanning? : True
Is IST_3 spanning? : True
Is IST_4 spanning? : True
Is IST_5 spanning? : True
Are all ISTs independent? : True

====TEST CR(828, 124, 248)====
Is IST_0 spanning? : True
Is IST_1 spanning? : True
Is IST_2 spanning? : True
Is IST_3 spanning? : True
Is IST_4 spanning? : True
Is IST_5 spanning? : True
Are all ISTs independent? : True

====TEST CR(829, 124, 248)====
Is IST_0 spanning? : True
Is IST_1 spanning? : True
Is IST_2 spanning? : True
Is IST_3 spanning? : True
Is IST_4 spanning? : True
Is IST_5 spanning? : True
Are all ISTs independent? : True

====TEST CR(830, 124, 248)====
Is IST_0 spanning? : True
Is IST_1 spanning? : True
Is IST_2 spanning? : True
Is IST_3 spanning? : True
Is IST_4 spanning? : True
Is IST_5 spanning? : True
Are all ISTs independent? : True

====TEST CR(831, 124, 248)====
Is IST_0 spanning? : True
Is IST_1 spanning? : True
Is IST_2 spanning? : True
Is IST_3 spanning? : True
Is IST_4 spanning? : True
Is IST_5 spanning? : True
Are all ISTs independent? : True

====TEST CR(832, 124, 248)====
Is IST_0 spanning? : True
Is IST_1 spanning? : True
Is IST_2 spanning? : True
Is IST_3 spanning? : True
Is IST_4 spanning? : True
Is IST_5 spanning? : True
Are all ISTs independent? : True

====TEST CR(833, 124, 248)====
Is IST_0 spanning? : True
Is IST_1 spanning? : True
Is IST_2 spanning? : True
Is IST_3 spanning? : True
Is IST_4 spanning? : True
Is IST_5 spanning? : True
Are all ISTs independent? : True

====TEST CR(834, 124, 248)====
Is IST_0 spanning? : True
Is IST_1 spanning? : True
Is IST_2 spanning? : True
Is IST_3 spanning? : True
Is IST_4 spanning? : True
Is IST_5 spanning? : True
Are all ISTs independent? : True

====TEST CR(835, 124, 248)====
Is IST_0 spanning? : True
Is IST_1 spanning? : True
Is IST_2 spanning? : True
Is IST_3 spanning? : True
Is IST_4 spanning? : True
Is IST_5 spanning? : True
Are all ISTs independent? : True

====TEST CR(836, 124, 248)====
Is IST_0 spanning? : True
Is IST_1 spanning? : True
Is IST_2 spanning? : True
Is IST_3 spanning? : True
Is IST_4 spanning? : True
Is IST_5 spanning? : True
Are all ISTs independent? : True

====TEST CR(837, 124, 248)====
Is IST_0 spanning? : True
Is IST_1 spanning? : True
Is IST_2 spanning? : True
Is IST_3 spanning? : True
Is IST_4 spanning? : True
Is IST_5 spanning? : True
Are all ISTs independent? : True

====TEST CR(838, 124, 248)====
Is IST_0 spanning? : True
Is IST_1 spanning? : True
Is IST_2 spanning? : True
Is IST_3 spanning? : True
Is IST_4 spanning? : True
Is IST_5 spanning? : True
Are all ISTs independent? : True

====TEST CR(839, 124, 248)====
Is IST_0 spanning? : True
Is IST_1 spanning? : True
Is IST_2 spanning? : True
Is IST_3 spanning? : True
Is IST_4 spanning? : True
Is IST_5 spanning? : True
Are all ISTs independent? : True

====TEST CR(840, 124, 248)====
Is IST_0 spanning? : True
Is IST_1 spanning? : True
Is IST_2 spanning? : True
Is IST_3 spanning? : True
Is IST_4 spanning? : True
Is IST_5 spanning? : True
Are all ISTs independent? : True

====TEST CR(841, 124, 248)====
Is IST_0 spanning? : True
Is IST_1 spanning? : True
Is IST_2 spanning? : True
Is IST_3 spanning? : True
Is IST_4 spanning? : True
Is IST_5 spanning? : True
Are all ISTs independent? : True

====TEST CR(842, 124, 248)====
Is IST_0 spanning? : True
Is IST_1 spanning? : True
Is IST_2 spanning? : True
Is IST_3 spanning? : True
Is IST_4 spanning? : True
Is IST_5 spanning? : True
Are all ISTs independent? : True

====TEST CR(843, 124, 248)====
Is IST_0 spanning? : True
Is IST_1 spanning? : True
Is IST_2 spanning? : True
Is IST_3 spanning? : True
Is IST_4 spanning? : True
Is IST_5 spanning? : True
Are all ISTs independent? : True

====TEST CR(844, 124, 248)====
Is IST_0 spanning? : True
Is IST_1 spanning? : True
Is IST_2 spanning? : True
Is IST_3 spanning? : True
Is IST_4 spanning? : True
Is IST_5 spanning? : True
Are all ISTs independent? : True

====TEST CR(845, 124, 248)====
Is IST_0 spanning? : True
Is IST_1 spanning? : True
Is IST_2 spanning? : True
Is IST_3 spanning? : True
Is IST_4 spanning? : True
Is IST_5 spanning? : True
Are all ISTs independent? : True

====TEST CR(846, 124, 248)====
Is IST_0 spanning? : True
Is IST_1 spanning? : True
Is IST_2 spanning? : True
Is IST_3 spanning? : True
Is IST_4 spanning? : True
Is IST_5 spanning? : True
Are all ISTs independent? : True

====TEST CR(847, 124, 248)====
Is IST_0 spanning? : True
Is IST_1 spanning? : True
Is IST_2 spanning? : True
Is IST_3 spanning? : True
Is IST_4 spanning? : True
Is IST_5 spanning? : True
Are all ISTs independent? : True

====TEST CR(848, 124, 248)====
Is IST_0 spanning? : True
Is IST_1 spanning? : True
Is IST_2 spanning? : True
Is IST_3 spanning? : True
Is IST_4 spanning? : True
Is IST_5 spanning? : True
Are all ISTs independent? : True

====TEST CR(849, 124, 248)====
Is IST_0 spanning? : True
Is IST_1 spanning? : True
Is IST_2 spanning? : True
Is IST_3 spanning? : True
Is IST_4 spanning? : True
Is IST_5 spanning? : True
Are all ISTs independent? : True

====TEST CR(850, 124, 248)====
Is IST_0 spanning? : True
Is IST_1 spanning? : True
Is IST_2 spanning? : True
Is IST_3 spanning? : True
Is IST_4 spanning? : True
Is IST_5 spanning? : True
Are all ISTs independent? : True

====TEST CR(851, 124, 248)====
Is IST_0 spanning? : True
Is IST_1 spanning? : True
Is IST_2 spanning? : True
Is IST_3 spanning? : True
Is IST_4 spanning? : True
Is IST_5 spanning? : True
Are all ISTs independent? : True

====TEST CR(852, 124, 248)====
Is IST_0 spanning? : True
Is IST_1 spanning? : True
Is IST_2 spanning? : True
Is IST_3 spanning? : True
Is IST_4 spanning? : True
Is IST_5 spanning? : True
Are all ISTs independent? : True

====TEST CR(853, 124, 248)====
Is IST_0 spanning? : True
Is IST_1 spanning? : True
Is IST_2 spanning? : True
Is IST_3 spanning? : True
Is IST_4 spanning? : True
Is IST_5 spanning? : True
Are all ISTs independent? : True

====TEST CR(854, 124, 248)====
Is IST_0 spanning? : True
Is IST_1 spanning? : True
Is IST_2 spanning? : True
Is IST_3 spanning? : True
Is IST_4 spanning? : True
Is IST_5 spanning? : True
Are all ISTs independent? : True

====TEST CR(855, 124, 248)====
Is IST_0 spanning? : True
Is IST_1 spanning? : True
Is IST_2 spanning? : True
Is IST_3 spanning? : True
Is IST_4 spanning? : True
Is IST_5 spanning? : True
Are all ISTs independent? : True

====TEST CR(856, 124, 248)====
Is IST_0 spanning? : True
Is IST_1 spanning? : True
Is IST_2 spanning? : True
Is IST_3 spanning? : True
Is IST_4 spanning? : True
Is IST_5 spanning? : True
Are all ISTs independent? : True

====TEST CR(857, 124, 248)====
Is IST_0 spanning? : True
Is IST_1 spanning? : True
Is IST_2 spanning? : True
Is IST_3 spanning? : True
Is IST_4 spanning? : True
Is IST_5 spanning? : True
Are all ISTs independent? : True

====TEST CR(858, 124, 248)====
Is IST_0 spanning? : True
Is IST_1 spanning? : True
Is IST_2 spanning? : True
Is IST_3 spanning? : True
Is IST_4 spanning? : True
Is IST_5 spanning? : True
Are all ISTs independent? : True

====TEST CR(859, 124, 248)====
Is IST_0 spanning? : True
Is IST_1 spanning? : True
Is IST_2 spanning? : True
Is IST_3 spanning? : True
Is IST_4 spanning? : True
Is IST_5 spanning? : True
Are all ISTs independent? : True

====TEST CR(860, 124, 248)====
Is IST_0 spanning? : True
Is IST_1 spanning? : True
Is IST_2 spanning? : True
Is IST_3 spanning? : True
Is IST_4 spanning? : True
Is IST_5 spanning? : True
Are all ISTs independent? : True

====TEST CR(861, 124, 248)====
Is IST_0 spanning? : True
Is IST_1 spanning? : True
Is IST_2 spanning? : True
Is IST_3 spanning? : True
Is IST_4 spanning? : True
Is IST_5 spanning? : True
Are all ISTs independent? : True

====TEST CR(862, 124, 248)====
Is IST_0 spanning? : True
Is IST_1 spanning? : True
Is IST_2 spanning? : True
Is IST_3 spanning? : True
Is IST_4 spanning? : True
Is IST_5 spanning? : True
Are all ISTs independent? : True

====TEST CR(863, 124, 248)====
Is IST_0 spanning? : True
Is IST_1 spanning? : True
Is IST_2 spanning? : True
Is IST_3 spanning? : True
Is IST_4 spanning? : True
Is IST_5 spanning? : True
Are all ISTs independent? : True

====TEST CR(864, 124, 248)====
Is IST_0 spanning? : True
Is IST_1 spanning? : True
Is IST_2 spanning? : True
Is IST_3 spanning? : True
Is IST_4 spanning? : True
Is IST_5 spanning? : True
Are all ISTs independent? : True

====TEST CR(865, 124, 248)====
Is IST_0 spanning? : True
Is IST_1 spanning? : True
Is IST_2 spanning? : True
Is IST_3 spanning? : True
Is IST_4 spanning? : True
Is IST_5 spanning? : True
Are all ISTs independent? : True

====TEST CR(866, 124, 248)====
Is IST_0 spanning? : True
Is IST_1 spanning? : True
Is IST_2 spanning? : True
Is IST_3 spanning? : True
Is IST_4 spanning? : True
Is IST_5 spanning? : True
Are all ISTs independent? : True

====TEST CR(867, 124, 248)====
Is IST_0 spanning? : True
Is IST_1 spanning? : True
Is IST_2 spanning? : True
Is IST_3 spanning? : True
Is IST_4 spanning? : True
Is IST_5 spanning? : True
Are all ISTs independent? : True

====TEST CR(868, 124, 248)====
Is IST_0 spanning? : True
Is IST_1 spanning? : True
Is IST_2 spanning? : True
Is IST_3 spanning? : True
Is IST_4 spanning? : True
Is IST_5 spanning? : True
Are all ISTs independent? : True

====TEST CR(869, 124, 248)====
Is IST_0 spanning? : True
Is IST_1 spanning? : True
Is IST_2 spanning? : True
Is IST_3 spanning? : True
Is IST_4 spanning? : True
Is IST_5 spanning? : True
Are all ISTs independent? : True

====TEST CR(870, 124, 248)====
Is IST_0 spanning? : True
Is IST_1 spanning? : True
Is IST_2 spanning? : True
Is IST_3 spanning? : True
Is IST_4 spanning? : True
Is IST_5 spanning? : True
Are all ISTs independent? : True

====TEST CR(871, 124, 248)====
Is IST_0 spanning? : True
Is IST_1 spanning? : True
Is IST_2 spanning? : True
Is IST_3 spanning? : True
Is IST_4 spanning? : True
Is IST_5 spanning? : True
Are all ISTs independent? : True

====TEST CR(872, 124, 248)====
Is IST_0 spanning? : True
Is IST_1 spanning? : True
Is IST_2 spanning? : True
Is IST_3 spanning? : True
Is IST_4 spanning? : True
Is IST_5 spanning? : True
Are all ISTs independent? : True

====TEST CR(750, 125, 250)====
Is IST_0 spanning? : True
Is IST_1 spanning? : True
Is IST_2 spanning? : True
Is IST_3 spanning? : True
Is IST_4 spanning? : True
Is IST_5 spanning? : True
Are all ISTs independent? : True

====TEST CR(751, 125, 250)====
Is IST_0 spanning? : True
Is IST_1 spanning? : True
Is IST_2 spanning? : True
Is IST_3 spanning? : True
Is IST_4 spanning? : True
Is IST_5 spanning? : True
Are all ISTs independent? : True

====TEST CR(752, 125, 250)====
Is IST_0 spanning? : True
Is IST_1 spanning? : True
Is IST_2 spanning? : True
Is IST_3 spanning? : True
Is IST_4 spanning? : True
Is IST_5 spanning? : True
Are all ISTs independent? : True

====TEST CR(753, 125, 250)====
Is IST_0 spanning? : True
Is IST_1 spanning? : True
Is IST_2 spanning? : True
Is IST_3 spanning? : True
Is IST_4 spanning? : True
Is IST_5 spanning? : True
Are all ISTs independent? : True

====TEST CR(754, 125, 250)====
Is IST_0 spanning? : True
Is IST_1 spanning? : True
Is IST_2 spanning? : True
Is IST_3 spanning? : True
Is IST_4 spanning? : True
Is IST_5 spanning? : True
Are all ISTs independent? : True

====TEST CR(755, 125, 250)====
Is IST_0 spanning? : True
Is IST_1 spanning? : True
Is IST_2 spanning? : True
Is IST_3 spanning? : True
Is IST_4 spanning? : True
Is IST_5 spanning? : True
Are all ISTs independent? : True

====TEST CR(756, 125, 250)====
Is IST_0 spanning? : True
Is IST_1 spanning? : True
Is IST_2 spanning? : True
Is IST_3 spanning? : True
Is IST_4 spanning? : True
Is IST_5 spanning? : True
Are all ISTs independent? : True

====TEST CR(757, 125, 250)====
Is IST_0 spanning? : True
Is IST_1 spanning? : True
Is IST_2 spanning? : True
Is IST_3 spanning? : True
Is IST_4 spanning? : True
Is IST_5 spanning? : True
Are all ISTs independent? : True

====TEST CR(758, 125, 250)====
Is IST_0 spanning? : True
Is IST_1 spanning? : True
Is IST_2 spanning? : True
Is IST_3 spanning? : True
Is IST_4 spanning? : True
Is IST_5 spanning? : True
Are all ISTs independent? : True

====TEST CR(759, 125, 250)====
Is IST_0 spanning? : True
Is IST_1 spanning? : True
Is IST_2 spanning? : True
Is IST_3 spanning? : True
Is IST_4 spanning? : True
Is IST_5 spanning? : True
Are all ISTs independent? : True

====TEST CR(760, 125, 250)====
Is IST_0 spanning? : True
Is IST_1 spanning? : True
Is IST_2 spanning? : True
Is IST_3 spanning? : True
Is IST_4 spanning? : True
Is IST_5 spanning? : True
Are all ISTs independent? : True

====TEST CR(761, 125, 250)====
Is IST_0 spanning? : True
Is IST_1 spanning? : True
Is IST_2 spanning? : True
Is IST_3 spanning? : True
Is IST_4 spanning? : True
Is IST_5 spanning? : True
Are all ISTs independent? : True

====TEST CR(762, 125, 250)====
Is IST_0 spanning? : True
Is IST_1 spanning? : True
Is IST_2 spanning? : True
Is IST_3 spanning? : True
Is IST_4 spanning? : True
Is IST_5 spanning? : True
Are all ISTs independent? : True

====TEST CR(763, 125, 250)====
Is IST_0 spanning? : True
Is IST_1 spanning? : True
Is IST_2 spanning? : True
Is IST_3 spanning? : True
Is IST_4 spanning? : True
Is IST_5 spanning? : True
Are all ISTs independent? : True

====TEST CR(764, 125, 250)====
Is IST_0 spanning? : True
Is IST_1 spanning? : True
Is IST_2 spanning? : True
Is IST_3 spanning? : True
Is IST_4 spanning? : True
Is IST_5 spanning? : True
Are all ISTs independent? : True

====TEST CR(765, 125, 250)====
Is IST_0 spanning? : True
Is IST_1 spanning? : True
Is IST_2 spanning? : True
Is IST_3 spanning? : True
Is IST_4 spanning? : True
Is IST_5 spanning? : True
Are all ISTs independent? : True

====TEST CR(766, 125, 250)====
Is IST_0 spanning? : True
Is IST_1 spanning? : True
Is IST_2 spanning? : True
Is IST_3 spanning? : True
Is IST_4 spanning? : True
Is IST_5 spanning? : True
Are all ISTs independent? : True

====TEST CR(767, 125, 250)====
Is IST_0 spanning? : True
Is IST_1 spanning? : True
Is IST_2 spanning? : True
Is IST_3 spanning? : True
Is IST_4 spanning? : True
Is IST_5 spanning? : True
Are all ISTs independent? : True

====TEST CR(768, 125, 250)====
Is IST_0 spanning? : True
Is IST_1 spanning? : True
Is IST_2 spanning? : True
Is IST_3 spanning? : True
Is IST_4 spanning? : True
Is IST_5 spanning? : True
Are all ISTs independent? : True

====TEST CR(769, 125, 250)====
Is IST_0 spanning? : True
Is IST_1 spanning? : True
Is IST_2 spanning? : True
Is IST_3 spanning? : True
Is IST_4 spanning? : True
Is IST_5 spanning? : True
Are all ISTs independent? : True

====TEST CR(770, 125, 250)====
Is IST_0 spanning? : True
Is IST_1 spanning? : True
Is IST_2 spanning? : True
Is IST_3 spanning? : True
Is IST_4 spanning? : True
Is IST_5 spanning? : True
Are all ISTs independent? : True

====TEST CR(771, 125, 250)====
Is IST_0 spanning? : True
Is IST_1 spanning? : True
Is IST_2 spanning? : True
Is IST_3 spanning? : True
Is IST_4 spanning? : True
Is IST_5 spanning? : True
Are all ISTs independent? : True

====TEST CR(772, 125, 250)====
Is IST_0 spanning? : True
Is IST_1 spanning? : True
Is IST_2 spanning? : True
Is IST_3 spanning? : True
Is IST_4 spanning? : True
Is IST_5 spanning? : True
Are all ISTs independent? : True

====TEST CR(773, 125, 250)====
Is IST_0 spanning? : True
Is IST_1 spanning? : True
Is IST_2 spanning? : True
Is IST_3 spanning? : True
Is IST_4 spanning? : True
Is IST_5 spanning? : True
Are all ISTs independent? : True

====TEST CR(774, 125, 250)====
Is IST_0 spanning? : True
Is IST_1 spanning? : True
Is IST_2 spanning? : True
Is IST_3 spanning? : True
Is IST_4 spanning? : True
Is IST_5 spanning? : True
Are all ISTs independent? : True

====TEST CR(775, 125, 250)====
Is IST_0 spanning? : True
Is IST_1 spanning? : True
Is IST_2 spanning? : True
Is IST_3 spanning? : True
Is IST_4 spanning? : True
Is IST_5 spanning? : True
Are all ISTs independent? : True

====TEST CR(776, 125, 250)====
Is IST_0 spanning? : True
Is IST_1 spanning? : True
Is IST_2 spanning? : True
Is IST_3 spanning? : True
Is IST_4 spanning? : True
Is IST_5 spanning? : True
Are all ISTs independent? : True

====TEST CR(777, 125, 250)====
Is IST_0 spanning? : True
Is IST_1 spanning? : True
Is IST_2 spanning? : True
Is IST_3 spanning? : True
Is IST_4 spanning? : True
Is IST_5 spanning? : True
Are all ISTs independent? : True

====TEST CR(778, 125, 250)====
Is IST_0 spanning? : True
Is IST_1 spanning? : True
Is IST_2 spanning? : True
Is IST_3 spanning? : True
Is IST_4 spanning? : True
Is IST_5 spanning? : True
Are all ISTs independent? : True

====TEST CR(779, 125, 250)====
Is IST_0 spanning? : True
Is IST_1 spanning? : True
Is IST_2 spanning? : True
Is IST_3 spanning? : True
Is IST_4 spanning? : True
Is IST_5 spanning? : True
Are all ISTs independent? : True

====TEST CR(780, 125, 250)====
Is IST_0 spanning? : True
Is IST_1 spanning? : True
Is IST_2 spanning? : True
Is IST_3 spanning? : True
Is IST_4 spanning? : True
Is IST_5 spanning? : True
Are all ISTs independent? : True

====TEST CR(781, 125, 250)====
Is IST_0 spanning? : True
Is IST_1 spanning? : True
Is IST_2 spanning? : True
Is IST_3 spanning? : True
Is IST_4 spanning? : True
Is IST_5 spanning? : True
Are all ISTs independent? : True

====TEST CR(782, 125, 250)====
Is IST_0 spanning? : True
Is IST_1 spanning? : True
Is IST_2 spanning? : True
Is IST_3 spanning? : True
Is IST_4 spanning? : True
Is IST_5 spanning? : True
Are all ISTs independent? : True

====TEST CR(783, 125, 250)====
Is IST_0 spanning? : True
Is IST_1 spanning? : True
Is IST_2 spanning? : True
Is IST_3 spanning? : True
Is IST_4 spanning? : True
Is IST_5 spanning? : True
Are all ISTs independent? : True

====TEST CR(784, 125, 250)====
Is IST_0 spanning? : True
Is IST_1 spanning? : True
Is IST_2 spanning? : True
Is IST_3 spanning? : True
Is IST_4 spanning? : True
Is IST_5 spanning? : True
Are all ISTs independent? : True

====TEST CR(785, 125, 250)====
Is IST_0 spanning? : True
Is IST_1 spanning? : True
Is IST_2 spanning? : True
Is IST_3 spanning? : True
Is IST_4 spanning? : True
Is IST_5 spanning? : True
Are all ISTs independent? : True

====TEST CR(786, 125, 250)====
Is IST_0 spanning? : True
Is IST_1 spanning? : True
Is IST_2 spanning? : True
Is IST_3 spanning? : True
Is IST_4 spanning? : True
Is IST_5 spanning? : True
Are all ISTs independent? : True

====TEST CR(787, 125, 250)====
Is IST_0 spanning? : True
Is IST_1 spanning? : True
Is IST_2 spanning? : True
Is IST_3 spanning? : True
Is IST_4 spanning? : True
Is IST_5 spanning? : True
Are all ISTs independent? : True

====TEST CR(788, 125, 250)====
Is IST_0 spanning? : True
Is IST_1 spanning? : True
Is IST_2 spanning? : True
Is IST_3 spanning? : True
Is IST_4 spanning? : True
Is IST_5 spanning? : True
Are all ISTs independent? : True

====TEST CR(789, 125, 250)====
Is IST_0 spanning? : True
Is IST_1 spanning? : True
Is IST_2 spanning? : True
Is IST_3 spanning? : True
Is IST_4 spanning? : True
Is IST_5 spanning? : True
Are all ISTs independent? : True

====TEST CR(790, 125, 250)====
Is IST_0 spanning? : True
Is IST_1 spanning? : True
Is IST_2 spanning? : True
Is IST_3 spanning? : True
Is IST_4 spanning? : True
Is IST_5 spanning? : True
Are all ISTs independent? : True

====TEST CR(791, 125, 250)====
Is IST_0 spanning? : True
Is IST_1 spanning? : True
Is IST_2 spanning? : True
Is IST_3 spanning? : True
Is IST_4 spanning? : True
Is IST_5 spanning? : True
Are all ISTs independent? : True

====TEST CR(792, 125, 250)====
Is IST_0 spanning? : True
Is IST_1 spanning? : True
Is IST_2 spanning? : True
Is IST_3 spanning? : True
Is IST_4 spanning? : True
Is IST_5 spanning? : True
Are all ISTs independent? : True

====TEST CR(793, 125, 250)====
Is IST_0 spanning? : True
Is IST_1 spanning? : True
Is IST_2 spanning? : True
Is IST_3 spanning? : True
Is IST_4 spanning? : True
Is IST_5 spanning? : True
Are all ISTs independent? : True

====TEST CR(794, 125, 250)====
Is IST_0 spanning? : True
Is IST_1 spanning? : True
Is IST_2 spanning? : True
Is IST_3 spanning? : True
Is IST_4 spanning? : True
Is IST_5 spanning? : True
Are all ISTs independent? : True

====TEST CR(795, 125, 250)====
Is IST_0 spanning? : True
Is IST_1 spanning? : True
Is IST_2 spanning? : True
Is IST_3 spanning? : True
Is IST_4 spanning? : True
Is IST_5 spanning? : True
Are all ISTs independent? : True

====TEST CR(796, 125, 250)====
Is IST_0 spanning? : True
Is IST_1 spanning? : True
Is IST_2 spanning? : True
Is IST_3 spanning? : True
Is IST_4 spanning? : True
Is IST_5 spanning? : True
Are all ISTs independent? : True

====TEST CR(797, 125, 250)====
Is IST_0 spanning? : True
Is IST_1 spanning? : True
Is IST_2 spanning? : True
Is IST_3 spanning? : True
Is IST_4 spanning? : True
Is IST_5 spanning? : True
Are all ISTs independent? : True

====TEST CR(798, 125, 250)====
Is IST_0 spanning? : True
Is IST_1 spanning? : True
Is IST_2 spanning? : True
Is IST_3 spanning? : True
Is IST_4 spanning? : True
Is IST_5 spanning? : True
Are all ISTs independent? : True

====TEST CR(799, 125, 250)====
Is IST_0 spanning? : True
Is IST_1 spanning? : True
Is IST_2 spanning? : True
Is IST_3 spanning? : True
Is IST_4 spanning? : True
Is IST_5 spanning? : True
Are all ISTs independent? : True

====TEST CR(800, 125, 250)====
Is IST_0 spanning? : True
Is IST_1 spanning? : True
Is IST_2 spanning? : True
Is IST_3 spanning? : True
Is IST_4 spanning? : True
Is IST_5 spanning? : True
Are all ISTs independent? : True

====TEST CR(801, 125, 250)====
Is IST_0 spanning? : True
Is IST_1 spanning? : True
Is IST_2 spanning? : True
Is IST_3 spanning? : True
Is IST_4 spanning? : True
Is IST_5 spanning? : True
Are all ISTs independent? : True

====TEST CR(802, 125, 250)====
Is IST_0 spanning? : True
Is IST_1 spanning? : True
Is IST_2 spanning? : True
Is IST_3 spanning? : True
Is IST_4 spanning? : True
Is IST_5 spanning? : True
Are all ISTs independent? : True

====TEST CR(803, 125, 250)====
Is IST_0 spanning? : True
Is IST_1 spanning? : True
Is IST_2 spanning? : True
Is IST_3 spanning? : True
Is IST_4 spanning? : True
Is IST_5 spanning? : True
Are all ISTs independent? : True

====TEST CR(804, 125, 250)====
Is IST_0 spanning? : True
Is IST_1 spanning? : True
Is IST_2 spanning? : True
Is IST_3 spanning? : True
Is IST_4 spanning? : True
Is IST_5 spanning? : True
Are all ISTs independent? : True

====TEST CR(805, 125, 250)====
Is IST_0 spanning? : True
Is IST_1 spanning? : True
Is IST_2 spanning? : True
Is IST_3 spanning? : True
Is IST_4 spanning? : True
Is IST_5 spanning? : True
Are all ISTs independent? : True

====TEST CR(806, 125, 250)====
Is IST_0 spanning? : True
Is IST_1 spanning? : True
Is IST_2 spanning? : True
Is IST_3 spanning? : True
Is IST_4 spanning? : True
Is IST_5 spanning? : True
Are all ISTs independent? : True

====TEST CR(807, 125, 250)====
Is IST_0 spanning? : True
Is IST_1 spanning? : True
Is IST_2 spanning? : True
Is IST_3 spanning? : True
Is IST_4 spanning? : True
Is IST_5 spanning? : True
Are all ISTs independent? : True

====TEST CR(808, 125, 250)====
Is IST_0 spanning? : True
Is IST_1 spanning? : True
Is IST_2 spanning? : True
Is IST_3 spanning? : True
Is IST_4 spanning? : True
Is IST_5 spanning? : True
Are all ISTs independent? : True

====TEST CR(809, 125, 250)====
Is IST_0 spanning? : True
Is IST_1 spanning? : True
Is IST_2 spanning? : True
Is IST_3 spanning? : True
Is IST_4 spanning? : True
Is IST_5 spanning? : True
Are all ISTs independent? : True

====TEST CR(810, 125, 250)====
Is IST_0 spanning? : True
Is IST_1 spanning? : True
Is IST_2 spanning? : True
Is IST_3 spanning? : True
Is IST_4 spanning? : True
Is IST_5 spanning? : True
Are all ISTs independent? : True

====TEST CR(811, 125, 250)====
Is IST_0 spanning? : True
Is IST_1 spanning? : True
Is IST_2 spanning? : True
Is IST_3 spanning? : True
Is IST_4 spanning? : True
Is IST_5 spanning? : True
Are all ISTs independent? : True

====TEST CR(812, 125, 250)====
Is IST_0 spanning? : True
Is IST_1 spanning? : True
Is IST_2 spanning? : True
Is IST_3 spanning? : True
Is IST_4 spanning? : True
Is IST_5 spanning? : True
Are all ISTs independent? : True

====TEST CR(813, 125, 250)====
Is IST_0 spanning? : True
Is IST_1 spanning? : True
Is IST_2 spanning? : True
Is IST_3 spanning? : True
Is IST_4 spanning? : True
Is IST_5 spanning? : True
Are all ISTs independent? : True

====TEST CR(814, 125, 250)====
Is IST_0 spanning? : True
Is IST_1 spanning? : True
Is IST_2 spanning? : True
Is IST_3 spanning? : True
Is IST_4 spanning? : True
Is IST_5 spanning? : True
Are all ISTs independent? : True

====TEST CR(815, 125, 250)====
Is IST_0 spanning? : True
Is IST_1 spanning? : True
Is IST_2 spanning? : True
Is IST_3 spanning? : True
Is IST_4 spanning? : True
Is IST_5 spanning? : True
Are all ISTs independent? : True

====TEST CR(816, 125, 250)====
Is IST_0 spanning? : True
Is IST_1 spanning? : True
Is IST_2 spanning? : True
Is IST_3 spanning? : True
Is IST_4 spanning? : True
Is IST_5 spanning? : True
Are all ISTs independent? : True

====TEST CR(817, 125, 250)====
Is IST_0 spanning? : True
Is IST_1 spanning? : True
Is IST_2 spanning? : True
Is IST_3 spanning? : True
Is IST_4 spanning? : True
Is IST_5 spanning? : True
Are all ISTs independent? : True

====TEST CR(818, 125, 250)====
Is IST_0 spanning? : True
Is IST_1 spanning? : True
Is IST_2 spanning? : True
Is IST_3 spanning? : True
Is IST_4 spanning? : True
Is IST_5 spanning? : True
Are all ISTs independent? : True

====TEST CR(819, 125, 250)====
Is IST_0 spanning? : True
Is IST_1 spanning? : True
Is IST_2 spanning? : True
Is IST_3 spanning? : True
Is IST_4 spanning? : True
Is IST_5 spanning? : True
Are all ISTs independent? : True

====TEST CR(820, 125, 250)====
Is IST_0 spanning? : True
Is IST_1 spanning? : True
Is IST_2 spanning? : True
Is IST_3 spanning? : True
Is IST_4 spanning? : True
Is IST_5 spanning? : True
Are all ISTs independent? : True

====TEST CR(821, 125, 250)====
Is IST_0 spanning? : True
Is IST_1 spanning? : True
Is IST_2 spanning? : True
Is IST_3 spanning? : True
Is IST_4 spanning? : True
Is IST_5 spanning? : True
Are all ISTs independent? : True

====TEST CR(822, 125, 250)====
Is IST_0 spanning? : True
Is IST_1 spanning? : True
Is IST_2 spanning? : True
Is IST_3 spanning? : True
Is IST_4 spanning? : True
Is IST_5 spanning? : True
Are all ISTs independent? : True

====TEST CR(823, 125, 250)====
Is IST_0 spanning? : True
Is IST_1 spanning? : True
Is IST_2 spanning? : True
Is IST_3 spanning? : True
Is IST_4 spanning? : True
Is IST_5 spanning? : True
Are all ISTs independent? : True

====TEST CR(824, 125, 250)====
Is IST_0 spanning? : True
Is IST_1 spanning? : True
Is IST_2 spanning? : True
Is IST_3 spanning? : True
Is IST_4 spanning? : True
Is IST_5 spanning? : True
Are all ISTs independent? : True

====TEST CR(825, 125, 250)====
Is IST_0 spanning? : True
Is IST_1 spanning? : True
Is IST_2 spanning? : True
Is IST_3 spanning? : True
Is IST_4 spanning? : True
Is IST_5 spanning? : True
Are all ISTs independent? : True

====TEST CR(826, 125, 250)====
Is IST_0 spanning? : True
Is IST_1 spanning? : True
Is IST_2 spanning? : True
Is IST_3 spanning? : True
Is IST_4 spanning? : True
Is IST_5 spanning? : True
Are all ISTs independent? : True

====TEST CR(827, 125, 250)====
Is IST_0 spanning? : True
Is IST_1 spanning? : True
Is IST_2 spanning? : True
Is IST_3 spanning? : True
Is IST_4 spanning? : True
Is IST_5 spanning? : True
Are all ISTs independent? : True

====TEST CR(828, 125, 250)====
Is IST_0 spanning? : True
Is IST_1 spanning? : True
Is IST_2 spanning? : True
Is IST_3 spanning? : True
Is IST_4 spanning? : True
Is IST_5 spanning? : True
Are all ISTs independent? : True

====TEST CR(829, 125, 250)====
Is IST_0 spanning? : True
Is IST_1 spanning? : True
Is IST_2 spanning? : True
Is IST_3 spanning? : True
Is IST_4 spanning? : True
Is IST_5 spanning? : True
Are all ISTs independent? : True

====TEST CR(830, 125, 250)====
Is IST_0 spanning? : True
Is IST_1 spanning? : True
Is IST_2 spanning? : True
Is IST_3 spanning? : True
Is IST_4 spanning? : True
Is IST_5 spanning? : True
Are all ISTs independent? : True

====TEST CR(831, 125, 250)====
Is IST_0 spanning? : True
Is IST_1 spanning? : True
Is IST_2 spanning? : True
Is IST_3 spanning? : True
Is IST_4 spanning? : True
Is IST_5 spanning? : True
Are all ISTs independent? : True

====TEST CR(832, 125, 250)====
Is IST_0 spanning? : True
Is IST_1 spanning? : True
Is IST_2 spanning? : True
Is IST_3 spanning? : True
Is IST_4 spanning? : True
Is IST_5 spanning? : True
Are all ISTs independent? : True

====TEST CR(833, 125, 250)====
Is IST_0 spanning? : True
Is IST_1 spanning? : True
Is IST_2 spanning? : True
Is IST_3 spanning? : True
Is IST_4 spanning? : True
Is IST_5 spanning? : True
Are all ISTs independent? : True

====TEST CR(834, 125, 250)====
Is IST_0 spanning? : True
Is IST_1 spanning? : True
Is IST_2 spanning? : True
Is IST_3 spanning? : True
Is IST_4 spanning? : True
Is IST_5 spanning? : True
Are all ISTs independent? : True

====TEST CR(835, 125, 250)====
Is IST_0 spanning? : True
Is IST_1 spanning? : True
Is IST_2 spanning? : True
Is IST_3 spanning? : True
Is IST_4 spanning? : True
Is IST_5 spanning? : True
Are all ISTs independent? : True

====TEST CR(836, 125, 250)====
Is IST_0 spanning? : True
Is IST_1 spanning? : True
Is IST_2 spanning? : True
Is IST_3 spanning? : True
Is IST_4 spanning? : True
Is IST_5 spanning? : True
Are all ISTs independent? : True

====TEST CR(837, 125, 250)====
Is IST_0 spanning? : True
Is IST_1 spanning? : True
Is IST_2 spanning? : True
Is IST_3 spanning? : True
Is IST_4 spanning? : True
Is IST_5 spanning? : True
Are all ISTs independent? : True

====TEST CR(838, 125, 250)====
Is IST_0 spanning? : True
Is IST_1 spanning? : True
Is IST_2 spanning? : True
Is IST_3 spanning? : True
Is IST_4 spanning? : True
Is IST_5 spanning? : True
Are all ISTs independent? : True

====TEST CR(839, 125, 250)====
Is IST_0 spanning? : True
Is IST_1 spanning? : True
Is IST_2 spanning? : True
Is IST_3 spanning? : True
Is IST_4 spanning? : True
Is IST_5 spanning? : True
Are all ISTs independent? : True

====TEST CR(840, 125, 250)====
Is IST_0 spanning? : True
Is IST_1 spanning? : True
Is IST_2 spanning? : True
Is IST_3 spanning? : True
Is IST_4 spanning? : True
Is IST_5 spanning? : True
Are all ISTs independent? : True

====TEST CR(841, 125, 250)====
Is IST_0 spanning? : True
Is IST_1 spanning? : True
Is IST_2 spanning? : True
Is IST_3 spanning? : True
Is IST_4 spanning? : True
Is IST_5 spanning? : True
Are all ISTs independent? : True

====TEST CR(842, 125, 250)====
Is IST_0 spanning? : True
Is IST_1 spanning? : True
Is IST_2 spanning? : True
Is IST_3 spanning? : True
Is IST_4 spanning? : True
Is IST_5 spanning? : True
Are all ISTs independent? : True

====TEST CR(843, 125, 250)====
Is IST_0 spanning? : True
Is IST_1 spanning? : True
Is IST_2 spanning? : True
Is IST_3 spanning? : True
Is IST_4 spanning? : True
Is IST_5 spanning? : True
Are all ISTs independent? : True

====TEST CR(844, 125, 250)====
Is IST_0 spanning? : True
Is IST_1 spanning? : True
Is IST_2 spanning? : True
Is IST_3 spanning? : True
Is IST_4 spanning? : True
Is IST_5 spanning? : True
Are all ISTs independent? : True

====TEST CR(845, 125, 250)====
Is IST_0 spanning? : True
Is IST_1 spanning? : True
Is IST_2 spanning? : True
Is IST_3 spanning? : True
Is IST_4 spanning? : True
Is IST_5 spanning? : True
Are all ISTs independent? : True

====TEST CR(846, 125, 250)====
Is IST_0 spanning? : True
Is IST_1 spanning? : True
Is IST_2 spanning? : True
Is IST_3 spanning? : True
Is IST_4 spanning? : True
Is IST_5 spanning? : True
Are all ISTs independent? : True

====TEST CR(847, 125, 250)====
Is IST_0 spanning? : True
Is IST_1 spanning? : True
Is IST_2 spanning? : True
Is IST_3 spanning? : True
Is IST_4 spanning? : True
Is IST_5 spanning? : True
Are all ISTs independent? : True

====TEST CR(848, 125, 250)====
Is IST_0 spanning? : True
Is IST_1 spanning? : True
Is IST_2 spanning? : True
Is IST_3 spanning? : True
Is IST_4 spanning? : True
Is IST_5 spanning? : True
Are all ISTs independent? : True

====TEST CR(849, 125, 250)====
Is IST_0 spanning? : True
Is IST_1 spanning? : True
Is IST_2 spanning? : True
Is IST_3 spanning? : True
Is IST_4 spanning? : True
Is IST_5 spanning? : True
Are all ISTs independent? : True

====TEST CR(850, 125, 250)====
Is IST_0 spanning? : True
Is IST_1 spanning? : True
Is IST_2 spanning? : True
Is IST_3 spanning? : True
Is IST_4 spanning? : True
Is IST_5 spanning? : True
Are all ISTs independent? : True

====TEST CR(851, 125, 250)====
Is IST_0 spanning? : True
Is IST_1 spanning? : True
Is IST_2 spanning? : True
Is IST_3 spanning? : True
Is IST_4 spanning? : True
Is IST_5 spanning? : True
Are all ISTs independent? : True

====TEST CR(852, 125, 250)====
Is IST_0 spanning? : True
Is IST_1 spanning? : True
Is IST_2 spanning? : True
Is IST_3 spanning? : True
Is IST_4 spanning? : True
Is IST_5 spanning? : True
Are all ISTs independent? : True

====TEST CR(853, 125, 250)====
Is IST_0 spanning? : True
Is IST_1 spanning? : True
Is IST_2 spanning? : True
Is IST_3 spanning? : True
Is IST_4 spanning? : True
Is IST_5 spanning? : True
Are all ISTs independent? : True

====TEST CR(854, 125, 250)====
Is IST_0 spanning? : True
Is IST_1 spanning? : True
Is IST_2 spanning? : True
Is IST_3 spanning? : True
Is IST_4 spanning? : True
Is IST_5 spanning? : True
Are all ISTs independent? : True

====TEST CR(855, 125, 250)====
Is IST_0 spanning? : True
Is IST_1 spanning? : True
Is IST_2 spanning? : True
Is IST_3 spanning? : True
Is IST_4 spanning? : True
Is IST_5 spanning? : True
Are all ISTs independent? : True

====TEST CR(856, 125, 250)====
Is IST_0 spanning? : True
Is IST_1 spanning? : True
Is IST_2 spanning? : True
Is IST_3 spanning? : True
Is IST_4 spanning? : True
Is IST_5 spanning? : True
Are all ISTs independent? : True

====TEST CR(857, 125, 250)====
Is IST_0 spanning? : True
Is IST_1 spanning? : True
Is IST_2 spanning? : True
Is IST_3 spanning? : True
Is IST_4 spanning? : True
Is IST_5 spanning? : True
Are all ISTs independent? : True

====TEST CR(858, 125, 250)====
Is IST_0 spanning? : True
Is IST_1 spanning? : True
Is IST_2 spanning? : True
Is IST_3 spanning? : True
Is IST_4 spanning? : True
Is IST_5 spanning? : True
Are all ISTs independent? : True

====TEST CR(859, 125, 250)====
Is IST_0 spanning? : True
Is IST_1 spanning? : True
Is IST_2 spanning? : True
Is IST_3 spanning? : True
Is IST_4 spanning? : True
Is IST_5 spanning? : True
Are all ISTs independent? : True

====TEST CR(860, 125, 250)====
Is IST_0 spanning? : True
Is IST_1 spanning? : True
Is IST_2 spanning? : True
Is IST_3 spanning? : True
Is IST_4 spanning? : True
Is IST_5 spanning? : True
Are all ISTs independent? : True

====TEST CR(861, 125, 250)====
Is IST_0 spanning? : True
Is IST_1 spanning? : True
Is IST_2 spanning? : True
Is IST_3 spanning? : True
Is IST_4 spanning? : True
Is IST_5 spanning? : True
Are all ISTs independent? : True

====TEST CR(862, 125, 250)====
Is IST_0 spanning? : True
Is IST_1 spanning? : True
Is IST_2 spanning? : True
Is IST_3 spanning? : True
Is IST_4 spanning? : True
Is IST_5 spanning? : True
Are all ISTs independent? : True

====TEST CR(863, 125, 250)====
Is IST_0 spanning? : True
Is IST_1 spanning? : True
Is IST_2 spanning? : True
Is IST_3 spanning? : True
Is IST_4 spanning? : True
Is IST_5 spanning? : True
Are all ISTs independent? : True

====TEST CR(864, 125, 250)====
Is IST_0 spanning? : True
Is IST_1 spanning? : True
Is IST_2 spanning? : True
Is IST_3 spanning? : True
Is IST_4 spanning? : True
Is IST_5 spanning? : True
Are all ISTs independent? : True

====TEST CR(865, 125, 250)====
Is IST_0 spanning? : True
Is IST_1 spanning? : True
Is IST_2 spanning? : True
Is IST_3 spanning? : True
Is IST_4 spanning? : True
Is IST_5 spanning? : True
Are all ISTs independent? : True

====TEST CR(866, 125, 250)====
Is IST_0 spanning? : True
Is IST_1 spanning? : True
Is IST_2 spanning? : True
Is IST_3 spanning? : True
Is IST_4 spanning? : True
Is IST_5 spanning? : True
Are all ISTs independent? : True

====TEST CR(867, 125, 250)====
Is IST_0 spanning? : True
Is IST_1 spanning? : True
Is IST_2 spanning? : True
Is IST_3 spanning? : True
Is IST_4 spanning? : True
Is IST_5 spanning? : True
Are all ISTs independent? : True

====TEST CR(868, 125, 250)====
Is IST_0 spanning? : True
Is IST_1 spanning? : True
Is IST_2 spanning? : True
Is IST_3 spanning? : True
Is IST_4 spanning? : True
Is IST_5 spanning? : True
Are all ISTs independent? : True

====TEST CR(869, 125, 250)====
Is IST_0 spanning? : True
Is IST_1 spanning? : True
Is IST_2 spanning? : True
Is IST_3 spanning? : True
Is IST_4 spanning? : True
Is IST_5 spanning? : True
Are all ISTs independent? : True

====TEST CR(870, 125, 250)====
Is IST_0 spanning? : True
Is IST_1 spanning? : True
Is IST_2 spanning? : True
Is IST_3 spanning? : True
Is IST_4 spanning? : True
Is IST_5 spanning? : True
Are all ISTs independent? : True

====TEST CR(871, 125, 250)====
Is IST_0 spanning? : True
Is IST_1 spanning? : True
Is IST_2 spanning? : True
Is IST_3 spanning? : True
Is IST_4 spanning? : True
Is IST_5 spanning? : True
Are all ISTs independent? : True

====TEST CR(872, 125, 250)====
Is IST_0 spanning? : True
Is IST_1 spanning? : True
Is IST_2 spanning? : True
Is IST_3 spanning? : True
Is IST_4 spanning? : True
Is IST_5 spanning? : True
Are all ISTs independent? : True

====TEST CR(873, 125, 250)====
Is IST_0 spanning? : True
Is IST_1 spanning? : True
Is IST_2 spanning? : True
Is IST_3 spanning? : True
Is IST_4 spanning? : True
Is IST_5 spanning? : True
Are all ISTs independent? : True

====TEST CR(874, 125, 250)====
Is IST_0 spanning? : True
Is IST_1 spanning? : True
Is IST_2 spanning? : True
Is IST_3 spanning? : True
Is IST_4 spanning? : True
Is IST_5 spanning? : True
Are all ISTs independent? : True

====TEST CR(875, 125, 250)====
Is IST_0 spanning? : True
Is IST_1 spanning? : True
Is IST_2 spanning? : True
Is IST_3 spanning? : True
Is IST_4 spanning? : True
Is IST_5 spanning? : True
Are all ISTs independent? : True

====TEST CR(876, 125, 250)====
Is IST_0 spanning? : True
Is IST_1 spanning? : True
Is IST_2 spanning? : True
Is IST_3 spanning? : True
Is IST_4 spanning? : True
Is IST_5 spanning? : True
Are all ISTs independent? : True

====TEST CR(877, 125, 250)====
Is IST_0 spanning? : True
Is IST_1 spanning? : True
Is IST_2 spanning? : True
Is IST_3 spanning? : True
Is IST_4 spanning? : True
Is IST_5 spanning? : True
Are all ISTs independent? : True

====TEST CR(878, 125, 250)====
Is IST_0 spanning? : True
Is IST_1 spanning? : True
Is IST_2 spanning? : True
Is IST_3 spanning? : True
Is IST_4 spanning? : True
Is IST_5 spanning? : True
Are all ISTs independent? : True

====TEST CR(756, 126, 252)====
Is IST_0 spanning? : True
Is IST_1 spanning? : True
Is IST_2 spanning? : True
Is IST_3 spanning? : True
Is IST_4 spanning? : True
Is IST_5 spanning? : True
Are all ISTs independent? : True

====TEST CR(757, 126, 252)====
Is IST_0 spanning? : True
Is IST_1 spanning? : True
Is IST_2 spanning? : True
Is IST_3 spanning? : True
Is IST_4 spanning? : True
Is IST_5 spanning? : True
Are all ISTs independent? : True

====TEST CR(758, 126, 252)====
Is IST_0 spanning? : True
Is IST_1 spanning? : True
Is IST_2 spanning? : True
Is IST_3 spanning? : True
Is IST_4 spanning? : True
Is IST_5 spanning? : True
Are all ISTs independent? : True

====TEST CR(759, 126, 252)====
Is IST_0 spanning? : True
Is IST_1 spanning? : True
Is IST_2 spanning? : True
Is IST_3 spanning? : True
Is IST_4 spanning? : True
Is IST_5 spanning? : True
Are all ISTs independent? : True

====TEST CR(760, 126, 252)====
Is IST_0 spanning? : True
Is IST_1 spanning? : True
Is IST_2 spanning? : True
Is IST_3 spanning? : True
Is IST_4 spanning? : True
Is IST_5 spanning? : True
Are all ISTs independent? : True

====TEST CR(761, 126, 252)====
Is IST_0 spanning? : True
Is IST_1 spanning? : True
Is IST_2 spanning? : True
Is IST_3 spanning? : True
Is IST_4 spanning? : True
Is IST_5 spanning? : True
Are all ISTs independent? : True

====TEST CR(762, 126, 252)====
Is IST_0 spanning? : True
Is IST_1 spanning? : True
Is IST_2 spanning? : True
Is IST_3 spanning? : True
Is IST_4 spanning? : True
Is IST_5 spanning? : True
Are all ISTs independent? : True

====TEST CR(763, 126, 252)====
Is IST_0 spanning? : True
Is IST_1 spanning? : True
Is IST_2 spanning? : True
Is IST_3 spanning? : True
Is IST_4 spanning? : True
Is IST_5 spanning? : True
Are all ISTs independent? : True

====TEST CR(764, 126, 252)====
Is IST_0 spanning? : True
Is IST_1 spanning? : True
Is IST_2 spanning? : True
Is IST_3 spanning? : True
Is IST_4 spanning? : True
Is IST_5 spanning? : True
Are all ISTs independent? : True

====TEST CR(765, 126, 252)====
Is IST_0 spanning? : True
Is IST_1 spanning? : True
Is IST_2 spanning? : True
Is IST_3 spanning? : True
Is IST_4 spanning? : True
Is IST_5 spanning? : True
Are all ISTs independent? : True

====TEST CR(766, 126, 252)====
Is IST_0 spanning? : True
Is IST_1 spanning? : True
Is IST_2 spanning? : True
Is IST_3 spanning? : True
Is IST_4 spanning? : True
Is IST_5 spanning? : True
Are all ISTs independent? : True

====TEST CR(767, 126, 252)====
Is IST_0 spanning? : True
Is IST_1 spanning? : True
Is IST_2 spanning? : True
Is IST_3 spanning? : True
Is IST_4 spanning? : True
Is IST_5 spanning? : True
Are all ISTs independent? : True

====TEST CR(768, 126, 252)====
Is IST_0 spanning? : True
Is IST_1 spanning? : True
Is IST_2 spanning? : True
Is IST_3 spanning? : True
Is IST_4 spanning? : True
Is IST_5 spanning? : True
Are all ISTs independent? : True

====TEST CR(769, 126, 252)====
Is IST_0 spanning? : True
Is IST_1 spanning? : True
Is IST_2 spanning? : True
Is IST_3 spanning? : True
Is IST_4 spanning? : True
Is IST_5 spanning? : True
Are all ISTs independent? : True

====TEST CR(770, 126, 252)====
Is IST_0 spanning? : True
Is IST_1 spanning? : True
Is IST_2 spanning? : True
Is IST_3 spanning? : True
Is IST_4 spanning? : True
Is IST_5 spanning? : True
Are all ISTs independent? : True

====TEST CR(771, 126, 252)====
Is IST_0 spanning? : True
Is IST_1 spanning? : True
Is IST_2 spanning? : True
Is IST_3 spanning? : True
Is IST_4 spanning? : True
Is IST_5 spanning? : True
Are all ISTs independent? : True

====TEST CR(772, 126, 252)====
Is IST_0 spanning? : True
Is IST_1 spanning? : True
Is IST_2 spanning? : True
Is IST_3 spanning? : True
Is IST_4 spanning? : True
Is IST_5 spanning? : True
Are all ISTs independent? : True

====TEST CR(773, 126, 252)====
Is IST_0 spanning? : True
Is IST_1 spanning? : True
Is IST_2 spanning? : True
Is IST_3 spanning? : True
Is IST_4 spanning? : True
Is IST_5 spanning? : True
Are all ISTs independent? : True

====TEST CR(774, 126, 252)====
Is IST_0 spanning? : True
Is IST_1 spanning? : True
Is IST_2 spanning? : True
Is IST_3 spanning? : True
Is IST_4 spanning? : True
Is IST_5 spanning? : True
Are all ISTs independent? : True

====TEST CR(775, 126, 252)====
Is IST_0 spanning? : True
Is IST_1 spanning? : True
Is IST_2 spanning? : True
Is IST_3 spanning? : True
Is IST_4 spanning? : True
Is IST_5 spanning? : True
Are all ISTs independent? : True

====TEST CR(776, 126, 252)====
Is IST_0 spanning? : True
Is IST_1 spanning? : True
Is IST_2 spanning? : True
Is IST_3 spanning? : True
Is IST_4 spanning? : True
Is IST_5 spanning? : True
Are all ISTs independent? : True

====TEST CR(777, 126, 252)====
Is IST_0 spanning? : True
Is IST_1 spanning? : True
Is IST_2 spanning? : True
Is IST_3 spanning? : True
Is IST_4 spanning? : True
Is IST_5 spanning? : True
Are all ISTs independent? : True

====TEST CR(778, 126, 252)====
Is IST_0 spanning? : True
Is IST_1 spanning? : True
Is IST_2 spanning? : True
Is IST_3 spanning? : True
Is IST_4 spanning? : True
Is IST_5 spanning? : True
Are all ISTs independent? : True

====TEST CR(779, 126, 252)====
Is IST_0 spanning? : True
Is IST_1 spanning? : True
Is IST_2 spanning? : True
Is IST_3 spanning? : True
Is IST_4 spanning? : True
Is IST_5 spanning? : True
Are all ISTs independent? : True

====TEST CR(780, 126, 252)====
Is IST_0 spanning? : True
Is IST_1 spanning? : True
Is IST_2 spanning? : True
Is IST_3 spanning? : True
Is IST_4 spanning? : True
Is IST_5 spanning? : True
Are all ISTs independent? : True

====TEST CR(781, 126, 252)====
Is IST_0 spanning? : True
Is IST_1 spanning? : True
Is IST_2 spanning? : True
Is IST_3 spanning? : True
Is IST_4 spanning? : True
Is IST_5 spanning? : True
Are all ISTs independent? : True

====TEST CR(782, 126, 252)====
Is IST_0 spanning? : True
Is IST_1 spanning? : True
Is IST_2 spanning? : True
Is IST_3 spanning? : True
Is IST_4 spanning? : True
Is IST_5 spanning? : True
Are all ISTs independent? : True

====TEST CR(783, 126, 252)====
Is IST_0 spanning? : True
Is IST_1 spanning? : True
Is IST_2 spanning? : True
Is IST_3 spanning? : True
Is IST_4 spanning? : True
Is IST_5 spanning? : True
Are all ISTs independent? : True

====TEST CR(784, 126, 252)====
Is IST_0 spanning? : True
Is IST_1 spanning? : True
Is IST_2 spanning? : True
Is IST_3 spanning? : True
Is IST_4 spanning? : True
Is IST_5 spanning? : True
Are all ISTs independent? : True

====TEST CR(785, 126, 252)====
Is IST_0 spanning? : True
Is IST_1 spanning? : True
Is IST_2 spanning? : True
Is IST_3 spanning? : True
Is IST_4 spanning? : True
Is IST_5 spanning? : True
Are all ISTs independent? : True

====TEST CR(786, 126, 252)====
Is IST_0 spanning? : True
Is IST_1 spanning? : True
Is IST_2 spanning? : True
Is IST_3 spanning? : True
Is IST_4 spanning? : True
Is IST_5 spanning? : True
Are all ISTs independent? : True

====TEST CR(787, 126, 252)====
Is IST_0 spanning? : True
Is IST_1 spanning? : True
Is IST_2 spanning? : True
Is IST_3 spanning? : True
Is IST_4 spanning? : True
Is IST_5 spanning? : True
Are all ISTs independent? : True

====TEST CR(788, 126, 252)====
Is IST_0 spanning? : True
Is IST_1 spanning? : True
Is IST_2 spanning? : True
Is IST_3 spanning? : True
Is IST_4 spanning? : True
Is IST_5 spanning? : True
Are all ISTs independent? : True

====TEST CR(789, 126, 252)====
Is IST_0 spanning? : True
Is IST_1 spanning? : True
Is IST_2 spanning? : True
Is IST_3 spanning? : True
Is IST_4 spanning? : True
Is IST_5 spanning? : True
Are all ISTs independent? : True

====TEST CR(790, 126, 252)====
Is IST_0 spanning? : True
Is IST_1 spanning? : True
Is IST_2 spanning? : True
Is IST_3 spanning? : True
Is IST_4 spanning? : True
Is IST_5 spanning? : True
Are all ISTs independent? : True

====TEST CR(791, 126, 252)====
Is IST_0 spanning? : True
Is IST_1 spanning? : True
Is IST_2 spanning? : True
Is IST_3 spanning? : True
Is IST_4 spanning? : True
Is IST_5 spanning? : True
Are all ISTs independent? : True

====TEST CR(792, 126, 252)====
Is IST_0 spanning? : True
Is IST_1 spanning? : True
Is IST_2 spanning? : True
Is IST_3 spanning? : True
Is IST_4 spanning? : True
Is IST_5 spanning? : True
Are all ISTs independent? : True

====TEST CR(793, 126, 252)====
Is IST_0 spanning? : True
Is IST_1 spanning? : True
Is IST_2 spanning? : True
Is IST_3 spanning? : True
Is IST_4 spanning? : True
Is IST_5 spanning? : True
Are all ISTs independent? : True

====TEST CR(794, 126, 252)====
Is IST_0 spanning? : True
Is IST_1 spanning? : True
Is IST_2 spanning? : True
Is IST_3 spanning? : True
Is IST_4 spanning? : True
Is IST_5 spanning? : True
Are all ISTs independent? : True

====TEST CR(795, 126, 252)====
Is IST_0 spanning? : True
Is IST_1 spanning? : True
Is IST_2 spanning? : True
Is IST_3 spanning? : True
Is IST_4 spanning? : True
Is IST_5 spanning? : True
Are all ISTs independent? : True

====TEST CR(796, 126, 252)====
Is IST_0 spanning? : True
Is IST_1 spanning? : True
Is IST_2 spanning? : True
Is IST_3 spanning? : True
Is IST_4 spanning? : True
Is IST_5 spanning? : True
Are all ISTs independent? : True

====TEST CR(797, 126, 252)====
Is IST_0 spanning? : True
Is IST_1 spanning? : True
Is IST_2 spanning? : True
Is IST_3 spanning? : True
Is IST_4 spanning? : True
Is IST_5 spanning? : True
Are all ISTs independent? : True

====TEST CR(798, 126, 252)====
Is IST_0 spanning? : True
Is IST_1 spanning? : True
Is IST_2 spanning? : True
Is IST_3 spanning? : True
Is IST_4 spanning? : True
Is IST_5 spanning? : True
Are all ISTs independent? : True

====TEST CR(799, 126, 252)====
Is IST_0 spanning? : True
Is IST_1 spanning? : True
Is IST_2 spanning? : True
Is IST_3 spanning? : True
Is IST_4 spanning? : True
Is IST_5 spanning? : True
Are all ISTs independent? : True

====TEST CR(800, 126, 252)====
Is IST_0 spanning? : True
Is IST_1 spanning? : True
Is IST_2 spanning? : True
Is IST_3 spanning? : True
Is IST_4 spanning? : True
Is IST_5 spanning? : True
Are all ISTs independent? : True

====TEST CR(801, 126, 252)====
Is IST_0 spanning? : True
Is IST_1 spanning? : True
Is IST_2 spanning? : True
Is IST_3 spanning? : True
Is IST_4 spanning? : True
Is IST_5 spanning? : True
Are all ISTs independent? : True

====TEST CR(802, 126, 252)====
Is IST_0 spanning? : True
Is IST_1 spanning? : True
Is IST_2 spanning? : True
Is IST_3 spanning? : True
Is IST_4 spanning? : True
Is IST_5 spanning? : True
Are all ISTs independent? : True

====TEST CR(803, 126, 252)====
Is IST_0 spanning? : True
Is IST_1 spanning? : True
Is IST_2 spanning? : True
Is IST_3 spanning? : True
Is IST_4 spanning? : True
Is IST_5 spanning? : True
Are all ISTs independent? : True

====TEST CR(804, 126, 252)====
Is IST_0 spanning? : True
Is IST_1 spanning? : True
Is IST_2 spanning? : True
Is IST_3 spanning? : True
Is IST_4 spanning? : True
Is IST_5 spanning? : True
Are all ISTs independent? : True

====TEST CR(805, 126, 252)====
Is IST_0 spanning? : True
Is IST_1 spanning? : True
Is IST_2 spanning? : True
Is IST_3 spanning? : True
Is IST_4 spanning? : True
Is IST_5 spanning? : True
Are all ISTs independent? : True

====TEST CR(806, 126, 252)====
Is IST_0 spanning? : True
Is IST_1 spanning? : True
Is IST_2 spanning? : True
Is IST_3 spanning? : True
Is IST_4 spanning? : True
Is IST_5 spanning? : True
Are all ISTs independent? : True

====TEST CR(807, 126, 252)====
Is IST_0 spanning? : True
Is IST_1 spanning? : True
Is IST_2 spanning? : True
Is IST_3 spanning? : True
Is IST_4 spanning? : True
Is IST_5 spanning? : True
Are all ISTs independent? : True

====TEST CR(808, 126, 252)====
Is IST_0 spanning? : True
Is IST_1 spanning? : True
Is IST_2 spanning? : True
Is IST_3 spanning? : True
Is IST_4 spanning? : True
Is IST_5 spanning? : True
Are all ISTs independent? : True

====TEST CR(809, 126, 252)====
Is IST_0 spanning? : True
Is IST_1 spanning? : True
Is IST_2 spanning? : True
Is IST_3 spanning? : True
Is IST_4 spanning? : True
Is IST_5 spanning? : True
Are all ISTs independent? : True

====TEST CR(810, 126, 252)====
Is IST_0 spanning? : True
Is IST_1 spanning? : True
Is IST_2 spanning? : True
Is IST_3 spanning? : True
Is IST_4 spanning? : True
Is IST_5 spanning? : True
Are all ISTs independent? : True

====TEST CR(811, 126, 252)====
Is IST_0 spanning? : True
Is IST_1 spanning? : True
Is IST_2 spanning? : True
Is IST_3 spanning? : True
Is IST_4 spanning? : True
Is IST_5 spanning? : True
Are all ISTs independent? : True

====TEST CR(812, 126, 252)====
Is IST_0 spanning? : True
Is IST_1 spanning? : True
Is IST_2 spanning? : True
Is IST_3 spanning? : True
Is IST_4 spanning? : True
Is IST_5 spanning? : True
Are all ISTs independent? : True

====TEST CR(813, 126, 252)====
Is IST_0 spanning? : True
Is IST_1 spanning? : True
Is IST_2 spanning? : True
Is IST_3 spanning? : True
Is IST_4 spanning? : True
Is IST_5 spanning? : True
Are all ISTs independent? : True

====TEST CR(814, 126, 252)====
Is IST_0 spanning? : True
Is IST_1 spanning? : True
Is IST_2 spanning? : True
Is IST_3 spanning? : True
Is IST_4 spanning? : True
Is IST_5 spanning? : True
Are all ISTs independent? : True

====TEST CR(815, 126, 252)====
Is IST_0 spanning? : True
Is IST_1 spanning? : True
Is IST_2 spanning? : True
Is IST_3 spanning? : True
Is IST_4 spanning? : True
Is IST_5 spanning? : True
Are all ISTs independent? : True

====TEST CR(816, 126, 252)====
Is IST_0 spanning? : True
Is IST_1 spanning? : True
Is IST_2 spanning? : True
Is IST_3 spanning? : True
Is IST_4 spanning? : True
Is IST_5 spanning? : True
Are all ISTs independent? : True

====TEST CR(817, 126, 252)====
Is IST_0 spanning? : True
Is IST_1 spanning? : True
Is IST_2 spanning? : True
Is IST_3 spanning? : True
Is IST_4 spanning? : True
Is IST_5 spanning? : True
Are all ISTs independent? : True

====TEST CR(818, 126, 252)====
Is IST_0 spanning? : True
Is IST_1 spanning? : True
Is IST_2 spanning? : True
Is IST_3 spanning? : True
Is IST_4 spanning? : True
Is IST_5 spanning? : True
Are all ISTs independent? : True

====TEST CR(819, 126, 252)====
Is IST_0 spanning? : True
Is IST_1 spanning? : True
Is IST_2 spanning? : True
Is IST_3 spanning? : True
Is IST_4 spanning? : True
Is IST_5 spanning? : True
Are all ISTs independent? : True

====TEST CR(820, 126, 252)====
Is IST_0 spanning? : True
Is IST_1 spanning? : True
Is IST_2 spanning? : True
Is IST_3 spanning? : True
Is IST_4 spanning? : True
Is IST_5 spanning? : True
Are all ISTs independent? : True

====TEST CR(821, 126, 252)====
Is IST_0 spanning? : True
Is IST_1 spanning? : True
Is IST_2 spanning? : True
Is IST_3 spanning? : True
Is IST_4 spanning? : True
Is IST_5 spanning? : True
Are all ISTs independent? : True

====TEST CR(822, 126, 252)====
Is IST_0 spanning? : True
Is IST_1 spanning? : True
Is IST_2 spanning? : True
Is IST_3 spanning? : True
Is IST_4 spanning? : True
Is IST_5 spanning? : True
Are all ISTs independent? : True

====TEST CR(823, 126, 252)====
Is IST_0 spanning? : True
Is IST_1 spanning? : True
Is IST_2 spanning? : True
Is IST_3 spanning? : True
Is IST_4 spanning? : True
Is IST_5 spanning? : True
Are all ISTs independent? : True

====TEST CR(824, 126, 252)====
Is IST_0 spanning? : True
Is IST_1 spanning? : True
Is IST_2 spanning? : True
Is IST_3 spanning? : True
Is IST_4 spanning? : True
Is IST_5 spanning? : True
Are all ISTs independent? : True

====TEST CR(825, 126, 252)====
Is IST_0 spanning? : True
Is IST_1 spanning? : True
Is IST_2 spanning? : True
Is IST_3 spanning? : True
Is IST_4 spanning? : True
Is IST_5 spanning? : True
Are all ISTs independent? : True

====TEST CR(826, 126, 252)====
Is IST_0 spanning? : True
Is IST_1 spanning? : True
Is IST_2 spanning? : True
Is IST_3 spanning? : True
Is IST_4 spanning? : True
Is IST_5 spanning? : True
Are all ISTs independent? : True

====TEST CR(827, 126, 252)====
Is IST_0 spanning? : True
Is IST_1 spanning? : True
Is IST_2 spanning? : True
Is IST_3 spanning? : True
Is IST_4 spanning? : True
Is IST_5 spanning? : True
Are all ISTs independent? : True

====TEST CR(828, 126, 252)====
Is IST_0 spanning? : True
Is IST_1 spanning? : True
Is IST_2 spanning? : True
Is IST_3 spanning? : True
Is IST_4 spanning? : True
Is IST_5 spanning? : True
Are all ISTs independent? : True

====TEST CR(829, 126, 252)====
Is IST_0 spanning? : True
Is IST_1 spanning? : True
Is IST_2 spanning? : True
Is IST_3 spanning? : True
Is IST_4 spanning? : True
Is IST_5 spanning? : True
Are all ISTs independent? : True

====TEST CR(830, 126, 252)====
Is IST_0 spanning? : True
Is IST_1 spanning? : True
Is IST_2 spanning? : True
Is IST_3 spanning? : True
Is IST_4 spanning? : True
Is IST_5 spanning? : True
Are all ISTs independent? : True

====TEST CR(831, 126, 252)====
Is IST_0 spanning? : True
Is IST_1 spanning? : True
Is IST_2 spanning? : True
Is IST_3 spanning? : True
Is IST_4 spanning? : True
Is IST_5 spanning? : True
Are all ISTs independent? : True

====TEST CR(832, 126, 252)====
Is IST_0 spanning? : True
Is IST_1 spanning? : True
Is IST_2 spanning? : True
Is IST_3 spanning? : True
Is IST_4 spanning? : True
Is IST_5 spanning? : True
Are all ISTs independent? : True

====TEST CR(833, 126, 252)====
Is IST_0 spanning? : True
Is IST_1 spanning? : True
Is IST_2 spanning? : True
Is IST_3 spanning? : True
Is IST_4 spanning? : True
Is IST_5 spanning? : True
Are all ISTs independent? : True

====TEST CR(834, 126, 252)====
Is IST_0 spanning? : True
Is IST_1 spanning? : True
Is IST_2 spanning? : True
Is IST_3 spanning? : True
Is IST_4 spanning? : True
Is IST_5 spanning? : True
Are all ISTs independent? : True

====TEST CR(835, 126, 252)====
Is IST_0 spanning? : True
Is IST_1 spanning? : True
Is IST_2 spanning? : True
Is IST_3 spanning? : True
Is IST_4 spanning? : True
Is IST_5 spanning? : True
Are all ISTs independent? : True

====TEST CR(836, 126, 252)====
Is IST_0 spanning? : True
Is IST_1 spanning? : True
Is IST_2 spanning? : True
Is IST_3 spanning? : True
Is IST_4 spanning? : True
Is IST_5 spanning? : True
Are all ISTs independent? : True

====TEST CR(837, 126, 252)====
Is IST_0 spanning? : True
Is IST_1 spanning? : True
Is IST_2 spanning? : True
Is IST_3 spanning? : True
Is IST_4 spanning? : True
Is IST_5 spanning? : True
Are all ISTs independent? : True

====TEST CR(838, 126, 252)====
Is IST_0 spanning? : True
Is IST_1 spanning? : True
Is IST_2 spanning? : True
Is IST_3 spanning? : True
Is IST_4 spanning? : True
Is IST_5 spanning? : True
Are all ISTs independent? : True

====TEST CR(839, 126, 252)====
Is IST_0 spanning? : True
Is IST_1 spanning? : True
Is IST_2 spanning? : True
Is IST_3 spanning? : True
Is IST_4 spanning? : True
Is IST_5 spanning? : True
Are all ISTs independent? : True

====TEST CR(840, 126, 252)====
Is IST_0 spanning? : True
Is IST_1 spanning? : True
Is IST_2 spanning? : True
Is IST_3 spanning? : True
Is IST_4 spanning? : True
Is IST_5 spanning? : True
Are all ISTs independent? : True

====TEST CR(841, 126, 252)====
Is IST_0 spanning? : True
Is IST_1 spanning? : True
Is IST_2 spanning? : True
Is IST_3 spanning? : True
Is IST_4 spanning? : True
Is IST_5 spanning? : True
Are all ISTs independent? : True

====TEST CR(842, 126, 252)====
Is IST_0 spanning? : True
Is IST_1 spanning? : True
Is IST_2 spanning? : True
Is IST_3 spanning? : True
Is IST_4 spanning? : True
Is IST_5 spanning? : True
Are all ISTs independent? : True

====TEST CR(843, 126, 252)====
Is IST_0 spanning? : True
Is IST_1 spanning? : True
Is IST_2 spanning? : True
Is IST_3 spanning? : True
Is IST_4 spanning? : True
Is IST_5 spanning? : True
Are all ISTs independent? : True

====TEST CR(844, 126, 252)====
Is IST_0 spanning? : True
Is IST_1 spanning? : True
Is IST_2 spanning? : True
Is IST_3 spanning? : True
Is IST_4 spanning? : True
Is IST_5 spanning? : True
Are all ISTs independent? : True

====TEST CR(845, 126, 252)====
Is IST_0 spanning? : True
Is IST_1 spanning? : True
Is IST_2 spanning? : True
Is IST_3 spanning? : True
Is IST_4 spanning? : True
Is IST_5 spanning? : True
Are all ISTs independent? : True

====TEST CR(846, 126, 252)====
Is IST_0 spanning? : True
Is IST_1 spanning? : True
Is IST_2 spanning? : True
Is IST_3 spanning? : True
Is IST_4 spanning? : True
Is IST_5 spanning? : True
Are all ISTs independent? : True

====TEST CR(847, 126, 252)====
Is IST_0 spanning? : True
Is IST_1 spanning? : True
Is IST_2 spanning? : True
Is IST_3 spanning? : True
Is IST_4 spanning? : True
Is IST_5 spanning? : True
Are all ISTs independent? : True

====TEST CR(848, 126, 252)====
Is IST_0 spanning? : True
Is IST_1 spanning? : True
Is IST_2 spanning? : True
Is IST_3 spanning? : True
Is IST_4 spanning? : True
Is IST_5 spanning? : True
Are all ISTs independent? : True

====TEST CR(849, 126, 252)====
Is IST_0 spanning? : True
Is IST_1 spanning? : True
Is IST_2 spanning? : True
Is IST_3 spanning? : True
Is IST_4 spanning? : True
Is IST_5 spanning? : True
Are all ISTs independent? : True

====TEST CR(850, 126, 252)====
Is IST_0 spanning? : True
Is IST_1 spanning? : True
Is IST_2 spanning? : True
Is IST_3 spanning? : True
Is IST_4 spanning? : True
Is IST_5 spanning? : True
Are all ISTs independent? : True

====TEST CR(851, 126, 252)====
Is IST_0 spanning? : True
Is IST_1 spanning? : True
Is IST_2 spanning? : True
Is IST_3 spanning? : True
Is IST_4 spanning? : True
Is IST_5 spanning? : True
Are all ISTs independent? : True

====TEST CR(852, 126, 252)====
Is IST_0 spanning? : True
Is IST_1 spanning? : True
Is IST_2 spanning? : True
Is IST_3 spanning? : True
Is IST_4 spanning? : True
Is IST_5 spanning? : True
Are all ISTs independent? : True

====TEST CR(853, 126, 252)====
Is IST_0 spanning? : True
Is IST_1 spanning? : True
Is IST_2 spanning? : True
Is IST_3 spanning? : True
Is IST_4 spanning? : True
Is IST_5 spanning? : True
Are all ISTs independent? : True

====TEST CR(854, 126, 252)====
Is IST_0 spanning? : True
Is IST_1 spanning? : True
Is IST_2 spanning? : True
Is IST_3 spanning? : True
Is IST_4 spanning? : True
Is IST_5 spanning? : True
Are all ISTs independent? : True

====TEST CR(855, 126, 252)====
Is IST_0 spanning? : True
Is IST_1 spanning? : True
Is IST_2 spanning? : True
Is IST_3 spanning? : True
Is IST_4 spanning? : True
Is IST_5 spanning? : True
Are all ISTs independent? : True

====TEST CR(856, 126, 252)====
Is IST_0 spanning? : True
Is IST_1 spanning? : True
Is IST_2 spanning? : True
Is IST_3 spanning? : True
Is IST_4 spanning? : True
Is IST_5 spanning? : True
Are all ISTs independent? : True

====TEST CR(857, 126, 252)====
Is IST_0 spanning? : True
Is IST_1 spanning? : True
Is IST_2 spanning? : True
Is IST_3 spanning? : True
Is IST_4 spanning? : True
Is IST_5 spanning? : True
Are all ISTs independent? : True

====TEST CR(858, 126, 252)====
Is IST_0 spanning? : True
Is IST_1 spanning? : True
Is IST_2 spanning? : True
Is IST_3 spanning? : True
Is IST_4 spanning? : True
Is IST_5 spanning? : True
Are all ISTs independent? : True

====TEST CR(859, 126, 252)====
Is IST_0 spanning? : True
Is IST_1 spanning? : True
Is IST_2 spanning? : True
Is IST_3 spanning? : True
Is IST_4 spanning? : True
Is IST_5 spanning? : True
Are all ISTs independent? : True

====TEST CR(860, 126, 252)====
Is IST_0 spanning? : True
Is IST_1 spanning? : True
Is IST_2 spanning? : True
Is IST_3 spanning? : True
Is IST_4 spanning? : True
Is IST_5 spanning? : True
Are all ISTs independent? : True

====TEST CR(861, 126, 252)====
Is IST_0 spanning? : True
Is IST_1 spanning? : True
Is IST_2 spanning? : True
Is IST_3 spanning? : True
Is IST_4 spanning? : True
Is IST_5 spanning? : True
Are all ISTs independent? : True

====TEST CR(862, 126, 252)====
Is IST_0 spanning? : True
Is IST_1 spanning? : True
Is IST_2 spanning? : True
Is IST_3 spanning? : True
Is IST_4 spanning? : True
Is IST_5 spanning? : True
Are all ISTs independent? : True

====TEST CR(863, 126, 252)====
Is IST_0 spanning? : True
Is IST_1 spanning? : True
Is IST_2 spanning? : True
Is IST_3 spanning? : True
Is IST_4 spanning? : True
Is IST_5 spanning? : True
Are all ISTs independent? : True

====TEST CR(864, 126, 252)====
Is IST_0 spanning? : True
Is IST_1 spanning? : True
Is IST_2 spanning? : True
Is IST_3 spanning? : True
Is IST_4 spanning? : True
Is IST_5 spanning? : True
Are all ISTs independent? : True

====TEST CR(865, 126, 252)====
Is IST_0 spanning? : True
Is IST_1 spanning? : True
Is IST_2 spanning? : True
Is IST_3 spanning? : True
Is IST_4 spanning? : True
Is IST_5 spanning? : True
Are all ISTs independent? : True

====TEST CR(866, 126, 252)====
Is IST_0 spanning? : True
Is IST_1 spanning? : True
Is IST_2 spanning? : True
Is IST_3 spanning? : True
Is IST_4 spanning? : True
Is IST_5 spanning? : True
Are all ISTs independent? : True

====TEST CR(867, 126, 252)====
Is IST_0 spanning? : True
Is IST_1 spanning? : True
Is IST_2 spanning? : True
Is IST_3 spanning? : True
Is IST_4 spanning? : True
Is IST_5 spanning? : True
Are all ISTs independent? : True

====TEST CR(868, 126, 252)====
Is IST_0 spanning? : True
Is IST_1 spanning? : True
Is IST_2 spanning? : True
Is IST_3 spanning? : True
Is IST_4 spanning? : True
Is IST_5 spanning? : True
Are all ISTs independent? : True

====TEST CR(869, 126, 252)====
Is IST_0 spanning? : True
Is IST_1 spanning? : True
Is IST_2 spanning? : True
Is IST_3 spanning? : True
Is IST_4 spanning? : True
Is IST_5 spanning? : True
Are all ISTs independent? : True

====TEST CR(870, 126, 252)====
Is IST_0 spanning? : True
Is IST_1 spanning? : True
Is IST_2 spanning? : True
Is IST_3 spanning? : True
Is IST_4 spanning? : True
Is IST_5 spanning? : True
Are all ISTs independent? : True

====TEST CR(871, 126, 252)====
Is IST_0 spanning? : True
Is IST_1 spanning? : True
Is IST_2 spanning? : True
Is IST_3 spanning? : True
Is IST_4 spanning? : True
Is IST_5 spanning? : True
Are all ISTs independent? : True

====TEST CR(872, 126, 252)====
Is IST_0 spanning? : True
Is IST_1 spanning? : True
Is IST_2 spanning? : True
Is IST_3 spanning? : True
Is IST_4 spanning? : True
Is IST_5 spanning? : True
Are all ISTs independent? : True

====TEST CR(873, 126, 252)====
Is IST_0 spanning? : True
Is IST_1 spanning? : True
Is IST_2 spanning? : True
Is IST_3 spanning? : True
Is IST_4 spanning? : True
Is IST_5 spanning? : True
Are all ISTs independent? : True

====TEST CR(874, 126, 252)====
Is IST_0 spanning? : True
Is IST_1 spanning? : True
Is IST_2 spanning? : True
Is IST_3 spanning? : True
Is IST_4 spanning? : True
Is IST_5 spanning? : True
Are all ISTs independent? : True

====TEST CR(875, 126, 252)====
Is IST_0 spanning? : True
Is IST_1 spanning? : True
Is IST_2 spanning? : True
Is IST_3 spanning? : True
Is IST_4 spanning? : True
Is IST_5 spanning? : True
Are all ISTs independent? : True

====TEST CR(876, 126, 252)====
Is IST_0 spanning? : True
Is IST_1 spanning? : True
Is IST_2 spanning? : True
Is IST_3 spanning? : True
Is IST_4 spanning? : True
Is IST_5 spanning? : True
Are all ISTs independent? : True

====TEST CR(877, 126, 252)====
Is IST_0 spanning? : True
Is IST_1 spanning? : True
Is IST_2 spanning? : True
Is IST_3 spanning? : True
Is IST_4 spanning? : True
Is IST_5 spanning? : True
Are all ISTs independent? : True

====TEST CR(878, 126, 252)====
Is IST_0 spanning? : True
Is IST_1 spanning? : True
Is IST_2 spanning? : True
Is IST_3 spanning? : True
Is IST_4 spanning? : True
Is IST_5 spanning? : True
Are all ISTs independent? : True

====TEST CR(879, 126, 252)====
Is IST_0 spanning? : True
Is IST_1 spanning? : True
Is IST_2 spanning? : True
Is IST_3 spanning? : True
Is IST_4 spanning? : True
Is IST_5 spanning? : True
Are all ISTs independent? : True

====TEST CR(880, 126, 252)====
Is IST_0 spanning? : True
Is IST_1 spanning? : True
Is IST_2 spanning? : True
Is IST_3 spanning? : True
Is IST_4 spanning? : True
Is IST_5 spanning? : True
Are all ISTs independent? : True

====TEST CR(881, 126, 252)====
Is IST_0 spanning? : True
Is IST_1 spanning? : True
Is IST_2 spanning? : True
Is IST_3 spanning? : True
Is IST_4 spanning? : True
Is IST_5 spanning? : True
Are all ISTs independent? : True

====TEST CR(882, 126, 252)====
Is IST_0 spanning? : True
Is IST_1 spanning? : True
Is IST_2 spanning? : True
Is IST_3 spanning? : True
Is IST_4 spanning? : True
Is IST_5 spanning? : True
Are all ISTs independent? : True

====TEST CR(883, 126, 252)====
Is IST_0 spanning? : True
Is IST_1 spanning? : True
Is IST_2 spanning? : True
Is IST_3 spanning? : True
Is IST_4 spanning? : True
Is IST_5 spanning? : True
Are all ISTs independent? : True

====TEST CR(884, 126, 252)====
Is IST_0 spanning? : True
Is IST_1 spanning? : True
Is IST_2 spanning? : True
Is IST_3 spanning? : True
Is IST_4 spanning? : True
Is IST_5 spanning? : True
Are all ISTs independent? : True

====TEST CR(762, 127, 254)====
Is IST_0 spanning? : True
Is IST_1 spanning? : True
Is IST_2 spanning? : True
Is IST_3 spanning? : True
Is IST_4 spanning? : True
Is IST_5 spanning? : True
Are all ISTs independent? : True

====TEST CR(763, 127, 254)====
Is IST_0 spanning? : True
Is IST_1 spanning? : True
Is IST_2 spanning? : True
Is IST_3 spanning? : True
Is IST_4 spanning? : True
Is IST_5 spanning? : True
Are all ISTs independent? : True

====TEST CR(764, 127, 254)====
Is IST_0 spanning? : True
Is IST_1 spanning? : True
Is IST_2 spanning? : True
Is IST_3 spanning? : True
Is IST_4 spanning? : True
Is IST_5 spanning? : True
Are all ISTs independent? : True

====TEST CR(765, 127, 254)====
Is IST_0 spanning? : True
Is IST_1 spanning? : True
Is IST_2 spanning? : True
Is IST_3 spanning? : True
Is IST_4 spanning? : True
Is IST_5 spanning? : True
Are all ISTs independent? : True

====TEST CR(766, 127, 254)====
Is IST_0 spanning? : True
Is IST_1 spanning? : True
Is IST_2 spanning? : True
Is IST_3 spanning? : True
Is IST_4 spanning? : True
Is IST_5 spanning? : True
Are all ISTs independent? : True

====TEST CR(767, 127, 254)====
Is IST_0 spanning? : True
Is IST_1 spanning? : True
Is IST_2 spanning? : True
Is IST_3 spanning? : True
Is IST_4 spanning? : True
Is IST_5 spanning? : True
Are all ISTs independent? : True

====TEST CR(768, 127, 254)====
Is IST_0 spanning? : True
Is IST_1 spanning? : True
Is IST_2 spanning? : True
Is IST_3 spanning? : True
Is IST_4 spanning? : True
Is IST_5 spanning? : True
Are all ISTs independent? : True

====TEST CR(769, 127, 254)====
Is IST_0 spanning? : True
Is IST_1 spanning? : True
Is IST_2 spanning? : True
Is IST_3 spanning? : True
Is IST_4 spanning? : True
Is IST_5 spanning? : True
Are all ISTs independent? : True

====TEST CR(770, 127, 254)====
Is IST_0 spanning? : True
Is IST_1 spanning? : True
Is IST_2 spanning? : True
Is IST_3 spanning? : True
Is IST_4 spanning? : True
Is IST_5 spanning? : True
Are all ISTs independent? : True

====TEST CR(771, 127, 254)====
Is IST_0 spanning? : True
Is IST_1 spanning? : True
Is IST_2 spanning? : True
Is IST_3 spanning? : True
Is IST_4 spanning? : True
Is IST_5 spanning? : True
Are all ISTs independent? : True

====TEST CR(772, 127, 254)====
Is IST_0 spanning? : True
Is IST_1 spanning? : True
Is IST_2 spanning? : True
Is IST_3 spanning? : True
Is IST_4 spanning? : True
Is IST_5 spanning? : True
Are all ISTs independent? : True

====TEST CR(773, 127, 254)====
Is IST_0 spanning? : True
Is IST_1 spanning? : True
Is IST_2 spanning? : True
Is IST_3 spanning? : True
Is IST_4 spanning? : True
Is IST_5 spanning? : True
Are all ISTs independent? : True

====TEST CR(774, 127, 254)====
Is IST_0 spanning? : True
Is IST_1 spanning? : True
Is IST_2 spanning? : True
Is IST_3 spanning? : True
Is IST_4 spanning? : True
Is IST_5 spanning? : True
Are all ISTs independent? : True

====TEST CR(775, 127, 254)====
Is IST_0 spanning? : True
Is IST_1 spanning? : True
Is IST_2 spanning? : True
Is IST_3 spanning? : True
Is IST_4 spanning? : True
Is IST_5 spanning? : True
Are all ISTs independent? : True

====TEST CR(776, 127, 254)====
Is IST_0 spanning? : True
Is IST_1 spanning? : True
Is IST_2 spanning? : True
Is IST_3 spanning? : True
Is IST_4 spanning? : True
Is IST_5 spanning? : True
Are all ISTs independent? : True

====TEST CR(777, 127, 254)====
Is IST_0 spanning? : True
Is IST_1 spanning? : True
Is IST_2 spanning? : True
Is IST_3 spanning? : True
Is IST_4 spanning? : True
Is IST_5 spanning? : True
Are all ISTs independent? : True

====TEST CR(778, 127, 254)====
Is IST_0 spanning? : True
Is IST_1 spanning? : True
Is IST_2 spanning? : True
Is IST_3 spanning? : True
Is IST_4 spanning? : True
Is IST_5 spanning? : True
Are all ISTs independent? : True

====TEST CR(779, 127, 254)====
Is IST_0 spanning? : True
Is IST_1 spanning? : True
Is IST_2 spanning? : True
Is IST_3 spanning? : True
Is IST_4 spanning? : True
Is IST_5 spanning? : True
Are all ISTs independent? : True

====TEST CR(780, 127, 254)====
Is IST_0 spanning? : True
Is IST_1 spanning? : True
Is IST_2 spanning? : True
Is IST_3 spanning? : True
Is IST_4 spanning? : True
Is IST_5 spanning? : True
Are all ISTs independent? : True

====TEST CR(781, 127, 254)====
Is IST_0 spanning? : True
Is IST_1 spanning? : True
Is IST_2 spanning? : True
Is IST_3 spanning? : True
Is IST_4 spanning? : True
Is IST_5 spanning? : True
Are all ISTs independent? : True

====TEST CR(782, 127, 254)====
Is IST_0 spanning? : True
Is IST_1 spanning? : True
Is IST_2 spanning? : True
Is IST_3 spanning? : True
Is IST_4 spanning? : True
Is IST_5 spanning? : True
Are all ISTs independent? : True

====TEST CR(783, 127, 254)====
Is IST_0 spanning? : True
Is IST_1 spanning? : True
Is IST_2 spanning? : True
Is IST_3 spanning? : True
Is IST_4 spanning? : True
Is IST_5 spanning? : True
Are all ISTs independent? : True

====TEST CR(784, 127, 254)====
Is IST_0 spanning? : True
Is IST_1 spanning? : True
Is IST_2 spanning? : True
Is IST_3 spanning? : True
Is IST_4 spanning? : True
Is IST_5 spanning? : True
Are all ISTs independent? : True

====TEST CR(785, 127, 254)====
Is IST_0 spanning? : True
Is IST_1 spanning? : True
Is IST_2 spanning? : True
Is IST_3 spanning? : True
Is IST_4 spanning? : True
Is IST_5 spanning? : True
Are all ISTs independent? : True

====TEST CR(786, 127, 254)====
Is IST_0 spanning? : True
Is IST_1 spanning? : True
Is IST_2 spanning? : True
Is IST_3 spanning? : True
Is IST_4 spanning? : True
Is IST_5 spanning? : True
Are all ISTs independent? : True

====TEST CR(787, 127, 254)====
Is IST_0 spanning? : True
Is IST_1 spanning? : True
Is IST_2 spanning? : True
Is IST_3 spanning? : True
Is IST_4 spanning? : True
Is IST_5 spanning? : True
Are all ISTs independent? : True

====TEST CR(788, 127, 254)====
Is IST_0 spanning? : True
Is IST_1 spanning? : True
Is IST_2 spanning? : True
Is IST_3 spanning? : True
Is IST_4 spanning? : True
Is IST_5 spanning? : True
Are all ISTs independent? : True

====TEST CR(789, 127, 254)====
Is IST_0 spanning? : True
Is IST_1 spanning? : True
Is IST_2 spanning? : True
Is IST_3 spanning? : True
Is IST_4 spanning? : True
Is IST_5 spanning? : True
Are all ISTs independent? : True

====TEST CR(790, 127, 254)====
Is IST_0 spanning? : True
Is IST_1 spanning? : True
Is IST_2 spanning? : True
Is IST_3 spanning? : True
Is IST_4 spanning? : True
Is IST_5 spanning? : True
Are all ISTs independent? : True

====TEST CR(791, 127, 254)====
Is IST_0 spanning? : True
Is IST_1 spanning? : True
Is IST_2 spanning? : True
Is IST_3 spanning? : True
Is IST_4 spanning? : True
Is IST_5 spanning? : True
Are all ISTs independent? : True

====TEST CR(792, 127, 254)====
Is IST_0 spanning? : True
Is IST_1 spanning? : True
Is IST_2 spanning? : True
Is IST_3 spanning? : True
Is IST_4 spanning? : True
Is IST_5 spanning? : True
Are all ISTs independent? : True

====TEST CR(793, 127, 254)====
Is IST_0 spanning? : True
Is IST_1 spanning? : True
Is IST_2 spanning? : True
Is IST_3 spanning? : True
Is IST_4 spanning? : True
Is IST_5 spanning? : True
Are all ISTs independent? : True

====TEST CR(794, 127, 254)====
Is IST_0 spanning? : True
Is IST_1 spanning? : True
Is IST_2 spanning? : True
Is IST_3 spanning? : True
Is IST_4 spanning? : True
Is IST_5 spanning? : True
Are all ISTs independent? : True

====TEST CR(795, 127, 254)====
Is IST_0 spanning? : True
Is IST_1 spanning? : True
Is IST_2 spanning? : True
Is IST_3 spanning? : True
Is IST_4 spanning? : True
Is IST_5 spanning? : True
Are all ISTs independent? : True

====TEST CR(796, 127, 254)====
Is IST_0 spanning? : True
Is IST_1 spanning? : True
Is IST_2 spanning? : True
Is IST_3 spanning? : True
Is IST_4 spanning? : True
Is IST_5 spanning? : True
Are all ISTs independent? : True

====TEST CR(797, 127, 254)====
Is IST_0 spanning? : True
Is IST_1 spanning? : True
Is IST_2 spanning? : True
Is IST_3 spanning? : True
Is IST_4 spanning? : True
Is IST_5 spanning? : True
Are all ISTs independent? : True

====TEST CR(798, 127, 254)====
Is IST_0 spanning? : True
Is IST_1 spanning? : True
Is IST_2 spanning? : True
Is IST_3 spanning? : True
Is IST_4 spanning? : True
Is IST_5 spanning? : True
Are all ISTs independent? : True

====TEST CR(799, 127, 254)====
Is IST_0 spanning? : True
Is IST_1 spanning? : True
Is IST_2 spanning? : True
Is IST_3 spanning? : True
Is IST_4 spanning? : True
Is IST_5 spanning? : True
Are all ISTs independent? : True

====TEST CR(800, 127, 254)====
Is IST_0 spanning? : True
Is IST_1 spanning? : True
Is IST_2 spanning? : True
Is IST_3 spanning? : True
Is IST_4 spanning? : True
Is IST_5 spanning? : True
Are all ISTs independent? : True

====TEST CR(801, 127, 254)====
Is IST_0 spanning? : True
Is IST_1 spanning? : True
Is IST_2 spanning? : True
Is IST_3 spanning? : True
Is IST_4 spanning? : True
Is IST_5 spanning? : True
Are all ISTs independent? : True

====TEST CR(802, 127, 254)====
Is IST_0 spanning? : True
Is IST_1 spanning? : True
Is IST_2 spanning? : True
Is IST_3 spanning? : True
Is IST_4 spanning? : True
Is IST_5 spanning? : True
Are all ISTs independent? : True

====TEST CR(803, 127, 254)====
Is IST_0 spanning? : True
Is IST_1 spanning? : True
Is IST_2 spanning? : True
Is IST_3 spanning? : True
Is IST_4 spanning? : True
Is IST_5 spanning? : True
Are all ISTs independent? : True

====TEST CR(804, 127, 254)====
Is IST_0 spanning? : True
Is IST_1 spanning? : True
Is IST_2 spanning? : True
Is IST_3 spanning? : True
Is IST_4 spanning? : True
Is IST_5 spanning? : True
Are all ISTs independent? : True

====TEST CR(805, 127, 254)====
Is IST_0 spanning? : True
Is IST_1 spanning? : True
Is IST_2 spanning? : True
Is IST_3 spanning? : True
Is IST_4 spanning? : True
Is IST_5 spanning? : True
Are all ISTs independent? : True

====TEST CR(806, 127, 254)====
Is IST_0 spanning? : True
Is IST_1 spanning? : True
Is IST_2 spanning? : True
Is IST_3 spanning? : True
Is IST_4 spanning? : True
Is IST_5 spanning? : True
Are all ISTs independent? : True

====TEST CR(807, 127, 254)====
Is IST_0 spanning? : True
Is IST_1 spanning? : True
Is IST_2 spanning? : True
Is IST_3 spanning? : True
Is IST_4 spanning? : True
Is IST_5 spanning? : True
Are all ISTs independent? : True

====TEST CR(808, 127, 254)====
Is IST_0 spanning? : True
Is IST_1 spanning? : True
Is IST_2 spanning? : True
Is IST_3 spanning? : True
Is IST_4 spanning? : True
Is IST_5 spanning? : True
Are all ISTs independent? : True

====TEST CR(809, 127, 254)====
Is IST_0 spanning? : True
Is IST_1 spanning? : True
Is IST_2 spanning? : True
Is IST_3 spanning? : True
Is IST_4 spanning? : True
Is IST_5 spanning? : True
Are all ISTs independent? : True

====TEST CR(810, 127, 254)====
Is IST_0 spanning? : True
Is IST_1 spanning? : True
Is IST_2 spanning? : True
Is IST_3 spanning? : True
Is IST_4 spanning? : True
Is IST_5 spanning? : True
Are all ISTs independent? : True

====TEST CR(811, 127, 254)====
Is IST_0 spanning? : True
Is IST_1 spanning? : True
Is IST_2 spanning? : True
Is IST_3 spanning? : True
Is IST_4 spanning? : True
Is IST_5 spanning? : True
Are all ISTs independent? : True

====TEST CR(812, 127, 254)====
Is IST_0 spanning? : True
Is IST_1 spanning? : True
Is IST_2 spanning? : True
Is IST_3 spanning? : True
Is IST_4 spanning? : True
Is IST_5 spanning? : True
Are all ISTs independent? : True

====TEST CR(813, 127, 254)====
Is IST_0 spanning? : True
Is IST_1 spanning? : True
Is IST_2 spanning? : True
Is IST_3 spanning? : True
Is IST_4 spanning? : True
Is IST_5 spanning? : True
Are all ISTs independent? : True

====TEST CR(814, 127, 254)====
Is IST_0 spanning? : True
Is IST_1 spanning? : True
Is IST_2 spanning? : True
Is IST_3 spanning? : True
Is IST_4 spanning? : True
Is IST_5 spanning? : True
Are all ISTs independent? : True

====TEST CR(815, 127, 254)====
Is IST_0 spanning? : True
Is IST_1 spanning? : True
Is IST_2 spanning? : True
Is IST_3 spanning? : True
Is IST_4 spanning? : True
Is IST_5 spanning? : True
Are all ISTs independent? : True

====TEST CR(816, 127, 254)====
Is IST_0 spanning? : True
Is IST_1 spanning? : True
Is IST_2 spanning? : True
Is IST_3 spanning? : True
Is IST_4 spanning? : True
Is IST_5 spanning? : True
Are all ISTs independent? : True

====TEST CR(817, 127, 254)====
Is IST_0 spanning? : True
Is IST_1 spanning? : True
Is IST_2 spanning? : True
Is IST_3 spanning? : True
Is IST_4 spanning? : True
Is IST_5 spanning? : True
Are all ISTs independent? : True

====TEST CR(818, 127, 254)====
Is IST_0 spanning? : True
Is IST_1 spanning? : True
Is IST_2 spanning? : True
Is IST_3 spanning? : True
Is IST_4 spanning? : True
Is IST_5 spanning? : True
Are all ISTs independent? : True

====TEST CR(819, 127, 254)====
Is IST_0 spanning? : True
Is IST_1 spanning? : True
Is IST_2 spanning? : True
Is IST_3 spanning? : True
Is IST_4 spanning? : True
Is IST_5 spanning? : True
Are all ISTs independent? : True

====TEST CR(820, 127, 254)====
Is IST_0 spanning? : True
Is IST_1 spanning? : True
Is IST_2 spanning? : True
Is IST_3 spanning? : True
Is IST_4 spanning? : True
Is IST_5 spanning? : True
Are all ISTs independent? : True

====TEST CR(821, 127, 254)====
Is IST_0 spanning? : True
Is IST_1 spanning? : True
Is IST_2 spanning? : True
Is IST_3 spanning? : True
Is IST_4 spanning? : True
Is IST_5 spanning? : True
Are all ISTs independent? : True

====TEST CR(822, 127, 254)====
Is IST_0 spanning? : True
Is IST_1 spanning? : True
Is IST_2 spanning? : True
Is IST_3 spanning? : True
Is IST_4 spanning? : True
Is IST_5 spanning? : True
Are all ISTs independent? : True

====TEST CR(823, 127, 254)====
Is IST_0 spanning? : True
Is IST_1 spanning? : True
Is IST_2 spanning? : True
Is IST_3 spanning? : True
Is IST_4 spanning? : True
Is IST_5 spanning? : True
Are all ISTs independent? : True

====TEST CR(824, 127, 254)====
Is IST_0 spanning? : True
Is IST_1 spanning? : True
Is IST_2 spanning? : True
Is IST_3 spanning? : True
Is IST_4 spanning? : True
Is IST_5 spanning? : True
Are all ISTs independent? : True

====TEST CR(825, 127, 254)====
Is IST_0 spanning? : True
Is IST_1 spanning? : True
Is IST_2 spanning? : True
Is IST_3 spanning? : True
Is IST_4 spanning? : True
Is IST_5 spanning? : True
Are all ISTs independent? : True

====TEST CR(826, 127, 254)====
Is IST_0 spanning? : True
Is IST_1 spanning? : True
Is IST_2 spanning? : True
Is IST_3 spanning? : True
Is IST_4 spanning? : True
Is IST_5 spanning? : True
Are all ISTs independent? : True

====TEST CR(827, 127, 254)====
Is IST_0 spanning? : True
Is IST_1 spanning? : True
Is IST_2 spanning? : True
Is IST_3 spanning? : True
Is IST_4 spanning? : True
Is IST_5 spanning? : True
Are all ISTs independent? : True

====TEST CR(828, 127, 254)====
Is IST_0 spanning? : True
Is IST_1 spanning? : True
Is IST_2 spanning? : True
Is IST_3 spanning? : True
Is IST_4 spanning? : True
Is IST_5 spanning? : True
Are all ISTs independent? : True

====TEST CR(829, 127, 254)====
Is IST_0 spanning? : True
Is IST_1 spanning? : True
Is IST_2 spanning? : True
Is IST_3 spanning? : True
Is IST_4 spanning? : True
Is IST_5 spanning? : True
Are all ISTs independent? : True

====TEST CR(830, 127, 254)====
Is IST_0 spanning? : True
Is IST_1 spanning? : True
Is IST_2 spanning? : True
Is IST_3 spanning? : True
Is IST_4 spanning? : True
Is IST_5 spanning? : True
Are all ISTs independent? : True

====TEST CR(831, 127, 254)====
Is IST_0 spanning? : True
Is IST_1 spanning? : True
Is IST_2 spanning? : True
Is IST_3 spanning? : True
Is IST_4 spanning? : True
Is IST_5 spanning? : True
Are all ISTs independent? : True

====TEST CR(832, 127, 254)====
Is IST_0 spanning? : True
Is IST_1 spanning? : True
Is IST_2 spanning? : True
Is IST_3 spanning? : True
Is IST_4 spanning? : True
Is IST_5 spanning? : True
Are all ISTs independent? : True

====TEST CR(833, 127, 254)====
Is IST_0 spanning? : True
Is IST_1 spanning? : True
Is IST_2 spanning? : True
Is IST_3 spanning? : True
Is IST_4 spanning? : True
Is IST_5 spanning? : True
Are all ISTs independent? : True

====TEST CR(834, 127, 254)====
Is IST_0 spanning? : True
Is IST_1 spanning? : True
Is IST_2 spanning? : True
Is IST_3 spanning? : True
Is IST_4 spanning? : True
Is IST_5 spanning? : True
Are all ISTs independent? : True

====TEST CR(835, 127, 254)====
Is IST_0 spanning? : True
Is IST_1 spanning? : True
Is IST_2 spanning? : True
Is IST_3 spanning? : True
Is IST_4 spanning? : True
Is IST_5 spanning? : True
Are all ISTs independent? : True

====TEST CR(836, 127, 254)====
Is IST_0 spanning? : True
Is IST_1 spanning? : True
Is IST_2 spanning? : True
Is IST_3 spanning? : True
Is IST_4 spanning? : True
Is IST_5 spanning? : True
Are all ISTs independent? : True

====TEST CR(837, 127, 254)====
Is IST_0 spanning? : True
Is IST_1 spanning? : True
Is IST_2 spanning? : True
Is IST_3 spanning? : True
Is IST_4 spanning? : True
Is IST_5 spanning? : True
Are all ISTs independent? : True

====TEST CR(838, 127, 254)====
Is IST_0 spanning? : True
Is IST_1 spanning? : True
Is IST_2 spanning? : True
Is IST_3 spanning? : True
Is IST_4 spanning? : True
Is IST_5 spanning? : True
Are all ISTs independent? : True

====TEST CR(839, 127, 254)====
Is IST_0 spanning? : True
Is IST_1 spanning? : True
Is IST_2 spanning? : True
Is IST_3 spanning? : True
Is IST_4 spanning? : True
Is IST_5 spanning? : True
Are all ISTs independent? : True

====TEST CR(840, 127, 254)====
Is IST_0 spanning? : True
Is IST_1 spanning? : True
Is IST_2 spanning? : True
Is IST_3 spanning? : True
Is IST_4 spanning? : True
Is IST_5 spanning? : True
Are all ISTs independent? : True

====TEST CR(841, 127, 254)====
Is IST_0 spanning? : True
Is IST_1 spanning? : True
Is IST_2 spanning? : True
Is IST_3 spanning? : True
Is IST_4 spanning? : True
Is IST_5 spanning? : True
Are all ISTs independent? : True

====TEST CR(842, 127, 254)====
Is IST_0 spanning? : True
Is IST_1 spanning? : True
Is IST_2 spanning? : True
Is IST_3 spanning? : True
Is IST_4 spanning? : True
Is IST_5 spanning? : True
Are all ISTs independent? : True

====TEST CR(843, 127, 254)====
Is IST_0 spanning? : True
Is IST_1 spanning? : True
Is IST_2 spanning? : True
Is IST_3 spanning? : True
Is IST_4 spanning? : True
Is IST_5 spanning? : True
Are all ISTs independent? : True

====TEST CR(844, 127, 254)====
Is IST_0 spanning? : True
Is IST_1 spanning? : True
Is IST_2 spanning? : True
Is IST_3 spanning? : True
Is IST_4 spanning? : True
Is IST_5 spanning? : True
Are all ISTs independent? : True

====TEST CR(845, 127, 254)====
Is IST_0 spanning? : True
Is IST_1 spanning? : True
Is IST_2 spanning? : True
Is IST_3 spanning? : True
Is IST_4 spanning? : True
Is IST_5 spanning? : True
Are all ISTs independent? : True

====TEST CR(846, 127, 254)====
Is IST_0 spanning? : True
Is IST_1 spanning? : True
Is IST_2 spanning? : True
Is IST_3 spanning? : True
Is IST_4 spanning? : True
Is IST_5 spanning? : True
Are all ISTs independent? : True

====TEST CR(847, 127, 254)====
Is IST_0 spanning? : True
Is IST_1 spanning? : True
Is IST_2 spanning? : True
Is IST_3 spanning? : True
Is IST_4 spanning? : True
Is IST_5 spanning? : True
Are all ISTs independent? : True

====TEST CR(848, 127, 254)====
Is IST_0 spanning? : True
Is IST_1 spanning? : True
Is IST_2 spanning? : True
Is IST_3 spanning? : True
Is IST_4 spanning? : True
Is IST_5 spanning? : True
Are all ISTs independent? : True

====TEST CR(849, 127, 254)====
Is IST_0 spanning? : True
Is IST_1 spanning? : True
Is IST_2 spanning? : True
Is IST_3 spanning? : True
Is IST_4 spanning? : True
Is IST_5 spanning? : True
Are all ISTs independent? : True

====TEST CR(850, 127, 254)====
Is IST_0 spanning? : True
Is IST_1 spanning? : True
Is IST_2 spanning? : True
Is IST_3 spanning? : True
Is IST_4 spanning? : True
Is IST_5 spanning? : True
Are all ISTs independent? : True

====TEST CR(851, 127, 254)====
Is IST_0 spanning? : True
Is IST_1 spanning? : True
Is IST_2 spanning? : True
Is IST_3 spanning? : True
Is IST_4 spanning? : True
Is IST_5 spanning? : True
Are all ISTs independent? : True

====TEST CR(852, 127, 254)====
Is IST_0 spanning? : True
Is IST_1 spanning? : True
Is IST_2 spanning? : True
Is IST_3 spanning? : True
Is IST_4 spanning? : True
Is IST_5 spanning? : True
Are all ISTs independent? : True

====TEST CR(853, 127, 254)====
Is IST_0 spanning? : True
Is IST_1 spanning? : True
Is IST_2 spanning? : True
Is IST_3 spanning? : True
Is IST_4 spanning? : True
Is IST_5 spanning? : True
Are all ISTs independent? : True

====TEST CR(854, 127, 254)====
Is IST_0 spanning? : True
Is IST_1 spanning? : True
Is IST_2 spanning? : True
Is IST_3 spanning? : True
Is IST_4 spanning? : True
Is IST_5 spanning? : True
Are all ISTs independent? : True

====TEST CR(855, 127, 254)====
Is IST_0 spanning? : True
Is IST_1 spanning? : True
Is IST_2 spanning? : True
Is IST_3 spanning? : True
Is IST_4 spanning? : True
Is IST_5 spanning? : True
Are all ISTs independent? : True

====TEST CR(856, 127, 254)====
Is IST_0 spanning? : True
Is IST_1 spanning? : True
Is IST_2 spanning? : True
Is IST_3 spanning? : True
Is IST_4 spanning? : True
Is IST_5 spanning? : True
Are all ISTs independent? : True

====TEST CR(857, 127, 254)====
Is IST_0 spanning? : True
Is IST_1 spanning? : True
Is IST_2 spanning? : True
Is IST_3 spanning? : True
Is IST_4 spanning? : True
Is IST_5 spanning? : True
Are all ISTs independent? : True

====TEST CR(858, 127, 254)====
Is IST_0 spanning? : True
Is IST_1 spanning? : True
Is IST_2 spanning? : True
Is IST_3 spanning? : True
Is IST_4 spanning? : True
Is IST_5 spanning? : True
Are all ISTs independent? : True

====TEST CR(859, 127, 254)====
Is IST_0 spanning? : True
Is IST_1 spanning? : True
Is IST_2 spanning? : True
Is IST_3 spanning? : True
Is IST_4 spanning? : True
Is IST_5 spanning? : True
Are all ISTs independent? : True

====TEST CR(860, 127, 254)====
Is IST_0 spanning? : True
Is IST_1 spanning? : True
Is IST_2 spanning? : True
Is IST_3 spanning? : True
Is IST_4 spanning? : True
Is IST_5 spanning? : True
Are all ISTs independent? : True

====TEST CR(861, 127, 254)====
Is IST_0 spanning? : True
Is IST_1 spanning? : True
Is IST_2 spanning? : True
Is IST_3 spanning? : True
Is IST_4 spanning? : True
Is IST_5 spanning? : True
Are all ISTs independent? : True

====TEST CR(862, 127, 254)====
Is IST_0 spanning? : True
Is IST_1 spanning? : True
Is IST_2 spanning? : True
Is IST_3 spanning? : True
Is IST_4 spanning? : True
Is IST_5 spanning? : True
Are all ISTs independent? : True

====TEST CR(863, 127, 254)====
Is IST_0 spanning? : True
Is IST_1 spanning? : True
Is IST_2 spanning? : True
Is IST_3 spanning? : True
Is IST_4 spanning? : True
Is IST_5 spanning? : True
Are all ISTs independent? : True

====TEST CR(864, 127, 254)====
Is IST_0 spanning? : True
Is IST_1 spanning? : True
Is IST_2 spanning? : True
Is IST_3 spanning? : True
Is IST_4 spanning? : True
Is IST_5 spanning? : True
Are all ISTs independent? : True

====TEST CR(865, 127, 254)====
Is IST_0 spanning? : True
Is IST_1 spanning? : True
Is IST_2 spanning? : True
Is IST_3 spanning? : True
Is IST_4 spanning? : True
Is IST_5 spanning? : True
Are all ISTs independent? : True

====TEST CR(866, 127, 254)====
Is IST_0 spanning? : True
Is IST_1 spanning? : True
Is IST_2 spanning? : True
Is IST_3 spanning? : True
Is IST_4 spanning? : True
Is IST_5 spanning? : True
Are all ISTs independent? : True

====TEST CR(867, 127, 254)====
Is IST_0 spanning? : True
Is IST_1 spanning? : True
Is IST_2 spanning? : True
Is IST_3 spanning? : True
Is IST_4 spanning? : True
Is IST_5 spanning? : True
Are all ISTs independent? : True

====TEST CR(868, 127, 254)====
Is IST_0 spanning? : True
Is IST_1 spanning? : True
Is IST_2 spanning? : True
Is IST_3 spanning? : True
Is IST_4 spanning? : True
Is IST_5 spanning? : True
Are all ISTs independent? : True

====TEST CR(869, 127, 254)====
Is IST_0 spanning? : True
Is IST_1 spanning? : True
Is IST_2 spanning? : True
Is IST_3 spanning? : True
Is IST_4 spanning? : True
Is IST_5 spanning? : True
Are all ISTs independent? : True

====TEST CR(870, 127, 254)====
Is IST_0 spanning? : True
Is IST_1 spanning? : True
Is IST_2 spanning? : True
Is IST_3 spanning? : True
Is IST_4 spanning? : True
Is IST_5 spanning? : True
Are all ISTs independent? : True

====TEST CR(871, 127, 254)====
Is IST_0 spanning? : True
Is IST_1 spanning? : True
Is IST_2 spanning? : True
Is IST_3 spanning? : True
Is IST_4 spanning? : True
Is IST_5 spanning? : True
Are all ISTs independent? : True

====TEST CR(872, 127, 254)====
Is IST_0 spanning? : True
Is IST_1 spanning? : True
Is IST_2 spanning? : True
Is IST_3 spanning? : True
Is IST_4 spanning? : True
Is IST_5 spanning? : True
Are all ISTs independent? : True

====TEST CR(873, 127, 254)====
Is IST_0 spanning? : True
Is IST_1 spanning? : True
Is IST_2 spanning? : True
Is IST_3 spanning? : True
Is IST_4 spanning? : True
Is IST_5 spanning? : True
Are all ISTs independent? : True

====TEST CR(874, 127, 254)====
Is IST_0 spanning? : True
Is IST_1 spanning? : True
Is IST_2 spanning? : True
Is IST_3 spanning? : True
Is IST_4 spanning? : True
Is IST_5 spanning? : True
Are all ISTs independent? : True

====TEST CR(875, 127, 254)====
Is IST_0 spanning? : True
Is IST_1 spanning? : True
Is IST_2 spanning? : True
Is IST_3 spanning? : True
Is IST_4 spanning? : True
Is IST_5 spanning? : True
Are all ISTs independent? : True

====TEST CR(876, 127, 254)====
Is IST_0 spanning? : True
Is IST_1 spanning? : True
Is IST_2 spanning? : True
Is IST_3 spanning? : True
Is IST_4 spanning? : True
Is IST_5 spanning? : True
Are all ISTs independent? : True

====TEST CR(877, 127, 254)====
Is IST_0 spanning? : True
Is IST_1 spanning? : True
Is IST_2 spanning? : True
Is IST_3 spanning? : True
Is IST_4 spanning? : True
Is IST_5 spanning? : True
Are all ISTs independent? : True

====TEST CR(878, 127, 254)====
Is IST_0 spanning? : True
Is IST_1 spanning? : True
Is IST_2 spanning? : True
Is IST_3 spanning? : True
Is IST_4 spanning? : True
Is IST_5 spanning? : True
Are all ISTs independent? : True

====TEST CR(879, 127, 254)====
Is IST_0 spanning? : True
Is IST_1 spanning? : True
Is IST_2 spanning? : True
Is IST_3 spanning? : True
Is IST_4 spanning? : True
Is IST_5 spanning? : True
Are all ISTs independent? : True

====TEST CR(880, 127, 254)====
Is IST_0 spanning? : True
Is IST_1 spanning? : True
Is IST_2 spanning? : True
Is IST_3 spanning? : True
Is IST_4 spanning? : True
Is IST_5 spanning? : True
Are all ISTs independent? : True

====TEST CR(881, 127, 254)====
Is IST_0 spanning? : True
Is IST_1 spanning? : True
Is IST_2 spanning? : True
Is IST_3 spanning? : True
Is IST_4 spanning? : True
Is IST_5 spanning? : True
Are all ISTs independent? : True

====TEST CR(882, 127, 254)====
Is IST_0 spanning? : True
Is IST_1 spanning? : True
Is IST_2 spanning? : True
Is IST_3 spanning? : True
Is IST_4 spanning? : True
Is IST_5 spanning? : True
Are all ISTs independent? : True

====TEST CR(883, 127, 254)====
Is IST_0 spanning? : True
Is IST_1 spanning? : True
Is IST_2 spanning? : True
Is IST_3 spanning? : True
Is IST_4 spanning? : True
Is IST_5 spanning? : True
Are all ISTs independent? : True

====TEST CR(884, 127, 254)====
Is IST_0 spanning? : True
Is IST_1 spanning? : True
Is IST_2 spanning? : True
Is IST_3 spanning? : True
Is IST_4 spanning? : True
Is IST_5 spanning? : True
Are all ISTs independent? : True

====TEST CR(885, 127, 254)====
Is IST_0 spanning? : True
Is IST_1 spanning? : True
Is IST_2 spanning? : True
Is IST_3 spanning? : True
Is IST_4 spanning? : True
Is IST_5 spanning? : True
Are all ISTs independent? : True

====TEST CR(886, 127, 254)====
Is IST_0 spanning? : True
Is IST_1 spanning? : True
Is IST_2 spanning? : True
Is IST_3 spanning? : True
Is IST_4 spanning? : True
Is IST_5 spanning? : True
Are all ISTs independent? : True

====TEST CR(887, 127, 254)====
Is IST_0 spanning? : True
Is IST_1 spanning? : True
Is IST_2 spanning? : True
Is IST_3 spanning? : True
Is IST_4 spanning? : True
Is IST_5 spanning? : True
Are all ISTs independent? : True

====TEST CR(888, 127, 254)====
Is IST_0 spanning? : True
Is IST_1 spanning? : True
Is IST_2 spanning? : True
Is IST_3 spanning? : True
Is IST_4 spanning? : True
Is IST_5 spanning? : True
Are all ISTs independent? : True

====TEST CR(889, 127, 254)====
Is IST_0 spanning? : True
Is IST_1 spanning? : True
Is IST_2 spanning? : True
Is IST_3 spanning? : True
Is IST_4 spanning? : True
Is IST_5 spanning? : True
Are all ISTs independent? : True

====TEST CR(890, 127, 254)====
Is IST_0 spanning? : True
Is IST_1 spanning? : True
Is IST_2 spanning? : True
Is IST_3 spanning? : True
Is IST_4 spanning? : True
Is IST_5 spanning? : True
Are all ISTs independent? : True

====TEST CR(768, 128, 256)====
Is IST_0 spanning? : True
Is IST_1 spanning? : True
Is IST_2 spanning? : True
Is IST_3 spanning? : True
Is IST_4 spanning? : True
Is IST_5 spanning? : True
Are all ISTs independent? : True

====TEST CR(769, 128, 256)====
Is IST_0 spanning? : True
Is IST_1 spanning? : True
Is IST_2 spanning? : True
Is IST_3 spanning? : True
Is IST_4 spanning? : True
Is IST_5 spanning? : True
Are all ISTs independent? : True

====TEST CR(770, 128, 256)====
Is IST_0 spanning? : True
Is IST_1 spanning? : True
Is IST_2 spanning? : True
Is IST_3 spanning? : True
Is IST_4 spanning? : True
Is IST_5 spanning? : True
Are all ISTs independent? : True

====TEST CR(771, 128, 256)====
Is IST_0 spanning? : True
Is IST_1 spanning? : True
Is IST_2 spanning? : True
Is IST_3 spanning? : True
Is IST_4 spanning? : True
Is IST_5 spanning? : True
Are all ISTs independent? : True

====TEST CR(772, 128, 256)====
Is IST_0 spanning? : True
Is IST_1 spanning? : True
Is IST_2 spanning? : True
Is IST_3 spanning? : True
Is IST_4 spanning? : True
Is IST_5 spanning? : True
Are all ISTs independent? : True

====TEST CR(773, 128, 256)====
Is IST_0 spanning? : True
Is IST_1 spanning? : True
Is IST_2 spanning? : True
Is IST_3 spanning? : True
Is IST_4 spanning? : True
Is IST_5 spanning? : True
Are all ISTs independent? : True

====TEST CR(774, 128, 256)====
Is IST_0 spanning? : True
Is IST_1 spanning? : True
Is IST_2 spanning? : True
Is IST_3 spanning? : True
Is IST_4 spanning? : True
Is IST_5 spanning? : True
Are all ISTs independent? : True

====TEST CR(775, 128, 256)====
Is IST_0 spanning? : True
Is IST_1 spanning? : True
Is IST_2 spanning? : True
Is IST_3 spanning? : True
Is IST_4 spanning? : True
Is IST_5 spanning? : True
Are all ISTs independent? : True

====TEST CR(776, 128, 256)====
Is IST_0 spanning? : True
Is IST_1 spanning? : True
Is IST_2 spanning? : True
Is IST_3 spanning? : True
Is IST_4 spanning? : True
Is IST_5 spanning? : True
Are all ISTs independent? : True

====TEST CR(777, 128, 256)====
Is IST_0 spanning? : True
Is IST_1 spanning? : True
Is IST_2 spanning? : True
Is IST_3 spanning? : True
Is IST_4 spanning? : True
Is IST_5 spanning? : True
Are all ISTs independent? : True

====TEST CR(778, 128, 256)====
Is IST_0 spanning? : True
Is IST_1 spanning? : True
Is IST_2 spanning? : True
Is IST_3 spanning? : True
Is IST_4 spanning? : True
Is IST_5 spanning? : True
Are all ISTs independent? : True

====TEST CR(779, 128, 256)====
Is IST_0 spanning? : True
Is IST_1 spanning? : True
Is IST_2 spanning? : True
Is IST_3 spanning? : True
Is IST_4 spanning? : True
Is IST_5 spanning? : True
Are all ISTs independent? : True

====TEST CR(780, 128, 256)====
Is IST_0 spanning? : True
Is IST_1 spanning? : True
Is IST_2 spanning? : True
Is IST_3 spanning? : True
Is IST_4 spanning? : True
Is IST_5 spanning? : True
Are all ISTs independent? : True

====TEST CR(781, 128, 256)====
Is IST_0 spanning? : True
Is IST_1 spanning? : True
Is IST_2 spanning? : True
Is IST_3 spanning? : True
Is IST_4 spanning? : True
Is IST_5 spanning? : True
Are all ISTs independent? : True

====TEST CR(782, 128, 256)====
Is IST_0 spanning? : True
Is IST_1 spanning? : True
Is IST_2 spanning? : True
Is IST_3 spanning? : True
Is IST_4 spanning? : True
Is IST_5 spanning? : True
Are all ISTs independent? : True

====TEST CR(783, 128, 256)====
Is IST_0 spanning? : True
Is IST_1 spanning? : True
Is IST_2 spanning? : True
Is IST_3 spanning? : True
Is IST_4 spanning? : True
Is IST_5 spanning? : True
Are all ISTs independent? : True

====TEST CR(784, 128, 256)====
Is IST_0 spanning? : True
Is IST_1 spanning? : True
Is IST_2 spanning? : True
Is IST_3 spanning? : True
Is IST_4 spanning? : True
Is IST_5 spanning? : True
Are all ISTs independent? : True

====TEST CR(785, 128, 256)====
Is IST_0 spanning? : True
Is IST_1 spanning? : True
Is IST_2 spanning? : True
Is IST_3 spanning? : True
Is IST_4 spanning? : True
Is IST_5 spanning? : True
Are all ISTs independent? : True

====TEST CR(786, 128, 256)====
Is IST_0 spanning? : True
Is IST_1 spanning? : True
Is IST_2 spanning? : True
Is IST_3 spanning? : True
Is IST_4 spanning? : True
Is IST_5 spanning? : True
Are all ISTs independent? : True

====TEST CR(787, 128, 256)====
Is IST_0 spanning? : True
Is IST_1 spanning? : True
Is IST_2 spanning? : True
Is IST_3 spanning? : True
Is IST_4 spanning? : True
Is IST_5 spanning? : True
Are all ISTs independent? : True

====TEST CR(788, 128, 256)====
Is IST_0 spanning? : True
Is IST_1 spanning? : True
Is IST_2 spanning? : True
Is IST_3 spanning? : True
Is IST_4 spanning? : True
Is IST_5 spanning? : True
Are all ISTs independent? : True

====TEST CR(789, 128, 256)====
Is IST_0 spanning? : True
Is IST_1 spanning? : True
Is IST_2 spanning? : True
Is IST_3 spanning? : True
Is IST_4 spanning? : True
Is IST_5 spanning? : True
Are all ISTs independent? : True

====TEST CR(790, 128, 256)====
Is IST_0 spanning? : True
Is IST_1 spanning? : True
Is IST_2 spanning? : True
Is IST_3 spanning? : True
Is IST_4 spanning? : True
Is IST_5 spanning? : True
Are all ISTs independent? : True

====TEST CR(791, 128, 256)====
Is IST_0 spanning? : True
Is IST_1 spanning? : True
Is IST_2 spanning? : True
Is IST_3 spanning? : True
Is IST_4 spanning? : True
Is IST_5 spanning? : True
Are all ISTs independent? : True

====TEST CR(792, 128, 256)====
Is IST_0 spanning? : True
Is IST_1 spanning? : True
Is IST_2 spanning? : True
Is IST_3 spanning? : True
Is IST_4 spanning? : True
Is IST_5 spanning? : True
Are all ISTs independent? : True

====TEST CR(793, 128, 256)====
Is IST_0 spanning? : True
Is IST_1 spanning? : True
Is IST_2 spanning? : True
Is IST_3 spanning? : True
Is IST_4 spanning? : True
Is IST_5 spanning? : True
Are all ISTs independent? : True

====TEST CR(794, 128, 256)====
Is IST_0 spanning? : True
Is IST_1 spanning? : True
Is IST_2 spanning? : True
Is IST_3 spanning? : True
Is IST_4 spanning? : True
Is IST_5 spanning? : True
Are all ISTs independent? : True

====TEST CR(795, 128, 256)====
Is IST_0 spanning? : True
Is IST_1 spanning? : True
Is IST_2 spanning? : True
Is IST_3 spanning? : True
Is IST_4 spanning? : True
Is IST_5 spanning? : True
Are all ISTs independent? : True

====TEST CR(796, 128, 256)====
Is IST_0 spanning? : True
Is IST_1 spanning? : True
Is IST_2 spanning? : True
Is IST_3 spanning? : True
Is IST_4 spanning? : True
Is IST_5 spanning? : True
Are all ISTs independent? : True

====TEST CR(797, 128, 256)====
Is IST_0 spanning? : True
Is IST_1 spanning? : True
Is IST_2 spanning? : True
Is IST_3 spanning? : True
Is IST_4 spanning? : True
Is IST_5 spanning? : True
Are all ISTs independent? : True

====TEST CR(798, 128, 256)====
Is IST_0 spanning? : True
Is IST_1 spanning? : True
Is IST_2 spanning? : True
Is IST_3 spanning? : True
Is IST_4 spanning? : True
Is IST_5 spanning? : True
Are all ISTs independent? : True

====TEST CR(799, 128, 256)====
Is IST_0 spanning? : True
Is IST_1 spanning? : True
Is IST_2 spanning? : True
Is IST_3 spanning? : True
Is IST_4 spanning? : True
Is IST_5 spanning? : True
Are all ISTs independent? : True

====TEST CR(800, 128, 256)====
Is IST_0 spanning? : True
Is IST_1 spanning? : True
Is IST_2 spanning? : True
Is IST_3 spanning? : True
Is IST_4 spanning? : True
Is IST_5 spanning? : True
Are all ISTs independent? : True

====TEST CR(801, 128, 256)====
Is IST_0 spanning? : True
Is IST_1 spanning? : True
Is IST_2 spanning? : True
Is IST_3 spanning? : True
Is IST_4 spanning? : True
Is IST_5 spanning? : True
Are all ISTs independent? : True

====TEST CR(802, 128, 256)====
Is IST_0 spanning? : True
Is IST_1 spanning? : True
Is IST_2 spanning? : True
Is IST_3 spanning? : True
Is IST_4 spanning? : True
Is IST_5 spanning? : True
Are all ISTs independent? : True

====TEST CR(803, 128, 256)====
Is IST_0 spanning? : True
Is IST_1 spanning? : True
Is IST_2 spanning? : True
Is IST_3 spanning? : True
Is IST_4 spanning? : True
Is IST_5 spanning? : True
Are all ISTs independent? : True

====TEST CR(804, 128, 256)====
Is IST_0 spanning? : True
Is IST_1 spanning? : True
Is IST_2 spanning? : True
Is IST_3 spanning? : True
Is IST_4 spanning? : True
Is IST_5 spanning? : True
Are all ISTs independent? : True

====TEST CR(805, 128, 256)====
Is IST_0 spanning? : True
Is IST_1 spanning? : True
Is IST_2 spanning? : True
Is IST_3 spanning? : True
Is IST_4 spanning? : True
Is IST_5 spanning? : True
Are all ISTs independent? : True

====TEST CR(806, 128, 256)====
Is IST_0 spanning? : True
Is IST_1 spanning? : True
Is IST_2 spanning? : True
Is IST_3 spanning? : True
Is IST_4 spanning? : True
Is IST_5 spanning? : True
Are all ISTs independent? : True

====TEST CR(807, 128, 256)====
Is IST_0 spanning? : True
Is IST_1 spanning? : True
Is IST_2 spanning? : True
Is IST_3 spanning? : True
Is IST_4 spanning? : True
Is IST_5 spanning? : True
Are all ISTs independent? : True

====TEST CR(808, 128, 256)====
Is IST_0 spanning? : True
Is IST_1 spanning? : True
Is IST_2 spanning? : True
Is IST_3 spanning? : True
Is IST_4 spanning? : True
Is IST_5 spanning? : True
Are all ISTs independent? : True

====TEST CR(809, 128, 256)====
Is IST_0 spanning? : True
Is IST_1 spanning? : True
Is IST_2 spanning? : True
Is IST_3 spanning? : True
Is IST_4 spanning? : True
Is IST_5 spanning? : True
Are all ISTs independent? : True

====TEST CR(810, 128, 256)====
Is IST_0 spanning? : True
Is IST_1 spanning? : True
Is IST_2 spanning? : True
Is IST_3 spanning? : True
Is IST_4 spanning? : True
Is IST_5 spanning? : True
Are all ISTs independent? : True

====TEST CR(811, 128, 256)====
Is IST_0 spanning? : True
Is IST_1 spanning? : True
Is IST_2 spanning? : True
Is IST_3 spanning? : True
Is IST_4 spanning? : True
Is IST_5 spanning? : True
Are all ISTs independent? : True

====TEST CR(812, 128, 256)====
Is IST_0 spanning? : True
Is IST_1 spanning? : True
Is IST_2 spanning? : True
Is IST_3 spanning? : True
Is IST_4 spanning? : True
Is IST_5 spanning? : True
Are all ISTs independent? : True

====TEST CR(813, 128, 256)====
Is IST_0 spanning? : True
Is IST_1 spanning? : True
Is IST_2 spanning? : True
Is IST_3 spanning? : True
Is IST_4 spanning? : True
Is IST_5 spanning? : True
Are all ISTs independent? : True

====TEST CR(814, 128, 256)====
Is IST_0 spanning? : True
Is IST_1 spanning? : True
Is IST_2 spanning? : True
Is IST_3 spanning? : True
Is IST_4 spanning? : True
Is IST_5 spanning? : True
Are all ISTs independent? : True

====TEST CR(815, 128, 256)====
Is IST_0 spanning? : True
Is IST_1 spanning? : True
Is IST_2 spanning? : True
Is IST_3 spanning? : True
Is IST_4 spanning? : True
Is IST_5 spanning? : True
Are all ISTs independent? : True

====TEST CR(816, 128, 256)====
Is IST_0 spanning? : True
Is IST_1 spanning? : True
Is IST_2 spanning? : True
Is IST_3 spanning? : True
Is IST_4 spanning? : True
Is IST_5 spanning? : True
Are all ISTs independent? : True

====TEST CR(817, 128, 256)====
Is IST_0 spanning? : True
Is IST_1 spanning? : True
Is IST_2 spanning? : True
Is IST_3 spanning? : True
Is IST_4 spanning? : True
Is IST_5 spanning? : True
Are all ISTs independent? : True

====TEST CR(818, 128, 256)====
Is IST_0 spanning? : True
Is IST_1 spanning? : True
Is IST_2 spanning? : True
Is IST_3 spanning? : True
Is IST_4 spanning? : True
Is IST_5 spanning? : True
Are all ISTs independent? : True

====TEST CR(819, 128, 256)====
Is IST_0 spanning? : True
Is IST_1 spanning? : True
Is IST_2 spanning? : True
Is IST_3 spanning? : True
Is IST_4 spanning? : True
Is IST_5 spanning? : True
Are all ISTs independent? : True

====TEST CR(820, 128, 256)====
Is IST_0 spanning? : True
Is IST_1 spanning? : True
Is IST_2 spanning? : True
Is IST_3 spanning? : True
Is IST_4 spanning? : True
Is IST_5 spanning? : True
Are all ISTs independent? : True

====TEST CR(821, 128, 256)====
Is IST_0 spanning? : True
Is IST_1 spanning? : True
Is IST_2 spanning? : True
Is IST_3 spanning? : True
Is IST_4 spanning? : True
Is IST_5 spanning? : True
Are all ISTs independent? : True

====TEST CR(822, 128, 256)====
Is IST_0 spanning? : True
Is IST_1 spanning? : True
Is IST_2 spanning? : True
Is IST_3 spanning? : True
Is IST_4 spanning? : True
Is IST_5 spanning? : True
Are all ISTs independent? : True

====TEST CR(823, 128, 256)====
Is IST_0 spanning? : True
Is IST_1 spanning? : True
Is IST_2 spanning? : True
Is IST_3 spanning? : True
Is IST_4 spanning? : True
Is IST_5 spanning? : True
Are all ISTs independent? : True

====TEST CR(824, 128, 256)====
Is IST_0 spanning? : True
Is IST_1 spanning? : True
Is IST_2 spanning? : True
Is IST_3 spanning? : True
Is IST_4 spanning? : True
Is IST_5 spanning? : True
Are all ISTs independent? : True

====TEST CR(825, 128, 256)====
Is IST_0 spanning? : True
Is IST_1 spanning? : True
Is IST_2 spanning? : True
Is IST_3 spanning? : True
Is IST_4 spanning? : True
Is IST_5 spanning? : True
Are all ISTs independent? : True

====TEST CR(826, 128, 256)====
Is IST_0 spanning? : True
Is IST_1 spanning? : True
Is IST_2 spanning? : True
Is IST_3 spanning? : True
Is IST_4 spanning? : True
Is IST_5 spanning? : True
Are all ISTs independent? : True

====TEST CR(827, 128, 256)====
Is IST_0 spanning? : True
Is IST_1 spanning? : True
Is IST_2 spanning? : True
Is IST_3 spanning? : True
Is IST_4 spanning? : True
Is IST_5 spanning? : True
Are all ISTs independent? : True

====TEST CR(828, 128, 256)====
Is IST_0 spanning? : True
Is IST_1 spanning? : True
Is IST_2 spanning? : True
Is IST_3 spanning? : True
Is IST_4 spanning? : True
Is IST_5 spanning? : True
Are all ISTs independent? : True

====TEST CR(829, 128, 256)====
Is IST_0 spanning? : True
Is IST_1 spanning? : True
Is IST_2 spanning? : True
Is IST_3 spanning? : True
Is IST_4 spanning? : True
Is IST_5 spanning? : True
Are all ISTs independent? : True

====TEST CR(830, 128, 256)====
Is IST_0 spanning? : True
Is IST_1 spanning? : True
Is IST_2 spanning? : True
Is IST_3 spanning? : True
Is IST_4 spanning? : True
Is IST_5 spanning? : True
Are all ISTs independent? : True

====TEST CR(831, 128, 256)====
Is IST_0 spanning? : True
Is IST_1 spanning? : True
Is IST_2 spanning? : True
Is IST_3 spanning? : True
Is IST_4 spanning? : True
Is IST_5 spanning? : True
Are all ISTs independent? : True

====TEST CR(832, 128, 256)====
Is IST_0 spanning? : True
Is IST_1 spanning? : True
Is IST_2 spanning? : True
Is IST_3 spanning? : True
Is IST_4 spanning? : True
Is IST_5 spanning? : True
Are all ISTs independent? : True

====TEST CR(833, 128, 256)====
Is IST_0 spanning? : True
Is IST_1 spanning? : True
Is IST_2 spanning? : True
Is IST_3 spanning? : True
Is IST_4 spanning? : True
Is IST_5 spanning? : True
Are all ISTs independent? : True

====TEST CR(834, 128, 256)====
Is IST_0 spanning? : True
Is IST_1 spanning? : True
Is IST_2 spanning? : True
Is IST_3 spanning? : True
Is IST_4 spanning? : True
Is IST_5 spanning? : True
Are all ISTs independent? : True

====TEST CR(835, 128, 256)====
Is IST_0 spanning? : True
Is IST_1 spanning? : True
Is IST_2 spanning? : True
Is IST_3 spanning? : True
Is IST_4 spanning? : True
Is IST_5 spanning? : True
Are all ISTs independent? : True

====TEST CR(836, 128, 256)====
Is IST_0 spanning? : True
Is IST_1 spanning? : True
Is IST_2 spanning? : True
Is IST_3 spanning? : True
Is IST_4 spanning? : True
Is IST_5 spanning? : True
Are all ISTs independent? : True

====TEST CR(837, 128, 256)====
Is IST_0 spanning? : True
Is IST_1 spanning? : True
Is IST_2 spanning? : True
Is IST_3 spanning? : True
Is IST_4 spanning? : True
Is IST_5 spanning? : True
Are all ISTs independent? : True

====TEST CR(838, 128, 256)====
Is IST_0 spanning? : True
Is IST_1 spanning? : True
Is IST_2 spanning? : True
Is IST_3 spanning? : True
Is IST_4 spanning? : True
Is IST_5 spanning? : True
Are all ISTs independent? : True

====TEST CR(839, 128, 256)====
Is IST_0 spanning? : True
Is IST_1 spanning? : True
Is IST_2 spanning? : True
Is IST_3 spanning? : True
Is IST_4 spanning? : True
Is IST_5 spanning? : True
Are all ISTs independent? : True

====TEST CR(840, 128, 256)====
Is IST_0 spanning? : True
Is IST_1 spanning? : True
Is IST_2 spanning? : True
Is IST_3 spanning? : True
Is IST_4 spanning? : True
Is IST_5 spanning? : True
Are all ISTs independent? : True

====TEST CR(841, 128, 256)====
Is IST_0 spanning? : True
Is IST_1 spanning? : True
Is IST_2 spanning? : True
Is IST_3 spanning? : True
Is IST_4 spanning? : True
Is IST_5 spanning? : True
Are all ISTs independent? : True

====TEST CR(842, 128, 256)====
Is IST_0 spanning? : True
Is IST_1 spanning? : True
Is IST_2 spanning? : True
Is IST_3 spanning? : True
Is IST_4 spanning? : True
Is IST_5 spanning? : True
Are all ISTs independent? : True

====TEST CR(843, 128, 256)====
Is IST_0 spanning? : True
Is IST_1 spanning? : True
Is IST_2 spanning? : True
Is IST_3 spanning? : True
Is IST_4 spanning? : True
Is IST_5 spanning? : True
Are all ISTs independent? : True

====TEST CR(844, 128, 256)====
Is IST_0 spanning? : True
Is IST_1 spanning? : True
Is IST_2 spanning? : True
Is IST_3 spanning? : True
Is IST_4 spanning? : True
Is IST_5 spanning? : True
Are all ISTs independent? : True

====TEST CR(845, 128, 256)====
Is IST_0 spanning? : True
Is IST_1 spanning? : True
Is IST_2 spanning? : True
Is IST_3 spanning? : True
Is IST_4 spanning? : True
Is IST_5 spanning? : True
Are all ISTs independent? : True

====TEST CR(846, 128, 256)====
Is IST_0 spanning? : True
Is IST_1 spanning? : True
Is IST_2 spanning? : True
Is IST_3 spanning? : True
Is IST_4 spanning? : True
Is IST_5 spanning? : True
Are all ISTs independent? : True

====TEST CR(847, 128, 256)====
Is IST_0 spanning? : True
Is IST_1 spanning? : True
Is IST_2 spanning? : True
Is IST_3 spanning? : True
Is IST_4 spanning? : True
Is IST_5 spanning? : True
Are all ISTs independent? : True

====TEST CR(848, 128, 256)====
Is IST_0 spanning? : True
Is IST_1 spanning? : True
Is IST_2 spanning? : True
Is IST_3 spanning? : True
Is IST_4 spanning? : True
Is IST_5 spanning? : True
Are all ISTs independent? : True

====TEST CR(849, 128, 256)====
Is IST_0 spanning? : True
Is IST_1 spanning? : True
Is IST_2 spanning? : True
Is IST_3 spanning? : True
Is IST_4 spanning? : True
Is IST_5 spanning? : True
Are all ISTs independent? : True

====TEST CR(850, 128, 256)====
Is IST_0 spanning? : True
Is IST_1 spanning? : True
Is IST_2 spanning? : True
Is IST_3 spanning? : True
Is IST_4 spanning? : True
Is IST_5 spanning? : True
Are all ISTs independent? : True

====TEST CR(851, 128, 256)====
Is IST_0 spanning? : True
Is IST_1 spanning? : True
Is IST_2 spanning? : True
Is IST_3 spanning? : True
Is IST_4 spanning? : True
Is IST_5 spanning? : True
Are all ISTs independent? : True

====TEST CR(852, 128, 256)====
Is IST_0 spanning? : True
Is IST_1 spanning? : True
Is IST_2 spanning? : True
Is IST_3 spanning? : True
Is IST_4 spanning? : True
Is IST_5 spanning? : True
Are all ISTs independent? : True

====TEST CR(853, 128, 256)====
Is IST_0 spanning? : True
Is IST_1 spanning? : True
Is IST_2 spanning? : True
Is IST_3 spanning? : True
Is IST_4 spanning? : True
Is IST_5 spanning? : True
Are all ISTs independent? : True

====TEST CR(854, 128, 256)====
Is IST_0 spanning? : True
Is IST_1 spanning? : True
Is IST_2 spanning? : True
Is IST_3 spanning? : True
Is IST_4 spanning? : True
Is IST_5 spanning? : True
Are all ISTs independent? : True

====TEST CR(855, 128, 256)====
Is IST_0 spanning? : True
Is IST_1 spanning? : True
Is IST_2 spanning? : True
Is IST_3 spanning? : True
Is IST_4 spanning? : True
Is IST_5 spanning? : True
Are all ISTs independent? : True

====TEST CR(856, 128, 256)====
Is IST_0 spanning? : True
Is IST_1 spanning? : True
Is IST_2 spanning? : True
Is IST_3 spanning? : True
Is IST_4 spanning? : True
Is IST_5 spanning? : True
Are all ISTs independent? : True

====TEST CR(857, 128, 256)====
Is IST_0 spanning? : True
Is IST_1 spanning? : True
Is IST_2 spanning? : True
Is IST_3 spanning? : True
Is IST_4 spanning? : True
Is IST_5 spanning? : True
Are all ISTs independent? : True

====TEST CR(858, 128, 256)====
Is IST_0 spanning? : True
Is IST_1 spanning? : True
Is IST_2 spanning? : True
Is IST_3 spanning? : True
Is IST_4 spanning? : True
Is IST_5 spanning? : True
Are all ISTs independent? : True

====TEST CR(859, 128, 256)====
Is IST_0 spanning? : True
Is IST_1 spanning? : True
Is IST_2 spanning? : True
Is IST_3 spanning? : True
Is IST_4 spanning? : True
Is IST_5 spanning? : True
Are all ISTs independent? : True

====TEST CR(860, 128, 256)====
Is IST_0 spanning? : True
Is IST_1 spanning? : True
Is IST_2 spanning? : True
Is IST_3 spanning? : True
Is IST_4 spanning? : True
Is IST_5 spanning? : True
Are all ISTs independent? : True

====TEST CR(861, 128, 256)====
Is IST_0 spanning? : True
Is IST_1 spanning? : True
Is IST_2 spanning? : True
Is IST_3 spanning? : True
Is IST_4 spanning? : True
Is IST_5 spanning? : True
Are all ISTs independent? : True

====TEST CR(862, 128, 256)====
Is IST_0 spanning? : True
Is IST_1 spanning? : True
Is IST_2 spanning? : True
Is IST_3 spanning? : True
Is IST_4 spanning? : True
Is IST_5 spanning? : True
Are all ISTs independent? : True

====TEST CR(863, 128, 256)====
Is IST_0 spanning? : True
Is IST_1 spanning? : True
Is IST_2 spanning? : True
Is IST_3 spanning? : True
Is IST_4 spanning? : True
Is IST_5 spanning? : True
Are all ISTs independent? : True

====TEST CR(864, 128, 256)====
Is IST_0 spanning? : True
Is IST_1 spanning? : True
Is IST_2 spanning? : True
Is IST_3 spanning? : True
Is IST_4 spanning? : True
Is IST_5 spanning? : True
Are all ISTs independent? : True

====TEST CR(865, 128, 256)====
Is IST_0 spanning? : True
Is IST_1 spanning? : True
Is IST_2 spanning? : True
Is IST_3 spanning? : True
Is IST_4 spanning? : True
Is IST_5 spanning? : True
Are all ISTs independent? : True

====TEST CR(866, 128, 256)====
Is IST_0 spanning? : True
Is IST_1 spanning? : True
Is IST_2 spanning? : True
Is IST_3 spanning? : True
Is IST_4 spanning? : True
Is IST_5 spanning? : True
Are all ISTs independent? : True

====TEST CR(867, 128, 256)====
Is IST_0 spanning? : True
Is IST_1 spanning? : True
Is IST_2 spanning? : True
Is IST_3 spanning? : True
Is IST_4 spanning? : True
Is IST_5 spanning? : True
Are all ISTs independent? : True

====TEST CR(868, 128, 256)====
Is IST_0 spanning? : True
Is IST_1 spanning? : True
Is IST_2 spanning? : True
Is IST_3 spanning? : True
Is IST_4 spanning? : True
Is IST_5 spanning? : True
Are all ISTs independent? : True

====TEST CR(869, 128, 256)====
Is IST_0 spanning? : True
Is IST_1 spanning? : True
Is IST_2 spanning? : True
Is IST_3 spanning? : True
Is IST_4 spanning? : True
Is IST_5 spanning? : True
Are all ISTs independent? : True

====TEST CR(870, 128, 256)====
Is IST_0 spanning? : True
Is IST_1 spanning? : True
Is IST_2 spanning? : True
Is IST_3 spanning? : True
Is IST_4 spanning? : True
Is IST_5 spanning? : True
Are all ISTs independent? : True

====TEST CR(871, 128, 256)====
Is IST_0 spanning? : True
Is IST_1 spanning? : True
Is IST_2 spanning? : True
Is IST_3 spanning? : True
Is IST_4 spanning? : True
Is IST_5 spanning? : True
Are all ISTs independent? : True

====TEST CR(872, 128, 256)====
Is IST_0 spanning? : True
Is IST_1 spanning? : True
Is IST_2 spanning? : True
Is IST_3 spanning? : True
Is IST_4 spanning? : True
Is IST_5 spanning? : True
Are all ISTs independent? : True

====TEST CR(873, 128, 256)====
Is IST_0 spanning? : True
Is IST_1 spanning? : True
Is IST_2 spanning? : True
Is IST_3 spanning? : True
Is IST_4 spanning? : True
Is IST_5 spanning? : True
Are all ISTs independent? : True

====TEST CR(874, 128, 256)====
Is IST_0 spanning? : True
Is IST_1 spanning? : True
Is IST_2 spanning? : True
Is IST_3 spanning? : True
Is IST_4 spanning? : True
Is IST_5 spanning? : True
Are all ISTs independent? : True

====TEST CR(875, 128, 256)====
Is IST_0 spanning? : True
Is IST_1 spanning? : True
Is IST_2 spanning? : True
Is IST_3 spanning? : True
Is IST_4 spanning? : True
Is IST_5 spanning? : True
Are all ISTs independent? : True

====TEST CR(876, 128, 256)====
Is IST_0 spanning? : True
Is IST_1 spanning? : True
Is IST_2 spanning? : True
Is IST_3 spanning? : True
Is IST_4 spanning? : True
Is IST_5 spanning? : True
Are all ISTs independent? : True

====TEST CR(877, 128, 256)====
Is IST_0 spanning? : True
Is IST_1 spanning? : True
Is IST_2 spanning? : True
Is IST_3 spanning? : True
Is IST_4 spanning? : True
Is IST_5 spanning? : True
Are all ISTs independent? : True

====TEST CR(878, 128, 256)====
Is IST_0 spanning? : True
Is IST_1 spanning? : True
Is IST_2 spanning? : True
Is IST_3 spanning? : True
Is IST_4 spanning? : True
Is IST_5 spanning? : True
Are all ISTs independent? : True

====TEST CR(879, 128, 256)====
Is IST_0 spanning? : True
Is IST_1 spanning? : True
Is IST_2 spanning? : True
Is IST_3 spanning? : True
Is IST_4 spanning? : True
Is IST_5 spanning? : True
Are all ISTs independent? : True

====TEST CR(880, 128, 256)====
Is IST_0 spanning? : True
Is IST_1 spanning? : True
Is IST_2 spanning? : True
Is IST_3 spanning? : True
Is IST_4 spanning? : True
Is IST_5 spanning? : True
Are all ISTs independent? : True

====TEST CR(881, 128, 256)====
Is IST_0 spanning? : True
Is IST_1 spanning? : True
Is IST_2 spanning? : True
Is IST_3 spanning? : True
Is IST_4 spanning? : True
Is IST_5 spanning? : True
Are all ISTs independent? : True

====TEST CR(882, 128, 256)====
Is IST_0 spanning? : True
Is IST_1 spanning? : True
Is IST_2 spanning? : True
Is IST_3 spanning? : True
Is IST_4 spanning? : True
Is IST_5 spanning? : True
Are all ISTs independent? : True

====TEST CR(883, 128, 256)====
Is IST_0 spanning? : True
Is IST_1 spanning? : True
Is IST_2 spanning? : True
Is IST_3 spanning? : True
Is IST_4 spanning? : True
Is IST_5 spanning? : True
Are all ISTs independent? : True

====TEST CR(884, 128, 256)====
Is IST_0 spanning? : True
Is IST_1 spanning? : True
Is IST_2 spanning? : True
Is IST_3 spanning? : True
Is IST_4 spanning? : True
Is IST_5 spanning? : True
Are all ISTs independent? : True

====TEST CR(885, 128, 256)====
Is IST_0 spanning? : True
Is IST_1 spanning? : True
Is IST_2 spanning? : True
Is IST_3 spanning? : True
Is IST_4 spanning? : True
Is IST_5 spanning? : True
Are all ISTs independent? : True

====TEST CR(886, 128, 256)====
Is IST_0 spanning? : True
Is IST_1 spanning? : True
Is IST_2 spanning? : True
Is IST_3 spanning? : True
Is IST_4 spanning? : True
Is IST_5 spanning? : True
Are all ISTs independent? : True

====TEST CR(887, 128, 256)====
Is IST_0 spanning? : True
Is IST_1 spanning? : True
Is IST_2 spanning? : True
Is IST_3 spanning? : True
Is IST_4 spanning? : True
Is IST_5 spanning? : True
Are all ISTs independent? : True

====TEST CR(888, 128, 256)====
Is IST_0 spanning? : True
Is IST_1 spanning? : True
Is IST_2 spanning? : True
Is IST_3 spanning? : True
Is IST_4 spanning? : True
Is IST_5 spanning? : True
Are all ISTs independent? : True

====TEST CR(889, 128, 256)====
Is IST_0 spanning? : True
Is IST_1 spanning? : True
Is IST_2 spanning? : True
Is IST_3 spanning? : True
Is IST_4 spanning? : True
Is IST_5 spanning? : True
Are all ISTs independent? : True

====TEST CR(890, 128, 256)====
Is IST_0 spanning? : True
Is IST_1 spanning? : True
Is IST_2 spanning? : True
Is IST_3 spanning? : True
Is IST_4 spanning? : True
Is IST_5 spanning? : True
Are all ISTs independent? : True

====TEST CR(891, 128, 256)====
Is IST_0 spanning? : True
Is IST_1 spanning? : True
Is IST_2 spanning? : True
Is IST_3 spanning? : True
Is IST_4 spanning? : True
Is IST_5 spanning? : True
Are all ISTs independent? : True

====TEST CR(892, 128, 256)====
Is IST_0 spanning? : True
Is IST_1 spanning? : True
Is IST_2 spanning? : True
Is IST_3 spanning? : True
Is IST_4 spanning? : True
Is IST_5 spanning? : True
Are all ISTs independent? : True

====TEST CR(893, 128, 256)====
Is IST_0 spanning? : True
Is IST_1 spanning? : True
Is IST_2 spanning? : True
Is IST_3 spanning? : True
Is IST_4 spanning? : True
Is IST_5 spanning? : True
Are all ISTs independent? : True

====TEST CR(894, 128, 256)====
Is IST_0 spanning? : True
Is IST_1 spanning? : True
Is IST_2 spanning? : True
Is IST_3 spanning? : True
Is IST_4 spanning? : True
Is IST_5 spanning? : True
Are all ISTs independent? : True

====TEST CR(895, 128, 256)====
Is IST_0 spanning? : True
Is IST_1 spanning? : True
Is IST_2 spanning? : True
Is IST_3 spanning? : True
Is IST_4 spanning? : True
Is IST_5 spanning? : True
Are all ISTs independent? : True

====TEST CR(896, 128, 256)====
Is IST_0 spanning? : True
Is IST_1 spanning? : True
Is IST_2 spanning? : True
Is IST_3 spanning? : True
Is IST_4 spanning? : True
Is IST_5 spanning? : True
Are all ISTs independent? : True

====TEST CR(774, 129, 258)====
Is IST_0 spanning? : True
Is IST_1 spanning? : True
Is IST_2 spanning? : True
Is IST_3 spanning? : True
Is IST_4 spanning? : True
Is IST_5 spanning? : True
Are all ISTs independent? : True

====TEST CR(775, 129, 258)====
Is IST_0 spanning? : True
Is IST_1 spanning? : True
Is IST_2 spanning? : True
Is IST_3 spanning? : True
Is IST_4 spanning? : True
Is IST_5 spanning? : True
Are all ISTs independent? : True

====TEST CR(776, 129, 258)====
Is IST_0 spanning? : True
Is IST_1 spanning? : True
Is IST_2 spanning? : True
Is IST_3 spanning? : True
Is IST_4 spanning? : True
Is IST_5 spanning? : True
Are all ISTs independent? : True

====TEST CR(777, 129, 258)====
Is IST_0 spanning? : True
Is IST_1 spanning? : True
Is IST_2 spanning? : True
Is IST_3 spanning? : True
Is IST_4 spanning? : True
Is IST_5 spanning? : True
Are all ISTs independent? : True

====TEST CR(778, 129, 258)====
Is IST_0 spanning? : True
Is IST_1 spanning? : True
Is IST_2 spanning? : True
Is IST_3 spanning? : True
Is IST_4 spanning? : True
Is IST_5 spanning? : True
Are all ISTs independent? : True

====TEST CR(779, 129, 258)====
Is IST_0 spanning? : True
Is IST_1 spanning? : True
Is IST_2 spanning? : True
Is IST_3 spanning? : True
Is IST_4 spanning? : True
Is IST_5 spanning? : True
Are all ISTs independent? : True

====TEST CR(780, 129, 258)====
Is IST_0 spanning? : True
Is IST_1 spanning? : True
Is IST_2 spanning? : True
Is IST_3 spanning? : True
Is IST_4 spanning? : True
Is IST_5 spanning? : True
Are all ISTs independent? : True

====TEST CR(781, 129, 258)====
Is IST_0 spanning? : True
Is IST_1 spanning? : True
Is IST_2 spanning? : True
Is IST_3 spanning? : True
Is IST_4 spanning? : True
Is IST_5 spanning? : True
Are all ISTs independent? : True

====TEST CR(782, 129, 258)====
Is IST_0 spanning? : True
Is IST_1 spanning? : True
Is IST_2 spanning? : True
Is IST_3 spanning? : True
Is IST_4 spanning? : True
Is IST_5 spanning? : True
Are all ISTs independent? : True

====TEST CR(783, 129, 258)====
Is IST_0 spanning? : True
Is IST_1 spanning? : True
Is IST_2 spanning? : True
Is IST_3 spanning? : True
Is IST_4 spanning? : True
Is IST_5 spanning? : True
Are all ISTs independent? : True

====TEST CR(784, 129, 258)====
Is IST_0 spanning? : True
Is IST_1 spanning? : True
Is IST_2 spanning? : True
Is IST_3 spanning? : True
Is IST_4 spanning? : True
Is IST_5 spanning? : True
Are all ISTs independent? : True

====TEST CR(785, 129, 258)====
Is IST_0 spanning? : True
Is IST_1 spanning? : True
Is IST_2 spanning? : True
Is IST_3 spanning? : True
Is IST_4 spanning? : True
Is IST_5 spanning? : True
Are all ISTs independent? : True

====TEST CR(786, 129, 258)====
Is IST_0 spanning? : True
Is IST_1 spanning? : True
Is IST_2 spanning? : True
Is IST_3 spanning? : True
Is IST_4 spanning? : True
Is IST_5 spanning? : True
Are all ISTs independent? : True

====TEST CR(787, 129, 258)====
Is IST_0 spanning? : True
Is IST_1 spanning? : True
Is IST_2 spanning? : True
Is IST_3 spanning? : True
Is IST_4 spanning? : True
Is IST_5 spanning? : True
Are all ISTs independent? : True

====TEST CR(788, 129, 258)====
Is IST_0 spanning? : True
Is IST_1 spanning? : True
Is IST_2 spanning? : True
Is IST_3 spanning? : True
Is IST_4 spanning? : True
Is IST_5 spanning? : True
Are all ISTs independent? : True

====TEST CR(789, 129, 258)====
Is IST_0 spanning? : True
Is IST_1 spanning? : True
Is IST_2 spanning? : True
Is IST_3 spanning? : True
Is IST_4 spanning? : True
Is IST_5 spanning? : True
Are all ISTs independent? : True

====TEST CR(790, 129, 258)====
Is IST_0 spanning? : True
Is IST_1 spanning? : True
Is IST_2 spanning? : True
Is IST_3 spanning? : True
Is IST_4 spanning? : True
Is IST_5 spanning? : True
Are all ISTs independent? : True

====TEST CR(791, 129, 258)====
Is IST_0 spanning? : True
Is IST_1 spanning? : True
Is IST_2 spanning? : True
Is IST_3 spanning? : True
Is IST_4 spanning? : True
Is IST_5 spanning? : True
Are all ISTs independent? : True

====TEST CR(792, 129, 258)====
Is IST_0 spanning? : True
Is IST_1 spanning? : True
Is IST_2 spanning? : True
Is IST_3 spanning? : True
Is IST_4 spanning? : True
Is IST_5 spanning? : True
Are all ISTs independent? : True

====TEST CR(793, 129, 258)====
Is IST_0 spanning? : True
Is IST_1 spanning? : True
Is IST_2 spanning? : True
Is IST_3 spanning? : True
Is IST_4 spanning? : True
Is IST_5 spanning? : True
Are all ISTs independent? : True

====TEST CR(794, 129, 258)====
Is IST_0 spanning? : True
Is IST_1 spanning? : True
Is IST_2 spanning? : True
Is IST_3 spanning? : True
Is IST_4 spanning? : True
Is IST_5 spanning? : True
Are all ISTs independent? : True

====TEST CR(795, 129, 258)====
Is IST_0 spanning? : True
Is IST_1 spanning? : True
Is IST_2 spanning? : True
Is IST_3 spanning? : True
Is IST_4 spanning? : True
Is IST_5 spanning? : True
Are all ISTs independent? : True

====TEST CR(796, 129, 258)====
Is IST_0 spanning? : True
Is IST_1 spanning? : True
Is IST_2 spanning? : True
Is IST_3 spanning? : True
Is IST_4 spanning? : True
Is IST_5 spanning? : True
Are all ISTs independent? : True

====TEST CR(797, 129, 258)====
Is IST_0 spanning? : True
Is IST_1 spanning? : True
Is IST_2 spanning? : True
Is IST_3 spanning? : True
Is IST_4 spanning? : True
Is IST_5 spanning? : True
Are all ISTs independent? : True

====TEST CR(798, 129, 258)====
Is IST_0 spanning? : True
Is IST_1 spanning? : True
Is IST_2 spanning? : True
Is IST_3 spanning? : True
Is IST_4 spanning? : True
Is IST_5 spanning? : True
Are all ISTs independent? : True

====TEST CR(799, 129, 258)====
Is IST_0 spanning? : True
Is IST_1 spanning? : True
Is IST_2 spanning? : True
Is IST_3 spanning? : True
Is IST_4 spanning? : True
Is IST_5 spanning? : True
Are all ISTs independent? : True

====TEST CR(800, 129, 258)====
Is IST_0 spanning? : True
Is IST_1 spanning? : True
Is IST_2 spanning? : True
Is IST_3 spanning? : True
Is IST_4 spanning? : True
Is IST_5 spanning? : True
Are all ISTs independent? : True

====TEST CR(801, 129, 258)====
Is IST_0 spanning? : True
Is IST_1 spanning? : True
Is IST_2 spanning? : True
Is IST_3 spanning? : True
Is IST_4 spanning? : True
Is IST_5 spanning? : True
Are all ISTs independent? : True

====TEST CR(802, 129, 258)====
Is IST_0 spanning? : True
Is IST_1 spanning? : True
Is IST_2 spanning? : True
Is IST_3 spanning? : True
Is IST_4 spanning? : True
Is IST_5 spanning? : True
Are all ISTs independent? : True

====TEST CR(803, 129, 258)====
Is IST_0 spanning? : True
Is IST_1 spanning? : True
Is IST_2 spanning? : True
Is IST_3 spanning? : True
Is IST_4 spanning? : True
Is IST_5 spanning? : True
Are all ISTs independent? : True

====TEST CR(804, 129, 258)====
Is IST_0 spanning? : True
Is IST_1 spanning? : True
Is IST_2 spanning? : True
Is IST_3 spanning? : True
Is IST_4 spanning? : True
Is IST_5 spanning? : True
Are all ISTs independent? : True

====TEST CR(805, 129, 258)====
Is IST_0 spanning? : True
Is IST_1 spanning? : True
Is IST_2 spanning? : True
Is IST_3 spanning? : True
Is IST_4 spanning? : True
Is IST_5 spanning? : True
Are all ISTs independent? : True

====TEST CR(806, 129, 258)====
Is IST_0 spanning? : True
Is IST_1 spanning? : True
Is IST_2 spanning? : True
Is IST_3 spanning? : True
Is IST_4 spanning? : True
Is IST_5 spanning? : True
Are all ISTs independent? : True

====TEST CR(807, 129, 258)====
Is IST_0 spanning? : True
Is IST_1 spanning? : True
Is IST_2 spanning? : True
Is IST_3 spanning? : True
Is IST_4 spanning? : True
Is IST_5 spanning? : True
Are all ISTs independent? : True

====TEST CR(808, 129, 258)====
Is IST_0 spanning? : True
Is IST_1 spanning? : True
Is IST_2 spanning? : True
Is IST_3 spanning? : True
Is IST_4 spanning? : True
Is IST_5 spanning? : True
Are all ISTs independent? : True

====TEST CR(809, 129, 258)====
Is IST_0 spanning? : True
Is IST_1 spanning? : True
Is IST_2 spanning? : True
Is IST_3 spanning? : True
Is IST_4 spanning? : True
Is IST_5 spanning? : True
Are all ISTs independent? : True

====TEST CR(810, 129, 258)====
Is IST_0 spanning? : True
Is IST_1 spanning? : True
Is IST_2 spanning? : True
Is IST_3 spanning? : True
Is IST_4 spanning? : True
Is IST_5 spanning? : True
Are all ISTs independent? : True

====TEST CR(811, 129, 258)====
Is IST_0 spanning? : True
Is IST_1 spanning? : True
Is IST_2 spanning? : True
Is IST_3 spanning? : True
Is IST_4 spanning? : True
Is IST_5 spanning? : True
Are all ISTs independent? : True

====TEST CR(812, 129, 258)====
Is IST_0 spanning? : True
Is IST_1 spanning? : True
Is IST_2 spanning? : True
Is IST_3 spanning? : True
Is IST_4 spanning? : True
Is IST_5 spanning? : True
Are all ISTs independent? : True

====TEST CR(813, 129, 258)====
Is IST_0 spanning? : True
Is IST_1 spanning? : True
Is IST_2 spanning? : True
Is IST_3 spanning? : True
Is IST_4 spanning? : True
Is IST_5 spanning? : True
Are all ISTs independent? : True

====TEST CR(814, 129, 258)====
Is IST_0 spanning? : True
Is IST_1 spanning? : True
Is IST_2 spanning? : True
Is IST_3 spanning? : True
Is IST_4 spanning? : True
Is IST_5 spanning? : True
Are all ISTs independent? : True

====TEST CR(815, 129, 258)====
Is IST_0 spanning? : True
Is IST_1 spanning? : True
Is IST_2 spanning? : True
Is IST_3 spanning? : True
Is IST_4 spanning? : True
Is IST_5 spanning? : True
Are all ISTs independent? : True

====TEST CR(816, 129, 258)====
Is IST_0 spanning? : True
Is IST_1 spanning? : True
Is IST_2 spanning? : True
Is IST_3 spanning? : True
Is IST_4 spanning? : True
Is IST_5 spanning? : True
Are all ISTs independent? : True

====TEST CR(817, 129, 258)====
Is IST_0 spanning? : True
Is IST_1 spanning? : True
Is IST_2 spanning? : True
Is IST_3 spanning? : True
Is IST_4 spanning? : True
Is IST_5 spanning? : True
Are all ISTs independent? : True

====TEST CR(818, 129, 258)====
Is IST_0 spanning? : True
Is IST_1 spanning? : True
Is IST_2 spanning? : True
Is IST_3 spanning? : True
Is IST_4 spanning? : True
Is IST_5 spanning? : True
Are all ISTs independent? : True

====TEST CR(819, 129, 258)====
Is IST_0 spanning? : True
Is IST_1 spanning? : True
Is IST_2 spanning? : True
Is IST_3 spanning? : True
Is IST_4 spanning? : True
Is IST_5 spanning? : True
Are all ISTs independent? : True

====TEST CR(820, 129, 258)====
Is IST_0 spanning? : True
Is IST_1 spanning? : True
Is IST_2 spanning? : True
Is IST_3 spanning? : True
Is IST_4 spanning? : True
Is IST_5 spanning? : True
Are all ISTs independent? : True

====TEST CR(821, 129, 258)====
Is IST_0 spanning? : True
Is IST_1 spanning? : True
Is IST_2 spanning? : True
Is IST_3 spanning? : True
Is IST_4 spanning? : True
Is IST_5 spanning? : True
Are all ISTs independent? : True

====TEST CR(822, 129, 258)====
Is IST_0 spanning? : True
Is IST_1 spanning? : True
Is IST_2 spanning? : True
Is IST_3 spanning? : True
Is IST_4 spanning? : True
Is IST_5 spanning? : True
Are all ISTs independent? : True

====TEST CR(823, 129, 258)====
Is IST_0 spanning? : True
Is IST_1 spanning? : True
Is IST_2 spanning? : True
Is IST_3 spanning? : True
Is IST_4 spanning? : True
Is IST_5 spanning? : True
Are all ISTs independent? : True

====TEST CR(824, 129, 258)====
Is IST_0 spanning? : True
Is IST_1 spanning? : True
Is IST_2 spanning? : True
Is IST_3 spanning? : True
Is IST_4 spanning? : True
Is IST_5 spanning? : True
Are all ISTs independent? : True

====TEST CR(825, 129, 258)====
Is IST_0 spanning? : True
Is IST_1 spanning? : True
Is IST_2 spanning? : True
Is IST_3 spanning? : True
Is IST_4 spanning? : True
Is IST_5 spanning? : True
Are all ISTs independent? : True

====TEST CR(826, 129, 258)====
Is IST_0 spanning? : True
Is IST_1 spanning? : True
Is IST_2 spanning? : True
Is IST_3 spanning? : True
Is IST_4 spanning? : True
Is IST_5 spanning? : True
Are all ISTs independent? : True

====TEST CR(827, 129, 258)====
Is IST_0 spanning? : True
Is IST_1 spanning? : True
Is IST_2 spanning? : True
Is IST_3 spanning? : True
Is IST_4 spanning? : True
Is IST_5 spanning? : True
Are all ISTs independent? : True

====TEST CR(828, 129, 258)====
Is IST_0 spanning? : True
Is IST_1 spanning? : True
Is IST_2 spanning? : True
Is IST_3 spanning? : True
Is IST_4 spanning? : True
Is IST_5 spanning? : True
Are all ISTs independent? : True

====TEST CR(829, 129, 258)====
Is IST_0 spanning? : True
Is IST_1 spanning? : True
Is IST_2 spanning? : True
Is IST_3 spanning? : True
Is IST_4 spanning? : True
Is IST_5 spanning? : True
Are all ISTs independent? : True

====TEST CR(830, 129, 258)====
Is IST_0 spanning? : True
Is IST_1 spanning? : True
Is IST_2 spanning? : True
Is IST_3 spanning? : True
Is IST_4 spanning? : True
Is IST_5 spanning? : True
Are all ISTs independent? : True

====TEST CR(831, 129, 258)====
Is IST_0 spanning? : True
Is IST_1 spanning? : True
Is IST_2 spanning? : True
Is IST_3 spanning? : True
Is IST_4 spanning? : True
Is IST_5 spanning? : True
Are all ISTs independent? : True

====TEST CR(832, 129, 258)====
Is IST_0 spanning? : True
Is IST_1 spanning? : True
Is IST_2 spanning? : True
Is IST_3 spanning? : True
Is IST_4 spanning? : True
Is IST_5 spanning? : True
Are all ISTs independent? : True

====TEST CR(833, 129, 258)====
Is IST_0 spanning? : True
Is IST_1 spanning? : True
Is IST_2 spanning? : True
Is IST_3 spanning? : True
Is IST_4 spanning? : True
Is IST_5 spanning? : True
Are all ISTs independent? : True

====TEST CR(834, 129, 258)====
Is IST_0 spanning? : True
Is IST_1 spanning? : True
Is IST_2 spanning? : True
Is IST_3 spanning? : True
Is IST_4 spanning? : True
Is IST_5 spanning? : True
Are all ISTs independent? : True

====TEST CR(835, 129, 258)====
Is IST_0 spanning? : True
Is IST_1 spanning? : True
Is IST_2 spanning? : True
Is IST_3 spanning? : True
Is IST_4 spanning? : True
Is IST_5 spanning? : True
Are all ISTs independent? : True

====TEST CR(836, 129, 258)====
Is IST_0 spanning? : True
Is IST_1 spanning? : True
Is IST_2 spanning? : True
Is IST_3 spanning? : True
Is IST_4 spanning? : True
Is IST_5 spanning? : True
Are all ISTs independent? : True

====TEST CR(837, 129, 258)====
Is IST_0 spanning? : True
Is IST_1 spanning? : True
Is IST_2 spanning? : True
Is IST_3 spanning? : True
Is IST_4 spanning? : True
Is IST_5 spanning? : True
Are all ISTs independent? : True

====TEST CR(838, 129, 258)====
Is IST_0 spanning? : True
Is IST_1 spanning? : True
Is IST_2 spanning? : True
Is IST_3 spanning? : True
Is IST_4 spanning? : True
Is IST_5 spanning? : True
Are all ISTs independent? : True

====TEST CR(839, 129, 258)====
Is IST_0 spanning? : True
Is IST_1 spanning? : True
Is IST_2 spanning? : True
Is IST_3 spanning? : True
Is IST_4 spanning? : True
Is IST_5 spanning? : True
Are all ISTs independent? : True

====TEST CR(840, 129, 258)====
Is IST_0 spanning? : True
Is IST_1 spanning? : True
Is IST_2 spanning? : True
Is IST_3 spanning? : True
Is IST_4 spanning? : True
Is IST_5 spanning? : True
Are all ISTs independent? : True

====TEST CR(841, 129, 258)====
Is IST_0 spanning? : True
Is IST_1 spanning? : True
Is IST_2 spanning? : True
Is IST_3 spanning? : True
Is IST_4 spanning? : True
Is IST_5 spanning? : True
Are all ISTs independent? : True

====TEST CR(842, 129, 258)====
Is IST_0 spanning? : True
Is IST_1 spanning? : True
Is IST_2 spanning? : True
Is IST_3 spanning? : True
Is IST_4 spanning? : True
Is IST_5 spanning? : True
Are all ISTs independent? : True

====TEST CR(843, 129, 258)====
Is IST_0 spanning? : True
Is IST_1 spanning? : True
Is IST_2 spanning? : True
Is IST_3 spanning? : True
Is IST_4 spanning? : True
Is IST_5 spanning? : True
Are all ISTs independent? : True

====TEST CR(844, 129, 258)====
Is IST_0 spanning? : True
Is IST_1 spanning? : True
Is IST_2 spanning? : True
Is IST_3 spanning? : True
Is IST_4 spanning? : True
Is IST_5 spanning? : True
Are all ISTs independent? : True

====TEST CR(845, 129, 258)====
Is IST_0 spanning? : True
Is IST_1 spanning? : True
Is IST_2 spanning? : True
Is IST_3 spanning? : True
Is IST_4 spanning? : True
Is IST_5 spanning? : True
Are all ISTs independent? : True

====TEST CR(846, 129, 258)====
Is IST_0 spanning? : True
Is IST_1 spanning? : True
Is IST_2 spanning? : True
Is IST_3 spanning? : True
Is IST_4 spanning? : True
Is IST_5 spanning? : True
Are all ISTs independent? : True

====TEST CR(847, 129, 258)====
Is IST_0 spanning? : True
Is IST_1 spanning? : True
Is IST_2 spanning? : True
Is IST_3 spanning? : True
Is IST_4 spanning? : True
Is IST_5 spanning? : True
Are all ISTs independent? : True

====TEST CR(848, 129, 258)====
Is IST_0 spanning? : True
Is IST_1 spanning? : True
Is IST_2 spanning? : True
Is IST_3 spanning? : True
Is IST_4 spanning? : True
Is IST_5 spanning? : True
Are all ISTs independent? : True

====TEST CR(849, 129, 258)====
Is IST_0 spanning? : True
Is IST_1 spanning? : True
Is IST_2 spanning? : True
Is IST_3 spanning? : True
Is IST_4 spanning? : True
Is IST_5 spanning? : True
Are all ISTs independent? : True

====TEST CR(850, 129, 258)====
Is IST_0 spanning? : True
Is IST_1 spanning? : True
Is IST_2 spanning? : True
Is IST_3 spanning? : True
Is IST_4 spanning? : True
Is IST_5 spanning? : True
Are all ISTs independent? : True

====TEST CR(851, 129, 258)====
Is IST_0 spanning? : True
Is IST_1 spanning? : True
Is IST_2 spanning? : True
Is IST_3 spanning? : True
Is IST_4 spanning? : True
Is IST_5 spanning? : True
Are all ISTs independent? : True

====TEST CR(852, 129, 258)====
Is IST_0 spanning? : True
Is IST_1 spanning? : True
Is IST_2 spanning? : True
Is IST_3 spanning? : True
Is IST_4 spanning? : True
Is IST_5 spanning? : True
Are all ISTs independent? : True

====TEST CR(853, 129, 258)====
Is IST_0 spanning? : True
Is IST_1 spanning? : True
Is IST_2 spanning? : True
Is IST_3 spanning? : True
Is IST_4 spanning? : True
Is IST_5 spanning? : True
Are all ISTs independent? : True

====TEST CR(854, 129, 258)====
Is IST_0 spanning? : True
Is IST_1 spanning? : True
Is IST_2 spanning? : True
Is IST_3 spanning? : True
Is IST_4 spanning? : True
Is IST_5 spanning? : True
Are all ISTs independent? : True

====TEST CR(855, 129, 258)====
Is IST_0 spanning? : True
Is IST_1 spanning? : True
Is IST_2 spanning? : True
Is IST_3 spanning? : True
Is IST_4 spanning? : True
Is IST_5 spanning? : True
Are all ISTs independent? : True

====TEST CR(856, 129, 258)====
Is IST_0 spanning? : True
Is IST_1 spanning? : True
Is IST_2 spanning? : True
Is IST_3 spanning? : True
Is IST_4 spanning? : True
Is IST_5 spanning? : True
Are all ISTs independent? : True

====TEST CR(857, 129, 258)====
Is IST_0 spanning? : True
Is IST_1 spanning? : True
Is IST_2 spanning? : True
Is IST_3 spanning? : True
Is IST_4 spanning? : True
Is IST_5 spanning? : True
Are all ISTs independent? : True

====TEST CR(858, 129, 258)====
Is IST_0 spanning? : True
Is IST_1 spanning? : True
Is IST_2 spanning? : True
Is IST_3 spanning? : True
Is IST_4 spanning? : True
Is IST_5 spanning? : True
Are all ISTs independent? : True

====TEST CR(859, 129, 258)====
Is IST_0 spanning? : True
Is IST_1 spanning? : True
Is IST_2 spanning? : True
Is IST_3 spanning? : True
Is IST_4 spanning? : True
Is IST_5 spanning? : True
Are all ISTs independent? : True

====TEST CR(860, 129, 258)====
Is IST_0 spanning? : True
Is IST_1 spanning? : True
Is IST_2 spanning? : True
Is IST_3 spanning? : True
Is IST_4 spanning? : True
Is IST_5 spanning? : True
Are all ISTs independent? : True

====TEST CR(861, 129, 258)====
Is IST_0 spanning? : True
Is IST_1 spanning? : True
Is IST_2 spanning? : True
Is IST_3 spanning? : True
Is IST_4 spanning? : True
Is IST_5 spanning? : True
Are all ISTs independent? : True

====TEST CR(862, 129, 258)====
Is IST_0 spanning? : True
Is IST_1 spanning? : True
Is IST_2 spanning? : True
Is IST_3 spanning? : True
Is IST_4 spanning? : True
Is IST_5 spanning? : True
Are all ISTs independent? : True

====TEST CR(863, 129, 258)====
Is IST_0 spanning? : True
Is IST_1 spanning? : True
Is IST_2 spanning? : True
Is IST_3 spanning? : True
Is IST_4 spanning? : True
Is IST_5 spanning? : True
Are all ISTs independent? : True

====TEST CR(864, 129, 258)====
Is IST_0 spanning? : True
Is IST_1 spanning? : True
Is IST_2 spanning? : True
Is IST_3 spanning? : True
Is IST_4 spanning? : True
Is IST_5 spanning? : True
Are all ISTs independent? : True

====TEST CR(865, 129, 258)====
Is IST_0 spanning? : True
Is IST_1 spanning? : True
Is IST_2 spanning? : True
Is IST_3 spanning? : True
Is IST_4 spanning? : True
Is IST_5 spanning? : True
Are all ISTs independent? : True

====TEST CR(866, 129, 258)====
Is IST_0 spanning? : True
Is IST_1 spanning? : True
Is IST_2 spanning? : True
Is IST_3 spanning? : True
Is IST_4 spanning? : True
Is IST_5 spanning? : True
Are all ISTs independent? : True

====TEST CR(867, 129, 258)====
Is IST_0 spanning? : True
Is IST_1 spanning? : True
Is IST_2 spanning? : True
Is IST_3 spanning? : True
Is IST_4 spanning? : True
Is IST_5 spanning? : True
Are all ISTs independent? : True

====TEST CR(868, 129, 258)====
Is IST_0 spanning? : True
Is IST_1 spanning? : True
Is IST_2 spanning? : True
Is IST_3 spanning? : True
Is IST_4 spanning? : True
Is IST_5 spanning? : True
Are all ISTs independent? : True

====TEST CR(869, 129, 258)====
Is IST_0 spanning? : True
Is IST_1 spanning? : True
Is IST_2 spanning? : True
Is IST_3 spanning? : True
Is IST_4 spanning? : True
Is IST_5 spanning? : True
Are all ISTs independent? : True

====TEST CR(870, 129, 258)====
Is IST_0 spanning? : True
Is IST_1 spanning? : True
Is IST_2 spanning? : True
Is IST_3 spanning? : True
Is IST_4 spanning? : True
Is IST_5 spanning? : True
Are all ISTs independent? : True

====TEST CR(871, 129, 258)====
Is IST_0 spanning? : True
Is IST_1 spanning? : True
Is IST_2 spanning? : True
Is IST_3 spanning? : True
Is IST_4 spanning? : True
Is IST_5 spanning? : True
Are all ISTs independent? : True

====TEST CR(872, 129, 258)====
Is IST_0 spanning? : True
Is IST_1 spanning? : True
Is IST_2 spanning? : True
Is IST_3 spanning? : True
Is IST_4 spanning? : True
Is IST_5 spanning? : True
Are all ISTs independent? : True

====TEST CR(873, 129, 258)====
Is IST_0 spanning? : True
Is IST_1 spanning? : True
Is IST_2 spanning? : True
Is IST_3 spanning? : True
Is IST_4 spanning? : True
Is IST_5 spanning? : True
Are all ISTs independent? : True

====TEST CR(874, 129, 258)====
Is IST_0 spanning? : True
Is IST_1 spanning? : True
Is IST_2 spanning? : True
Is IST_3 spanning? : True
Is IST_4 spanning? : True
Is IST_5 spanning? : True
Are all ISTs independent? : True

====TEST CR(875, 129, 258)====
Is IST_0 spanning? : True
Is IST_1 spanning? : True
Is IST_2 spanning? : True
Is IST_3 spanning? : True
Is IST_4 spanning? : True
Is IST_5 spanning? : True
Are all ISTs independent? : True

====TEST CR(876, 129, 258)====
Is IST_0 spanning? : True
Is IST_1 spanning? : True
Is IST_2 spanning? : True
Is IST_3 spanning? : True
Is IST_4 spanning? : True
Is IST_5 spanning? : True
Are all ISTs independent? : True

====TEST CR(877, 129, 258)====
Is IST_0 spanning? : True
Is IST_1 spanning? : True
Is IST_2 spanning? : True
Is IST_3 spanning? : True
Is IST_4 spanning? : True
Is IST_5 spanning? : True
Are all ISTs independent? : True

====TEST CR(878, 129, 258)====
Is IST_0 spanning? : True
Is IST_1 spanning? : True
Is IST_2 spanning? : True
Is IST_3 spanning? : True
Is IST_4 spanning? : True
Is IST_5 spanning? : True
Are all ISTs independent? : True

====TEST CR(879, 129, 258)====
Is IST_0 spanning? : True
Is IST_1 spanning? : True
Is IST_2 spanning? : True
Is IST_3 spanning? : True
Is IST_4 spanning? : True
Is IST_5 spanning? : True
Are all ISTs independent? : True

====TEST CR(880, 129, 258)====
Is IST_0 spanning? : True
Is IST_1 spanning? : True
Is IST_2 spanning? : True
Is IST_3 spanning? : True
Is IST_4 spanning? : True
Is IST_5 spanning? : True
Are all ISTs independent? : True

====TEST CR(881, 129, 258)====
Is IST_0 spanning? : True
Is IST_1 spanning? : True
Is IST_2 spanning? : True
Is IST_3 spanning? : True
Is IST_4 spanning? : True
Is IST_5 spanning? : True
Are all ISTs independent? : True

====TEST CR(882, 129, 258)====
Is IST_0 spanning? : True
Is IST_1 spanning? : True
Is IST_2 spanning? : True
Is IST_3 spanning? : True
Is IST_4 spanning? : True
Is IST_5 spanning? : True
Are all ISTs independent? : True

====TEST CR(883, 129, 258)====
Is IST_0 spanning? : True
Is IST_1 spanning? : True
Is IST_2 spanning? : True
Is IST_3 spanning? : True
Is IST_4 spanning? : True
Is IST_5 spanning? : True
Are all ISTs independent? : True

====TEST CR(884, 129, 258)====
Is IST_0 spanning? : True
Is IST_1 spanning? : True
Is IST_2 spanning? : True
Is IST_3 spanning? : True
Is IST_4 spanning? : True
Is IST_5 spanning? : True
Are all ISTs independent? : True

====TEST CR(885, 129, 258)====
Is IST_0 spanning? : True
Is IST_1 spanning? : True
Is IST_2 spanning? : True
Is IST_3 spanning? : True
Is IST_4 spanning? : True
Is IST_5 spanning? : True
Are all ISTs independent? : True

====TEST CR(886, 129, 258)====
Is IST_0 spanning? : True
Is IST_1 spanning? : True
Is IST_2 spanning? : True
Is IST_3 spanning? : True
Is IST_4 spanning? : True
Is IST_5 spanning? : True
Are all ISTs independent? : True

====TEST CR(887, 129, 258)====
Is IST_0 spanning? : True
Is IST_1 spanning? : True
Is IST_2 spanning? : True
Is IST_3 spanning? : True
Is IST_4 spanning? : True
Is IST_5 spanning? : True
Are all ISTs independent? : True

====TEST CR(888, 129, 258)====
Is IST_0 spanning? : True
Is IST_1 spanning? : True
Is IST_2 spanning? : True
Is IST_3 spanning? : True
Is IST_4 spanning? : True
Is IST_5 spanning? : True
Are all ISTs independent? : True

====TEST CR(889, 129, 258)====
Is IST_0 spanning? : True
Is IST_1 spanning? : True
Is IST_2 spanning? : True
Is IST_3 spanning? : True
Is IST_4 spanning? : True
Is IST_5 spanning? : True
Are all ISTs independent? : True

====TEST CR(890, 129, 258)====
Is IST_0 spanning? : True
Is IST_1 spanning? : True
Is IST_2 spanning? : True
Is IST_3 spanning? : True
Is IST_4 spanning? : True
Is IST_5 spanning? : True
Are all ISTs independent? : True

====TEST CR(891, 129, 258)====
Is IST_0 spanning? : True
Is IST_1 spanning? : True
Is IST_2 spanning? : True
Is IST_3 spanning? : True
Is IST_4 spanning? : True
Is IST_5 spanning? : True
Are all ISTs independent? : True

====TEST CR(892, 129, 258)====
Is IST_0 spanning? : True
Is IST_1 spanning? : True
Is IST_2 spanning? : True
Is IST_3 spanning? : True
Is IST_4 spanning? : True
Is IST_5 spanning? : True
Are all ISTs independent? : True

====TEST CR(893, 129, 258)====
Is IST_0 spanning? : True
Is IST_1 spanning? : True
Is IST_2 spanning? : True
Is IST_3 spanning? : True
Is IST_4 spanning? : True
Is IST_5 spanning? : True
Are all ISTs independent? : True

====TEST CR(894, 129, 258)====
Is IST_0 spanning? : True
Is IST_1 spanning? : True
Is IST_2 spanning? : True
Is IST_3 spanning? : True
Is IST_4 spanning? : True
Is IST_5 spanning? : True
Are all ISTs independent? : True

====TEST CR(895, 129, 258)====
Is IST_0 spanning? : True
Is IST_1 spanning? : True
Is IST_2 spanning? : True
Is IST_3 spanning? : True
Is IST_4 spanning? : True
Is IST_5 spanning? : True
Are all ISTs independent? : True

====TEST CR(896, 129, 258)====
Is IST_0 spanning? : True
Is IST_1 spanning? : True
Is IST_2 spanning? : True
Is IST_3 spanning? : True
Is IST_4 spanning? : True
Is IST_5 spanning? : True
Are all ISTs independent? : True

====TEST CR(897, 129, 258)====
Is IST_0 spanning? : True
Is IST_1 spanning? : True
Is IST_2 spanning? : True
Is IST_3 spanning? : True
Is IST_4 spanning? : True
Is IST_5 spanning? : True
Are all ISTs independent? : True

====TEST CR(898, 129, 258)====
Is IST_0 spanning? : True
Is IST_1 spanning? : True
Is IST_2 spanning? : True
Is IST_3 spanning? : True
Is IST_4 spanning? : True
Is IST_5 spanning? : True
Are all ISTs independent? : True

====TEST CR(899, 129, 258)====
Is IST_0 spanning? : True
Is IST_1 spanning? : True
Is IST_2 spanning? : True
Is IST_3 spanning? : True
Is IST_4 spanning? : True
Is IST_5 spanning? : True
Are all ISTs independent? : True

====TEST CR(900, 129, 258)====
Is IST_0 spanning? : True
Is IST_1 spanning? : True
Is IST_2 spanning? : True
Is IST_3 spanning? : True
Is IST_4 spanning? : True
Is IST_5 spanning? : True
Are all ISTs independent? : True

====TEST CR(901, 129, 258)====
Is IST_0 spanning? : True
Is IST_1 spanning? : True
Is IST_2 spanning? : True
Is IST_3 spanning? : True
Is IST_4 spanning? : True
Is IST_5 spanning? : True
Are all ISTs independent? : True

====TEST CR(902, 129, 258)====
Is IST_0 spanning? : True
Is IST_1 spanning? : True
Is IST_2 spanning? : True
Is IST_3 spanning? : True
Is IST_4 spanning? : True
Is IST_5 spanning? : True
Are all ISTs independent? : True

====TEST CR(780, 130, 260)====
Is IST_0 spanning? : True
Is IST_1 spanning? : True
Is IST_2 spanning? : True
Is IST_3 spanning? : True
Is IST_4 spanning? : True
Is IST_5 spanning? : True
Are all ISTs independent? : True

====TEST CR(781, 130, 260)====
Is IST_0 spanning? : True
Is IST_1 spanning? : True
Is IST_2 spanning? : True
Is IST_3 spanning? : True
Is IST_4 spanning? : True
Is IST_5 spanning? : True
Are all ISTs independent? : True

====TEST CR(782, 130, 260)====
Is IST_0 spanning? : True
Is IST_1 spanning? : True
Is IST_2 spanning? : True
Is IST_3 spanning? : True
Is IST_4 spanning? : True
Is IST_5 spanning? : True
Are all ISTs independent? : True

====TEST CR(783, 130, 260)====
Is IST_0 spanning? : True
Is IST_1 spanning? : True
Is IST_2 spanning? : True
Is IST_3 spanning? : True
Is IST_4 spanning? : True
Is IST_5 spanning? : True
Are all ISTs independent? : True

====TEST CR(784, 130, 260)====
Is IST_0 spanning? : True
Is IST_1 spanning? : True
Is IST_2 spanning? : True
Is IST_3 spanning? : True
Is IST_4 spanning? : True
Is IST_5 spanning? : True
Are all ISTs independent? : True

====TEST CR(785, 130, 260)====
Is IST_0 spanning? : True
Is IST_1 spanning? : True
Is IST_2 spanning? : True
Is IST_3 spanning? : True
Is IST_4 spanning? : True
Is IST_5 spanning? : True
Are all ISTs independent? : True

====TEST CR(786, 130, 260)====
Is IST_0 spanning? : True
Is IST_1 spanning? : True
Is IST_2 spanning? : True
Is IST_3 spanning? : True
Is IST_4 spanning? : True
Is IST_5 spanning? : True
Are all ISTs independent? : True

====TEST CR(787, 130, 260)====
Is IST_0 spanning? : True
Is IST_1 spanning? : True
Is IST_2 spanning? : True
Is IST_3 spanning? : True
Is IST_4 spanning? : True
Is IST_5 spanning? : True
Are all ISTs independent? : True

====TEST CR(788, 130, 260)====
Is IST_0 spanning? : True
Is IST_1 spanning? : True
Is IST_2 spanning? : True
Is IST_3 spanning? : True
Is IST_4 spanning? : True
Is IST_5 spanning? : True
Are all ISTs independent? : True

====TEST CR(789, 130, 260)====
Is IST_0 spanning? : True
Is IST_1 spanning? : True
Is IST_2 spanning? : True
Is IST_3 spanning? : True
Is IST_4 spanning? : True
Is IST_5 spanning? : True
Are all ISTs independent? : True

====TEST CR(790, 130, 260)====
Is IST_0 spanning? : True
Is IST_1 spanning? : True
Is IST_2 spanning? : True
Is IST_3 spanning? : True
Is IST_4 spanning? : True
Is IST_5 spanning? : True
Are all ISTs independent? : True

====TEST CR(791, 130, 260)====
Is IST_0 spanning? : True
Is IST_1 spanning? : True
Is IST_2 spanning? : True
Is IST_3 spanning? : True
Is IST_4 spanning? : True
Is IST_5 spanning? : True
Are all ISTs independent? : True

====TEST CR(792, 130, 260)====
Is IST_0 spanning? : True
Is IST_1 spanning? : True
Is IST_2 spanning? : True
Is IST_3 spanning? : True
Is IST_4 spanning? : True
Is IST_5 spanning? : True
Are all ISTs independent? : True

====TEST CR(793, 130, 260)====
Is IST_0 spanning? : True
Is IST_1 spanning? : True
Is IST_2 spanning? : True
Is IST_3 spanning? : True
Is IST_4 spanning? : True
Is IST_5 spanning? : True
Are all ISTs independent? : True

====TEST CR(794, 130, 260)====
Is IST_0 spanning? : True
Is IST_1 spanning? : True
Is IST_2 spanning? : True
Is IST_3 spanning? : True
Is IST_4 spanning? : True
Is IST_5 spanning? : True
Are all ISTs independent? : True

====TEST CR(795, 130, 260)====
Is IST_0 spanning? : True
Is IST_1 spanning? : True
Is IST_2 spanning? : True
Is IST_3 spanning? : True
Is IST_4 spanning? : True
Is IST_5 spanning? : True
Are all ISTs independent? : True

====TEST CR(796, 130, 260)====
Is IST_0 spanning? : True
Is IST_1 spanning? : True
Is IST_2 spanning? : True
Is IST_3 spanning? : True
Is IST_4 spanning? : True
Is IST_5 spanning? : True
Are all ISTs independent? : True

====TEST CR(797, 130, 260)====
Is IST_0 spanning? : True
Is IST_1 spanning? : True
Is IST_2 spanning? : True
Is IST_3 spanning? : True
Is IST_4 spanning? : True
Is IST_5 spanning? : True
Are all ISTs independent? : True

====TEST CR(798, 130, 260)====
Is IST_0 spanning? : True
Is IST_1 spanning? : True
Is IST_2 spanning? : True
Is IST_3 spanning? : True
Is IST_4 spanning? : True
Is IST_5 spanning? : True
Are all ISTs independent? : True

====TEST CR(799, 130, 260)====
Is IST_0 spanning? : True
Is IST_1 spanning? : True
Is IST_2 spanning? : True
Is IST_3 spanning? : True
Is IST_4 spanning? : True
Is IST_5 spanning? : True
Are all ISTs independent? : True

====TEST CR(800, 130, 260)====
Is IST_0 spanning? : True
Is IST_1 spanning? : True
Is IST_2 spanning? : True
Is IST_3 spanning? : True
Is IST_4 spanning? : True
Is IST_5 spanning? : True
Are all ISTs independent? : True

====TEST CR(801, 130, 260)====
Is IST_0 spanning? : True
Is IST_1 spanning? : True
Is IST_2 spanning? : True
Is IST_3 spanning? : True
Is IST_4 spanning? : True
Is IST_5 spanning? : True
Are all ISTs independent? : True

====TEST CR(802, 130, 260)====
Is IST_0 spanning? : True
Is IST_1 spanning? : True
Is IST_2 spanning? : True
Is IST_3 spanning? : True
Is IST_4 spanning? : True
Is IST_5 spanning? : True
Are all ISTs independent? : True

====TEST CR(803, 130, 260)====
Is IST_0 spanning? : True
Is IST_1 spanning? : True
Is IST_2 spanning? : True
Is IST_3 spanning? : True
Is IST_4 spanning? : True
Is IST_5 spanning? : True
Are all ISTs independent? : True

====TEST CR(804, 130, 260)====
Is IST_0 spanning? : True
Is IST_1 spanning? : True
Is IST_2 spanning? : True
Is IST_3 spanning? : True
Is IST_4 spanning? : True
Is IST_5 spanning? : True
Are all ISTs independent? : True

====TEST CR(805, 130, 260)====
Is IST_0 spanning? : True
Is IST_1 spanning? : True
Is IST_2 spanning? : True
Is IST_3 spanning? : True
Is IST_4 spanning? : True
Is IST_5 spanning? : True
Are all ISTs independent? : True

====TEST CR(806, 130, 260)====
Is IST_0 spanning? : True
Is IST_1 spanning? : True
Is IST_2 spanning? : True
Is IST_3 spanning? : True
Is IST_4 spanning? : True
Is IST_5 spanning? : True
Are all ISTs independent? : True

====TEST CR(807, 130, 260)====
Is IST_0 spanning? : True
Is IST_1 spanning? : True
Is IST_2 spanning? : True
Is IST_3 spanning? : True
Is IST_4 spanning? : True
Is IST_5 spanning? : True
Are all ISTs independent? : True

====TEST CR(808, 130, 260)====
Is IST_0 spanning? : True
Is IST_1 spanning? : True
Is IST_2 spanning? : True
Is IST_3 spanning? : True
Is IST_4 spanning? : True
Is IST_5 spanning? : True
Are all ISTs independent? : True

====TEST CR(809, 130, 260)====
Is IST_0 spanning? : True
Is IST_1 spanning? : True
Is IST_2 spanning? : True
Is IST_3 spanning? : True
Is IST_4 spanning? : True
Is IST_5 spanning? : True
Are all ISTs independent? : True

====TEST CR(810, 130, 260)====
Is IST_0 spanning? : True
Is IST_1 spanning? : True
Is IST_2 spanning? : True
Is IST_3 spanning? : True
Is IST_4 spanning? : True
Is IST_5 spanning? : True
Are all ISTs independent? : True

====TEST CR(811, 130, 260)====
Is IST_0 spanning? : True
Is IST_1 spanning? : True
Is IST_2 spanning? : True
Is IST_3 spanning? : True
Is IST_4 spanning? : True
Is IST_5 spanning? : True
Are all ISTs independent? : True

====TEST CR(812, 130, 260)====
Is IST_0 spanning? : True
Is IST_1 spanning? : True
Is IST_2 spanning? : True
Is IST_3 spanning? : True
Is IST_4 spanning? : True
Is IST_5 spanning? : True
Are all ISTs independent? : True

====TEST CR(813, 130, 260)====
Is IST_0 spanning? : True
Is IST_1 spanning? : True
Is IST_2 spanning? : True
Is IST_3 spanning? : True
Is IST_4 spanning? : True
Is IST_5 spanning? : True
Are all ISTs independent? : True

====TEST CR(814, 130, 260)====
Is IST_0 spanning? : True
Is IST_1 spanning? : True
Is IST_2 spanning? : True
Is IST_3 spanning? : True
Is IST_4 spanning? : True
Is IST_5 spanning? : True
Are all ISTs independent? : True

====TEST CR(815, 130, 260)====
Is IST_0 spanning? : True
Is IST_1 spanning? : True
Is IST_2 spanning? : True
Is IST_3 spanning? : True
Is IST_4 spanning? : True
Is IST_5 spanning? : True
Are all ISTs independent? : True

====TEST CR(816, 130, 260)====
Is IST_0 spanning? : True
Is IST_1 spanning? : True
Is IST_2 spanning? : True
Is IST_3 spanning? : True
Is IST_4 spanning? : True
Is IST_5 spanning? : True
Are all ISTs independent? : True

====TEST CR(817, 130, 260)====
Is IST_0 spanning? : True
Is IST_1 spanning? : True
Is IST_2 spanning? : True
Is IST_3 spanning? : True
Is IST_4 spanning? : True
Is IST_5 spanning? : True
Are all ISTs independent? : True

====TEST CR(818, 130, 260)====
Is IST_0 spanning? : True
Is IST_1 spanning? : True
Is IST_2 spanning? : True
Is IST_3 spanning? : True
Is IST_4 spanning? : True
Is IST_5 spanning? : True
Are all ISTs independent? : True

====TEST CR(819, 130, 260)====
Is IST_0 spanning? : True
Is IST_1 spanning? : True
Is IST_2 spanning? : True
Is IST_3 spanning? : True
Is IST_4 spanning? : True
Is IST_5 spanning? : True
Are all ISTs independent? : True

====TEST CR(820, 130, 260)====
Is IST_0 spanning? : True
Is IST_1 spanning? : True
Is IST_2 spanning? : True
Is IST_3 spanning? : True
Is IST_4 spanning? : True
Is IST_5 spanning? : True
Are all ISTs independent? : True

====TEST CR(821, 130, 260)====
Is IST_0 spanning? : True
Is IST_1 spanning? : True
Is IST_2 spanning? : True
Is IST_3 spanning? : True
Is IST_4 spanning? : True
Is IST_5 spanning? : True
Are all ISTs independent? : True

====TEST CR(822, 130, 260)====
Is IST_0 spanning? : True
Is IST_1 spanning? : True
Is IST_2 spanning? : True
Is IST_3 spanning? : True
Is IST_4 spanning? : True
Is IST_5 spanning? : True
Are all ISTs independent? : True

====TEST CR(823, 130, 260)====
Is IST_0 spanning? : True
Is IST_1 spanning? : True
Is IST_2 spanning? : True
Is IST_3 spanning? : True
Is IST_4 spanning? : True
Is IST_5 spanning? : True
Are all ISTs independent? : True

====TEST CR(824, 130, 260)====
Is IST_0 spanning? : True
Is IST_1 spanning? : True
Is IST_2 spanning? : True
Is IST_3 spanning? : True
Is IST_4 spanning? : True
Is IST_5 spanning? : True
Are all ISTs independent? : True

====TEST CR(825, 130, 260)====
Is IST_0 spanning? : True
Is IST_1 spanning? : True
Is IST_2 spanning? : True
Is IST_3 spanning? : True
Is IST_4 spanning? : True
Is IST_5 spanning? : True
Are all ISTs independent? : True

====TEST CR(826, 130, 260)====
Is IST_0 spanning? : True
Is IST_1 spanning? : True
Is IST_2 spanning? : True
Is IST_3 spanning? : True
Is IST_4 spanning? : True
Is IST_5 spanning? : True
Are all ISTs independent? : True

====TEST CR(827, 130, 260)====
Is IST_0 spanning? : True
Is IST_1 spanning? : True
Is IST_2 spanning? : True
Is IST_3 spanning? : True
Is IST_4 spanning? : True
Is IST_5 spanning? : True
Are all ISTs independent? : True

====TEST CR(828, 130, 260)====
Is IST_0 spanning? : True
Is IST_1 spanning? : True
Is IST_2 spanning? : True
Is IST_3 spanning? : True
Is IST_4 spanning? : True
Is IST_5 spanning? : True
Are all ISTs independent? : True

====TEST CR(829, 130, 260)====
Is IST_0 spanning? : True
Is IST_1 spanning? : True
Is IST_2 spanning? : True
Is IST_3 spanning? : True
Is IST_4 spanning? : True
Is IST_5 spanning? : True
Are all ISTs independent? : True

====TEST CR(830, 130, 260)====
Is IST_0 spanning? : True
Is IST_1 spanning? : True
Is IST_2 spanning? : True
Is IST_3 spanning? : True
Is IST_4 spanning? : True
Is IST_5 spanning? : True
Are all ISTs independent? : True

====TEST CR(831, 130, 260)====
Is IST_0 spanning? : True
Is IST_1 spanning? : True
Is IST_2 spanning? : True
Is IST_3 spanning? : True
Is IST_4 spanning? : True
Is IST_5 spanning? : True
Are all ISTs independent? : True

====TEST CR(832, 130, 260)====
Is IST_0 spanning? : True
Is IST_1 spanning? : True
Is IST_2 spanning? : True
Is IST_3 spanning? : True
Is IST_4 spanning? : True
Is IST_5 spanning? : True
Are all ISTs independent? : True

====TEST CR(833, 130, 260)====
Is IST_0 spanning? : True
Is IST_1 spanning? : True
Is IST_2 spanning? : True
Is IST_3 spanning? : True
Is IST_4 spanning? : True
Is IST_5 spanning? : True
Are all ISTs independent? : True

====TEST CR(834, 130, 260)====
Is IST_0 spanning? : True
Is IST_1 spanning? : True
Is IST_2 spanning? : True
Is IST_3 spanning? : True
Is IST_4 spanning? : True
Is IST_5 spanning? : True
Are all ISTs independent? : True

====TEST CR(835, 130, 260)====
Is IST_0 spanning? : True
Is IST_1 spanning? : True
Is IST_2 spanning? : True
Is IST_3 spanning? : True
Is IST_4 spanning? : True
Is IST_5 spanning? : True
Are all ISTs independent? : True

====TEST CR(836, 130, 260)====
Is IST_0 spanning? : True
Is IST_1 spanning? : True
Is IST_2 spanning? : True
Is IST_3 spanning? : True
Is IST_4 spanning? : True
Is IST_5 spanning? : True
Are all ISTs independent? : True

====TEST CR(837, 130, 260)====
Is IST_0 spanning? : True
Is IST_1 spanning? : True
Is IST_2 spanning? : True
Is IST_3 spanning? : True
Is IST_4 spanning? : True
Is IST_5 spanning? : True
Are all ISTs independent? : True

====TEST CR(838, 130, 260)====
Is IST_0 spanning? : True
Is IST_1 spanning? : True
Is IST_2 spanning? : True
Is IST_3 spanning? : True
Is IST_4 spanning? : True
Is IST_5 spanning? : True
Are all ISTs independent? : True

====TEST CR(839, 130, 260)====
Is IST_0 spanning? : True
Is IST_1 spanning? : True
Is IST_2 spanning? : True
Is IST_3 spanning? : True
Is IST_4 spanning? : True
Is IST_5 spanning? : True
Are all ISTs independent? : True

====TEST CR(840, 130, 260)====
Is IST_0 spanning? : True
Is IST_1 spanning? : True
Is IST_2 spanning? : True
Is IST_3 spanning? : True
Is IST_4 spanning? : True
Is IST_5 spanning? : True
Are all ISTs independent? : True

====TEST CR(841, 130, 260)====
Is IST_0 spanning? : True
Is IST_1 spanning? : True
Is IST_2 spanning? : True
Is IST_3 spanning? : True
Is IST_4 spanning? : True
Is IST_5 spanning? : True
Are all ISTs independent? : True

====TEST CR(842, 130, 260)====
Is IST_0 spanning? : True
Is IST_1 spanning? : True
Is IST_2 spanning? : True
Is IST_3 spanning? : True
Is IST_4 spanning? : True
Is IST_5 spanning? : True
Are all ISTs independent? : True

====TEST CR(843, 130, 260)====
Is IST_0 spanning? : True
Is IST_1 spanning? : True
Is IST_2 spanning? : True
Is IST_3 spanning? : True
Is IST_4 spanning? : True
Is IST_5 spanning? : True
Are all ISTs independent? : True

====TEST CR(844, 130, 260)====
Is IST_0 spanning? : True
Is IST_1 spanning? : True
Is IST_2 spanning? : True
Is IST_3 spanning? : True
Is IST_4 spanning? : True
Is IST_5 spanning? : True
Are all ISTs independent? : True

====TEST CR(845, 130, 260)====
Is IST_0 spanning? : True
Is IST_1 spanning? : True
Is IST_2 spanning? : True
Is IST_3 spanning? : True
Is IST_4 spanning? : True
Is IST_5 spanning? : True
Are all ISTs independent? : True

====TEST CR(846, 130, 260)====
Is IST_0 spanning? : True
Is IST_1 spanning? : True
Is IST_2 spanning? : True
Is IST_3 spanning? : True
Is IST_4 spanning? : True
Is IST_5 spanning? : True
Are all ISTs independent? : True

====TEST CR(847, 130, 260)====
Is IST_0 spanning? : True
Is IST_1 spanning? : True
Is IST_2 spanning? : True
Is IST_3 spanning? : True
Is IST_4 spanning? : True
Is IST_5 spanning? : True
Are all ISTs independent? : True

====TEST CR(848, 130, 260)====
Is IST_0 spanning? : True
Is IST_1 spanning? : True
Is IST_2 spanning? : True
Is IST_3 spanning? : True
Is IST_4 spanning? : True
Is IST_5 spanning? : True
Are all ISTs independent? : True

====TEST CR(849, 130, 260)====
Is IST_0 spanning? : True
Is IST_1 spanning? : True
Is IST_2 spanning? : True
Is IST_3 spanning? : True
Is IST_4 spanning? : True
Is IST_5 spanning? : True
Are all ISTs independent? : True

====TEST CR(850, 130, 260)====
Is IST_0 spanning? : True
Is IST_1 spanning? : True
Is IST_2 spanning? : True
Is IST_3 spanning? : True
Is IST_4 spanning? : True
Is IST_5 spanning? : True
Are all ISTs independent? : True

====TEST CR(851, 130, 260)====
Is IST_0 spanning? : True
Is IST_1 spanning? : True
Is IST_2 spanning? : True
Is IST_3 spanning? : True
Is IST_4 spanning? : True
Is IST_5 spanning? : True
Are all ISTs independent? : True

====TEST CR(852, 130, 260)====
Is IST_0 spanning? : True
Is IST_1 spanning? : True
Is IST_2 spanning? : True
Is IST_3 spanning? : True
Is IST_4 spanning? : True
Is IST_5 spanning? : True
Are all ISTs independent? : True

====TEST CR(853, 130, 260)====
Is IST_0 spanning? : True
Is IST_1 spanning? : True
Is IST_2 spanning? : True
Is IST_3 spanning? : True
Is IST_4 spanning? : True
Is IST_5 spanning? : True
Are all ISTs independent? : True

====TEST CR(854, 130, 260)====
Is IST_0 spanning? : True
Is IST_1 spanning? : True
Is IST_2 spanning? : True
Is IST_3 spanning? : True
Is IST_4 spanning? : True
Is IST_5 spanning? : True
Are all ISTs independent? : True

====TEST CR(855, 130, 260)====
Is IST_0 spanning? : True
Is IST_1 spanning? : True
Is IST_2 spanning? : True
Is IST_3 spanning? : True
Is IST_4 spanning? : True
Is IST_5 spanning? : True
Are all ISTs independent? : True

====TEST CR(856, 130, 260)====
Is IST_0 spanning? : True
Is IST_1 spanning? : True
Is IST_2 spanning? : True
Is IST_3 spanning? : True
Is IST_4 spanning? : True
Is IST_5 spanning? : True
Are all ISTs independent? : True

====TEST CR(857, 130, 260)====
Is IST_0 spanning? : True
Is IST_1 spanning? : True
Is IST_2 spanning? : True
Is IST_3 spanning? : True
Is IST_4 spanning? : True
Is IST_5 spanning? : True
Are all ISTs independent? : True

====TEST CR(858, 130, 260)====
Is IST_0 spanning? : True
Is IST_1 spanning? : True
Is IST_2 spanning? : True
Is IST_3 spanning? : True
Is IST_4 spanning? : True
Is IST_5 spanning? : True
Are all ISTs independent? : True

====TEST CR(859, 130, 260)====
Is IST_0 spanning? : True
Is IST_1 spanning? : True
Is IST_2 spanning? : True
Is IST_3 spanning? : True
Is IST_4 spanning? : True
Is IST_5 spanning? : True
Are all ISTs independent? : True

====TEST CR(860, 130, 260)====
Is IST_0 spanning? : True
Is IST_1 spanning? : True
Is IST_2 spanning? : True
Is IST_3 spanning? : True
Is IST_4 spanning? : True
Is IST_5 spanning? : True
Are all ISTs independent? : True

====TEST CR(861, 130, 260)====
Is IST_0 spanning? : True
Is IST_1 spanning? : True
Is IST_2 spanning? : True
Is IST_3 spanning? : True
Is IST_4 spanning? : True
Is IST_5 spanning? : True
Are all ISTs independent? : True

====TEST CR(862, 130, 260)====
Is IST_0 spanning? : True
Is IST_1 spanning? : True
Is IST_2 spanning? : True
Is IST_3 spanning? : True
Is IST_4 spanning? : True
Is IST_5 spanning? : True
Are all ISTs independent? : True

====TEST CR(863, 130, 260)====
Is IST_0 spanning? : True
Is IST_1 spanning? : True
Is IST_2 spanning? : True
Is IST_3 spanning? : True
Is IST_4 spanning? : True
Is IST_5 spanning? : True
Are all ISTs independent? : True

====TEST CR(864, 130, 260)====
Is IST_0 spanning? : True
Is IST_1 spanning? : True
Is IST_2 spanning? : True
Is IST_3 spanning? : True
Is IST_4 spanning? : True
Is IST_5 spanning? : True
Are all ISTs independent? : True

====TEST CR(865, 130, 260)====
Is IST_0 spanning? : True
Is IST_1 spanning? : True
Is IST_2 spanning? : True
Is IST_3 spanning? : True
Is IST_4 spanning? : True
Is IST_5 spanning? : True
Are all ISTs independent? : True

====TEST CR(866, 130, 260)====
Is IST_0 spanning? : True
Is IST_1 spanning? : True
Is IST_2 spanning? : True
Is IST_3 spanning? : True
Is IST_4 spanning? : True
Is IST_5 spanning? : True
Are all ISTs independent? : True

====TEST CR(867, 130, 260)====
Is IST_0 spanning? : True
Is IST_1 spanning? : True
Is IST_2 spanning? : True
Is IST_3 spanning? : True
Is IST_4 spanning? : True
Is IST_5 spanning? : True
Are all ISTs independent? : True

====TEST CR(868, 130, 260)====
Is IST_0 spanning? : True
Is IST_1 spanning? : True
Is IST_2 spanning? : True
Is IST_3 spanning? : True
Is IST_4 spanning? : True
Is IST_5 spanning? : True
Are all ISTs independent? : True

====TEST CR(869, 130, 260)====
Is IST_0 spanning? : True
Is IST_1 spanning? : True
Is IST_2 spanning? : True
Is IST_3 spanning? : True
Is IST_4 spanning? : True
Is IST_5 spanning? : True
Are all ISTs independent? : True

====TEST CR(870, 130, 260)====
Is IST_0 spanning? : True
Is IST_1 spanning? : True
Is IST_2 spanning? : True
Is IST_3 spanning? : True
Is IST_4 spanning? : True
Is IST_5 spanning? : True
Are all ISTs independent? : True

====TEST CR(871, 130, 260)====
Is IST_0 spanning? : True
Is IST_1 spanning? : True
Is IST_2 spanning? : True
Is IST_3 spanning? : True
Is IST_4 spanning? : True
Is IST_5 spanning? : True
Are all ISTs independent? : True

====TEST CR(872, 130, 260)====
Is IST_0 spanning? : True
Is IST_1 spanning? : True
Is IST_2 spanning? : True
Is IST_3 spanning? : True
Is IST_4 spanning? : True
Is IST_5 spanning? : True
Are all ISTs independent? : True

====TEST CR(873, 130, 260)====
Is IST_0 spanning? : True
Is IST_1 spanning? : True
Is IST_2 spanning? : True
Is IST_3 spanning? : True
Is IST_4 spanning? : True
Is IST_5 spanning? : True
Are all ISTs independent? : True

====TEST CR(874, 130, 260)====
Is IST_0 spanning? : True
Is IST_1 spanning? : True
Is IST_2 spanning? : True
Is IST_3 spanning? : True
Is IST_4 spanning? : True
Is IST_5 spanning? : True
Are all ISTs independent? : True

====TEST CR(875, 130, 260)====
Is IST_0 spanning? : True
Is IST_1 spanning? : True
Is IST_2 spanning? : True
Is IST_3 spanning? : True
Is IST_4 spanning? : True
Is IST_5 spanning? : True
Are all ISTs independent? : True

====TEST CR(876, 130, 260)====
Is IST_0 spanning? : True
Is IST_1 spanning? : True
Is IST_2 spanning? : True
Is IST_3 spanning? : True
Is IST_4 spanning? : True
Is IST_5 spanning? : True
Are all ISTs independent? : True

====TEST CR(877, 130, 260)====
Is IST_0 spanning? : True
Is IST_1 spanning? : True
Is IST_2 spanning? : True
Is IST_3 spanning? : True
Is IST_4 spanning? : True
Is IST_5 spanning? : True
Are all ISTs independent? : True

====TEST CR(878, 130, 260)====
Is IST_0 spanning? : True
Is IST_1 spanning? : True
Is IST_2 spanning? : True
Is IST_3 spanning? : True
Is IST_4 spanning? : True
Is IST_5 spanning? : True
Are all ISTs independent? : True

====TEST CR(879, 130, 260)====
Is IST_0 spanning? : True
Is IST_1 spanning? : True
Is IST_2 spanning? : True
Is IST_3 spanning? : True
Is IST_4 spanning? : True
Is IST_5 spanning? : True
Are all ISTs independent? : True

====TEST CR(880, 130, 260)====
Is IST_0 spanning? : True
Is IST_1 spanning? : True
Is IST_2 spanning? : True
Is IST_3 spanning? : True
Is IST_4 spanning? : True
Is IST_5 spanning? : True
Are all ISTs independent? : True

====TEST CR(881, 130, 260)====
Is IST_0 spanning? : True
Is IST_1 spanning? : True
Is IST_2 spanning? : True
Is IST_3 spanning? : True
Is IST_4 spanning? : True
Is IST_5 spanning? : True
Are all ISTs independent? : True

====TEST CR(882, 130, 260)====
Is IST_0 spanning? : True
Is IST_1 spanning? : True
Is IST_2 spanning? : True
Is IST_3 spanning? : True
Is IST_4 spanning? : True
Is IST_5 spanning? : True
Are all ISTs independent? : True

====TEST CR(883, 130, 260)====
Is IST_0 spanning? : True
Is IST_1 spanning? : True
Is IST_2 spanning? : True
Is IST_3 spanning? : True
Is IST_4 spanning? : True
Is IST_5 spanning? : True
Are all ISTs independent? : True

====TEST CR(884, 130, 260)====
Is IST_0 spanning? : True
Is IST_1 spanning? : True
Is IST_2 spanning? : True
Is IST_3 spanning? : True
Is IST_4 spanning? : True
Is IST_5 spanning? : True
Are all ISTs independent? : True

====TEST CR(885, 130, 260)====
Is IST_0 spanning? : True
Is IST_1 spanning? : True
Is IST_2 spanning? : True
Is IST_3 spanning? : True
Is IST_4 spanning? : True
Is IST_5 spanning? : True
Are all ISTs independent? : True

====TEST CR(886, 130, 260)====
Is IST_0 spanning? : True
Is IST_1 spanning? : True
Is IST_2 spanning? : True
Is IST_3 spanning? : True
Is IST_4 spanning? : True
Is IST_5 spanning? : True
Are all ISTs independent? : True

====TEST CR(887, 130, 260)====
Is IST_0 spanning? : True
Is IST_1 spanning? : True
Is IST_2 spanning? : True
Is IST_3 spanning? : True
Is IST_4 spanning? : True
Is IST_5 spanning? : True
Are all ISTs independent? : True

====TEST CR(888, 130, 260)====
Is IST_0 spanning? : True
Is IST_1 spanning? : True
Is IST_2 spanning? : True
Is IST_3 spanning? : True
Is IST_4 spanning? : True
Is IST_5 spanning? : True
Are all ISTs independent? : True

====TEST CR(889, 130, 260)====
Is IST_0 spanning? : True
Is IST_1 spanning? : True
Is IST_2 spanning? : True
Is IST_3 spanning? : True
Is IST_4 spanning? : True
Is IST_5 spanning? : True
Are all ISTs independent? : True

====TEST CR(890, 130, 260)====
Is IST_0 spanning? : True
Is IST_1 spanning? : True
Is IST_2 spanning? : True
Is IST_3 spanning? : True
Is IST_4 spanning? : True
Is IST_5 spanning? : True
Are all ISTs independent? : True

====TEST CR(891, 130, 260)====
Is IST_0 spanning? : True
Is IST_1 spanning? : True
Is IST_2 spanning? : True
Is IST_3 spanning? : True
Is IST_4 spanning? : True
Is IST_5 spanning? : True
Are all ISTs independent? : True

====TEST CR(892, 130, 260)====
Is IST_0 spanning? : True
Is IST_1 spanning? : True
Is IST_2 spanning? : True
Is IST_3 spanning? : True
Is IST_4 spanning? : True
Is IST_5 spanning? : True
Are all ISTs independent? : True

====TEST CR(893, 130, 260)====
Is IST_0 spanning? : True
Is IST_1 spanning? : True
Is IST_2 spanning? : True
Is IST_3 spanning? : True
Is IST_4 spanning? : True
Is IST_5 spanning? : True
Are all ISTs independent? : True

====TEST CR(894, 130, 260)====
Is IST_0 spanning? : True
Is IST_1 spanning? : True
Is IST_2 spanning? : True
Is IST_3 spanning? : True
Is IST_4 spanning? : True
Is IST_5 spanning? : True
Are all ISTs independent? : True

====TEST CR(895, 130, 260)====
Is IST_0 spanning? : True
Is IST_1 spanning? : True
Is IST_2 spanning? : True
Is IST_3 spanning? : True
Is IST_4 spanning? : True
Is IST_5 spanning? : True
Are all ISTs independent? : True

====TEST CR(896, 130, 260)====
Is IST_0 spanning? : True
Is IST_1 spanning? : True
Is IST_2 spanning? : True
Is IST_3 spanning? : True
Is IST_4 spanning? : True
Is IST_5 spanning? : True
Are all ISTs independent? : True

====TEST CR(897, 130, 260)====
Is IST_0 spanning? : True
Is IST_1 spanning? : True
Is IST_2 spanning? : True
Is IST_3 spanning? : True
Is IST_4 spanning? : True
Is IST_5 spanning? : True
Are all ISTs independent? : True

====TEST CR(898, 130, 260)====
Is IST_0 spanning? : True
Is IST_1 spanning? : True
Is IST_2 spanning? : True
Is IST_3 spanning? : True
Is IST_4 spanning? : True
Is IST_5 spanning? : True
Are all ISTs independent? : True

====TEST CR(899, 130, 260)====
Is IST_0 spanning? : True
Is IST_1 spanning? : True
Is IST_2 spanning? : True
Is IST_3 spanning? : True
Is IST_4 spanning? : True
Is IST_5 spanning? : True
Are all ISTs independent? : True

====TEST CR(900, 130, 260)====
Is IST_0 spanning? : True
Is IST_1 spanning? : True
Is IST_2 spanning? : True
Is IST_3 spanning? : True
Is IST_4 spanning? : True
Is IST_5 spanning? : True
Are all ISTs independent? : True

====TEST CR(901, 130, 260)====
Is IST_0 spanning? : True
Is IST_1 spanning? : True
Is IST_2 spanning? : True
Is IST_3 spanning? : True
Is IST_4 spanning? : True
Is IST_5 spanning? : True
Are all ISTs independent? : True

====TEST CR(902, 130, 260)====
Is IST_0 spanning? : True
Is IST_1 spanning? : True
Is IST_2 spanning? : True
Is IST_3 spanning? : True
Is IST_4 spanning? : True
Is IST_5 spanning? : True
Are all ISTs independent? : True

====TEST CR(903, 130, 260)====
Is IST_0 spanning? : True
Is IST_1 spanning? : True
Is IST_2 spanning? : True
Is IST_3 spanning? : True
Is IST_4 spanning? : True
Is IST_5 spanning? : True
Are all ISTs independent? : True

====TEST CR(904, 130, 260)====
Is IST_0 spanning? : True
Is IST_1 spanning? : True
Is IST_2 spanning? : True
Is IST_3 spanning? : True
Is IST_4 spanning? : True
Is IST_5 spanning? : True
Are all ISTs independent? : True

====TEST CR(905, 130, 260)====
Is IST_0 spanning? : True
Is IST_1 spanning? : True
Is IST_2 spanning? : True
Is IST_3 spanning? : True
Is IST_4 spanning? : True
Is IST_5 spanning? : True
Are all ISTs independent? : True

====TEST CR(906, 130, 260)====
Is IST_0 spanning? : True
Is IST_1 spanning? : True
Is IST_2 spanning? : True
Is IST_3 spanning? : True
Is IST_4 spanning? : True
Is IST_5 spanning? : True
Are all ISTs independent? : True

====TEST CR(907, 130, 260)====
Is IST_0 spanning? : True
Is IST_1 spanning? : True
Is IST_2 spanning? : True
Is IST_3 spanning? : True
Is IST_4 spanning? : True
Is IST_5 spanning? : True
Are all ISTs independent? : True

====TEST CR(908, 130, 260)====
Is IST_0 spanning? : True
Is IST_1 spanning? : True
Is IST_2 spanning? : True
Is IST_3 spanning? : True
Is IST_4 spanning? : True
Is IST_5 spanning? : True
Are all ISTs independent? : True

====TEST CR(786, 131, 262)====
Is IST_0 spanning? : True
Is IST_1 spanning? : True
Is IST_2 spanning? : True
Is IST_3 spanning? : True
Is IST_4 spanning? : True
Is IST_5 spanning? : True
Are all ISTs independent? : True

====TEST CR(787, 131, 262)====
Is IST_0 spanning? : True
Is IST_1 spanning? : True
Is IST_2 spanning? : True
Is IST_3 spanning? : True
Is IST_4 spanning? : True
Is IST_5 spanning? : True
Are all ISTs independent? : True

====TEST CR(788, 131, 262)====
Is IST_0 spanning? : True
Is IST_1 spanning? : True
Is IST_2 spanning? : True
Is IST_3 spanning? : True
Is IST_4 spanning? : True
Is IST_5 spanning? : True
Are all ISTs independent? : True

====TEST CR(789, 131, 262)====
Is IST_0 spanning? : True
Is IST_1 spanning? : True
Is IST_2 spanning? : True
Is IST_3 spanning? : True
Is IST_4 spanning? : True
Is IST_5 spanning? : True
Are all ISTs independent? : True

====TEST CR(790, 131, 262)====
Is IST_0 spanning? : True
Is IST_1 spanning? : True
Is IST_2 spanning? : True
Is IST_3 spanning? : True
Is IST_4 spanning? : True
Is IST_5 spanning? : True
Are all ISTs independent? : True

====TEST CR(791, 131, 262)====
Is IST_0 spanning? : True
Is IST_1 spanning? : True
Is IST_2 spanning? : True
Is IST_3 spanning? : True
Is IST_4 spanning? : True
Is IST_5 spanning? : True
Are all ISTs independent? : True

====TEST CR(792, 131, 262)====
Is IST_0 spanning? : True
Is IST_1 spanning? : True
Is IST_2 spanning? : True
Is IST_3 spanning? : True
Is IST_4 spanning? : True
Is IST_5 spanning? : True
Are all ISTs independent? : True

====TEST CR(793, 131, 262)====
Is IST_0 spanning? : True
Is IST_1 spanning? : True
Is IST_2 spanning? : True
Is IST_3 spanning? : True
Is IST_4 spanning? : True
Is IST_5 spanning? : True
Are all ISTs independent? : True

====TEST CR(794, 131, 262)====
Is IST_0 spanning? : True
Is IST_1 spanning? : True
Is IST_2 spanning? : True
Is IST_3 spanning? : True
Is IST_4 spanning? : True
Is IST_5 spanning? : True
Are all ISTs independent? : True

====TEST CR(795, 131, 262)====
Is IST_0 spanning? : True
Is IST_1 spanning? : True
Is IST_2 spanning? : True
Is IST_3 spanning? : True
Is IST_4 spanning? : True
Is IST_5 spanning? : True
Are all ISTs independent? : True

====TEST CR(796, 131, 262)====
Is IST_0 spanning? : True
Is IST_1 spanning? : True
Is IST_2 spanning? : True
Is IST_3 spanning? : True
Is IST_4 spanning? : True
Is IST_5 spanning? : True
Are all ISTs independent? : True

====TEST CR(797, 131, 262)====
Is IST_0 spanning? : True
Is IST_1 spanning? : True
Is IST_2 spanning? : True
Is IST_3 spanning? : True
Is IST_4 spanning? : True
Is IST_5 spanning? : True
Are all ISTs independent? : True

====TEST CR(798, 131, 262)====
Is IST_0 spanning? : True
Is IST_1 spanning? : True
Is IST_2 spanning? : True
Is IST_3 spanning? : True
Is IST_4 spanning? : True
Is IST_5 spanning? : True
Are all ISTs independent? : True

====TEST CR(799, 131, 262)====
Is IST_0 spanning? : True
Is IST_1 spanning? : True
Is IST_2 spanning? : True
Is IST_3 spanning? : True
Is IST_4 spanning? : True
Is IST_5 spanning? : True
Are all ISTs independent? : True

====TEST CR(800, 131, 262)====
Is IST_0 spanning? : True
Is IST_1 spanning? : True
Is IST_2 spanning? : True
Is IST_3 spanning? : True
Is IST_4 spanning? : True
Is IST_5 spanning? : True
Are all ISTs independent? : True

====TEST CR(801, 131, 262)====
Is IST_0 spanning? : True
Is IST_1 spanning? : True
Is IST_2 spanning? : True
Is IST_3 spanning? : True
Is IST_4 spanning? : True
Is IST_5 spanning? : True
Are all ISTs independent? : True

====TEST CR(802, 131, 262)====
Is IST_0 spanning? : True
Is IST_1 spanning? : True
Is IST_2 spanning? : True
Is IST_3 spanning? : True
Is IST_4 spanning? : True
Is IST_5 spanning? : True
Are all ISTs independent? : True

====TEST CR(803, 131, 262)====
Is IST_0 spanning? : True
Is IST_1 spanning? : True
Is IST_2 spanning? : True
Is IST_3 spanning? : True
Is IST_4 spanning? : True
Is IST_5 spanning? : True
Are all ISTs independent? : True

====TEST CR(804, 131, 262)====
Is IST_0 spanning? : True
Is IST_1 spanning? : True
Is IST_2 spanning? : True
Is IST_3 spanning? : True
Is IST_4 spanning? : True
Is IST_5 spanning? : True
Are all ISTs independent? : True

====TEST CR(805, 131, 262)====
Is IST_0 spanning? : True
Is IST_1 spanning? : True
Is IST_2 spanning? : True
Is IST_3 spanning? : True
Is IST_4 spanning? : True
Is IST_5 spanning? : True
Are all ISTs independent? : True

====TEST CR(806, 131, 262)====
Is IST_0 spanning? : True
Is IST_1 spanning? : True
Is IST_2 spanning? : True
Is IST_3 spanning? : True
Is IST_4 spanning? : True
Is IST_5 spanning? : True
Are all ISTs independent? : True

====TEST CR(807, 131, 262)====
Is IST_0 spanning? : True
Is IST_1 spanning? : True
Is IST_2 spanning? : True
Is IST_3 spanning? : True
Is IST_4 spanning? : True
Is IST_5 spanning? : True
Are all ISTs independent? : True

====TEST CR(808, 131, 262)====
Is IST_0 spanning? : True
Is IST_1 spanning? : True
Is IST_2 spanning? : True
Is IST_3 spanning? : True
Is IST_4 spanning? : True
Is IST_5 spanning? : True
Are all ISTs independent? : True

====TEST CR(809, 131, 262)====
Is IST_0 spanning? : True
Is IST_1 spanning? : True
Is IST_2 spanning? : True
Is IST_3 spanning? : True
Is IST_4 spanning? : True
Is IST_5 spanning? : True
Are all ISTs independent? : True

====TEST CR(810, 131, 262)====
Is IST_0 spanning? : True
Is IST_1 spanning? : True
Is IST_2 spanning? : True
Is IST_3 spanning? : True
Is IST_4 spanning? : True
Is IST_5 spanning? : True
Are all ISTs independent? : True

====TEST CR(811, 131, 262)====
Is IST_0 spanning? : True
Is IST_1 spanning? : True
Is IST_2 spanning? : True
Is IST_3 spanning? : True
Is IST_4 spanning? : True
Is IST_5 spanning? : True
Are all ISTs independent? : True

====TEST CR(812, 131, 262)====
Is IST_0 spanning? : True
Is IST_1 spanning? : True
Is IST_2 spanning? : True
Is IST_3 spanning? : True
Is IST_4 spanning? : True
Is IST_5 spanning? : True
Are all ISTs independent? : True

====TEST CR(813, 131, 262)====
Is IST_0 spanning? : True
Is IST_1 spanning? : True
Is IST_2 spanning? : True
Is IST_3 spanning? : True
Is IST_4 spanning? : True
Is IST_5 spanning? : True
Are all ISTs independent? : True

====TEST CR(814, 131, 262)====
Is IST_0 spanning? : True
Is IST_1 spanning? : True
Is IST_2 spanning? : True
Is IST_3 spanning? : True
Is IST_4 spanning? : True
Is IST_5 spanning? : True
Are all ISTs independent? : True

====TEST CR(815, 131, 262)====
Is IST_0 spanning? : True
Is IST_1 spanning? : True
Is IST_2 spanning? : True
Is IST_3 spanning? : True
Is IST_4 spanning? : True
Is IST_5 spanning? : True
Are all ISTs independent? : True

====TEST CR(816, 131, 262)====
Is IST_0 spanning? : True
Is IST_1 spanning? : True
Is IST_2 spanning? : True
Is IST_3 spanning? : True
Is IST_4 spanning? : True
Is IST_5 spanning? : True
Are all ISTs independent? : True

====TEST CR(817, 131, 262)====
Is IST_0 spanning? : True
Is IST_1 spanning? : True
Is IST_2 spanning? : True
Is IST_3 spanning? : True
Is IST_4 spanning? : True
Is IST_5 spanning? : True
Are all ISTs independent? : True

====TEST CR(818, 131, 262)====
Is IST_0 spanning? : True
Is IST_1 spanning? : True
Is IST_2 spanning? : True
Is IST_3 spanning? : True
Is IST_4 spanning? : True
Is IST_5 spanning? : True
Are all ISTs independent? : True

====TEST CR(819, 131, 262)====
Is IST_0 spanning? : True
Is IST_1 spanning? : True
Is IST_2 spanning? : True
Is IST_3 spanning? : True
Is IST_4 spanning? : True
Is IST_5 spanning? : True
Are all ISTs independent? : True

====TEST CR(820, 131, 262)====
Is IST_0 spanning? : True
Is IST_1 spanning? : True
Is IST_2 spanning? : True
Is IST_3 spanning? : True
Is IST_4 spanning? : True
Is IST_5 spanning? : True
Are all ISTs independent? : True

====TEST CR(821, 131, 262)====
Is IST_0 spanning? : True
Is IST_1 spanning? : True
Is IST_2 spanning? : True
Is IST_3 spanning? : True
Is IST_4 spanning? : True
Is IST_5 spanning? : True
Are all ISTs independent? : True

====TEST CR(822, 131, 262)====
Is IST_0 spanning? : True
Is IST_1 spanning? : True
Is IST_2 spanning? : True
Is IST_3 spanning? : True
Is IST_4 spanning? : True
Is IST_5 spanning? : True
Are all ISTs independent? : True

====TEST CR(823, 131, 262)====
Is IST_0 spanning? : True
Is IST_1 spanning? : True
Is IST_2 spanning? : True
Is IST_3 spanning? : True
Is IST_4 spanning? : True
Is IST_5 spanning? : True
Are all ISTs independent? : True

====TEST CR(824, 131, 262)====
Is IST_0 spanning? : True
Is IST_1 spanning? : True
Is IST_2 spanning? : True
Is IST_3 spanning? : True
Is IST_4 spanning? : True
Is IST_5 spanning? : True
Are all ISTs independent? : True

====TEST CR(825, 131, 262)====
Is IST_0 spanning? : True
Is IST_1 spanning? : True
Is IST_2 spanning? : True
Is IST_3 spanning? : True
Is IST_4 spanning? : True
Is IST_5 spanning? : True
Are all ISTs independent? : True

====TEST CR(826, 131, 262)====
Is IST_0 spanning? : True
Is IST_1 spanning? : True
Is IST_2 spanning? : True
Is IST_3 spanning? : True
Is IST_4 spanning? : True
Is IST_5 spanning? : True
Are all ISTs independent? : True

====TEST CR(827, 131, 262)====
Is IST_0 spanning? : True
Is IST_1 spanning? : True
Is IST_2 spanning? : True
Is IST_3 spanning? : True
Is IST_4 spanning? : True
Is IST_5 spanning? : True
Are all ISTs independent? : True

====TEST CR(828, 131, 262)====
Is IST_0 spanning? : True
Is IST_1 spanning? : True
Is IST_2 spanning? : True
Is IST_3 spanning? : True
Is IST_4 spanning? : True
Is IST_5 spanning? : True
Are all ISTs independent? : True

====TEST CR(829, 131, 262)====
Is IST_0 spanning? : True
Is IST_1 spanning? : True
Is IST_2 spanning? : True
Is IST_3 spanning? : True
Is IST_4 spanning? : True
Is IST_5 spanning? : True
Are all ISTs independent? : True

====TEST CR(830, 131, 262)====
Is IST_0 spanning? : True
Is IST_1 spanning? : True
Is IST_2 spanning? : True
Is IST_3 spanning? : True
Is IST_4 spanning? : True
Is IST_5 spanning? : True
Are all ISTs independent? : True

====TEST CR(831, 131, 262)====
Is IST_0 spanning? : True
Is IST_1 spanning? : True
Is IST_2 spanning? : True
Is IST_3 spanning? : True
Is IST_4 spanning? : True
Is IST_5 spanning? : True
Are all ISTs independent? : True

====TEST CR(832, 131, 262)====
Is IST_0 spanning? : True
Is IST_1 spanning? : True
Is IST_2 spanning? : True
Is IST_3 spanning? : True
Is IST_4 spanning? : True
Is IST_5 spanning? : True
Are all ISTs independent? : True

====TEST CR(833, 131, 262)====
Is IST_0 spanning? : True
Is IST_1 spanning? : True
Is IST_2 spanning? : True
Is IST_3 spanning? : True
Is IST_4 spanning? : True
Is IST_5 spanning? : True
Are all ISTs independent? : True

====TEST CR(834, 131, 262)====
Is IST_0 spanning? : True
Is IST_1 spanning? : True
Is IST_2 spanning? : True
Is IST_3 spanning? : True
Is IST_4 spanning? : True
Is IST_5 spanning? : True
Are all ISTs independent? : True

====TEST CR(835, 131, 262)====
Is IST_0 spanning? : True
Is IST_1 spanning? : True
Is IST_2 spanning? : True
Is IST_3 spanning? : True
Is IST_4 spanning? : True
Is IST_5 spanning? : True
Are all ISTs independent? : True

====TEST CR(836, 131, 262)====
Is IST_0 spanning? : True
Is IST_1 spanning? : True
Is IST_2 spanning? : True
Is IST_3 spanning? : True
Is IST_4 spanning? : True
Is IST_5 spanning? : True
Are all ISTs independent? : True

====TEST CR(837, 131, 262)====
Is IST_0 spanning? : True
Is IST_1 spanning? : True
Is IST_2 spanning? : True
Is IST_3 spanning? : True
Is IST_4 spanning? : True
Is IST_5 spanning? : True
Are all ISTs independent? : True

====TEST CR(838, 131, 262)====
Is IST_0 spanning? : True
Is IST_1 spanning? : True
Is IST_2 spanning? : True
Is IST_3 spanning? : True
Is IST_4 spanning? : True
Is IST_5 spanning? : True
Are all ISTs independent? : True

====TEST CR(839, 131, 262)====
Is IST_0 spanning? : True
Is IST_1 spanning? : True
Is IST_2 spanning? : True
Is IST_3 spanning? : True
Is IST_4 spanning? : True
Is IST_5 spanning? : True
Are all ISTs independent? : True

====TEST CR(840, 131, 262)====
Is IST_0 spanning? : True
Is IST_1 spanning? : True
Is IST_2 spanning? : True
Is IST_3 spanning? : True
Is IST_4 spanning? : True
Is IST_5 spanning? : True
Are all ISTs independent? : True

====TEST CR(841, 131, 262)====
Is IST_0 spanning? : True
Is IST_1 spanning? : True
Is IST_2 spanning? : True
Is IST_3 spanning? : True
Is IST_4 spanning? : True
Is IST_5 spanning? : True
Are all ISTs independent? : True

====TEST CR(842, 131, 262)====
Is IST_0 spanning? : True
Is IST_1 spanning? : True
Is IST_2 spanning? : True
Is IST_3 spanning? : True
Is IST_4 spanning? : True
Is IST_5 spanning? : True
Are all ISTs independent? : True

====TEST CR(843, 131, 262)====
Is IST_0 spanning? : True
Is IST_1 spanning? : True
Is IST_2 spanning? : True
Is IST_3 spanning? : True
Is IST_4 spanning? : True
Is IST_5 spanning? : True
Are all ISTs independent? : True

====TEST CR(844, 131, 262)====
Is IST_0 spanning? : True
Is IST_1 spanning? : True
Is IST_2 spanning? : True
Is IST_3 spanning? : True
Is IST_4 spanning? : True
Is IST_5 spanning? : True
Are all ISTs independent? : True

====TEST CR(845, 131, 262)====
Is IST_0 spanning? : True
Is IST_1 spanning? : True
Is IST_2 spanning? : True
Is IST_3 spanning? : True
Is IST_4 spanning? : True
Is IST_5 spanning? : True
Are all ISTs independent? : True

====TEST CR(846, 131, 262)====
Is IST_0 spanning? : True
Is IST_1 spanning? : True
Is IST_2 spanning? : True
Is IST_3 spanning? : True
Is IST_4 spanning? : True
Is IST_5 spanning? : True
Are all ISTs independent? : True

====TEST CR(847, 131, 262)====
Is IST_0 spanning? : True
Is IST_1 spanning? : True
Is IST_2 spanning? : True
Is IST_3 spanning? : True
Is IST_4 spanning? : True
Is IST_5 spanning? : True
Are all ISTs independent? : True

====TEST CR(848, 131, 262)====
Is IST_0 spanning? : True
Is IST_1 spanning? : True
Is IST_2 spanning? : True
Is IST_3 spanning? : True
Is IST_4 spanning? : True
Is IST_5 spanning? : True
Are all ISTs independent? : True

====TEST CR(849, 131, 262)====
Is IST_0 spanning? : True
Is IST_1 spanning? : True
Is IST_2 spanning? : True
Is IST_3 spanning? : True
Is IST_4 spanning? : True
Is IST_5 spanning? : True
Are all ISTs independent? : True

====TEST CR(850, 131, 262)====
Is IST_0 spanning? : True
Is IST_1 spanning? : True
Is IST_2 spanning? : True
Is IST_3 spanning? : True
Is IST_4 spanning? : True
Is IST_5 spanning? : True
Are all ISTs independent? : True

====TEST CR(851, 131, 262)====
Is IST_0 spanning? : True
Is IST_1 spanning? : True
Is IST_2 spanning? : True
Is IST_3 spanning? : True
Is IST_4 spanning? : True
Is IST_5 spanning? : True
Are all ISTs independent? : True

====TEST CR(852, 131, 262)====
Is IST_0 spanning? : True
Is IST_1 spanning? : True
Is IST_2 spanning? : True
Is IST_3 spanning? : True
Is IST_4 spanning? : True
Is IST_5 spanning? : True
Are all ISTs independent? : True

====TEST CR(853, 131, 262)====
Is IST_0 spanning? : True
Is IST_1 spanning? : True
Is IST_2 spanning? : True
Is IST_3 spanning? : True
Is IST_4 spanning? : True
Is IST_5 spanning? : True
Are all ISTs independent? : True

====TEST CR(854, 131, 262)====
Is IST_0 spanning? : True
Is IST_1 spanning? : True
Is IST_2 spanning? : True
Is IST_3 spanning? : True
Is IST_4 spanning? : True
Is IST_5 spanning? : True
Are all ISTs independent? : True

====TEST CR(855, 131, 262)====
Is IST_0 spanning? : True
Is IST_1 spanning? : True
Is IST_2 spanning? : True
Is IST_3 spanning? : True
Is IST_4 spanning? : True
Is IST_5 spanning? : True
Are all ISTs independent? : True

====TEST CR(856, 131, 262)====
Is IST_0 spanning? : True
Is IST_1 spanning? : True
Is IST_2 spanning? : True
Is IST_3 spanning? : True
Is IST_4 spanning? : True
Is IST_5 spanning? : True
Are all ISTs independent? : True

====TEST CR(857, 131, 262)====
Is IST_0 spanning? : True
Is IST_1 spanning? : True
Is IST_2 spanning? : True
Is IST_3 spanning? : True
Is IST_4 spanning? : True
Is IST_5 spanning? : True
Are all ISTs independent? : True

====TEST CR(858, 131, 262)====
Is IST_0 spanning? : True
Is IST_1 spanning? : True
Is IST_2 spanning? : True
Is IST_3 spanning? : True
Is IST_4 spanning? : True
Is IST_5 spanning? : True
Are all ISTs independent? : True

====TEST CR(859, 131, 262)====
Is IST_0 spanning? : True
Is IST_1 spanning? : True
Is IST_2 spanning? : True
Is IST_3 spanning? : True
Is IST_4 spanning? : True
Is IST_5 spanning? : True
Are all ISTs independent? : True

====TEST CR(860, 131, 262)====
Is IST_0 spanning? : True
Is IST_1 spanning? : True
Is IST_2 spanning? : True
Is IST_3 spanning? : True
Is IST_4 spanning? : True
Is IST_5 spanning? : True
Are all ISTs independent? : True

====TEST CR(861, 131, 262)====
Is IST_0 spanning? : True
Is IST_1 spanning? : True
Is IST_2 spanning? : True
Is IST_3 spanning? : True
Is IST_4 spanning? : True
Is IST_5 spanning? : True
Are all ISTs independent? : True

====TEST CR(862, 131, 262)====
Is IST_0 spanning? : True
Is IST_1 spanning? : True
Is IST_2 spanning? : True
Is IST_3 spanning? : True
Is IST_4 spanning? : True
Is IST_5 spanning? : True
Are all ISTs independent? : True

====TEST CR(863, 131, 262)====
Is IST_0 spanning? : True
Is IST_1 spanning? : True
Is IST_2 spanning? : True
Is IST_3 spanning? : True
Is IST_4 spanning? : True
Is IST_5 spanning? : True
Are all ISTs independent? : True

====TEST CR(864, 131, 262)====
Is IST_0 spanning? : True
Is IST_1 spanning? : True
Is IST_2 spanning? : True
Is IST_3 spanning? : True
Is IST_4 spanning? : True
Is IST_5 spanning? : True
Are all ISTs independent? : True

====TEST CR(865, 131, 262)====
Is IST_0 spanning? : True
Is IST_1 spanning? : True
Is IST_2 spanning? : True
Is IST_3 spanning? : True
Is IST_4 spanning? : True
Is IST_5 spanning? : True
Are all ISTs independent? : True

====TEST CR(866, 131, 262)====
Is IST_0 spanning? : True
Is IST_1 spanning? : True
Is IST_2 spanning? : True
Is IST_3 spanning? : True
Is IST_4 spanning? : True
Is IST_5 spanning? : True
Are all ISTs independent? : True

====TEST CR(867, 131, 262)====
Is IST_0 spanning? : True
Is IST_1 spanning? : True
Is IST_2 spanning? : True
Is IST_3 spanning? : True
Is IST_4 spanning? : True
Is IST_5 spanning? : True
Are all ISTs independent? : True

====TEST CR(868, 131, 262)====
Is IST_0 spanning? : True
Is IST_1 spanning? : True
Is IST_2 spanning? : True
Is IST_3 spanning? : True
Is IST_4 spanning? : True
Is IST_5 spanning? : True
Are all ISTs independent? : True

====TEST CR(869, 131, 262)====
Is IST_0 spanning? : True
Is IST_1 spanning? : True
Is IST_2 spanning? : True
Is IST_3 spanning? : True
Is IST_4 spanning? : True
Is IST_5 spanning? : True
Are all ISTs independent? : True

====TEST CR(870, 131, 262)====
Is IST_0 spanning? : True
Is IST_1 spanning? : True
Is IST_2 spanning? : True
Is IST_3 spanning? : True
Is IST_4 spanning? : True
Is IST_5 spanning? : True
Are all ISTs independent? : True

====TEST CR(871, 131, 262)====
Is IST_0 spanning? : True
Is IST_1 spanning? : True
Is IST_2 spanning? : True
Is IST_3 spanning? : True
Is IST_4 spanning? : True
Is IST_5 spanning? : True
Are all ISTs independent? : True

====TEST CR(872, 131, 262)====
Is IST_0 spanning? : True
Is IST_1 spanning? : True
Is IST_2 spanning? : True
Is IST_3 spanning? : True
Is IST_4 spanning? : True
Is IST_5 spanning? : True
Are all ISTs independent? : True

====TEST CR(873, 131, 262)====
Is IST_0 spanning? : True
Is IST_1 spanning? : True
Is IST_2 spanning? : True
Is IST_3 spanning? : True
Is IST_4 spanning? : True
Is IST_5 spanning? : True
Are all ISTs independent? : True

====TEST CR(874, 131, 262)====
Is IST_0 spanning? : True
Is IST_1 spanning? : True
Is IST_2 spanning? : True
Is IST_3 spanning? : True
Is IST_4 spanning? : True
Is IST_5 spanning? : True
Are all ISTs independent? : True

====TEST CR(875, 131, 262)====
Is IST_0 spanning? : True
Is IST_1 spanning? : True
Is IST_2 spanning? : True
Is IST_3 spanning? : True
Is IST_4 spanning? : True
Is IST_5 spanning? : True
Are all ISTs independent? : True

====TEST CR(876, 131, 262)====
Is IST_0 spanning? : True
Is IST_1 spanning? : True
Is IST_2 spanning? : True
Is IST_3 spanning? : True
Is IST_4 spanning? : True
Is IST_5 spanning? : True
Are all ISTs independent? : True

====TEST CR(877, 131, 262)====
Is IST_0 spanning? : True
Is IST_1 spanning? : True
Is IST_2 spanning? : True
Is IST_3 spanning? : True
Is IST_4 spanning? : True
Is IST_5 spanning? : True
Are all ISTs independent? : True

====TEST CR(878, 131, 262)====
Is IST_0 spanning? : True
Is IST_1 spanning? : True
Is IST_2 spanning? : True
Is IST_3 spanning? : True
Is IST_4 spanning? : True
Is IST_5 spanning? : True
Are all ISTs independent? : True

====TEST CR(879, 131, 262)====
Is IST_0 spanning? : True
Is IST_1 spanning? : True
Is IST_2 spanning? : True
Is IST_3 spanning? : True
Is IST_4 spanning? : True
Is IST_5 spanning? : True
Are all ISTs independent? : True

====TEST CR(880, 131, 262)====
Is IST_0 spanning? : True
Is IST_1 spanning? : True
Is IST_2 spanning? : True
Is IST_3 spanning? : True
Is IST_4 spanning? : True
Is IST_5 spanning? : True
Are all ISTs independent? : True

====TEST CR(881, 131, 262)====
Is IST_0 spanning? : True
Is IST_1 spanning? : True
Is IST_2 spanning? : True
Is IST_3 spanning? : True
Is IST_4 spanning? : True
Is IST_5 spanning? : True
Are all ISTs independent? : True

====TEST CR(882, 131, 262)====
Is IST_0 spanning? : True
Is IST_1 spanning? : True
Is IST_2 spanning? : True
Is IST_3 spanning? : True
Is IST_4 spanning? : True
Is IST_5 spanning? : True
Are all ISTs independent? : True

====TEST CR(883, 131, 262)====
Is IST_0 spanning? : True
Is IST_1 spanning? : True
Is IST_2 spanning? : True
Is IST_3 spanning? : True
Is IST_4 spanning? : True
Is IST_5 spanning? : True
Are all ISTs independent? : True

====TEST CR(884, 131, 262)====
Is IST_0 spanning? : True
Is IST_1 spanning? : True
Is IST_2 spanning? : True
Is IST_3 spanning? : True
Is IST_4 spanning? : True
Is IST_5 spanning? : True
Are all ISTs independent? : True

====TEST CR(885, 131, 262)====
Is IST_0 spanning? : True
Is IST_1 spanning? : True
Is IST_2 spanning? : True
Is IST_3 spanning? : True
Is IST_4 spanning? : True
Is IST_5 spanning? : True
Are all ISTs independent? : True

====TEST CR(886, 131, 262)====
Is IST_0 spanning? : True
Is IST_1 spanning? : True
Is IST_2 spanning? : True
Is IST_3 spanning? : True
Is IST_4 spanning? : True
Is IST_5 spanning? : True
Are all ISTs independent? : True

====TEST CR(887, 131, 262)====
Is IST_0 spanning? : True
Is IST_1 spanning? : True
Is IST_2 spanning? : True
Is IST_3 spanning? : True
Is IST_4 spanning? : True
Is IST_5 spanning? : True
Are all ISTs independent? : True

====TEST CR(888, 131, 262)====
Is IST_0 spanning? : True
Is IST_1 spanning? : True
Is IST_2 spanning? : True
Is IST_3 spanning? : True
Is IST_4 spanning? : True
Is IST_5 spanning? : True
Are all ISTs independent? : True

====TEST CR(889, 131, 262)====
Is IST_0 spanning? : True
Is IST_1 spanning? : True
Is IST_2 spanning? : True
Is IST_3 spanning? : True
Is IST_4 spanning? : True
Is IST_5 spanning? : True
Are all ISTs independent? : True

====TEST CR(890, 131, 262)====
Is IST_0 spanning? : True
Is IST_1 spanning? : True
Is IST_2 spanning? : True
Is IST_3 spanning? : True
Is IST_4 spanning? : True
Is IST_5 spanning? : True
Are all ISTs independent? : True

====TEST CR(891, 131, 262)====
Is IST_0 spanning? : True
Is IST_1 spanning? : True
Is IST_2 spanning? : True
Is IST_3 spanning? : True
Is IST_4 spanning? : True
Is IST_5 spanning? : True
Are all ISTs independent? : True

====TEST CR(892, 131, 262)====
Is IST_0 spanning? : True
Is IST_1 spanning? : True
Is IST_2 spanning? : True
Is IST_3 spanning? : True
Is IST_4 spanning? : True
Is IST_5 spanning? : True
Are all ISTs independent? : True

====TEST CR(893, 131, 262)====
Is IST_0 spanning? : True
Is IST_1 spanning? : True
Is IST_2 spanning? : True
Is IST_3 spanning? : True
Is IST_4 spanning? : True
Is IST_5 spanning? : True
Are all ISTs independent? : True

====TEST CR(894, 131, 262)====
Is IST_0 spanning? : True
Is IST_1 spanning? : True
Is IST_2 spanning? : True
Is IST_3 spanning? : True
Is IST_4 spanning? : True
Is IST_5 spanning? : True
Are all ISTs independent? : True

====TEST CR(895, 131, 262)====
Is IST_0 spanning? : True
Is IST_1 spanning? : True
Is IST_2 spanning? : True
Is IST_3 spanning? : True
Is IST_4 spanning? : True
Is IST_5 spanning? : True
Are all ISTs independent? : True

====TEST CR(896, 131, 262)====
Is IST_0 spanning? : True
Is IST_1 spanning? : True
Is IST_2 spanning? : True
Is IST_3 spanning? : True
Is IST_4 spanning? : True
Is IST_5 spanning? : True
Are all ISTs independent? : True

====TEST CR(897, 131, 262)====
Is IST_0 spanning? : True
Is IST_1 spanning? : True
Is IST_2 spanning? : True
Is IST_3 spanning? : True
Is IST_4 spanning? : True
Is IST_5 spanning? : True
Are all ISTs independent? : True

====TEST CR(898, 131, 262)====
Is IST_0 spanning? : True
Is IST_1 spanning? : True
Is IST_2 spanning? : True
Is IST_3 spanning? : True
Is IST_4 spanning? : True
Is IST_5 spanning? : True
Are all ISTs independent? : True

====TEST CR(899, 131, 262)====
Is IST_0 spanning? : True
Is IST_1 spanning? : True
Is IST_2 spanning? : True
Is IST_3 spanning? : True
Is IST_4 spanning? : True
Is IST_5 spanning? : True
Are all ISTs independent? : True

====TEST CR(900, 131, 262)====
Is IST_0 spanning? : True
Is IST_1 spanning? : True
Is IST_2 spanning? : True
Is IST_3 spanning? : True
Is IST_4 spanning? : True
Is IST_5 spanning? : True
Are all ISTs independent? : True

====TEST CR(901, 131, 262)====
Is IST_0 spanning? : True
Is IST_1 spanning? : True
Is IST_2 spanning? : True
Is IST_3 spanning? : True
Is IST_4 spanning? : True
Is IST_5 spanning? : True
Are all ISTs independent? : True

====TEST CR(902, 131, 262)====
Is IST_0 spanning? : True
Is IST_1 spanning? : True
Is IST_2 spanning? : True
Is IST_3 spanning? : True
Is IST_4 spanning? : True
Is IST_5 spanning? : True
Are all ISTs independent? : True

====TEST CR(903, 131, 262)====
Is IST_0 spanning? : True
Is IST_1 spanning? : True
Is IST_2 spanning? : True
Is IST_3 spanning? : True
Is IST_4 spanning? : True
Is IST_5 spanning? : True
Are all ISTs independent? : True

====TEST CR(904, 131, 262)====
Is IST_0 spanning? : True
Is IST_1 spanning? : True
Is IST_2 spanning? : True
Is IST_3 spanning? : True
Is IST_4 spanning? : True
Is IST_5 spanning? : True
Are all ISTs independent? : True

====TEST CR(905, 131, 262)====
Is IST_0 spanning? : True
Is IST_1 spanning? : True
Is IST_2 spanning? : True
Is IST_3 spanning? : True
Is IST_4 spanning? : True
Is IST_5 spanning? : True
Are all ISTs independent? : True

====TEST CR(906, 131, 262)====
Is IST_0 spanning? : True
Is IST_1 spanning? : True
Is IST_2 spanning? : True
Is IST_3 spanning? : True
Is IST_4 spanning? : True
Is IST_5 spanning? : True
Are all ISTs independent? : True

====TEST CR(907, 131, 262)====
Is IST_0 spanning? : True
Is IST_1 spanning? : True
Is IST_2 spanning? : True
Is IST_3 spanning? : True
Is IST_4 spanning? : True
Is IST_5 spanning? : True
Are all ISTs independent? : True

====TEST CR(908, 131, 262)====
Is IST_0 spanning? : True
Is IST_1 spanning? : True
Is IST_2 spanning? : True
Is IST_3 spanning? : True
Is IST_4 spanning? : True
Is IST_5 spanning? : True
Are all ISTs independent? : True

====TEST CR(909, 131, 262)====
Is IST_0 spanning? : True
Is IST_1 spanning? : True
Is IST_2 spanning? : True
Is IST_3 spanning? : True
Is IST_4 spanning? : True
Is IST_5 spanning? : True
Are all ISTs independent? : True

====TEST CR(910, 131, 262)====
Is IST_0 spanning? : True
Is IST_1 spanning? : True
Is IST_2 spanning? : True
Is IST_3 spanning? : True
Is IST_4 spanning? : True
Is IST_5 spanning? : True
Are all ISTs independent? : True

====TEST CR(911, 131, 262)====
Is IST_0 spanning? : True
Is IST_1 spanning? : True
Is IST_2 spanning? : True
Is IST_3 spanning? : True
Is IST_4 spanning? : True
Is IST_5 spanning? : True
Are all ISTs independent? : True

====TEST CR(912, 131, 262)====
Is IST_0 spanning? : True
Is IST_1 spanning? : True
Is IST_2 spanning? : True
Is IST_3 spanning? : True
Is IST_4 spanning? : True
Is IST_5 spanning? : True
Are all ISTs independent? : True

====TEST CR(913, 131, 262)====
Is IST_0 spanning? : True
Is IST_1 spanning? : True
Is IST_2 spanning? : True
Is IST_3 spanning? : True
Is IST_4 spanning? : True
Is IST_5 spanning? : True
Are all ISTs independent? : True

====TEST CR(914, 131, 262)====
Is IST_0 spanning? : True
Is IST_1 spanning? : True
Is IST_2 spanning? : True
Is IST_3 spanning? : True
Is IST_4 spanning? : True
Is IST_5 spanning? : True
Are all ISTs independent? : True

